Archive member included because of file (symbol)

D:/SiliconLabs/SimplicityStudio/v4_2/developer/sdks/gecko_sdk_suite/v1.1//protocol/bluetooth_2.4/lib/EFR32BG1B/GCC/bgapi.a(gecko_bgapi_hardware.c.obj)
                              ./main.o (gecko_bgapi_class_hardware_init)
D:/SiliconLabs/SimplicityStudio/v4_2/developer/sdks/gecko_sdk_suite/v1.1//protocol/bluetooth_2.4/lib/EFR32BG1B/GCC/bgapi.a(gecko_bgapi_test.c.obj)
                              ./main.o (gecko_bgapi_class_test_init)
D:/SiliconLabs/SimplicityStudio/v4_2/developer/sdks/gecko_sdk_suite/v1.1//protocol/bluetooth_2.4/lib/EFR32BG1B/GCC/bgapi.a(gecko_bgapi_dfu.c.obj)
                              ./main.o (gecko_bgapi_class_dfu_init)
D:/SiliconLabs/SimplicityStudio/v4_2/developer/sdks/gecko_sdk_suite/v1.1//protocol/bluetooth_2.4/lib/EFR32BG1B/GCC/bgapi.a(gecko_bgapi_gap.c.obj)
                              ./main.o (gecko_bgapi_class_le_gap_init)
D:/SiliconLabs/SimplicityStudio/v4_2/developer/sdks/gecko_sdk_suite/v1.1//protocol/bluetooth_2.4/lib/EFR32BG1B/GCC/bgapi.a(gecko_bgapi_gatt.c.obj)
                              ./main.o (gecko_bgapi_class_gatt_init)
D:/SiliconLabs/SimplicityStudio/v4_2/developer/sdks/gecko_sdk_suite/v1.1//protocol/bluetooth_2.4/lib/EFR32BG1B/GCC/bgapi.a(gecko_bgapi_gatt_server.c.obj)
                              ./main.o (gecko_bgapi_class_gatt_server_init)
D:/SiliconLabs/SimplicityStudio/v4_2/developer/sdks/gecko_sdk_suite/v1.1//protocol/bluetooth_2.4/lib/EFR32BG1B/GCC/bgapi.a(gecko_bgapi_flash.c.obj)
                              ./main.o (gecko_bgapi_class_flash_init)
D:/SiliconLabs/SimplicityStudio/v4_2/developer/sdks/gecko_sdk_suite/v1.1//protocol/bluetooth_2.4/lib/EFR32BG1B/GCC/bgapi.a(gecko_bgapi_sm.c.obj)
                              ./main.o (gecko_bgapi_class_sm_init)
D:/SiliconLabs/SimplicityStudio/v4_2/developer/sdks/gecko_sdk_suite/v1.1//protocol/bluetooth_2.4/lib/EFR32BG1B/GCC/bgapi.a(gecko_bgapi_system.c.obj)
                              ./main.o (gecko_bgapi_class_system_init)
D:/SiliconLabs/SimplicityStudio/v4_2/developer/sdks/gecko_sdk_suite/v1.1//protocol/bluetooth_2.4/lib/EFR32BG1B/GCC/bgapi.a(gecko_bgapi_endpoint.c.obj)
                              ./main.o (gecko_bgapi_class_endpoint_init)
D:/SiliconLabs/SimplicityStudio/v4_2/developer/sdks/gecko_sdk_suite/v1.1//protocol/bluetooth_2.4/lib/EFR32BG1B/GCC/bgapi.a(gecko_bgapi_le_connection.c.obj)
                              ./main.o (gecko_bgapi_class_le_connection_init)
D:/SiliconLabs/SimplicityStudio/v4_2/developer/sdks/gecko_sdk_suite/v1.1//protocol/bluetooth_2.4/lib/EFR32BG1B/GCC/bgapi.a(bgapi_hardware.c.obj)
                              D:/SiliconLabs/SimplicityStudio/v4_2/developer/sdks/gecko_sdk_suite/v1.1//protocol/bluetooth_2.4/lib/EFR32BG1B/GCC/bgapi.a(gecko_bgapi_hardware.c.obj) (lib_hardware_handler_init)
D:/SiliconLabs/SimplicityStudio/v4_2/developer/sdks/gecko_sdk_suite/v1.1//protocol/bluetooth_2.4/lib/EFR32BG1B/GCC/bgapi.a(bgapi_test_lib.c.obj)
                              D:/SiliconLabs/SimplicityStudio/v4_2/developer/sdks/gecko_sdk_suite/v1.1//protocol/bluetooth_2.4/lib/EFR32BG1B/GCC/bgapi.a(gecko_bgapi_test.c.obj) (lib_test_handler_init)
D:/SiliconLabs/SimplicityStudio/v4_2/developer/sdks/gecko_sdk_suite/v1.1//protocol/bluetooth_2.4/lib/EFR32BG1B/GCC/bgapi.a(bgapi_dfu.c.obj)
                              D:/SiliconLabs/SimplicityStudio/v4_2/developer/sdks/gecko_sdk_suite/v1.1//protocol/bluetooth_2.4/lib/EFR32BG1B/GCC/bgapi.a(gecko_bgapi_dfu.c.obj) (lib_dfu_handler_init)
D:/SiliconLabs/SimplicityStudio/v4_2/developer/sdks/gecko_sdk_suite/v1.1//protocol/bluetooth_2.4/lib/EFR32BG1B/GCC/bgapi.a(bgapi_gap.c.obj)
                              D:/SiliconLabs/SimplicityStudio/v4_2/developer/sdks/gecko_sdk_suite/v1.1//protocol/bluetooth_2.4/lib/EFR32BG1B/GCC/bgapi.a(gecko_bgapi_gap.c.obj) (lib_le_gap_handler_init)
D:/SiliconLabs/SimplicityStudio/v4_2/developer/sdks/gecko_sdk_suite/v1.1//protocol/bluetooth_2.4/lib/EFR32BG1B/GCC/bgapi.a(bgapi_gatt_lib.c.obj)
                              D:/SiliconLabs/SimplicityStudio/v4_2/developer/sdks/gecko_sdk_suite/v1.1//protocol/bluetooth_2.4/lib/EFR32BG1B/GCC/bgapi.a(gecko_bgapi_gatt.c.obj) (lib_gatt_handler_init)
D:/SiliconLabs/SimplicityStudio/v4_2/developer/sdks/gecko_sdk_suite/v1.1//protocol/bluetooth_2.4/lib/EFR32BG1B/GCC/bgapi.a(bgapi_ps.c.obj)
                              D:/SiliconLabs/SimplicityStudio/v4_2/developer/sdks/gecko_sdk_suite/v1.1//protocol/bluetooth_2.4/lib/EFR32BG1B/GCC/bgapi.a(gecko_bgapi_flash.c.obj) (lib_flash_handler_init)
D:/SiliconLabs/SimplicityStudio/v4_2/developer/sdks/gecko_sdk_suite/v1.1//protocol/bluetooth_2.4/lib/EFR32BG1B/GCC/bgapi.a(bgapi_sm.c.obj)
                              D:/SiliconLabs/SimplicityStudio/v4_2/developer/sdks/gecko_sdk_suite/v1.1//protocol/bluetooth_2.4/lib/EFR32BG1B/GCC/bgapi.a(gecko_bgapi_sm.c.obj) (lib_sm_handler_init)
[...]
Memory Configuration

Name             Origin             Length             Attributes
FLASH_BOOTLOADER 0x00000000         0x00004000         xr
FLASH            0x00004000         0x0003b000         xr
RAM              0x20003000         0x00004bfc         xrw
*default*        0x00000000         0xffffffff

Linker script and memory map

LOAD d:/siliconlabs/simplicitystudio/v4_2/developer/toolchains/gnu_arm/4.9_2015q3/bin/../lib/gcc/arm-none-eabi/4.9.3/armv7e-m/fpu/crti.o
LOAD d:/siliconlabs/simplicitystudio/v4_2/developer/toolchains/gnu_arm/4.9_2015q3/bin/../lib/gcc/arm-none-eabi/4.9.3/armv7e-m/fpu/crtbegin.o
LOAD d:/siliconlabs/simplicitystudio/v4_2/developer/toolchains/gnu_arm/4.9_2015q3/bin/../lib/gcc/arm-none-eabi/4.9.3/../../../../arm-none-eabi/lib/armv7e-m/fpu/crt0.o
LOAD ./application_properties.o
LOAD ./gatt_db.o
LOAD ./main.o
LOAD ./bgapi/dmadrv.o
LOAD ./bgapi/em_adc.o
LOAD ./bgapi/em_ldma.o
LOAD ./bgapi/em_leuart.o
LOAD ./device/EFR32_B_1_1_B/gcc/startup_efr32bg1b.o
LOAD ./emlib/em_cmu.o
LOAD ./emlib/em_cryotimer.o
LOAD ./emlib/em_gpio.o
LOAD ./emlib/em_i2c.o
LOAD ./emlib/em_msc.o
LOAD ./emlib/em_rtcc.o
LOAD ./emlib/em_system.o
LOAD ./emlib/em_timer.o
LOAD ./emlib/em_usart.o
LOAD ./kit/BRD4300ArevA03/bsp_bcc.o
LOAD ./kit/BRD4300ArevA03/bsp_stk.o
LOAD ./kit/BRD4300ArevA03/bsp_stk_leds.o
LOAD ./kit/BRD4300ArevA03/i2cspm.o
LOAD ./kit/BRD4300ArevA03/si7013.o
LOAD ./kit/BRD4300ArevA03/tempsens.o
LOAD ./kit/BRD4300ArevA03/udelay.o
LOAD ./src/InitDevice.o
LOAD D:/SiliconLabs/SimplicityStudio/v4_2/developer/sdks/gecko_sdk_suite/v1.1//protocol/bluetooth_2.4/lib/EFR32BG1B/EABI/binbootloader.o
LOAD D:/SiliconLabs/SimplicityStudio/v4_2/developer/sdks/gecko_sdk_suite/v1.1//protocol/bluetooth_2.4/lib/EFR32BG1B/EABI/stack.a
LOAD D:/SiliconLabs/SimplicityStudio/v4_2/developer/sdks/gecko_sdk_suite/v1.1//protocol/bluetooth_2.4/lib/EFR32BG1B/EABI/binstack.o
LOAD D:/SiliconLabs/SimplicityStudio/v4_2/developer/sdks/gecko_sdk_suite/v1.1//protocol/bluetooth_2.4/lib/EFR32BG1B/GCC/bgapi.a
LOAD d:/siliconlabs/simplicitystudio/v4_2/developer/toolchains/gnu_arm/4.9_2015q3/bin/../lib/gcc/arm-none-eabi/4.9.3/../../../../arm-none-eabi/lib/armv7e-m/fpu\libm.a
START GROUP
LOAD d:/siliconlabs/simplicitystudio/v4_2/developer/toolchains/gnu_arm/4.9_2015q3/bin/../lib/gcc/arm-none-eabi/4.9.3/armv7e-m/fpu\libgcc.a
LOAD d:/siliconlabs/simplicitystudio/v4_2/developer/toolchains/gnu_arm/4.9_2015q3/bin/../lib/gcc/arm-none-eabi/4.9.3/../../../../arm-none-eabi/lib/armv7e-m/fpu\libc.a
LOAD d:/siliconlabs/simplicitystudio/v4_2/developer/toolchains/gnu_arm/4.9_2015q3/bin/../lib/gcc/arm-none-eabi/4.9.3/../../../../arm-none-eabi/lib/armv7e-m/fpu\libnosys.a
END GROUP
START GROUP
LOAD d:/siliconlabs/simplicitystudio/v4_2/developer/toolchains/gnu_arm/4.9_2015q3/bin/../lib/gcc/arm-none-eabi/4.9.3/armv7e-m/fpu\libgcc.a
LOAD d:/siliconlabs/simplicitystudio/v4_2/developer/toolchains/gnu_arm/4.9_2015q3/bin/../lib/gcc/arm-none-eabi/4.9.3/../../../../arm-none-eabi/lib/armv7e-m/fpu\libg.a
LOAD d:/siliconlabs/simplicitystudio/v4_2/developer/toolchains/gnu_arm/4.9_2015q3/bin/../lib/gcc/arm-none-eabi/4.9.3/../../../../arm-none-eabi/lib/armv7e-m/fpu\libc.a
END GROUP
LOAD d:/siliconlabs/simplicitystudio/v4_2/developer/toolchains/gnu_arm/4.9_2015q3/bin/../lib/gcc/arm-none-eabi/4.9.3/armv7e-m/fpu/crtend.o
LOAD d:/siliconlabs/simplicitystudio/v4_2/developer/toolchains/gnu_arm/4.9_2015q3/bin/../lib/gcc/arm-none-eabi/4.9.3/armv7e-m/fpu/crtn.o

.text_bootloader
                0x00000000     0x4000
 *(.binbootloader*)
 .binbootloader
                0x00000000      0x31c D:/SiliconLabs/SimplicityStudio/v4_2/developer/sdks/gecko_sdk_suite/v1.1//protocol/bluetooth_2.4/lib/EFR32BG1B/EABI/binbootloader.o
                0x00004000                . = ALIGN (0x4000)
 *fill*         0x0000031c     0x3ce4 

.text_stack_bin
                0x00004000    0x1cee3
 *(.binstack*)
 .binstack      0x00004000    0x1cee3 D:/SiliconLabs/SimplicityStudio/v4_2/developer/sdks/gecko_sdk_suite/v1.1//protocol/bluetooth_2.4/lib/EFR32BG1B/EABI/binstack.o

.text_signature
                0x00020ee3      0x11d
                0x00020f23                . = (. + 0x40)
 *fill*         0x00020ee3       0x40 
                0x00021000                . = ALIGN (0x800)
 *fill*         0x00020f23       0xdd 
                0x00021000                __text_start__ = .

.text_app       0x00021000     0x64a8
 *(.AAT)
 .AAT           0x00021000       0x80 ./main.o
                0x00021000                AppAddressTable
 *(.vectors)
 .vectors       0x00021080       0xc8 ./device/EFR32_B_1_1_B/gcc/startup_efr32bg1b.o
                0x00021080                __Vectors
                0x00021148                __Vectors_End = .
                0x000000c8                __Vectors_Size = (__Vectors_End - __Vectors)
                0x00021148                __end__ = .
 *(.gecko_configuration)
 *(.xo_configuration)
 *(.gatt_header)
 .gatt_header   0x00021148       0x34 ./gatt_db.o
                0x00021148                bg_gattdb_data
 *(.gatt_data)
 .gatt_data     0x0002117c      0x28c ./gatt_db.o
                0x0002117c                bg_gattdb_data_uuidtable_16_map
                0x00021194                bg_gattdb_data_uuidtable_128_map
                0x000211e4                bg_gattdb_data_attribute_field_22
                0x000211ec                bg_gattdb_data_attribute_field_21
                0x00021204                bg_gattdb_data_attribute_field_20
                0x0002120c                bg_gattdb_data_attribute_field_19
                0x00021224                bg_gattdb_data_attribute_field_18
                0x00021238                bg_gattdb_data_attribute_field_16
                0x00021240                bg_gattdb_data_attribute_field_15
                0x00021258                bg_gattdb_data_attribute_field_14
                0x0002126c                bg_gattdb_data_attribute_field_13
                0x00021270                bg_gattdb_data_attribute_field_12
                0x00021278                bg_gattdb_data_attribute_field_11
                0x00021288                bg_gattdb_data_attribute_field_10
                0x00021290                bg_gattdb_data_attribute_field_9
                0x00021294                bg_gattdb_data_attribute_field_8
                0x00021298                bg_gattdb_data_attribute_field_7
                0x000212a0                bg_gattdb_data_attribute_field_6
                0x000212b8                bg_gattdb_data_attribute_field_5
                0x000212c0                bg_gattdb_data_attribute_field_4
                0x000212c4                bg_gattdb_data_attribute_field_2
                0x000212cc                bg_gattdb_data_attribute_field_1
                0x000212d4                bg_gattdb_data_attribute_field_0
                0x000212d8                bg_gattdb_data_attributes_map
                0x000213ec                bg_gattdb_data_attributes_dynamic_mapping_map
                0x000213f4                bg_gattdb_data_adv_uuid16_map
                0x000213f8                bg_gattdb_data_adv_uuid128_map
 *(.application_properties)
 .application_properties
                0x00021408       0x38 ./application_properties.o
                0x00021408                applicationProperties
 *(.text*)
 .text          0x00021440       0x5c d:/siliconlabs/simplicitystudio/v4_2/developer/toolchains/gnu_arm/4.9_2015q3/bin/../lib/gcc/arm-none-eabi/4.9.3/armv7e-m/fpu/crtbegin.o
 .text          0x0002149c       0x74 d:/siliconlabs/simplicitystudio/v4_2/developer/toolchains/gnu_arm/4.9_2015q3/bin/../lib/gcc/arm-none-eabi/4.9.3/../../../../arm-none-eabi/lib/armv7e-m/fpu/crt0.o
                0x0002149c                _start
                0x0002149c                _mainCRTStartup
 .text.gecko_init
                0x00021510       0x40 ./main.o
 .text.gecko_cmd_system_reset
                0x00021550       0x40 ./main.o
 .text.gecko_cmd_le_gap_set_mode
                0x00021590       0x58 ./main.o
 .text.gecko_cmd_le_gap_set_adv_parameters
                0x000215e8       0x60 ./main.o
 .text.gecko_cmd_gatt_server_send_user_write_response
                0x00021648       0x64 ./main.o
 .text.gecko_cmd_endpoint_send
                0x000216ac       0x88 ./main.o
 .text.gecko_cmd_endpoint_close
                0x00021734       0x48 ./main.o
 .text.gecko_cmd_hardware_set_soft_timer
                0x0002177c       0x60 ./main.o
 .text.main     0x000217dc       0xcc ./main.o
                0x000217dc                main
 .text.LDMA_IRQHandler
                0x000218a8       0xe0 ./bgapi/dmadrv.o
                0x000218a8                LDMA_IRQHandler
 .text.Reset_Handler
                0x00021988       0x38 ./device/EFR32_B_1_1_B/gcc/startup_efr32bg1b.o
                0x00021988                Reset_Handler
 .text.Default_Handler
                0x000219c0        0x8 ./device/EFR32_B_1_1_B/gcc/startup_efr32bg1b.o
                0x000219c0                DebugMon_Handler
                0x000219c0                USART0_TX_IRQHandler
                0x000219c0                I2C0_IRQHandler
                0x000219c0                HardFault_Handler
                0x000219c0                SysTick_Handler
                0x000219c0                USART1_RX_IRQHandler
                0x000219c0                PendSV_Handler
                0x000219c0                NMI_Handler
                0x000219c0                SYNTH_IRQHandler
                0x000219c0                WDOG0_IRQHandler
                0x000219c0                USART1_TX_IRQHandler
                0x000219c0                MSC_IRQHandler
                0x000219c0                ADC0_IRQHandler
                0x000219c0                UsageFault_Handler
                0x000219c0                LEUART0_IRQHandler
                0x000219c0                FPUEH_IRQHandler
                0x000219c0                GPIO_EVEN_IRQHandler
                0x000219c0                TIMER0_IRQHandler
                0x000219c0                LETIMER0_IRQHandler
                0x000219c0                TIMER1_IRQHandler
                0x000219c0                RFSENSE_IRQHandler
                0x000219c0                BUFC_IRQHandler
                0x000219c0                MODEM_IRQHandler
                0x000219c0                Default_Handler
                0x000219c0                RAC_SEQ_IRQHandler
                0x000219c0                FRC_PRI_IRQHandler
                0x000219c0                FRC_IRQHandler
                0x000219c0                CRYOTIMER_IRQHandler
                0x000219c0                PCNT0_IRQHandler
                0x000219c0                AGC_IRQHandler
                0x000219c0                ACMP0_IRQHandler
                0x000219c0                USART0_RX_IRQHandler
                0x000219c0                MemManage_Handler
                0x000219c0                SVC_Handler
                0x000219c0                RTCC_IRQHandler
                0x000219c0                CRYPTO_IRQHandler
                0x000219c0                CMU_IRQHandler
                0x000219c0                RAC_RSM_IRQHandler
                0x000219c0                GPIO_ODD_IRQHandler
                0x000219c0                PROTIMER_IRQHandler
                0x000219c0                BusFault_Handler
                0x000219c0                IDAC0_IRQHandler
 .text.BUS_RegBitWrite
                0x000219c8       0x2c ./emlib/em_cmu.o
 .text.BUS_RegBitRead
                0x000219f4       0x2c ./emlib/em_cmu.o
 .text.BUS_RegMaskedSet
                0x00021a20       0x24 ./emlib/em_cmu.o
 .text.BUS_RegMaskedClear
                0x00021a44       0x24 ./emlib/em_cmu.o
 .text.BUS_RegMaskedWrite
                0x00021a68       0x24 ./emlib/em_cmu.o
 .text.CMU_Log2ToDiv
                0x00021a8c       0x1c ./emlib/em_cmu.o
 .text.setHfLeConfig
                0x00021aa8       0x64 ./emlib/em_cmu.o
 .text.auxClkGet
                0x00021b0c       0x20 ./emlib/em_cmu.o
 .text.hfSrcClkGet
                0x00021b2c       0x2c ./emlib/em_cmu.o
 .text.dbgClkGet
                0x00021b58       0x3c ./emlib/em_cmu.o
 .text.adcAsyncClkGet
                0x00021b94       0x80 ./emlib/em_cmu.o
 .text.flashWaitStateControl
                0x00021c14       0x7c ./emlib/em_cmu.o
 .text.flashWaitStateMax
                0x00021c90       0x14 ./emlib/em_cmu.o
 .text.CMU_UpdateWaitStates
                0x00021ca4       0x18 ./emlib/em_cmu.o
                0x00021ca4                CMU_UpdateWaitStates
 .text.getRegIshUpperVal
                0x00021cbc       0x38 ./emlib/em_cmu.o
 .text.getHfxoTuningMode
                0x00021cf4       0x1c ./emlib/em_cmu.o
 .text.setHfxoTuningMode
                0x00021d10       0x28 ./emlib/em_cmu.o
 .text.lfClkGet
                0x00021d38       0xe8 ./emlib/em_cmu.o
 .text.syncReg  0x00021e20       0x38 ./emlib/em_cmu.o
 .text.CMU_ClockEnable
                0x00021e58       0xcc ./emlib/em_cmu.o
                0x00021e58                CMU_ClockEnable
 .text.CMU_ClockFreqGet
                0x00021f24      0x198 ./emlib/em_cmu.o
                0x00021f24                CMU_ClockFreqGet
 .text.CMU_ClockSelectGet
                0x000220bc      0x190 ./emlib/em_cmu.o
                0x000220bc                CMU_ClockSelectGet
 .text.CMU_ClockSelectSet
                0x0002224c      0x25c ./emlib/em_cmu.o
                0x0002224c                CMU_ClockSelectSet
 .text.CMU_HFXOAutostartEnable
                0x000224a8       0x7c ./emlib/em_cmu.o
                0x000224a8                CMU_HFXOAutostartEnable
 .text.CMU_HFXOInit
                0x00022524       0xf4 ./emlib/em_cmu.o
                0x00022524                CMU_HFXOInit
 .text.CMU_LFXOInit
                0x00022618       0x50 ./emlib/em_cmu.o
                0x00022618                CMU_LFXOInit
 .text.CMU_OscillatorEnable
                0x00022668      0x174 ./emlib/em_cmu.o
                0x00022668                CMU_OscillatorEnable
 .text.CMU_OscillatorTuningGet
                0x000227dc       0x74 ./emlib/em_cmu.o
                0x000227dc                CMU_OscillatorTuningGet
 .text.CMU_OscillatorTuningSet
                0x00022850       0xfc ./emlib/em_cmu.o
                0x00022850                CMU_OscillatorTuningSet
 .text.CMU_OscillatorTuningWait
                0x0002294c       0x8c ./emlib/em_cmu.o
                0x0002294c                CMU_OscillatorTuningWait
 .text.CMU_OscillatorTuningOptimize
                0x000229d8       0x4c ./emlib/em_cmu.o
                0x000229d8                CMU_OscillatorTuningOptimize
 .text.BUS_RegMaskedSet
                0x00022a24       0x24 ./emlib/em_gpio.o
 .text.BUS_RegMaskedClear
                0x00022a48       0x24 ./emlib/em_gpio.o
 .text.GPIO_PinOutClear
                0x00022a6c       0x58 ./emlib/em_gpio.o
 .text.GPIO_PinOutSet
                0x00022ac4       0x58 ./emlib/em_gpio.o
 .text.GPIO_PinModeSet
                0x00022b1c      0x108 ./emlib/em_gpio.o
                0x00022b1c                GPIO_PinModeSet
 .text.RTCC_Init
                0x00022c24       0x60 ./emlib/em_rtcc.o
                0x00022c24                RTCC_Init
 .text.SYSTEM_ChipRevisionGet
                0x00022c84       0x74 ./emlib/em_system.o
                0x00022c84                SYSTEM_ChipRevisionGet
 .text.TIMER_Valid
                0x00022cf8       0x38 ./emlib/em_timer.o
 .text.TIMER_EnableDTI
                0x00022d30       0x40 ./emlib/em_timer.o
 .text.TIMER_GetDTIFault
                0x00022d70       0x1c ./emlib/em_timer.o
 .text.TIMER_ClearDTIFault
                0x00022d8c       0x1c ./emlib/em_timer.o
 .text.TIMER_Init
                0x00022da8       0xdc ./emlib/em_timer.o
                0x00022da8                TIMER_Init
 .text.TIMER_InitCC
                0x00022e84       0x9c ./emlib/em_timer.o
                0x00022e84                TIMER_InitCC
 .text.TIMER_InitDTI
                0x00022f20      0x10c ./emlib/em_timer.o
                0x00022f20                TIMER_InitDTI
 .text.USART_BaudrateAsyncSet
                0x0002302c       0xb0 ./emlib/em_usart.o
                0x0002302c                USART_BaudrateAsyncSet
 .text.USART_Enable
                0x000230dc       0x4c ./emlib/em_usart.o
                0x000230dc                USART_Enable
 .text.USART_InitAsync
                0x00023128       0xbc ./emlib/em_usart.o
                0x00023128                USART_InitAsync
 .text.USART_InitPrsTrigger
                0x000231e4       0x64 ./emlib/em_usart.o
                0x000231e4                USART_InitPrsTrigger
 .text.USART_Reset
                0x00023248       0x94 ./emlib/em_usart.o
                0x00023248                USART_Reset
 .text.SYSTEM_GetProdRev
                0x000232dc       0x1c ./src/InitDevice.o
 .text.BUS_RegBitWrite
                0x000232f8       0x2c ./src/InitDevice.o
 .text.CHIP_Init
                0x00023324       0xb4 ./src/InitDevice.o
 .text.enter_DefaultMode_from_RESET
                0x000233d8       0x34 ./src/InitDevice.o
                0x000233d8                enter_DefaultMode_from_RESET
 .text.EMU_enter_DefaultMode_from_RESET
                0x0002340c       0x94 ./src/InitDevice.o
                0x0002340c                EMU_enter_DefaultMode_from_RESET
 .text.LFXO_enter_DefaultMode_from_RESET
                0x000234a0        0xc ./src/InitDevice.o
                0x000234a0                LFXO_enter_DefaultMode_from_RESET
 .text.CMU_enter_DefaultMode_from_RESET
                0x000234ac      0x14c ./src/InitDevice.o
                0x000234ac                CMU_enter_DefaultMode_from_RESET
 .text.RTCC_enter_DefaultMode_from_RESET
                0x000235f8       0x4c ./src/InitDevice.o
                0x000235f8                RTCC_enter_DefaultMode_from_RESET
 .text.USART1_enter_DefaultMode_from_RESET
                0x00023644      0x180 ./src/InitDevice.o
                0x00023644                USART1_enter_DefaultMode_from_RESET
 .text.GPCRC_enter_DefaultMode_from_RESET
                0x000237c4        0xc ./src/InitDevice.o
                0x000237c4                GPCRC_enter_DefaultMode_from_RESET
 .text.LDMA_enter_DefaultMode_from_RESET
                0x000237d0        0xc ./src/InitDevice.o
                0x000237d0                LDMA_enter_DefaultMode_from_RESET
 .text.TIMER0_enter_DefaultMode_from_RESET
                0x000237dc      0x320 ./src/InitDevice.o
                0x000237dc                TIMER0_enter_DefaultMode_from_RESET
 .text.PRS_enter_DefaultMode_from_RESET
                0x00023afc       0x20 ./src/InitDevice.o
                0x00023afc                PRS_enter_DefaultMode_from_RESET
 .text.PORTIO_enter_DefaultMode_from_RESET
                0x00023b1c       0x8c ./src/InitDevice.o
                0x00023b1c                PORTIO_enter_DefaultMode_from_RESET
 .text          0x00023ba8       0x18 D:/SiliconLabs/SimplicityStudio/v4_2/developer/sdks/gecko_sdk_suite/v1.1//protocol/bluetooth_2.4/lib/EFR32BG1B/GCC/bgapi.a(gecko_bgapi_hardware.c.obj)
                0x00023ba8                gecko_bgapi_class_hardware_init
 .text          0x00023bc0       0x18 D:/SiliconLabs/SimplicityStudio/v4_2/developer/sdks/gecko_sdk_suite/v1.1//protocol/bluetooth_2.4/lib/EFR32BG1B/GCC/bgapi.a(gecko_bgapi_test.c.obj)
                0x00023bc0                gecko_bgapi_class_test_init
 .text          0x00023bd8       0x18 D:/SiliconLabs/SimplicityStudio/v4_2/developer/sdks/gecko_sdk_suite/v1.1//protocol/bluetooth_2.4/lib/EFR32BG1B/GCC/bgapi.a(gecko_bgapi_dfu.c.obj)
                0x00023bd8                gecko_bgapi_class_dfu_init
 .text          0x00023bf0       0x18 D:/SiliconLabs/SimplicityStudio/v4_2/developer/sdks/gecko_sdk_suite/v1.1//protocol/bluetooth_2.4/lib/EFR32BG1B/GCC/bgapi.a(gecko_bgapi_gap.c.obj)
                0x00023bf0                gecko_bgapi_class_le_gap_init
 .text          0x00023c08       0x18 D:/SiliconLabs/SimplicityStudio/v4_2/developer/sdks/gecko_sdk_suite/v1.1//protocol/bluetooth_2.4/lib/EFR32BG1B/GCC/bgapi.a(gecko_bgapi_gatt.c.obj)
                0x00023c08                gecko_bgapi_class_gatt_init
 .text          0x00023c20       0x18 D:/SiliconLabs/SimplicityStudio/v4_2/developer/sdks/gecko_sdk_suite/v1.1//protocol/bluetooth_2.4/lib/EFR32BG1B/GCC/bgapi.a(gecko_bgapi_gatt_server.c.obj)
                0x00023c20                gecko_bgapi_class_gatt_server_init
 .text          0x00023c38       0x18 D:/SiliconLabs/SimplicityStudio/v4_2/developer/sdks/gecko_sdk_suite/v1.1//protocol/bluetooth_2.4/lib/EFR32BG1B/GCC/bgapi.a(gecko_bgapi_flash.c.obj)
                0x00023c38                gecko_bgapi_class_flash_init
 .text          0x00023c50       0x18 D:/SiliconLabs/SimplicityStudio/v4_2/developer/sdks/gecko_sdk_suite/v1.1//protocol/bluetooth_2.4/lib/EFR32BG1B/GCC/bgapi.a(gecko_bgapi_sm.c.obj)
                0x00023c50                gecko_bgapi_class_sm_init
 .text          0x00023c68       0x18 D:/SiliconLabs/SimplicityStudio/v4_2/developer/sdks/gecko_sdk_suite/v1.1//protocol/bluetooth_2.4/lib/EFR32BG1B/GCC/bgapi.a(gecko_bgapi_system.c.obj)
                0x00023c68                gecko_bgapi_class_system_init
 .text          0x00023c80       0x18 D:/SiliconLabs/SimplicityStudio/v4_2/developer/sdks/gecko_sdk_suite/v1.1//protocol/bluetooth_2.4/lib/EFR32BG1B/GCC/bgapi.a(gecko_bgapi_endpoint.c.obj)
                0x00023c80                gecko_bgapi_class_endpoint_init
 .text          0x00023c98       0x18 D:/SiliconLabs/SimplicityStudio/v4_2/developer/sdks/gecko_sdk_suite/v1.1//protocol/bluetooth_2.4/lib/EFR32BG1B/GCC/bgapi.a(gecko_bgapi_le_connection.c.obj)
                0x00023c98                gecko_bgapi_class_le_connection_init
 .text          0x00023cb0      0x1d0 D:/SiliconLabs/SimplicityStudio/v4_2/developer/sdks/gecko_sdk_suite/v1.1//protocol/bluetooth_2.4/lib/EFR32BG1B/GCC/bgapi.a(bgapi_hardware.c.obj)
                0x00023cb0                soft_timer_comparison
                0x00023d44                bgapi_hardware_soft_timer_listener
                0x00023d84                lib_hardware_handler_init
                0x00023d98                gecko_cmd_hardware_set_soft_timer
                0x00023dd8                gecko_cmd_hardware_set_lazy_soft_timer
                0x00023e18                gecko_cmd_hardware_get_time
                0x00023e4c                gecko_cmd_hardware_enable_dcdc
 .text          0x00023e80      0x330 D:/SiliconLabs/SimplicityStudio/v4_2/developer/sdks/gecko_sdk_suite/v1.1//protocol/bluetooth_2.4/lib/EFR32BG1B/GCC/bgapi.a(bgapi_test_lib.c.obj)
                0x00023e80                bgapi_test_lib_msg_handler
                0x00023ed8                lib_test_handler_init
                0x00023ef8                disable_interrupts
                0x00023f1c                gecko_cmd_test_dtm_tx
                0x00023fb0                gecko_cmd_test_dtm_rx
                0x00023ffc                gecko_cmd_test_dtm_end
                0x00024064                gecko_cmd_test_debug_command
                0x00024134                gecko_cmd_test_debug_counter
 .text          0x000241b0       0x8c D:/SiliconLabs/SimplicityStudio/v4_2/developer/sdks/gecko_sdk_suite/v1.1//protocol/bluetooth_2.4/lib/EFR32BG1B/GCC/bgapi.a(bgapi_dfu.c.obj)
                0x000241b0                lib_dfu_handler_init
                0x000241b2                gecko_cmd_dfu_reset
                0x000241b8                gecko_cmd_dfu_flash_set_address
                0x000241e4                gecko_cmd_dfu_flash_upload
                0x00024210                gecko_cmd_dfu_flash_upload_finish
 .text          0x0002423c      0x34c D:/SiliconLabs/SimplicityStudio/v4_2/developer/sdks/gecko_sdk_suite/v1.1//protocol/bluetooth_2.4/lib/EFR32BG1B/GCC/bgapi.a(bgapi_gap.c.obj)
                0x0002423c                lib_le_gap_handler_init
                0x0002423e                gecko_cmd_le_gap_set_mode
                0x00024284                gecko_cmd_le_gap_bt5_set_mode
                0x000242c8                gecko_cmd_le_gap_set_adv_data
                0x00024310                gecko_cmd_le_gap_bt5_set_adv_data
                0x00024344                gecko_cmd_le_gap_set_adv_timeout
                0x00024398                gecko_cmd_le_gap_open
                0x000243fc                gecko_cmd_le_gap_discover
                0x00024428                gecko_cmd_le_gap_end_procedure
                0x00024454                gecko_cmd_le_gap_set_adv_parameters
                0x00024488                gecko_cmd_le_gap_bt5_set_adv_parameters
                0x000244c4                gecko_cmd_le_gap_set_scan_parameters
                0x000244f4                gecko_cmd_le_gap_set_conn_parameters
                0x0002452c                gecko_cmd_le_gap_set_phy
                0x00024558                gecko_cmd_le_gap_set_privacy_mode
 .text          0x00024588      0x6c4 D:/SiliconLabs/SimplicityStudio/v4_2/developer/sdks/gecko_sdk_suite/v1.1//protocol/bluetooth_2.4/lib/EFR32BG1B/GCC/bgapi.a(bgapi_gatt_lib.c.obj)
                0x00024588                lib_gatt_handler_init
                0x0002458c                lib_gatt_server_handler_init
                0x0002458e                gecko_cmd_gatt_set_max_mtu
                0x000245c8                gecko_cmd_gatt_discover_primary_services
                0x000245f8                gecko_cmd_gatt_discover_primary_services_by_uuid
                0x00024634                gecko_cmd_gatt_find_included_services
                0x00024668                gecko_cmd_gatt_discover_characteristics
                0x0002469c                gecko_cmd_gatt_discover_characteristics_by_uuid
                0x000246dc                gecko_cmd_gatt_read_characteristic_value
                0x00024714                gecko_cmd_gatt_read_characteristic_value_from_offset
                0x00024750                gecko_cmd_gatt_read_characteristic_value_by_uuid
                0x00024790                gecko_cmd_gatt_read_multiple_characteristic_values
                0x000247c4                gecko_cmd_gatt_write_characteristic_value
                0x000247fc                gecko_cmd_gatt_write_characteristic_value_without_response
                0x00024840                gecko_cmd_gatt_prepare_characteristic_value_write
                0x00024890                gecko_cmd_gatt_execute_characteristic_value_write
                0x000248c4                gecko_cmd_gatt_set_characteristic_notification
                0x000248fc                gecko_cmd_gatt_discover_descriptors
                0x00024930                gecko_cmd_gatt_read_descriptor_value
                0x00024964                gecko_cmd_gatt_write_descriptor_value
                0x0002499c                gecko_cmd_gatt_server_read_attribute_value
                0x000249e4                gecko_cmd_gatt_server_read_attribute_type
                0x00024a28                gecko_cmd_gatt_server_find_attribute
                0x00024a64                gecko_cmd_gatt_server_write_attribute_value
                0x00024a98                gecko_cmd_gatt_server_send_user_read_response
                0x00024ae8                gecko_cmd_gatt_server_send_user_write_response
                0x00024b20                gecko_cmd_gatt_server_send_characteristic_notification
                0x00024b6c                gecko_cmd_gatt_send_characteristic_confirmation
                0x00024b9c                gecko_cmd_gatt_server_set_database
                0x00024bcc                gecko_cmd_gatt_server_set_capabilities
                0x00024bfc                gecko_cmd_gatt_prepare_characteristic_value_reliable_write
 .text          0x00024c4c      0x1d0 D:/SiliconLabs/SimplicityStudio/v4_2/developer/sdks/gecko_sdk_suite/v1.1//protocol/bluetooth_2.4/lib/EFR32BG1B/GCC/bgapi.a(bgapi_ps.c.obj)
                0x00024c4c                bgapi_ps_dump_listener
                0x00024c8c                lib_flash_handler_init
                0x00024ca0                gecko_cmd_flash_ps_dump
                0x00024d38                gecko_cmd_flash_ps_erase_all
                0x00024d68                gecko_cmd_flash_ps_save
                0x00024da4                gecko_cmd_flash_ps_load
                0x00024de8                gecko_cmd_flash_ps_erase
 .text          0x00024e1c      0x3cc D:/SiliconLabs/SimplicityStudio/v4_2/developer/sdks/gecko_sdk_suite/v1.1//protocol/bluetooth_2.4/lib/EFR32BG1B/GCC/bgapi.a(bgapi_sm.c.obj)
                0x00024ee4                lib_sm_handler_init
                0x00024ef8                gecko_cmd_sm_list_all_bondings
                0x00024f30                gecko_cmd_sm_increase_security
                0x00024f60                gecko_cmd_sm_set_bondable_mode
                0x00024f8c                gecko_cmd_sm_delete_bonding
                0x00024fbc                gecko_cmd_sm_delete_bondings
                0x00024fec                gecko_cmd_sm_configure
                0x0002501c                gecko_cmd_sm_enter_passkey
                0x00025050                gecko_cmd_sm_set_passkey
                0x0002507c                gecko_cmd_sm_passkey_confirm
                0x000250b0                gecko_cmd_sm_set_oob_data
                0x000250e0                gecko_cmd_sm_set_sc_remote_oob_data
                0x00025110                gecko_cmd_sm_use_sc_oob
                0x00025150                gecko_cmd_sm_store_bonding_configuration
                0x00025184                gecko_cmd_sm_bonding_confirm
                0x000251b8                gecko_cmd_sm_set_debug_mode
 .text          0x000251e8      0x1d8 D:/SiliconLabs/SimplicityStudio/v4_2/developer/sdks/gecko_sdk_suite/v1.1//protocol/bluetooth_2.4/lib/EFR32BG1B/GCC/bgapi.a(bgapi_system.c.obj)
                0x000251e8                bgapi_system_listener
                0x00025218                lib_system_handler_init
                0x0002522c                gecko_cmd_system_get_bt_address
                0x00025264                gecko_cmd_system_set_bt_address
                0x00025298                gecko_cmd_system_set_device_name
                0x000252d4                gecko_cmd_system_get_random_data
                0x0002531c                gecko_cmd_system_halt
                0x00025350                gecko_cmd_system_set_tx_power
                0x00025380                gecko_cmd_system_hello
                0x000253a8                gecko_cmd_system_reset
                0x000253ae                gecko_send_system_awake
 .text          0x000253c0      0x1ac D:/SiliconLabs/SimplicityStudio/v4_2/developer/sdks/gecko_sdk_suite/v1.1//protocol/bluetooth_2.4/lib/EFR32BG1B/GCC/bgapi.a(bgapi_endpoint.c.obj)
                0x000253c0                lib_endpoint_handler_init
                0x000253c2                gecko_cmd_endpoint_send
                0x0002546c                gecko_cmd_endpoint_set_streaming_destination
                0x000254c4                gecko_cmd_endpoint_close
                0x00025520                gecko_cmd_endpoint_set_flags
                0x00025522                gecko_cmd_endpoint_clr_flags
                0x00025524                gecko_cmd_endpoint_read_counters
 .text          0x0002556c      0x104 D:/SiliconLabs/SimplicityStudio/v4_2/developer/sdks/gecko_sdk_suite/v1.1//protocol/bluetooth_2.4/lib/EFR32BG1B/GCC/bgapi.a(bgapi_le_connection.c.obj)
                0x0002556c                lib_le_connection_handler_init
                0x0002556e                gecko_cmd_le_connection_set_parameters
                0x000255bc                gecko_cmd_le_connection_get_rssi
                0x000255ec                gecko_cmd_le_connection_disable_slave_latency
                0x00025634                gecko_cmd_le_connection_set_phy
 .text          0x00025670      0xdf0 D:/SiliconLabs/SimplicityStudio/v4_2/developer/sdks/gecko_sdk_suite/v1.1//protocol/bluetooth_2.4/lib/EFR32BG1B/GCC/bgapi.a(gatt_client.c.obj)
                0x000258d8                gatt_discover_primary_services
                0x00025916                gatt_discover_primary_services_by_uuid
                0x0002596c                gatt_find_included_services
                0x000259bc                gatt_find_included_services_handler
                0x00025a6c                gatt_discover_characteristics
                0x00025a8e                gatt_discover_characteristics_by_uuid
                0x00025ad0                gatt_discover_descriptors
                0x00025b0c                gatt_read_characteristic_value
                0x00025b44                gatt_read_characteristic_value_by_uuid
                0x00025b7e                gatt_read_multiple_characteristic_values
                0x00025ba2                gatt_write_characteristic_value
                0x00025bc8                gatt_write_characteristic_value_without_response
                0x00025be2                gatt_prepare_characteristic_value_write
                0x00025c58                gatt_execute_characteristic_value_write
                0x00025c7a                gatt_set_characteristic_notification
                0x00025cba                gatt_read_descriptor_value
                0x00025ce2                gatt_write_descriptor_value
                0x00025d08                gatt_handle_exchange_mtu_rsp
                0x00025d24                gatt_handle_find_information_response
                0x00025e76                gatt_handle_find_by_type_value_response
                0x00025f12                gatt_handle_read_response
                0x00026070                gatt_handle_read_blob_response
                0x000260a6                gatt_handle_read_multiple_response
                0x000260e2                gatt_handle_read_by_type_response
                0x0002622c                gatt_handle_read_by_group_type_response
                0x000262d4                gatt_handle_write_response
                0x000262e8                gatt_handle_prepare_write_response
                0x000263da                gatt_handle_execute_write_response
                0x00026412                gatt_client_handle_value_notification
                0x00026424                gatt_client_handle_value_indication
                0x00026438                gatt_send_characteristic_confirmation
                0x00026456                gatt_client_init
 .text          0x00026460      0x250 D:/SiliconLabs/SimplicityStudio/v4_2/developer/sdks/gecko_sdk_suite/v1.1//protocol/bluetooth_2.4/lib/EFR32BG1B/GCC/bgapi.a(ubt_gatt_client.c.obj)
                0x00026460                ubt_gatt_discover_primary_services
                0x00026476                ubt_gatt_discover_primary_services_by_uuid
                0x000264a2                ubt_gatt_find_included_services
                0x000264bc                ubt_gatt_discover_characteristics
                0x000264d6                ubt_gatt_discover_characteristics_by_uuid
                0x00026506                ubt_gatt_discover_descriptors
                0x00026520                ubt_gatt_read_characteristic_value
                0x00026542                ubt_gatt_read_characteristic_value_by_uuid
                0x00026572                ubt_gatt_read_multiple_characteristic_values
                0x00026590                ubt_gatt_write_characteristic_value
                0x000265b2                ubt_gatt_write_characteristic_value_without_response
                0x000265ec                ubt_gatt_prepare_characteristic_value_write
                0x00026626                ubt_gatt_execute_characteristic_value_write
                0x00026640                ubt_gatt_send_characteristic_confirmation
                0x00026656                ubt_gatt_read_descriptor_value
                0x00026670                ubt_gatt_write_descriptor_value
                0x00026692                ubt_gatt_set_characteristic_notification
 .text          0x000266b0      0x4ec D:/SiliconLabs/SimplicityStudio/v4_2/developer/sdks/gecko_sdk_suite/v1.1//protocol/bluetooth_2.4/lib/EFR32BG1B/GCC/bgapi.a(att_client.c.obj)
                0x000266b0                att_send_find_information_request
                0x000266d6                att_send_find_by_type_value_request
                0x00026708                att_send_read_by_type_request
                0x00026734                att_send_read_request
                0x00026754                att_send_read_blob_request
                0x0002677a                att_send_read_multiple_request
                0x000267a6                att_send_read_by_group_type_request
                0x000267d2                att_send_write_request
                0x000267fe                att_send_write_command
                0x0002682a                att_send_signed_write_command
                0x00026864                att_send_prepare_write_request
                0x000268a0                att_send_execute_write_request
                0x000268be                att_send_handle_value_confirmation
                0x000268d6                validate_gatt_client_pdu_len
                0x00026990                att_gatt_client_handler
 .text.exit     0x00026b9c       0x20 d:/siliconlabs/simplicitystudio/v4_2/developer/toolchains/gnu_arm/4.9_2015q3/bin/../lib/gcc/arm-none-eabi/4.9.3/../../../../arm-none-eabi/lib/armv7e-m/fpu\libc.a(lib_a-exit.o)
                0x00026b9c                exit
 .text.__libc_init_array
                0x00026bbc       0x50 d:/siliconlabs/simplicitystudio/v4_2/developer/toolchains/gnu_arm/4.9_2015q3/bin/../lib/gcc/arm-none-eabi/4.9.3/../../../../arm-none-eabi/lib/armv7e-m/fpu\libc.a(lib_a-init.o)
                0x00026bbc                __libc_init_array
 .text.memcmp   0x00026c0c       0x64 d:/siliconlabs/simplicitystudio/v4_2/developer/toolchains/gnu_arm/4.9_2015q3/bin/../lib/gcc/arm-none-eabi/4.9.3/../../../../arm-none-eabi/lib/armv7e-m/fpu\libc.a(lib_a-memcmp.o)
                0x00026c0c                memcmp
 .text          0x00026c70      0x134 d:/siliconlabs/simplicitystudio/v4_2/developer/toolchains/gnu_arm/4.9_2015q3/bin/../lib/gcc/arm-none-eabi/4.9.3/../../../../arm-none-eabi/lib/armv7e-m/fpu\libc.a(lib_a-memcpy.o)
                0x00026c70                memcpy
 .text.memset   0x00026da4       0x9c d:/siliconlabs/simplicitystudio/v4_2/developer/toolchains/gnu_arm/4.9_2015q3/bin/../lib/gcc/arm-none-eabi/4.9.3/../../../../arm-none-eabi/lib/armv7e-m/fpu\libc.a(lib_a-memset.o)
                0x00026da4                memset
 .text.startup.register_fini
                0x00026e40       0x14 d:/siliconlabs/simplicitystudio/v4_2/developer/toolchains/gnu_arm/4.9_2015q3/bin/../lib/gcc/arm-none-eabi/4.9.3/../../../../arm-none-eabi/lib/armv7e-m/fpu\libc.a(lib_a-__call_atexit.o)
 .text.__call_exitprocs
                0x00026e54       0xd4 d:/siliconlabs/simplicitystudio/v4_2/developer/toolchains/gnu_arm/4.9_2015q3/bin/../lib/gcc/arm-none-eabi/4.9.3/../../../../arm-none-eabi/lib/armv7e-m/fpu\libc.a(lib_a-__call_atexit.o)
                0x00026e54                __call_exitprocs
 .text.atexit   0x00026f28        0xc d:/siliconlabs/simplicitystudio/v4_2/developer/toolchains/gnu_arm/4.9_2015q3/bin/../lib/gcc/arm-none-eabi/4.9.3/../../../../arm-none-eabi/lib/armv7e-m/fpu\libc.a(lib_a-atexit.o)
                0x00026f28                atexit
 .text.__libc_fini_array
                0x00026f34       0x2c d:/siliconlabs/simplicitystudio/v4_2/developer/toolchains/gnu_arm/4.9_2015q3/bin/../lib/gcc/arm-none-eabi/4.9.3/../../../../arm-none-eabi/lib/armv7e-m/fpu\libc.a(lib_a-fini.o)
                0x00026f34                __libc_fini_array
 .text.__register_exitproc
                0x00026f60       0xa4 d:/siliconlabs/simplicitystudio/v4_2/developer/toolchains/gnu_arm/4.9_2015q3/bin/../lib/gcc/arm-none-eabi/4.9.3/../../../../arm-none-eabi/lib/armv7e-m/fpu\libc.a(lib_a-__atexit.o)
                0x00026f60                __register_exitproc
 .text._exit    0x00027004        0x4 d:/siliconlabs/simplicitystudio/v4_2/developer/toolchains/gnu_arm/4.9_2015q3/bin/../lib/gcc/arm-none-eabi/4.9.3/../../../../arm-none-eabi/lib/armv7e-m/fpu\libnosys.a(_exit.o)
                0x00027004                _exit
 *(.init)
 .init          0x00027008        0x4 d:/siliconlabs/simplicitystudio/v4_2/developer/toolchains/gnu_arm/4.9_2015q3/bin/../lib/gcc/arm-none-eabi/4.9.3/armv7e-m/fpu/crti.o
                0x00027008                _init
 .init          0x0002700c        0x8 d:/siliconlabs/simplicitystudio/v4_2/developer/toolchains/gnu_arm/4.9_2015q3/bin/../lib/gcc/arm-none-eabi/4.9.3/armv7e-m/fpu/crtn.o
 *(.fini)
 .fini          0x00027014        0x4 d:/siliconlabs/simplicitystudio/v4_2/developer/toolchains/gnu_arm/4.9_2015q3/bin/../lib/gcc/arm-none-eabi/4.9.3/armv7e-m/fpu/crti.o
                0x00027014                _fini
 .fini          0x00027018        0x8 d:/siliconlabs/simplicitystudio/v4_2/developer/toolchains/gnu_arm/4.9_2015q3/bin/../lib/gcc/arm-none-eabi/4.9.3/armv7e-m/fpu/crtn.o
 *crtbegin.o(.ctors)
 *crtbegin?.o(.ctors)
 *(EXCLUDE_FILE(*crtend.o *crtend?.o) .ctors)
 *(SORT(.ctors.*))
 *(.ctors)
 *crtbegin.o(.dtors)
 *crtbegin?.o(.dtors)
 *(EXCLUDE_FILE(*crtend.o *crtend?.o) .dtors)
 *(SORT(.dtors.*))
 *(.dtors)
 *(.rodata*)
 .rodata.ptiInit
                0x00027020       0x24 ./main.o
 .rodata        0x00027044       0x11 ./main.o
 *fill*         0x00027055        0x3 
 .rodata.config
                0x00027058       0x38 ./main.o
 .rodata        0x00027090       0xa8 ./src/InitDevice.o
 .rodata        0x00027138       0x28 D:/SiliconLabs/SimplicityStudio/v4_2/developer/sdks/gecko_sdk_suite/v1.1//protocol/bluetooth_2.4/lib/EFR32BG1B/GCC/bgapi.a(gecko_bgapi_hardware.c.obj)
 .rodata        0x00027160       0x30 D:/SiliconLabs/SimplicityStudio/v4_2/developer/sdks/gecko_sdk_suite/v1.1//protocol/bluetooth_2.4/lib/EFR32BG1B/GCC/bgapi.a(gecko_bgapi_test.c.obj)
 .rodata        0x00027190       0x28 D:/SiliconLabs/SimplicityStudio/v4_2/developer/sdks/gecko_sdk_suite/v1.1//protocol/bluetooth_2.4/lib/EFR32BG1B/GCC/bgapi.a(gecko_bgapi_dfu.c.obj)
 .rodata        0x000271b8       0x78 D:/SiliconLabs/SimplicityStudio/v4_2/developer/sdks/gecko_sdk_suite/v1.1//protocol/bluetooth_2.4/lib/EFR32BG1B/GCC/bgapi.a(gecko_bgapi_gap.c.obj)
 .rodata        0x00027230       0xa8 D:/SiliconLabs/SimplicityStudio/v4_2/developer/sdks/gecko_sdk_suite/v1.1//protocol/bluetooth_2.4/lib/EFR32BG1B/GCC/bgapi.a(gecko_bgapi_gatt.c.obj)
 .rodata        0x000272d8       0x50 D:/SiliconLabs/SimplicityStudio/v4_2/developer/sdks/gecko_sdk_suite/v1.1//protocol/bluetooth_2.4/lib/EFR32BG1B/GCC/bgapi.a(gecko_bgapi_gatt_server.c.obj)
 .rodata        0x00027328       0x30 D:/SiliconLabs/SimplicityStudio/v4_2/developer/sdks/gecko_sdk_suite/v1.1//protocol/bluetooth_2.4/lib/EFR32BG1B/GCC/bgapi.a(gecko_bgapi_flash.c.obj)
 .rodata        0x00027358       0x80 D:/SiliconLabs/SimplicityStudio/v4_2/developer/sdks/gecko_sdk_suite/v1.1//protocol/bluetooth_2.4/lib/EFR32BG1B/GCC/bgapi.a(gecko_bgapi_sm.c.obj)
 .rodata        0x000273d8       0x48 D:/SiliconLabs/SimplicityStudio/v4_2/developer/sdks/gecko_sdk_suite/v1.1//protocol/bluetooth_2.4/lib/EFR32BG1B/GCC/bgapi.a(gecko_bgapi_system.c.obj)
 .rodata        0x00027420       0x38 D:/SiliconLabs/SimplicityStudio/v4_2/developer/sdks/gecko_sdk_suite/v1.1//protocol/bluetooth_2.4/lib/EFR32BG1B/GCC/bgapi.a(gecko_bgapi_endpoint.c.obj)
 .rodata        0x00027458       0x28 D:/SiliconLabs/SimplicityStudio/v4_2/developer/sdks/gecko_sdk_suite/v1.1//protocol/bluetooth_2.4/lib/EFR32BG1B/GCC/bgapi.a(gecko_bgapi_le_connection.c.obj)
 .rodata        0x00027480       0x18 D:/SiliconLabs/SimplicityStudio/v4_2/developer/sdks/gecko_sdk_suite/v1.1//protocol/bluetooth_2.4/lib/EFR32BG1B/GCC/bgapi.a(bgapi_sm.c.obj)
 .rodata        0x00027498        0x4 D:/SiliconLabs/SimplicityStudio/v4_2/developer/sdks/gecko_sdk_suite/v1.1//protocol/bluetooth_2.4/lib/EFR32BG1B/GCC/bgapi.a(gatt_client.c.obj)
 .rodata.str1.4
                0x0002749c        0x4 d:/siliconlabs/simplicitystudio/v4_2/developer/toolchains/gnu_arm/4.9_2015q3/bin/../lib/gcc/arm-none-eabi/4.9.3/../../../../arm-none-eabi/lib/armv7e-m/fpu\libc.a(lib_a-impure.o)
                                  0x2 (size before relaxing)
 .rodata._global_impure_ptr
                0x000274a0        0x4 d:/siliconlabs/simplicitystudio/v4_2/developer/toolchains/gnu_arm/4.9_2015q3/bin/../lib/gcc/arm-none-eabi/4.9.3/../../../../arm-none-eabi/lib/armv7e-m/fpu\libc.a(lib_a-impure.o)
                0x000274a0                _global_impure_ptr
 *(.eh_frame*)
 .eh_frame      0x000274a4        0x0 d:/siliconlabs/simplicitystudio/v4_2/developer/toolchains/gnu_arm/4.9_2015q3/bin/../lib/gcc/arm-none-eabi/4.9.3/armv7e-m/fpu/crtbegin.o
 .eh_frame      0x000274a4        0x4 d:/siliconlabs/simplicitystudio/v4_2/developer/toolchains/gnu_arm/4.9_2015q3/bin/../lib/gcc/arm-none-eabi/4.9.3/armv7e-m/fpu/crtend.o
                0x000274a8                . = ALIGN (0x4)

.glue_7         0x000274a8        0x0
 .glue_7        0x00000000        0x0 linker stubs

.glue_7t        0x000274a8        0x0
 .glue_7t       0x00000000        0x0 linker stubs

.vfp11_veneer   0x000274a8        0x0
 .vfp11_veneer  0x00000000        0x0 linker stubs

.v4_bx          0x000274a8        0x0
 .v4_bx         0x00000000        0x0 linker stubs

.iplt           0x000274a8        0x0
 .iplt          0x00000000        0x0 d:/siliconlabs/simplicitystudio/v4_2/developer/toolchains/gnu_arm/4.9_2015q3/bin/../lib/gcc/arm-none-eabi/4.9.3/armv7e-m/fpu/crtbegin.o

.igot.plt       0x000274a8        0x0
 .igot.plt      0x00000000        0x0 d:/siliconlabs/simplicitystudio/v4_2/developer/toolchains/gnu_arm/4.9_2015q3/bin/../lib/gcc/arm-none-eabi/4.9.3/armv7e-m/fpu/crtbegin.o

.text_app_ARM.extab
 *(.ARM.extab* .gnu.linkonce.armextab.*)
                0x000274a8                __exidx_start = .

.text_app_ARM.exidx
                0x000274a8        0x8
 *(.ARM.exidx* .gnu.linkonce.armexidx.*)
 .ARM.exidx     0x000274a8        0x8 d:/siliconlabs/simplicitystudio/v4_2/developer/toolchains/gnu_arm/4.9_2015q3/bin/../lib/gcc/arm-none-eabi/4.9.3/../../../../arm-none-eabi/lib/armv7e-m/fpu/crt0.o
                0x000274b0                __exidx_end = .
                0x000274b0                __etext = .

.rel.dyn        0x000274b0        0x0
 .rel.iplt      0x00000000        0x0 d:/siliconlabs/simplicitystudio/v4_2/developer/toolchains/gnu_arm/4.9_2015q3/bin/../lib/gcc/arm-none-eabi/4.9.3/armv7e-m/fpu/crtbegin.o

.text_app_data  0x20003000      0x440 load address 0x000274b0
                0x20003000                __data_start__ = .
 *(vtable)
 *(.data*)
 .data.auxHfrcoFreq
                0x20003000        0x4 ./emlib/em_cmu.o
 *fill*         0x20003004        0x4 
 .data.impure_data
                0x20003008      0x428 d:/siliconlabs/simplicitystudio/v4_2/developer/toolchains/gnu_arm/4.9_2015q3/bin/../lib/gcc/arm-none-eabi/4.9.3/../../../../arm-none-eabi/lib/armv7e-m/fpu\libc.a(lib_a-impure.o)
                0x20003430                . = ALIGN (0x4)
 *(.ram)
                0x20003430                . = ALIGN (0x4)
                0x20003430                PROVIDE (__preinit_array_start, .)
 *(.preinit_array)
                0x20003430                PROVIDE (__preinit_array_end, .)
                0x20003430                . = ALIGN (0x4)
                0x20003430                PROVIDE (__init_array_start, .)
 *(SORT(.init_array.*))
 .init_array.00000
                0x20003430        0x4 d:/siliconlabs/simplicitystudio/v4_2/developer/toolchains/gnu_arm/4.9_2015q3/bin/../lib/gcc/arm-none-eabi/4.9.3/../../../../arm-none-eabi/lib/armv7e-m/fpu\libc.a(lib_a-__call_atexit.o)
 *(.init_array)
 .init_array    0x20003434        0x4 d:/siliconlabs/simplicitystudio/v4_2/developer/toolchains/gnu_arm/4.9_2015q3/bin/../lib/gcc/arm-none-eabi/4.9.3/armv7e-m/fpu/crtbegin.o
                0x20003438                PROVIDE (__init_array_end, .)
                0x20003438                . = ALIGN (0x4)
                0x20003438                PROVIDE (__fini_array_start, .)
 *(SORT(.fini_array.*))
 *(.fini_array)
 .fini_array    0x20003438        0x4 d:/siliconlabs/simplicitystudio/v4_2/developer/toolchains/gnu_arm/4.9_2015q3/bin/../lib/gcc/arm-none-eabi/4.9.3/armv7e-m/fpu/crtbegin.o
                0x2000343c                PROVIDE (__fini_array_end, .)
 *(.jcr*)
 .jcr           0x2000343c        0x0 d:/siliconlabs/simplicitystudio/v4_2/developer/toolchains/gnu_arm/4.9_2015q3/bin/../lib/gcc/arm-none-eabi/4.9.3/armv7e-m/fpu/crtbegin.o
 .jcr           0x2000343c        0x4 d:/siliconlabs/simplicitystudio/v4_2/developer/toolchains/gnu_arm/4.9_2015q3/bin/../lib/gcc/arm-none-eabi/4.9.3/armv7e-m/fpu/crtend.o
                0x20003440                . = ALIGN (0x4)
                0x20003440                __data_end__ = .

.bss            0x20003440     0x1ae0 load address 0x000278f0
                0x20003440                . = ALIGN (0x4)
                0x20003440                __bss_start__ = .
 *(.bss*)
 .bss           0x20003440       0x1c d:/siliconlabs/simplicitystudio/v4_2/developer/toolchains/gnu_arm/4.9_2015q3/bin/../lib/gcc/arm-none-eabi/4.9.3/armv7e-m/fpu/crtbegin.o
 .bss.bg_gattdb_data_attribute_field_22_data
                0x2000345c       0x14 ./gatt_db.o
                0x2000345c                bg_gattdb_data_attribute_field_22_data
 .bss.bg_gattdb_data_attribute_field_20_data
                0x20003470        0x1 ./gatt_db.o
                0x20003470                bg_gattdb_data_attribute_field_20_data
 *fill*         0x20003471        0x3 
 .bss.bg_gattdb_data_attribute_field_16_data
                0x20003474       0x16 ./gatt_db.o
                0x20003474                bg_gattdb_data_attribute_field_16_data
 *fill*         0x2000348a        0x2 
 .bss.bg_gattdb_data_attribute_field_2_data
                0x2000348c        0x4 ./gatt_db.o
                0x2000348c                bg_gattdb_data_attribute_field_2_data
 .bss.boot_to_dfu
                0x20003490        0x1 ./main.o
                0x20003490                boot_to_dfu
 *fill*         0x20003491        0x3 
 .bss.chTable   0x20003494       0xa0 ./bgapi/dmadrv.o
 .bss.dmaXfer   0x20003534      0x100 ./bgapi/dmadrv.o
 .bss           0x20003634        0x4 D:/SiliconLabs/SimplicityStudio/v4_2/developer/sdks/gecko_sdk_suite/v1.1//protocol/bluetooth_2.4/lib/EFR32BG1B/GCC/bgapi.a(bgapi_hardware.c.obj)
 .bss           0x20003638        0x4 D:/SiliconLabs/SimplicityStudio/v4_2/developer/sdks/gecko_sdk_suite/v1.1//protocol/bluetooth_2.4/lib/EFR32BG1B/GCC/bgapi.a(bgapi_test_lib.c.obj)
 .bss           0x2000363c        0x2 D:/SiliconLabs/SimplicityStudio/v4_2/developer/sdks/gecko_sdk_suite/v1.1//protocol/bluetooth_2.4/lib/EFR32BG1B/GCC/bgapi.a(bgapi_gap.c.obj)
                0x2000363c                legacy_maxadv_events
 *fill*         0x2000363e        0x2 
 .bss           0x20003640        0x4 D:/SiliconLabs/SimplicityStudio/v4_2/developer/sdks/gecko_sdk_suite/v1.1//protocol/bluetooth_2.4/lib/EFR32BG1B/GCC/bgapi.a(bgapi_ps.c.obj)
 .bss           0x20003644        0x4 D:/SiliconLabs/SimplicityStudio/v4_2/developer/sdks/gecko_sdk_suite/v1.1//protocol/bluetooth_2.4/lib/EFR32BG1B/GCC/bgapi.a(bgapi_sm.c.obj)
 .bss           0x20003648        0x4 D:/SiliconLabs/SimplicityStudio/v4_2/developer/sdks/gecko_sdk_suite/v1.1//protocol/bluetooth_2.4/lib/EFR32BG1B/GCC/bgapi.a(bgapi_system.c.obj)
 *(COMMON)
 COMMON         0x2000364c     0x18d0 ./main.o
                0x2000364c                bluetooth_stack_heap
 COMMON         0x20004f1c        0x4 D:/SiliconLabs/SimplicityStudio/v4_2/developer/sdks/gecko_sdk_suite/v1.1//protocol/bluetooth_2.4/lib/EFR32BG1B/GCC/bgapi.a(bgapi_test_lib.c.obj)
                0x20004f1c                msg_sender
                0x20004f20                . = ALIGN (0x4)
                0x20004f20                __bss_end__ = .

.heap           0x20004f20      0xc00
                0x20004f20                __HeapBase = .
                0x20004f20                __end__ = .
                0x20004f20                end = __end__
                0x20004f20                _end = __end__
 *(.heap*)
 .heap          0x20004f20      0xc00 ./device/EFR32_B_1_1_B/gcc/startup_efr32bg1b.o
                0x20005b20                __HeapLimit = .

.stack_dummy    0x20005b20      0x400
 *(.stack*)
 .stack         0x20005b20      0x400 ./device/EFR32_B_1_1_B/gcc/startup_efr32bg1b.o
                0x20007bfc                __StackTop = (ORIGIN (RAM) + 0x4bfc)
                0x200077fc                __StackLimit = (__StackTop - SIZEOF (.stack_dummy))
                0x20007bfc                PROVIDE (__stack, __StackTop)
                0x00000001                ASSERT ((__StackLimit >= __HeapLimit), region RAM overflowed with stack)
OUTPUT(soc-CRP.axf elf32-littlearm)

.ARM.attributes
                0x00000000       0x30
 .ARM.attributes
                0x00000000       0x22 d:/siliconlabs/simplicitystudio/v4_2/developer/toolchains/gnu_arm/4.9_2015q3/bin/../lib/gcc/arm-none-eabi/4.9.3/armv7e-m/fpu/crti.o
 .ARM.attributes
                0x00000022       0x34 d:/siliconlabs/simplicitystudio/v4_2/developer/toolchains/gnu_arm/4.9_2015q3/bin/../lib/gcc/arm-none-eabi/4.9.3/armv7e-m/fpu/crtbegin.o
 .ARM.attributes
                0x00000056       0x20 d:/siliconlabs/simplicitystudio/v4_2/developer/toolchains/gnu_arm/4.9_2015q3/bin/../lib/gcc/arm-none-eabi/4.9.3/../../../../arm-none-eabi/lib/armv7e-m/fpu/crt0.o
 .ARM.attributes
                0x00000076       0x39 ./application_properties.o
 .ARM.attributes
                0x000000af       0x39 ./gatt_db.o
 .ARM.attributes
                0x000000e8       0x39 ./main.o
 .ARM.attributes
                0x00000121       0x39 ./bgapi/dmadrv.o
 .ARM.attributes
                0x0000015a       0x39 ./device/EFR32_B_1_1_B/gcc/startup_efr32bg1b.o
 .ARM.attributes
                0x00000193       0x39 ./emlib/em_cmu.o
 .ARM.attributes
                0x000001cc       0x39 ./emlib/em_gpio.o
 .ARM.attributes
                0x00000205       0x39 ./emlib/em_rtcc.o
 .ARM.attributes
                0x0000023e       0x39 ./emlib/em_system.o
 .ARM.attributes
                0x00000277       0x39 ./emlib/em_timer.o
 .ARM.attributes
                0x000002b0       0x39 ./emlib/em_usart.o
 .ARM.attributes
                0x000002e9       0x39 ./src/InitDevice.o
 .ARM.attributes
                0x00000322       0x1c D:/SiliconLabs/SimplicityStudio/v4_2/developer/sdks/gecko_sdk_suite/v1.1//protocol/bluetooth_2.4/lib/EFR32BG1B/EABI/binbootloader.o
 .ARM.attributes
                0x0000033e       0x1c D:/SiliconLabs/SimplicityStudio/v4_2/developer/sdks/gecko_sdk_suite/v1.1//protocol/bluetooth_2.4/lib/EFR32BG1B/EABI/binstack.o
 .ARM.attributes
                0x0000035a       0x39 D:/SiliconLabs/SimplicityStudio/v4_2/developer/sdks/gecko_sdk_suite/v1.1//protocol/bluetooth_2.4/lib/EFR32BG1B/GCC/bgapi.a(gecko_bgapi_hardware.c.obj)
 .ARM.attributes
                0x00000393       0x39 D:/SiliconLabs/SimplicityStudio/v4_2/developer/sdks/gecko_sdk_suite/v1.1//protocol/bluetooth_2.4/lib/EFR32BG1B/GCC/bgapi.a(gecko_bgapi_test.c.obj)
 .ARM.attributes
                0x000003cc       0x39 D:/SiliconLabs/SimplicityStudio/v4_2/developer/sdks/gecko_sdk_suite/v1.1//protocol/bluetooth_2.4/lib/EFR32BG1B/GCC/bgapi.a(gecko_bgapi_dfu.c.obj)
 .ARM.attributes
                0x00000405       0x39 D:/SiliconLabs/SimplicityStudio/v4_2/developer/sdks/gecko_sdk_suite/v1.1//protocol/bluetooth_2.4/lib/EFR32BG1B/GCC/bgapi.a(gecko_bgapi_gap.c.obj)
 .ARM.attributes
                0x0000043e       0x39 D:/SiliconLabs/SimplicityStudio/v4_2/developer/sdks/gecko_sdk_suite/v1.1//protocol/bluetooth_2.4/lib/EFR32BG1B/GCC/bgapi.a(gecko_bgapi_gatt.c.obj)
 .ARM.attributes
                0x00000477       0x39 D:/SiliconLabs/SimplicityStudio/v4_2/developer/sdks/gecko_sdk_suite/v1.1//protocol/bluetooth_2.4/lib/EFR32BG1B/GCC/bgapi.a(gecko_bgapi_gatt_server.c.obj)
 .ARM.attributes
                0x000004b0       0x39 D:/SiliconLabs/SimplicityStudio/v4_2/developer/sdks/gecko_sdk_suite/v1.1//protocol/bluetooth_2.4/lib/EFR32BG1B/GCC/bgapi.a(gecko_bgapi_flash.c.obj)
 .ARM.attributes
                0x000004e9       0x39 D:/SiliconLabs/SimplicityStudio/v4_2/developer/sdks/gecko_sdk_suite/v1.1//protocol/bluetooth_2.4/lib/EFR32BG1B/GCC/bgapi.a(gecko_bgapi_sm.c.obj)
 .ARM.attributes
                0x00000522       0x39 D:/SiliconLabs/SimplicityStudio/v4_2/developer/sdks/gecko_sdk_suite/v1.1//protocol/bluetooth_2.4/lib/EFR32BG1B/GCC/bgapi.a(gecko_bgapi_system.c.obj)
 .ARM.attributes
                0x0000055b       0x39 D:/SiliconLabs/SimplicityStudio/v4_2/developer/sdks/gecko_sdk_suite/v1.1//protocol/bluetooth_2.4/lib/EFR32BG1B/GCC/bgapi.a(gecko_bgapi_endpoint.c.obj)
 .ARM.attributes
                0x00000594       0x39 D:/SiliconLabs/SimplicityStudio/v4_2/developer/sdks/gecko_sdk_suite/v1.1//protocol/bluetooth_2.4/lib/EFR32BG1B/GCC/bgapi.a(gecko_bgapi_le_connection.c.obj)
 .ARM.attributes
                0x000005cd       0x39 D:/SiliconLabs/SimplicityStudio/v4_2/developer/sdks/gecko_sdk_suite/v1.1//protocol/bluetooth_2.4/lib/EFR32BG1B/GCC/bgapi.a(bgapi_hardware.c.obj)
 .ARM.attributes
                0x00000606       0x39 D:/SiliconLabs/SimplicityStudio/v4_2/developer/sdks/gecko_sdk_suite/v1.1//protocol/bluetooth_2.4/lib/EFR32BG1B/GCC/bgapi.a(bgapi_test_lib.c.obj)
 .ARM.attributes
                0x0000063f       0x39 D:/SiliconLabs/SimplicityStudio/v4_2/developer/sdks/gecko_sdk_suite/v1.1//protocol/bluetooth_2.4/lib/EFR32BG1B/GCC/bgapi.a(bgapi_dfu.c.obj)
 .ARM.attributes
                0x00000678       0x39 D:/SiliconLabs/SimplicityStudio/v4_2/developer/sdks/gecko_sdk_suite/v1.1//protocol/bluetooth_2.4/lib/EFR32BG1B/GCC/bgapi.a(bgapi_gap.c.obj)
 .ARM.attributes
                0x000006b1       0x39 D:/SiliconLabs/SimplicityStudio/v4_2/developer/sdks/gecko_sdk_suite/v1.1//protocol/bluetooth_2.4/lib/EFR32BG1B/GCC/bgapi.a(bgapi_gatt_lib.c.obj)
 .ARM.attributes
                0x000006ea       0x39 D:/SiliconLabs/SimplicityStudio/v4_2/developer/sdks/gecko_sdk_suite/v1.1//protocol/bluetooth_2.4/lib/EFR32BG1B/GCC/bgapi.a(bgapi_ps.c.obj)
 .ARM.attributes
                0x00000723       0x39 D:/SiliconLabs/SimplicityStudio/v4_2/developer/sdks/gecko_sdk_suite/v1.1//protocol/bluetooth_2.4/lib/EFR32BG1B/GCC/bgapi.a(bgapi_sm.c.obj)
 .ARM.attributes
                0x0000075c       0x39 D:/SiliconLabs/SimplicityStudio/v4_2/developer/sdks/gecko_sdk_suite/v1.1//protocol/bluetooth_2.4/lib/EFR32BG1B/GCC/bgapi.a(bgapi_system.c.obj)
 .ARM.attributes
                0x00000795       0x39 D:/SiliconLabs/SimplicityStudio/v4_2/developer/sdks/gecko_sdk_suite/v1.1//protocol/bluetooth_2.4/lib/EFR32BG1B/GCC/bgapi.a(bgapi_endpoint.c.obj)
 .ARM.attributes
                0x000007ce       0x39 D:/SiliconLabs/SimplicityStudio/v4_2/developer/sdks/gecko_sdk_suite/v1.1//protocol/bluetooth_2.4/lib/EFR32BG1B/GCC/bgapi.a(bgapi_le_connection.c.obj)
 .ARM.attributes
                0x00000807       0x39 D:/SiliconLabs/SimplicityStudio/v4_2/developer/sdks/gecko_sdk_suite/v1.1//protocol/bluetooth_2.4/lib/EFR32BG1B/GCC/bgapi.a(gatt_client.c.obj)
 .ARM.attributes
                0x00000840       0x39 D:/SiliconLabs/SimplicityStudio/v4_2/developer/sdks/gecko_sdk_suite/v1.1//protocol/bluetooth_2.4/lib/EFR32BG1B/GCC/bgapi.a(ubt_gatt_client.c.obj)
 .ARM.attributes
                0x00000879       0x39 D:/SiliconLabs/SimplicityStudio/v4_2/developer/sdks/gecko_sdk_suite/v1.1//protocol/bluetooth_2.4/lib/EFR32BG1B/GCC/bgapi.a(att_client.c.obj)
 .ARM.attributes
                0x000008b2       0x34 d:/siliconlabs/simplicitystudio/v4_2/developer/toolchains/gnu_arm/4.9_2015q3/bin/../lib/gcc/arm-none-eabi/4.9.3/../../../../arm-none-eabi/lib/armv7e-m/fpu\libc.a(lib_a-exit.o)
 .ARM.attributes
                0x000008e6       0x34 d:/siliconlabs/simplicitystudio/v4_2/developer/toolchains/gnu_arm/4.9_2015q3/bin/../lib/gcc/arm-none-eabi/4.9.3/../../../../arm-none-eabi/lib/armv7e-m/fpu\libc.a(lib_a-impure.o)
 .ARM.attributes
                0x0000091a       0x34 d:/siliconlabs/simplicitystudio/v4_2/developer/toolchains/gnu_arm/4.9_2015q3/bin/../lib/gcc/arm-none-eabi/4.9.3/../../../../arm-none-eabi/lib/armv7e-m/fpu\libc.a(lib_a-init.o)
 .ARM.attributes
                0x0000094e       0x34 d:/siliconlabs/simplicitystudio/v4_2/developer/toolchains/gnu_arm/4.9_2015q3/bin/../lib/gcc/arm-none-eabi/4.9.3/../../../../arm-none-eabi/lib/armv7e-m/fpu\libc.a(lib_a-memcmp.o)
 .ARM.attributes
                0x00000982       0x20 d:/siliconlabs/simplicitystudio/v4_2/developer/toolchains/gnu_arm/4.9_2015q3/bin/../lib/gcc/arm-none-eabi/4.9.3/../../../../arm-none-eabi/lib/armv7e-m/fpu\libc.a(lib_a-memcpy.o)
 .ARM.attributes
                0x000009a2       0x34 d:/siliconlabs/simplicitystudio/v4_2/developer/toolchains/gnu_arm/4.9_2015q3/bin/../lib/gcc/arm-none-eabi/4.9.3/../../../../arm-none-eabi/lib/armv7e-m/fpu\libc.a(lib_a-memset.o)
 .ARM.attributes
                0x000009d6       0x34 d:/siliconlabs/simplicitystudio/v4_2/developer/toolchains/gnu_arm/4.9_2015q3/bin/../lib/gcc/arm-none-eabi/4.9.3/../../../../arm-none-eabi/lib/armv7e-m/fpu\libc.a(lib_a-__call_atexit.o)
 .ARM.attributes
                0x00000a0a       0x34 d:/siliconlabs/simplicitystudio/v4_2/developer/toolchains/gnu_arm/4.9_2015q3/bin/../lib/gcc/arm-none-eabi/4.9.3/../../../../arm-none-eabi/lib/armv7e-m/fpu\libc.a(lib_a-atexit.o)
 .ARM.attributes
                0x00000a3e       0x34 d:/siliconlabs/simplicitystudio/v4_2/developer/toolchains/gnu_arm/4.9_2015q3/bin/../lib/gcc/arm-none-eabi/4.9.3/../../../../arm-none-eabi/lib/armv7e-m/fpu\libc.a(lib_a-fini.o)
 .ARM.attributes
                0x00000a72       0x34 d:/siliconlabs/simplicitystudio/v4_2/developer/toolchains/gnu_arm/4.9_2015q3/bin/../lib/gcc/arm-none-eabi/4.9.3/../../../../arm-none-eabi/lib/armv7e-m/fpu\libc.a(lib_a-__atexit.o)
 .ARM.attributes
                0x00000aa6       0x34 d:/siliconlabs/simplicitystudio/v4_2/developer/toolchains/gnu_arm/4.9_2015q3/bin/../lib/gcc/arm-none-eabi/4.9.3/../../../../arm-none-eabi/lib/armv7e-m/fpu\libnosys.a(_exit.o)
 .ARM.attributes
                0x00000ada       0x34 d:/siliconlabs/simplicitystudio/v4_2/developer/toolchains/gnu_arm/4.9_2015q3/bin/../lib/gcc/arm-none-eabi/4.9.3/armv7e-m/fpu/crtend.o
 .ARM.attributes
                0x00000b0e       0x22 d:/siliconlabs/simplicitystudio/v4_2/developer/toolchains/gnu_arm/4.9_2015q3/bin/../lib/gcc/arm-none-eabi/4.9.3/armv7e-m/fpu/crtn.o

.comment        0x00000000       0xde
 .comment       0x00000000       0x70 ./application_properties.o
                                 0x71 (size before relaxing)
 .comment       0x00000000       0x71 ./gatt_db.o
 .comment       0x00000000       0x71 ./main.o
 .comment       0x00000000       0x71 ./bgapi/dmadrv.o
 .comment       0x00000000       0x71 ./device/EFR32_B_1_1_B/gcc/startup_efr32bg1b.o
 .comment       0x00000000       0x71 ./emlib/em_cmu.o
 .comment       0x00000000       0x71 ./emlib/em_gpio.o
 .comment       0x00000000       0x71 ./emlib/em_rtcc.o
 .comment       0x00000000       0x71 ./emlib/em_system.o
 .comment       0x00000000       0x71 ./emlib/em_timer.o
 .comment       0x00000000       0x71 ./emlib/em_usart.o
 .comment       0x00000000       0x71 ./src/InitDevice.o
 .comment       0x00000070       0x6e D:/SiliconLabs/SimplicityStudio/v4_2/developer/sdks/gecko_sdk_suite/v1.1//protocol/bluetooth_2.4/lib/EFR32BG1B/GCC/bgapi.a(gecko_bgapi_hardware.c.obj)
                                 0x6f (size before relaxing)
 .comment       0x00000000       0x6f D:/SiliconLabs/SimplicityStudio/v4_2/developer/sdks/gecko_sdk_suite/v1.1//protocol/bluetooth_2.4/lib/EFR32BG1B/GCC/bgapi.a(gecko_bgapi_test.c.obj)
 .comment       0x00000000       0x6f D:/SiliconLabs/SimplicityStudio/v4_2/developer/sdks/gecko_sdk_suite/v1.1//protocol/bluetooth_2.4/lib/EFR32BG1B/GCC/bgapi.a(gecko_bgapi_dfu.c.obj)
 .comment       0x00000000       0x6f D:/SiliconLabs/SimplicityStudio/v4_2/developer/sdks/gecko_sdk_suite/v1.1//protocol/bluetooth_2.4/lib/EFR32BG1B/GCC/bgapi.a(gecko_bgapi_gap.c.obj)
 .comment       0x00000000       0x6f D:/SiliconLabs/SimplicityStudio/v4_2/developer/sdks/gecko_sdk_suite/v1.1//protocol/bluetooth_2.4/lib/EFR32BG1B/GCC/bgapi.a(gecko_bgapi_gatt.c.obj)
 .comment       0x00000000       0x6f D:/SiliconLabs/SimplicityStudio/v4_2/developer/sdks/gecko_sdk_suite/v1.1//protocol/bluetooth_2.4/lib/EFR32BG1B/GCC/bgapi.a(gecko_bgapi_gatt_server.c.obj)
 .comment       0x00000000       0x6f D:/SiliconLabs/SimplicityStudio/v4_2/developer/sdks/gecko_sdk_suite/v1.1//protocol/bluetooth_2.4/lib/EFR32BG1B/GCC/bgapi.a(gecko_bgapi_flash.c.obj)
 .comment       0x00000000       0x6f D:/SiliconLabs/SimplicityStudio/v4_2/developer/sdks/gecko_sdk_suite/v1.1//protocol/bluetooth_2.4/lib/EFR32BG1B/GCC/bgapi.a(gecko_bgapi_sm.c.obj)
 .comment       0x00000000       0x6f D:/SiliconLabs/SimplicityStudio/v4_2/developer/sdks/gecko_sdk_suite/v1.1//protocol/bluetooth_2.4/lib/EFR32BG1B/GCC/bgapi.a(gecko_bgapi_system.c.obj)
 .comment       0x00000000       0x6f D:/SiliconLabs/SimplicityStudio/v4_2/developer/sdks/gecko_sdk_suite/v1.1//protocol/bluetooth_2.4/lib/EFR32BG1B/GCC/bgapi.a(gecko_bgapi_endpoint.c.obj)
 .comment       0x00000000       0x6f D:/SiliconLabs/SimplicityStudio/v4_2/developer/sdks/gecko_sdk_suite/v1.1//protocol/bluetooth_2.4/lib/EFR32BG1B/GCC/bgapi.a(gecko_bgapi_le_connection.c.obj)
 .comment       0x00000000       0x6f D:/SiliconLabs/SimplicityStudio/v4_2/developer/sdks/gecko_sdk_suite/v1.1//protocol/bluetooth_2.4/lib/EFR32BG1B/GCC/bgapi.a(bgapi_hardware.c.obj)
 .comment       0x00000000       0x6f D:/SiliconLabs/SimplicityStudio/v4_2/developer/sdks/gecko_sdk_suite/v1.1//protocol/bluetooth_2.4/lib/EFR32BG1B/GCC/bgapi.a(bgapi_test_lib.c.obj)
 .comment       0x00000000       0x6f D:/SiliconLabs/SimplicityStudio/v4_2/developer/sdks/gecko_sdk_suite/v1.1//protocol/bluetooth_2.4/lib/EFR32BG1B/GCC/bgapi.a(bgapi_dfu.c.obj)
 .comment       0x00000000       0x6f D:/SiliconLabs/SimplicityStudio/v4_2/developer/sdks/gecko_sdk_suite/v1.1//protocol/bluetooth_2.4/lib/EFR32BG1B/GCC/bgapi.a(bgapi_gap.c.obj)
 .comment       0x00000000       0x6f D:/SiliconLabs/SimplicityStudio/v4_2/developer/sdks/gecko_sdk_suite/v1.1//protocol/bluetooth_2.4/lib/EFR32BG1B/GCC/bgapi.a(bgapi_gatt_lib.c.obj)
 .comment       0x00000000       0x6f D:/SiliconLabs/SimplicityStudio/v4_2/developer/sdks/gecko_sdk_suite/v1.1//protocol/bluetooth_2.4/lib/EFR32BG1B/GCC/bgapi.a(bgapi_ps.c.obj)
 .comment       0x00000000       0x6f D:/SiliconLabs/SimplicityStudio/v4_2/developer/sdks/gecko_sdk_suite/v1.1//protocol/bluetooth_2.4/lib/EFR32BG1B/GCC/bgapi.a(bgapi_sm.c.obj)
 .comment       0x00000000       0x6f D:/SiliconLabs/SimplicityStudio/v4_2/developer/sdks/gecko_sdk_suite/v1.1//protocol/bluetooth_2.4/lib/EFR32BG1B/GCC/bgapi.a(bgapi_system.c.obj)
 .comment       0x00000000       0x6f D:/SiliconLabs/SimplicityStudio/v4_2/developer/sdks/gecko_sdk_suite/v1.1//protocol/bluetooth_2.4/lib/EFR32BG1B/GCC/bgapi.a(bgapi_endpoint.c.obj)
 .comment       0x00000000       0x6f D:/SiliconLabs/SimplicityStudio/v4_2/developer/sdks/gecko_sdk_suite/v1.1//protocol/bluetooth_2.4/lib/EFR32BG1B/GCC/bgapi.a(bgapi_le_connection.c.obj)
 .comment       0x00000000       0x6f D:/SiliconLabs/SimplicityStudio/v4_2/developer/sdks/gecko_sdk_suite/v1.1//protocol/bluetooth_2.4/lib/EFR32BG1B/GCC/bgapi.a(gatt_client.c.obj)
 .comment       0x00000000       0x6f D:/SiliconLabs/SimplicityStudio/v4_2/developer/sdks/gecko_sdk_suite/v1.1//protocol/bluetooth_2.4/lib/EFR32BG1B/GCC/bgapi.a(ubt_gatt_client.c.obj)
 .comment       0x00000000       0x6f D:/SiliconLabs/SimplicityStudio/v4_2/developer/sdks/gecko_sdk_suite/v1.1//protocol/bluetooth_2.4/lib/EFR32BG1B/GCC/bgapi.a(att_client.c.obj)

.debug_info     0x00000000     0xd007
 .debug_info    0x00000000      0x168 ./application_properties.o
 .debug_info    0x00000168      0x5f8 ./gatt_db.o
 .debug_info    0x00000760     0x46f2 ./main.o
 .debug_info    0x00004e52     0x13f0 ./bgapi/dmadrv.o
 .debug_info    0x00006242      0x1b0 ./device/EFR32_B_1_1_B/gcc/startup_efr32bg1b.o
 .debug_info    0x000063f2     0x1b98 ./emlib/em_cmu.o
 .debug_info    0x00007f8a      0xa01 ./emlib/em_gpio.o
 .debug_info    0x0000898b      0x6b4 ./emlib/em_rtcc.o
 .debug_info    0x0000903f      0x272 ./emlib/em_system.o
 .debug_info    0x000092b1      0x94b ./emlib/em_timer.o
 .debug_info    0x00009bfc      0xf51 ./emlib/em_usart.o
 .debug_info    0x0000ab4d     0x24ba ./src/InitDevice.o

.debug_abbrev   0x00000000     0x1385
 .debug_abbrev  0x00000000       0x97 ./application_properties.o
 .debug_abbrev  0x00000097       0xbd ./gatt_db.o
 .debug_abbrev  0x00000154      0x273 ./main.o
 .debug_abbrev  0x000003c7      0x25d ./bgapi/dmadrv.o
 .debug_abbrev  0x00000624       0xd9 ./device/EFR32_B_1_1_B/gcc/startup_efr32bg1b.o
 .debug_abbrev  0x000006fd      0x2dc ./emlib/em_cmu.o
 .debug_abbrev  0x000009d9      0x1d8 ./emlib/em_gpio.o
 .debug_abbrev  0x00000bb1      0x175 ./emlib/em_rtcc.o
 .debug_abbrev  0x00000d26      0x107 ./emlib/em_system.o
 .debug_abbrev  0x00000e2d      0x172 ./emlib/em_timer.o
 .debug_abbrev  0x00000f9f      0x1d7 ./emlib/em_usart.o
 .debug_abbrev  0x00001176      0x20f ./src/InitDevice.o

.debug_aranges  0x00000000      0x600
 .debug_aranges
                0x00000000       0x18 ./application_properties.o
 .debug_aranges
                0x00000018       0x18 ./gatt_db.o
 .debug_aranges
                0x00000030       0x68 ./main.o
 .debug_aranges
                0x00000098       0xa0 ./bgapi/dmadrv.o
 .debug_aranges
                0x00000138       0x28 ./device/EFR32_B_1_1_B/gcc/startup_efr32bg1b.o
 .debug_aranges
                0x00000160      0x1a8 ./emlib/em_cmu.o
 .debug_aranges
                0x00000308       0x88 ./emlib/em_gpio.o
 .debug_aranges
                0x00000390       0x50 ./emlib/em_rtcc.o
 .debug_aranges
                0x000003e0       0x28 ./emlib/em_system.o
 .debug_aranges
                0x00000408       0x58 ./emlib/em_timer.o
 .debug_aranges
                0x00000460       0xb8 ./emlib/em_usart.o
 .debug_aranges
                0x00000518       0xe8 ./src/InitDevice.o

.debug_line     0x00000000     0x3a5e
 .debug_line    0x00000000      0x1ac ./application_properties.o
 .debug_line    0x000001ac      0x1a8 ./gatt_db.o
 .debug_line    0x00000354      0x4eb ./main.o
 .debug_line    0x0000083f      0x61f ./bgapi/dmadrv.o
 .debug_line    0x00000e5e      0x1d0 ./device/EFR32_B_1_1_B/gcc/startup_efr32bg1b.o
 .debug_line    0x0000102e      0xb81 ./emlib/em_cmu.o
 .debug_line    0x00001baf      0x531 ./emlib/em_gpio.o
 .debug_line    0x000020e0      0x3ec ./emlib/em_rtcc.o
 .debug_line    0x000024cc      0x320 ./emlib/em_system.o
 .debug_line    0x000027ec      0x5c9 ./emlib/em_timer.o
 .debug_line    0x00002db5      0x5ec ./emlib/em_usart.o
 .debug_line    0x000033a1      0x6bd ./src/InitDevice.o

.debug_str      0x00000000     0xac41
 .debug_str     0x00000000      0x2b2 ./application_properties.o
                                0x309 (size before relaxing)
 .debug_str     0x000002b2      0x619 ./gatt_db.o
                                0x86e (size before relaxing)
 .debug_str     0x000008cb     0x5f5d ./main.o
                               0x65e3 (size before relaxing)
 .debug_str     0x00006828      0xea7 ./bgapi/dmadrv.o
                               0x10e5 (size before relaxing)
 .debug_str     0x000076cf       0xee ./device/EFR32_B_1_1_B/gcc/startup_efr32bg1b.o
                                0x2c0 (size before relaxing)
 .debug_str     0x000077bd     0x114c ./emlib/em_cmu.o
                               0x13fc (size before relaxing)
 .debug_str     0x00008909      0x3e0 ./emlib/em_gpio.o
                                0x84d (size before relaxing)
 .debug_str     0x00008ce9      0x5d6 ./emlib/em_rtcc.o
                                0x815 (size before relaxing)
 .debug_str     0x000092bf      0x129 ./emlib/em_system.o
                                0x31a (size before relaxing)
 .debug_str     0x000093e8      0x7b1 ./emlib/em_timer.o
                                0x9f0 (size before relaxing)
 .debug_str     0x00009b99      0x9fd ./emlib/em_usart.o
                                0xe1b (size before relaxing)
 .debug_str     0x0000a596      0x6ab ./src/InitDevice.o
                               0x2459 (size before relaxing)

.debug_loc      0x00000000     0x311e
 .debug_loc     0x00000000      0x30a ./main.o
 .debug_loc     0x0000030a      0x568 ./bgapi/dmadrv.o
 .debug_loc     0x00000872       0x64 ./device/EFR32_B_1_1_B/gcc/startup_efr32bg1b.o
 .debug_loc     0x000008d6     0x1000 ./emlib/em_cmu.o
 .debug_loc     0x000018d6      0x4b4 ./emlib/em_gpio.o
 .debug_loc     0x00001d8a      0x23c ./emlib/em_rtcc.o
 .debug_loc     0x00001fc6       0xb8 ./emlib/em_system.o
 .debug_loc     0x0000207e      0x2b0 ./emlib/em_timer.o
 .debug_loc     0x0000232e      0x6d2 ./emlib/em_usart.o
 .debug_loc     0x00002a00      0x71e ./src/InitDevice.o

.debug_ranges   0x00000000      0x530
 .debug_ranges  0x00000000       0x58 ./main.o
 .debug_ranges  0x00000058       0x90 ./bgapi/dmadrv.o
 .debug_ranges  0x000000e8       0x18 ./device/EFR32_B_1_1_B/gcc/startup_efr32bg1b.o
 .debug_ranges  0x00000100      0x198 ./emlib/em_cmu.o
 .debug_ranges  0x00000298       0x78 ./emlib/em_gpio.o
 .debug_ranges  0x00000310       0x40 ./emlib/em_rtcc.o
 .debug_ranges  0x00000350       0x18 ./emlib/em_system.o
 .debug_ranges  0x00000368       0x48 ./emlib/em_timer.o
 .debug_ranges  0x000003b0       0xa8 ./emlib/em_usart.o
 .debug_ranges  0x00000458       0xd8 ./src/InitDevice.o

.debug_frame    0x00000000     0x18a4
 .debug_frame   0x00000000      0x174 ./main.o
 .debug_frame   0x00000174      0x280 ./bgapi/dmadrv.o
 .debug_frame   0x000003f4       0x48 ./device/EFR32_B_1_1_B/gcc/startup_efr32bg1b.o
 .debug_frame   0x0000043c      0x74c ./emlib/em_cmu.o
 .debug_frame   0x00000b88      0x224 ./emlib/em_gpio.o
 .debug_frame   0x00000dac      0x110 ./emlib/em_rtcc.o
 .debug_frame   0x00000ebc       0x60 ./emlib/em_system.o
 .debug_frame   0x00000f1c      0x140 ./emlib/em_timer.o
 .debug_frame   0x0000105c      0x310 ./emlib/em_usart.o
 .debug_frame   0x0000136c      0x380 ./src/InitDevice.o
 .debug_frame   0x000016ec       0x28 d:/siliconlabs/simplicitystudio/v4_2/developer/toolchains/gnu_arm/4.9_2015q3/bin/../lib/gcc/arm-none-eabi/4.9.3/../../../../arm-none-eabi/lib/armv7e-m/fpu\libc.a(lib_a-exit.o)
 .debug_frame   0x00001714       0x2c d:/siliconlabs/simplicitystudio/v4_2/developer/toolchains/gnu_arm/4.9_2015q3/bin/../lib/gcc/arm-none-eabi/4.9.3/../../../../arm-none-eabi/lib/armv7e-m/fpu\libc.a(lib_a-init.o)
 .debug_frame   0x00001740       0x38 d:/siliconlabs/simplicitystudio/v4_2/developer/toolchains/gnu_arm/4.9_2015q3/bin/../lib/gcc/arm-none-eabi/4.9.3/../../../../arm-none-eabi/lib/armv7e-m/fpu\libc.a(lib_a-memcmp.o)
 .debug_frame   0x00001778       0x34 d:/siliconlabs/simplicitystudio/v4_2/developer/toolchains/gnu_arm/4.9_2015q3/bin/../lib/gcc/arm-none-eabi/4.9.3/../../../../arm-none-eabi/lib/armv7e-m/fpu\libc.a(lib_a-memset.o)
 .debug_frame   0x000017ac       0x50 d:/siliconlabs/simplicitystudio/v4_2/developer/toolchains/gnu_arm/4.9_2015q3/bin/../lib/gcc/arm-none-eabi/4.9.3/../../../../arm-none-eabi/lib/armv7e-m/fpu\libc.a(lib_a-__call_atexit.o)
 .debug_frame   0x000017fc       0x20 d:/siliconlabs/simplicitystudio/v4_2/developer/toolchains/gnu_arm/4.9_2015q3/bin/../lib/gcc/arm-none-eabi/4.9.3/../../../../arm-none-eabi/lib/armv7e-m/fpu\libc.a(lib_a-atexit.o)
 .debug_frame   0x0000181c       0x34 d:/siliconlabs/simplicitystudio/v4_2/developer/toolchains/gnu_arm/4.9_2015q3/bin/../lib/gcc/arm-none-eabi/4.9.3/../../../../arm-none-eabi/lib/armv7e-m/fpu\libc.a(lib_a-fini.o)
 .debug_frame   0x00001850       0x34 d:/siliconlabs/simplicitystudio/v4_2/developer/toolchains/gnu_arm/4.9_2015q3/bin/../lib/gcc/arm-none-eabi/4.9.3/../../../../arm-none-eabi/lib/armv7e-m/fpu\libc.a(lib_a-__atexit.o)
 .debug_frame   0x00001884       0x20 d:/siliconlabs/simplicitystudio/v4_2/developer/toolchains/gnu_arm/4.9_2015q3/bin/../lib/gcc/arm-none-eabi/4.9.3/../../../../arm-none-eabi/lib/armv7e-m/fpu\libnosys.a(_exit.o)
