###############################################################################
#
# IAR ELF Linker V7.60.2.11341/W32 for ARM                05/Oct/2017  08:49:25
# Copyright 2007-2016 IAR Systems AB.
#
#    Output file  =  
#        D:\GoogleDriveCLT\GoogleDrive\WeatherCloud\Roadboard\Software\Road-Board-December-2016N8\EWARM\RdBrd
#        XMLShrt Long Always\Exe\Road Board Rev K NUCLEO V1.1 Jul 12 2016.out
#    Map file     =  
#        D:\GoogleDriveCLT\GoogleDrive\WeatherCloud\Roadboard\Software\Road-Board-December-2016N8\EWARM\RdBrd
#        XMLShrt Long Always\List\Road Board Rev K NUCLEO V1.1 Jul 12 2016.map
#    Command line =  
#        "D:\GoogleDriveCLT\GoogleDrive\WeatherCloud\Roadboard\Software\Road-Board-December-2016N8\EWARM\RdBrd
#        XMLShrt Long Always\Obj\adc.o"
#        "D:\GoogleDriveCLT\GoogleDrive\WeatherCloud\Roadboard\Software\Road-Board-December-2016N8\EWARM\RdBrd
#        XMLShrt Long Always\Obj\app_data.o"
#        "D:\GoogleDriveCLT\GoogleDrive\WeatherCloud\Roadboard\Software\Road-Board-December-2016N8\EWARM\RdBrd
#        XMLShrt Long Always\Obj\barometer.o"
#        "D:\GoogleDriveCLT\GoogleDrive\WeatherCloud\Roadboard\Software\Road-Board-December-2016N8\EWARM\RdBrd
#        XMLShrt Long Always\Obj\bgm111.o"
#        "D:\GoogleDriveCLT\GoogleDrive\WeatherCloud\Roadboard\Software\Road-Board-December-2016N8\EWARM\RdBrd
#        XMLShrt Long Always\Obj\Calibration.o"
#        "D:\GoogleDriveCLT\GoogleDrive\WeatherCloud\Roadboard\Software\Road-Board-December-2016N8\EWARM\RdBrd
#        XMLShrt Long Always\Obj\cmsis_os.o"
#        "D:\GoogleDriveCLT\GoogleDrive\WeatherCloud\Roadboard\Software\Road-Board-December-2016N8\EWARM\RdBrd
#        XMLShrt Long Always\Obj\croutine.o"
#        "D:\GoogleDriveCLT\GoogleDrive\WeatherCloud\Roadboard\Software\Road-Board-December-2016N8\EWARM\RdBrd
#        XMLShrt Long Always\Obj\dma.o"
#        "D:\GoogleDriveCLT\GoogleDrive\WeatherCloud\Roadboard\Software\Road-Board-December-2016N8\EWARM\RdBrd
#        XMLShrt Long Always\Obj\ErrorCodes.o"
#        "D:\GoogleDriveCLT\GoogleDrive\WeatherCloud\Roadboard\Software\Road-Board-December-2016N8\EWARM\RdBrd
#        XMLShrt Long Always\Obj\event_groups.o"
#        "D:\GoogleDriveCLT\GoogleDrive\WeatherCloud\Roadboard\Software\Road-Board-December-2016N8\EWARM\RdBrd
#        XMLShrt Long Always\Obj\fix_fft.o"
#        "D:\GoogleDriveCLT\GoogleDrive\WeatherCloud\Roadboard\Software\Road-Board-December-2016N8\EWARM\RdBrd
#        XMLShrt Long Always\Obj\Flash.o"
#        "D:\GoogleDriveCLT\GoogleDrive\WeatherCloud\Roadboard\Software\Road-Board-December-2016N8\EWARM\RdBrd
#        XMLShrt Long Always\Obj\freertos.o"
#        "D:\GoogleDriveCLT\GoogleDrive\WeatherCloud\Roadboard\Software\Road-Board-December-2016N8\EWARM\RdBrd
#        XMLShrt Long Always\Obj\gecko_bglib.o"
#        "D:\GoogleDriveCLT\GoogleDrive\WeatherCloud\Roadboard\Software\Road-Board-December-2016N8\EWARM\RdBrd
#        XMLShrt Long Always\Obj\gpio.o"
#        "D:\GoogleDriveCLT\GoogleDrive\WeatherCloud\Roadboard\Software\Road-Board-December-2016N8\EWARM\RdBrd
#        XMLShrt Long Always\Obj\GridEye.o"
#        "D:\GoogleDriveCLT\GoogleDrive\WeatherCloud\Roadboard\Software\Road-Board-December-2016N8\EWARM\RdBrd
#        XMLShrt Long Always\Obj\heap_4.o"
#        "D:\GoogleDriveCLT\GoogleDrive\WeatherCloud\Roadboard\Software\Road-Board-December-2016N8\EWARM\RdBrd
#        XMLShrt Long Always\Obj\Humidity.o"
#        "D:\GoogleDriveCLT\GoogleDrive\WeatherCloud\Roadboard\Software\Road-Board-December-2016N8\EWARM\RdBrd
#        XMLShrt Long Always\Obj\i2c.o"
#        "D:\GoogleDriveCLT\GoogleDrive\WeatherCloud\Roadboard\Software\Road-Board-December-2016N8\EWARM\RdBrd
#        XMLShrt Long Always\Obj\list.o"
#        "D:\GoogleDriveCLT\GoogleDrive\WeatherCloud\Roadboard\Software\Road-Board-December-2016N8\EWARM\RdBrd
#        XMLShrt Long Always\Obj\lps25hb.o"
#        "D:\GoogleDriveCLT\GoogleDrive\WeatherCloud\Roadboard\Software\Road-Board-December-2016N8\EWARM\RdBrd
#        XMLShrt Long Always\Obj\main.o"
#        "D:\GoogleDriveCLT\GoogleDrive\WeatherCloud\Roadboard\Software\Road-Board-December-2016N8\EWARM\RdBrd
#        XMLShrt Long Always\Obj\parser.o"
#        "D:\GoogleDriveCLT\GoogleDrive\WeatherCloud\Roadboard\Software\Road-Board-December-2016N8\EWARM\RdBrd
#        XMLShrt Long Always\Obj\port.o"
#        "D:\GoogleDriveCLT\GoogleDrive\WeatherCloud\Roadboard\Software\Road-Board-December-2016N8\EWARM\RdBrd
#        XMLShrt Long Always\Obj\portasm.o"
#        "D:\GoogleDriveCLT\GoogleDrive\WeatherCloud\Roadboard\Software\Road-Board-December-2016N8\EWARM\RdBrd
#        XMLShrt Long Always\Obj\queue.o"
#        "D:\GoogleDriveCLT\GoogleDrive\WeatherCloud\Roadboard\Software\Road-Board-December-2016N8\EWARM\RdBrd
#        XMLShrt Long Always\Obj\Rd_Sound.o"
#        "D:\GoogleDriveCLT\GoogleDrive\WeatherCloud\Roadboard\Software\Road-Board-December-2016N8\EWARM\RdBrd
#        XMLShrt Long Always\Obj\RGBLight.o"
#        "D:\GoogleDriveCLT\GoogleDrive\WeatherCloud\Roadboard\Software\Road-Board-December-2016N8\EWARM\RdBrd
#        XMLShrt Long Always\Obj\startup_stm32l152xe.o"
#        "D:\GoogleDriveCLT\GoogleDrive\WeatherCloud\Roadboard\Software\Road-Board-December-2016N8\EWARM\RdBrd
#        XMLShrt Long Always\Obj\stm32l1xx_hal.o"
#        "D:\GoogleDriveCLT\GoogleDrive\WeatherCloud\Roadboard\Software\Road-Board-December-2016N8\EWARM\RdBrd
#        XMLShrt Long Always\Obj\stm32l1xx_hal_adc.o"
#        "D:\GoogleDriveCLT\GoogleDrive\WeatherCloud\Roadboard\Software\Road-Board-December-2016N8\EWARM\RdBrd
#        XMLShrt Long Always\Obj\stm32l1xx_hal_adc_ex.o"
#        "D:\GoogleDriveCLT\GoogleDrive\WeatherCloud\Roadboard\Software\Road-Board-December-2016N8\EWARM\RdBrd
#        XMLShrt Long Always\Obj\stm32l1xx_hal_cortex.o"
#        "D:\GoogleDriveCLT\GoogleDrive\WeatherCloud\Roadboard\Software\Road-Board-December-2016N8\EWARM\RdBrd
#        XMLShrt Long Always\Obj\stm32l1xx_hal_dma.o"
#        "D:\GoogleDriveCLT\GoogleDrive\WeatherCloud\Roadboard\Software\Road-Board-December-2016N8\EWARM\RdBrd
#        XMLShrt Long Always\Obj\stm32l1xx_hal_flash.o"
#        "D:\GoogleDriveCLT\GoogleDrive\WeatherCloud\Roadboard\Software\Road-Board-December-2016N8\EWARM\RdBrd
#        XMLShrt Long Always\Obj\stm32l1xx_hal_flash_ex.o"
#        "D:\GoogleDriveCLT\GoogleDrive\WeatherCloud\Roadboard\Software\Road-Board-December-2016N8\EWARM\RdBrd
#        XMLShrt Long Always\Obj\stm32l1xx_hal_flash_ramfunc.o"
#        "D:\GoogleDriveCLT\GoogleDrive\WeatherCloud\Roadboard\Software\Road-Board-December-2016N8\EWARM\RdBrd
#        XMLShrt Long Always\Obj\stm32l1xx_hal_gpio.o"
#        "D:\GoogleDriveCLT\GoogleDrive\WeatherCloud\Roadboard\Software\Road-Board-December-2016N8\EWARM\RdBrd
#        XMLShrt Long Always\Obj\stm32l1xx_hal_i2c.o"
#        "D:\GoogleDriveCLT\GoogleDrive\WeatherCloud\Roadboard\Software\Road-Board-December-2016N8\EWARM\RdBrd
#        XMLShrt Long Always\Obj\stm32l1xx_hal_msp.o"
#        "D:\GoogleDriveCLT\GoogleDrive\WeatherCloud\Roadboard\Software\Road-Board-December-2016N8\EWARM\RdBrd
#        XMLShrt Long Always\Obj\stm32l1xx_hal_pcd.o"
#        "D:\GoogleDriveCLT\GoogleDrive\WeatherCloud\Roadboard\Software\Road-Board-December-2016N8\EWARM\RdBrd
#        XMLShrt Long Always\Obj\stm32l1xx_hal_pcd_ex.o"
#        "D:\GoogleDriveCLT\GoogleDrive\WeatherCloud\Roadboard\Software\Road-Board-December-2016N8\EWARM\RdBrd
#        XMLShrt Long Always\Obj\stm32l1xx_hal_pwr.o"
#        "D:\GoogleDriveCLT\GoogleDrive\WeatherCloud\Roadboard\Software\Road-Board-December-2016N8\EWARM\RdBrd
#        XMLShrt Long Always\Obj\stm32l1xx_hal_pwr_ex.o"
#        "D:\GoogleDriveCLT\GoogleDrive\WeatherCloud\Roadboard\Software\Road-Board-December-2016N8\EWARM\RdBrd
#        XMLShrt Long Always\Obj\stm32l1xx_hal_rcc.o"
#        "D:\GoogleDriveCLT\GoogleDrive\WeatherCloud\Roadboard\Software\Road-Board-December-2016N8\EWARM\RdBrd
#        XMLShrt Long Always\Obj\stm32l1xx_hal_rcc_ex.o"
#        "D:\GoogleDriveCLT\GoogleDrive\WeatherCloud\Roadboard\Software\Road-Board-December-2016N8\EWARM\RdBrd
#        XMLShrt Long Always\Obj\stm32l1xx_hal_tim.o"
#        "D:\GoogleDriveCLT\GoogleDrive\WeatherCloud\Roadboard\Software\Road-Board-December-2016N8\EWARM\RdBrd
#        XMLShrt Long Always\Obj\stm32l1xx_hal_tim_ex.o"
#        "D:\GoogleDriveCLT\GoogleDrive\WeatherCloud\Roadboard\Software\Road-Board-December-2016N8\EWARM\RdBrd
#        XMLShrt Long Always\Obj\stm32l1xx_hal_timebase_TIM.o"
#        "D:\GoogleDriveCLT\GoogleDrive\WeatherCloud\Roadboard\Software\Road-Board-December-2016N8\EWARM\RdBrd
#        XMLShrt Long Always\Obj\stm32l1xx_hal_uart.o"
#        "D:\GoogleDriveCLT\GoogleDrive\WeatherCloud\Roadboard\Software\Road-Board-December-2016N8\EWARM\RdBrd
#        XMLShrt Long Always\Obj\stm32l1xx_hal_wwdg.o"
#        "D:\GoogleDriveCLT\GoogleDrive\WeatherCloud\Roadboard\Software\Road-Board-December-2016N8\EWARM\RdBrd
#        XMLShrt Long Always\Obj\stm32l1xx_it.o"
#        "D:\GoogleDriveCLT\GoogleDrive\WeatherCloud\Roadboard\Software\Road-Board-December-2016N8\EWARM\RdBrd
#        XMLShrt Long Always\Obj\stm32l1xx_nucleo.o"
#        "D:\GoogleDriveCLT\GoogleDrive\WeatherCloud\Roadboard\Software\Road-Board-December-2016N8\EWARM\RdBrd
#        XMLShrt Long Always\Obj\system_stm32l1xx.o"
#        "D:\GoogleDriveCLT\GoogleDrive\WeatherCloud\Roadboard\Software\Road-Board-December-2016N8\EWARM\RdBrd
#        XMLShrt Long Always\Obj\tasks.o"
#        "D:\GoogleDriveCLT\GoogleDrive\WeatherCloud\Roadboard\Software\Road-Board-December-2016N8\EWARM\RdBrd
#        XMLShrt Long Always\Obj\Temperature.o"
#        "D:\GoogleDriveCLT\GoogleDrive\WeatherCloud\Roadboard\Software\Road-Board-December-2016N8\EWARM\RdBrd
#        XMLShrt Long Always\Obj\tim.o"
#        "D:\GoogleDriveCLT\GoogleDrive\WeatherCloud\Roadboard\Software\Road-Board-December-2016N8\EWARM\RdBrd
#        XMLShrt Long Always\Obj\timers.o"
#        "D:\GoogleDriveCLT\GoogleDrive\WeatherCloud\Roadboard\Software\Road-Board-December-2016N8\EWARM\RdBrd
#        XMLShrt Long Always\Obj\usart.o"
#        "D:\GoogleDriveCLT\GoogleDrive\WeatherCloud\Roadboard\Software\Road-Board-December-2016N8\EWARM\RdBrd
#        XMLShrt Long Always\Obj\usb_device.o"
#        "D:\GoogleDriveCLT\GoogleDrive\WeatherCloud\Roadboard\Software\Road-Board-December-2016N8\EWARM\RdBrd
#        XMLShrt Long Always\Obj\usbd_cdc.o"
#        "D:\GoogleDriveCLT\GoogleDrive\WeatherCloud\Roadboard\Software\Road-Board-December-2016N8\EWARM\RdBrd
#        XMLShrt Long Always\Obj\usbd_cdc_if.o"
#        "D:\GoogleDriveCLT\GoogleDrive\WeatherCloud\Roadboard\Software\Road-Board-December-2016N8\EWARM\RdBrd
#        XMLShrt Long Always\Obj\usbd_conf.o"
#        "D:\GoogleDriveCLT\GoogleDrive\WeatherCloud\Roadboard\Software\Road-Board-December-2016N8\EWARM\RdBrd
#        XMLShrt Long Always\Obj\usbd_core.o"
#        "D:\GoogleDriveCLT\GoogleDrive\WeatherCloud\Roadboard\Software\Road-Board-December-2016N8\EWARM\RdBrd
#        XMLShrt Long Always\Obj\usbd_ctlreq.o"
#        "D:\GoogleDriveCLT\GoogleDrive\WeatherCloud\Roadboard\Software\Road-Board-December-2016N8\EWARM\RdBrd
#        XMLShrt Long Always\Obj\usbd_desc.o"
#        "D:\GoogleDriveCLT\GoogleDrive\WeatherCloud\Roadboard\Software\Road-Board-December-2016N8\EWARM\RdBrd
#        XMLShrt Long Always\Obj\usbd_ioreq.o"
#        "D:\GoogleDriveCLT\GoogleDrive\WeatherCloud\Roadboard\Software\Road-Board-December-2016N8\EWARM\RdBrd
#        XMLShrt Long Always\Obj\VMonitor.o"
#        "D:\GoogleDriveCLT\GoogleDrive\WeatherCloud\Roadboard\Software\Road-Board-December-2016N8\EWARM\RdBrd
#        XMLShrt Long Always\Obj\wwdg.o" --redirect _Printf=_PrintfFull
#        --redirect _Scanf=_ScanfFull -o
#        "D:\GoogleDriveCLT\GoogleDrive\WeatherCloud\Roadboard\Software\Road-Board-December-2016N8\EWARM\RdBrd
#        XMLShrt Long Always\Exe\Road Board Rev K NUCLEO V1.1 Jul 12 2016.out"
#        --map
#        "D:\GoogleDriveCLT\GoogleDrive\WeatherCloud\Roadboard\Software\Road-Board-December-2016N8\EWARM\RdBrd
#        XMLShrt Long Always\List\Road Board Rev K NUCLEO V1.1 Jul 12 2016.map"
#        --config
#        D:\GoogleDriveCLT\GoogleDrive\WeatherCloud\Roadboard\Software\Road-Board-December-2016N8\EWARM/stm32l152xe_flash.icf
#        --semihosting --entry __iar_program_start --vfe
#
###############################################################################

*******************************************************************************
*** RUNTIME MODEL ATTRIBUTES
***

CppFlavor                     = *
__Heap_Handler                = Basic
__SystemLibrary               = DLib
__dlib_dynamic_initialization = normal


*******************************************************************************
*** PLACEMENT SUMMARY
***

"A1":  place at 0x08000000 { ro section .intvec };
"P1":  place in [from 0x08000000 to 0x0807ffff] { ro };
"P2":  place in [from 0x20000000 to 0x20013fff] { rw, block CSTACK, block HEAP };
initialize by copy { rw };

  Section             Kind        Address     Size  Object
  -------             ----        -------     ----  ------
"A1":                                        0x124
  .intvec             ro code  0x08000000    0x124  startup_stm32l152xe.o [1]
                             - 0x08000124    0x124

"P1":                                      0x1b35c
  .text               ro code  0x08000124   0x4aa0  parser.o [1]
  .text               ro code  0x08004bc4     0x36  strlen.o [5]
  .text               ro code  0x08004bfa     0x1e  xsscin.o [3]
  .text               ro code  0x08004c18     0x44  strcpy_unaligned.o [5]
  .text               ro code  0x08004c5c    0x4bc  usart.o [1]
  .text               ro code  0x08005118    0xb7c  bgm111.o [1]
  .text               ro code  0x08005c94    0x240  Rd_Sound.o [1]
  .text               ro code  0x08005ed4     0x34  sprintf.o [3]
  .text               ro code  0x08005f08     0x1c  strcat.o [3]
  .text               ro code  0x08005f24    0x278  barometer.o [1]
  .text               ro code  0x0800619c   0x150c  app_data.o [1]
  .text               ro code  0x080076a8   0x1aac  GridEye.o [1]
  .text               ro code  0x08009154    0x874  VMonitor.o [1]
  .text               ro code  0x080099c8    0xcbc  Humidity.o [1]
  .text               ro code  0x0800a684    0x2b4  Temperature.o [1]
  .text               ro code  0x0800a938    0x328  RGBLight.o [1]
  .text               ro code  0x0800ac60    0x1c4  gpio.o [1]
  .text               ro code  0x0800ae24    0x4e0  i2c.o [1]
  .text               ro code  0x0800b304     0x24  sscanf.o [3]
  .text               ro code  0x0800b328     0x4e  FltToDbl.o [4]
  .text               ro code  0x0800b376     0x2c  strncmp.o [3]
  .text               ro code  0x0800b3a2      0xa  xsprout.o [3]
  .text               ro code  0x0800b3ac    0x140  Calibration.o [1]
  .text               ro code  0x0800b4ec     0x48  stm32l1xx_hal.o [1]
  .text               ro code  0x0800b534    0x1b0  stm32l1xx_hal_cortex.o [1]
  .text               ro code  0x0800b6e4      0xa  isdigit.o [3]
  .text               ro code  0x0800b6ee      0x8  atoi.o [3]
  .text               ro code  0x0800b6f8    0x284  wwdg.o [1]
  .text               ro code  0x0800b97c     0x32  I32ToFlt.o [4]
  .text               ro code  0x0800b9b0     0xfc  FltDiv.o [4]
  .text               ro code  0x0800baac    0x8ec  stm32l1xx_hal_uart.o [1]
  .text               ro code  0x0800c398    0x742  main.o [1]
  .text               ro code  0x0800cadc    0x378  stm32l1xx_hal_gpio.o [1]
  .text               ro code  0x0800ce54    0x1b0  gecko_bglib.o [1]
  .text               ro code  0x0800d004    0x17a  ErrorCodes.o [1]
  .text               ro code  0x0800d180    0x24c  tim.o [1]
  .text               ro code  0x0800d3cc     0x10  bgm111.o [1]
  .text               ro code  0x0800d3dc    0x2bc  adc.o [1]
  .text               ro code  0x0800d698    0x1ac  fix_fft.o [1]
  .text               ro code  0x0800d844     0xd8  FltMul.o [4]
  .text               ro code  0x0800d91c     0x84  FltAdd.o [4]
  .text               ro code  0x0800d9a0     0xf0  sqrt.o [4]
  .text               ro code  0x0800da90     0x90  DblToFlt.o [4]
  .text               ro code  0x0800db20     0x44  FltToS32.o [4]
  .text               ro code  0x0800db64   0x119e  xprintffull.o [3]
  .text               ro code  0x0800ed04    0x248  lps25hb.o [1]
  .text               ro code  0x0800ef4c    0x1a2  DblMul.o [4]
  .text               ro code  0x0800f0f0     0x58  DblToI32.o [4]
  .text               ro code  0x0800f148     0xb8  modf.o [4]
  .text               ro code  0x0800f200     0xe8  DblAdd.o [4]
  .text               ro code  0x0800f2e8     0x42  strcmp_unaligned.o [5]
  .text               ro code  0x0800f32c     0x6c  strncpy_unaligned.o [5]
  .text               ro code  0x0800f398     0x44  round.o [4]
  .text               ro code  0x0800f3dc     0x24  FltCmpGe.o [4]
  .text               ro code  0x0800f400     0x30  I32ToDbl.o [4]
  .text               ro code  0x0800f430   0x1018  stm32l1xx_hal_i2c.o [1]
  .text               ro code  0x08010448    0xcf0  xscanffull.o [3]
  .text               ro code  0x08011138    0x158  Flash.o [1]
  .text               ro code  0x08011290     0x90  stm32l1xx_hal_timebase_TIM.o [1]
  .text               ro code  0x08011320     0x98  stm32l1xx_hal_msp.o [1]
  .text               ro code  0x080113b8    0x198  xstoul.o [3]
  .text               ro code  0x08011550     0xd6  stm32l1xx_hal_wwdg.o [1]
  .text               ro code  0x08011628    0xcd4  stm32l1xx_hal_rcc.o [1]
  .text               ro code  0x080122fc     0x30  dma.o [1]
  .text               ro code  0x0801232c     0x64  system_stm32l1xx.o [1]
  .text               ro code  0x08012390    0x3da  stm32l1xx_hal_tim.o [1]
  .text               ro code  0x0801276a     0x5e  stm32l1xx_hal_tim_ex.o [1]
  .text               ro code  0x080127c8     0x2e  strstr.o [3]
  .text               ro code  0x080127f8    0x82a  stm32l1xx_hal_adc.o [1]
  .text               ro code  0x08013024    0xefe  stm32l1xx_hal_dma.o [1]
  .text               ro code  0x08013f22     0x1c  fix_fft.o [1]
  .text               ro code  0x08013f40     0xd6  FltSub.o [4]
  .text               ro code  0x08014018      0xc  iarEdom.o [5]
  .text               ro code  0x08014024     0x20  xmbtowc.o [3]
  .text               ro code  0x08014044     0x16  strchr.o [5]
  .text               ro code  0x0801405c     0x58  memchr.o [5]
  .text               ro code  0x080140b4      0xa  xmbcurmax.o [3]
  .text               ro code  0x080140c0     0xb0  xxmemxmalloc.o [3]
  .text               ro code  0x08014170     0x1a  xwctomb.o [3]
  .text               ro code  0x0801418c     0x76  ABImemcpy_unaligned.o [5]
  .text               ro code  0x08014204     0x80  xxmemxfree.o [3]
  .text               ro code  0x08014284     0xee  I64DivMod.o [5]
  .text               ro code  0x08014372     0x44  xdnorm.o [4]
  .text               ro code  0x080143b8     0x2e  DblCmpLe.o [4]
  .text               ro code  0x080143e8     0x2e  DblCmpGe.o [4]
  .text               ro code  0x08014418    0x10c  xdscale.o [4]
  .text               ro code  0x08014524    0x180  DblSub.o [4]
  .text               ro code  0x080146a4    0x256  DblDiv.o [4]
  .text               ro code  0x080148fc     0x6c  localeconv.o [3]
  .text               ro code  0x08014968      0xe  div.o [3]
  .text               ro code  0x08014978     0x5e  ABImemset.o [5]
  .text               ro code  0x080149d6     0x7a  xdint.o [4]
  .text               ro code  0x08014a50     0x40  xwctob.o [3]
  .text               ro code  0x08014a90     0x28  isxxx.o [3]
  .text               ro code  0x08014ab8     0xa6  xstoll.o [3]
  .text               ro code  0x08014b60    0x1b0  xstoull.o [3]
  .text               ro code  0x08014d10    0x14c  xstold.o [4]
  .text               ro code  0x08014e5c    0x198  stm32l1xx_hal_flash.o [1]
  .text               ro code  0x08014ff4     0x5e  ceil.o [4]
  .text               ro code  0x08015054     0xcc  stm32l1xx_hal_flash_ex.o [1]
  .text               ro code  0x08015120     0x14  tolower.o [3]
  .text               ro code  0x08015134      0xc  errno.o [3]
  .text               ro code  0x08015140     0x10  stm32l1xx_hal_pwr_ex.o [1]
  .text               ro code  0x08015150     0x28  setlocale.o [3]
  .text               ro code  0x08015178     0x60  xencoding_sb.o [3]
  .text               ro code  0x080151d8     0x2c  xgetmemchunk.o [3]
  .text               ro code  0x08015204      0x2  I64DivZer.o [5]
  .text               ro code  0x08015206      0x2  xtls.o [3]
  .text               ro code  0x08015208     0x16  xlocale_c.o [3]
  .text               ro code  0x0801521e     0x14  xlocale_c.o [3]
  .text               ro code  0x08015232    0x122  xstopfx.o [3]
  .text               ro code  0x08015354    0x1d0  xstoflt.o [3]
  .text               ro code  0x08015528    0x200  xdtento.o [4]
  .text               ro code  0x08015728    0x234  xstoxflt.o [3]
  .text               ro code  0x0801595c      0xc  xlocale_c.o [3]
  .text               ro code  0x08015968     0x20  DblCmpEq.o [4]
  .text               ro code  0x08015988     0x52  xdunscal.o [4]
  .text               ro code  0x080159da   0x1074  stm32l1xx_hal_pcd.o [1]
  .text               ro code  0x08016a50    0x198  usbd_conf.o [1]
  .text               ro code  0x08016be8    0x2c8  usbd_core.o [1]
  .text               ro code  0x08016eb0    0x608  usbd_ctlreq.o [1]
  .text               ro code  0x080174b8     0x90  usbd_ioreq.o [1]
  .text               ro code  0x08017548    0x224  tasks.o [1]
  CODE                ro code  0x0801776c     0x94  portasm.o [1]
  .text               ro code  0x08017800     0x40  list.o [1]
  .rodata             const    0x08017840     0xc0  fix_fft.o [1]
  .text               ro code  0x08017900     0x84  stm32l1xx_it.o [1]
  .text               ro code  0x08017984     0x10  cmsis_os.o [1]
  .text               ro code  0x08017994     0x24  port.o [1]
  .rodata             const    0x080179b8     0x64  Calibration.o [1]
  .rodata             const    0x08017a1c     0x5c  ErrorCodes.o [1]
  .rodata             const    0x08017a78     0x48  parser.o [1]
  .rodata             const    0x08017ac0     0x48  parser.o [1]
  .rodata             const    0x08017b08     0x44  parser.o [1]
  .rodata             const    0x08017b4c     0x44  parser.o [1]
  .rodata             const    0x08017b90     0x44  parser.o [1]
  .rodata             const    0x08017bd4     0x40  main.o [1]
  .rodata             const    0x08017c14     0x40  main.o [1]
  .rodata             const    0x08017c54     0x40  parser.o [1]
  .rodata             const    0x08017c94     0x40  parser.o [1]
  .rodata             const    0x08017cd4     0x40  parser.o [1]
  .rodata             const    0x08017d14     0x40  parser.o [1]
  .rodata             const    0x08017d54     0x40  parser.o [1]
  .rodata             const    0x08017d94     0x40  parser.o [1]
  .rodata             const    0x08017dd4     0x40  parser.o [1]
  .text               ro code  0x08017e14     0x40  zero_init3.o [5]
  .rodata             const    0x08017e54     0x3c  parser.o [1]
  .rodata             const    0x08017e90     0x3c  parser.o [1]
  .rodata             const    0x08017ecc     0x3c  parser.o [1]
  .rodata             const    0x08017f08     0x3c  parser.o [1]
  .rodata             const    0x08017f44     0x38  parser.o [1]
  .rodata             const    0x08017f7c     0x38  parser.o [1]
  .rodata             const    0x08017fb4     0x38  parser.o [1]
  .rodata             const    0x08017fec     0x38  parser.o [1]
  .rodata             const    0x08018024     0x38  parser.o [1]
  .text               ro code  0x0801805c     0x38  packbits_init_single.o [5]
  .rodata             const    0x08018094     0x34  main.o [1]
  .rodata             const    0x080180c8     0x34  parser.o [1]
  .rodata             const    0x080180fc     0x34  parser.o [1]
  .rodata             const    0x08018130     0x34  parser.o [1]
  .rodata             const    0x08018164     0x34  parser.o [1]
  .rodata             const    0x08018198     0x34  parser.o [1]
  .rodata             const    0x080181cc     0x30  bgm111.o [1]
  .rodata             const    0x080181fc     0x30  bgm111.o [1]
  .rodata             const    0x0801822c     0x30  parser.o [1]
  .rodata             const    0x0801825c     0x30  parser.o [1]
  .rodata             const    0x0801828c     0x30  parser.o [1]
  .rodata             const    0x080182bc     0x30  parser.o [1]
  .rodata             const    0x080182ec     0x30  parser.o [1]
  .rodata             const    0x0801831c     0x30  parser.o [1]
  .rodata             const    0x0801834c     0x30  parser.o [1]
  .rodata             const    0x0801837c     0x30  parser.o [1]
  .rodata             const    0x080183ac     0x2c  parser.o [1]
  .rodata             const    0x080183d8     0x2c  parser.o [1]
  .rodata             const    0x08018404     0x2c  parser.o [1]
  .rodata             const    0x08018430     0x2c  parser.o [1]
  .rodata             const    0x0801845c     0x2c  parser.o [1]
  .rodata             const    0x08018488     0x2c  parser.o [1]
  .rodata             const    0x080184b4     0x2c  parser.o [1]
  .rodata             const    0x080184e0     0x2c  parser.o [1]
  .rodata             const    0x0801850c     0x2c  parser.o [1]
  .rodata             const    0x08018538     0x2c  parser.o [1]
  .rodata             const    0x08018564     0x2c  parser.o [1]
  .rodata             const    0x08018590     0x2c  parser.o [1]
  .rodata             const    0x080185bc     0x2c  parser.o [1]
  .rodata             const    0x080185e8     0x28  main.o [1]
  .rodata             const    0x08018610     0x28  main.o [1]
  .rodata             const    0x08018638     0x28  main.o [1]
  .rodata             const    0x08018660     0x28  parser.o [1]
  .rodata             const    0x08018688     0x28  parser.o [1]
  .rodata             const    0x080186b0     0x28  parser.o [1]
  .rodata             const    0x080186d8     0x28  parser.o [1]
  .rodata             const    0x08018700     0x28  parser.o [1]
  .rodata             const    0x08018728     0x28  parser.o [1]
  .rodata             const    0x08018750     0x28  parser.o [1]
  .rodata             const    0x08018778     0x28  parser.o [1]
  .rodata             const    0x080187a0     0x28  parser.o [1]
  .rodata             const    0x080187c8     0x28  parser.o [1]
  .rodata             const    0x080187f0     0x28  parser.o [1]
  .rodata             const    0x08018818     0x28  parser.o [1]
  .rodata             const    0x08018840     0x28  parser.o [1]
  .rodata             const    0x08018868     0x28  parser.o [1]
  .rodata             const    0x08018890     0x28  parser.o [1]
  .rodata             const    0x080188b8     0x28  parser.o [1]
  .rodata             const    0x080188e0     0x28  parser.o [1]
  .rodata             const    0x08018908     0x28  parser.o [1]
  .rodata             const    0x08018930     0x28  parser.o [1]
  .rodata             const    0x08018958     0x28  parser.o [1]
  .rodata             const    0x08018980     0x28  parser.o [1]
  .rodata             const    0x080189a8     0x28  parser.o [1]
  .rodata             const    0x080189d0     0x28  parser.o [1]
  .rodata             const    0x080189f8     0x28  parser.o [1]
  .rodata             const    0x08018a20     0x28  parser.o [1]
  .rodata             const    0x08018a48     0x28  parser.o [1]
  .rodata             const    0x08018a70     0x28  parser.o [1]
  .rodata             const    0x08018a98     0x28  parser.o [1]
  .rodata             const    0x08018ac0     0x28  parser.o [1]
  .rodata             const    0x08018ae8     0x28  parser.o [1]
  .rodata             const    0x08018b10     0x28  parser.o [1]
  .rodata             const    0x08018b38     0x28  parser.o [1]
  .rodata             const    0x08018b60     0x28  parser.o [1]
  .rodata             const    0x08018b88     0x28  parser.o [1]
  .rodata             const    0x08018bb0     0x28  parser.o [1]
  .rodata             const    0x08018bd8     0x28  parser.o [1]
  .rodata             const    0x08018c00     0x28  parser.o [1]
  .rodata             const    0x08018c28     0x28  parser.o [1]
  .rodata             const    0x08018c50     0x28  parser.o [1]
  .rodata             const    0x08018c78     0x28  parser.o [1]
  .rodata             const    0x08018ca0     0x28  parser.o [1]
  .rodata             const    0x08018cc8     0x28  parser.o [1]
  .rodata             const    0x08018cf0     0x28  parser.o [1]
  .rodata             const    0x08018d18     0x28  parser.o [1]
  .rodata             const    0x08018d40     0x28  parser.o [1]
  .rodata             const    0x08018d68     0x28  parser.o [1]
  .rodata             const    0x08018d90     0x28  parser.o [1]
  .rodata             const    0x08018db8     0x28  parser.o [1]
  .rodata             const    0x08018de0     0x28  parser.o [1]
  .rodata             const    0x08018e08     0x28  parser.o [1]
  .rodata             const    0x08018e30     0x28  parser.o [1]
  .rodata             const    0x08018e58     0x28  parser.o [1]
  .text               ro code  0x08018e80     0x28  data_init.o [5]
  .rodata             const    0x08018ea8     0x24  parser.o [1]
  .rodata             const    0x08018ecc     0x24  parser.o [1]
  .rodata             const    0x08018ef0     0x24  parser.o [1]
  .rodata             const    0x08018f14     0x24  parser.o [1]
  .rodata             const    0x08018f38     0x24  parser.o [1]
  .rodata             const    0x08018f5c     0x24  parser.o [1]
  .rodata             const    0x08018f80     0x24  parser.o [1]
  .rodata             const    0x08018fa4     0x24  parser.o [1]
  .rodata             const    0x08018fc8     0x24  parser.o [1]
  .rodata             const    0x08018fec     0x24  parser.o [1]
  .rodata             const    0x08019010     0x24  parser.o [1]
  .rodata             const    0x08019034     0x24  parser.o [1]
  .rodata             const    0x08019058     0x24  parser.o [1]
  .rodata             const    0x0801907c     0x24  parser.o [1]
  .rodata             const    0x080190a0     0x24  parser.o [1]
  .rodata             const    0x080190c4     0x24  parser.o [1]
  .rodata             const    0x080190e8     0x24  parser.o [1]
  .rodata             const    0x0801910c     0x24  parser.o [1]
  .rodata             const    0x08019130     0x24  parser.o [1]
  .rodata             const    0x08019154     0x24  parser.o [1]
  .rodata             const    0x08019178     0x24  parser.o [1]
  .rodata             const    0x0801919c     0x24  parser.o [1]
  .rodata             const    0x080191c0     0x24  parser.o [1]
  .rodata             const    0x080191e4     0x24  parser.o [1]
  .rodata             const    0x08019208     0x24  parser.o [1]
  .rodata             const    0x0801922c     0x24  parser.o [1]
  .rodata             const    0x08019250     0x24  parser.o [1]
  .rodata             const    0x08019274     0x24  parser.o [1]
  .rodata             const    0x08019298     0x24  parser.o [1]
  .rodata             const    0x080192bc     0x24  parser.o [1]
  .rodata             const    0x080192e0     0x24  parser.o [1]
  .rodata             const    0x08019304     0x24  parser.o [1]
  .rodata             const    0x08019328     0x24  parser.o [1]
  .rodata             const    0x0801934c     0x24  parser.o [1]
  .rodata             const    0x08019370     0x24  parser.o [1]
  .rodata             const    0x08019394     0x24  parser.o [1]
  .rodata             const    0x080193b8     0x24  parser.o [1]
  .rodata             const    0x080193dc     0x24  parser.o [1]
  .rodata             const    0x08019400     0x24  parser.o [1]
  .rodata             const    0x08019424     0x24  parser.o [1]
  .rodata             const    0x08019448     0x24  parser.o [1]
  .rodata             const    0x0801946c     0x24  parser.o [1]
  .rodata             const    0x08019490     0x24  parser.o [1]
  .rodata             const    0x080194b4     0x24  parser.o [1]
  .rodata             const    0x080194d8     0x24  parser.o [1]
  .rodata             const    0x080194fc     0x24  parser.o [1]
  .rodata             const    0x08019520     0x24  parser.o [1]
  .rodata             const    0x08019544     0x24  parser.o [1]
  .rodata             const    0x08019568     0x24  parser.o [1]
  .rodata             const    0x0801958c     0x24  parser.o [1]
  .rodata             const    0x080195b0     0x24  parser.o [1]
  .rodata             const    0x080195d4     0x24  parser.o [1]
  .rodata             const    0x080195f8     0x24  parser.o [1]
  .rodata             const    0x0801961c     0x24  parser.o [1]
  .iar.init_table     const    0x08019640     0x30  - Linker created -
  .rodata             const    0x08019670     0x20  app_data.o [1]
  .rodata             const    0x08019690     0x20  app_data.o [1]
  .rodata             const    0x080196b0     0x20  app_data.o [1]
  .rodata             const    0x080196d0     0x20  app_data.o [1]
  .rodata             const    0x080196f0     0x20  app_data.o [1]
  .rodata             const    0x08019710     0x20  app_data.o [1]
  .rodata             const    0x08019730     0x20  app_data.o [1]
  .rodata             const    0x08019750     0x20  app_data.o [1]
  .rodata             const    0x08019770     0x20  app_data.o [1]
  .rodata             const    0x08019790     0x20  app_data.o [1]
  .rodata             const    0x080197b0     0x20  app_data.o [1]
  .rodata             const    0x080197d0     0x20  app_data.o [1]
  .rodata             const    0x080197f0     0x20  app_data.o [1]
  .rodata             const    0x08019810     0x20  app_data.o [1]
  .rodata             const    0x08019830     0x20  app_data.o [1]
  .rodata             const    0x08019850     0x20  app_data.o [1]
  .rodata             const    0x08019870     0x20  app_data.o [1]
  .rodata             const    0x08019890     0x20  app_data.o [1]
  .rodata             const    0x080198b0     0x20  app_data.o [1]
  .rodata             const    0x080198d0     0x20  app_data.o [1]
  .rodata             const    0x080198f0     0x20  app_data.o [1]
  .rodata             const    0x08019910     0x20  app_data.o [1]
  .rodata             const    0x08019930     0x20  app_data.o [1]
  .rodata             const    0x08019950     0x20  app_data.o [1]
  .rodata             const    0x08019970     0x20  app_data.o [1]
  .rodata             const    0x08019990     0x20  app_data.o [1]
  .rodata             const    0x080199b0     0x20  app_data.o [1]
  .rodata             const    0x080199d0     0x20  app_data.o [1]
  .rodata             const    0x080199f0     0x20  app_data.o [1]
  .rodata             const    0x08019a10     0x20  bgm111.o [1]
  .rodata             const    0x08019a30     0x20  bgm111.o [1]
  .rodata             const    0x08019a50     0x20  main.o [1]
  .rodata             const    0x08019a70     0x20  main.o [1]
  .rodata             const    0x08019a90     0x20  parser.o [1]
  .rodata             const    0x08019ab0     0x20  parser.o [1]
  .rodata             const    0x08019ad0     0x20  parser.o [1]
  .rodata             const    0x08019af0     0x20  parser.o [1]
  .rodata             const    0x08019b10     0x20  parser.o [1]
  .rodata             const    0x08019b30     0x20  parser.o [1]
  .rodata             const    0x08019b50     0x20  parser.o [1]
  .rodata             const    0x08019b70     0x20  parser.o [1]
  .rodata             const    0x08019b90     0x20  parser.o [1]
  .rodata             const    0x08019bb0     0x20  parser.o [1]
  .rodata             const    0x08019bd0     0x20  parser.o [1]
  .rodata             const    0x08019bf0     0x20  parser.o [1]
  .rodata             const    0x08019c10     0x20  parser.o [1]
  .rodata             const    0x08019c30     0x20  parser.o [1]
  .rodata             const    0x08019c50     0x20  parser.o [1]
  .rodata             const    0x08019c70     0x20  parser.o [1]
  .rodata             const    0x08019c90     0x20  parser.o [1]
  .rodata             const    0x08019cb0     0x20  parser.o [1]
  .rodata             const    0x08019cd0     0x20  parser.o [1]
  .rodata             const    0x08019cf0     0x20  parser.o [1]
  .rodata             const    0x08019d10     0x20  parser.o [1]
  .rodata             const    0x08019d30     0x20  parser.o [1]
  .rodata             const    0x08019d50     0x20  parser.o [1]
  .rodata             const    0x08019d70     0x20  parser.o [1]
  .rodata             const    0x08019d90     0x20  parser.o [1]
  .rodata             const    0x08019db0     0x20  parser.o [1]
  .rodata             const    0x08019dd0     0x20  parser.o [1]
  .rodata             const    0x08019df0     0x20  parser.o [1]
  .rodata             const    0x08019e10     0x20  parser.o [1]
  .rodata             const    0x08019e30     0x20  parser.o [1]
  .rodata             const    0x08019e50     0x20  parser.o [1]
  .rodata             const    0x08019e70     0x20  parser.o [1]
  .rodata             const    0x08019e90     0x20  parser.o [1]
  .rodata             const    0x08019eb0     0x20  parser.o [1]
  .rodata             const    0x08019ed0     0x20  parser.o [1]
  .rodata             const    0x08019ef0     0x20  parser.o [1]
  .rodata             const    0x08019f10     0x20  parser.o [1]
  .rodata             const    0x08019f30     0x20  parser.o [1]
  .rodata             const    0x08019f50     0x20  parser.o [1]
  .rodata             const    0x08019f70     0x20  parser.o [1]
  .rodata             const    0x08019f90     0x20  parser.o [1]
  .rodata             const    0x08019fb0     0x20  parser.o [1]
  .rodata             const    0x08019fd0     0x20  parser.o [1]
  .rodata             const    0x08019ff0     0x20  parser.o [1]
  .rodata             const    0x0801a010     0x20  parser.o [1]
  .rodata             const    0x0801a030     0x1c  app_data.o [1]
  .rodata             const    0x0801a04c     0x1c  bgm111.o [1]
  .rodata             const    0x0801a068     0x1c  bgm111.o [1]
  .rodata             const    0x0801a084     0x1c  bgm111.o [1]
  .rodata             const    0x0801a0a0     0x1c  bgm111.o [1]
  .rodata             const    0x0801a0bc     0x1c  bgm111.o [1]
  .rodata             const    0x0801a0d8     0x1c  bgm111.o [1]
  .rodata             const    0x0801a0f4     0x1c  bgm111.o [1]
  .rodata             const    0x0801a110     0x1c  ErrorCodes.o [1]
  .rodata             const    0x0801a12c     0x1c  main.o [1]
  .rodata             const    0x0801a148     0x1c  parser.o [1]
  .rodata             const    0x0801a164     0x1c  parser.o [1]
  .rodata             const    0x0801a180     0x1c  parser.o [1]
  .rodata             const    0x0801a19c     0x1c  parser.o [1]
  .rodata             const    0x0801a1b8     0x1c  parser.o [1]
  .rodata             const    0x0801a1d4     0x1c  parser.o [1]
  .rodata             const    0x0801a1f0     0x1c  parser.o [1]
  .rodata             const    0x0801a20c     0x1c  parser.o [1]
  .rodata             const    0x0801a228     0x1c  parser.o [1]
  .rodata             const    0x0801a244     0x1c  parser.o [1]
  .rodata             const    0x0801a260     0x1c  parser.o [1]
  .rodata             const    0x0801a27c     0x1c  parser.o [1]
  .rodata             const    0x0801a298     0x1c  parser.o [1]
  .rodata             const    0x0801a2b4     0x1c  parser.o [1]
  .rodata             const    0x0801a2d0     0x1c  parser.o [1]
  .text               ro code  0x0801a2ec     0x1a  cmain.o [5]
  .text               ro code  0x0801a306      0x4  low_level_init.o [3]
  .text               ro code  0x0801a30a      0x4  exit.o [3]
  .text               ro code  0x0801a310      0xa  cexit.o [5]
  .text               ro code  0x0801a31c     0x14  exit.o [6]
  .rodata             const    0x0801a330     0x18  bgm111.o [1]
  .rodata             const    0x0801a348     0x18  parser.o [1]
  .rodata             const    0x0801a360     0x18  parser.o [1]
  .rodata             const    0x0801a378     0x18  parser.o [1]
  .rodata             const    0x0801a390     0x18  parser.o [1]
  .rodata             const    0x0801a3a8     0x18  parser.o [1]
  .rodata             const    0x0801a3c0     0x18  parser.o [1]
  .rodata             const    0x0801a3d8     0x18  parser.o [1]
  .rodata             const    0x0801a3f0     0x18  parser.o [1]
  .rodata             const    0x0801a408     0x18  parser.o [1]
  .rodata             const    0x0801a420     0x18  parser.o [1]
  .rodata             const    0x0801a438     0x18  parser.o [1]
  .rodata             const    0x0801a450     0x18  parser.o [1]
  .rodata             const    0x0801a468     0x18  parser.o [1]
  .rodata             const    0x0801a480     0x18  parser.o [1]
  .rodata             const    0x0801a498     0x18  parser.o [1]
  .rodata             const    0x0801a4b0     0x18  parser.o [1]
  .rodata             const    0x0801a4c8     0x18  parser.o [1]
  .rodata             const    0x0801a4e0     0x18  parser.o [1]
  .rodata             const    0x0801a4f8     0x18  parser.o [1]
  .rodata             const    0x0801a510     0x18  parser.o [1]
  .rodata             const    0x0801a528     0x18  parser.o [1]
  .rodata             const    0x0801a540     0x18  parser.o [1]
  .rodata             const    0x0801a558     0x18  parser.o [1]
  .rodata             const    0x0801a570     0x18  parser.o [1]
  .rodata             const    0x0801a588     0x18  parser.o [1]
  .rodata             const    0x0801a5a0     0x18  parser.o [1]
  .rodata             const    0x0801a5b8     0x18  parser.o [1]
  .rodata             const    0x0801a5d0     0x18  parser.o [1]
  .rodata             const    0x0801a5e8     0x18  parser.o [1]
  .rodata             const    0x0801a600     0x18  parser.o [1]
  .rodata             const    0x0801a618     0x18  parser.o [1]
  .rodata             const    0x0801a630     0x18  parser.o [1]
  .rodata             const    0x0801a648     0x18  parser.o [1]
  .rodata             const    0x0801a660     0x18  parser.o [1]
  .rodata             const    0x0801a678     0x18  parser.o [1]
  .rodata             const    0x0801a690     0x18  parser.o [1]
  .rodata             const    0x0801a6a8     0x18  parser.o [1]
  .rodata             const    0x0801a6c0     0x18  parser.o [1]
  .rodata             const    0x0801a6d8     0x18  parser.o [1]
  .rodata             const    0x0801a6f0     0x18  parser.o [1]
  .rodata             const    0x0801a708     0x18  parser.o [1]
  .rodata             const    0x0801a720     0x18  parser.o [1]
  .rodata             const    0x0801a738     0x18  parser.o [1]
  .rodata             const    0x0801a750     0x18  parser.o [1]
  .rodata             const    0x0801a768     0x18  parser.o [1]
  .rodata             const    0x0801a780     0x18  parser.o [1]
  .rodata             const    0x0801a798     0x18  parser.o [1]
  .rodata             const    0x0801a7b0     0x18  parser.o [1]
  .rodata             const    0x0801a7c8     0x18  parser.o [1]
  .rodata             const    0x0801a7e0     0x18  parser.o [1]
  .rodata             const    0x0801a7f8     0x18  parser.o [1]
  .rodata             const    0x0801a810     0x18  parser.o [1]
  .rodata             const    0x0801a828     0x18  parser.o [1]
  .rodata             const    0x0801a840     0x18  parser.o [1]
  .rodata             const    0x0801a858     0x18  parser.o [1]
  .rodata             const    0x0801a870     0x18  parser.o [1]
  .rodata             const    0x0801a888     0x18  parser.o [1]
  .rodata             const    0x0801a8a0     0x18  parser.o [1]
  .rodata             const    0x0801a8b8     0x18  parser.o [1]
  .rodata             const    0x0801a8d0     0x18  parser.o [1]
  .rodata             const    0x0801a8e8     0x18  parser.o [1]
  .rodata             const    0x0801a900     0x18  parser.o [1]
  .rodata             const    0x0801a918     0x18  parser.o [1]
  .rodata             const    0x0801a930     0x18  parser.o [1]
  .rodata             const    0x0801a948     0x18  parser.o [1]
  .rodata             const    0x0801a960     0x18  parser.o [1]
  .rodata             const    0x0801a978     0x18  parser.o [1]
  .rodata             const    0x0801a990     0x18  parser.o [1]
  .rodata             const    0x0801a9a8     0x18  parser.o [1]
  .rodata             const    0x0801a9c0     0x18  parser.o [1]
  .rodata             const    0x0801a9d8     0x18  parser.o [1]
  .rodata             const    0x0801a9f0     0x18  parser.o [1]
  .rodata             const    0x0801aa08     0x18  parser.o [1]
  .rodata             const    0x0801aa20     0x14  app_data.o [1]
  .rodata             const    0x0801aa34     0x14  app_data.o [1]
  .rodata             const    0x0801aa48     0x14  app_data.o [1]
  .rodata             const    0x0801aa5c     0x14  app_data.o [1]
  .rodata             const    0x0801aa70     0x14  app_data.o [1]
  .rodata             const    0x0801aa84     0x14  app_data.o [1]
  .rodata             const    0x0801aa98     0x14  app_data.o [1]
  .rodata             const    0x0801aaac     0x14  app_data.o [1]
  .rodata             const    0x0801aac0     0x14  app_data.o [1]
  .rodata             const    0x0801aad4     0x14  app_data.o [1]
  .rodata             const    0x0801aae8     0x14  app_data.o [1]
  .rodata             const    0x0801aafc     0x14  app_data.o [1]
  .rodata             const    0x0801ab10     0x14  app_data.o [1]
  .rodata             const    0x0801ab24     0x14  app_data.o [1]
  .rodata             const    0x0801ab38     0x14  app_data.o [1]
  .rodata             const    0x0801ab4c     0x14  app_data.o [1]
  .rodata             const    0x0801ab60     0x14  app_data.o [1]
  .rodata             const    0x0801ab74     0x14  app_data.o [1]
  .rodata             const    0x0801ab88     0x14  app_data.o [1]
  .rodata             const    0x0801ab9c     0x14  app_data.o [1]
  .rodata             const    0x0801abb0     0x14  app_data.o [1]
  .rodata             const    0x0801abc4     0x14  app_data.o [1]
  .rodata             const    0x0801abd8     0x14  app_data.o [1]
  .rodata             const    0x0801abec     0x14  app_data.o [1]
  .rodata             const    0x0801ac00     0x14  app_data.o [1]
  .rodata             const    0x0801ac14     0x14  app_data.o [1]
  .rodata             const    0x0801ac28     0x14  app_data.o [1]
  .rodata             const    0x0801ac3c     0x14  app_data.o [1]
  .rodata             const    0x0801ac50     0x14  app_data.o [1]
  .rodata             const    0x0801ac64     0x14  bgm111.o [1]
  .rodata             const    0x0801ac78     0x14  bgm111.o [1]
  .rodata             const    0x0801ac8c     0x14  bgm111.o [1]
  .rodata             const    0x0801aca0     0x14  bgm111.o [1]
  .rodata             const    0x0801acb4     0x14  bgm111.o [1]
  .rodata             const    0x0801acc8     0x14  Calibration.o [1]
  .rodata             const    0x0801acdc     0x14  ErrorCodes.o [1]
  .rodata             const    0x0801acf0     0x14  gpio.o [1]
  .rodata             const    0x0801ad04     0x14  main.o [1]
  .rodata             const    0x0801ad18     0x14  parser.o [1]
  .rodata             const    0x0801ad2c     0x14  parser.o [1]
  .rodata             const    0x0801ad40     0x14  parser.o [1]
  .rodata             const    0x0801ad54     0x14  parser.o [1]
  .rodata             const    0x0801ad68     0x14  parser.o [1]
  .rodata             const    0x0801ad7c     0x14  parser.o [1]
  .rodata             const    0x0801ad90     0x14  parser.o [1]
  .rodata             const    0x0801ada4     0x14  parser.o [1]
  .rodata             const    0x0801adb8     0x14  parser.o [1]
  .rodata             const    0x0801adcc     0x14  parser.o [1]
  .rodata             const    0x0801ade0     0x14  parser.o [1]
  .rodata             const    0x0801adf4     0x14  parser.o [1]
  .rodata             const    0x0801ae08     0x14  parser.o [1]
  .rodata             const    0x0801ae1c     0x14  parser.o [1]
  .rodata             const    0x0801ae30     0x10  app_data.o [1]
  .rodata             const    0x0801ae40     0x10  app_data.o [1]
  .rodata             const    0x0801ae50     0x10  bgm111.o [1]
  .rodata             const    0x0801ae60     0x10  bgm111.o [1]
  .rodata             const    0x0801ae70     0x10  bgm111.o [1]
  .rodata             const    0x0801ae80     0x10  bgm111.o [1]
  .rodata             const    0x0801ae90     0x10  bgm111.o [1]
  .rodata             const    0x0801aea0     0x10  parser.o [1]
  .rodata             const    0x0801aeb0     0x10  parser.o [1]
  .rodata             const    0x0801aec0     0x10  parser.o [1]
  .rodata             const    0x0801aed0     0x10  parser.o [1]
  .rodata             const    0x0801aee0     0x10  parser.o [1]
  .rodata             const    0x0801aef0     0x10  parser.o [1]
  .rodata             const    0x0801af00     0x10  system_stm32l1xx.o [1]
  .text               ro code  0x0801af10     0x10  startup_stm32l152xe.o [1]
  .rodata             const    0x0801af20      0xc  app_data.o [1]
  .rodata             const    0x0801af2c      0xc  bgm111.o [1]
  .rodata             const    0x0801af38      0xc  bgm111.o [1]
  .rodata             const    0x0801af44      0xc  bgm111.o [1]
  .rodata             const    0x0801af50      0xc  bgm111.o [1]
  .rodata             const    0x0801af5c      0xc  bgm111.o [1]
  .rodata             const    0x0801af68      0xc  Calibration.o [1]
  .rodata             const    0x0801af74      0xc  Calibration.o [1]
  .rodata             const    0x0801af80      0xc  Calibration.o [1]
  .rodata             const    0x0801af8c      0xc  Calibration.o [1]
  .rodata             const    0x0801af98      0xc  Calibration.o [1]
  .rodata             const    0x0801afa4      0xc  Calibration.o [1]
  .rodata             const    0x0801afb0      0xc  Calibration.o [1]
  .rodata             const    0x0801afbc      0xc  Calibration.o [1]
  .rodata             const    0x0801afc8      0xc  Calibration.o [1]
  .rodata             const    0x0801afd4      0xc  Calibration.o [1]
  .rodata             const    0x0801afe0      0xc  Calibration.o [1]
  .rodata             const    0x0801afec      0xc  Calibration.o [1]
  .rodata             const    0x0801aff8      0xc  Calibration.o [1]
  .rodata             const    0x0801b004      0xc  Calibration.o [1]
  .rodata             const    0x0801b010      0xc  Calibration.o [1]
  .rodata             const    0x0801b01c      0xc  Calibration.o [1]
  .rodata             const    0x0801b028      0xc  Calibration.o [1]
  .rodata             const    0x0801b034      0xc  Calibration.o [1]
  .rodata             const    0x0801b040      0xc  Calibration.o [1]
  .rodata             const    0x0801b04c      0xc  main.o [1]
  .rodata             const    0x0801b058      0xc  parser.o [1]
  .rodata             const    0x0801b064      0xc  parser.o [1]
  .rodata             const    0x0801b070      0xc  parser.o [1]
  .rodata             const    0x0801b07c      0xc  parser.o [1]
  .rodata             const    0x0801b088      0xc  parser.o [1]
  .rodata             const    0x0801b094      0xc  parser.o [1]
  .rodata             const    0x0801b0a0      0xc  parser.o [1]
  .rodata             const    0x0801b0ac      0xc  parser.o [1]
  .rodata             const    0x0801b0b8      0xc  stm32l1xx_hal_rcc.o [1]
  .rodata             const    0x0801b0c4      0xc  wwdg.o [1]
  .text               ro code  0x0801b0d0      0xc  cstartup_M.o [5]
  .rodata             const    0x0801b0dc      0x8  app_data.o [1]
  .rodata             const    0x0801b0e4      0x8  app_data.o [1]
  .rodata             const    0x0801b0ec      0x8  app_data.o [1]
  .rodata             const    0x0801b0f4      0x8  app_data.o [1]
  .rodata             const    0x0801b0fc      0x8  app_data.o [1]
  .rodata             const    0x0801b104      0x8  app_data.o [1]
  .rodata             const    0x0801b10c      0x8  app_data.o [1]
  .rodata             const    0x0801b114      0x8  barometer.o [1]
  .rodata             const    0x0801b11c      0x8  barometer.o [1]
  .rodata             const    0x0801b124      0x8  barometer.o [1]
  .rodata             const    0x0801b12c      0x8  barometer.o [1]
  .rodata             const    0x0801b134      0x8  bgm111.o [1]
  .rodata             const    0x0801b13c      0x8  bgm111.o [1]
  .rodata             const    0x0801b144      0x8  bgm111.o [1]
  .rodata             const    0x0801b14c      0x8  bgm111.o [1]
  .rodata             const    0x0801b154      0x8  Calibration.o [1]
  .rodata             const    0x0801b15c      0x8  Calibration.o [1]
  .rodata             const    0x0801b164      0x8  Calibration.o [1]
  .rodata             const    0x0801b16c      0x8  Calibration.o [1]
  .rodata             const    0x0801b174      0x8  ErrorCodes.o [1]
  .rodata             const    0x0801b17c      0x8  ErrorCodes.o [1]
  .rodata             const    0x0801b184      0x8  ErrorCodes.o [1]
  .rodata             const    0x0801b18c      0x8  ErrorCodes.o [1]
  .rodata             const    0x0801b194      0x8  ErrorCodes.o [1]
  .rodata             const    0x0801b19c      0x8  ErrorCodes.o [1]
  .rodata             const    0x0801b1a4      0x8  ErrorCodes.o [1]
  .rodata             const    0x0801b1ac      0x8  ErrorCodes.o [1]
  .rodata             const    0x0801b1b4      0x8  ErrorCodes.o [1]
  .rodata             const    0x0801b1bc      0x8  ErrorCodes.o [1]
  .rodata             const    0x0801b1c4      0x8  ErrorCodes.o [1]
  .rodata             const    0x0801b1cc      0x8  ErrorCodes.o [1]
  .rodata             const    0x0801b1d4      0x8  ErrorCodes.o [1]
  .rodata             const    0x0801b1dc      0x8  ErrorCodes.o [1]
  .rodata             const    0x0801b1e4      0x8  ErrorCodes.o [1]
  .rodata             const    0x0801b1ec      0x8  ErrorCodes.o [1]
  .rodata             const    0x0801b1f4      0x8  ErrorCodes.o [1]
  .rodata             const    0x0801b1fc      0x8  ErrorCodes.o [1]
  .rodata             const    0x0801b204      0x8  ErrorCodes.o [1]
  .rodata             const    0x0801b20c      0x8  ErrorCodes.o [1]
  .rodata             const    0x0801b214      0x8  ErrorCodes.o [1]
  .rodata             const    0x0801b21c      0x8  ErrorCodes.o [1]
  .rodata             const    0x0801b224      0x8  ErrorCodes.o [1]
  .rodata             const    0x0801b22c      0x8  GridEye.o [1]
  .rodata             const    0x0801b234      0x8  GridEye.o [1]
  .rodata             const    0x0801b23c      0x8  Humidity.o [1]
  .rodata             const    0x0801b244      0x8  Humidity.o [1]
  .rodata             const    0x0801b24c      0x8  Humidity.o [1]
  .rodata             const    0x0801b254      0x8  main.o [1]
  .rodata             const    0x0801b25c      0x8  main.o [1]
  .rodata             const    0x0801b264      0x8  parser.o [1]
  .rodata             const    0x0801b26c      0x8  parser.o [1]
  .rodata             const    0x0801b274      0x8  parser.o [1]
  .rodata             const    0x0801b27c      0x8  parser.o [1]
  .rodata             const    0x0801b284      0x8  parser.o [1]
  .rodata             const    0x0801b28c      0x8  parser.o [1]
  .rodata             const    0x0801b294      0x8  parser.o [1]
  .rodata             const    0x0801b29c      0x8  parser.o [1]
  .rodata             const    0x0801b2a4      0x8  parser.o [1]
  .rodata             const    0x0801b2ac      0x8  parser.o [1]
  .rodata             const    0x0801b2b4      0x8  parser.o [1]
  .rodata             const    0x0801b2bc      0x8  parser.o [1]
  .rodata             const    0x0801b2c4      0x8  parser.o [1]
  .rodata             const    0x0801b2cc      0x8  parser.o [1]
  .rodata             const    0x0801b2d4      0x8  parser.o [1]
  .rodata             const    0x0801b2dc      0x8  parser.o [1]
  .rodata             const    0x0801b2e4      0x8  parser.o [1]
  .rodata             const    0x0801b2ec      0x8  parser.o [1]
  .rodata             const    0x0801b2f4      0x8  parser.o [1]
  .rodata             const    0x0801b2fc      0x8  parser.o [1]
  .rodata             const    0x0801b304      0x8  parser.o [1]
  .rodata             const    0x0801b30c      0x8  parser.o [1]
  .rodata             const    0x0801b314      0x8  parser.o [1]
  .rodata             const    0x0801b31c      0x8  parser.o [1]
  .rodata             const    0x0801b324      0x8  parser.o [1]
  .rodata             const    0x0801b32c      0x8  Rd_Sound.o [1]
  .rodata             const    0x0801b334      0x8  RGBLight.o [1]
  .rodata             const    0x0801b33c      0x8  system_stm32l1xx.o [1]
  .rodata             const    0x0801b344      0x8  Temperature.o [1]
  .rodata             const    0x0801b34c      0x8  Temperature.o [1]
  .rodata             const    0x0801b354      0x8  VMonitor.o [1]
  .rodata             const    0x0801b35c      0x8  VMonitor.o [1]
  .rodata             const    0x0801b364      0x8  VMonitor.o [1]
  .rodata             const    0x0801b36c      0x4  stm32l1xx_hal_rcc.o [1]
  .text               ro code  0x0801b370      0x4  startup_stm32l152xe.o [1]
  .text               ro code  0x0801b374      0x4  startup_stm32l152xe.o [1]
  .text               ro code  0x0801b378      0x4  startup_stm32l152xe.o [1]
  .text               ro code  0x0801b37c      0x4  startup_stm32l152xe.o [1]
  .text               ro code  0x0801b380      0x4  startup_stm32l152xe.o [1]
  .text               ro code  0x0801b384      0x4  startup_stm32l152xe.o [1]
  .text               ro code  0x0801b388      0x4  startup_stm32l152xe.o [1]
  .text               ro code  0x0801b38c      0x4  startup_stm32l152xe.o [1]
  .text               ro code  0x0801b390      0x4  startup_stm32l152xe.o [1]
  .text               ro code  0x0801b394      0x4  startup_stm32l152xe.o [1]
  .text               ro code  0x0801b398      0x4  startup_stm32l152xe.o [1]
  .text               ro code  0x0801b39c      0x4  startup_stm32l152xe.o [1]
  .text               ro code  0x0801b3a0      0x4  startup_stm32l152xe.o [1]
  .text               ro code  0x0801b3a4      0x4  startup_stm32l152xe.o [1]
  .text               ro code  0x0801b3a8      0x4  startup_stm32l152xe.o [1]
  .text               ro code  0x0801b3ac      0x4  startup_stm32l152xe.o [1]
  .text               ro code  0x0801b3b0      0x4  startup_stm32l152xe.o [1]
  .text               ro code  0x0801b3b4      0x4  startup_stm32l152xe.o [1]
  .text               ro code  0x0801b3b8      0x4  startup_stm32l152xe.o [1]
  .text               ro code  0x0801b3bc      0x4  startup_stm32l152xe.o [1]
  .text               ro code  0x0801b3c0      0x4  startup_stm32l152xe.o [1]
  .text               ro code  0x0801b3c4      0x4  startup_stm32l152xe.o [1]
  .text               ro code  0x0801b3c8      0x4  startup_stm32l152xe.o [1]
  .text               ro code  0x0801b3cc      0x4  startup_stm32l152xe.o [1]
  .text               ro code  0x0801b3d0      0x4  startup_stm32l152xe.o [1]
  .text               ro code  0x0801b3d4      0x4  startup_stm32l152xe.o [1]
  .text               ro code  0x0801b3d8      0x4  startup_stm32l152xe.o [1]
  .text               ro code  0x0801b3dc      0x4  startup_stm32l152xe.o [1]
  .text               ro code  0x0801b3e0      0x4  startup_stm32l152xe.o [1]
  .text               ro code  0x0801b3e4      0x4  startup_stm32l152xe.o [1]
  .text               ro code  0x0801b3e8      0x4  startup_stm32l152xe.o [1]
  .text               ro code  0x0801b3ec      0x4  startup_stm32l152xe.o [1]
  .text               ro code  0x0801b3f0      0x4  startup_stm32l152xe.o [1]
  .text               ro code  0x0801b3f4      0x4  startup_stm32l152xe.o [1]
  .text               ro code  0x0801b3f8      0x4  startup_stm32l152xe.o [1]
  .text               ro code  0x0801b3fc      0x4  startup_stm32l152xe.o [1]
  .text               ro code  0x0801b400      0x4  startup_stm32l152xe.o [1]
  .text               ro code  0x0801b404      0x4  startup_stm32l152xe.o [1]
  .text               ro code  0x0801b408      0x4  startup_stm32l152xe.o [1]
  .text               ro code  0x0801b40c      0x4  startup_stm32l152xe.o [1]
  .text               ro code  0x0801b410      0x4  startup_stm32l152xe.o [1]
  .text               ro code  0x0801b414      0x4  startup_stm32l152xe.o [1]
  .text               ro code  0x0801b418      0x4  startup_stm32l152xe.o [1]
  .text               ro code  0x0801b41c      0x4  startup_stm32l152xe.o [1]
  .text               ro code  0x0801b420      0x4  startup_stm32l152xe.o [1]
  .text               ro code  0x0801b424      0x4  startup_stm32l152xe.o [1]
  .text               ro code  0x0801b428      0x4  startup_stm32l152xe.o [1]
  .rodata             const    0x0801b42c      0x0  zero_init3.o [5]
  .rodata             const    0x0801b42c      0x0  packbits_init_single.o [5]
  Initializer bytes   const    0x0801b42c     0x54  <for P2-1>
                             - 0x0801b480  0x1b35c

Absolute sections, part 1 of 2:               0x24
  .bss                zero     0x08070000     0x24  wwdg.o [1]
                             - 0x08070024     0x24

Absolute sections, part 2 of 2:               0xc8
  .bss                zero     0x08070100     0xc8  Calibration.o [1]
                             - 0x080701c8     0xc8

"P2", part 1 of 3:                           0x14c
  P2-1                         0x20000000    0x14c  <Init block>
    .data             inited   0x20000000      0xc  adc.o [1]
    .data             inited   0x2000000c      0x4  bgm111.o [1]
    .data             inited   0x20000010      0x4  bgm111.o [1]
    .data             inited   0x20000014     0x24  gpio.o [1]
    .data             inited   0x20000038      0x4  system_stm32l1xx.o [1]
    .data             inited   0x2000003c      0x4  tim.o [1]
    .data             inited   0x20000040      0x4  tim.o [1]
    .data             inited   0x20000044      0x4  tim.o [1]
    .data             inited   0x20000048      0x4  usart.o [1]
    __DLIB_PERTHREAD  inited   0x2000004c     0x88  localeconv.o [3]
    __DLIB_PERTHREAD  inited   0x200000d4      0x4  errno.o [3]
    __DLIB_PERTHREAD  inited   0x200000d8     0x74  setlocale.o [3]
                             - 0x2000014c    0x14c

"P2", part 2 of 3:                          0x4000
  CSTACK                       0x20000150   0x4000  <Block>
    CSTACK            uninit   0x20000150   0x4000  <Block tail>
  HEAP                         0x20004150      0x0  <Block>
                             - 0x20004150   0x4000

"P2", part 3 of 3:                          0x25b8
  .bss                zero     0x20004150    0xf78  bgm111.o [1]
  .bss                zero     0x200050c8    0x324  bgm111.o [1]
  .bss                zero     0x200053ec    0x324  ErrorCodes.o [1]
  .bss                zero     0x20005710    0x248  app_data.o [1]
  .bss                zero     0x20005958    0x248  app_data.o [1]
  .bss                zero     0x20005ba0    0x220  usbd_conf.o [1]
  .bss                zero     0x20005dc0    0x1a4  bgm111.o [1]
  .bss                zero     0x20005f64     0xc8  Calibration.o [1]
  .bss                zero     0x2000602c     0x8c  tasks.o [1]
  .bss                zero     0x200060b8     0x84  bgm111.o [1]
  .bss                zero     0x2000613c     0x84  bgm111.o [1]
  .bss                zero     0x200061c0     0x80  Rd_Sound.o [1]
  .bss                zero     0x20006240     0x80  Rd_Sound.o [1]
  .bss                zero     0x200062c0     0x80  Rd_Sound.o [1]
  .bss                zero     0x20006340     0x54  adc.o [1]
  .bss                zero     0x20006394     0x40  usart.o [1]
  .bss                zero     0x200063d4     0x40  usart.o [1]
  .bss                zero     0x20006414     0x3c  bgm111.o [1]
  .bss                zero     0x20006450     0x3c  i2c.o [1]
  .bss                zero     0x2000648c     0x38  adc.o [1]
  .bss                zero     0x200064c4     0x38  stm32l1xx_hal_timebase_TIM.o [1]
  .bss                zero     0x200064fc     0x38  tim.o [1]
  .bss                zero     0x20006534     0x38  tim.o [1]
  .bss                zero     0x2000656c     0x2c  parser.o [1]
  .bss                zero     0x20006598     0x28  usart.o [1]
  .bss                zero     0x200065c0     0x24  wwdg.o [1]
  .bss                zero     0x200065e4     0x20  wwdg.o [1]
  .bss                zero     0x20006604     0x20  wwdg.o [1]
  .bss                zero     0x20006624     0x1c  Flash.o [1]
  .bss                zero     0x20006640     0x18  stm32l1xx_hal_flash.o [1]
  .bss                zero     0x20006658     0x14  wwdg.o [1]
  .bss                zero     0x2000666c      0xc  adc.o [1]
  .bss                zero     0x20006678      0xc  app_data.o [1]
  .bss                zero     0x20006684      0xc  Flash.o [1]
  .bss                zero     0x20006690      0x8  app_data.o [1]
  .bss                zero     0x20006698      0x8  xxmemxmalloc.o [3]
  .bss                zero     0x200066a0      0x4  bgm111.o [1]
  .bss                zero     0x200066a4      0x4  bgm111.o [1]
  .bss                zero     0x200066a8      0x4  bgm111.o [1]
  .bss                zero     0x200066ac      0x4  bgm111.o [1]
  .bss                zero     0x200066b0      0x4  bgm111.o [1]
  .bss                zero     0x200066b4      0x4  Flash.o [1]
  .bss                zero     0x200066b8      0x4  stm32l1xx_hal.o [1]
  .bss                zero     0x200066bc      0x4  tasks.o [1]
  .bss                zero     0x200066c0      0x4  tasks.o [1]
  .bss                zero     0x200066c4      0x4  tasks.o [1]
  .bss                zero     0x200066c8      0x4  tasks.o [1]
  .bss                zero     0x200066cc      0x4  tasks.o [1]
  .bss                zero     0x200066d0      0x4  tasks.o [1]
  .bss                zero     0x200066d4      0x4  tasks.o [1]
  .bss                zero     0x200066d8      0x4  tasks.o [1]
  .bss                zero     0x200066dc      0x4  tasks.o [1]
  .bss                zero     0x200066e0      0x4  tasks.o [1]
  .bss                zero     0x200066e4      0x4  tasks.o [1]
  .bss                zero     0x200066e8      0x4  usart.o [1]
  .bss                zero     0x200066ec      0x4  usart.o [1]
  .bss                zero     0x200066f0      0x4  wwdg.o [1]
  .bss                zero     0x200066f4      0x4  xgetmemchunk.o [3]
  .bss                zero     0x200066f8      0x2  app_data.o [1]
  .bss                zero     0x200066fa      0x2  app_data.o [1]
  .bss                zero     0x200066fc      0x1  adc.o [1]
  .bss                zero     0x200066fd      0x1  adc.o [1]
  .bss                zero     0x200066fe      0x1  adc.o [1]
  .bss                zero     0x200066ff      0x1  bgm111.o [1]
  .bss                zero     0x20006700      0x1  parser.o [1]
  .bss                zero     0x20006701      0x1  tim.o [1]
  .bss                zero     0x20006702      0x1  tim.o [1]
  .bss                zero     0x20006703      0x1  usart.o [1]
  .bss                zero     0x20006704      0x1  usart.o [1]
  .bss                zero     0x20006705      0x1  usart.o [1]
  .bss                zero     0x20006706      0x1  usbd_ctlreq.o [1]
  .bss                zero     0x20006707      0x1  wwdg.o [1]
                             - 0x20006708   0x25b8


*******************************************************************************
*** INIT TABLE
***

          Address     Size
          -------     ----
Zero (__iar_zero_init3)
    3 destination ranges, total size 0x26a4:
          0x08070000    0x24
          0x08070100    0xc8
          0x20004150  0x25b8

Copy/packbits (__iar_packbits_init_single3)
    1 source range, total size 0x54 (25% of destination):
          0x0801b42c    0x54
    1 destination range, total size 0x14c:
          0x20000000   0x14c



*******************************************************************************
*** MODULE SUMMARY
***

    Module                        ro code  ro data  rw data  rw data
                                                              (abs)
    ------                        -------  -------  -------  -------
D:\GoogleDriveCLT\GoogleDrive\WeatherCloud\Roadboard\Software\Road-Board-December-2016N8\EWARM\RdBrd XMLShrt Long Always\Obj: [1]
    Calibration.o                     320      380      200      200
    ErrorCodes.o                      378      324      804
    Flash.o                           344                44
    GridEye.o                       6 828       16
    Humidity.o                      3 260       24
    RGBLight.o                        808        8
    Rd_Sound.o                        576        8      384
    Temperature.o                     692       16
    VMonitor.o                      2 164       24
    adc.o                             700        3      167
    app_data.o                      5 388    1 636    1 192
    barometer.o                       632       32
    bgm111.o                        2 956      654    5 537
    cmsis_os.o                         16
    dma.o                              48
    fix_fft.o                         456      192
    gecko_bglib.o                     432
    gpio.o                            452       29       36
    i2c.o                           1 248                60
    list.o                             64
    lps25hb.o                         584
    main.o                          1 858      440
    parser.o                       19 104   10 840       45
    port.o                             36
    portasm.o                         148
    startup_stm32l152xe.o             496
    stm32l1xx_hal.o                    72                 4
    stm32l1xx_hal_adc.o             2 090
    stm32l1xx_hal_cortex.o            432
    stm32l1xx_hal_dma.o             3 838
    stm32l1xx_hal_flash.o             408                24
    stm32l1xx_hal_flash_ex.o          204
    stm32l1xx_hal_gpio.o              888
    stm32l1xx_hal_i2c.o             4 120
    stm32l1xx_hal_msp.o               152
    stm32l1xx_hal_pcd.o             4 212
    stm32l1xx_hal_pwr_ex.o             16
    stm32l1xx_hal_rcc.o             3 284       16
    stm32l1xx_hal_tim.o               986
    stm32l1xx_hal_tim_ex.o             94
    stm32l1xx_hal_timebase_TIM.o      144                56
    stm32l1xx_hal_uart.o            2 284
    stm32l1xx_hal_wwdg.o              214
    stm32l1xx_it.o                    132
    system_stm32l1xx.o                100       25        4
    tasks.o                           548               184
    tim.o                             588        3      126
    usart.o                         1 212        1      183
    usbd_conf.o                       408               544
    usbd_core.o                       712
    usbd_ctlreq.o                   1 544                 1
    usbd_ioreq.o                      144
    wwdg.o                            644       12      125       36
    ----------------------------------------------------------------
    Total:                         79 458   14 683    9 720      236

command line: [2]
    ----------------------------------------------------------------
    Total:

dl7M_tlf.a: [3]
    atoi.o                              8
    div.o                              14
    errno.o                            12        1        4
    exit.o                              4
    isdigit.o                          10
    isxxx.o                            40
    localeconv.o                      108       34      136
    low_level_init.o                    4
    setlocale.o                        40       30      116
    sprintf.o                          52
    sscanf.o                           36
    strcat.o                           28
    strncmp.o                          44
    strstr.o                           46
    tolower.o                          20
    xencoding_sb.o                     96
    xgetmemchunk.o                     44                 4
    xlocale_c.o                        54
    xmbcurmax.o                        10
    xmbtowc.o                          32
    xprintffull.o                   4 510
    xscanffull.o                    3 312
    xsprout.o                          10
    xsscin.o                           30
    xstoflt.o                         464
    xstoll.o                          166
    xstopfx.o                         290
    xstoul.o                          408
    xstoull.o                         432
    xstoxflt.o                        564
    xtls.o                              2
    xwctob.o                           64
    xwctomb.o                          26
    xxmemxfree.o                      128
    xxmemxmalloc.o                    176                 8
    ----------------------------------------------------------------
    Total:                         11 284       65      268

m7M_tl.a: [4]
    DblAdd.o                          232
    DblCmpEq.o                         32
    DblCmpGe.o                         46
    DblCmpLe.o                         46
    DblDiv.o                          598
    DblMul.o                          418
    DblSub.o                          384
    DblToFlt.o                        144
    DblToI32.o                         88
    FltAdd.o                          132
    FltCmpGe.o                         36
    FltDiv.o                          252
    FltMul.o                          216
    FltSub.o                          214
    FltToDbl.o                         78
    FltToS32.o                         68
    I32ToDbl.o                         48
    I32ToFlt.o                         50
    ceil.o                             94
    modf.o                            184
    round.o                            68
    sqrt.o                            240
    xdint.o                           122
    xdnorm.o                           68
    xdscale.o                         268
    xdtento.o                         512
    xdunscal.o                         82
    xstold.o                          332
    ----------------------------------------------------------------
    Total:                          5 052

rt7M_tl.a: [5]
    ABImemcpy_unaligned.o             118
    ABImemset.o                        94
    I64DivMod.o                       238
    I64DivZer.o                         2
    cexit.o                            10
    cmain.o                            26
    cstartup_M.o                       12
    data_init.o                        40
    iarEdom.o                          12
    memchr.o                           88
    packbits_init_single.o             56
    strchr.o                           22
    strcmp_unaligned.o                 66
    strcpy_unaligned.o                 68
    strlen.o                           54
    strncpy_unaligned.o               108
    zero_init3.o                       64
    ----------------------------------------------------------------
    Total:                          1 078

shb_l.a: [6]
    exit.o                             20
    ----------------------------------------------------------------
    Total:                             20

    Gaps                               56
    Linker created                              48   16 384
--------------------------------------------------------------------
    Grand Total:                   96 948   14 796   26 372      236


*******************************************************************************
*** ENTRY LIST
***

Entry                      Address    Size  Type      Object
-----                      -------    ----  ----      ------
.iar.init_table$$Base   0x08019640           --   Gb  - Linker created -
.iar.init_table$$Limit  0x08019670           --   Gb  - Linker created -
?main                   0x0801a2ed          Code  Gb  cmain.o [5]
ADC_Channel             0x200066fe     0x1  Data  Lc  adc.o [1]
ADC_Config              0x0800d513    0xbe  Code  Gb  adc.o [1]
ADC_ConversionStop_Disable
                        0x08012f39    0x4a  Code  Gb  stm32l1xx_hal_adc.o [1]
ADC_DMAConvCplt         0x08012f85    0x6e  Code  Lc  stm32l1xx_hal_adc.o [1]
ADC_DMAError            0x08013005    0x1e  Code  Lc  stm32l1xx_hal_adc.o [1]
ADC_DMAHalfConvCplt     0x08012ff5     0xe  Code  Lc  stm32l1xx_hal_adc.o [1]
ADC_Enable              0x08012e9b    0x72  Code  Gb  stm32l1xx_hal_adc.o [1]
AHBPrescTable           0x0801af00    0x10  Data  Gb  system_stm32l1xx.o [1]
APBPrescTable           0x0801b33c     0x8  Data  Gb  system_stm32l1xx.o [1]
BGM111_CMD_Mode         0x0800547f     0xa  Code  Gb  bgm111.o [1]
BGM111_Connected        0x0800546b     0xa  Code  Gb  bgm111.o [1]
BGM111_DataConnected    0x08005475     0xa  Code  Gb  bgm111.o [1]
BGM111_GetTackState     0x08005591     0xa  Code  Gb  bgm111.o [1]
BGM111_Init             0x08005221    0x32  Code  Gb  bgm111.o [1]
BGM111_LowLevel_Init    0x08005159    0x52  Code  Gb  bgm111.o [1]
BGM111_Peek             0x08005217     0xa  Code  Gb  bgm111.o [1]
BGM111_ProcessInput     0x08005253   0x20e  Code  Gb  bgm111.o [1]
BGM111_Ready            0x08005461     0xa  Code  Gb  bgm111.o [1]
BGM111_Receive          0x080051b9    0x5e  Code  Gb  bgm111.o [1]
BGM111_SetCMD_Mode      0x08005493     0xa  Code  Gb  bgm111.o [1]
BGM111_SetDataConnected
                        0x08005489     0xa  Code  Gb  bgm111.o [1]
BGM111_SetSyncFlg       0x08005571     0xa  Code  Gb  bgm111.o [1]
BGM111_SetTackState     0x0800559b     0xa  Code  Gb  bgm111.o [1]
BGM111_SyncModeTest     0x0800549d    0xb0  Code  Gb  bgm111.o [1]
BGM111_SyncModeTestNoInc
                        0x0800554d    0x24  Code  Gb  bgm111.o [1]
BGM111_Transmit         0x08005641   0x146  Code  Gb  bgm111.o [1]
BGM111_UART_IRQHandler  0x080055a5    0x92  Code  Gb  bgm111.o [1]
BGM111_cntrlSetSyncFlg  0x0800557b    0x16  Code  Gb  bgm111.o [1]
Bypass                  0x20006700     0x1  Data  Lc  parser.o [1]
CSTACK$$Base            0x20000150           --   Gb  - Linker created -
CSTACK$$Limit           0x20004150           --   Gb  - Linker created -
Cal_Save_Frames         0x20005f64    0xc8  Data  Lc  Calibration.o [1]
Calibration_HardFrames  0x08070100    0xc8  Data  Gb  Calibration.o [1]
Clear_Timer2_Flg        0x0800d2e9     0x8  Code  Gb  tim.o [1]
ClrAnalyticsRepeat      0x08007569     0x8  Code  Gb  app_data.o [1]
ClrDataReady            0x0800627f     0xa  Code  Gb  app_data.o [1]
ClrDataStructure        0x080061d1    0xa4  Code  Gb  app_data.o [1]
Clr_CMD_Md_Cnt          0x08007561     0x8  Code  Gb  app_data.o [1]
Clr_HeartBeat           0x08007551     0x8  Code  Gb  app_data.o [1]
Clr_HrtBeat_Cnt         0x08007537     0x8  Code  Gb  app_data.o [1]
CodesArray              0x08017a1c    0x5c  Data  Gb  ErrorCodes.o [1]
DMA1_Channel1_IRQHandler
                        0x08017909     0xa  Code  Gb  stm32l1xx_it.o [1]
DMA_SetConfig           0x08013f01    0x22  Code  Lc  stm32l1xx_hal_dma.o [1]
DateString              0x200065e4    0x20  Data  Lc  wwdg.o [1]
Error_Handler           0x0800caad    0x2e  Code  Gb  main.o [1]
FIX_MPY                 0x08013f23    0x1c  Code  Gb  fix_fft.o [1]
FLASH_PageErase         0x080150ef    0x28  Code  Gb  stm32l1xx_hal_flash_ex.o [1]
FLASH_SetErrorCode      0x08014f63    0x6a  Code  Lc  stm32l1xx_hal_flash.o [1]
FLASH_WaitForLastOperation
                        0x08014eff    0x64  Code  Gb  stm32l1xx_hal_flash.o [1]
Get_DriverStates        0x08007431    0x66  Code  Gb  app_data.o [1]
Get_DriverStatus        0x080074b1    0x86  Code  Gb  app_data.o [1]
[...]
Tst_HeartBeat           0x0800753f     0x6  Code  Gb  app_data.o [1]
UART_EndTransmit_IT     0x0800bf97    0x32  Code  Lc  stm32l1xx_hal_uart.o [1]
UART_Receive_IT         0x0800bfc9    0xc8  Code  Lc  stm32l1xx_hal_uart.o [1]
UART_SetConfig          0x0800c091   0x2fe  Code  Lc  stm32l1xx_hal_uart.o [1]
UART_Transmit_IT        0x0800bf1b    0x7c  Code  Lc  stm32l1xx_hal_uart.o [1]
UART_WaitOnFlagUntilTimeout
                        0x0800be2d    0xee  Code  Lc  stm32l1xx_hal_uart.o [1]
USART2_IRQHandler       0x08017931     0xa  Code  Gb  stm32l1xx_it.o [1]
USART3_IRQHandler       0x08017927     0xa  Code  Gb  stm32l1xx_it.o [1]
USART_ReceiveData       0x0800579d     0xa  Code  Gb  bgm111.o [1]
USART_SendData          0x08005791     0xc  Code  Gb  bgm111.o [1]
USBD_ClrClassConfig     0x08016c1b    0x18  Code  Gb  usbd_core.o [1]
USBD_ClrFeature         0x0801743f    0x3a  Code  Lc  usbd_ctlreq.o [1]
USBD_CtlContinueRx      0x080174fb    0x1a  Code  Gb  usbd_ioreq.o [1]
USBD_CtlContinueSendData
                        0x080174e1    0x1a  Code  Gb  usbd_ioreq.o [1]
USBD_CtlError           0x080174a1    0x18  Code  Gb  usbd_ctlreq.o [1]
USBD_CtlReceiveStatus   0x0801752f    0x1a  Code  Gb  usbd_ioreq.o [1]
USBD_CtlSendData        0x080174b9    0x28  Code  Gb  usbd_ioreq.o [1]
USBD_CtlSendStatus      0x08017515    0x1a  Code  Gb  usbd_ioreq.o [1]
USBD_GetConfig          0x08017391    0x4c  Code  Lc  usbd_ctlreq.o [1]
USBD_GetDescriptor      0x080170ed   0x164  Code  Lc  usbd_ctlreq.o [1]
USBD_GetStatus          0x080173dd    0x3c  Code  Lc  usbd_ctlreq.o [1]
USBD_LL_ClearStallEP    0x08016b49    0x16  Code  Gb  usbd_conf.o [1]
USBD_LL_DataInStage     0x08016d3b    0xe2  Code  Gb  usbd_core.o [1]
USBD_LL_DataOutStage    0x08016cab    0x90  Code  Gb  usbd_core.o [1]
USBD_LL_IsStallEP       0x08016b5f    0x30  Code  Gb  usbd_conf.o [1]
USBD_LL_OpenEP          0x08016b11    0x22  Code  Gb  usbd_conf.o [1]
USBD_LL_PrepareReceive  0x08016bc5    0x20  Code  Gb  usbd_conf.o [1]
USBD_LL_Reset           0x08016e1d    0x46  Code  Gb  usbd_core.o [1]
USBD_LL_Resume          0x08016e7f     0xe  Code  Gb  usbd_core.o [1]
USBD_LL_SOF             0x08016e8d    0x24  Code  Gb  usbd_core.o [1]
USBD_LL_SetSpeed        0x08016e63     0x8  Code  Gb  usbd_core.o [1]
USBD_LL_SetUSBAddress   0x08016b8f    0x16  Code  Gb  usbd_conf.o [1]
USBD_LL_SetupStage      0x08016c33    0x78  Code  Gb  usbd_core.o [1]
USBD_LL_StallEP         0x08016b33    0x16  Code  Gb  usbd_conf.o [1]
USBD_LL_Suspend         0x08016e6b    0x14  Code  Gb  usbd_core.o [1]
USBD_LL_Transmit        0x08016ba5    0x20  Code  Gb  usbd_conf.o [1]
USBD_ParseSetupRequest  0x08017479    0x28  Code  Gb  usbd_ctlreq.o [1]
USBD_RunTestMode        0x08016be9     0x6  Code  Gb  usbd_core.o [1]
USBD_SetAddress         0x08017251    0x60  Code  Lc  usbd_ctlreq.o [1]
USBD_SetClassConfig     0x08016bef    0x2c  Code  Gb  usbd_core.o [1]
USBD_SetConfig          0x080172b1    0xda  Code  Lc  usbd_ctlreq.o [1]
USBD_SetConfig::cfgidx  0x20006706     0x1  Data  Lc  usbd_ctlreq.o [1]
USBD_SetFeature         0x08017419    0x26  Code  Lc  usbd_ctlreq.o [1]
USBD_StdDevReq          0x08016eb1    0x7c  Code  Gb  usbd_ctlreq.o [1]
USBD_StdEPReq           0x08016f79   0x174  Code  Gb  usbd_ctlreq.o [1]
USBD_StdItfReq          0x08016f2d    0x4c  Code  Gb  usbd_ctlreq.o [1]
USB_LP_IRQHandler       0x08017913     0xa  Code  Gb  stm32l1xx_it.o [1]
Uart2Ready              0x20006703     0x1  Data  Gb  usart.o [1]
Uart3Ready              0x20006704     0x1  Data  Gb  usart.o [1]
UsageFault_Handler      0x0800d16b    0x14  Code  Gb  ErrorCodes.o [1]
WWDG_IRQHandler         0x0800b7d9     0xa  Code  Gb  wwdg.o [1]
_EncodingSb_Mbtowc      0x08015193    0x30  Code  Gb  xencoding_sb.o [3]
_EncodingSb_Mbtowc::initial
                        0x080151d0     0x8  Data  Lc  xencoding_sb.o [3]
_EncodingSb_Wctomb      0x08015179    0x1a  Code  Gb  xencoding_sb.o [3]
_EncodingSb_Wctomb::initial
                        0x080151c8     0x8  Data  Lc  xencoding_sb.o [3]
_GenldFull              0x0800ea65   0x254  Code  Lc  xprintffull.o [3]
_GetN                   0x08010449    0x22  Code  Lc  xscanffull.o [3]
_GetfldFull             0x0801066d   0x10a  Code  Lc  xscanffull.o [3]
_GetfloatFull           0x08010c2b   0x4e8  Code  Lc  xscanffull.o [3]
_GetintFull             0x08010a33   0x1f2  Code  Lc  xscanffull.o [3]
_GetstrFull             0x08010779   0x2b4  Code  Lc  xscanffull.o [3]
_IsdstStr               0x200000dc     0x4  Data  Gb  setlocale.o [3]
_LdtobFull              0x0800e659   0x406  Code  Lc  xprintffull.o [3]
_LitobFull              0x0800e54f   0x10a  Code  Lc  xprintffull.o [3]
_LocaleC_isalpha        0x08015209    0x16  Code  Gb  xlocale_c.o [3]
_LocaleC_isspace        0x0801521f    0x14  Code  Gb  xlocale_c.o [3]
_LocaleC_tolower        0x0801595d     0xc  Code  Gb  xlocale_c.o [3]
_LocaleEncoding         0x08015165     0xe  Code  Gb  setlocale.o [3]
_LocaleForCat           0x08015151    0x14  Code  Gb  setlocale.o [3]
_LocaleReturnString     0x200000fc    0x50  Data  Lc  setlocale.o [3]
_Locale_Profile         0x200000e0    0x1c  Data  Gb  setlocale.o [3]
_Locale_aeabi_lconv     0x2000009c    0x38  Data  Gb  localeconv.o [3]
_Locale_lconv           0x2000004c    0x50  Data  Gb  localeconv.o [3]
_Mbtowc                 0x08014025    0x20  Code  Gb  xmbtowc.o [3]
_PrintfFull             0x0800db65   0x658  Code  Gb  xprintffull.o [3]
_PutcharsFull           0x0800ecb9    0x2e  Code  Lc  xprintffull.o [3]
_PutstrFull             0x0800e243   0x306  Code  Lc  xprintffull.o [3]
_SProut                 0x0800b3a3     0xa  Code  Gb  xsprout.o [3]
_SScin                  0x08004bfb    0x1e  Code  Gb  xsscin.o [3]
_ScanfFull              0x08010485   0x1e2  Code  Gb  xscanffull.o [3]
_Stoflt                 0x08015355   0x1d0  Code  Gb  xstoflt.o [3]
_Stopfx                 0x08015233   0x122  Code  Gb  xstopfx.o [3]
_Stoxflt                0x08015729   0x1fa  Code  Gb  xstoxflt.o [3]
_Stoxflt::digits        0x0801592c    0x18  Data  Lc  xstoxflt.o [3]
_Stoxflt::vals          0x08015944    0x18  Data  Lc  xstoxflt.o [3]
_TzoneStr               0x200000d8     0x4  Data  Gb  setlocale.o [3]
_UngetN                 0x0801046b    0x1a  Code  Lc  xscanffull.o [3]
_Wctomb                 0x08014171    0x1a  Code  Gb  xwctomb.o [3]
__aeabi_cdcmpeq         0x08015969          Code  Gb  DblCmpEq.o [4]
__aeabi_cdcmple         0x080143b9          Code  Gb  DblCmpLe.o [4]
__aeabi_cdrcmple        0x080143e9          Code  Gb  DblCmpGe.o [4]
__aeabi_cfrcmple        0x0800f3dd          Code  Gb  FltCmpGe.o [4]
__aeabi_d2f             0x0800da91          Code  Gb  DblToFlt.o [4]
__aeabi_d2iz            0x0800f0f1          Code  Gb  DblToI32.o [4]
__aeabi_d2uiz           0x0800f11d          Code  Gb  DblToI32.o [4]
__aeabi_dadd            0x0800f201          Code  Gb  DblAdd.o [4]
__aeabi_ddiv            0x080146a5          Code  Gb  DblDiv.o [4]
__aeabi_dmul            0x0800ef4d          Code  Gb  DblMul.o [4]
__aeabi_dsub            0x08014525          Code  Gb  DblSub.o [4]
__aeabi_errno_addr      0x08015135     0x6  Code  Gb  errno.o [3]
__aeabi_f2d             0x0800b329          Code  Gb  FltToDbl.o [4]
__aeabi_f2iz            0x0800db21          Code  Gb  FltToS32.o [4]
__aeabi_fadd            0x0800d91d          Code  Gb  FltAdd.o [4]
__aeabi_fdiv            0x0800b9b1          Code  Gb  FltDiv.o [4]
__aeabi_fmul            0x0800d845          Code  Gb  FltMul.o [4]
__aeabi_i2d             0x0800f401          Code  Gb  I32ToDbl.o [4]
__aeabi_i2f             0x0800b97d          Code  Gb  I32ToFlt.o [4]
__aeabi_ldiv0           0x08015205          Code  Gb  I64DivZer.o [5]
__aeabi_ui2d            0x0800f415          Code  Gb  I32ToDbl.o [4]
__aeabi_ui2f            0x0800b991          Code  Gb  I32ToFlt.o [4]
__aeabi_uldivmod        0x08014285          Code  Gb  I64DivMod.o [5]
__cmain                 0x0801a2ed          Code  Gb  cmain.o [5]
__data_Aldata           0x20006698     0x8  Data  Gb  xxmemxmalloc.o [3]
__data_GetMemChunk      0x080151d9    0x2c  Code  Gb  xgetmemchunk.o [3]
__data_GetMemChunk::start
                        0x200066f4     0x4  Data  Lc  xgetmemchunk.o [3]
__exit                  0x0801a31d    0x14  Code  Gb  exit.o [6]
__iar_Dint              0x080149d7    0x7a  Code  Gb  xdint.o [4]
__iar_Dnorm             0x08014373    0x44  Code  Gb  xdnorm.o [4]
__iar_Dscale            0x08014419   0x10c  Code  Gb  xdscale.o [4]
__iar_Dtentox           0x0801557b   0x14e  Code  Gb  xdtento.o [4]
__iar_Dunscale          0x08015989    0x52  Code  Gb  xdunscal.o [4]
__iar_Errno             0x200000d4     0x4  Data  Gb  errno.o [3]
__iar_Locale_lconv_init
                        0x080148fd    0x3a  Code  Gb  localeconv.o [3]
__iar_Mbcurmax          0x080140b5     0xa  Code  Gb  xmbcurmax.o [3]
__iar_Memchr            0x0801405d          Code  Gb  memchr.o [5]
__iar_Memset_word       0x08014979          Code  Gb  ABImemset.o [5]
__iar_Stold             0x08014e59     0x4  Code  Gb  xstold.o [4]
__iar_Stoldx            0x08014d11   0x13c  Code  Gb  xstold.o [4]
__iar_Stoll             0x08014b5b     0x4  Code  Gb  xstoll.o [3]
__iar_Stollx            0x08014ab9    0xa2  Code  Gb  xstoll.o [3]
__iar_Stoul             0x080114fd     0x4  Code  Gb  xstoul.o [3]
__iar_Stoull            0x08014cbd     0x4  Code  Gb  xstoull.o [3]
__iar_Stoullx           0x08014b61   0x156  Code  Gb  xstoull.o [3]
__iar_Stoulx            0x080113b9   0x13e  Code  Gb  xstoul.o [3]
__iar_Strchr            0x08014045          Code  Gb  strchr.o [5]
__iar_Strstr            0x080127c9    0x2e  Code  Gb  strstr.o [3]
__iar_Wctob             0x08014a51    0x36  Code  Gb  xwctob.o [3]
__iar_ceil              0x08014ff5          Code  Gb  ceil.o [4]
__iar_ceill             0x08014ff5          Code  Gb  ceil.o [4]
__iar_d2uiz             0x0800f129          Code  Gb  DblToI32.o [4]
__iar_dadd              0x0800f215          Code  Gb  DblAdd.o [4]
__iar_data_init3        0x08018e81    0x28  Code  Gb  data_init.o [5]
__iar_dlib_perthread_access
                        0x08015207     0x2  Code  Gb  xtls.o [3]
__iar_dsub              0x08014539          Code  Gb  DblSub.o [4]
__iar_dsubStart         0x0801454b          Code  Gb  DblSub.o [4]
__iar_edom              0x08014019          Code  Gb  iarEdom.o [5]
__iar_fadd              0x0800d92d          Code  Gb  FltAdd.o [4]
__iar_fsub              0x08013f41          Code  Gb  FltSub.o [4]
__iar_fsubStart         0x08013f51          Code  Gb  FltSub.o [4]
__iar_modf              0x0800f159          Code  Gb  modf.o [4]
__iar_modfl             0x0800f159          Code  Gb  modf.o [4]
__iar_packbits_init_single3
                        0x0801805d    0x38  Code  Gb  packbits_init_single.o [5]
__iar_program_start     0x0801b0d1          Code  Gb  cstartup_M.o [5]
__iar_sqrt              0x0800d9a1          Code  Gb  sqrt.o [4]
__iar_ui2d              0x0800f419          Code  Gb  I32ToDbl.o [4]
__iar_ui2f              0x0800b995          Code  Gb  I32ToFlt.o [4]
__iar_unaligned___aeabi_memcpy
                        0x0801418d          Code  Gb  ABImemcpy_unaligned.o [5]
__iar_unaligned___aeabi_memcpy4
                        0x080141ad          Code  Gb  ABImemcpy_unaligned.o [5]
__iar_unaligned___aeabi_memcpy8
                        0x080141ad          Code  Gb  ABImemcpy_unaligned.o [5]
__iar_unaligned_strcmp  0x0800f2e9          Code  Gb  strcmp_unaligned.o [5]
__iar_unaligned_strcpy  0x08004c19          Code  Gb  strcpy_unaligned.o [5]
__iar_unaligned_strncpy
                        0x0800f32d          Code  Gb  strncpy_unaligned.o [5]
__iar_zero_init3        0x08017e15    0x40  Code  Gb  zero_init3.o [5]
__low_level_init        0x0801a307     0x4  Code  Gb  low_level_init.o [3]
__vector_table          0x08000000          Data  Gb  startup_stm32l152xe.o [1]
_call_main              0x0801a2f9          Code  Gb  cmain.o [5]
_exit                   0x0801a311          Code  Gb  cexit.o [5]
_gecko_cmd_msg          0x200060b8    0x84  Data  Gb  bgm111.o [1]
_gecko_rsp_msg          0x2000613c    0x84  Data  Gb  bgm111.o [1]
_main                   0x0801a303          Code  Gb  cmain.o [5]
aPLLDivisionFactorTable
                        0x0801b36c     0x4  Data  Gb  stm32l1xx_hal_rcc.o [1]
aPLLMULFactorTable      0x0801b0b8     0xc  Data  Gb  stm32l1xx_hal_rcc.o [1]
adcActive               0x200066fd     0x1  Data  Gb  adc.o [1]
analytics               0x20006690     0x8  Data  Lc  app_data.o [1]
atoi                    0x0800b6ef     0x8  Code  Gb  atoi.o [3]
bffr1Flag               0x20006705     0x1  Data  Lc  usart.o [1]
bglib_input             0x200066a4     0x4  Data  Gb  bgm111.o [1]
bglib_output            0x200066a0     0x4  Data  Gb  bgm111.o [1]
bglib_peek              0x200066a8     0x4  Data  Gb  bgm111.o [1]
bgm1data                0x20006598    0x28  Data  Lc  usart.o [1]
ble                     0x20005dc0   0x1a4  Data  Lc  bgm111.o [1]
blemsgs                 0x200050c8   0x324  Data  Lc  bgm111.o [1]
ceil                    0x08014ff5          Code  Gb  ceil.o [4]
ceill                   0x08014ff5          Code  Gb  ceil.o [4]
clrUsartState           0x08004fcb    0x1c  Code  Gb  usart.o [1]
connection_cnt          0x200066f8     0x2  Data  Lc  app_data.o [1]
data                    0x20005958   0x248  Data  Gb  app_data.o [1]
delay_1ms               0x0800d135     0xe  Code  Gb  ErrorCodes.o [1]
digits                  0x08011500    0x28  Data  Lc  xstoul.o [3]
digits                  0x08014cc0    0x28  Data  Lc  xstoull.o [3]
div                     0x08014969     0xe  Code  Gb  div.o [3]
dmul                    0x08015529    0x52  Code  Lc  xdtento.o [4]
driver_list             0x20006678     0xc  Data  Lc  app_data.o [1]
errStruct               0x200053ec   0x324  Data  Lc  ErrorCodes.o [1]
exit                    0x0801a30b     0x4  Code  Gb  exit.o [3]
fi                      0x20006240    0x80  Data  Lc  Rd_Sound.o [1]
fix_fft                 0x0800d699   0x1ac  Code  Gb  fix_fft.o [1]
fr                      0x200061c0    0x80  Data  Lc  Rd_Sound.o [1]
free                    0x08014205    0x7a  Code  Gb  xxmemxfree.o [3]
fs                      0x200062c0    0x80  Data  Lc  Rd_Sound.o [1]
gecko_cmd_le_gap_set_mode
                        0x08005119    0x40  Code  Lc  bgm111.o [1]
gecko_cmd_msg           0x2000000c     0x4  Data  Gb  bgm111.o [1]
gecko_get_event         0x0800cf31    0x5e  Code  Gb  gecko_bglib.o [1]
gecko_handle_command    0x0800cfb3    0x30  Code  Gb  gecko_bglib.o [1]
gecko_peek_event        0x0800cf8f     0xa  Code  Gb  gecko_bglib.o [1]
gecko_queue             0x20004150   0xf78  Data  Gb  bgm111.o [1]
gecko_queue_r           0x200066b0     0x4  Data  Gb  bgm111.o [1]
gecko_queue_w           0x200066ac     0x4  Data  Gb  bgm111.o [1]
gecko_rsp_msg           0x20000010     0x4  Data  Gb  bgm111.o [1]
gecko_wait_message      0x0800ce55    0xdc  Code  Gb  gecko_bglib.o [1]
gecko_wait_response     0x0800cf99    0x1a  Code  Gb  gecko_bglib.o [1]
hadc                    0x20006340    0x54  Data  Gb  adc.o [1]
hatoi                   0x08004a37    0x58  Code  Gb  parser.o [1]
hdma_adc                0x2000648c    0x38  Data  Gb  adc.o [1]
hi2c1                   0x20006450    0x3c  Data  Gb  i2c.o [1]
hpcd_USB_FS             0x20005ba0   0x220  Data  Gb  usbd_conf.o [1]
htim2                   0x200064fc    0x38  Data  Gb  tim.o [1]
htim3                   0x20006534    0x38  Data  Gb  tim.o [1]
htim4                   0x200064c4    0x38  Data  Gb  stm32l1xx_hal_timebase_TIM.o [1]
huart2                  0x20006394    0x40  Data  Gb  usart.o [1]
huart3                  0x200063d4    0x40  Data  Gb  usart.o [1]
hwwdg                   0x20006658    0x14  Data  Gb  wwdg.o [1]
isHexNum                0x080049ed    0x4a  Code  Gb  parser.o [1]
isalpha                 0x08014a91    0x14  Code  Gb  isxxx.o [3]
isdigit                 0x0800b6e5     0xa  Code  Gb  isdigit.o [3]
isspace                 0x08014aa5    0x14  Code  Gb  isxxx.o [3]
ledOffCnt               0x20000044     0x4  Data  Lc  tim.o [1]
localeconv              0x08014937    0x16  Code  Gb  localeconv.o [3]
main                    0x0800c399   0x624  Code  Gb  main.o [1]
malloc                  0x080140c1    0xac  Code  Gb  xxmemxmalloc.o [3]
memchr                  0x0801405d          Code  Gb  memchr.o [5]
modf                    0x0800f149          Code  Gb  modf.o [4]
modfl                   0x0800f149          Code  Gb  modf.o [4]
ndigs                   0x08011528    0x28  Data  Lc  xstoul.o [3]
ndigs                   0x08014ce8    0x28  Data  Lc  xstoull.o [3]
osSystickHandler        0x08017985    0x10  Code  Gb  cmsis_os.o [1]
pFlash                  0x20006640    0x18  Data  Gb  stm32l1xx_hal_flash.o [1]
pows                    0x080156e0    0x48  Data  Lc  xdtento.o [4]
prvResetNextTaskUnblockTime
                        0x080176fd    0x28  Code  Lc  tasks.o [1]
pxCurrentTCB            0x200066bc     0x4  Data  Gb  tasks.o [1]
pxDelayedTaskList       0x200066c0     0x4  Data  Lc  tasks.o [1]
pxOverflowDelayedTaskList
                        0x200066c4     0x4  Data  Lc  tasks.o [1]
pxReadyTasksLists       0x2000602c    0x8c  Data  Lc  tasks.o [1]
round                   0x0800f399    0x44  Code  Gb  round.o [4]
sConfig                 0x2000666c     0xc  Data  Gb  adc.o [1]
saveLen                 0x20000048     0x4  Data  Lc  usart.o [1]
sprintf                 0x08005ed5    0x34  Code  Gb  sprintf.o [3]
sqrt                    0x0800d9a1          Code  Gb  sqrt.o [4]
sqrtl                   0x0800d9a1          Code  Gb  sqrt.o [4]
sscanf                  0x0800b305    0x24  Code  Gb  sscanf.o [3]
strcat                  0x08005f09    0x1c  Code  Gb  strcat.o [3]
strchr                  0x08014045          Code  Gb  strchr.o [5]
strlen                  0x08004bc5          Code  Gb  strlen.o [5]
strncmp                 0x0800b377    0x2c  Code  Gb  strncmp.o [3]
strstr                  0x0800d3cd    0x10  Code  Gb  bgm111.o [1]
tolower                 0x08015121    0x14  Code  Gb  tolower.o [3]
ubSequenceCompleted     0x200066fc     0x1  Data  Gb  adc.o [1]
ulPortSetInterruptMask  0x080177ab          Code  Gb  portasm.o [1]
uwTick                  0x200066b8     0x4  Data  Lc  stm32l1xx_hal.o [1]
uxListRemove            0x08017819    0x28  Code  Gb  list.o [1]
uxPendedTicks           0x200066d4     0x4  Data  Lc  tasks.o [1]
uxSchedulerSuspended    0x200066e4     0x4  Data  Lc  tasks.o [1]
uxTopReadyPriority      0x200066cc     0x4  Data  Lc  tasks.o [1]
vListInsertEnd          0x08017801    0x18  Code  Gb  list.o [1]
vPortClearInterruptMask
                        0x080177b9          Code  Gb  portasm.o [1]
vPortStartFirstTask     0x080177df          Code  Gb  portasm.o [1]
vTaskSwitchContext      0x0801767d    0x6c  Code  Gb  tasks.o [1]
wwdg_HardFrames         0x08070000    0x24  Data  Gb  wwdg.o [1]
wwdg_Save               0x200066f0     0x4  Data  Lc  wwdg.o [1]
xNextTaskUnblockTime    0x200066e0     0x4  Data  Lc  tasks.o [1]
xNumOfOverflows         0x200066dc     0x4  Data  Lc  tasks.o [1]
xPortSysTickHandler     0x08017995    0x1e  Code  Gb  port.o [1]
xSchedulerRunning       0x200066d0     0x4  Data  Lc  tasks.o [1]
xTaskGetSchedulerState  0x08017725    0x26  Code  Gb  tasks.o [1]
xTaskIncrementTick      0x08017549   0x134  Code  Gb  tasks.o [1]
xTickCount              0x200066c8     0x4  Data  Lc  tasks.o [1]
xYieldPending           0x200066d8     0x4  Data  Lc  tasks.o [1]


[1] = D:\GoogleDriveCLT\GoogleDrive\WeatherCloud\Roadboard\Software\Road-Board-December-2016N8\EWARM\RdBrd XMLShrt Long Always\Obj
[2] = command line
[3] = dl7M_tlf.a
[4] = m7M_tl.a
[5] = rt7M_tl.a
[6] = shb_l.a

  96 948 bytes of readonly  code memory
  14 796 bytes of readonly  data memory
  26 372 bytes of readwrite data memory (+ 236 absolute)

Errors: none
Warnings: none
