10:30:34 **** Clean-only build of configuration GNU ARM v4.9.3 - Default for project soc-CRP-RoadPack ****
make -j4 clean 
rm -rf  ./src/InitDevice.o  ./emlib/em_cmu.o ./emlib/em_cryotimer.o ./emlib/em_gpio.o ./emlib/em_i2c.o ./emlib/em_msc.o ./emlib/em_rtcc.o ./emlib/em_system.o ./emlib/em_timer.o ./emlib/em_usart.o  ./device/EFR32_B_1_1_B/gcc/startup_efr32bg1b.o  ./application_properties.o ./gatt_db.o ./gpiointerrupt.o ./main.o ./uart_echo.o  ./src/InitDevice.d  ./emlib/em_cmu.d ./emlib/em_cryotimer.d ./emlib/em_gpio.d ./emlib/em_i2c.d ./emlib/em_msc.d ./emlib/em_rtcc.d ./emlib/em_system.d ./emlib/em_timer.d ./emlib/em_usart.d  ./device/EFR32_B_1_1_B/gcc/startup_efr32bg1b.d  ./application_properties.d ./gatt_db.d ./gpiointerrupt.d ./main.d ./uart_echo.d  soc-CRP-RoadPack.axf
 
10:30:37 **** Incremental Build of configuration GNU ARM v4.9.3 - Default for project soc-CRP-RoadPack ****
make -j4 all 
Building file: ../src/InitDevice.c
Building file: ../emlib/em_cmu.c
Building file: ../emlib/em_cryotimer.c
Invoking: GNU ARM C Compiler
Building file: ../emlib/em_gpio.c
arm-none-eabi-gcc -g3 -gdwarf-2 -mcpu=cortex-m4 -mthumb -std=c99 '-DSILABS_AF_USE_HWCONF=1' '-D__NO_SYSTEM_INIT=1\n' '-DEFR32BG1B232F256GM48=1' -I"D:/SiliconLabs/SimplicityStudio/v4_2/developer/sdks/gecko_sdk_suite/v1.1//hardware/kit/common/bsp" -I"D:/SiliconLabs/SimplicityStudio/v4_2/developer/sdks/gecko_sdk_suite/v1.1//platform/CMSIS/Include" -I"D:/SiliconLabs/SimplicityStudio/v4_2/developer/sdks/gecko_sdk_suite/v1.1//hardware/kit/common/drivers" -I"D:/SiliconLabs/SimplicityStudio/v4_2/developer/sdks/gecko_sdk_suite/v1.1//platform/radio/rail_lib/chip/efr32" -I"D:/SiliconLabs/SimplicityStudio/v4_2/developer/sdks/gecko_sdk_suite/v1.1//platform/emdrv/dmadrv/inc" -I"D:/SiliconLabs/SimplicityStudio/v4_2/developer/sdks/gecko_sdk_suite/v1.1//platform/emdrv/uartdrv/inc" -I"D:/SiliconLabs/SimplicityStudio/v4_2/developer/sdks/gecko_sdk_suite/v1.1//platform/radio/rail_lib/common" -I"D:\GoogleDriveCLT\GoogleDrive\WeatherCloud\Roadboard\Software\Road-Board-December-2016N8\BGM111\Studio_Work\soc-CRP-RoadPack" -I"D:/SiliconLabs/SimplicityStudio/v4_2/developer/sdks/gecko_sdk_suite/v1.1//platform/emdrv/spidrv/inc" -I"D:/SiliconLabs/SimplicityStudio/v4_2/developer/sdks/gecko_sdk_suite/v1.1//platform/emdrv/gpiointerrupt/inc" -I"D:/SiliconLabs/SimplicityStudio/v4_2/developer/sdks/gecko_sdk_suite/v1.1//platform/emdrv/rtcdrv/inc" -I"D:/SiliconLabs/SimplicityStudio/v4_2/developer/sdks/gecko_sdk_suite/v1.1//platform/emdrv/spidrv/config" -I"D:\GoogleDriveCLT\GoogleDrive\WeatherCloud\Roadboard\Software\Road-Board-December-2016N8\BGM111\Studio_Work\soc-CRP-RoadPack\src" -I"D:/SiliconLabs/SimplicityStudio/v4_2/developer/sdks/gecko_sdk_suite/v1.1//platform/emdrv/rtcdrv/config" -I"D:/SiliconLabs/SimplicityStudio/v4_2/developer/sdks/gecko_sdk_suite/v1.1//platform/emdrv/ustimer/inc" -I"D:/SiliconLabs/SimplicityStudio/v4_2/developer/sdks/gecko_sdk_suite/v1.1//platform/radio/rail_lib/chip/efr32/rf/common/cortex" -I"D:/SiliconLabs/SimplicityStudio/v4_2/developer/sdks/gecko_sdk_suite/v1.1//platform/emdrv/ustimer/config" -I"D:/SiliconLabs/SimplicityStudio/v4_2/developer/sdks/gecko_sdk_suite/v1.1//platform/emdrv/dmadrv/config" -I"D:/SiliconLabs/SimplicityStudio/v4_2/developer/sdks/gecko_sdk_suite/v1.1//platform/emdrv/tempdrv/config" -I"D:/SiliconLabs/SimplicityStudio/v4_2/developer/sdks/gecko_sdk_suite/v1.1//platform/emdrv/uartdrv/config" -I"D:/SiliconLabs/SimplicityStudio/v4_2/developer/sdks/gecko_sdk_suite/v1.1//platform/emdrv/tempdrv/inc" -I"D:/SiliconLabs/SimplicityStudio/v4_2/developer/sdks/gecko_sdk_suite/v1.1//platform/emdrv/nvm/config" -I"D:\GoogleDriveCLT\GoogleDrive\WeatherCloud\Roadboard\Software\Road-Board-December-2016N8\BGM111\Studio_Work\soc-CRP-RoadPack\inc" -I"D:/SiliconLabs/SimplicityStudio/v4_2/developer/sdks/gecko_sdk_suite/v1.1//platform/emdrv/sleep/inc" -I"D:/SiliconLabs/SimplicityStudio/v4_2/developer/sdks/gecko_sdk_suite/v1.1//hardware/kit/EFR32BG1_BRD4302A/config" -I"D:/SiliconLabs/SimplicityStudio/v4_2/developer/sdks/gecko_sdk_suite/v1.1//platform/emdrv/nvm/inc" -I"D:/SiliconLabs/SimplicityStudio/v4_2/developer/sdks/gecko_sdk_suite/v1.1//platform/emdrv/common/inc" -I"D:/SiliconLabs/SimplicityStudio/v4_2/developer/sdks/gecko_sdk_suite/v1.1//platform/Device/SiliconLabs/EFR32BG1B/Include" -I"D:/SiliconLabs/SimplicityStudio/v4_2/developer/sdks/gecko_sdk_suite/v1.1//protocol/bluetooth_2.4/ble_stack/inc/soc" -I"D:/SiliconLabs/SimplicityStudio/v4_2/developer/sdks/gecko_sdk_suite/v1.1//platform/emlib/inc" -I"D:/SiliconLabs/SimplicityStudio/v4_2/developer/sdks/gecko_sdk_suite/v1.1//protocol/bluetooth_2.4/ble_stack/inc/common" -I"D:/SiliconLabs/SimplicityStudio/v4_2/developer/sdks/gecko_sdk_suite/v1.1//platform/bootloader/api" -I"D:\GoogleDriveCLT\GoogleDrive\WeatherCloud\Roadboard\Software\Road-Board-December-2016N8\BGM111\Studio_Work\soc-CRP-RoadPack\inc" -O0 -fno-short-enums -Wall -c -fmessage-length=0 -ffunction-sections -fdata-sections -mfpu=fpv4-sp-d16 -mfloat-abi=hard -MMD -MP -MF"src/InitDevice.d" -MT"src/InitDevice.o" -o "src/InitDevice.o" "../src/InitDevice.c"
Invoking: GNU ARM C Compiler
Invoking: GNU ARM C Compiler
arm-none-eabi-gcc -g3 -gdwarf-2 -mcpu=cortex-m4 -mthumb -std=c99 '-DSILABS_AF_USE_HWCONF=1' '-D__NO_SYSTEM_INIT=1\n' '-DEFR32BG1B232F256GM48=1' -I"D:/SiliconLabs/SimplicityStudio/v4_2/developer/sdks/gecko_sdk_suite/v1.1//hardware/kit/common/bsp" -I"D:/SiliconLabs/SimplicityStudio/v4_2/developer/sdks/gecko_sdk_suite/v1.1//platform/CMSIS/Include" -I"D:/SiliconLabs/SimplicityStudio/v4_2/developer/sdks/gecko_sdk_suite/v1.1//hardware/kit/common/drivers" -I"D:/SiliconLabs/SimplicityStudio/v4_2/developer/sdks/gecko_sdk_suite/v1.1//platform/radio/rail_lib/chip/efr32" -I"D:/SiliconLabs/SimplicityStudio/v4_2/developer/sdks/gecko_sdk_suite/v1.1//platform/emdrv/dmadrv/inc" -I"D:/SiliconLabs/SimplicityStudio/v4_2/developer/sdks/gecko_sdk_suite/v1.1//platform/emdrv/uartdrv/inc" -I"D:/SiliconLabs/SimplicityStudio/v4_2/developer/sdks/gecko_sdk_suite/v1.1//platform/radio/rail_lib/common" -I"D:\GoogleDriveCLT\GoogleDrive\WeatherCloud\Roadboard\Software\Road-Board-December-2016N8\BGM111\Studio_Work\soc-CRP-RoadPack" -I"D:/SiliconLabs/SimplicityStudio/v4_2/developer/sdks/gecko_sdk_suite/v1.1//platform/emdrv/spidrv/inc" -I"D:/SiliconLabs/SimplicityStudio/v4_2/developer/sdks/gecko_sdk_suite/v1.1//platform/emdrv/gpiointerrupt/inc" -I"D:/SiliconLabs/SimplicityStudio/v4_2/developer/sdks/gecko_sdk_suite/v1.1//platform/emdrv/rtcdrv/inc" -I"D:/SiliconLabs/SimplicityStudio/v4_2/developer/sdks/gecko_sdk_suite/v1.1//platform/emdrv/spidrv/config" -I"D:\GoogleDriveCLT\GoogleDrive\WeatherCloud\Roadboard\Software\Road-Board-December-2016N8\BGM111\Studio_Work\soc-CRP-RoadPack\src" -I"D:/SiliconLabs/SimplicityStudio/v4_2/developer/sdks/gecko_sdk_suite/v1.1//platform/emdrv/rtcdrv/config" -I"D:/SiliconLabs/SimplicityStudio/v4_2/developer/sdks/gecko_sdk_suite/v1.1//platform/emdrv/ustimer/inc" -I"D:/SiliconLabs/SimplicityStudio/v4_2/developer/sdks/gecko_sdk_suite/v1.1//platform/radio/rail_lib/chip/efr32/rf/common/cortex" -I"D:/SiliconLabs/SimplicityStudio/v4_2/developer/sdks/gecko_sdk_suite/v1.1//platform/emdrv/ustimer/config" -I"D:/SiliconLabs/SimplicityStudio/v4_2/developer/sdks/gecko_sdk_suite/v1.1//platform/emdrv/dmadrv/config" -I"D:/SiliconLabs/SimplicityStudio/v4_2/developer/sdks/gecko_sdk_suite/v1.1//platform/emdrv/tempdrv/config" -I"D:/SiliconLabs/SimplicityStudio/v4_2/developer/sdks/gecko_sdk_suite/v1.1//platform/emdrv/uartdrv/config" -I"D:/SiliconLabs/SimplicityStudio/v4_2/developer/sdks/gecko_sdk_suite/v1.1//platform/emdrv/tempdrv/inc" -I"D:/SiliconLabs/SimplicityStudio/v4_2/developer/sdks/gecko_sdk_suite/v1.1//platform/emdrv/nvm/config" -I"D:\GoogleDriveCLT\GoogleDrive\WeatherCloud\Roadboard\Software\Road-Board-December-2016N8\BGM111\Studio_Work\soc-CRP-RoadPack\inc" -I"D:/SiliconLabs/SimplicityStudio/v4_2/developer/sdks/gecko_sdk_suite/v1.1//platform/emdrv/sleep/inc" -I"D:/SiliconLabs/SimplicityStudio/v4_2/developer/sdks/gecko_sdk_suite/v1.1//hardware/kit/EFR32BG1_BRD4302A/config" -I"D:/SiliconLabs/SimplicityStudio/v4_2/developer/sdks/gecko_sdk_suite/v1.1//platform/emdrv/nvm/inc" -I"D:/SiliconLabs/SimplicityStudio/v4_2/developer/sdks/gecko_sdk_suite/v1.1//platform/emdrv/common/inc" -I"D:/SiliconLabs/SimplicityStudio/v4_2/developer/sdks/gecko_sdk_suite/v1.1//platform/Device/SiliconLabs/EFR32BG1B/Include" -I"D:/SiliconLabs/SimplicityStudio/v4_2/developer/sdks/gecko_sdk_suite/v1.1//protocol/bluetooth_2.4/ble_stack/inc/soc" -I"D:/SiliconLabs/SimplicityStudio/v4_2/developer/sdks/gecko_sdk_suite/v1.1//platform/emlib/inc" -I"D:/SiliconLabs/SimplicityStudio/v4_2/developer/sdks/gecko_sdk_suite/v1.1//protocol/bluetooth_2.4/ble_stack/inc/common" -I"D:/SiliconLabs/SimplicityStudio/v4_2/developer/sdks/gecko_sdk_suite/v1.1//platform/bootloader/api" -I"D:\GoogleDriveCLT\GoogleDrive\WeatherCloud\Roadboard\Software\Road-Board-December-2016N8\BGM111\Studio_Work\soc-CRP-RoadPack\inc" -O0 -fno-short-enums -Wall -c -fmessage-length=0 -ffunction-sections -fdata-sections -mfpu=fpv4-sp-d16 -mfloat-abi=hard -MMD -MP -MF"emlib/em_cmu.d" -MT"emlib/em_cmu.o" -o "emlib/em_cmu.o" "../emlib/em_cmu.c"
arm-none-eabi-gcc -g3 -gdwarf-2 -mcpu=cortex-m4 -mthumb -std=c99 '-DSILABS_AF_USE_HWCONF=1' '-D__NO_SYSTEM_INIT=1\n' '-DEFR32BG1B232F256GM48=1' -I"D:/SiliconLabs/SimplicityStudio/v4_2/developer/sdks/gecko_sdk_suite/v1.1//hardware/kit/common/bsp" -I"D:/SiliconLabs/SimplicityStudio/v4_2/developer/sdks/gecko_sdk_suite/v1.1//platform/CMSIS/Include" -I"D:/SiliconLabs/SimplicityStudio/v4_2/developer/sdks/gecko_sdk_suite/v1.1//hardware/kit/common/drivers" -I"D:/SiliconLabs/SimplicityStudio/v4_2/developer/sdks/gecko_sdk_suite/v1.1//platform/radio/rail_lib/chip/efr32" -I"D:/SiliconLabs/SimplicityStudio/v4_2/developer/sdks/gecko_sdk_suite/v1.1//platform/emdrv/dmadrv/inc" -I"D:/SiliconLabs/SimplicityStudio/v4_2/developer/sdks/gecko_sdk_suite/v1.1//platform/emdrv/uartdrv/inc" -I"D:/SiliconLabs/SimplicityStudio/v4_2/developer/sdks/gecko_sdk_suite/v1.1//platform/radio/rail_lib/common" -I"D:\GoogleDriveCLT\GoogleDrive\WeatherCloud\Roadboard\Software\Road-Board-December-2016N8\BGM111\Studio_Work\soc-CRP-RoadPack" -I"D:/SiliconLabs/SimplicityStudio/v4_2/developer/sdks/gecko_sdk_suite/v1.1//platform/emdrv/spidrv/inc" -I"D:/SiliconLabs/SimplicityStudio/v4_2/developer/sdks/gecko_sdk_suite/v1.1//platform/emdrv/gpiointerrupt/inc" -I"D:/SiliconLabs/SimplicityStudio/v4_2/developer/sdks/gecko_sdk_suite/v1.1//platform/emdrv/rtcdrv/inc" -I"D:/SiliconLabs/SimplicityStudio/v4_2/developer/sdks/gecko_sdk_suite/v1.1//platform/emdrv/spidrv/config" -I"D:\GoogleDriveCLT\GoogleDrive\WeatherCloud\Roadboard\Software\Road-Board-December-2016N8\BGM111\Studio_Work\soc-CRP-RoadPack\src" -I"D:/SiliconLabs/SimplicityStudio/v4_2/developer/sdks/gecko_sdk_suite/v1.1//platform/emdrv/rtcdrv/config" -I"D:/SiliconLabs/SimplicityStudio/v4_2/developer/sdks/gecko_sdk_suite/v1.1//platform/emdrv/ustimer/inc" -I"D:/SiliconLabs/SimplicityStudio/v4_2/developer/sdks/gecko_sdk_suite/v1.1//platform/radio/rail_lib/chip/efr32/rf/common/cortex" -I"D:/SiliconLabs/SimplicityStudio/v4_2/developer/sdks/gecko_sdk_suite/v1.1//platform/emdrv/ustimer/config" -I"D:/SiliconLabs/SimplicityStudio/v4_2/developer/sdks/gecko_sdk_suite/v1.1//platform/emdrv/dmadrv/config" -I"D:/SiliconLabs/SimplicityStudio/v4_2/developer/sdks/gecko_sdk_suite/v1.1//platform/emdrv/tempdrv/config" -I"D:/SiliconLabs/SimplicityStudio/v4_2/developer/sdks/gecko_sdk_suite/v1.1//platform/emdrv/uartdrv/config" -I"D:/SiliconLabs/SimplicityStudio/v4_2/developer/sdks/gecko_sdk_suite/v1.1//platform/emdrv/tempdrv/inc" -I"D:/SiliconLabs/SimplicityStudio/v4_2/developer/sdks/gecko_sdk_suite/v1.1//platform/emdrv/nvm/config" -I"D:\GoogleDriveCLT\GoogleDrive\WeatherCloud\Roadboard\Software\Road-Board-December-2016N8\BGM111\Studio_Work\soc-CRP-RoadPack\inc" -I"D:/SiliconLabs/SimplicityStudio/v4_2/developer/sdks/gecko_sdk_suite/v1.1//platform/emdrv/sleep/inc" -I"D:/SiliconLabs/SimplicityStudio/v4_2/developer/sdks/gecko_sdk_suite/v1.1//hardware/kit/EFR32BG1_BRD4302A/config" -I"D:/SiliconLabs/SimplicityStudio/v4_2/developer/sdks/gecko_sdk_suite/v1.1//platform/emdrv/nvm/inc" -I"D:/SiliconLabs/SimplicityStudio/v4_2/developer/sdks/gecko_sdk_suite/v1.1//platform/emdrv/common/inc" -I"D:/SiliconLabs/SimplicityStudio/v4_2/developer/sdks/gecko_sdk_suite/v1.1//platform/Device/SiliconLabs/EFR32BG1B/Include" -I"D:/SiliconLabs/SimplicityStudio/v4_2/developer/sdks/gecko_sdk_suite/v1.1//protocol/bluetooth_2.4/ble_stack/inc/soc" -I"D:/SiliconLabs/SimplicityStudio/v4_2/developer/sdks/gecko_sdk_suite/v1.1//platform/emlib/inc" -I"D:/SiliconLabs/SimplicityStudio/v4_2/developer/sdks/gecko_sdk_suite/v1.1//protocol/bluetooth_2.4/ble_stack/inc/common" -I"D:/SiliconLabs/SimplicityStudio/v4_2/developer/sdks/gecko_sdk_suite/v1.1//platform/bootloader/api" -I"D:\GoogleDriveCLT\GoogleDrive\WeatherCloud\Roadboard\Software\Road-Board-December-2016N8\BGM111\Studio_Work\soc-CRP-RoadPack\inc" -O0 -fno-short-enums -Wall -c -fmessage-length=0 -ffunction-sections -fdata-sections -mfpu=fpv4-sp-d16 -mfloat-abi=hard -MMD -MP -MF"emlib/em_cryotimer.d" -MT"emlib/em_cryotimer.o" -o "emlib/em_cryotimer.o" "../emlib/em_cryotimer.c"
Invoking: GNU ARM C Compiler
arm-none-eabi-gcc -g3 -gdwarf-2 -mcpu=cortex-m4 -mthumb -std=c99 '-DSILABS_AF_USE_HWCONF=1' '-D__NO_SYSTEM_INIT=1\n' '-DEFR32BG1B232F256GM48=1' -I"D:/SiliconLabs/SimplicityStudio/v4_2/developer/sdks/gecko_sdk_suite/v1.1//hardware/kit/common/bsp" -I"D:/SiliconLabs/SimplicityStudio/v4_2/developer/sdks/gecko_sdk_suite/v1.1//platform/CMSIS/Include" -I"D:/SiliconLabs/SimplicityStudio/v4_2/developer/sdks/gecko_sdk_suite/v1.1//hardware/kit/common/drivers" -I"D:/SiliconLabs/SimplicityStudio/v4_2/developer/sdks/gecko_sdk_suite/v1.1//platform/radio/rail_lib/chip/efr32" -I"D:/SiliconLabs/SimplicityStudio/v4_2/developer/sdks/gecko_sdk_suite/v1.1//platform/emdrv/dmadrv/inc" -I"D:/SiliconLabs/SimplicityStudio/v4_2/developer/sdks/gecko_sdk_suite/v1.1//platform/emdrv/uartdrv/inc" -I"D:/SiliconLabs/SimplicityStudio/v4_2/developer/sdks/gecko_sdk_suite/v1.1//platform/radio/rail_lib/common" -I"D:\GoogleDriveCLT\GoogleDrive\WeatherCloud\Roadboard\Software\Road-Board-December-2016N8\BGM111\Studio_Work\soc-CRP-RoadPack" -I"D:/SiliconLabs/SimplicityStudio/v4_2/developer/sdks/gecko_sdk_suite/v1.1//platform/emdrv/spidrv/inc" -I"D:/SiliconLabs/SimplicityStudio/v4_2/developer/sdks/gecko_sdk_suite/v1.1//platform/emdrv/gpiointerrupt/inc" -I"D:/SiliconLabs/SimplicityStudio/v4_2/developer/sdks/gecko_sdk_suite/v1.1//platform/emdrv/rtcdrv/inc" -I"D:/SiliconLabs/SimplicityStudio/v4_2/developer/sdks/gecko_sdk_suite/v1.1//platform/emdrv/spidrv/config" -I"D:\GoogleDriveCLT\GoogleDrive\WeatherCloud\Roadboard\Software\Road-Board-December-2016N8\BGM111\Studio_Work\soc-CRP-RoadPack\src" -I"D:/SiliconLabs/SimplicityStudio/v4_2/developer/sdks/gecko_sdk_suite/v1.1//platform/emdrv/rtcdrv/config" -I"D:/SiliconLabs/SimplicityStudio/v4_2/developer/sdks/gecko_sdk_suite/v1.1//platform/emdrv/ustimer/inc" -I"D:/SiliconLabs/SimplicityStudio/v4_2/developer/sdks/gecko_sdk_suite/v1.1//platform/radio/rail_lib/chip/efr32/rf/common/cortex" -I"D:/SiliconLabs/SimplicityStudio/v4_2/developer/sdks/gecko_sdk_suite/v1.1//platform/emdrv/ustimer/config" -I"D:/SiliconLabs/SimplicityStudio/v4_2/developer/sdks/gecko_sdk_suite/v1.1//platform/emdrv/dmadrv/config" -I"D:/SiliconLabs/SimplicityStudio/v4_2/developer/sdks/gecko_sdk_suite/v1.1//platform/emdrv/tempdrv/config" -I"D:/SiliconLabs/SimplicityStudio/v4_2/developer/sdks/gecko_sdk_suite/v1.1//platform/emdrv/uartdrv/config" -I"D:/SiliconLabs/SimplicityStudio/v4_2/developer/sdks/gecko_sdk_suite/v1.1//platform/emdrv/tempdrv/inc" -I"D:/SiliconLabs/SimplicityStudio/v4_2/developer/sdks/gecko_sdk_suite/v1.1//platform/emdrv/nvm/config" -I"D:\GoogleDriveCLT\GoogleDrive\WeatherCloud\Roadboard\Software\Road-Board-December-2016N8\BGM111\Studio_Work\soc-CRP-RoadPack\inc" -I"D:/SiliconLabs/SimplicityStudio/v4_2/developer/sdks/gecko_sdk_suite/v1.1//platform/emdrv/sleep/inc" -I"D:/SiliconLabs/SimplicityStudio/v4_2/developer/sdks/gecko_sdk_suite/v1.1//hardware/kit/EFR32BG1_BRD4302A/config" -I"D:/SiliconLabs/SimplicityStudio/v4_2/developer/sdks/gecko_sdk_suite/v1.1//platform/emdrv/nvm/inc" -I"D:/SiliconLabs/SimplicityStudio/v4_2/developer/sdks/gecko_sdk_suite/v1.1//platform/emdrv/common/inc" -I"D:/SiliconLabs/SimplicityStudio/v4_2/developer/sdks/gecko_sdk_suite/v1.1//platform/Device/SiliconLabs/EFR32BG1B/Include" -I"D:/SiliconLabs/SimplicityStudio/v4_2/developer/sdks/gecko_sdk_suite/v1.1//protocol/bluetooth_2.4/ble_stack/inc/soc" -I"D:/SiliconLabs/SimplicityStudio/v4_2/developer/sdks/gecko_sdk_suite/v1.1//platform/emlib/inc" -I"D:/SiliconLabs/SimplicityStudio/v4_2/developer/sdks/gecko_sdk_suite/v1.1//protocol/bluetooth_2.4/ble_stack/inc/common" -I"D:/SiliconLabs/SimplicityStudio/v4_2/developer/sdks/gecko_sdk_suite/v1.1//platform/bootloader/api" -I"D:\GoogleDriveCLT\GoogleDrive\WeatherCloud\Roadboard\Software\Road-Board-December-2016N8\BGM111\Studio_Work\soc-CRP-RoadPack\inc" -O0 -fno-short-enums -Wall -c -fmessage-length=0 -ffunction-sections -fdata-sections -mfpu=fpv4-sp-d16 -mfloat-abi=hard -MMD -MP -MF"emlib/em_gpio.d" -MT"emlib/em_gpio.o" -o "emlib/em_gpio.o" "../emlib/em_gpio.c"
Finished building: ../emlib/em_gpio.c
Finished building: ../src/InitDevice.c
Finished building: ../emlib/em_cmu.c
Finished building: ../emlib/em_cryotimer.c
 
 
 
 
Building file: ../emlib/em_i2c.c
Building file: ../emlib/em_msc.c
Building file: ../emlib/em_rtcc.c
Invoking: GNU ARM C Compiler
arm-none-eabi-gcc -g3 -gdwarf-2 -mcpu=cortex-m4 -mthumb -std=c99 '-DSILABS_AF_USE_HWCONF=1' '-D__NO_SYSTEM_INIT=1\n' '-DEFR32BG1B232F256GM48=1' -I"D:/SiliconLabs/SimplicityStudio/v4_2/developer/sdks/gecko_sdk_suite/v1.1//hardware/kit/common/bsp" -I"D:/SiliconLabs/SimplicityStudio/v4_2/developer/sdks/gecko_sdk_suite/v1.1//platform/CMSIS/Include" -I"D:/SiliconLabs/SimplicityStudio/v4_2/developer/sdks/gecko_sdk_suite/v1.1//hardware/kit/common/drivers" -I"D:/SiliconLabs/SimplicityStudio/v4_2/developer/sdks/gecko_sdk_suite/v1.1//platform/radio/rail_lib/chip/efr32" -I"D:/SiliconLabs/SimplicityStudio/v4_2/developer/sdks/gecko_sdk_suite/v1.1//platform/emdrv/dmadrv/inc" -I"D:/SiliconLabs/SimplicityStudio/v4_2/developer/sdks/gecko_sdk_suite/v1.1//platform/emdrv/uartdrv/inc" -I"D:/SiliconLabs/SimplicityStudio/v4_2/developer/sdks/gecko_sdk_suite/v1.1//platform/radio/rail_lib/common" -I"D:\GoogleDriveCLT\GoogleDrive\WeatherCloud\Roadboard\Software\Road-Board-December-2016N8\BGM111\Studio_Work\soc-CRP-RoadPack" -I"D:/SiliconLabs/SimplicityStudio/v4_2/developer/sdks/gecko_sdk_suite/v1.1//platform/emdrv/spidrv/inc" -I"D:/SiliconLabs/SimplicityStudio/v4_2/developer/sdks/gecko_sdk_suite/v1.1//platform/emdrv/gpiointerrupt/inc" -I"D:/SiliconLabs/SimplicityStudio/v4_2/developer/sdks/gecko_sdk_suite/v1.1//platform/emdrv/rtcdrv/inc" -I"D:/SiliconLabs/SimplicityStudio/v4_2/developer/sdks/gecko_sdk_suite/v1.1//platform/emdrv/spidrv/config" -I"D:\GoogleDriveCLT\GoogleDrive\WeatherCloud\Roadboard\Software\Road-Board-December-2016N8\BGM111\Studio_Work\soc-CRP-RoadPack\src" -I"D:/SiliconLabs/SimplicityStudio/v4_2/developer/sdks/gecko_sdk_suite/v1.1//platform/emdrv/rtcdrv/config" -I"D:/SiliconLabs/SimplicityStudio/v4_2/developer/sdks/gecko_sdk_suite/v1.1//platform/emdrv/ustimer/inc" -I"D:/SiliconLabs/SimplicityStudio/v4_2/developer/sdks/gecko_sdk_suite/v1.1//platform/radio/rail_lib/chip/efr32/rf/common/cortex" -I"D:/SiliconLabs/SimplicityStudio/v4_2/developer/sdks/gecko_sdk_suite/v1.1//platform/emdrv/ustimer/config" -I"D:/SiliconLabs/SimplicityStudio/v4_2/developer/sdks/gecko_sdk_suite/v1.1//platform/emdrv/dmadrv/config" -I"D:/SiliconLabs/SimplicityStudio/v4_2/developer/sdks/gecko_sdk_suite/v1.1//platform/emdrv/tempdrv/config" -I"D:/SiliconLabs/SimplicityStudio/v4_2/developer/sdks/gecko_sdk_suite/v1.1//platform/emdrv/uartdrv/config" -I"D:/SiliconLabs/SimplicityStudio/v4_2/developer/sdks/gecko_sdk_suite/v1.1//platform/emdrv/tempdrv/inc" -I"D:/SiliconLabs/SimplicityStudio/v4_2/developer/sdks/gecko_sdk_suite/v1.1//platform/emdrv/nvm/config" -I"D:\GoogleDriveCLT\GoogleDrive\WeatherCloud\Roadboard\Software\Road-Board-December-2016N8\BGM111\Studio_Work\soc-CRP-RoadPack\inc" -I"D:/SiliconLabs/SimplicityStudio/v4_2/developer/sdks/gecko_sdk_suite/v1.1//platform/emdrv/sleep/inc" -I"D:/SiliconLabs/SimplicityStudio/v4_2/developer/sdks/gecko_sdk_suite/v1.1//hardware/kit/EFR32BG1_BRD4302A/config" -I"D:/SiliconLabs/SimplicityStudio/v4_2/developer/sdks/gecko_sdk_suite/v1.1//platform/emdrv/nvm/inc" -I"D:/SiliconLabs/SimplicityStudio/v4_2/developer/sdks/gecko_sdk_suite/v1.1//platform/emdrv/common/inc" -I"D:/SiliconLabs/SimplicityStudio/v4_2/developer/sdks/gecko_sdk_suite/v1.1//platform/Device/SiliconLabs/EFR32BG1B/Include" -I"D:/SiliconLabs/SimplicityStudio/v4_2/developer/sdks/gecko_sdk_suite/v1.1//protocol/bluetooth_2.4/ble_stack/inc/soc" -I"D:/SiliconLabs/SimplicityStudio/v4_2/developer/sdks/gecko_sdk_suite/v1.1//platform/emlib/inc" -I"D:/SiliconLabs/SimplicityStudio/v4_2/developer/sdks/gecko_sdk_suite/v1.1//protocol/bluetooth_2.4/ble_stack/inc/common" -I"D:/SiliconLabs/SimplicityStudio/v4_2/developer/sdks/gecko_sdk_suite/v1.1//platform/bootloader/api" -I"D:\GoogleDriveCLT\GoogleDrive\WeatherCloud\Roadboard\Software\Road-Board-December-2016N8\BGM111\Studio_Work\soc-CRP-RoadPack\inc" -O0 -fno-short-enums -Wall -c -fmessage-length=0 -ffunction-sections -fdata-sections -mfpu=fpv4-sp-d16 -mfloat-abi=hard -MMD -MP -MF"emlib/em_i2c.d" -MT"emlib/em_i2c.o" -o "emlib/em_i2c.o" "../emlib/em_i2c.c"
Invoking: GNU ARM C Compiler
arm-none-eabi-gcc -g3 -gdwarf-2 -mcpu=cortex-m4 -mthumb -std=c99 '-DSILABS_AF_USE_HWCONF=1' '-D__NO_SYSTEM_INIT=1\n' '-DEFR32BG1B232F256GM48=1' -I"D:/SiliconLabs/SimplicityStudio/v4_2/developer/sdks/gecko_sdk_suite/v1.1//hardware/kit/common/bsp" -I"D:/SiliconLabs/SimplicityStudio/v4_2/developer/sdks/gecko_sdk_suite/v1.1//platform/CMSIS/Include" -I"D:/SiliconLabs/SimplicityStudio/v4_2/developer/sdks/gecko_sdk_suite/v1.1//hardware/kit/common/drivers" -I"D:/SiliconLabs/SimplicityStudio/v4_2/developer/sdks/gecko_sdk_suite/v1.1//platform/radio/rail_lib/chip/efr32" -I"D:/SiliconLabs/SimplicityStudio/v4_2/developer/sdks/gecko_sdk_suite/v1.1//platform/emdrv/dmadrv/inc" -I"D:/SiliconLabs/SimplicityStudio/v4_2/developer/sdks/gecko_sdk_suite/v1.1//platform/emdrv/uartdrv/inc" -I"D:/SiliconLabs/SimplicityStudio/v4_2/developer/sdks/gecko_sdk_suite/v1.1//platform/radio/rail_lib/common" -I"D:\GoogleDriveCLT\GoogleDrive\WeatherCloud\Roadboard\Software\Road-Board-December-2016N8\BGM111\Studio_Work\soc-CRP-RoadPack" -I"D:/SiliconLabs/SimplicityStudio/v4_2/developer/sdks/gecko_sdk_suite/v1.1//platform/emdrv/spidrv/inc" -I"D:/SiliconLabs/SimplicityStudio/v4_2/developer/sdks/gecko_sdk_suite/v1.1//platform/emdrv/gpiointerrupt/inc" -I"D:/SiliconLabs/SimplicityStudio/v4_2/developer/sdks/gecko_sdk_suite/v1.1//platform/emdrv/rtcdrv/inc" -I"D:/SiliconLabs/SimplicityStudio/v4_2/developer/sdks/gecko_sdk_suite/v1.1//platform/emdrv/spidrv/config" -I"D:\GoogleDriveCLT\GoogleDrive\WeatherCloud\Roadboard\Software\Road-Board-December-2016N8\BGM111\Studio_Work\soc-CRP-RoadPack\src" -I"D:/SiliconLabs/SimplicityStudio/v4_2/developer/sdks/gecko_sdk_suite/v1.1//platform/emdrv/rtcdrv/config" -I"D:/SiliconLabs/SimplicityStudio/v4_2/developer/sdks/gecko_sdk_suite/v1.1//platform/emdrv/ustimer/inc" -I"D:/SiliconLabs/SimplicityStudio/v4_2/developer/sdks/gecko_sdk_suite/v1.1//platform/radio/rail_lib/chip/efr32/rf/common/cortex" -I"D:/SiliconLabs/SimplicityStudio/v4_2/developer/sdks/gecko_sdk_suite/v1.1//platform/emdrv/ustimer/config" -I"D:/SiliconLabs/SimplicityStudio/v4_2/developer/sdks/gecko_sdk_suite/v1.1//platform/emdrv/dmadrv/config" -I"D:/SiliconLabs/SimplicityStudio/v4_2/developer/sdks/gecko_sdk_suite/v1.1//platform/emdrv/tempdrv/config" -I"D:/SiliconLabs/SimplicityStudio/v4_2/developer/sdks/gecko_sdk_suite/v1.1//platform/emdrv/uartdrv/config" -I"D:/SiliconLabs/SimplicityStudio/v4_2/developer/sdks/gecko_sdk_suite/v1.1//platform/emdrv/tempdrv/inc" -I"D:/SiliconLabs/SimplicityStudio/v4_2/developer/sdks/gecko_sdk_suite/v1.1//platform/emdrv/nvm/config" -I"D:\GoogleDriveCLT\GoogleDrive\WeatherCloud\Roadboard\Software\Road-Board-December-2016N8\BGM111\Studio_Work\soc-CRP-RoadPack\inc" -I"D:/SiliconLabs/SimplicityStudio/v4_2/developer/sdks/gecko_sdk_suite/v1.1//platform/emdrv/sleep/inc" -I"D:/SiliconLabs/SimplicityStudio/v4_2/developer/sdks/gecko_sdk_suite/v1.1//hardware/kit/EFR32BG1_BRD4302A/config" -I"D:/SiliconLabs/SimplicityStudio/v4_2/developer/sdks/gecko_sdk_suite/v1.1//platform/emdrv/nvm/inc" -I"D:/SiliconLabs/SimplicityStudio/v4_2/developer/sdks/gecko_sdk_suite/v1.1//platform/emdrv/common/inc" -I"D:/SiliconLabs/SimplicityStudio/v4_2/developer/sdks/gecko_sdk_suite/v1.1//platform/Device/SiliconLabs/EFR32BG1B/Include" -I"D:/SiliconLabs/SimplicityStudio/v4_2/developer/sdks/gecko_sdk_suite/v1.1//protocol/bluetooth_2.4/ble_stack/inc/soc" -I"D:/SiliconLabs/SimplicityStudio/v4_2/developer/sdks/gecko_sdk_suite/v1.1//platform/emlib/inc" -I"D:/SiliconLabs/SimplicityStudio/v4_2/developer/sdks/gecko_sdk_suite/v1.1//protocol/bluetooth_2.4/ble_stack/inc/common" -I"D:/SiliconLabs/SimplicityStudio/v4_2/developer/sdks/gecko_sdk_suite/v1.1//platform/bootloader/api" -I"D:\GoogleDriveCLT\GoogleDrive\WeatherCloud\Roadboard\Software\Road-Board-December-2016N8\BGM111\Studio_Work\soc-CRP-RoadPack\inc" -O0 -fno-short-enums -Wall -c -fmessage-length=0 -ffunction-sections -fdata-sections -mfpu=fpv4-sp-d16 -mfloat-abi=hard -MMD -MP -MF"emlib/em_msc.d" -MT"emlib/em_msc.o" -o "emlib/em_msc.o" "../emlib/em_msc.c"
Invoking: GNU ARM C Compiler
arm-none-eabi-gcc -g3 -gdwarf-2 -mcpu=cortex-m4 -mthumb -std=c99 '-DSILABS_AF_USE_HWCONF=1' '-D__NO_SYSTEM_INIT=1\n' '-DEFR32BG1B232F256GM48=1' -I"D:/SiliconLabs/SimplicityStudio/v4_2/developer/sdks/gecko_sdk_suite/v1.1//hardware/kit/common/bsp" -I"D:/SiliconLabs/SimplicityStudio/v4_2/developer/sdks/gecko_sdk_suite/v1.1//platform/CMSIS/Include" -I"D:/SiliconLabs/SimplicityStudio/v4_2/developer/sdks/gecko_sdk_suite/v1.1//hardware/kit/common/drivers" -I"D:/SiliconLabs/SimplicityStudio/v4_2/developer/sdks/gecko_sdk_suite/v1.1//platform/radio/rail_lib/chip/efr32" -I"D:/SiliconLabs/SimplicityStudio/v4_2/developer/sdks/gecko_sdk_suite/v1.1//platform/emdrv/dmadrv/inc" -I"D:/SiliconLabs/SimplicityStudio/v4_2/developer/sdks/gecko_sdk_suite/v1.1//platform/emdrv/uartdrv/inc" -I"D:/SiliconLabs/SimplicityStudio/v4_2/developer/sdks/gecko_sdk_suite/v1.1//platform/radio/rail_lib/common" -I"D:\GoogleDriveCLT\GoogleDrive\WeatherCloud\Roadboard\Software\Road-Board-December-2016N8\BGM111\Studio_Work\soc-CRP-RoadPack" -I"D:/SiliconLabs/SimplicityStudio/v4_2/developer/sdks/gecko_sdk_suite/v1.1//platform/emdrv/spidrv/inc" -I"D:/SiliconLabs/SimplicityStudio/v4_2/developer/sdks/gecko_sdk_suite/v1.1//platform/emdrv/gpiointerrupt/inc" -I"D:/SiliconLabs/SimplicityStudio/v4_2/developer/sdks/gecko_sdk_suite/v1.1//platform/emdrv/rtcdrv/inc" -I"D:/SiliconLabs/SimplicityStudio/v4_2/developer/sdks/gecko_sdk_suite/v1.1//platform/emdrv/spidrv/config" -I"D:\GoogleDriveCLT\GoogleDrive\WeatherCloud\Roadboard\Software\Road-Board-December-2016N8\BGM111\Studio_Work\soc-CRP-RoadPack\src" -I"D:/SiliconLabs/SimplicityStudio/v4_2/developer/sdks/gecko_sdk_suite/v1.1//platform/emdrv/rtcdrv/config" -I"D:/SiliconLabs/SimplicityStudio/v4_2/developer/sdks/gecko_sdk_suite/v1.1//platform/emdrv/ustimer/inc" -I"D:/SiliconLabs/SimplicityStudio/v4_2/developer/sdks/gecko_sdk_suite/v1.1//platform/radio/rail_lib/chip/efr32/rf/common/cortex" -I"D:/SiliconLabs/SimplicityStudio/v4_2/developer/sdks/gecko_sdk_suite/v1.1//platform/emdrv/ustimer/config" -I"D:/SiliconLabs/SimplicityStudio/v4_2/developer/sdks/gecko_sdk_suite/v1.1//platform/emdrv/dmadrv/config" -I"D:/SiliconLabs/SimplicityStudio/v4_2/developer/sdks/gecko_sdk_suite/v1.1//platform/emdrv/tempdrv/config" -I"D:/SiliconLabs/SimplicityStudio/v4_2/developer/sdks/gecko_sdk_suite/v1.1//platform/emdrv/uartdrv/config" -I"D:/SiliconLabs/SimplicityStudio/v4_2/developer/sdks/gecko_sdk_suite/v1.1//platform/emdrv/tempdrv/inc" -I"D:/SiliconLabs/SimplicityStudio/v4_2/developer/sdks/gecko_sdk_suite/v1.1//platform/emdrv/nvm/config" -I"D:\GoogleDriveCLT\GoogleDrive\WeatherCloud\Roadboard\Software\Road-Board-December-2016N8\BGM111\Studio_Work\soc-CRP-RoadPack\inc" -I"D:/SiliconLabs/SimplicityStudio/v4_2/developer/sdks/gecko_sdk_suite/v1.1//platform/emdrv/sleep/inc" -I"D:/SiliconLabs/SimplicityStudio/v4_2/developer/sdks/gecko_sdk_suite/v1.1//hardware/kit/EFR32BG1_BRD4302A/config" -I"D:/SiliconLabs/SimplicityStudio/v4_2/developer/sdks/gecko_sdk_suite/v1.1//platform/emdrv/nvm/inc" -I"D:/SiliconLabs/SimplicityStudio/v4_2/developer/sdks/gecko_sdk_suite/v1.1//platform/emdrv/common/inc" -I"D:/SiliconLabs/SimplicityStudio/v4_2/developer/sdks/gecko_sdk_suite/v1.1//platform/Device/SiliconLabs/EFR32BG1B/Include" -I"D:/SiliconLabs/SimplicityStudio/v4_2/developer/sdks/gecko_sdk_suite/v1.1//protocol/bluetooth_2.4/ble_stack/inc/soc" -I"D:/SiliconLabs/SimplicityStudio/v4_2/developer/sdks/gecko_sdk_suite/v1.1//platform/emlib/inc" -I"D:/SiliconLabs/SimplicityStudio/v4_2/developer/sdks/gecko_sdk_suite/v1.1//protocol/bluetooth_2.4/ble_stack/inc/common" -I"D:/SiliconLabs/SimplicityStudio/v4_2/developer/sdks/gecko_sdk_suite/v1.1//platform/bootloader/api" -I"D:\GoogleDriveCLT\GoogleDrive\WeatherCloud\Roadboard\Software\Road-Board-December-2016N8\BGM111\Studio_Work\soc-CRP-RoadPack\inc" -O0 -fno-short-enums -Wall -c -fmessage-length=0 -ffunction-sections -fdata-sections -mfpu=fpv4-sp-d16 -mfloat-abi=hard -MMD -MP -MF"emlib/em_rtcc.d" -MT"emlib/em_rtcc.o" -o "emlib/em_rtcc.o" "../emlib/em_rtcc.c"
Building file: ../emlib/em_system.c
Invoking: GNU ARM C Compiler
arm-none-eabi-gcc -g3 -gdwarf-2 -mcpu=cortex-m4 -mthumb -std=c99 '-DSILABS_AF_USE_HWCONF=1' '-D__NO_SYSTEM_INIT=1\n' '-DEFR32BG1B232F256GM48=1' -I"D:/SiliconLabs/SimplicityStudio/v4_2/developer/sdks/gecko_sdk_suite/v1.1//hardware/kit/common/bsp" -I"D:/SiliconLabs/SimplicityStudio/v4_2/developer/sdks/gecko_sdk_suite/v1.1//platform/CMSIS/Include" -I"D:/SiliconLabs/SimplicityStudio/v4_2/developer/sdks/gecko_sdk_suite/v1.1//hardware/kit/common/drivers" -I"D:/SiliconLabs/SimplicityStudio/v4_2/developer/sdks/gecko_sdk_suite/v1.1//platform/radio/rail_lib/chip/efr32" -I"D:/SiliconLabs/SimplicityStudio/v4_2/developer/sdks/gecko_sdk_suite/v1.1//platform/emdrv/dmadrv/inc" -I"D:/SiliconLabs/SimplicityStudio/v4_2/developer/sdks/gecko_sdk_suite/v1.1//platform/emdrv/uartdrv/inc" -I"D:/SiliconLabs/SimplicityStudio/v4_2/developer/sdks/gecko_sdk_suite/v1.1//platform/radio/rail_lib/common" -I"D:\GoogleDriveCLT\GoogleDrive\WeatherCloud\Roadboard\Software\Road-Board-December-2016N8\BGM111\Studio_Work\soc-CRP-RoadPack" -I"D:/SiliconLabs/SimplicityStudio/v4_2/developer/sdks/gecko_sdk_suite/v1.1//platform/emdrv/spidrv/inc" -I"D:/SiliconLabs/SimplicityStudio/v4_2/developer/sdks/gecko_sdk_suite/v1.1//platform/emdrv/gpiointerrupt/inc" -I"D:/SiliconLabs/SimplicityStudio/v4_2/developer/sdks/gecko_sdk_suite/v1.1//platform/emdrv/rtcdrv/inc" -I"D:/SiliconLabs/SimplicityStudio/v4_2/developer/sdks/gecko_sdk_suite/v1.1//platform/emdrv/spidrv/config" -I"D:\GoogleDriveCLT\GoogleDrive\WeatherCloud\Roadboard\Software\Road-Board-December-2016N8\BGM111\Studio_Work\soc-CRP-RoadPack\src" -I"D:/SiliconLabs/SimplicityStudio/v4_2/developer/sdks/gecko_sdk_suite/v1.1//platform/emdrv/rtcdrv/config" -I"D:/SiliconLabs/SimplicityStudio/v4_2/developer/sdks/gecko_sdk_suite/v1.1//platform/emdrv/ustimer/inc" -I"D:/SiliconLabs/SimplicityStudio/v4_2/developer/sdks/gecko_sdk_suite/v1.1//platform/radio/rail_lib/chip/efr32/rf/common/cortex" -I"D:/SiliconLabs/SimplicityStudio/v4_2/developer/sdks/gecko_sdk_suite/v1.1//platform/emdrv/ustimer/config" -I"D:/SiliconLabs/SimplicityStudio/v4_2/developer/sdks/gecko_sdk_suite/v1.1//platform/emdrv/dmadrv/config" -I"D:/SiliconLabs/SimplicityStudio/v4_2/developer/sdks/gecko_sdk_suite/v1.1//platform/emdrv/tempdrv/config" -I"D:/SiliconLabs/SimplicityStudio/v4_2/developer/sdks/gecko_sdk_suite/v1.1//platform/emdrv/uartdrv/config" -I"D:/SiliconLabs/SimplicityStudio/v4_2/developer/sdks/gecko_sdk_suite/v1.1//platform/emdrv/tempdrv/inc" -I"D:/SiliconLabs/SimplicityStudio/v4_2/developer/sdks/gecko_sdk_suite/v1.1//platform/emdrv/nvm/config" -I"D:\GoogleDriveCLT\GoogleDrive\WeatherCloud\Roadboard\Software\Road-Board-December-2016N8\BGM111\Studio_Work\soc-CRP-RoadPack\inc" -I"D:/SiliconLabs/SimplicityStudio/v4_2/developer/sdks/gecko_sdk_suite/v1.1//platform/emdrv/sleep/inc" -I"D:/SiliconLabs/SimplicityStudio/v4_2/developer/sdks/gecko_sdk_suite/v1.1//hardware/kit/EFR32BG1_BRD4302A/config" -I"D:/SiliconLabs/SimplicityStudio/v4_2/developer/sdks/gecko_sdk_suite/v1.1//platform/emdrv/nvm/inc" -I"D:/SiliconLabs/SimplicityStudio/v4_2/developer/sdks/gecko_sdk_suite/v1.1//platform/emdrv/common/inc" -I"D:/SiliconLabs/SimplicityStudio/v4_2/developer/sdks/gecko_sdk_suite/v1.1//platform/Device/SiliconLabs/EFR32BG1B/Include" -I"D:/SiliconLabs/SimplicityStudio/v4_2/developer/sdks/gecko_sdk_suite/v1.1//protocol/bluetooth_2.4/ble_stack/inc/soc" -I"D:/SiliconLabs/SimplicityStudio/v4_2/developer/sdks/gecko_sdk_suite/v1.1//platform/emlib/inc" -I"D:/SiliconLabs/SimplicityStudio/v4_2/developer/sdks/gecko_sdk_suite/v1.1//protocol/bluetooth_2.4/ble_stack/inc/common" -I"D:/SiliconLabs/SimplicityStudio/v4_2/developer/sdks/gecko_sdk_suite/v1.1//platform/bootloader/api" -I"D:\GoogleDriveCLT\GoogleDrive\WeatherCloud\Roadboard\Software\Road-Board-December-2016N8\BGM111\Studio_Work\soc-CRP-RoadPack\inc" -O0 -fno-short-enums -Wall -c -fmessage-length=0 -ffunction-sections -fdata-sections -mfpu=fpv4-sp-d16 -mfloat-abi=hard -MMD -MP -MF"emlib/em_system.d" -MT"emlib/em_system.o" -o "emlib/em_system.o" "../emlib/em_system.c"
Finished building: ../emlib/em_system.c
Finished building: ../emlib/em_msc.c
Finished building: ../emlib/em_i2c.c
Finished building: ../emlib/em_rtcc.c
 
 
 
 
Building file: ../emlib/em_timer.c
Building file: ../emlib/em_usart.c
Building file: ../device/EFR32_B_1_1_B/gcc/startup_efr32bg1b.c
Invoking: GNU ARM C Compiler
arm-none-eabi-gcc -g3 -gdwarf-2 -mcpu=cortex-m4 -mthumb -std=c99 '-DSILABS_AF_USE_HWCONF=1' '-D__NO_SYSTEM_INIT=1\n' '-DEFR32BG1B232F256GM48=1' -I"D:/SiliconLabs/SimplicityStudio/v4_2/developer/sdks/gecko_sdk_suite/v1.1//hardware/kit/common/bsp" -I"D:/SiliconLabs/SimplicityStudio/v4_2/developer/sdks/gecko_sdk_suite/v1.1//platform/CMSIS/Include" -I"D:/SiliconLabs/SimplicityStudio/v4_2/developer/sdks/gecko_sdk_suite/v1.1//hardware/kit/common/drivers" -I"D:/SiliconLabs/SimplicityStudio/v4_2/developer/sdks/gecko_sdk_suite/v1.1//platform/radio/rail_lib/chip/efr32" -I"D:/SiliconLabs/SimplicityStudio/v4_2/developer/sdks/gecko_sdk_suite/v1.1//platform/emdrv/dmadrv/inc" -I"D:/SiliconLabs/SimplicityStudio/v4_2/developer/sdks/gecko_sdk_suite/v1.1//platform/emdrv/uartdrv/inc" -I"D:/SiliconLabs/SimplicityStudio/v4_2/developer/sdks/gecko_sdk_suite/v1.1//platform/radio/rail_lib/common" -I"D:\GoogleDriveCLT\GoogleDrive\WeatherCloud\Roadboard\Software\Road-Board-December-2016N8\BGM111\Studio_Work\soc-CRP-RoadPack" -I"D:/SiliconLabs/SimplicityStudio/v4_2/developer/sdks/gecko_sdk_suite/v1.1//platform/emdrv/spidrv/inc" -I"D:/SiliconLabs/SimplicityStudio/v4_2/developer/sdks/gecko_sdk_suite/v1.1//platform/emdrv/gpiointerrupt/inc" -I"D:/SiliconLabs/SimplicityStudio/v4_2/developer/sdks/gecko_sdk_suite/v1.1//platform/emdrv/rtcdrv/inc" -I"D:/SiliconLabs/SimplicityStudio/v4_2/developer/sdks/gecko_sdk_suite/v1.1//platform/emdrv/spidrv/config" -I"D:\GoogleDriveCLT\GoogleDrive\WeatherCloud\Roadboard\Software\Road-Board-December-2016N8\BGM111\Studio_Work\soc-CRP-RoadPack\src" -I"D:/SiliconLabs/SimplicityStudio/v4_2/developer/sdks/gecko_sdk_suite/v1.1//platform/emdrv/rtcdrv/config" -I"D:/SiliconLabs/SimplicityStudio/v4_2/developer/sdks/gecko_sdk_suite/v1.1//platform/emdrv/ustimer/inc" -I"D:/SiliconLabs/SimplicityStudio/v4_2/developer/sdks/gecko_sdk_suite/v1.1//platform/radio/rail_lib/chip/efr32/rf/common/cortex" -I"D:/SiliconLabs/SimplicityStudio/v4_2/developer/sdks/gecko_sdk_suite/v1.1//platform/emdrv/ustimer/config" -I"D:/SiliconLabs/SimplicityStudio/v4_2/developer/sdks/gecko_sdk_suite/v1.1//platform/emdrv/dmadrv/config" -I"D:/SiliconLabs/SimplicityStudio/v4_2/developer/sdks/gecko_sdk_suite/v1.1//platform/emdrv/tempdrv/config" -I"D:/SiliconLabs/SimplicityStudio/v4_2/developer/sdks/gecko_sdk_suite/v1.1//platform/emdrv/uartdrv/config" -I"D:/SiliconLabs/SimplicityStudio/v4_2/developer/sdks/gecko_sdk_suite/v1.1//platform/emdrv/tempdrv/inc" -I"D:/SiliconLabs/SimplicityStudio/v4_2/developer/sdks/gecko_sdk_suite/v1.1//platform/emdrv/nvm/config" -I"D:\GoogleDriveCLT\GoogleDrive\WeatherCloud\Roadboard\Software\Road-Board-December-2016N8\BGM111\Studio_Work\soc-CRP-RoadPack\inc" -I"D:/SiliconLabs/SimplicityStudio/v4_2/developer/sdks/gecko_sdk_suite/v1.1//platform/emdrv/sleep/inc" -I"D:/SiliconLabs/SimplicityStudio/v4_2/developer/sdks/gecko_sdk_suite/v1.1//hardware/kit/EFR32BG1_BRD4302A/config" -I"D:/SiliconLabs/SimplicityStudio/v4_2/developer/sdks/gecko_sdk_suite/v1.1//platform/emdrv/nvm/inc" -I"D:/SiliconLabs/SimplicityStudio/v4_2/developer/sdks/gecko_sdk_suite/v1.1//platform/emdrv/common/inc" -I"D:/SiliconLabs/SimplicityStudio/v4_2/developer/sdks/gecko_sdk_suite/v1.1//platform/Device/SiliconLabs/EFR32BG1B/Include" -I"D:/SiliconLabs/SimplicityStudio/v4_2/developer/sdks/gecko_sdk_suite/v1.1//protocol/bluetooth_2.4/ble_stack/inc/soc" -I"D:/SiliconLabs/SimplicityStudio/v4_2/developer/sdks/gecko_sdk_suite/v1.1//platform/emlib/inc" -I"D:/SiliconLabs/SimplicityStudio/v4_2/developer/sdks/gecko_sdk_suite/v1.1//protocol/bluetooth_2.4/ble_stack/inc/common" -I"D:/SiliconLabs/SimplicityStudio/v4_2/developer/sdks/gecko_sdk_suite/v1.1//platform/bootloader/api" -I"D:\GoogleDriveCLT\GoogleDrive\WeatherCloud\Roadboard\Software\Road-Board-December-2016N8\BGM111\Studio_Work\soc-CRP-RoadPack\inc" -O0 -fno-short-enums -Wall -c -fmessage-length=0 -ffunction-sections -fdata-sections -mfpu=fpv4-sp-d16 -mfloat-abi=hard -MMD -MP -MF"emlib/em_timer.d" -MT"emlib/em_timer.o" -o "emlib/em_timer.o" "../emlib/em_timer.c"
Invoking: GNU ARM C Compiler
Invoking: GNU ARM C Compiler
arm-none-eabi-gcc -g3 -gdwarf-2 -mcpu=cortex-m4 -mthumb -std=c99 '-DSILABS_AF_USE_HWCONF=1' '-D__NO_SYSTEM_INIT=1\n' '-DEFR32BG1B232F256GM48=1' -I"D:/SiliconLabs/SimplicityStudio/v4_2/developer/sdks/gecko_sdk_suite/v1.1//hardware/kit/common/bsp" -I"D:/SiliconLabs/SimplicityStudio/v4_2/developer/sdks/gecko_sdk_suite/v1.1//platform/CMSIS/Include" -I"D:/SiliconLabs/SimplicityStudio/v4_2/developer/sdks/gecko_sdk_suite/v1.1//hardware/kit/common/drivers" -I"D:/SiliconLabs/SimplicityStudio/v4_2/developer/sdks/gecko_sdk_suite/v1.1//platform/radio/rail_lib/chip/efr32" -I"D:/SiliconLabs/SimplicityStudio/v4_2/developer/sdks/gecko_sdk_suite/v1.1//platform/emdrv/dmadrv/inc" -I"D:/SiliconLabs/SimplicityStudio/v4_2/developer/sdks/gecko_sdk_suite/v1.1//platform/emdrv/uartdrv/inc" -I"D:/SiliconLabs/SimplicityStudio/v4_2/developer/sdks/gecko_sdk_suite/v1.1//platform/radio/rail_lib/common" -I"D:\GoogleDriveCLT\GoogleDrive\WeatherCloud\Roadboard\Software\Road-Board-December-2016N8\BGM111\Studio_Work\soc-CRP-RoadPack" -I"D:/SiliconLabs/SimplicityStudio/v4_2/developer/sdks/gecko_sdk_suite/v1.1//platform/emdrv/spidrv/inc" -I"D:/SiliconLabs/SimplicityStudio/v4_2/developer/sdks/gecko_sdk_suite/v1.1//platform/emdrv/gpiointerrupt/inc" -I"D:/SiliconLabs/SimplicityStudio/v4_2/developer/sdks/gecko_sdk_suite/v1.1//platform/emdrv/rtcdrv/inc" -I"D:/SiliconLabs/SimplicityStudio/v4_2/developer/sdks/gecko_sdk_suite/v1.1//platform/emdrv/spidrv/config" -I"D:\GoogleDriveCLT\GoogleDrive\WeatherCloud\Roadboard\Software\Road-Board-December-2016N8\BGM111\Studio_Work\soc-CRP-RoadPack\src" -I"D:/SiliconLabs/SimplicityStudio/v4_2/developer/sdks/gecko_sdk_suite/v1.1//platform/emdrv/rtcdrv/config" -I"D:/SiliconLabs/SimplicityStudio/v4_2/developer/sdks/gecko_sdk_suite/v1.1//platform/emdrv/ustimer/inc" -I"D:/SiliconLabs/SimplicityStudio/v4_2/developer/sdks/gecko_sdk_suite/v1.1//platform/radio/rail_lib/chip/efr32/rf/common/cortex" -I"D:/SiliconLabs/SimplicityStudio/v4_2/developer/sdks/gecko_sdk_suite/v1.1//platform/emdrv/ustimer/config" -I"D:/SiliconLabs/SimplicityStudio/v4_2/developer/sdks/gecko_sdk_suite/v1.1//platform/emdrv/dmadrv/config" -I"D:/SiliconLabs/SimplicityStudio/v4_2/developer/sdks/gecko_sdk_suite/v1.1//platform/emdrv/tempdrv/config" -I"D:/SiliconLabs/SimplicityStudio/v4_2/developer/sdks/gecko_sdk_suite/v1.1//platform/emdrv/uartdrv/config" -I"D:/SiliconLabs/SimplicityStudio/v4_2/developer/sdks/gecko_sdk_suite/v1.1//platform/emdrv/tempdrv/inc" -I"D:/SiliconLabs/SimplicityStudio/v4_2/developer/sdks/gecko_sdk_suite/v1.1//platform/emdrv/nvm/config" -I"D:\GoogleDriveCLT\GoogleDrive\WeatherCloud\Roadboard\Software\Road-Board-December-2016N8\BGM111\Studio_Work\soc-CRP-RoadPack\inc" -I"D:/SiliconLabs/SimplicityStudio/v4_2/developer/sdks/gecko_sdk_suite/v1.1//platform/emdrv/sleep/inc" -I"D:/SiliconLabs/SimplicityStudio/v4_2/developer/sdks/gecko_sdk_suite/v1.1//hardware/kit/EFR32BG1_BRD4302A/config" -I"D:/SiliconLabs/SimplicityStudio/v4_2/developer/sdks/gecko_sdk_suite/v1.1//platform/emdrv/nvm/inc" -I"D:/SiliconLabs/SimplicityStudio/v4_2/developer/sdks/gecko_sdk_suite/v1.1//platform/emdrv/common/inc" -I"D:/SiliconLabs/SimplicityStudio/v4_2/developer/sdks/gecko_sdk_suite/v1.1//platform/Device/SiliconLabs/EFR32BG1B/Include" -I"D:/SiliconLabs/SimplicityStudio/v4_2/developer/sdks/gecko_sdk_suite/v1.1//protocol/bluetooth_2.4/ble_stack/inc/soc" -I"D:/SiliconLabs/SimplicityStudio/v4_2/developer/sdks/gecko_sdk_suite/v1.1//platform/emlib/inc" -I"D:/SiliconLabs/SimplicityStudio/v4_2/developer/sdks/gecko_sdk_suite/v1.1//protocol/bluetooth_2.4/ble_stack/inc/common" -I"D:/SiliconLabs/SimplicityStudio/v4_2/developer/sdks/gecko_sdk_suite/v1.1//platform/bootloader/api" -I"D:\GoogleDriveCLT\GoogleDrive\WeatherCloud\Roadboard\Software\Road-Board-December-2016N8\BGM111\Studio_Work\soc-CRP-RoadPack\inc" -O0 -fno-short-enums -Wall -c -fmessage-length=0 -ffunction-sections -fdata-sections -mfpu=fpv4-sp-d16 -mfloat-abi=hard -MMD -MP -MF"emlib/em_usart.d" -MT"emlib/em_usart.o" -o "emlib/em_usart.o" "../emlib/em_usart.c"
arm-none-eabi-gcc -g3 -gdwarf-2 -mcpu=cortex-m4 -mthumb -std=c99 '-DSILABS_AF_USE_HWCONF=1' '-D__NO_SYSTEM_INIT=1\n' '-DEFR32BG1B232F256GM48=1' -I"D:/SiliconLabs/SimplicityStudio/v4_2/developer/sdks/gecko_sdk_suite/v1.1//hardware/kit/common/bsp" -I"D:/SiliconLabs/SimplicityStudio/v4_2/developer/sdks/gecko_sdk_suite/v1.1//platform/CMSIS/Include" -I"D:/SiliconLabs/SimplicityStudio/v4_2/developer/sdks/gecko_sdk_suite/v1.1//hardware/kit/common/drivers" -I"D:/SiliconLabs/SimplicityStudio/v4_2/developer/sdks/gecko_sdk_suite/v1.1//platform/radio/rail_lib/chip/efr32" -I"D:/SiliconLabs/SimplicityStudio/v4_2/developer/sdks/gecko_sdk_suite/v1.1//platform/emdrv/dmadrv/inc" -I"D:/SiliconLabs/SimplicityStudio/v4_2/developer/sdks/gecko_sdk_suite/v1.1//platform/emdrv/uartdrv/inc" -I"D:/SiliconLabs/SimplicityStudio/v4_2/developer/sdks/gecko_sdk_suite/v1.1//platform/radio/rail_lib/common" -I"D:\GoogleDriveCLT\GoogleDrive\WeatherCloud\Roadboard\Software\Road-Board-December-2016N8\BGM111\Studio_Work\soc-CRP-RoadPack" -I"D:/SiliconLabs/SimplicityStudio/v4_2/developer/sdks/gecko_sdk_suite/v1.1//platform/emdrv/spidrv/inc" -I"D:/SiliconLabs/SimplicityStudio/v4_2/developer/sdks/gecko_sdk_suite/v1.1//platform/emdrv/gpiointerrupt/inc" -I"D:/SiliconLabs/SimplicityStudio/v4_2/developer/sdks/gecko_sdk_suite/v1.1//platform/emdrv/rtcdrv/inc" -I"D:/SiliconLabs/SimplicityStudio/v4_2/developer/sdks/gecko_sdk_suite/v1.1//platform/emdrv/spidrv/config" -I"D:\GoogleDriveCLT\GoogleDrive\WeatherCloud\Roadboard\Software\Road-Board-December-2016N8\BGM111\Studio_Work\soc-CRP-RoadPack\src" -I"D:/SiliconLabs/SimplicityStudio/v4_2/developer/sdks/gecko_sdk_suite/v1.1//platform/emdrv/rtcdrv/config" -I"D:/SiliconLabs/SimplicityStudio/v4_2/developer/sdks/gecko_sdk_suite/v1.1//platform/emdrv/ustimer/inc" -I"D:/SiliconLabs/SimplicityStudio/v4_2/developer/sdks/gecko_sdk_suite/v1.1//platform/radio/rail_lib/chip/efr32/rf/common/cortex" -I"D:/SiliconLabs/SimplicityStudio/v4_2/developer/sdks/gecko_sdk_suite/v1.1//platform/emdrv/ustimer/config" -I"D:/SiliconLabs/SimplicityStudio/v4_2/developer/sdks/gecko_sdk_suite/v1.1//platform/emdrv/dmadrv/config" -I"D:/SiliconLabs/SimplicityStudio/v4_2/developer/sdks/gecko_sdk_suite/v1.1//platform/emdrv/tempdrv/config" -I"D:/SiliconLabs/SimplicityStudio/v4_2/developer/sdks/gecko_sdk_suite/v1.1//platform/emdrv/uartdrv/config" -I"D:/SiliconLabs/SimplicityStudio/v4_2/developer/sdks/gecko_sdk_suite/v1.1//platform/emdrv/tempdrv/inc" -I"D:/SiliconLabs/SimplicityStudio/v4_2/developer/sdks/gecko_sdk_suite/v1.1//platform/emdrv/nvm/config" -I"D:\GoogleDriveCLT\GoogleDrive\WeatherCloud\Roadboard\Software\Road-Board-December-2016N8\BGM111\Studio_Work\soc-CRP-RoadPack\inc" -I"D:/SiliconLabs/SimplicityStudio/v4_2/developer/sdks/gecko_sdk_suite/v1.1//platform/emdrv/sleep/inc" -I"D:/SiliconLabs/SimplicityStudio/v4_2/developer/sdks/gecko_sdk_suite/v1.1//hardware/kit/EFR32BG1_BRD4302A/config" -I"D:/SiliconLabs/SimplicityStudio/v4_2/developer/sdks/gecko_sdk_suite/v1.1//platform/emdrv/nvm/inc" -I"D:/SiliconLabs/SimplicityStudio/v4_2/developer/sdks/gecko_sdk_suite/v1.1//platform/emdrv/common/inc" -I"D:/SiliconLabs/SimplicityStudio/v4_2/developer/sdks/gecko_sdk_suite/v1.1//platform/Device/SiliconLabs/EFR32BG1B/Include" -I"D:/SiliconLabs/SimplicityStudio/v4_2/developer/sdks/gecko_sdk_suite/v1.1//protocol/bluetooth_2.4/ble_stack/inc/soc" -I"D:/SiliconLabs/SimplicityStudio/v4_2/developer/sdks/gecko_sdk_suite/v1.1//platform/emlib/inc" -I"D:/SiliconLabs/SimplicityStudio/v4_2/developer/sdks/gecko_sdk_suite/v1.1//protocol/bluetooth_2.4/ble_stack/inc/common" -I"D:/SiliconLabs/SimplicityStudio/v4_2/developer/sdks/gecko_sdk_suite/v1.1//platform/bootloader/api" -I"D:\GoogleDriveCLT\GoogleDrive\WeatherCloud\Roadboard\Software\Road-Board-December-2016N8\BGM111\Studio_Work\soc-CRP-RoadPack\inc" -O0 -fno-short-enums -Wall -c -fmessage-length=0 -ffunction-sections -fdata-sections -mfpu=fpv4-sp-d16 -mfloat-abi=hard -MMD -MP -MF"device/EFR32_B_1_1_B/gcc/startup_efr32bg1b.d" -MT"device/EFR32_B_1_1_B/gcc/startup_efr32bg1b.o" -o "device/EFR32_B_1_1_B/gcc/startup_efr32bg1b.o" "../device/EFR32_B_1_1_B/gcc/startup_efr32bg1b.c"
Building file: ../application_properties.c
Invoking: GNU ARM C Compiler
arm-none-eabi-gcc -g3 -gdwarf-2 -mcpu=cortex-m4 -mthumb -std=c99 '-DSILABS_AF_USE_HWCONF=1' '-D__NO_SYSTEM_INIT=1\n' '-DEFR32BG1B232F256GM48=1' -I"D:/SiliconLabs/SimplicityStudio/v4_2/developer/sdks/gecko_sdk_suite/v1.1//hardware/kit/common/bsp" -I"D:/SiliconLabs/SimplicityStudio/v4_2/developer/sdks/gecko_sdk_suite/v1.1//platform/CMSIS/Include" -I"D:/SiliconLabs/SimplicityStudio/v4_2/developer/sdks/gecko_sdk_suite/v1.1//hardware/kit/common/drivers" -I"D:/SiliconLabs/SimplicityStudio/v4_2/developer/sdks/gecko_sdk_suite/v1.1//platform/radio/rail_lib/chip/efr32" -I"D:/SiliconLabs/SimplicityStudio/v4_2/developer/sdks/gecko_sdk_suite/v1.1//platform/emdrv/dmadrv/inc" -I"D:/SiliconLabs/SimplicityStudio/v4_2/developer/sdks/gecko_sdk_suite/v1.1//platform/emdrv/uartdrv/inc" -I"D:/SiliconLabs/SimplicityStudio/v4_2/developer/sdks/gecko_sdk_suite/v1.1//platform/radio/rail_lib/common" -I"D:\GoogleDriveCLT\GoogleDrive\WeatherCloud\Roadboard\Software\Road-Board-December-2016N8\BGM111\Studio_Work\soc-CRP-RoadPack" -I"D:/SiliconLabs/SimplicityStudio/v4_2/developer/sdks/gecko_sdk_suite/v1.1//platform/emdrv/spidrv/inc" -I"D:/SiliconLabs/SimplicityStudio/v4_2/developer/sdks/gecko_sdk_suite/v1.1//platform/emdrv/gpiointerrupt/inc" -I"D:/SiliconLabs/SimplicityStudio/v4_2/developer/sdks/gecko_sdk_suite/v1.1//platform/emdrv/rtcdrv/inc" -I"D:/SiliconLabs/SimplicityStudio/v4_2/developer/sdks/gecko_sdk_suite/v1.1//platform/emdrv/spidrv/config" -I"D:\GoogleDriveCLT\GoogleDrive\WeatherCloud\Roadboard\Software\Road-Board-December-2016N8\BGM111\Studio_Work\soc-CRP-RoadPack\src" -I"D:/SiliconLabs/SimplicityStudio/v4_2/developer/sdks/gecko_sdk_suite/v1.1//platform/emdrv/rtcdrv/config" -I"D:/SiliconLabs/SimplicityStudio/v4_2/developer/sdks/gecko_sdk_suite/v1.1//platform/emdrv/ustimer/inc" -I"D:/SiliconLabs/SimplicityStudio/v4_2/developer/sdks/gecko_sdk_suite/v1.1//platform/radio/rail_lib/chip/efr32/rf/common/cortex" -I"D:/SiliconLabs/SimplicityStudio/v4_2/developer/sdks/gecko_sdk_suite/v1.1//platform/emdrv/ustimer/config" -I"D:/SiliconLabs/SimplicityStudio/v4_2/developer/sdks/gecko_sdk_suite/v1.1//platform/emdrv/dmadrv/config" -I"D:/SiliconLabs/SimplicityStudio/v4_2/developer/sdks/gecko_sdk_suite/v1.1//platform/emdrv/tempdrv/config" -I"D:/SiliconLabs/SimplicityStudio/v4_2/developer/sdks/gecko_sdk_suite/v1.1//platform/emdrv/uartdrv/config" -I"D:/SiliconLabs/SimplicityStudio/v4_2/developer/sdks/gecko_sdk_suite/v1.1//platform/emdrv/tempdrv/inc" -I"D:/SiliconLabs/SimplicityStudio/v4_2/developer/sdks/gecko_sdk_suite/v1.1//platform/emdrv/nvm/config" -I"D:\GoogleDriveCLT\GoogleDrive\WeatherCloud\Roadboard\Software\Road-Board-December-2016N8\BGM111\Studio_Work\soc-CRP-RoadPack\inc" -I"D:/SiliconLabs/SimplicityStudio/v4_2/developer/sdks/gecko_sdk_suite/v1.1//platform/emdrv/sleep/inc" -I"D:/SiliconLabs/SimplicityStudio/v4_2/developer/sdks/gecko_sdk_suite/v1.1//hardware/kit/EFR32BG1_BRD4302A/config" -I"D:/SiliconLabs/SimplicityStudio/v4_2/developer/sdks/gecko_sdk_suite/v1.1//platform/emdrv/nvm/inc" -I"D:/SiliconLabs/SimplicityStudio/v4_2/developer/sdks/gecko_sdk_suite/v1.1//platform/emdrv/common/inc" -I"D:/SiliconLabs/SimplicityStudio/v4_2/developer/sdks/gecko_sdk_suite/v1.1//platform/Device/SiliconLabs/EFR32BG1B/Include" -I"D:/SiliconLabs/SimplicityStudio/v4_2/developer/sdks/gecko_sdk_suite/v1.1//protocol/bluetooth_2.4/ble_stack/inc/soc" -I"D:/SiliconLabs/SimplicityStudio/v4_2/developer/sdks/gecko_sdk_suite/v1.1//platform/emlib/inc" -I"D:/SiliconLabs/SimplicityStudio/v4_2/developer/sdks/gecko_sdk_suite/v1.1//protocol/bluetooth_2.4/ble_stack/inc/common" -I"D:/SiliconLabs/SimplicityStudio/v4_2/developer/sdks/gecko_sdk_suite/v1.1//platform/bootloader/api" -I"D:\GoogleDriveCLT\GoogleDrive\WeatherCloud\Roadboard\Software\Road-Board-December-2016N8\BGM111\Studio_Work\soc-CRP-RoadPack\inc" -O0 -fno-short-enums -Wall -c -fmessage-length=0 -ffunction-sections -fdata-sections -mfpu=fpv4-sp-d16 -mfloat-abi=hard -MMD -MP -MF"application_properties.d" -MT"application_properties.o" -o "application_properties.o" "../application_properties.c"
Finished building: ../application_properties.c
Finished building: ../device/EFR32_B_1_1_B/gcc/startup_efr32bg1b.c
 
 
Building file: ../gatt_db.c
Invoking: GNU ARM C Compiler
Building file: ../gpiointerrupt.c
arm-none-eabi-gcc -g3 -gdwarf-2 -mcpu=cortex-m4 -mthumb -std=c99 '-DSILABS_AF_USE_HWCONF=1' '-D__NO_SYSTEM_INIT=1\n' '-DEFR32BG1B232F256GM48=1' -I"D:/SiliconLabs/SimplicityStudio/v4_2/developer/sdks/gecko_sdk_suite/v1.1//hardware/kit/common/bsp" -I"D:/SiliconLabs/SimplicityStudio/v4_2/developer/sdks/gecko_sdk_suite/v1.1//platform/CMSIS/Include" -I"D:/SiliconLabs/SimplicityStudio/v4_2/developer/sdks/gecko_sdk_suite/v1.1//hardware/kit/common/drivers" -I"D:/SiliconLabs/SimplicityStudio/v4_2/developer/sdks/gecko_sdk_suite/v1.1//platform/radio/rail_lib/chip/efr32" -I"D:/SiliconLabs/SimplicityStudio/v4_2/developer/sdks/gecko_sdk_suite/v1.1//platform/emdrv/dmadrv/inc" -I"D:/SiliconLabs/SimplicityStudio/v4_2/developer/sdks/gecko_sdk_suite/v1.1//platform/emdrv/uartdrv/inc" -I"D:/SiliconLabs/SimplicityStudio/v4_2/developer/sdks/gecko_sdk_suite/v1.1//platform/radio/rail_lib/common" -I"D:\GoogleDriveCLT\GoogleDrive\WeatherCloud\Roadboard\Software\Road-Board-December-2016N8\BGM111\Studio_Work\soc-CRP-RoadPack" -I"D:/SiliconLabs/SimplicityStudio/v4_2/developer/sdks/gecko_sdk_suite/v1.1//platform/emdrv/spidrv/inc" -I"D:/SiliconLabs/SimplicityStudio/v4_2/developer/sdks/gecko_sdk_suite/v1.1//platform/emdrv/gpiointerrupt/inc" -I"D:/SiliconLabs/SimplicityStudio/v4_2/developer/sdks/gecko_sdk_suite/v1.1//platform/emdrv/rtcdrv/inc" -I"D:/SiliconLabs/SimplicityStudio/v4_2/developer/sdks/gecko_sdk_suite/v1.1//platform/emdrv/spidrv/config" -I"D:\GoogleDriveCLT\GoogleDrive\WeatherCloud\Roadboard\Software\Road-Board-December-2016N8\BGM111\Studio_Work\soc-CRP-RoadPack\src" -I"D:/SiliconLabs/SimplicityStudio/v4_2/developer/sdks/gecko_sdk_suite/v1.1//platform/emdrv/rtcdrv/config" -I"D:/SiliconLabs/SimplicityStudio/v4_2/developer/sdks/gecko_sdk_suite/v1.1//platform/emdrv/ustimer/inc" -I"D:/SiliconLabs/SimplicityStudio/v4_2/developer/sdks/gecko_sdk_suite/v1.1//platform/radio/rail_lib/chip/efr32/rf/common/cortex" -I"D:/SiliconLabs/SimplicityStudio/v4_2/developer/sdks/gecko_sdk_suite/v1.1//platform/emdrv/ustimer/config" -I"D:/SiliconLabs/SimplicityStudio/v4_2/developer/sdks/gecko_sdk_suite/v1.1//platform/emdrv/dmadrv/config" -I"D:/SiliconLabs/SimplicityStudio/v4_2/developer/sdks/gecko_sdk_suite/v1.1//platform/emdrv/tempdrv/config" -I"D:/SiliconLabs/SimplicityStudio/v4_2/developer/sdks/gecko_sdk_suite/v1.1//platform/emdrv/uartdrv/config" -I"D:/SiliconLabs/SimplicityStudio/v4_2/developer/sdks/gecko_sdk_suite/v1.1//platform/emdrv/tempdrv/inc" -I"D:/SiliconLabs/SimplicityStudio/v4_2/developer/sdks/gecko_sdk_suite/v1.1//platform/emdrv/nvm/config" -I"D:\GoogleDriveCLT\GoogleDrive\WeatherCloud\Roadboard\Software\Road-Board-December-2016N8\BGM111\Studio_Work\soc-CRP-RoadPack\inc" -I"D:/SiliconLabs/SimplicityStudio/v4_2/developer/sdks/gecko_sdk_suite/v1.1//platform/emdrv/sleep/inc" -I"D:/SiliconLabs/SimplicityStudio/v4_2/developer/sdks/gecko_sdk_suite/v1.1//hardware/kit/EFR32BG1_BRD4302A/config" -I"D:/SiliconLabs/SimplicityStudio/v4_2/developer/sdks/gecko_sdk_suite/v1.1//platform/emdrv/nvm/inc" -I"D:/SiliconLabs/SimplicityStudio/v4_2/developer/sdks/gecko_sdk_suite/v1.1//platform/emdrv/common/inc" -I"D:/SiliconLabs/SimplicityStudio/v4_2/developer/sdks/gecko_sdk_suite/v1.1//platform/Device/SiliconLabs/EFR32BG1B/Include" -I"D:/SiliconLabs/SimplicityStudio/v4_2/developer/sdks/gecko_sdk_suite/v1.1//protocol/bluetooth_2.4/ble_stack/inc/soc" -I"D:/SiliconLabs/SimplicityStudio/v4_2/developer/sdks/gecko_sdk_suite/v1.1//platform/emlib/inc" -I"D:/SiliconLabs/SimplicityStudio/v4_2/developer/sdks/gecko_sdk_suite/v1.1//protocol/bluetooth_2.4/ble_stack/inc/common" -I"D:/SiliconLabs/SimplicityStudio/v4_2/developer/sdks/gecko_sdk_suite/v1.1//platform/bootloader/api" -I"D:\GoogleDriveCLT\GoogleDrive\WeatherCloud\Roadboard\Software\Road-Board-December-2016N8\BGM111\Studio_Work\soc-CRP-RoadPack\inc" -O0 -fno-short-enums -Wall -c -fmessage-length=0 -ffunction-sections -fdata-sections -mfpu=fpv4-sp-d16 -mfloat-abi=hard -MMD -MP -MF"gatt_db.d" -MT"gatt_db.o" -o "gatt_db.o" "../gatt_db.c"
Invoking: GNU ARM C Compiler
arm-none-eabi-gcc -g3 -gdwarf-2 -mcpu=cortex-m4 -mthumb -std=c99 '-DSILABS_AF_USE_HWCONF=1' '-D__NO_SYSTEM_INIT=1\n' '-DEFR32BG1B232F256GM48=1' -I"D:/SiliconLabs/SimplicityStudio/v4_2/developer/sdks/gecko_sdk_suite/v1.1//hardware/kit/common/bsp" -I"D:/SiliconLabs/SimplicityStudio/v4_2/developer/sdks/gecko_sdk_suite/v1.1//platform/CMSIS/Include" -I"D:/SiliconLabs/SimplicityStudio/v4_2/developer/sdks/gecko_sdk_suite/v1.1//hardware/kit/common/drivers" -I"D:/SiliconLabs/SimplicityStudio/v4_2/developer/sdks/gecko_sdk_suite/v1.1//platform/radio/rail_lib/chip/efr32" -I"D:/SiliconLabs/SimplicityStudio/v4_2/developer/sdks/gecko_sdk_suite/v1.1//platform/emdrv/dmadrv/inc" -I"D:/SiliconLabs/SimplicityStudio/v4_2/developer/sdks/gecko_sdk_suite/v1.1//platform/emdrv/uartdrv/inc" -I"D:/SiliconLabs/SimplicityStudio/v4_2/developer/sdks/gecko_sdk_suite/v1.1//platform/radio/rail_lib/common" -I"D:\GoogleDriveCLT\GoogleDrive\WeatherCloud\Roadboard\Software\Road-Board-December-2016N8\BGM111\Studio_Work\soc-CRP-RoadPack" -I"D:/SiliconLabs/SimplicityStudio/v4_2/developer/sdks/gecko_sdk_suite/v1.1//platform/emdrv/spidrv/inc" -I"D:/SiliconLabs/SimplicityStudio/v4_2/developer/sdks/gecko_sdk_suite/v1.1//platform/emdrv/gpiointerrupt/inc" -I"D:/SiliconLabs/SimplicityStudio/v4_2/developer/sdks/gecko_sdk_suite/v1.1//platform/emdrv/rtcdrv/inc" -I"D:/SiliconLabs/SimplicityStudio/v4_2/developer/sdks/gecko_sdk_suite/v1.1//platform/emdrv/spidrv/config" -I"D:\GoogleDriveCLT\GoogleDrive\WeatherCloud\Roadboard\Software\Road-Board-December-2016N8\BGM111\Studio_Work\soc-CRP-RoadPack\src" -I"D:/SiliconLabs/SimplicityStudio/v4_2/developer/sdks/gecko_sdk_suite/v1.1//platform/emdrv/rtcdrv/config" -I"D:/SiliconLabs/SimplicityStudio/v4_2/developer/sdks/gecko_sdk_suite/v1.1//platform/emdrv/ustimer/inc" -I"D:/SiliconLabs/SimplicityStudio/v4_2/developer/sdks/gecko_sdk_suite/v1.1//platform/radio/rail_lib/chip/efr32/rf/common/cortex" -I"D:/SiliconLabs/SimplicityStudio/v4_2/developer/sdks/gecko_sdk_suite/v1.1//platform/emdrv/ustimer/config" -I"D:/SiliconLabs/SimplicityStudio/v4_2/developer/sdks/gecko_sdk_suite/v1.1//platform/emdrv/dmadrv/config" -I"D:/SiliconLabs/SimplicityStudio/v4_2/developer/sdks/gecko_sdk_suite/v1.1//platform/emdrv/tempdrv/config" -I"D:/SiliconLabs/SimplicityStudio/v4_2/developer/sdks/gecko_sdk_suite/v1.1//platform/emdrv/uartdrv/config" -I"D:/SiliconLabs/SimplicityStudio/v4_2/developer/sdks/gecko_sdk_suite/v1.1//platform/emdrv/tempdrv/inc" -I"D:/SiliconLabs/SimplicityStudio/v4_2/developer/sdks/gecko_sdk_suite/v1.1//platform/emdrv/nvm/config" -I"D:\GoogleDriveCLT\GoogleDrive\WeatherCloud\Roadboard\Software\Road-Board-December-2016N8\BGM111\Studio_Work\soc-CRP-RoadPack\inc" -I"D:/SiliconLabs/SimplicityStudio/v4_2/developer/sdks/gecko_sdk_suite/v1.1//platform/emdrv/sleep/inc" -I"D:/SiliconLabs/SimplicityStudio/v4_2/developer/sdks/gecko_sdk_suite/v1.1//hardware/kit/EFR32BG1_BRD4302A/config" -I"D:/SiliconLabs/SimplicityStudio/v4_2/developer/sdks/gecko_sdk_suite/v1.1//platform/emdrv/nvm/inc" -I"D:/SiliconLabs/SimplicityStudio/v4_2/developer/sdks/gecko_sdk_suite/v1.1//platform/emdrv/common/inc" -I"D:/SiliconLabs/SimplicityStudio/v4_2/developer/sdks/gecko_sdk_suite/v1.1//platform/Device/SiliconLabs/EFR32BG1B/Include" -I"D:/SiliconLabs/SimplicityStudio/v4_2/developer/sdks/gecko_sdk_suite/v1.1//protocol/bluetooth_2.4/ble_stack/inc/soc" -I"D:/SiliconLabs/SimplicityStudio/v4_2/developer/sdks/gecko_sdk_suite/v1.1//platform/emlib/inc" -I"D:/SiliconLabs/SimplicityStudio/v4_2/developer/sdks/gecko_sdk_suite/v1.1//protocol/bluetooth_2.4/ble_stack/inc/common" -I"D:/SiliconLabs/SimplicityStudio/v4_2/developer/sdks/gecko_sdk_suite/v1.1//platform/bootloader/api" -I"D:\GoogleDriveCLT\GoogleDrive\WeatherCloud\Roadboard\Software\Road-Board-December-2016N8\BGM111\Studio_Work\soc-CRP-RoadPack\inc" -O0 -fno-short-enums -Wall -c -fmessage-length=0 -ffunction-sections -fdata-sections -mfpu=fpv4-sp-d16 -mfloat-abi=hard -MMD -MP -MF"gpiointerrupt.d" -MT"gpiointerrupt.o" -o "gpiointerrupt.o" "../gpiointerrupt.c"
Finished building: ../emlib/em_timer.c
Finished building: ../emlib/em_usart.c
 
 
Building file: ../main.c
Building file: ../uart_echo.c
Invoking: GNU ARM C Compiler
Invoking: GNU ARM C Compiler
arm-none-eabi-gcc -g3 -gdwarf-2 -mcpu=cortex-m4 -mthumb -std=c99 '-DSILABS_AF_USE_HWCONF=1' '-D__NO_SYSTEM_INIT=1\n' '-DEFR32BG1B232F256GM48=1' -I"D:/SiliconLabs/SimplicityStudio/v4_2/developer/sdks/gecko_sdk_suite/v1.1//hardware/kit/common/bsp" -I"D:/SiliconLabs/SimplicityStudio/v4_2/developer/sdks/gecko_sdk_suite/v1.1//platform/CMSIS/Include" -I"D:/SiliconLabs/SimplicityStudio/v4_2/developer/sdks/gecko_sdk_suite/v1.1//hardware/kit/common/drivers" -I"D:/SiliconLabs/SimplicityStudio/v4_2/developer/sdks/gecko_sdk_suite/v1.1//platform/radio/rail_lib/chip/efr32" -I"D:/SiliconLabs/SimplicityStudio/v4_2/developer/sdks/gecko_sdk_suite/v1.1//platform/emdrv/dmadrv/inc" -I"D:/SiliconLabs/SimplicityStudio/v4_2/developer/sdks/gecko_sdk_suite/v1.1//platform/emdrv/uartdrv/inc" -I"D:/SiliconLabs/SimplicityStudio/v4_2/developer/sdks/gecko_sdk_suite/v1.1//platform/radio/rail_lib/common" -I"D:\GoogleDriveCLT\GoogleDrive\WeatherCloud\Roadboard\Software\Road-Board-December-2016N8\BGM111\Studio_Work\soc-CRP-RoadPack" -I"D:/SiliconLabs/SimplicityStudio/v4_2/developer/sdks/gecko_sdk_suite/v1.1//platform/emdrv/spidrv/inc" -I"D:/SiliconLabs/SimplicityStudio/v4_2/developer/sdks/gecko_sdk_suite/v1.1//platform/emdrv/gpiointerrupt/inc" -I"D:/SiliconLabs/SimplicityStudio/v4_2/developer/sdks/gecko_sdk_suite/v1.1//platform/emdrv/rtcdrv/inc" -I"D:/SiliconLabs/SimplicityStudio/v4_2/developer/sdks/gecko_sdk_suite/v1.1//platform/emdrv/spidrv/config" -I"D:\GoogleDriveCLT\GoogleDrive\WeatherCloud\Roadboard\Software\Road-Board-December-2016N8\BGM111\Studio_Work\soc-CRP-RoadPack\src" -I"D:/SiliconLabs/SimplicityStudio/v4_2/developer/sdks/gecko_sdk_suite/v1.1//platform/emdrv/rtcdrv/config" -I"D:/SiliconLabs/SimplicityStudio/v4_2/developer/sdks/gecko_sdk_suite/v1.1//platform/emdrv/ustimer/inc" -I"D:/SiliconLabs/SimplicityStudio/v4_2/developer/sdks/gecko_sdk_suite/v1.1//platform/radio/rail_lib/chip/efr32/rf/common/cortex" -I"D:/SiliconLabs/SimplicityStudio/v4_2/developer/sdks/gecko_sdk_suite/v1.1//platform/emdrv/ustimer/config" -I"D:/SiliconLabs/SimplicityStudio/v4_2/developer/sdks/gecko_sdk_suite/v1.1//platform/emdrv/dmadrv/config" -I"D:/SiliconLabs/SimplicityStudio/v4_2/developer/sdks/gecko_sdk_suite/v1.1//platform/emdrv/tempdrv/config" -I"D:/SiliconLabs/SimplicityStudio/v4_2/developer/sdks/gecko_sdk_suite/v1.1//platform/emdrv/uartdrv/config" -I"D:/SiliconLabs/SimplicityStudio/v4_2/developer/sdks/gecko_sdk_suite/v1.1//platform/emdrv/tempdrv/inc" -I"D:/SiliconLabs/SimplicityStudio/v4_2/developer/sdks/gecko_sdk_suite/v1.1//platform/emdrv/nvm/config" -I"D:\GoogleDriveCLT\GoogleDrive\WeatherCloud\Roadboard\Software\Road-Board-December-2016N8\BGM111\Studio_Work\soc-CRP-RoadPack\inc" -I"D:/SiliconLabs/SimplicityStudio/v4_2/developer/sdks/gecko_sdk_suite/v1.1//platform/emdrv/sleep/inc" -I"D:/SiliconLabs/SimplicityStudio/v4_2/developer/sdks/gecko_sdk_suite/v1.1//hardware/kit/EFR32BG1_BRD4302A/config" -I"D:/SiliconLabs/SimplicityStudio/v4_2/developer/sdks/gecko_sdk_suite/v1.1//platform/emdrv/nvm/inc" -I"D:/SiliconLabs/SimplicityStudio/v4_2/developer/sdks/gecko_sdk_suite/v1.1//platform/emdrv/common/inc" -I"D:/SiliconLabs/SimplicityStudio/v4_2/developer/sdks/gecko_sdk_suite/v1.1//platform/Device/SiliconLabs/EFR32BG1B/Include" -I"D:/SiliconLabs/SimplicityStudio/v4_2/developer/sdks/gecko_sdk_suite/v1.1//protocol/bluetooth_2.4/ble_stack/inc/soc" -I"D:/SiliconLabs/SimplicityStudio/v4_2/developer/sdks/gecko_sdk_suite/v1.1//platform/emlib/inc" -I"D:/SiliconLabs/SimplicityStudio/v4_2/developer/sdks/gecko_sdk_suite/v1.1//protocol/bluetooth_2.4/ble_stack/inc/common" -I"D:/SiliconLabs/SimplicityStudio/v4_2/developer/sdks/gecko_sdk_suite/v1.1//platform/bootloader/api" -I"D:\GoogleDriveCLT\GoogleDrive\WeatherCloud\Roadboard\Software\Road-Board-December-2016N8\BGM111\Studio_Work\soc-CRP-RoadPack\inc" -O0 -fno-short-enums -Wall -c -fmessage-length=0 -ffunction-sections -fdata-sections -mfpu=fpv4-sp-d16 -mfloat-abi=hard -MMD -MP -MF"uart_echo.d" -MT"uart_echo.o" -o "uart_echo.o" "../uart_echo.c"
arm-none-eabi-gcc -g3 -gdwarf-2 -mcpu=cortex-m4 -mthumb -std=c99 '-DSILABS_AF_USE_HWCONF=1' '-D__NO_SYSTEM_INIT=1\n' '-DEFR32BG1B232F256GM48=1' -I"D:/SiliconLabs/SimplicityStudio/v4_2/developer/sdks/gecko_sdk_suite/v1.1//hardware/kit/common/bsp" -I"D:/SiliconLabs/SimplicityStudio/v4_2/developer/sdks/gecko_sdk_suite/v1.1//platform/CMSIS/Include" -I"D:/SiliconLabs/SimplicityStudio/v4_2/developer/sdks/gecko_sdk_suite/v1.1//hardware/kit/common/drivers" -I"D:/SiliconLabs/SimplicityStudio/v4_2/developer/sdks/gecko_sdk_suite/v1.1//platform/radio/rail_lib/chip/efr32" -I"D:/SiliconLabs/SimplicityStudio/v4_2/developer/sdks/gecko_sdk_suite/v1.1//platform/emdrv/dmadrv/inc" -I"D:/SiliconLabs/SimplicityStudio/v4_2/developer/sdks/gecko_sdk_suite/v1.1//platform/emdrv/uartdrv/inc" -I"D:/SiliconLabs/SimplicityStudio/v4_2/developer/sdks/gecko_sdk_suite/v1.1//platform/radio/rail_lib/common" -I"D:\GoogleDriveCLT\GoogleDrive\WeatherCloud\Roadboard\Software\Road-Board-December-2016N8\BGM111\Studio_Work\soc-CRP-RoadPack" -I"D:/SiliconLabs/SimplicityStudio/v4_2/developer/sdks/gecko_sdk_suite/v1.1//platform/emdrv/spidrv/inc" -I"D:/SiliconLabs/SimplicityStudio/v4_2/developer/sdks/gecko_sdk_suite/v1.1//platform/emdrv/gpiointerrupt/inc" -I"D:/SiliconLabs/SimplicityStudio/v4_2/developer/sdks/gecko_sdk_suite/v1.1//platform/emdrv/rtcdrv/inc" -I"D:/SiliconLabs/SimplicityStudio/v4_2/developer/sdks/gecko_sdk_suite/v1.1//platform/emdrv/spidrv/config" -I"D:\GoogleDriveCLT\GoogleDrive\WeatherCloud\Roadboard\Software\Road-Board-December-2016N8\BGM111\Studio_Work\soc-CRP-RoadPack\src" -I"D:/SiliconLabs/SimplicityStudio/v4_2/developer/sdks/gecko_sdk_suite/v1.1//platform/emdrv/rtcdrv/config" -I"D:/SiliconLabs/SimplicityStudio/v4_2/developer/sdks/gecko_sdk_suite/v1.1//platform/emdrv/ustimer/inc" -I"D:/SiliconLabs/SimplicityStudio/v4_2/developer/sdks/gecko_sdk_suite/v1.1//platform/radio/rail_lib/chip/efr32/rf/common/cortex" -I"D:/SiliconLabs/SimplicityStudio/v4_2/developer/sdks/gecko_sdk_suite/v1.1//platform/emdrv/ustimer/config" -I"D:/SiliconLabs/SimplicityStudio/v4_2/developer/sdks/gecko_sdk_suite/v1.1//platform/emdrv/dmadrv/config" -I"D:/SiliconLabs/SimplicityStudio/v4_2/developer/sdks/gecko_sdk_suite/v1.1//platform/emdrv/tempdrv/config" -I"D:/SiliconLabs/SimplicityStudio/v4_2/developer/sdks/gecko_sdk_suite/v1.1//platform/emdrv/uartdrv/config" -I"D:/SiliconLabs/SimplicityStudio/v4_2/developer/sdks/gecko_sdk_suite/v1.1//platform/emdrv/tempdrv/inc" -I"D:/SiliconLabs/SimplicityStudio/v4_2/developer/sdks/gecko_sdk_suite/v1.1//platform/emdrv/nvm/config" -I"D:\GoogleDriveCLT\GoogleDrive\WeatherCloud\Roadboard\Software\Road-Board-December-2016N8\BGM111\Studio_Work\soc-CRP-RoadPack\inc" -I"D:/SiliconLabs/SimplicityStudio/v4_2/developer/sdks/gecko_sdk_suite/v1.1//platform/emdrv/sleep/inc" -I"D:/SiliconLabs/SimplicityStudio/v4_2/developer/sdks/gecko_sdk_suite/v1.1//hardware/kit/EFR32BG1_BRD4302A/config" -I"D:/SiliconLabs/SimplicityStudio/v4_2/developer/sdks/gecko_sdk_suite/v1.1//platform/emdrv/nvm/inc" -I"D:/SiliconLabs/SimplicityStudio/v4_2/developer/sdks/gecko_sdk_suite/v1.1//platform/emdrv/common/inc" -I"D:/SiliconLabs/SimplicityStudio/v4_2/developer/sdks/gecko_sdk_suite/v1.1//platform/Device/SiliconLabs/EFR32BG1B/Include" -I"D:/SiliconLabs/SimplicityStudio/v4_2/developer/sdks/gecko_sdk_suite/v1.1//protocol/bluetooth_2.4/ble_stack/inc/soc" -I"D:/SiliconLabs/SimplicityStudio/v4_2/developer/sdks/gecko_sdk_suite/v1.1//platform/emlib/inc" -I"D:/SiliconLabs/SimplicityStudio/v4_2/developer/sdks/gecko_sdk_suite/v1.1//protocol/bluetooth_2.4/ble_stack/inc/common" -I"D:/SiliconLabs/SimplicityStudio/v4_2/developer/sdks/gecko_sdk_suite/v1.1//platform/bootloader/api" -I"D:\GoogleDriveCLT\GoogleDrive\WeatherCloud\Roadboard\Software\Road-Board-December-2016N8\BGM111\Studio_Work\soc-CRP-RoadPack\inc" -O0 -fno-short-enums -Wall -c -fmessage-length=0 -ffunction-sections -fdata-sections -mfpu=fpv4-sp-d16 -mfloat-abi=hard -MMD -MP -MF"main.d" -MT"main.o" -o "main.o" "../main.c"
In file included from ../uart_echo.c:12:0:
d:\siliconlabs\simplicitystudio\v4_2\developer\sdks\gecko_sdk_suite\v1.1\platform\emlib\inc\em_int.h:49:2: warning: #warning "The INT module is deprecated and marked for removal in a later release. Please use the new CORE module instead. See \"Porting from em_int\" in the CORE documentation for instructions." [-Wcpp]
 #warning "The INT module is deprecated and marked for removal in a later release. Please use the new CORE module instead. See \"Porting from em_int\" in the CORE documentation for instructions."
  ^
Finished building: ../gatt_db.c
 
../main.c: In function 'main':
../main.c:251:6: warning: variable 'unrecoverable_error' set but not used [-Wunused-but-set-variable]
  int unrecoverable_error;
      ^
Finished building: ../gpiointerrupt.c
 
Finished building: ../uart_echo.c
 
Finished building: ../main.c
 
Building target: soc-CRP-RoadPack.axf
Invoking: GNU ARM C Linker
arm-none-eabi-gcc -g3 -gdwarf-2 -mcpu=cortex-m4 -mthumb -T "D:\GoogleDriveCLT\GoogleDrive\WeatherCloud\Roadboard\Software\Road-Board-December-2016N8\BGM111\Studio_Work\soc-CRP-RoadPack\linker\GCC\efr32bg1b232f256gm56.ld" -Xlinker -no-enum-size-warning -Xlinker -no-wchar-size-warning -Xlinker --gc-sections -Xlinker -Map="soc-CRP-RoadPack.map" -mfpu=fpv4-sp-d16 -mfloat-abi=hard -o soc-CRP-RoadPack.axf "./application_properties.o" "./gatt_db.o" "./gpiointerrupt.o" "./main.o" "./uart_echo.o" "./device/EFR32_B_1_1_B/gcc/startup_efr32bg1b.o" "./emlib/em_cmu.o" "./emlib/em_cryotimer.o" "./emlib/em_gpio.o" "./emlib/em_i2c.o" "./emlib/em_msc.o" "./emlib/em_rtcc.o" "./emlib/em_system.o" "./emlib/em_timer.o" "./emlib/em_usart.o" "./src/InitDevice.o" "D:/SiliconLabs/SimplicityStudio/v4_2/developer/sdks/gecko_sdk_suite/v1.1//protocol/bluetooth_2.4/lib/EFR32BG1B/EABI/binbootloader.o" "D:/SiliconLabs/SimplicityStudio/v4_2/developer/sdks/gecko_sdk_suite/v1.1//protocol/bluetooth_2.4/lib/EFR32BG1B/GCC/bgapi.a" "D:/SiliconLabs/SimplicityStudio/v4_2/developer/sdks/gecko_sdk_suite/v1.1//protocol/bluetooth_2.4/lib/EFR32BG1B/EABI/stack.a" "D:/SiliconLabs/SimplicityStudio/v4_2/developer/sdks/gecko_sdk_suite/v1.1//protocol/bluetooth_2.4/lib/EFR32BG1B/EABI/binstack.o" -Wl,--start-group -lgcc -lc -lnosys -Wl,--end-group
Finished building target: soc-CRP-RoadPack.axf
 
Building hex file: soc-CRP-RoadPack.hex
arm-none-eabi-objcopy -O ihex "soc-CRP-RoadPack.axf" "soc-CRP-RoadPack.hex"
 
Building bin file: soc-CRP-RoadPack.bin
arm-none-eabi-objcopy -O binary "soc-CRP-RoadPack.axf" "soc-CRP-RoadPack.bin"
 
Building s37 file: soc-CRP-RoadPack.s37
arm-none-eabi-objcopy -O srec "soc-CRP-RoadPack.axf" "soc-CRP-RoadPack.s37"
 
Running size tool
arm-none-eabi-size "soc-CRP-RoadPack.axf"
   text	   data	    bss	    dec	    hex	filename
 181719	   2188	   7377	 191284	  2eb34	soc-CRP-RoadPack.axf
 
10:36:54 **** Incremental Build of configuration GNU ARM v4.9.3 - Default for project soc-CRP-RoadPack ****
make -j4 all 
Building file: ../src/InitDevice.c
Building file: ../emlib/em_cmu.c
Building file: ../emlib/em_cryotimer.c
Invoking: GNU ARM C Compiler
Invoking: GNU ARM C Compiler
arm-none-eabi-gcc -g3 -gdwarf-2 -mcpu=cortex-m4 -mthumb -std=c99 '-DSILABS_AF_USE_HWCONF=1' '-D__NO_SYSTEM_INIT=1\n' '-DEFR32BG1B232F256GM48=1' -I"D:/SiliconLabs/SimplicityStudio/v4_2/developer/sdks/gecko_sdk_suite/v1.1//hardware/kit/common/bsp" -I"D:/SiliconLabs/SimplicityStudio/v4_2/developer/sdks/gecko_sdk_suite/v1.1//platform/CMSIS/Include" -I"D:/SiliconLabs/SimplicityStudio/v4_2/developer/sdks/gecko_sdk_suite/v1.1//hardware/kit/common/drivers" -I"D:/SiliconLabs/SimplicityStudio/v4_2/developer/sdks/gecko_sdk_suite/v1.1//platform/radio/rail_lib/chip/efr32" -I"D:/SiliconLabs/SimplicityStudio/v4_2/developer/sdks/gecko_sdk_suite/v1.1//platform/emdrv/dmadrv/inc" -I"D:/SiliconLabs/SimplicityStudio/v4_2/developer/sdks/gecko_sdk_suite/v1.1//platform/emdrv/uartdrv/inc" -I"D:/SiliconLabs/SimplicityStudio/v4_2/developer/sdks/gecko_sdk_suite/v1.1//platform/radio/rail_lib/common" -I"D:\GoogleDriveCLT\GoogleDrive\WeatherCloud\Roadboard\Software\Road-Board-December-2016N8\BGM111\Studio_Work\soc-CRP-RoadPack" -I"D:/SiliconLabs/SimplicityStudio/v4_2/developer/sdks/gecko_sdk_suite/v1.1//platform/emdrv/spidrv/inc" -I"D:/SiliconLabs/SimplicityStudio/v4_2/developer/sdks/gecko_sdk_suite/v1.1//platform/emdrv/gpiointerrupt/inc" -I"D:/SiliconLabs/SimplicityStudio/v4_2/developer/sdks/gecko_sdk_suite/v1.1//platform/emdrv/rtcdrv/inc" -I"D:/SiliconLabs/SimplicityStudio/v4_2/developer/sdks/gecko_sdk_suite/v1.1//platform/emdrv/spidrv/config" -I"D:\GoogleDriveCLT\GoogleDrive\WeatherCloud\Roadboard\Software\Road-Board-December-2016N8\BGM111\Studio_Work\soc-CRP-RoadPack\src" -I"D:/SiliconLabs/SimplicityStudio/v4_2/developer/sdks/gecko_sdk_suite/v1.1//platform/emdrv/rtcdrv/config" -I"D:/SiliconLabs/SimplicityStudio/v4_2/developer/sdks/gecko_sdk_suite/v1.1//platform/emdrv/ustimer/inc" -I"D:/SiliconLabs/SimplicityStudio/v4_2/developer/sdks/gecko_sdk_suite/v1.1//platform/radio/rail_lib/chip/efr32/rf/common/cortex" -I"D:/SiliconLabs/SimplicityStudio/v4_2/developer/sdks/gecko_sdk_suite/v1.1//platform/emdrv/ustimer/config" -I"D:/SiliconLabs/SimplicityStudio/v4_2/developer/sdks/gecko_sdk_suite/v1.1//platform/emdrv/dmadrv/config" -I"D:/SiliconLabs/SimplicityStudio/v4_2/developer/sdks/gecko_sdk_suite/v1.1//platform/emdrv/tempdrv/config" -I"D:/SiliconLabs/SimplicityStudio/v4_2/developer/sdks/gecko_sdk_suite/v1.1//platform/emdrv/uartdrv/config" -I"D:/SiliconLabs/SimplicityStudio/v4_2/developer/sdks/gecko_sdk_suite/v1.1//platform/emdrv/tempdrv/inc" -I"D:/SiliconLabs/SimplicityStudio/v4_2/developer/sdks/gecko_sdk_suite/v1.1//platform/emdrv/nvm/config" -I"D:\GoogleDriveCLT\GoogleDrive\WeatherCloud\Roadboard\Software\Road-Board-December-2016N8\BGM111\Studio_Work\soc-CRP-RoadPack\inc" -I"D:/SiliconLabs/SimplicityStudio/v4_2/developer/sdks/gecko_sdk_suite/v1.1//platform/emdrv/sleep/inc" -I"D:/SiliconLabs/SimplicityStudio/v4_2/developer/sdks/gecko_sdk_suite/v1.1//hardware/kit/EFR32BG1_BRD4302A/config" -I"D:/SiliconLabs/SimplicityStudio/v4_2/developer/sdks/gecko_sdk_suite/v1.1//platform/emdrv/nvm/inc" -I"D:/SiliconLabs/SimplicityStudio/v4_2/developer/sdks/gecko_sdk_suite/v1.1//platform/emdrv/common/inc" -I"D:/SiliconLabs/SimplicityStudio/v4_2/developer/sdks/gecko_sdk_suite/v1.1//platform/Device/SiliconLabs/EFR32BG1B/Include" -I"D:/SiliconLabs/SimplicityStudio/v4_2/developer/sdks/gecko_sdk_suite/v1.1//protocol/bluetooth_2.4/ble_stack/inc/soc" -I"D:/SiliconLabs/SimplicityStudio/v4_2/developer/sdks/gecko_sdk_suite/v1.1//platform/emlib/inc" -I"D:/SiliconLabs/SimplicityStudio/v4_2/developer/sdks/gecko_sdk_suite/v1.1//protocol/bluetooth_2.4/ble_stack/inc/common" -I"D:/SiliconLabs/SimplicityStudio/v4_2/developer/sdks/gecko_sdk_suite/v1.1//platform/bootloader/api" -I"D:\GoogleDriveCLT\GoogleDrive\WeatherCloud\Roadboard\Software\Road-Board-December-2016N8\BGM111\Studio_Work\soc-CRP-RoadPack\inc" -O0 -fno-short-enums -Wall -c -fmessage-length=0 -ffunction-sections -fdata-sections -mfpu=fpv4-sp-d16 -mfloat-abi=hard -MMD -MP -MF"src/InitDevice.d" -MT"src/InitDevice.o" -o "src/InitDevice.o" "../src/InitDevice.c"
Invoking: GNU ARM C Compiler
arm-none-eabi-gcc -g3 -gdwarf-2 -mcpu=cortex-m4 -mthumb -std=c99 '-DSILABS_AF_USE_HWCONF=1' '-D__NO_SYSTEM_INIT=1\n' '-DEFR32BG1B232F256GM48=1' -I"D:/SiliconLabs/SimplicityStudio/v4_2/developer/sdks/gecko_sdk_suite/v1.1//hardware/kit/common/bsp" -I"D:/SiliconLabs/SimplicityStudio/v4_2/developer/sdks/gecko_sdk_suite/v1.1//platform/CMSIS/Include" -I"D:/SiliconLabs/SimplicityStudio/v4_2/developer/sdks/gecko_sdk_suite/v1.1//hardware/kit/common/drivers" -I"D:/SiliconLabs/SimplicityStudio/v4_2/developer/sdks/gecko_sdk_suite/v1.1//platform/radio/rail_lib/chip/efr32" -I"D:/SiliconLabs/SimplicityStudio/v4_2/developer/sdks/gecko_sdk_suite/v1.1//platform/emdrv/dmadrv/inc" -I"D:/SiliconLabs/SimplicityStudio/v4_2/developer/sdks/gecko_sdk_suite/v1.1//platform/emdrv/uartdrv/inc" -I"D:/SiliconLabs/SimplicityStudio/v4_2/developer/sdks/gecko_sdk_suite/v1.1//platform/radio/rail_lib/common" -I"D:\GoogleDriveCLT\GoogleDrive\WeatherCloud\Roadboard\Software\Road-Board-December-2016N8\BGM111\Studio_Work\soc-CRP-RoadPack" -I"D:/SiliconLabs/SimplicityStudio/v4_2/developer/sdks/gecko_sdk_suite/v1.1//platform/emdrv/spidrv/inc" -I"D:/SiliconLabs/SimplicityStudio/v4_2/developer/sdks/gecko_sdk_suite/v1.1//platform/emdrv/gpiointerrupt/inc" -I"D:/SiliconLabs/SimplicityStudio/v4_2/developer/sdks/gecko_sdk_suite/v1.1//platform/emdrv/rtcdrv/inc" -I"D:/SiliconLabs/SimplicityStudio/v4_2/developer/sdks/gecko_sdk_suite/v1.1//platform/emdrv/spidrv/config" -I"D:\GoogleDriveCLT\GoogleDrive\WeatherCloud\Roadboard\Software\Road-Board-December-2016N8\BGM111\Studio_Work\soc-CRP-RoadPack\src" -I"D:/SiliconLabs/SimplicityStudio/v4_2/developer/sdks/gecko_sdk_suite/v1.1//platform/emdrv/rtcdrv/config" -I"D:/SiliconLabs/SimplicityStudio/v4_2/developer/sdks/gecko_sdk_suite/v1.1//platform/emdrv/ustimer/inc" -I"D:/SiliconLabs/SimplicityStudio/v4_2/developer/sdks/gecko_sdk_suite/v1.1//platform/radio/rail_lib/chip/efr32/rf/common/cortex" -I"D:/SiliconLabs/SimplicityStudio/v4_2/developer/sdks/gecko_sdk_suite/v1.1//platform/emdrv/ustimer/config" -I"D:/SiliconLabs/SimplicityStudio/v4_2/developer/sdks/gecko_sdk_suite/v1.1//platform/emdrv/dmadrv/config" -I"D:/SiliconLabs/SimplicityStudio/v4_2/developer/sdks/gecko_sdk_suite/v1.1//platform/emdrv/tempdrv/config" -I"D:/SiliconLabs/SimplicityStudio/v4_2/developer/sdks/gecko_sdk_suite/v1.1//platform/emdrv/uartdrv/config" -I"D:/SiliconLabs/SimplicityStudio/v4_2/developer/sdks/gecko_sdk_suite/v1.1//platform/emdrv/tempdrv/inc" -I"D:/SiliconLabs/SimplicityStudio/v4_2/developer/sdks/gecko_sdk_suite/v1.1//platform/emdrv/nvm/config" -I"D:\GoogleDriveCLT\GoogleDrive\WeatherCloud\Roadboard\Software\Road-Board-December-2016N8\BGM111\Studio_Work\soc-CRP-RoadPack\inc" -I"D:/SiliconLabs/SimplicityStudio/v4_2/developer/sdks/gecko_sdk_suite/v1.1//platform/emdrv/sleep/inc" -I"D:/SiliconLabs/SimplicityStudio/v4_2/developer/sdks/gecko_sdk_suite/v1.1//hardware/kit/EFR32BG1_BRD4302A/config" -I"D:/SiliconLabs/SimplicityStudio/v4_2/developer/sdks/gecko_sdk_suite/v1.1//platform/emdrv/nvm/inc" -I"D:/SiliconLabs/SimplicityStudio/v4_2/developer/sdks/gecko_sdk_suite/v1.1//platform/emdrv/common/inc" -I"D:/SiliconLabs/SimplicityStudio/v4_2/developer/sdks/gecko_sdk_suite/v1.1//platform/Device/SiliconLabs/EFR32BG1B/Include" -I"D:/SiliconLabs/SimplicityStudio/v4_2/developer/sdks/gecko_sdk_suite/v1.1//protocol/bluetooth_2.4/ble_stack/inc/soc" -I"D:/SiliconLabs/SimplicityStudio/v4_2/developer/sdks/gecko_sdk_suite/v1.1//platform/emlib/inc" -I"D:/SiliconLabs/SimplicityStudio/v4_2/developer/sdks/gecko_sdk_suite/v1.1//protocol/bluetooth_2.4/ble_stack/inc/common" -I"D:/SiliconLabs/SimplicityStudio/v4_2/developer/sdks/gecko_sdk_suite/v1.1//platform/bootloader/api" -I"D:\GoogleDriveCLT\GoogleDrive\WeatherCloud\Roadboard\Software\Road-Board-December-2016N8\BGM111\Studio_Work\soc-CRP-RoadPack\inc" -O0 -fno-short-enums -Wall -c -fmessage-length=0 -ffunction-sections -fdata-sections -mfpu=fpv4-sp-d16 -mfloat-abi=hard -MMD -MP -MF"emlib/em_cmu.d" -MT"emlib/em_cmu.o" -o "emlib/em_cmu.o" "../emlib/em_cmu.c"
[...]
Finished building: ../device/EFR32_B_1_1_B/gcc/startup_efr32bg1b.c
Finished building: ../application_properties.c
 
 
Building file: ../gatt_db.c
Building file: ../gpiointerrupt.c
Invoking: GNU ARM C Compiler
arm-none-eabi-gcc -g3 -gdwarf-2 -mcpu=cortex-m4 -mthumb -std=c99 '-DSILABS_AF_USE_HWCONF=1' '-D__NO_SYSTEM_INIT=1\n' '-DEFR32BG1B232F256GM48=1' -I"D:/SiliconLabs/SimplicityStudio/v4_2/developer/sdks/gecko_sdk_suite/v1.1//hardware/kit/common/bsp" -I"D:/SiliconLabs/SimplicityStudio/v4_2/developer/sdks/gecko_sdk_suite/v1.1//platform/CMSIS/Include" -I"D:/SiliconLabs/SimplicityStudio/v4_2/developer/sdks/gecko_sdk_suite/v1.1//hardware/kit/common/drivers" -I"D:/SiliconLabs/SimplicityStudio/v4_2/developer/sdks/gecko_sdk_suite/v1.1//platform/radio/rail_lib/chip/efr32" -I"D:/SiliconLabs/SimplicityStudio/v4_2/developer/sdks/gecko_sdk_suite/v1.1//platform/emdrv/dmadrv/inc" -I"D:/SiliconLabs/SimplicityStudio/v4_2/developer/sdks/gecko_sdk_suite/v1.1//platform/emdrv/uartdrv/inc" -I"D:/SiliconLabs/SimplicityStudio/v4_2/developer/sdks/gecko_sdk_suite/v1.1//platform/radio/rail_lib/common" -I"D:\GoogleDriveCLT\GoogleDrive\WeatherCloud\Roadboard\Software\Road-Board-December-2016N8\BGM111\Studio_Work\soc-CRP-RoadPack" -I"D:/SiliconLabs/SimplicityStudio/v4_2/developer/sdks/gecko_sdk_suite/v1.1//platform/emdrv/spidrv/inc" -I"D:/SiliconLabs/SimplicityStudio/v4_2/developer/sdks/gecko_sdk_suite/v1.1//platform/emdrv/gpiointerrupt/inc" -I"D:/SiliconLabs/SimplicityStudio/v4_2/developer/sdks/gecko_sdk_suite/v1.1//platform/emdrv/rtcdrv/inc" -I"D:/SiliconLabs/SimplicityStudio/v4_2/developer/sdks/gecko_sdk_suite/v1.1//platform/emdrv/spidrv/config" -I"D:\GoogleDriveCLT\GoogleDrive\WeatherCloud\Roadboard\Software\Road-Board-December-2016N8\BGM111\Studio_Work\soc-CRP-RoadPack\src" -I"D:/SiliconLabs/SimplicityStudio/v4_2/developer/sdks/gecko_sdk_suite/v1.1//platform/emdrv/rtcdrv/config" -I"D:/SiliconLabs/SimplicityStudio/v4_2/developer/sdks/gecko_sdk_suite/v1.1//platform/emdrv/ustimer/inc" -I"D:/SiliconLabs/SimplicityStudio/v4_2/developer/sdks/gecko_sdk_suite/v1.1//platform/radio/rail_lib/chip/efr32/rf/common/cortex" -I"D:/SiliconLabs/SimplicityStudio/v4_2/developer/sdks/gecko_sdk_suite/v1.1//platform/emdrv/ustimer/config" -I"D:/SiliconLabs/SimplicityStudio/v4_2/developer/sdks/gecko_sdk_suite/v1.1//platform/emdrv/dmadrv/config" -I"D:/SiliconLabs/SimplicityStudio/v4_2/developer/sdks/gecko_sdk_suite/v1.1//platform/emdrv/tempdrv/config" -I"D:/SiliconLabs/SimplicityStudio/v4_2/developer/sdks/gecko_sdk_suite/v1.1//platform/emdrv/uartdrv/config" -I"D:/SiliconLabs/SimplicityStudio/v4_2/developer/sdks/gecko_sdk_suite/v1.1//platform/emdrv/tempdrv/inc" -I"D:/SiliconLabs/SimplicityStudio/v4_2/developer/sdks/gecko_sdk_suite/v1.1//platform/emdrv/nvm/config" -I"D:\GoogleDriveCLT\GoogleDrive\WeatherCloud\Roadboard\Software\Road-Board-December-2016N8\BGM111\Studio_Work\soc-CRP-RoadPack\inc" -I"D:/SiliconLabs/SimplicityStudio/v4_2/developer/sdks/gecko_sdk_suite/v1.1//platform/emdrv/sleep/inc" -I"D:/SiliconLabs/SimplicityStudio/v4_2/developer/sdks/gecko_sdk_suite/v1.1//hardware/kit/EFR32BG1_BRD4302A/config" -I"D:/SiliconLabs/SimplicityStudio/v4_2/developer/sdks/gecko_sdk_suite/v1.1//platform/emdrv/nvm/inc" -I"D:/SiliconLabs/SimplicityStudio/v4_2/developer/sdks/gecko_sdk_suite/v1.1//platform/emdrv/common/inc" -I"D:/SiliconLabs/SimplicityStudio/v4_2/developer/sdks/gecko_sdk_suite/v1.1//platform/Device/SiliconLabs/EFR32BG1B/Include" -I"D:/SiliconLabs/SimplicityStudio/v4_2/developer/sdks/gecko_sdk_suite/v1.1//protocol/bluetooth_2.4/ble_stack/inc/soc" -I"D:/SiliconLabs/SimplicityStudio/v4_2/developer/sdks/gecko_sdk_suite/v1.1//platform/emlib/inc" -I"D:/SiliconLabs/SimplicityStudio/v4_2/developer/sdks/gecko_sdk_suite/v1.1//protocol/bluetooth_2.4/ble_stack/inc/common" -I"D:/SiliconLabs/SimplicityStudio/v4_2/developer/sdks/gecko_sdk_suite/v1.1//platform/bootloader/api" -I"D:\GoogleDriveCLT\GoogleDrive\WeatherCloud\Roadboard\Software\Road-Board-December-2016N8\BGM111\Studio_Work\soc-CRP-RoadPack\inc" -O0 -fno-short-enums -Wall -c -fmessage-length=0 -ffunction-sections -fdata-sections -mfpu=fpv4-sp-d16 -mfloat-abi=hard -MMD -MP -MF"gatt_db.d" -MT"gatt_db.o" -o "gatt_db.o" "../gatt_db.c"
Invoking: GNU ARM C Compiler
arm-none-eabi-gcc -g3 -gdwarf-2 -mcpu=cortex-m4 -mthumb -std=c99 '-DSILABS_AF_USE_HWCONF=1' '-D__NO_SYSTEM_INIT=1\n' '-DEFR32BG1B232F256GM48=1' -I"D:/SiliconLabs/SimplicityStudio/v4_2/developer/sdks/gecko_sdk_suite/v1.1//hardware/kit/common/bsp" -I"D:/SiliconLabs/SimplicityStudio/v4_2/developer/sdks/gecko_sdk_suite/v1.1//platform/CMSIS/Include" -I"D:/SiliconLabs/SimplicityStudio/v4_2/developer/sdks/gecko_sdk_suite/v1.1//hardware/kit/common/drivers" -I"D:/SiliconLabs/SimplicityStudio/v4_2/developer/sdks/gecko_sdk_suite/v1.1//platform/radio/rail_lib/chip/efr32" -I"D:/SiliconLabs/SimplicityStudio/v4_2/developer/sdks/gecko_sdk_suite/v1.1//platform/emdrv/dmadrv/inc" -I"D:/SiliconLabs/SimplicityStudio/v4_2/developer/sdks/gecko_sdk_suite/v1.1//platform/emdrv/uartdrv/inc" -I"D:/SiliconLabs/SimplicityStudio/v4_2/developer/sdks/gecko_sdk_suite/v1.1//platform/radio/rail_lib/common" -I"D:\GoogleDriveCLT\GoogleDrive\WeatherCloud\Roadboard\Software\Road-Board-December-2016N8\BGM111\Studio_Work\soc-CRP-RoadPack" -I"D:/SiliconLabs/SimplicityStudio/v4_2/developer/sdks/gecko_sdk_suite/v1.1//platform/emdrv/spidrv/inc" -I"D:/SiliconLabs/SimplicityStudio/v4_2/developer/sdks/gecko_sdk_suite/v1.1//platform/emdrv/gpiointerrupt/inc" -I"D:/SiliconLabs/SimplicityStudio/v4_2/developer/sdks/gecko_sdk_suite/v1.1//platform/emdrv/rtcdrv/inc" -I"D:/SiliconLabs/SimplicityStudio/v4_2/developer/sdks/gecko_sdk_suite/v1.1//platform/emdrv/spidrv/config" -I"D:\GoogleDriveCLT\GoogleDrive\WeatherCloud\Roadboard\Software\Road-Board-December-2016N8\BGM111\Studio_Work\soc-CRP-RoadPack\src" -I"D:/SiliconLabs/SimplicityStudio/v4_2/developer/sdks/gecko_sdk_suite/v1.1//platform/emdrv/rtcdrv/config" -I"D:/SiliconLabs/SimplicityStudio/v4_2/developer/sdks/gecko_sdk_suite/v1.1//platform/emdrv/ustimer/inc" -I"D:/SiliconLabs/SimplicityStudio/v4_2/developer/sdks/gecko_sdk_suite/v1.1//platform/radio/rail_lib/chip/efr32/rf/common/cortex" -I"D:/SiliconLabs/SimplicityStudio/v4_2/developer/sdks/gecko_sdk_suite/v1.1//platform/emdrv/ustimer/config" -I"D:/SiliconLabs/SimplicityStudio/v4_2/developer/sdks/gecko_sdk_suite/v1.1//platform/emdrv/dmadrv/config" -I"D:/SiliconLabs/SimplicityStudio/v4_2/developer/sdks/gecko_sdk_suite/v1.1//platform/emdrv/tempdrv/config" -I"D:/SiliconLabs/SimplicityStudio/v4_2/developer/sdks/gecko_sdk_suite/v1.1//platform/emdrv/uartdrv/config" -I"D:/SiliconLabs/SimplicityStudio/v4_2/developer/sdks/gecko_sdk_suite/v1.1//platform/emdrv/tempdrv/inc" -I"D:/SiliconLabs/SimplicityStudio/v4_2/developer/sdks/gecko_sdk_suite/v1.1//platform/emdrv/nvm/config" -I"D:\GoogleDriveCLT\GoogleDrive\WeatherCloud\Roadboard\Software\Road-Board-December-2016N8\BGM111\Studio_Work\soc-CRP-RoadPack\inc" -I"D:/SiliconLabs/SimplicityStudio/v4_2/developer/sdks/gecko_sdk_suite/v1.1//platform/emdrv/sleep/inc" -I"D:/SiliconLabs/SimplicityStudio/v4_2/developer/sdks/gecko_sdk_suite/v1.1//hardware/kit/EFR32BG1_BRD4302A/config" -I"D:/SiliconLabs/SimplicityStudio/v4_2/developer/sdks/gecko_sdk_suite/v1.1//platform/emdrv/nvm/inc" -I"D:/SiliconLabs/SimplicityStudio/v4_2/developer/sdks/gecko_sdk_suite/v1.1//platform/emdrv/common/inc" -I"D:/SiliconLabs/SimplicityStudio/v4_2/developer/sdks/gecko_sdk_suite/v1.1//platform/Device/SiliconLabs/EFR32BG1B/Include" -I"D:/SiliconLabs/SimplicityStudio/v4_2/developer/sdks/gecko_sdk_suite/v1.1//protocol/bluetooth_2.4/ble_stack/inc/soc" -I"D:/SiliconLabs/SimplicityStudio/v4_2/developer/sdks/gecko_sdk_suite/v1.1//platform/emlib/inc" -I"D:/SiliconLabs/SimplicityStudio/v4_2/developer/sdks/gecko_sdk_suite/v1.1//protocol/bluetooth_2.4/ble_stack/inc/common" -I"D:/SiliconLabs/SimplicityStudio/v4_2/developer/sdks/gecko_sdk_suite/v1.1//platform/bootloader/api" -I"D:\GoogleDriveCLT\GoogleDrive\WeatherCloud\Roadboard\Software\Road-Board-December-2016N8\BGM111\Studio_Work\soc-CRP-RoadPack\inc" -O0 -fno-short-enums -Wall -c -fmessage-length=0 -ffunction-sections -fdata-sections -mfpu=fpv4-sp-d16 -mfloat-abi=hard -MMD -MP -MF"gpiointerrupt.d" -MT"gpiointerrupt.o" -o "gpiointerrupt.o" "../gpiointerrupt.c"
Finished building: ../emlib/em_timer.c
Finished building: ../emlib/em_usart.c
 
 
Building file: ../main.c
Building file: ../uart_echo.c
Invoking: GNU ARM C Compiler
arm-none-eabi-gcc -g3 -gdwarf-2 -mcpu=cortex-m4 -mthumb -std=c99 '-DSILABS_AF_USE_HWCONF=1' '-D__NO_SYSTEM_INIT=1\n' '-DEFR32BG1B232F256GM48=1' -I"D:/SiliconLabs/SimplicityStudio/v4_2/developer/sdks/gecko_sdk_suite/v1.1//hardware/kit/common/bsp" -I"D:/SiliconLabs/SimplicityStudio/v4_2/developer/sdks/gecko_sdk_suite/v1.1//platform/CMSIS/Include" -I"D:/SiliconLabs/SimplicityStudio/v4_2/developer/sdks/gecko_sdk_suite/v1.1//hardware/kit/common/drivers" -I"D:/SiliconLabs/SimplicityStudio/v4_2/developer/sdks/gecko_sdk_suite/v1.1//platform/radio/rail_lib/chip/efr32" -I"D:/SiliconLabs/SimplicityStudio/v4_2/developer/sdks/gecko_sdk_suite/v1.1//platform/emdrv/dmadrv/inc" -I"D:/SiliconLabs/SimplicityStudio/v4_2/developer/sdks/gecko_sdk_suite/v1.1//platform/emdrv/uartdrv/inc" -I"D:/SiliconLabs/SimplicityStudio/v4_2/developer/sdks/gecko_sdk_suite/v1.1//platform/radio/rail_lib/common" -I"D:\GoogleDriveCLT\GoogleDrive\WeatherCloud\Roadboard\Software\Road-Board-December-2016N8\BGM111\Studio_Work\soc-CRP-RoadPack" -I"D:/SiliconLabs/SimplicityStudio/v4_2/developer/sdks/gecko_sdk_suite/v1.1//platform/emdrv/spidrv/inc" -I"D:/SiliconLabs/SimplicityStudio/v4_2/developer/sdks/gecko_sdk_suite/v1.1//platform/emdrv/gpiointerrupt/inc" -I"D:/SiliconLabs/SimplicityStudio/v4_2/developer/sdks/gecko_sdk_suite/v1.1//platform/emdrv/rtcdrv/inc" -I"D:/SiliconLabs/SimplicityStudio/v4_2/developer/sdks/gecko_sdk_suite/v1.1//platform/emdrv/spidrv/config" -I"D:\GoogleDriveCLT\GoogleDrive\WeatherCloud\Roadboard\Software\Road-Board-December-2016N8\BGM111\Studio_Work\soc-CRP-RoadPack\src" -I"D:/SiliconLabs/SimplicityStudio/v4_2/developer/sdks/gecko_sdk_suite/v1.1//platform/emdrv/rtcdrv/config" -I"D:/SiliconLabs/SimplicityStudio/v4_2/developer/sdks/gecko_sdk_suite/v1.1//platform/emdrv/ustimer/inc" -I"D:/SiliconLabs/SimplicityStudio/v4_2/developer/sdks/gecko_sdk_suite/v1.1//platform/radio/rail_lib/chip/efr32/rf/common/cortex" -I"D:/SiliconLabs/SimplicityStudio/v4_2/developer/sdks/gecko_sdk_suite/v1.1//platform/emdrv/ustimer/config" -I"D:/SiliconLabs/SimplicityStudio/v4_2/developer/sdks/gecko_sdk_suite/v1.1//platform/emdrv/dmadrv/config" -I"D:/SiliconLabs/SimplicityStudio/v4_2/developer/sdks/gecko_sdk_suite/v1.1//platform/emdrv/tempdrv/config" -I"D:/SiliconLabs/SimplicityStudio/v4_2/developer/sdks/gecko_sdk_suite/v1.1//platform/emdrv/uartdrv/config" -I"D:/SiliconLabs/SimplicityStudio/v4_2/developer/sdks/gecko_sdk_suite/v1.1//platform/emdrv/tempdrv/inc" -I"D:/SiliconLabs/SimplicityStudio/v4_2/developer/sdks/gecko_sdk_suite/v1.1//platform/emdrv/nvm/config" -I"D:\GoogleDriveCLT\GoogleDrive\WeatherCloud\Roadboard\Software\Road-Board-December-2016N8\BGM111\Studio_Work\soc-CRP-RoadPack\inc" -I"D:/SiliconLabs/SimplicityStudio/v4_2/developer/sdks/gecko_sdk_suite/v1.1//platform/emdrv/sleep/inc" -I"D:/SiliconLabs/SimplicityStudio/v4_2/developer/sdks/gecko_sdk_suite/v1.1//hardware/kit/EFR32BG1_BRD4302A/config" -I"D:/SiliconLabs/SimplicityStudio/v4_2/developer/sdks/gecko_sdk_suite/v1.1//platform/emdrv/nvm/inc" -I"D:/SiliconLabs/SimplicityStudio/v4_2/developer/sdks/gecko_sdk_suite/v1.1//platform/emdrv/common/inc" -I"D:/SiliconLabs/SimplicityStudio/v4_2/developer/sdks/gecko_sdk_suite/v1.1//platform/Device/SiliconLabs/EFR32BG1B/Include" -I"D:/SiliconLabs/SimplicityStudio/v4_2/developer/sdks/gecko_sdk_suite/v1.1//protocol/bluetooth_2.4/ble_stack/inc/soc" -I"D:/SiliconLabs/SimplicityStudio/v4_2/developer/sdks/gecko_sdk_suite/v1.1//platform/emlib/inc" -I"D:/SiliconLabs/SimplicityStudio/v4_2/developer/sdks/gecko_sdk_suite/v1.1//protocol/bluetooth_2.4/ble_stack/inc/common" -I"D:/SiliconLabs/SimplicityStudio/v4_2/developer/sdks/gecko_sdk_suite/v1.1//platform/bootloader/api" -I"D:\GoogleDriveCLT\GoogleDrive\WeatherCloud\Roadboard\Software\Road-Board-December-2016N8\BGM111\Studio_Work\soc-CRP-RoadPack\inc" -O0 -fno-short-enums -Wall -c -fmessage-length=0 -ffunction-sections -fdata-sections -mfpu=fpv4-sp-d16 -mfloat-abi=hard -MMD -MP -MF"main.d" -MT"main.o" -o "main.o" "../main.c"
Invoking: GNU ARM C Compiler
arm-none-eabi-gcc -g3 -gdwarf-2 -mcpu=cortex-m4 -mthumb -std=c99 '-DSILABS_AF_USE_HWCONF=1' '-D__NO_SYSTEM_INIT=1\n' '-DEFR32BG1B232F256GM48=1' -I"D:/SiliconLabs/SimplicityStudio/v4_2/developer/sdks/gecko_sdk_suite/v1.1//hardware/kit/common/bsp" -I"D:/SiliconLabs/SimplicityStudio/v4_2/developer/sdks/gecko_sdk_suite/v1.1//platform/CMSIS/Include" -I"D:/SiliconLabs/SimplicityStudio/v4_2/developer/sdks/gecko_sdk_suite/v1.1//hardware/kit/common/drivers" -I"D:/SiliconLabs/SimplicityStudio/v4_2/developer/sdks/gecko_sdk_suite/v1.1//platform/radio/rail_lib/chip/efr32" -I"D:/SiliconLabs/SimplicityStudio/v4_2/developer/sdks/gecko_sdk_suite/v1.1//platform/emdrv/dmadrv/inc" -I"D:/SiliconLabs/SimplicityStudio/v4_2/developer/sdks/gecko_sdk_suite/v1.1//platform/emdrv/uartdrv/inc" -I"D:/SiliconLabs/SimplicityStudio/v4_2/developer/sdks/gecko_sdk_suite/v1.1//platform/radio/rail_lib/common" -I"D:\GoogleDriveCLT\GoogleDrive\WeatherCloud\Roadboard\Software\Road-Board-December-2016N8\BGM111\Studio_Work\soc-CRP-RoadPack" -I"D:/SiliconLabs/SimplicityStudio/v4_2/developer/sdks/gecko_sdk_suite/v1.1//platform/emdrv/spidrv/inc" -I"D:/SiliconLabs/SimplicityStudio/v4_2/developer/sdks/gecko_sdk_suite/v1.1//platform/emdrv/gpiointerrupt/inc" -I"D:/SiliconLabs/SimplicityStudio/v4_2/developer/sdks/gecko_sdk_suite/v1.1//platform/emdrv/rtcdrv/inc" -I"D:/SiliconLabs/SimplicityStudio/v4_2/developer/sdks/gecko_sdk_suite/v1.1//platform/emdrv/spidrv/config" -I"D:\GoogleDriveCLT\GoogleDrive\WeatherCloud\Roadboard\Software\Road-Board-December-2016N8\BGM111\Studio_Work\soc-CRP-RoadPack\src" -I"D:/SiliconLabs/SimplicityStudio/v4_2/developer/sdks/gecko_sdk_suite/v1.1//platform/emdrv/rtcdrv/config" -I"D:/SiliconLabs/SimplicityStudio/v4_2/developer/sdks/gecko_sdk_suite/v1.1//platform/emdrv/ustimer/inc" -I"D:/SiliconLabs/SimplicityStudio/v4_2/developer/sdks/gecko_sdk_suite/v1.1//platform/radio/rail_lib/chip/efr32/rf/common/cortex" -I"D:/SiliconLabs/SimplicityStudio/v4_2/developer/sdks/gecko_sdk_suite/v1.1//platform/emdrv/ustimer/config" -I"D:/SiliconLabs/SimplicityStudio/v4_2/developer/sdks/gecko_sdk_suite/v1.1//platform/emdrv/dmadrv/config" -I"D:/SiliconLabs/SimplicityStudio/v4_2/developer/sdks/gecko_sdk_suite/v1.1//platform/emdrv/tempdrv/config" -I"D:/SiliconLabs/SimplicityStudio/v4_2/developer/sdks/gecko_sdk_suite/v1.1//platform/emdrv/uartdrv/config" -I"D:/SiliconLabs/SimplicityStudio/v4_2/developer/sdks/gecko_sdk_suite/v1.1//platform/emdrv/tempdrv/inc" -I"D:/SiliconLabs/SimplicityStudio/v4_2/developer/sdks/gecko_sdk_suite/v1.1//platform/emdrv/nvm/config" -I"D:\GoogleDriveCLT\GoogleDrive\WeatherCloud\Roadboard\Software\Road-Board-December-2016N8\BGM111\Studio_Work\soc-CRP-RoadPack\inc" -I"D:/SiliconLabs/SimplicityStudio/v4_2/developer/sdks/gecko_sdk_suite/v1.1//platform/emdrv/sleep/inc" -I"D:/SiliconLabs/SimplicityStudio/v4_2/developer/sdks/gecko_sdk_suite/v1.1//hardware/kit/EFR32BG1_BRD4302A/config" -I"D:/SiliconLabs/SimplicityStudio/v4_2/developer/sdks/gecko_sdk_suite/v1.1//platform/emdrv/nvm/inc" -I"D:/SiliconLabs/SimplicityStudio/v4_2/developer/sdks/gecko_sdk_suite/v1.1//platform/emdrv/common/inc" -I"D:/SiliconLabs/SimplicityStudio/v4_2/developer/sdks/gecko_sdk_suite/v1.1//platform/Device/SiliconLabs/EFR32BG1B/Include" -I"D:/SiliconLabs/SimplicityStudio/v4_2/developer/sdks/gecko_sdk_suite/v1.1//protocol/bluetooth_2.4/ble_stack/inc/soc" -I"D:/SiliconLabs/SimplicityStudio/v4_2/developer/sdks/gecko_sdk_suite/v1.1//platform/emlib/inc" -I"D:/SiliconLabs/SimplicityStudio/v4_2/developer/sdks/gecko_sdk_suite/v1.1//protocol/bluetooth_2.4/ble_stack/inc/common" -I"D:/SiliconLabs/SimplicityStudio/v4_2/developer/sdks/gecko_sdk_suite/v1.1//platform/bootloader/api" -I"D:\GoogleDriveCLT\GoogleDrive\WeatherCloud\Roadboard\Software\Road-Board-December-2016N8\BGM111\Studio_Work\soc-CRP-RoadPack\inc" -O0 -fno-short-enums -Wall -c -fmessage-length=0 -ffunction-sections -fdata-sections -mfpu=fpv4-sp-d16 -mfloat-abi=hard -MMD -MP -MF"uart_echo.d" -MT"uart_echo.o" -o "uart_echo.o" "../uart_echo.c"
In file included from ../uart_echo.c:12:0:
d:\siliconlabs\simplicitystudio\v4_2\developer\sdks\gecko_sdk_suite\v1.1\platform\emlib\inc\em_int.h:49:2: warning: #warning "The INT module is deprecated and marked for removal in a later release. Please use the new CORE module instead. See \"Porting from em_int\" in the CORE documentation for instructions." [-Wcpp]
 #warning "The INT module is deprecated and marked for removal in a later release. Please use the new CORE module instead. See \"Porting from em_int\" in the CORE documentation for instructions."
  ^
Finished building: ../gatt_db.c
 
../main.c: In function 'main':
../main.c:251:6: warning: variable 'unrecoverable_error' set but not used [-Wunused-but-set-variable]
  int unrecoverable_error;
      ^
Finished building: ../gpiointerrupt.c
 
Finished building: ../uart_echo.c
 
Finished building: ../main.c
 
Building target: soc-CRP-RoadPack.axf
Invoking: GNU ARM C Linker
arm-none-eabi-gcc -g3 -gdwarf-2 -mcpu=cortex-m4 -mthumb -T "D:\GoogleDriveCLT\GoogleDrive\WeatherCloud\Roadboard\Software\Road-Board-December-2016N8\BGM111\Studio_Work\soc-CRP-RoadPack\linker\GCC\efr32bg1b232f256gm56.ld" -Xlinker -no-enum-size-warning -Xlinker -no-wchar-size-warning -Xlinker --gc-sections -Xlinker -Map="soc-CRP-RoadPack.map" -mfpu=fpv4-sp-d16 -mfloat-abi=hard -o soc-CRP-RoadPack.axf "./application_properties.o" "./gatt_db.o" "./gpiointerrupt.o" "./main.o" "./uart_echo.o" "./device/EFR32_B_1_1_B/gcc/startup_efr32bg1b.o" "./emlib/em_cmu.o" "./emlib/em_cryotimer.o" "./emlib/em_gpio.o" "./emlib/em_i2c.o" "./emlib/em_msc.o" "./emlib/em_rtcc.o" "./emlib/em_system.o" "./emlib/em_timer.o" "./emlib/em_usart.o" "./src/InitDevice.o" "D:/SiliconLabs/SimplicityStudio/v4_2/developer/sdks/gecko_sdk_suite/v1.1//protocol/bluetooth_2.4/lib/EFR32BG1B/EABI/binbootloader.o" "D:/SiliconLabs/SimplicityStudio/v4_2/developer/sdks/gecko_sdk_suite/v1.1//protocol/bluetooth_2.4/lib/EFR32BG1B/GCC/bgapi.a" "D:/SiliconLabs/SimplicityStudio/v4_2/developer/sdks/gecko_sdk_suite/v1.1//protocol/bluetooth_2.4/lib/EFR32BG1B/EABI/stack.a" "D:/SiliconLabs/SimplicityStudio/v4_2/developer/sdks/gecko_sdk_suite/v1.1//protocol/bluetooth_2.4/lib/EFR32BG1B/EABI/binstack.o" -Wl,--start-group -lgcc -lc -lnosys -Wl,--end-group
Finished building target: soc-CRP-RoadPack.axf
 
Building hex file: soc-CRP-RoadPack.hex
arm-none-eabi-objcopy -O ihex "soc-CRP-RoadPack.axf" "soc-CRP-RoadPack.hex"
 
Building bin file: soc-CRP-RoadPack.bin
arm-none-eabi-objcopy -O binary "soc-CRP-RoadPack.axf" "soc-CRP-RoadPack.bin"
 
Building s37 file: soc-CRP-RoadPack.s37
arm-none-eabi-objcopy -O srec "soc-CRP-RoadPack.axf" "soc-CRP-RoadPack.s37"
 
Running size tool
arm-none-eabi-size "soc-CRP-RoadPack.axf"
   text	   data	    bss	    dec	    hex	filename
 181719	   2188	   7377	 191284	  2eb34	soc-CRP-RoadPack.axf
 
09:25:52 **** Build of configuration GNU ARM v4.9.3 - Default for project soc-CRP-RoadPack ****
make -j4 all 
make: Nothing to be done for `all'.
09:32:13 **** Incremental Build of configuration GNU ARM v4.9.3 - Default for project soc-CRP-RoadPack ****
make -j4 all 
make: Nothing to be done for `all'.
09:34:57 **** Incremental Build of configuration GNU ARM v4.9.3 - Default for project soc-CRP-RoadPack ****
make -j4 all 
make: Nothing to be done for `all'.
09:38:12 **** Incremental Build of configuration GNU ARM v4.9.3 - Default for project soc-CRP-RoadPack ****
make -j4 all 
make: Nothing to be done for `all'.
