12:58:32 **** Incremental Build of configuration GNU ARM v4.9.3 - Default for project soc-empty-UARTTst2 ****
make -j4 all 
Building file: ../src/InitDevice.c
Building file: D:/SiliconLabs/SimplicityStudio/v4_2/developer/sdks/gecko_sdk_suite/v1.1/platform/emlib/src/em_cmu.c
Building file: D:/SiliconLabs/SimplicityStudio/v4_2/developer/sdks/gecko_sdk_suite/v1.1/platform/emlib/src/em_cryotimer.c
Building file: D:/SiliconLabs/SimplicityStudio/v4_2/developer/sdks/gecko_sdk_suite/v1.1/platform/emlib/src/em_gpio.c
Invoking: GNU ARM C Compiler
Invoking: GNU ARM C Compiler
arm-none-eabi-gcc -g3 -gdwarf-2 -mcpu=cortex-m4 -mthumb -std=c99 '-D__NO_SYSTEM_INIT=1\n' '-DEFR32BG1B232F256GM48=1' '-DSILABS_AF_USE_HWCONF=1' -I"D:/SiliconLabs/SimplicityStudio/v4_2/developer/sdks/gecko_sdk_suite/v1.1//hardware/kit/common/bsp" -I"D:/SiliconLabs/SimplicityStudio/v4_2/developer/sdks/gecko_sdk_suite/v1.1//platform/Device/SiliconLabs/EFR32BG1B/Include" -I"D:/SiliconLabs/SimplicityStudio/v4_2/developer/sdks/gecko_sdk_suite/v1.1//platform/CMSIS/Include" -I"D:/SiliconLabs/SimplicityStudio/v4_2/developer/sdks/gecko_sdk_suite/v1.1//hardware/kit/common/drivers" -I"D:/SiliconLabs/SimplicityStudio/v4_2/developer/sdks/gecko_sdk_suite/v1.1//platform/radio/rail_lib/chip/efr32" -I"D:/SiliconLabs/SimplicityStudio/v4_2/developer/sdks/gecko_sdk_suite/v1.1//platform/emdrv/dmadrv/inc" -I"D:/SiliconLabs/SimplicityStudio/v4_2/developer/sdks/gecko_sdk_suite/v1.1//platform/emdrv/uartdrv/inc" -I"D:/SiliconLabs/SimplicityStudio/v4_2/developer/sdks/gecko_sdk_suite/v1.1//platform/radio/rail_lib/common" -I"D:\GoogleDriveCLT\GoogleDrive\WeatherCloud\Roadboard\Software\Road-Board-December-2016N8\BGM111\Studio_Work\soc-empty-UARTTst2" -I"D:/SiliconLabs/SimplicityStudio/v4_2/developer/sdks/gecko_sdk_suite/v1.1//platform/emdrv/spidrv/inc" -I"D:/SiliconLabs/SimplicityStudio/v4_2/developer/sdks/gecko_sdk_suite/v1.1//protocol/bluetooth_2.4/ble_stack/inc/soc" -I"D:/SiliconLabs/SimplicityStudio/v4_2/developer/sdks/gecko_sdk_suite/v1.1//platform/emdrv/gpiointerrupt/inc" -I"D:/SiliconLabs/SimplicityStudio/v4_2/developer/sdks/gecko_sdk_suite/v1.1//platform/emdrv/rtcdrv/inc" -I"D:/SiliconLabs/SimplicityStudio/v4_2/developer/sdks/gecko_sdk_suite/v1.1//platform/emdrv/spidrv/config" -I"D:\GoogleDriveCLT\GoogleDrive\WeatherCloud\Roadboard\Software\Road-Board-December-2016N8\BGM111\Studio_Work\soc-empty-UARTTst2\src" -I"D:/SiliconLabs/SimplicityStudio/v4_2/developer/sdks/gecko_sdk_suite/v1.1//platform/emdrv/rtcdrv/config" -I"D:/SiliconLabs/SimplicityStudio/v4_2/developer/sdks/gecko_sdk_suite/v1.1//platform/emdrv/ustimer/inc" -I"D:/SiliconLabs/SimplicityStudio/v4_2/developer/sdks/gecko_sdk_suite/v1.1//platform/radio/rail_lib/chip/efr32/rf/common/cortex" -I"D:/SiliconLabs/SimplicityStudio/v4_2/developer/sdks/gecko_sdk_suite/v1.1//platform/emdrv/ustimer/config" -I"D:/SiliconLabs/SimplicityStudio/v4_2/developer/sdks/gecko_sdk_suite/v1.1//platform/emdrv/dmadrv/config" -I"D:/SiliconLabs/SimplicityStudio/v4_2/developer/sdks/gecko_sdk_suite/v1.1//platform/emdrv/tempdrv/config" -I"D:/SiliconLabs/SimplicityStudio/v4_2/developer/sdks/gecko_sdk_suite/v1.1//platform/emdrv/uartdrv/config" -I"D:/SiliconLabs/SimplicityStudio/v4_2/developer/sdks/gecko_sdk_suite/v1.1//platform/emdrv/tempdrv/inc" -I"D:/SiliconLabs/SimplicityStudio/v4_2/developer/sdks/gecko_sdk_suite/v1.1//platform/emdrv/nvm/config" -I"D:/SiliconLabs/SimplicityStudio/v4_2/developer/sdks/gecko_sdk_suite/v1.1//platform/emlib/inc" -I"D:\GoogleDriveCLT\GoogleDrive\WeatherCloud\Roadboard\Software\Road-Board-December-2016N8\BGM111\Studio_Work\soc-empty-UARTTst2\inc" -I"D:/SiliconLabs/SimplicityStudio/v4_2/developer/sdks/gecko_sdk_suite/v1.1//platform/emdrv/sleep/inc" -I"D:/SiliconLabs/SimplicityStudio/v4_2/developer/sdks/gecko_sdk_suite/v1.1//hardware/kit/EFR32BG1_BRD4302A/config" -I"D:/SiliconLabs/SimplicityStudio/v4_2/developer/sdks/gecko_sdk_suite/v1.1//platform/emdrv/nvm/inc" -I"D:/SiliconLabs/SimplicityStudio/v4_2/developer/sdks/gecko_sdk_suite/v1.1//protocol/bluetooth_2.4/ble_stack/inc/common" -I"D:/SiliconLabs/SimplicityStudio/v4_2/developer/sdks/gecko_sdk_suite/v1.1//platform/bootloader/api" -I"D:/SiliconLabs/SimplicityStudio/v4_2/developer/sdks/gecko_sdk_suite/v1.1//platform/emdrv/common/inc" -O0 -fno-short-enums -Wall -c -fmessage-length=0 -ffunction-sections -fdata-sections -mfpu=fpv4-sp-d16 -mfloat-abi=hard -MMD -MP -MF"src/InitDevice.d" -MT"src/InitDevice.o" -o "src/InitDevice.o" "../src/InitDevice.c"
Invoking: GNU ARM C Compiler
arm-none-eabi-gcc -g3 -gdwarf-2 -mcpu=cortex-m4 -mthumb -std=c99 '-D__NO_SYSTEM_INIT=1\n' '-DEFR32BG1B232F256GM48=1' '-DSILABS_AF_USE_HWCONF=1' -I"D:/SiliconLabs/SimplicityStudio/v4_2/developer/sdks/gecko_sdk_suite/v1.1//hardware/kit/common/bsp" -I"D:/SiliconLabs/SimplicityStudio/v4_2/developer/sdks/gecko_sdk_suite/v1.1//platform/Device/SiliconLabs/EFR32BG1B/Include" -I"D:/SiliconLabs/SimplicityStudio/v4_2/developer/sdks/gecko_sdk_suite/v1.1//platform/CMSIS/Include" -I"D:/SiliconLabs/SimplicityStudio/v4_2/developer/sdks/gecko_sdk_suite/v1.1//hardware/kit/common/drivers" -I"D:/SiliconLabs/SimplicityStudio/v4_2/developer/sdks/gecko_sdk_suite/v1.1//platform/radio/rail_lib/chip/efr32" -I"D:/SiliconLabs/SimplicityStudio/v4_2/developer/sdks/gecko_sdk_suite/v1.1//platform/emdrv/dmadrv/inc" -I"D:/SiliconLabs/SimplicityStudio/v4_2/developer/sdks/gecko_sdk_suite/v1.1//platform/emdrv/uartdrv/inc" -I"D:/SiliconLabs/SimplicityStudio/v4_2/developer/sdks/gecko_sdk_suite/v1.1//platform/radio/rail_lib/common" -I"D:\GoogleDriveCLT\GoogleDrive\WeatherCloud\Roadboard\Software\Road-Board-December-2016N8\BGM111\Studio_Work\soc-empty-UARTTst2" -I"D:/SiliconLabs/SimplicityStudio/v4_2/developer/sdks/gecko_sdk_suite/v1.1//platform/emdrv/spidrv/inc" -I"D:/SiliconLabs/SimplicityStudio/v4_2/developer/sdks/gecko_sdk_suite/v1.1//protocol/bluetooth_2.4/ble_stack/inc/soc" -I"D:/SiliconLabs/SimplicityStudio/v4_2/developer/sdks/gecko_sdk_suite/v1.1//platform/emdrv/gpiointerrupt/inc" -I"D:/SiliconLabs/SimplicityStudio/v4_2/developer/sdks/gecko_sdk_suite/v1.1//platform/emdrv/rtcdrv/inc" -I"D:/SiliconLabs/SimplicityStudio/v4_2/developer/sdks/gecko_sdk_suite/v1.1//platform/emdrv/spidrv/config" -I"D:\GoogleDriveCLT\GoogleDrive\WeatherCloud\Roadboard\Software\Road-Board-December-2016N8\BGM111\Studio_Work\soc-empty-UARTTst2\src" -I"D:/SiliconLabs/SimplicityStudio/v4_2/developer/sdks/gecko_sdk_suite/v1.1//platform/emdrv/rtcdrv/config" -I"D:/SiliconLabs/SimplicityStudio/v4_2/developer/sdks/gecko_sdk_suite/v1.1//platform/emdrv/ustimer/inc" -I"D:/SiliconLabs/SimplicityStudio/v4_2/developer/sdks/gecko_sdk_suite/v1.1//platform/radio/rail_lib/chip/efr32/rf/common/cortex" -I"D:/SiliconLabs/SimplicityStudio/v4_2/developer/sdks/gecko_sdk_suite/v1.1//platform/emdrv/ustimer/config" -I"D:/SiliconLabs/SimplicityStudio/v4_2/developer/sdks/gecko_sdk_suite/v1.1//platform/emdrv/dmadrv/config" -I"D:/SiliconLabs/SimplicityStudio/v4_2/developer/sdks/gecko_sdk_suite/v1.1//platform/emdrv/tempdrv/config" -I"D:/SiliconLabs/SimplicityStudio/v4_2/developer/sdks/gecko_sdk_suite/v1.1//platform/emdrv/uartdrv/config" -I"D:/SiliconLabs/SimplicityStudio/v4_2/developer/sdks/gecko_sdk_suite/v1.1//platform/emdrv/tempdrv/inc" -I"D:/SiliconLabs/SimplicityStudio/v4_2/developer/sdks/gecko_sdk_suite/v1.1//platform/emdrv/nvm/config" -I"D:/SiliconLabs/SimplicityStudio/v4_2/developer/sdks/gecko_sdk_suite/v1.1//platform/emlib/inc" -I"D:\GoogleDriveCLT\GoogleDrive\WeatherCloud\Roadboard\Software\Road-Board-December-2016N8\BGM111\Studio_Work\soc-empty-UARTTst2\inc" -I"D:/SiliconLabs/SimplicityStudio/v4_2/developer/sdks/gecko_sdk_suite/v1.1//platform/emdrv/sleep/inc" -I"D:/SiliconLabs/SimplicityStudio/v4_2/developer/sdks/gecko_sdk_suite/v1.1//hardware/kit/EFR32BG1_BRD4302A/config" -I"D:/SiliconLabs/SimplicityStudio/v4_2/developer/sdks/gecko_sdk_suite/v1.1//platform/emdrv/nvm/inc" -I"D:/SiliconLabs/SimplicityStudio/v4_2/developer/sdks/gecko_sdk_suite/v1.1//protocol/bluetooth_2.4/ble_stack/inc/common" -I"D:/SiliconLabs/SimplicityStudio/v4_2/developer/sdks/gecko_sdk_suite/v1.1//platform/bootloader/api" -I"D:/SiliconLabs/SimplicityStudio/v4_2/developer/sdks/gecko_sdk_suite/v1.1//platform/emdrv/common/inc" -O0 -fno-short-enums -Wall -c -fmessage-length=0 -ffunction-sections -fdata-sections -mfpu=fpv4-sp-d16 -mfloat-abi=hard -MMD -MP -MF"emlib/em_cmu.d" -MT"emlib/em_cmu.o" -o "emlib/em_cmu.o" "D:/SiliconLabs/SimplicityStudio/v4_2/developer/sdks/gecko_sdk_suite/v1.1/platform/emlib/src/em_cmu.c"
Invoking: GNU ARM C Compiler
arm-none-eabi-gcc -g3 -gdwarf-2 -mcpu=cortex-m4 -mthumb -std=c99 '-D__NO_SYSTEM_INIT=1\n' '-DEFR32BG1B232F256GM48=1' '-DSILABS_AF_USE_HWCONF=1' -I"D:/SiliconLabs/SimplicityStudio/v4_2/developer/sdks/gecko_sdk_suite/v1.1//hardware/kit/common/bsp" -I"D:/SiliconLabs/SimplicityStudio/v4_2/developer/sdks/gecko_sdk_suite/v1.1//platform/Device/SiliconLabs/EFR32BG1B/Include" -I"D:/SiliconLabs/SimplicityStudio/v4_2/developer/sdks/gecko_sdk_suite/v1.1//platform/CMSIS/Include" -I"D:/SiliconLabs/SimplicityStudio/v4_2/developer/sdks/gecko_sdk_suite/v1.1//hardware/kit/common/drivers" -I"D:/SiliconLabs/SimplicityStudio/v4_2/developer/sdks/gecko_sdk_suite/v1.1//platform/radio/rail_lib/chip/efr32" -I"D:/SiliconLabs/SimplicityStudio/v4_2/developer/sdks/gecko_sdk_suite/v1.1//platform/emdrv/dmadrv/inc" -I"D:/SiliconLabs/SimplicityStudio/v4_2/developer/sdks/gecko_sdk_suite/v1.1//platform/emdrv/uartdrv/inc" -I"D:/SiliconLabs/SimplicityStudio/v4_2/developer/sdks/gecko_sdk_suite/v1.1//platform/radio/rail_lib/common" -I"D:\GoogleDriveCLT\GoogleDrive\WeatherCloud\Roadboard\Software\Road-Board-December-2016N8\BGM111\Studio_Work\soc-empty-UARTTst2" -I"D:/SiliconLabs/SimplicityStudio/v4_2/developer/sdks/gecko_sdk_suite/v1.1//platform/emdrv/spidrv/inc" -I"D:/SiliconLabs/SimplicityStudio/v4_2/developer/sdks/gecko_sdk_suite/v1.1//protocol/bluetooth_2.4/ble_stack/inc/soc" -I"D:/SiliconLabs/SimplicityStudio/v4_2/developer/sdks/gecko_sdk_suite/v1.1//platform/emdrv/gpiointerrupt/inc" -I"D:/SiliconLabs/SimplicityStudio/v4_2/developer/sdks/gecko_sdk_suite/v1.1//platform/emdrv/rtcdrv/inc" -I"D:/SiliconLabs/SimplicityStudio/v4_2/developer/sdks/gecko_sdk_suite/v1.1//platform/emdrv/spidrv/config" -I"D:\GoogleDriveCLT\GoogleDrive\WeatherCloud\Roadboard\Software\Road-Board-December-2016N8\BGM111\Studio_Work\soc-empty-UARTTst2\src" -I"D:/SiliconLabs/SimplicityStudio/v4_2/developer/sdks/gecko_sdk_suite/v1.1//platform/emdrv/rtcdrv/config" -I"D:/SiliconLabs/SimplicityStudio/v4_2/developer/sdks/gecko_sdk_suite/v1.1//platform/emdrv/ustimer/inc" -I"D:/SiliconLabs/SimplicityStudio/v4_2/developer/sdks/gecko_sdk_suite/v1.1//platform/radio/rail_lib/chip/efr32/rf/common/cortex" -I"D:/SiliconLabs/SimplicityStudio/v4_2/developer/sdks/gecko_sdk_suite/v1.1//platform/emdrv/ustimer/config" -I"D:/SiliconLabs/SimplicityStudio/v4_2/developer/sdks/gecko_sdk_suite/v1.1//platform/emdrv/dmadrv/config" -I"D:/SiliconLabs/SimplicityStudio/v4_2/developer/sdks/gecko_sdk_suite/v1.1//platform/emdrv/tempdrv/config" -I"D:/SiliconLabs/SimplicityStudio/v4_2/developer/sdks/gecko_sdk_suite/v1.1//platform/emdrv/uartdrv/config" -I"D:/SiliconLabs/SimplicityStudio/v4_2/developer/sdks/gecko_sdk_suite/v1.1//platform/emdrv/tempdrv/inc" -I"D:/SiliconLabs/SimplicityStudio/v4_2/developer/sdks/gecko_sdk_suite/v1.1//platform/emdrv/nvm/config" -I"D:/SiliconLabs/SimplicityStudio/v4_2/developer/sdks/gecko_sdk_suite/v1.1//platform/emlib/inc" -I"D:\GoogleDriveCLT\GoogleDrive\WeatherCloud\Roadboard\Software\Road-Board-December-2016N8\BGM111\Studio_Work\soc-empty-UARTTst2\inc" -I"D:/SiliconLabs/SimplicityStudio/v4_2/developer/sdks/gecko_sdk_suite/v1.1//platform/emdrv/sleep/inc" -I"D:/SiliconLabs/SimplicityStudio/v4_2/developer/sdks/gecko_sdk_suite/v1.1//hardware/kit/EFR32BG1_BRD4302A/config" -I"D:/SiliconLabs/SimplicityStudio/v4_2/developer/sdks/gecko_sdk_suite/v1.1//platform/emdrv/nvm/inc" -I"D:/SiliconLabs/SimplicityStudio/v4_2/developer/sdks/gecko_sdk_suite/v1.1//protocol/bluetooth_2.4/ble_stack/inc/common" -I"D:/SiliconLabs/SimplicityStudio/v4_2/developer/sdks/gecko_sdk_suite/v1.1//platform/bootloader/api" -I"D:/SiliconLabs/SimplicityStudio/v4_2/developer/sdks/gecko_sdk_suite/v1.1//platform/emdrv/common/inc" -O0 -fno-short-enums -Wall -c -fmessage-length=0 -ffunction-sections -fdata-sections -mfpu=fpv4-sp-d16 -mfloat-abi=hard -MMD -MP -MF"emlib/em_cryotimer.d" -MT"emlib/em_cryotimer.o" -o "emlib/em_cryotimer.o" "D:/SiliconLabs/SimplicityStudio/v4_2/developer/sdks/gecko_sdk_suite/v1.1/platform/emlib/src/em_cryotimer.c"
arm-none-eabi-gcc -g3 -gdwarf-2 -mcpu=cortex-m4 -mthumb -std=c99 '-D__NO_SYSTEM_INIT=1\n' '-DEFR32BG1B232F256GM48=1' '-DSILABS_AF_USE_HWCONF=1' -I"D:/SiliconLabs/SimplicityStudio/v4_2/developer/sdks/gecko_sdk_suite/v1.1//hardware/kit/common/bsp" -I"D:/SiliconLabs/SimplicityStudio/v4_2/developer/sdks/gecko_sdk_suite/v1.1//platform/Device/SiliconLabs/EFR32BG1B/Include" -I"D:/SiliconLabs/SimplicityStudio/v4_2/developer/sdks/gecko_sdk_suite/v1.1//platform/CMSIS/Include" -I"D:/SiliconLabs/SimplicityStudio/v4_2/developer/sdks/gecko_sdk_suite/v1.1//hardware/kit/common/drivers" -I"D:/SiliconLabs/SimplicityStudio/v4_2/developer/sdks/gecko_sdk_suite/v1.1//platform/radio/rail_lib/chip/efr32" -I"D:/SiliconLabs/SimplicityStudio/v4_2/developer/sdks/gecko_sdk_suite/v1.1//platform/emdrv/dmadrv/inc" -I"D:/SiliconLabs/SimplicityStudio/v4_2/developer/sdks/gecko_sdk_suite/v1.1//platform/emdrv/uartdrv/inc" -I"D:/SiliconLabs/SimplicityStudio/v4_2/developer/sdks/gecko_sdk_suite/v1.1//platform/radio/rail_lib/common" -I"D:\GoogleDriveCLT\GoogleDrive\WeatherCloud\Roadboard\Software\Road-Board-December-2016N8\BGM111\Studio_Work\soc-empty-UARTTst2" -I"D:/SiliconLabs/SimplicityStudio/v4_2/developer/sdks/gecko_sdk_suite/v1.1//platform/emdrv/spidrv/inc" -I"D:/SiliconLabs/SimplicityStudio/v4_2/developer/sdks/gecko_sdk_suite/v1.1//protocol/bluetooth_2.4/ble_stack/inc/soc" -I"D:/SiliconLabs/SimplicityStudio/v4_2/developer/sdks/gecko_sdk_suite/v1.1//platform/emdrv/gpiointerrupt/inc" -I"D:/SiliconLabs/SimplicityStudio/v4_2/developer/sdks/gecko_sdk_suite/v1.1//platform/emdrv/rtcdrv/inc" -I"D:/SiliconLabs/SimplicityStudio/v4_2/developer/sdks/gecko_sdk_suite/v1.1//platform/emdrv/spidrv/config" -I"D:\GoogleDriveCLT\GoogleDrive\WeatherCloud\Roadboard\Software\Road-Board-December-2016N8\BGM111\Studio_Work\soc-empty-UARTTst2\src" -I"D:/SiliconLabs/SimplicityStudio/v4_2/developer/sdks/gecko_sdk_suite/v1.1//platform/emdrv/rtcdrv/config" -I"D:/SiliconLabs/SimplicityStudio/v4_2/developer/sdks/gecko_sdk_suite/v1.1//platform/emdrv/ustimer/inc" -I"D:/SiliconLabs/SimplicityStudio/v4_2/developer/sdks/gecko_sdk_suite/v1.1//platform/radio/rail_lib/chip/efr32/rf/common/cortex" -I"D:/SiliconLabs/SimplicityStudio/v4_2/developer/sdks/gecko_sdk_suite/v1.1//platform/emdrv/ustimer/config" -I"D:/SiliconLabs/SimplicityStudio/v4_2/developer/sdks/gecko_sdk_suite/v1.1//platform/emdrv/dmadrv/config" -I"D:/SiliconLabs/SimplicityStudio/v4_2/developer/sdks/gecko_sdk_suite/v1.1//platform/emdrv/tempdrv/config" -I"D:/SiliconLabs/SimplicityStudio/v4_2/developer/sdks/gecko_sdk_suite/v1.1//platform/emdrv/uartdrv/config" -I"D:/SiliconLabs/SimplicityStudio/v4_2/developer/sdks/gecko_sdk_suite/v1.1//platform/emdrv/tempdrv/inc" -I"D:/SiliconLabs/SimplicityStudio/v4_2/developer/sdks/gecko_sdk_suite/v1.1//platform/emdrv/nvm/config" -I"D:/SiliconLabs/SimplicityStudio/v4_2/developer/sdks/gecko_sdk_suite/v1.1//platform/emlib/inc" -I"D:\GoogleDriveCLT\GoogleDrive\WeatherCloud\Roadboard\Software\Road-Board-December-2016N8\BGM111\Studio_Work\soc-empty-UARTTst2\inc" -I"D:/SiliconLabs/SimplicityStudio/v4_2/developer/sdks/gecko_sdk_suite/v1.1//platform/emdrv/sleep/inc" -I"D:/SiliconLabs/SimplicityStudio/v4_2/developer/sdks/gecko_sdk_suite/v1.1//hardware/kit/EFR32BG1_BRD4302A/config" -I"D:/SiliconLabs/SimplicityStudio/v4_2/developer/sdks/gecko_sdk_suite/v1.1//platform/emdrv/nvm/inc" -I"D:/SiliconLabs/SimplicityStudio/v4_2/developer/sdks/gecko_sdk_suite/v1.1//protocol/bluetooth_2.4/ble_stack/inc/common" -I"D:/SiliconLabs/SimplicityStudio/v4_2/developer/sdks/gecko_sdk_suite/v1.1//platform/bootloader/api" -I"D:/SiliconLabs/SimplicityStudio/v4_2/developer/sdks/gecko_sdk_suite/v1.1//platform/emdrv/common/inc" -O0 -fno-short-enums -Wall -c -fmessage-length=0 -ffunction-sections -fdata-sections -mfpu=fpv4-sp-d16 -mfloat-abi=hard -MMD -MP -MF"emlib/em_gpio.d" -MT"emlib/em_gpio.o" -o "emlib/em_gpio.o" "D:/SiliconLabs/SimplicityStudio/v4_2/developer/sdks/gecko_sdk_suite/v1.1/platform/emlib/src/em_gpio.c"
Finished building: D:/SiliconLabs/SimplicityStudio/v4_2/developer/sdks/gecko_sdk_suite/v1.1/platform/emlib/src/em_cryotimer.c
 
Finished building: D:/SiliconLabs/SimplicityStudio/v4_2/developer/sdks/gecko_sdk_suite/v1.1/platform/emlib/src/em_gpio.c
Building file: D:/SiliconLabs/SimplicityStudio/v4_2/developer/sdks/gecko_sdk_suite/v1.1/platform/emlib/src/em_i2c.c
 
Invoking: GNU ARM C Compiler
arm-none-eabi-gcc -g3 -gdwarf-2 -mcpu=cortex-m4 -mthumb -std=c99 '-D__NO_SYSTEM_INIT=1\n' '-DEFR32BG1B232F256GM48=1' '-DSILABS_AF_USE_HWCONF=1' -I"D:/SiliconLabs/SimplicityStudio/v4_2/developer/sdks/gecko_sdk_suite/v1.1//hardware/kit/common/bsp" -I"D:/SiliconLabs/SimplicityStudio/v4_2/developer/sdks/gecko_sdk_suite/v1.1//platform/Device/SiliconLabs/EFR32BG1B/Include" -I"D:/SiliconLabs/SimplicityStudio/v4_2/developer/sdks/gecko_sdk_suite/v1.1//platform/CMSIS/Include" -I"D:/SiliconLabs/SimplicityStudio/v4_2/developer/sdks/gecko_sdk_suite/v1.1//hardware/kit/common/drivers" -I"D:/SiliconLabs/SimplicityStudio/v4_2/developer/sdks/gecko_sdk_suite/v1.1//platform/radio/rail_lib/chip/efr32" -I"D:/SiliconLabs/SimplicityStudio/v4_2/developer/sdks/gecko_sdk_suite/v1.1//platform/emdrv/dmadrv/inc" -I"D:/SiliconLabs/SimplicityStudio/v4_2/developer/sdks/gecko_sdk_suite/v1.1//platform/emdrv/uartdrv/inc" -I"D:/SiliconLabs/SimplicityStudio/v4_2/developer/sdks/gecko_sdk_suite/v1.1//platform/radio/rail_lib/common" -I"D:\GoogleDriveCLT\GoogleDrive\WeatherCloud\Roadboard\Software\Road-Board-December-2016N8\BGM111\Studio_Work\soc-empty-UARTTst2" -I"D:/SiliconLabs/SimplicityStudio/v4_2/developer/sdks/gecko_sdk_suite/v1.1//platform/emdrv/spidrv/inc" -I"D:/SiliconLabs/SimplicityStudio/v4_2/developer/sdks/gecko_sdk_suite/v1.1//protocol/bluetooth_2.4/ble_stack/inc/soc" -I"D:/SiliconLabs/SimplicityStudio/v4_2/developer/sdks/gecko_sdk_suite/v1.1//platform/emdrv/gpiointerrupt/inc" -I"D:/SiliconLabs/SimplicityStudio/v4_2/developer/sdks/gecko_sdk_suite/v1.1//platform/emdrv/rtcdrv/inc" -I"D:/SiliconLabs/SimplicityStudio/v4_2/developer/sdks/gecko_sdk_suite/v1.1//platform/emdrv/spidrv/config" -I"D:\GoogleDriveCLT\GoogleDrive\WeatherCloud\Roadboard\Software\Road-Board-December-2016N8\BGM111\Studio_Work\soc-empty-UARTTst2\src" -I"D:/SiliconLabs/SimplicityStudio/v4_2/developer/sdks/gecko_sdk_suite/v1.1//platform/emdrv/rtcdrv/config" -I"D:/SiliconLabs/SimplicityStudio/v4_2/developer/sdks/gecko_sdk_suite/v1.1//platform/emdrv/ustimer/inc" -I"D:/SiliconLabs/SimplicityStudio/v4_2/developer/sdks/gecko_sdk_suite/v1.1//platform/radio/rail_lib/chip/efr32/rf/common/cortex" -I"D:/SiliconLabs/SimplicityStudio/v4_2/developer/sdks/gecko_sdk_suite/v1.1//platform/emdrv/ustimer/config" -I"D:/SiliconLabs/SimplicityStudio/v4_2/developer/sdks/gecko_sdk_suite/v1.1//platform/emdrv/dmadrv/config" -I"D:/SiliconLabs/SimplicityStudio/v4_2/developer/sdks/gecko_sdk_suite/v1.1//platform/emdrv/tempdrv/config" -I"D:/SiliconLabs/SimplicityStudio/v4_2/developer/sdks/gecko_sdk_suite/v1.1//platform/emdrv/uartdrv/config" -I"D:/SiliconLabs/SimplicityStudio/v4_2/developer/sdks/gecko_sdk_suite/v1.1//platform/emdrv/tempdrv/inc" -I"D:/SiliconLabs/SimplicityStudio/v4_2/developer/sdks/gecko_sdk_suite/v1.1//platform/emdrv/nvm/config" -I"D:/SiliconLabs/SimplicityStudio/v4_2/developer/sdks/gecko_sdk_suite/v1.1//platform/emlib/inc" -I"D:\GoogleDriveCLT\GoogleDrive\WeatherCloud\Roadboard\Software\Road-Board-December-2016N8\BGM111\Studio_Work\soc-empty-UARTTst2\inc" -I"D:/SiliconLabs/SimplicityStudio/v4_2/developer/sdks/gecko_sdk_suite/v1.1//platform/emdrv/sleep/inc" -I"D:/SiliconLabs/SimplicityStudio/v4_2/developer/sdks/gecko_sdk_suite/v1.1//hardware/kit/EFR32BG1_BRD4302A/config" -I"D:/SiliconLabs/SimplicityStudio/v4_2/developer/sdks/gecko_sdk_suite/v1.1//platform/emdrv/nvm/inc" -I"D:/SiliconLabs/SimplicityStudio/v4_2/developer/sdks/gecko_sdk_suite/v1.1//protocol/bluetooth_2.4/ble_stack/inc/common" -I"D:/SiliconLabs/SimplicityStudio/v4_2/developer/sdks/gecko_sdk_suite/v1.1//platform/bootloader/api" -I"D:/SiliconLabs/SimplicityStudio/v4_2/developer/sdks/gecko_sdk_suite/v1.1//platform/emdrv/common/inc" -O0 -fno-short-enums -Wall -c -fmessage-length=0 -ffunction-sections -fdata-sections -mfpu=fpv4-sp-d16 -mfloat-abi=hard -MMD -MP -MF"emlib/em_i2c.d" -MT"emlib/em_i2c.o" -o "emlib/em_i2c.o" "D:/SiliconLabs/SimplicityStudio/v4_2/developer/sdks/gecko_sdk_suite/v1.1/platform/emlib/src/em_i2c.c"
Building file: D:/SiliconLabs/SimplicityStudio/v4_2/developer/sdks/gecko_sdk_suite/v1.1/platform/emlib/src/em_msc.c
Finished building: ../src/InitDevice.c
Invoking: GNU ARM C Compiler
arm-none-eabi-gcc -g3 -gdwarf-2 -mcpu=cortex-m4 -mthumb -std=c99 '-D__NO_SYSTEM_INIT=1\n' '-DEFR32BG1B232F256GM48=1' '-DSILABS_AF_USE_HWCONF=1' -I"D:/SiliconLabs/SimplicityStudio/v4_2/developer/sdks/gecko_sdk_suite/v1.1//hardware/kit/common/bsp" -I"D:/SiliconLabs/SimplicityStudio/v4_2/developer/sdks/gecko_sdk_suite/v1.1//platform/Device/SiliconLabs/EFR32BG1B/Include" -I"D:/SiliconLabs/SimplicityStudio/v4_2/developer/sdks/gecko_sdk_suite/v1.1//platform/CMSIS/Include" -I"D:/SiliconLabs/SimplicityStudio/v4_2/developer/sdks/gecko_sdk_suite/v1.1//hardware/kit/common/drivers" -I"D:/SiliconLabs/SimplicityStudio/v4_2/developer/sdks/gecko_sdk_suite/v1.1//platform/radio/rail_lib/chip/efr32" -I"D:/SiliconLabs/SimplicityStudio/v4_2/developer/sdks/gecko_sdk_suite/v1.1//platform/emdrv/dmadrv/inc" -I"D:/SiliconLabs/SimplicityStudio/v4_2/developer/sdks/gecko_sdk_suite/v1.1//platform/emdrv/uartdrv/inc" -I"D:/SiliconLabs/SimplicityStudio/v4_2/developer/sdks/gecko_sdk_suite/v1.1//platform/radio/rail_lib/common" -I"D:\GoogleDriveCLT\GoogleDrive\WeatherCloud\Roadboard\Software\Road-Board-December-2016N8\BGM111\Studio_Work\soc-empty-UARTTst2" -I"D:/SiliconLabs/SimplicityStudio/v4_2/developer/sdks/gecko_sdk_suite/v1.1//platform/emdrv/spidrv/inc" -I"D:/SiliconLabs/SimplicityStudio/v4_2/developer/sdks/gecko_sdk_suite/v1.1//protocol/bluetooth_2.4/ble_stack/inc/soc" -I"D:/SiliconLabs/SimplicityStudio/v4_2/developer/sdks/gecko_sdk_suite/v1.1//platform/emdrv/gpiointerrupt/inc" -I"D:/SiliconLabs/SimplicityStudio/v4_2/developer/sdks/gecko_sdk_suite/v1.1//platform/emdrv/rtcdrv/inc" -I"D:/SiliconLabs/SimplicityStudio/v4_2/developer/sdks/gecko_sdk_suite/v1.1//platform/emdrv/spidrv/config" -I"D:\GoogleDriveCLT\GoogleDrive\WeatherCloud\Roadboard\Software\Road-Board-December-2016N8\BGM111\Studio_Work\soc-empty-UARTTst2\src" -I"D:/SiliconLabs/SimplicityStudio/v4_2/developer/sdks/gecko_sdk_suite/v1.1//platform/emdrv/rtcdrv/config" -I"D:/SiliconLabs/SimplicityStudio/v4_2/developer/sdks/gecko_sdk_suite/v1.1//platform/emdrv/ustimer/inc" -I"D:/SiliconLabs/SimplicityStudio/v4_2/developer/sdks/gecko_sdk_suite/v1.1//platform/radio/rail_lib/chip/efr32/rf/common/cortex" -I"D:/SiliconLabs/SimplicityStudio/v4_2/developer/sdks/gecko_sdk_suite/v1.1//platform/emdrv/ustimer/config" -I"D:/SiliconLabs/SimplicityStudio/v4_2/developer/sdks/gecko_sdk_suite/v1.1//platform/emdrv/dmadrv/config" -I"D:/SiliconLabs/SimplicityStudio/v4_2/developer/sdks/gecko_sdk_suite/v1.1//platform/emdrv/tempdrv/config" -I"D:/SiliconLabs/SimplicityStudio/v4_2/developer/sdks/gecko_sdk_suite/v1.1//platform/emdrv/uartdrv/config" -I"D:/SiliconLabs/SimplicityStudio/v4_2/developer/sdks/gecko_sdk_suite/v1.1//platform/emdrv/tempdrv/inc" -I"D:/SiliconLabs/SimplicityStudio/v4_2/developer/sdks/gecko_sdk_suite/v1.1//platform/emdrv/nvm/config" -I"D:/SiliconLabs/SimplicityStudio/v4_2/developer/sdks/gecko_sdk_suite/v1.1//platform/emlib/inc" -I"D:\GoogleDriveCLT\GoogleDrive\WeatherCloud\Roadboard\Software\Road-Board-December-2016N8\BGM111\Studio_Work\soc-empty-UARTTst2\inc" -I"D:/SiliconLabs/SimplicityStudio/v4_2/developer/sdks/gecko_sdk_suite/v1.1//platform/emdrv/sleep/inc" -I"D:/SiliconLabs/SimplicityStudio/v4_2/developer/sdks/gecko_sdk_suite/v1.1//hardware/kit/EFR32BG1_BRD4302A/config" -I"D:/SiliconLabs/SimplicityStudio/v4_2/developer/sdks/gecko_sdk_suite/v1.1//platform/emdrv/nvm/inc" -I"D:/SiliconLabs/SimplicityStudio/v4_2/developer/sdks/gecko_sdk_suite/v1.1//protocol/bluetooth_2.4/ble_stack/inc/common" -I"D:/SiliconLabs/SimplicityStudio/v4_2/developer/sdks/gecko_sdk_suite/v1.1//platform/bootloader/api" -I"D:/SiliconLabs/SimplicityStudio/v4_2/developer/sdks/gecko_sdk_suite/v1.1//platform/emdrv/common/inc" -O0 -fno-short-enums -Wall -c -fmessage-length=0 -ffunction-sections -fdata-sections -mfpu=fpv4-sp-d16 -mfloat-abi=hard -MMD -MP -MF"emlib/em_msc.d" -MT"emlib/em_msc.o" -o "emlib/em_msc.o" "D:/SiliconLabs/SimplicityStudio/v4_2/developer/sdks/gecko_sdk_suite/v1.1/platform/emlib/src/em_msc.c"
 
Finished building: D:/SiliconLabs/SimplicityStudio/v4_2/developer/sdks/gecko_sdk_suite/v1.1/platform/emlib/src/em_cmu.c
Building file: D:/SiliconLabs/SimplicityStudio/v4_2/developer/sdks/gecko_sdk_suite/v1.1/platform/emlib/src/em_rtcc.c
Invoking: GNU ARM C Compiler
 
arm-none-eabi-gcc -g3 -gdwarf-2 -mcpu=cortex-m4 -mthumb -std=c99 '-D__NO_SYSTEM_INIT=1\n' '-DEFR32BG1B232F256GM48=1' '-DSILABS_AF_USE_HWCONF=1' -I"D:/SiliconLabs/SimplicityStudio/v4_2/developer/sdks/gecko_sdk_suite/v1.1//hardware/kit/common/bsp" -I"D:/SiliconLabs/SimplicityStudio/v4_2/developer/sdks/gecko_sdk_suite/v1.1//platform/Device/SiliconLabs/EFR32BG1B/Include" -I"D:/SiliconLabs/SimplicityStudio/v4_2/developer/sdks/gecko_sdk_suite/v1.1//platform/CMSIS/Include" -I"D:/SiliconLabs/SimplicityStudio/v4_2/developer/sdks/gecko_sdk_suite/v1.1//hardware/kit/common/drivers" -I"D:/SiliconLabs/SimplicityStudio/v4_2/developer/sdks/gecko_sdk_suite/v1.1//platform/radio/rail_lib/chip/efr32" -I"D:/SiliconLabs/SimplicityStudio/v4_2/developer/sdks/gecko_sdk_suite/v1.1//platform/emdrv/dmadrv/inc" -I"D:/SiliconLabs/SimplicityStudio/v4_2/developer/sdks/gecko_sdk_suite/v1.1//platform/emdrv/uartdrv/inc" -I"D:/SiliconLabs/SimplicityStudio/v4_2/developer/sdks/gecko_sdk_suite/v1.1//platform/radio/rail_lib/common" -I"D:\GoogleDriveCLT\GoogleDrive\WeatherCloud\Roadboard\Software\Road-Board-December-2016N8\BGM111\Studio_Work\soc-empty-UARTTst2" -I"D:/SiliconLabs/SimplicityStudio/v4_2/developer/sdks/gecko_sdk_suite/v1.1//platform/emdrv/spidrv/inc" -I"D:/SiliconLabs/SimplicityStudio/v4_2/developer/sdks/gecko_sdk_suite/v1.1//protocol/bluetooth_2.4/ble_stack/inc/soc" -I"D:/SiliconLabs/SimplicityStudio/v4_2/developer/sdks/gecko_sdk_suite/v1.1//platform/emdrv/gpiointerrupt/inc" -I"D:/SiliconLabs/SimplicityStudio/v4_2/developer/sdks/gecko_sdk_suite/v1.1//platform/emdrv/rtcdrv/inc" -I"D:/SiliconLabs/SimplicityStudio/v4_2/developer/sdks/gecko_sdk_suite/v1.1//platform/emdrv/spidrv/config" -I"D:\GoogleDriveCLT\GoogleDrive\WeatherCloud\Roadboard\Software\Road-Board-December-2016N8\BGM111\Studio_Work\soc-empty-UARTTst2\src" -I"D:/SiliconLabs/SimplicityStudio/v4_2/developer/sdks/gecko_sdk_suite/v1.1//platform/emdrv/rtcdrv/config" -I"D:/SiliconLabs/SimplicityStudio/v4_2/developer/sdks/gecko_sdk_suite/v1.1//platform/emdrv/ustimer/inc" -I"D:/SiliconLabs/SimplicityStudio/v4_2/developer/sdks/gecko_sdk_suite/v1.1//platform/radio/rail_lib/chip/efr32/rf/common/cortex" -I"D:/SiliconLabs/SimplicityStudio/v4_2/developer/sdks/gecko_sdk_suite/v1.1//platform/emdrv/ustimer/config" -I"D:/SiliconLabs/SimplicityStudio/v4_2/developer/sdks/gecko_sdk_suite/v1.1//platform/emdrv/dmadrv/config" -I"D:/SiliconLabs/SimplicityStudio/v4_2/developer/sdks/gecko_sdk_suite/v1.1//platform/emdrv/tempdrv/config" -I"D:/SiliconLabs/SimplicityStudio/v4_2/developer/sdks/gecko_sdk_suite/v1.1//platform/emdrv/uartdrv/config" -I"D:/SiliconLabs/SimplicityStudio/v4_2/developer/sdks/gecko_sdk_suite/v1.1//platform/emdrv/tempdrv/inc" -I"D:/SiliconLabs/SimplicityStudio/v4_2/developer/sdks/gecko_sdk_suite/v1.1//platform/emdrv/nvm/config" -I"D:/SiliconLabs/SimplicityStudio/v4_2/developer/sdks/gecko_sdk_suite/v1.1//platform/emlib/inc" -I"D:\GoogleDriveCLT\GoogleDrive\WeatherCloud\Roadboard\Software\Road-Board-December-2016N8\BGM111\Studio_Work\soc-empty-UARTTst2\inc" -I"D:/SiliconLabs/SimplicityStudio/v4_2/developer/sdks/gecko_sdk_suite/v1.1//platform/emdrv/sleep/inc" -I"D:/SiliconLabs/SimplicityStudio/v4_2/developer/sdks/gecko_sdk_suite/v1.1//hardware/kit/EFR32BG1_BRD4302A/config" -I"D:/SiliconLabs/SimplicityStudio/v4_2/developer/sdks/gecko_sdk_suite/v1.1//platform/emdrv/nvm/inc" -I"D:/SiliconLabs/SimplicityStudio/v4_2/developer/sdks/gecko_sdk_suite/v1.1//protocol/bluetooth_2.4/ble_stack/inc/common" -I"D:/SiliconLabs/SimplicityStudio/v4_2/developer/sdks/gecko_sdk_suite/v1.1//platform/bootloader/api" -I"D:/SiliconLabs/SimplicityStudio/v4_2/developer/sdks/gecko_sdk_suite/v1.1//platform/emdrv/common/inc" -O0 -fno-short-enums -Wall -c -fmessage-length=0 -ffunction-sections -fdata-sections -mfpu=fpv4-sp-d16 -mfloat-abi=hard -MMD -MP -MF"emlib/em_rtcc.d" -MT"emlib/em_rtcc.o" -o "emlib/em_rtcc.o" "D:/SiliconLabs/SimplicityStudio/v4_2/developer/sdks/gecko_sdk_suite/v1.1/platform/emlib/src/em_rtcc.c"
Building file: D:/SiliconLabs/SimplicityStudio/v4_2/developer/sdks/gecko_sdk_suite/v1.1/platform/emlib/src/em_system.c
Invoking: GNU ARM C Compiler
arm-none-eabi-gcc -g3 -gdwarf-2 -mcpu=cortex-m4 -mthumb -std=c99 '-D__NO_SYSTEM_INIT=1\n' '-DEFR32BG1B232F256GM48=1' '-DSILABS_AF_USE_HWCONF=1' -I"D:/SiliconLabs/SimplicityStudio/v4_2/developer/sdks/gecko_sdk_suite/v1.1//hardware/kit/common/bsp" -I"D:/SiliconLabs/SimplicityStudio/v4_2/developer/sdks/gecko_sdk_suite/v1.1//platform/Device/SiliconLabs/EFR32BG1B/Include" -I"D:/SiliconLabs/SimplicityStudio/v4_2/developer/sdks/gecko_sdk_suite/v1.1//platform/CMSIS/Include" -I"D:/SiliconLabs/SimplicityStudio/v4_2/developer/sdks/gecko_sdk_suite/v1.1//hardware/kit/common/drivers" -I"D:/SiliconLabs/SimplicityStudio/v4_2/developer/sdks/gecko_sdk_suite/v1.1//platform/radio/rail_lib/chip/efr32" -I"D:/SiliconLabs/SimplicityStudio/v4_2/developer/sdks/gecko_sdk_suite/v1.1//platform/emdrv/dmadrv/inc" -I"D:/SiliconLabs/SimplicityStudio/v4_2/developer/sdks/gecko_sdk_suite/v1.1//platform/emdrv/uartdrv/inc" -I"D:/SiliconLabs/SimplicityStudio/v4_2/developer/sdks/gecko_sdk_suite/v1.1//platform/radio/rail_lib/common" -I"D:\GoogleDriveCLT\GoogleDrive\WeatherCloud\Roadboard\Software\Road-Board-December-2016N8\BGM111\Studio_Work\soc-empty-UARTTst2" -I"D:/SiliconLabs/SimplicityStudio/v4_2/developer/sdks/gecko_sdk_suite/v1.1//platform/emdrv/spidrv/inc" -I"D:/SiliconLabs/SimplicityStudio/v4_2/developer/sdks/gecko_sdk_suite/v1.1//protocol/bluetooth_2.4/ble_stack/inc/soc" -I"D:/SiliconLabs/SimplicityStudio/v4_2/developer/sdks/gecko_sdk_suite/v1.1//platform/emdrv/gpiointerrupt/inc" -I"D:/SiliconLabs/SimplicityStudio/v4_2/developer/sdks/gecko_sdk_suite/v1.1//platform/emdrv/rtcdrv/inc" -I"D:/SiliconLabs/SimplicityStudio/v4_2/developer/sdks/gecko_sdk_suite/v1.1//platform/emdrv/spidrv/config" -I"D:\GoogleDriveCLT\GoogleDrive\WeatherCloud\Roadboard\Software\Road-Board-December-2016N8\BGM111\Studio_Work\soc-empty-UARTTst2\src" -I"D:/SiliconLabs/SimplicityStudio/v4_2/developer/sdks/gecko_sdk_suite/v1.1//platform/emdrv/rtcdrv/config" -I"D:/SiliconLabs/SimplicityStudio/v4_2/developer/sdks/gecko_sdk_suite/v1.1//platform/emdrv/ustimer/inc" -I"D:/SiliconLabs/SimplicityStudio/v4_2/developer/sdks/gecko_sdk_suite/v1.1//platform/radio/rail_lib/chip/efr32/rf/common/cortex" -I"D:/SiliconLabs/SimplicityStudio/v4_2/developer/sdks/gecko_sdk_suite/v1.1//platform/emdrv/ustimer/config" -I"D:/SiliconLabs/SimplicityStudio/v4_2/developer/sdks/gecko_sdk_suite/v1.1//platform/emdrv/dmadrv/config" -I"D:/SiliconLabs/SimplicityStudio/v4_2/developer/sdks/gecko_sdk_suite/v1.1//platform/emdrv/tempdrv/config" -I"D:/SiliconLabs/SimplicityStudio/v4_2/developer/sdks/gecko_sdk_suite/v1.1//platform/emdrv/uartdrv/config" -I"D:/SiliconLabs/SimplicityStudio/v4_2/developer/sdks/gecko_sdk_suite/v1.1//platform/emdrv/tempdrv/inc" -I"D:/SiliconLabs/SimplicityStudio/v4_2/developer/sdks/gecko_sdk_suite/v1.1//platform/emdrv/nvm/config" -I"D:/SiliconLabs/SimplicityStudio/v4_2/developer/sdks/gecko_sdk_suite/v1.1//platform/emlib/inc" -I"D:\GoogleDriveCLT\GoogleDrive\WeatherCloud\Roadboard\Software\Road-Board-December-2016N8\BGM111\Studio_Work\soc-empty-UARTTst2\inc" -I"D:/SiliconLabs/SimplicityStudio/v4_2/developer/sdks/gecko_sdk_suite/v1.1//platform/emdrv/sleep/inc" -I"D:/SiliconLabs/SimplicityStudio/v4_2/developer/sdks/gecko_sdk_suite/v1.1//hardware/kit/EFR32BG1_BRD4302A/config" -I"D:/SiliconLabs/SimplicityStudio/v4_2/developer/sdks/gecko_sdk_suite/v1.1//platform/emdrv/nvm/inc" -I"D:/SiliconLabs/SimplicityStudio/v4_2/developer/sdks/gecko_sdk_suite/v1.1//protocol/bluetooth_2.4/ble_stack/inc/common" -I"D:/SiliconLabs/SimplicityStudio/v4_2/developer/sdks/gecko_sdk_suite/v1.1//platform/bootloader/api" -I"D:/SiliconLabs/SimplicityStudio/v4_2/developer/sdks/gecko_sdk_suite/v1.1//platform/emdrv/common/inc" -O0 -fno-short-enums -Wall -c -fmessage-length=0 -ffunction-sections -fdata-sections -mfpu=fpv4-sp-d16 -mfloat-abi=hard -MMD -MP -MF"emlib/em_system.d" -MT"emlib/em_system.o" -o "emlib/em_system.o" "D:/SiliconLabs/SimplicityStudio/v4_2/developer/sdks/gecko_sdk_suite/v1.1/platform/emlib/src/em_system.c"
Finished building: D:/SiliconLabs/SimplicityStudio/v4_2/developer/sdks/gecko_sdk_suite/v1.1/platform/emlib/src/em_i2c.c
Finished building: D:/SiliconLabs/SimplicityStudio/v4_2/developer/sdks/gecko_sdk_suite/v1.1/platform/emlib/src/em_msc.c
 
 
Building file: D:/SiliconLabs/SimplicityStudio/v4_2/developer/sdks/gecko_sdk_suite/v1.1/platform/emlib/src/em_timer.c
Finished building: D:/SiliconLabs/SimplicityStudio/v4_2/developer/sdks/gecko_sdk_suite/v1.1/platform/emlib/src/em_rtcc.c
Building file: D:/SiliconLabs/SimplicityStudio/v4_2/developer/sdks/gecko_sdk_suite/v1.1/platform/emlib/src/em_usart.c
Invoking: GNU ARM C Compiler
arm-none-eabi-gcc -g3 -gdwarf-2 -mcpu=cortex-m4 -mthumb -std=c99 '-D__NO_SYSTEM_INIT=1\n' '-DEFR32BG1B232F256GM48=1' '-DSILABS_AF_USE_HWCONF=1' -I"D:/SiliconLabs/SimplicityStudio/v4_2/developer/sdks/gecko_sdk_suite/v1.1//hardware/kit/common/bsp" -I"D:/SiliconLabs/SimplicityStudio/v4_2/developer/sdks/gecko_sdk_suite/v1.1//platform/Device/SiliconLabs/EFR32BG1B/Include" -I"D:/SiliconLabs/SimplicityStudio/v4_2/developer/sdks/gecko_sdk_suite/v1.1//platform/CMSIS/Include" -I"D:/SiliconLabs/SimplicityStudio/v4_2/developer/sdks/gecko_sdk_suite/v1.1//hardware/kit/common/drivers" -I"D:/SiliconLabs/SimplicityStudio/v4_2/developer/sdks/gecko_sdk_suite/v1.1//platform/radio/rail_lib/chip/efr32" -I"D:/SiliconLabs/SimplicityStudio/v4_2/developer/sdks/gecko_sdk_suite/v1.1//platform/emdrv/dmadrv/inc" -I"D:/SiliconLabs/SimplicityStudio/v4_2/developer/sdks/gecko_sdk_suite/v1.1//platform/emdrv/uartdrv/inc" -I"D:/SiliconLabs/SimplicityStudio/v4_2/developer/sdks/gecko_sdk_suite/v1.1//platform/radio/rail_lib/common" -I"D:\GoogleDriveCLT\GoogleDrive\WeatherCloud\Roadboard\Software\Road-Board-December-2016N8\BGM111\Studio_Work\soc-empty-UARTTst2" -I"D:/SiliconLabs/SimplicityStudio/v4_2/developer/sdks/gecko_sdk_suite/v1.1//platform/emdrv/spidrv/inc" -I"D:/SiliconLabs/SimplicityStudio/v4_2/developer/sdks/gecko_sdk_suite/v1.1//protocol/bluetooth_2.4/ble_stack/inc/soc" -I"D:/SiliconLabs/SimplicityStudio/v4_2/developer/sdks/gecko_sdk_suite/v1.1//platform/emdrv/gpiointerrupt/inc" -I"D:/SiliconLabs/SimplicityStudio/v4_2/developer/sdks/gecko_sdk_suite/v1.1//platform/emdrv/rtcdrv/inc" -I"D:/SiliconLabs/SimplicityStudio/v4_2/developer/sdks/gecko_sdk_suite/v1.1//platform/emdrv/spidrv/config" -I"D:\GoogleDriveCLT\GoogleDrive\WeatherCloud\Roadboard\Software\Road-Board-December-2016N8\BGM111\Studio_Work\soc-empty-UARTTst2\src" -I"D:/SiliconLabs/SimplicityStudio/v4_2/developer/sdks/gecko_sdk_suite/v1.1//platform/emdrv/rtcdrv/config" -I"D:/SiliconLabs/SimplicityStudio/v4_2/developer/sdks/gecko_sdk_suite/v1.1//platform/emdrv/ustimer/inc" -I"D:/SiliconLabs/SimplicityStudio/v4_2/developer/sdks/gecko_sdk_suite/v1.1//platform/radio/rail_lib/chip/efr32/rf/common/cortex" -I"D:/SiliconLabs/SimplicityStudio/v4_2/developer/sdks/gecko_sdk_suite/v1.1//platform/emdrv/ustimer/config" -I"D:/SiliconLabs/SimplicityStudio/v4_2/developer/sdks/gecko_sdk_suite/v1.1//platform/emdrv/dmadrv/config" -I"D:/SiliconLabs/SimplicityStudio/v4_2/developer/sdks/gecko_sdk_suite/v1.1//platform/emdrv/tempdrv/config" -I"D:/SiliconLabs/SimplicityStudio/v4_2/developer/sdks/gecko_sdk_suite/v1.1//platform/emdrv/uartdrv/config" -I"D:/SiliconLabs/SimplicityStudio/v4_2/developer/sdks/gecko_sdk_suite/v1.1//platform/emdrv/tempdrv/inc" -I"D:/SiliconLabs/SimplicityStudio/v4_2/developer/sdks/gecko_sdk_suite/v1.1//platform/emdrv/nvm/config" -I"D:/SiliconLabs/SimplicityStudio/v4_2/developer/sdks/gecko_sdk_suite/v1.1//platform/emlib/inc" -I"D:\GoogleDriveCLT\GoogleDrive\WeatherCloud\Roadboard\Software\Road-Board-December-2016N8\BGM111\Studio_Work\soc-empty-UARTTst2\inc" -I"D:/SiliconLabs/SimplicityStudio/v4_2/developer/sdks/gecko_sdk_suite/v1.1//platform/emdrv/sleep/inc" -I"D:/SiliconLabs/SimplicityStudio/v4_2/developer/sdks/gecko_sdk_suite/v1.1//hardware/kit/EFR32BG1_BRD4302A/config" -I"D:/SiliconLabs/SimplicityStudio/v4_2/developer/sdks/gecko_sdk_suite/v1.1//platform/emdrv/nvm/inc" -I"D:/SiliconLabs/SimplicityStudio/v4_2/developer/sdks/gecko_sdk_suite/v1.1//protocol/bluetooth_2.4/ble_stack/inc/common" -I"D:/SiliconLabs/SimplicityStudio/v4_2/developer/sdks/gecko_sdk_suite/v1.1//platform/bootloader/api" -I"D:/SiliconLabs/SimplicityStudio/v4_2/developer/sdks/gecko_sdk_suite/v1.1//platform/emdrv/common/inc" -O0 -fno-short-enums -Wall -c -fmessage-length=0 -ffunction-sections -fdata-sections -mfpu=fpv4-sp-d16 -mfloat-abi=hard -MMD -MP -MF"emlib/em_timer.d" -MT"emlib/em_timer.o" -o "emlib/em_timer.o" "D:/SiliconLabs/SimplicityStudio/v4_2/developer/sdks/gecko_sdk_suite/v1.1/platform/emlib/src/em_timer.c"
 
Invoking: GNU ARM C Compiler
arm-none-eabi-gcc -g3 -gdwarf-2 -mcpu=cortex-m4 -mthumb -std=c99 '-D__NO_SYSTEM_INIT=1\n' '-DEFR32BG1B232F256GM48=1' '-DSILABS_AF_USE_HWCONF=1' -I"D:/SiliconLabs/SimplicityStudio/v4_2/developer/sdks/gecko_sdk_suite/v1.1//hardware/kit/common/bsp" -I"D:/SiliconLabs/SimplicityStudio/v4_2/developer/sdks/gecko_sdk_suite/v1.1//platform/Device/SiliconLabs/EFR32BG1B/Include" -I"D:/SiliconLabs/SimplicityStudio/v4_2/developer/sdks/gecko_sdk_suite/v1.1//platform/CMSIS/Include" -I"D:/SiliconLabs/SimplicityStudio/v4_2/developer/sdks/gecko_sdk_suite/v1.1//hardware/kit/common/drivers" -I"D:/SiliconLabs/SimplicityStudio/v4_2/developer/sdks/gecko_sdk_suite/v1.1//platform/radio/rail_lib/chip/efr32" -I"D:/SiliconLabs/SimplicityStudio/v4_2/developer/sdks/gecko_sdk_suite/v1.1//platform/emdrv/dmadrv/inc" -I"D:/SiliconLabs/SimplicityStudio/v4_2/developer/sdks/gecko_sdk_suite/v1.1//platform/emdrv/uartdrv/inc" -I"D:/SiliconLabs/SimplicityStudio/v4_2/developer/sdks/gecko_sdk_suite/v1.1//platform/radio/rail_lib/common" -I"D:\GoogleDriveCLT\GoogleDrive\WeatherCloud\Roadboard\Software\Road-Board-December-2016N8\BGM111\Studio_Work\soc-empty-UARTTst2" -I"D:/SiliconLabs/SimplicityStudio/v4_2/developer/sdks/gecko_sdk_suite/v1.1//platform/emdrv/spidrv/inc" -I"D:/SiliconLabs/SimplicityStudio/v4_2/developer/sdks/gecko_sdk_suite/v1.1//protocol/bluetooth_2.4/ble_stack/inc/soc" -I"D:/SiliconLabs/SimplicityStudio/v4_2/developer/sdks/gecko_sdk_suite/v1.1//platform/emdrv/gpiointerrupt/inc" -I"D:/SiliconLabs/SimplicityStudio/v4_2/developer/sdks/gecko_sdk_suite/v1.1//platform/emdrv/rtcdrv/inc" -I"D:/SiliconLabs/SimplicityStudio/v4_2/developer/sdks/gecko_sdk_suite/v1.1//platform/emdrv/spidrv/config" -I"D:\GoogleDriveCLT\GoogleDrive\WeatherCloud\Roadboard\Software\Road-Board-December-2016N8\BGM111\Studio_Work\soc-empty-UARTTst2\src" -I"D:/SiliconLabs/SimplicityStudio/v4_2/developer/sdks/gecko_sdk_suite/v1.1//platform/emdrv/rtcdrv/config" -I"D:/SiliconLabs/SimplicityStudio/v4_2/developer/sdks/gecko_sdk_suite/v1.1//platform/emdrv/ustimer/inc" -I"D:/SiliconLabs/SimplicityStudio/v4_2/developer/sdks/gecko_sdk_suite/v1.1//platform/radio/rail_lib/chip/efr32/rf/common/cortex" -I"D:/SiliconLabs/SimplicityStudio/v4_2/developer/sdks/gecko_sdk_suite/v1.1//platform/emdrv/ustimer/config" -I"D:/SiliconLabs/SimplicityStudio/v4_2/developer/sdks/gecko_sdk_suite/v1.1//platform/emdrv/dmadrv/config" -I"D:/SiliconLabs/SimplicityStudio/v4_2/developer/sdks/gecko_sdk_suite/v1.1//platform/emdrv/tempdrv/config" -I"D:/SiliconLabs/SimplicityStudio/v4_2/developer/sdks/gecko_sdk_suite/v1.1//platform/emdrv/uartdrv/config" -I"D:/SiliconLabs/SimplicityStudio/v4_2/developer/sdks/gecko_sdk_suite/v1.1//platform/emdrv/tempdrv/inc" -I"D:/SiliconLabs/SimplicityStudio/v4_2/developer/sdks/gecko_sdk_suite/v1.1//platform/emdrv/nvm/config" -I"D:/SiliconLabs/SimplicityStudio/v4_2/developer/sdks/gecko_sdk_suite/v1.1//platform/emlib/inc" -I"D:\GoogleDriveCLT\GoogleDrive\WeatherCloud\Roadboard\Software\Road-Board-December-2016N8\BGM111\Studio_Work\soc-empty-UARTTst2\inc" -I"D:/SiliconLabs/SimplicityStudio/v4_2/developer/sdks/gecko_sdk_suite/v1.1//platform/emdrv/sleep/inc" -I"D:/SiliconLabs/SimplicityStudio/v4_2/developer/sdks/gecko_sdk_suite/v1.1//hardware/kit/EFR32BG1_BRD4302A/config" -I"D:/SiliconLabs/SimplicityStudio/v4_2/developer/sdks/gecko_sdk_suite/v1.1//platform/emdrv/nvm/inc" -I"D:/SiliconLabs/SimplicityStudio/v4_2/developer/sdks/gecko_sdk_suite/v1.1//protocol/bluetooth_2.4/ble_stack/inc/common" -I"D:/SiliconLabs/SimplicityStudio/v4_2/developer/sdks/gecko_sdk_suite/v1.1//platform/bootloader/api" -I"D:/SiliconLabs/SimplicityStudio/v4_2/developer/sdks/gecko_sdk_suite/v1.1//platform/emdrv/common/inc" -O0 -fno-short-enums -Wall -c -fmessage-length=0 -ffunction-sections -fdata-sections -mfpu=fpv4-sp-d16 -mfloat-abi=hard -MMD -MP -MF"emlib/em_usart.d" -MT"emlib/em_usart.o" -o "emlib/em_usart.o" "D:/SiliconLabs/SimplicityStudio/v4_2/developer/sdks/gecko_sdk_suite/v1.1/platform/emlib/src/em_usart.c"
Building file: D:/SiliconLabs/SimplicityStudio/v4_2/developer/sdks/gecko_sdk_suite/v1.1/platform/Device/SiliconLabs/EFR32BG1B/Source/GCC/startup_efr32bg1b.c
Finished building: D:/SiliconLabs/SimplicityStudio/v4_2/developer/sdks/gecko_sdk_suite/v1.1/platform/emlib/src/em_system.c
Invoking: GNU ARM C Compiler
arm-none-eabi-gcc -g3 -gdwarf-2 -mcpu=cortex-m4 -mthumb -std=c99 '-D__NO_SYSTEM_INIT=1\n' '-DEFR32BG1B232F256GM48=1' '-DSILABS_AF_USE_HWCONF=1' -I"D:/SiliconLabs/SimplicityStudio/v4_2/developer/sdks/gecko_sdk_suite/v1.1//hardware/kit/common/bsp" -I"D:/SiliconLabs/SimplicityStudio/v4_2/developer/sdks/gecko_sdk_suite/v1.1//platform/Device/SiliconLabs/EFR32BG1B/Include" -I"D:/SiliconLabs/SimplicityStudio/v4_2/developer/sdks/gecko_sdk_suite/v1.1//platform/CMSIS/Include" -I"D:/SiliconLabs/SimplicityStudio/v4_2/developer/sdks/gecko_sdk_suite/v1.1//hardware/kit/common/drivers" -I"D:/SiliconLabs/SimplicityStudio/v4_2/developer/sdks/gecko_sdk_suite/v1.1//platform/radio/rail_lib/chip/efr32" -I"D:/SiliconLabs/SimplicityStudio/v4_2/developer/sdks/gecko_sdk_suite/v1.1//platform/emdrv/dmadrv/inc" -I"D:/SiliconLabs/SimplicityStudio/v4_2/developer/sdks/gecko_sdk_suite/v1.1//platform/emdrv/uartdrv/inc" -I"D:/SiliconLabs/SimplicityStudio/v4_2/developer/sdks/gecko_sdk_suite/v1.1//platform/radio/rail_lib/common" -I"D:\GoogleDriveCLT\GoogleDrive\WeatherCloud\Roadboard\Software\Road-Board-December-2016N8\BGM111\Studio_Work\soc-empty-UARTTst2" -I"D:/SiliconLabs/SimplicityStudio/v4_2/developer/sdks/gecko_sdk_suite/v1.1//platform/emdrv/spidrv/inc" -I"D:/SiliconLabs/SimplicityStudio/v4_2/developer/sdks/gecko_sdk_suite/v1.1//protocol/bluetooth_2.4/ble_stack/inc/soc" -I"D:/SiliconLabs/SimplicityStudio/v4_2/developer/sdks/gecko_sdk_suite/v1.1//platform/emdrv/gpiointerrupt/inc" -I"D:/SiliconLabs/SimplicityStudio/v4_2/developer/sdks/gecko_sdk_suite/v1.1//platform/emdrv/rtcdrv/inc" -I"D:/SiliconLabs/SimplicityStudio/v4_2/developer/sdks/gecko_sdk_suite/v1.1//platform/emdrv/spidrv/config" -I"D:\GoogleDriveCLT\GoogleDrive\WeatherCloud\Roadboard\Software\Road-Board-December-2016N8\BGM111\Studio_Work\soc-empty-UARTTst2\src" -I"D:/SiliconLabs/SimplicityStudio/v4_2/developer/sdks/gecko_sdk_suite/v1.1//platform/emdrv/rtcdrv/config" -I"D:/SiliconLabs/SimplicityStudio/v4_2/developer/sdks/gecko_sdk_suite/v1.1//platform/emdrv/ustimer/inc" -I"D:/SiliconLabs/SimplicityStudio/v4_2/developer/sdks/gecko_sdk_suite/v1.1//platform/radio/rail_lib/chip/efr32/rf/common/cortex" -I"D:/SiliconLabs/SimplicityStudio/v4_2/developer/sdks/gecko_sdk_suite/v1.1//platform/emdrv/ustimer/config" -I"D:/SiliconLabs/SimplicityStudio/v4_2/developer/sdks/gecko_sdk_suite/v1.1//platform/emdrv/dmadrv/config" -I"D:/SiliconLabs/SimplicityStudio/v4_2/developer/sdks/gecko_sdk_suite/v1.1//platform/emdrv/tempdrv/config" -I"D:/SiliconLabs/SimplicityStudio/v4_2/developer/sdks/gecko_sdk_suite/v1.1//platform/emdrv/uartdrv/config" -I"D:/SiliconLabs/SimplicityStudio/v4_2/developer/sdks/gecko_sdk_suite/v1.1//platform/emdrv/tempdrv/inc" -I"D:/SiliconLabs/SimplicityStudio/v4_2/developer/sdks/gecko_sdk_suite/v1.1//platform/emdrv/nvm/config" -I"D:/SiliconLabs/SimplicityStudio/v4_2/developer/sdks/gecko_sdk_suite/v1.1//platform/emlib/inc" -I"D:\GoogleDriveCLT\GoogleDrive\WeatherCloud\Roadboard\Software\Road-Board-December-2016N8\BGM111\Studio_Work\soc-empty-UARTTst2\inc" -I"D:/SiliconLabs/SimplicityStudio/v4_2/developer/sdks/gecko_sdk_suite/v1.1//platform/emdrv/sleep/inc" -I"D:/SiliconLabs/SimplicityStudio/v4_2/developer/sdks/gecko_sdk_suite/v1.1//hardware/kit/EFR32BG1_BRD4302A/config" -I"D:/SiliconLabs/SimplicityStudio/v4_2/developer/sdks/gecko_sdk_suite/v1.1//platform/emdrv/nvm/inc" -I"D:/SiliconLabs/SimplicityStudio/v4_2/developer/sdks/gecko_sdk_suite/v1.1//protocol/bluetooth_2.4/ble_stack/inc/common" -I"D:/SiliconLabs/SimplicityStudio/v4_2/developer/sdks/gecko_sdk_suite/v1.1//platform/bootloader/api" -I"D:/SiliconLabs/SimplicityStudio/v4_2/developer/sdks/gecko_sdk_suite/v1.1//platform/emdrv/common/inc" -O0 -fno-short-enums -Wall -c -fmessage-length=0 -ffunction-sections -fdata-sections -mfpu=fpv4-sp-d16 -mfloat-abi=hard -MMD -MP -MF"device/EFR32_B_1_1_B/gcc/startup_efr32bg1b.d" -MT"device/EFR32_B_1_1_B/gcc/startup_efr32bg1b.o" -o "device/EFR32_B_1_1_B/gcc/startup_efr32bg1b.o" "D:/SiliconLabs/SimplicityStudio/v4_2/developer/sdks/gecko_sdk_suite/v1.1/platform/Device/SiliconLabs/EFR32BG1B/Source/GCC/startup_efr32bg1b.c"
 
Building file: D:/SiliconLabs/SimplicityStudio/v4_2/developer/sdks/gecko_sdk_suite/v1.1/platform/emdrv/dmadrv/src/dmadrv.c
Invoking: GNU ARM C Compiler
arm-none-eabi-gcc -g3 -gdwarf-2 -mcpu=cortex-m4 -mthumb -std=c99 '-D__NO_SYSTEM_INIT=1\n' '-DEFR32BG1B232F256GM48=1' '-DSILABS_AF_USE_HWCONF=1' -I"D:/SiliconLabs/SimplicityStudio/v4_2/developer/sdks/gecko_sdk_suite/v1.1//hardware/kit/common/bsp" -I"D:/SiliconLabs/SimplicityStudio/v4_2/developer/sdks/gecko_sdk_suite/v1.1//platform/Device/SiliconLabs/EFR32BG1B/Include" -I"D:/SiliconLabs/SimplicityStudio/v4_2/developer/sdks/gecko_sdk_suite/v1.1//platform/CMSIS/Include" -I"D:/SiliconLabs/SimplicityStudio/v4_2/developer/sdks/gecko_sdk_suite/v1.1//hardware/kit/common/drivers" -I"D:/SiliconLabs/SimplicityStudio/v4_2/developer/sdks/gecko_sdk_suite/v1.1//platform/radio/rail_lib/chip/efr32" -I"D:/SiliconLabs/SimplicityStudio/v4_2/developer/sdks/gecko_sdk_suite/v1.1//platform/emdrv/dmadrv/inc" -I"D:/SiliconLabs/SimplicityStudio/v4_2/developer/sdks/gecko_sdk_suite/v1.1//platform/emdrv/uartdrv/inc" -I"D:/SiliconLabs/SimplicityStudio/v4_2/developer/sdks/gecko_sdk_suite/v1.1//platform/radio/rail_lib/common" -I"D:\GoogleDriveCLT\GoogleDrive\WeatherCloud\Roadboard\Software\Road-Board-December-2016N8\BGM111\Studio_Work\soc-empty-UARTTst2" -I"D:/SiliconLabs/SimplicityStudio/v4_2/developer/sdks/gecko_sdk_suite/v1.1//platform/emdrv/spidrv/inc" -I"D:/SiliconLabs/SimplicityStudio/v4_2/developer/sdks/gecko_sdk_suite/v1.1//protocol/bluetooth_2.4/ble_stack/inc/soc" -I"D:/SiliconLabs/SimplicityStudio/v4_2/developer/sdks/gecko_sdk_suite/v1.1//platform/emdrv/gpiointerrupt/inc" -I"D:/SiliconLabs/SimplicityStudio/v4_2/developer/sdks/gecko_sdk_suite/v1.1//platform/emdrv/rtcdrv/inc" -I"D:/SiliconLabs/SimplicityStudio/v4_2/developer/sdks/gecko_sdk_suite/v1.1//platform/emdrv/spidrv/config" -I"D:\GoogleDriveCLT\GoogleDrive\WeatherCloud\Roadboard\Software\Road-Board-December-2016N8\BGM111\Studio_Work\soc-empty-UARTTst2\src" -I"D:/SiliconLabs/SimplicityStudio/v4_2/developer/sdks/gecko_sdk_suite/v1.1//platform/emdrv/rtcdrv/config" -I"D:/SiliconLabs/SimplicityStudio/v4_2/developer/sdks/gecko_sdk_suite/v1.1//platform/emdrv/ustimer/inc" -I"D:/SiliconLabs/SimplicityStudio/v4_2/developer/sdks/gecko_sdk_suite/v1.1//platform/radio/rail_lib/chip/efr32/rf/common/cortex" -I"D:/SiliconLabs/SimplicityStudio/v4_2/developer/sdks/gecko_sdk_suite/v1.1//platform/emdrv/ustimer/config" -I"D:/SiliconLabs/SimplicityStudio/v4_2/developer/sdks/gecko_sdk_suite/v1.1//platform/emdrv/dmadrv/config" -I"D:/SiliconLabs/SimplicityStudio/v4_2/developer/sdks/gecko_sdk_suite/v1.1//platform/emdrv/tempdrv/config" -I"D:/SiliconLabs/SimplicityStudio/v4_2/developer/sdks/gecko_sdk_suite/v1.1//platform/emdrv/uartdrv/config" -I"D:/SiliconLabs/SimplicityStudio/v4_2/developer/sdks/gecko_sdk_suite/v1.1//platform/emdrv/tempdrv/inc" -I"D:/SiliconLabs/SimplicityStudio/v4_2/developer/sdks/gecko_sdk_suite/v1.1//platform/emdrv/nvm/config" -I"D:/SiliconLabs/SimplicityStudio/v4_2/developer/sdks/gecko_sdk_suite/v1.1//platform/emlib/inc" -I"D:\GoogleDriveCLT\GoogleDrive\WeatherCloud\Roadboard\Software\Road-Board-December-2016N8\BGM111\Studio_Work\soc-empty-UARTTst2\inc" -I"D:/SiliconLabs/SimplicityStudio/v4_2/developer/sdks/gecko_sdk_suite/v1.1//platform/emdrv/sleep/inc" -I"D:/SiliconLabs/SimplicityStudio/v4_2/developer/sdks/gecko_sdk_suite/v1.1//hardware/kit/EFR32BG1_BRD4302A/config" -I"D:/SiliconLabs/SimplicityStudio/v4_2/developer/sdks/gecko_sdk_suite/v1.1//platform/emdrv/nvm/inc" -I"D:/SiliconLabs/SimplicityStudio/v4_2/developer/sdks/gecko_sdk_suite/v1.1//protocol/bluetooth_2.4/ble_stack/inc/common" -I"D:/SiliconLabs/SimplicityStudio/v4_2/developer/sdks/gecko_sdk_suite/v1.1//platform/bootloader/api" -I"D:/SiliconLabs/SimplicityStudio/v4_2/developer/sdks/gecko_sdk_suite/v1.1//platform/emdrv/common/inc" -O0 -fno-short-enums -Wall -c -fmessage-length=0 -ffunction-sections -fdata-sections -mfpu=fpv4-sp-d16 -mfloat-abi=hard -MMD -MP -MF"bgapi/dmadrv.d" -MT"bgapi/dmadrv.o" -o "bgapi/dmadrv.o" "D:/SiliconLabs/SimplicityStudio/v4_2/developer/sdks/gecko_sdk_suite/v1.1/platform/emdrv/dmadrv/src/dmadrv.c"
Finished building: D:/SiliconLabs/SimplicityStudio/v4_2/developer/sdks/gecko_sdk_suite/v1.1/platform/Device/SiliconLabs/EFR32BG1B/Source/GCC/startup_efr32bg1b.c
 
Building file: D:/SiliconLabs/SimplicityStudio/v4_2/developer/sdks/gecko_sdk_suite/v1.1/platform/emlib/src/em_adc.c
Invoking: GNU ARM C Compiler
arm-none-eabi-gcc -g3 -gdwarf-2 -mcpu=cortex-m4 -mthumb -std=c99 '-D__NO_SYSTEM_INIT=1\n' '-DEFR32BG1B232F256GM48=1' '-DSILABS_AF_USE_HWCONF=1' -I"D:/SiliconLabs/SimplicityStudio/v4_2/developer/sdks/gecko_sdk_suite/v1.1//hardware/kit/common/bsp" -I"D:/SiliconLabs/SimplicityStudio/v4_2/developer/sdks/gecko_sdk_suite/v1.1//platform/Device/SiliconLabs/EFR32BG1B/Include" -I"D:/SiliconLabs/SimplicityStudio/v4_2/developer/sdks/gecko_sdk_suite/v1.1//platform/CMSIS/Include" -I"D:/SiliconLabs/SimplicityStudio/v4_2/developer/sdks/gecko_sdk_suite/v1.1//hardware/kit/common/drivers" -I"D:/SiliconLabs/SimplicityStudio/v4_2/developer/sdks/gecko_sdk_suite/v1.1//platform/radio/rail_lib/chip/efr32" -I"D:/SiliconLabs/SimplicityStudio/v4_2/developer/sdks/gecko_sdk_suite/v1.1//platform/emdrv/dmadrv/inc" -I"D:/SiliconLabs/SimplicityStudio/v4_2/developer/sdks/gecko_sdk_suite/v1.1//platform/emdrv/uartdrv/inc" -I"D:/SiliconLabs/SimplicityStudio/v4_2/developer/sdks/gecko_sdk_suite/v1.1//platform/radio/rail_lib/common" -I"D:\GoogleDriveCLT\GoogleDrive\WeatherCloud\Roadboard\Software\Road-Board-December-2016N8\BGM111\Studio_Work\soc-empty-UARTTst2" -I"D:/SiliconLabs/SimplicityStudio/v4_2/developer/sdks/gecko_sdk_suite/v1.1//platform/emdrv/spidrv/inc" -I"D:/SiliconLabs/SimplicityStudio/v4_2/developer/sdks/gecko_sdk_suite/v1.1//protocol/bluetooth_2.4/ble_stack/inc/soc" -I"D:/SiliconLabs/SimplicityStudio/v4_2/developer/sdks/gecko_sdk_suite/v1.1//platform/emdrv/gpiointerrupt/inc" -I"D:/SiliconLabs/SimplicityStudio/v4_2/developer/sdks/gecko_sdk_suite/v1.1//platform/emdrv/rtcdrv/inc" -I"D:/SiliconLabs/SimplicityStudio/v4_2/developer/sdks/gecko_sdk_suite/v1.1//platform/emdrv/spidrv/config" -I"D:\GoogleDriveCLT\GoogleDrive\WeatherCloud\Roadboard\Software\Road-Board-December-2016N8\BGM111\Studio_Work\soc-empty-UARTTst2\src" -I"D:/SiliconLabs/SimplicityStudio/v4_2/developer/sdks/gecko_sdk_suite/v1.1//platform/emdrv/rtcdrv/config" -I"D:/SiliconLabs/SimplicityStudio/v4_2/developer/sdks/gecko_sdk_suite/v1.1//platform/emdrv/ustimer/inc" -I"D:/SiliconLabs/SimplicityStudio/v4_2/developer/sdks/gecko_sdk_suite/v1.1//platform/radio/rail_lib/chip/efr32/rf/common/cortex" -I"D:/SiliconLabs/SimplicityStudio/v4_2/developer/sdks/gecko_sdk_suite/v1.1//platform/emdrv/ustimer/config" -I"D:/SiliconLabs/SimplicityStudio/v4_2/developer/sdks/gecko_sdk_suite/v1.1//platform/emdrv/dmadrv/config" -I"D:/SiliconLabs/SimplicityStudio/v4_2/developer/sdks/gecko_sdk_suite/v1.1//platform/emdrv/tempdrv/config" -I"D:/SiliconLabs/SimplicityStudio/v4_2/developer/sdks/gecko_sdk_suite/v1.1//platform/emdrv/uartdrv/config" -I"D:/SiliconLabs/SimplicityStudio/v4_2/developer/sdks/gecko_sdk_suite/v1.1//platform/emdrv/tempdrv/inc" -I"D:/SiliconLabs/SimplicityStudio/v4_2/developer/sdks/gecko_sdk_suite/v1.1//platform/emdrv/nvm/config" -I"D:/SiliconLabs/SimplicityStudio/v4_2/developer/sdks/gecko_sdk_suite/v1.1//platform/emlib/inc" -I"D:\GoogleDriveCLT\GoogleDrive\WeatherCloud\Roadboard\Software\Road-Board-December-2016N8\BGM111\Studio_Work\soc-empty-UARTTst2\inc" -I"D:/SiliconLabs/SimplicityStudio/v4_2/developer/sdks/gecko_sdk_suite/v1.1//platform/emdrv/sleep/inc" -I"D:/SiliconLabs/SimplicityStudio/v4_2/developer/sdks/gecko_sdk_suite/v1.1//hardware/kit/EFR32BG1_BRD4302A/config" -I"D:/SiliconLabs/SimplicityStudio/v4_2/developer/sdks/gecko_sdk_suite/v1.1//platform/emdrv/nvm/inc" -I"D:/SiliconLabs/SimplicityStudio/v4_2/developer/sdks/gecko_sdk_suite/v1.1//protocol/bluetooth_2.4/ble_stack/inc/common" -I"D:/SiliconLabs/SimplicityStudio/v4_2/developer/sdks/gecko_sdk_suite/v1.1//platform/bootloader/api" -I"D:/SiliconLabs/SimplicityStudio/v4_2/developer/sdks/gecko_sdk_suite/v1.1//platform/emdrv/common/inc" -O0 -fno-short-enums -Wall -c -fmessage-length=0 -ffunction-sections -fdata-sections -mfpu=fpv4-sp-d16 -mfloat-abi=hard -MMD -MP -MF"bgapi/em_adc.d" -MT"bgapi/em_adc.o" -o "bgapi/em_adc.o" "D:/SiliconLabs/SimplicityStudio/v4_2/developer/sdks/gecko_sdk_suite/v1.1/platform/emlib/src/em_adc.c"
Finished building: D:/SiliconLabs/SimplicityStudio/v4_2/developer/sdks/gecko_sdk_suite/v1.1/platform/emlib/src/em_timer.c
Finished building: D:/SiliconLabs/SimplicityStudio/v4_2/developer/sdks/gecko_sdk_suite/v1.1/platform/emlib/src/em_usart.c
 
 
Building file: D:/SiliconLabs/SimplicityStudio/v4_2/developer/sdks/gecko_sdk_suite/v1.1/platform/emlib/src/em_ldma.c
Invoking: GNU ARM C Compiler
Building file: D:/SiliconLabs/SimplicityStudio/v4_2/developer/sdks/gecko_sdk_suite/v1.1/platform/emlib/src/em_leuart.c
arm-none-eabi-gcc -g3 -gdwarf-2 -mcpu=cortex-m4 -mthumb -std=c99 '-D__NO_SYSTEM_INIT=1\n' '-DEFR32BG1B232F256GM48=1' '-DSILABS_AF_USE_HWCONF=1' -I"D:/SiliconLabs/SimplicityStudio/v4_2/developer/sdks/gecko_sdk_suite/v1.1//hardware/kit/common/bsp" -I"D:/SiliconLabs/SimplicityStudio/v4_2/developer/sdks/gecko_sdk_suite/v1.1//platform/Device/SiliconLabs/EFR32BG1B/Include" -I"D:/SiliconLabs/SimplicityStudio/v4_2/developer/sdks/gecko_sdk_suite/v1.1//platform/CMSIS/Include" -I"D:/SiliconLabs/SimplicityStudio/v4_2/developer/sdks/gecko_sdk_suite/v1.1//hardware/kit/common/drivers" -I"D:/SiliconLabs/SimplicityStudio/v4_2/developer/sdks/gecko_sdk_suite/v1.1//platform/radio/rail_lib/chip/efr32" -I"D:/SiliconLabs/SimplicityStudio/v4_2/developer/sdks/gecko_sdk_suite/v1.1//platform/emdrv/dmadrv/inc" -I"D:/SiliconLabs/SimplicityStudio/v4_2/developer/sdks/gecko_sdk_suite/v1.1//platform/emdrv/uartdrv/inc" -I"D:/SiliconLabs/SimplicityStudio/v4_2/developer/sdks/gecko_sdk_suite/v1.1//platform/radio/rail_lib/common" -I"D:\GoogleDriveCLT\GoogleDrive\WeatherCloud\Roadboard\Software\Road-Board-December-2016N8\BGM111\Studio_Work\soc-empty-UARTTst2" -I"D:/SiliconLabs/SimplicityStudio/v4_2/developer/sdks/gecko_sdk_suite/v1.1//platform/emdrv/spidrv/inc" -I"D:/SiliconLabs/SimplicityStudio/v4_2/developer/sdks/gecko_sdk_suite/v1.1//protocol/bluetooth_2.4/ble_stack/inc/soc" -I"D:/SiliconLabs/SimplicityStudio/v4_2/developer/sdks/gecko_sdk_suite/v1.1//platform/emdrv/gpiointerrupt/inc" -I"D:/SiliconLabs/SimplicityStudio/v4_2/developer/sdks/gecko_sdk_suite/v1.1//platform/emdrv/rtcdrv/inc" -I"D:/SiliconLabs/SimplicityStudio/v4_2/developer/sdks/gecko_sdk_suite/v1.1//platform/emdrv/spidrv/config" -I"D:\GoogleDriveCLT\GoogleDrive\WeatherCloud\Roadboard\Software\Road-Board-December-2016N8\BGM111\Studio_Work\soc-empty-UARTTst2\src" -I"D:/SiliconLabs/SimplicityStudio/v4_2/developer/sdks/gecko_sdk_suite/v1.1//platform/emdrv/rtcdrv/config" -I"D:/SiliconLabs/SimplicityStudio/v4_2/developer/sdks/gecko_sdk_suite/v1.1//platform/emdrv/ustimer/inc" -I"D:/SiliconLabs/SimplicityStudio/v4_2/developer/sdks/gecko_sdk_suite/v1.1//platform/radio/rail_lib/chip/efr32/rf/common/cortex" -I"D:/SiliconLabs/SimplicityStudio/v4_2/developer/sdks/gecko_sdk_suite/v1.1//platform/emdrv/ustimer/config" -I"D:/SiliconLabs/SimplicityStudio/v4_2/developer/sdks/gecko_sdk_suite/v1.1//platform/emdrv/dmadrv/config" -I"D:/SiliconLabs/SimplicityStudio/v4_2/developer/sdks/gecko_sdk_suite/v1.1//platform/emdrv/tempdrv/config" -I"D:/SiliconLabs/SimplicityStudio/v4_2/developer/sdks/gecko_sdk_suite/v1.1//platform/emdrv/uartdrv/config" -I"D:/SiliconLabs/SimplicityStudio/v4_2/developer/sdks/gecko_sdk_suite/v1.1//platform/emdrv/tempdrv/inc" -I"D:/SiliconLabs/SimplicityStudio/v4_2/developer/sdks/gecko_sdk_suite/v1.1//platform/emdrv/nvm/config" -I"D:/SiliconLabs/SimplicityStudio/v4_2/developer/sdks/gecko_sdk_suite/v1.1//platform/emlib/inc" -I"D:\GoogleDriveCLT\GoogleDrive\WeatherCloud\Roadboard\Software\Road-Board-December-2016N8\BGM111\Studio_Work\soc-empty-UARTTst2\inc" -I"D:/SiliconLabs/SimplicityStudio/v4_2/developer/sdks/gecko_sdk_suite/v1.1//platform/emdrv/sleep/inc" -I"D:/SiliconLabs/SimplicityStudio/v4_2/developer/sdks/gecko_sdk_suite/v1.1//hardware/kit/EFR32BG1_BRD4302A/config" -I"D:/SiliconLabs/SimplicityStudio/v4_2/developer/sdks/gecko_sdk_suite/v1.1//platform/emdrv/nvm/inc" -I"D:/SiliconLabs/SimplicityStudio/v4_2/developer/sdks/gecko_sdk_suite/v1.1//protocol/bluetooth_2.4/ble_stack/inc/common" -I"D:/SiliconLabs/SimplicityStudio/v4_2/developer/sdks/gecko_sdk_suite/v1.1//platform/bootloader/api" -I"D:/SiliconLabs/SimplicityStudio/v4_2/developer/sdks/gecko_sdk_suite/v1.1//platform/emdrv/common/inc" -O0 -fno-short-enums -Wall -c -fmessage-length=0 -ffunction-sections -fdata-sections -mfpu=fpv4-sp-d16 -mfloat-abi=hard -MMD -MP -MF"bgapi/em_ldma.d" -MT"bgapi/em_ldma.o" -o "bgapi/em_ldma.o" "D:/SiliconLabs/SimplicityStudio/v4_2/developer/sdks/gecko_sdk_suite/v1.1/platform/emlib/src/em_ldma.c"
Invoking: GNU ARM C Compiler
arm-none-eabi-gcc -g3 -gdwarf-2 -mcpu=cortex-m4 -mthumb -std=c99 '-D__NO_SYSTEM_INIT=1\n' '-DEFR32BG1B232F256GM48=1' '-DSILABS_AF_USE_HWCONF=1' -I"D:/SiliconLabs/SimplicityStudio/v4_2/developer/sdks/gecko_sdk_suite/v1.1//hardware/kit/common/bsp" -I"D:/SiliconLabs/SimplicityStudio/v4_2/developer/sdks/gecko_sdk_suite/v1.1//platform/Device/SiliconLabs/EFR32BG1B/Include" -I"D:/SiliconLabs/SimplicityStudio/v4_2/developer/sdks/gecko_sdk_suite/v1.1//platform/CMSIS/Include" -I"D:/SiliconLabs/SimplicityStudio/v4_2/developer/sdks/gecko_sdk_suite/v1.1//hardware/kit/common/drivers" -I"D:/SiliconLabs/SimplicityStudio/v4_2/developer/sdks/gecko_sdk_suite/v1.1//platform/radio/rail_lib/chip/efr32" -I"D:/SiliconLabs/SimplicityStudio/v4_2/developer/sdks/gecko_sdk_suite/v1.1//platform/emdrv/dmadrv/inc" -I"D:/SiliconLabs/SimplicityStudio/v4_2/developer/sdks/gecko_sdk_suite/v1.1//platform/emdrv/uartdrv/inc" -I"D:/SiliconLabs/SimplicityStudio/v4_2/developer/sdks/gecko_sdk_suite/v1.1//platform/radio/rail_lib/common" -I"D:\GoogleDriveCLT\GoogleDrive\WeatherCloud\Roadboard\Software\Road-Board-December-2016N8\BGM111\Studio_Work\soc-empty-UARTTst2" -I"D:/SiliconLabs/SimplicityStudio/v4_2/developer/sdks/gecko_sdk_suite/v1.1//platform/emdrv/spidrv/inc" -I"D:/SiliconLabs/SimplicityStudio/v4_2/developer/sdks/gecko_sdk_suite/v1.1//protocol/bluetooth_2.4/ble_stack/inc/soc" -I"D:/SiliconLabs/SimplicityStudio/v4_2/developer/sdks/gecko_sdk_suite/v1.1//platform/emdrv/gpiointerrupt/inc" -I"D:/SiliconLabs/SimplicityStudio/v4_2/developer/sdks/gecko_sdk_suite/v1.1//platform/emdrv/rtcdrv/inc" -I"D:/SiliconLabs/SimplicityStudio/v4_2/developer/sdks/gecko_sdk_suite/v1.1//platform/emdrv/spidrv/config" -I"D:\GoogleDriveCLT\GoogleDrive\WeatherCloud\Roadboard\Software\Road-Board-December-2016N8\BGM111\Studio_Work\soc-empty-UARTTst2\src" -I"D:/SiliconLabs/SimplicityStudio/v4_2/developer/sdks/gecko_sdk_suite/v1.1//platform/emdrv/rtcdrv/config" -I"D:/SiliconLabs/SimplicityStudio/v4_2/developer/sdks/gecko_sdk_suite/v1.1//platform/emdrv/ustimer/inc" -I"D:/SiliconLabs/SimplicityStudio/v4_2/developer/sdks/gecko_sdk_suite/v1.1//platform/radio/rail_lib/chip/efr32/rf/common/cortex" -I"D:/SiliconLabs/SimplicityStudio/v4_2/developer/sdks/gecko_sdk_suite/v1.1//platform/emdrv/ustimer/config" -I"D:/SiliconLabs/SimplicityStudio/v4_2/developer/sdks/gecko_sdk_suite/v1.1//platform/emdrv/dmadrv/config" -I"D:/SiliconLabs/SimplicityStudio/v4_2/developer/sdks/gecko_sdk_suite/v1.1//platform/emdrv/tempdrv/config" -I"D:/SiliconLabs/SimplicityStudio/v4_2/developer/sdks/gecko_sdk_suite/v1.1//platform/emdrv/uartdrv/config" -I"D:/SiliconLabs/SimplicityStudio/v4_2/developer/sdks/gecko_sdk_suite/v1.1//platform/emdrv/tempdrv/inc" -I"D:/SiliconLabs/SimplicityStudio/v4_2/developer/sdks/gecko_sdk_suite/v1.1//platform/emdrv/nvm/config" -I"D:/SiliconLabs/SimplicityStudio/v4_2/developer/sdks/gecko_sdk_suite/v1.1//platform/emlib/inc" -I"D:\GoogleDriveCLT\GoogleDrive\WeatherCloud\Roadboard\Software\Road-Board-December-2016N8\BGM111\Studio_Work\soc-empty-UARTTst2\inc" -I"D:/SiliconLabs/SimplicityStudio/v4_2/developer/sdks/gecko_sdk_suite/v1.1//platform/emdrv/sleep/inc" -I"D:/SiliconLabs/SimplicityStudio/v4_2/developer/sdks/gecko_sdk_suite/v1.1//hardware/kit/EFR32BG1_BRD4302A/config" -I"D:/SiliconLabs/SimplicityStudio/v4_2/developer/sdks/gecko_sdk_suite/v1.1//platform/emdrv/nvm/inc" -I"D:/SiliconLabs/SimplicityStudio/v4_2/developer/sdks/gecko_sdk_suite/v1.1//protocol/bluetooth_2.4/ble_stack/inc/common" -I"D:/SiliconLabs/SimplicityStudio/v4_2/developer/sdks/gecko_sdk_suite/v1.1//platform/bootloader/api" -I"D:/SiliconLabs/SimplicityStudio/v4_2/developer/sdks/gecko_sdk_suite/v1.1//platform/emdrv/common/inc" -O0 -fno-short-enums -Wall -c -fmessage-length=0 -ffunction-sections -fdata-sections -mfpu=fpv4-sp-d16 -mfloat-abi=hard -MMD -MP -MF"bgapi/em_leuart.d" -MT"bgapi/em_leuart.o" -o "bgapi/em_leuart.o" "D:/SiliconLabs/SimplicityStudio/v4_2/developer/sdks/gecko_sdk_suite/v1.1/platform/emlib/src/em_leuart.c"
Finished building: D:/SiliconLabs/SimplicityStudio/v4_2/developer/sdks/gecko_sdk_suite/v1.1/platform/emdrv/dmadrv/src/dmadrv.c
 
Building file: ../application_properties.c
Invoking: GNU ARM C Compiler
arm-none-eabi-gcc -g3 -gdwarf-2 -mcpu=cortex-m4 -mthumb -std=c99 '-D__NO_SYSTEM_INIT=1\n' '-DEFR32BG1B232F256GM48=1' '-DSILABS_AF_USE_HWCONF=1' -I"D:/SiliconLabs/SimplicityStudio/v4_2/developer/sdks/gecko_sdk_suite/v1.1//hardware/kit/common/bsp" -I"D:/SiliconLabs/SimplicityStudio/v4_2/developer/sdks/gecko_sdk_suite/v1.1//platform/Device/SiliconLabs/EFR32BG1B/Include" -I"D:/SiliconLabs/SimplicityStudio/v4_2/developer/sdks/gecko_sdk_suite/v1.1//platform/CMSIS/Include" -I"D:/SiliconLabs/SimplicityStudio/v4_2/developer/sdks/gecko_sdk_suite/v1.1//hardware/kit/common/drivers" -I"D:/SiliconLabs/SimplicityStudio/v4_2/developer/sdks/gecko_sdk_suite/v1.1//platform/radio/rail_lib/chip/efr32" -I"D:/SiliconLabs/SimplicityStudio/v4_2/developer/sdks/gecko_sdk_suite/v1.1//platform/emdrv/dmadrv/inc" -I"D:/SiliconLabs/SimplicityStudio/v4_2/developer/sdks/gecko_sdk_suite/v1.1//platform/emdrv/uartdrv/inc" -I"D:/SiliconLabs/SimplicityStudio/v4_2/developer/sdks/gecko_sdk_suite/v1.1//platform/radio/rail_lib/common" -I"D:\GoogleDriveCLT\GoogleDrive\WeatherCloud\Roadboard\Software\Road-Board-December-2016N8\BGM111\Studio_Work\soc-empty-UARTTst2" -I"D:/SiliconLabs/SimplicityStudio/v4_2/developer/sdks/gecko_sdk_suite/v1.1//platform/emdrv/spidrv/inc" -I"D:/SiliconLabs/SimplicityStudio/v4_2/developer/sdks/gecko_sdk_suite/v1.1//protocol/bluetooth_2.4/ble_stack/inc/soc" -I"D:/SiliconLabs/SimplicityStudio/v4_2/developer/sdks/gecko_sdk_suite/v1.1//platform/emdrv/gpiointerrupt/inc" -I"D:/SiliconLabs/SimplicityStudio/v4_2/developer/sdks/gecko_sdk_suite/v1.1//platform/emdrv/rtcdrv/inc" -I"D:/SiliconLabs/SimplicityStudio/v4_2/developer/sdks/gecko_sdk_suite/v1.1//platform/emdrv/spidrv/config" -I"D:\GoogleDriveCLT\GoogleDrive\WeatherCloud\Roadboard\Software\Road-Board-December-2016N8\BGM111\Studio_Work\soc-empty-UARTTst2\src" -I"D:/SiliconLabs/SimplicityStudio/v4_2/developer/sdks/gecko_sdk_suite/v1.1//platform/emdrv/rtcdrv/config" -I"D:/SiliconLabs/SimplicityStudio/v4_2/developer/sdks/gecko_sdk_suite/v1.1//platform/emdrv/ustimer/inc" -I"D:/SiliconLabs/SimplicityStudio/v4_2/developer/sdks/gecko_sdk_suite/v1.1//platform/radio/rail_lib/chip/efr32/rf/common/cortex" -I"D:/SiliconLabs/SimplicityStudio/v4_2/developer/sdks/gecko_sdk_suite/v1.1//platform/emdrv/ustimer/config" -I"D:/SiliconLabs/SimplicityStudio/v4_2/developer/sdks/gecko_sdk_suite/v1.1//platform/emdrv/dmadrv/config" -I"D:/SiliconLabs/SimplicityStudio/v4_2/developer/sdks/gecko_sdk_suite/v1.1//platform/emdrv/tempdrv/config" -I"D:/SiliconLabs/SimplicityStudio/v4_2/developer/sdks/gecko_sdk_suite/v1.1//platform/emdrv/uartdrv/config" -I"D:/SiliconLabs/SimplicityStudio/v4_2/developer/sdks/gecko_sdk_suite/v1.1//platform/emdrv/tempdrv/inc" -I"D:/SiliconLabs/SimplicityStudio/v4_2/developer/sdks/gecko_sdk_suite/v1.1//platform/emdrv/nvm/config" -I"D:/SiliconLabs/SimplicityStudio/v4_2/developer/sdks/gecko_sdk_suite/v1.1//platform/emlib/inc" -I"D:\GoogleDriveCLT\GoogleDrive\WeatherCloud\Roadboard\Software\Road-Board-December-2016N8\BGM111\Studio_Work\soc-empty-UARTTst2\inc" -I"D:/SiliconLabs/SimplicityStudio/v4_2/developer/sdks/gecko_sdk_suite/v1.1//platform/emdrv/sleep/inc" -I"D:/SiliconLabs/SimplicityStudio/v4_2/developer/sdks/gecko_sdk_suite/v1.1//hardware/kit/EFR32BG1_BRD4302A/config" -I"D:/SiliconLabs/SimplicityStudio/v4_2/developer/sdks/gecko_sdk_suite/v1.1//platform/emdrv/nvm/inc" -I"D:/SiliconLabs/SimplicityStudio/v4_2/developer/sdks/gecko_sdk_suite/v1.1//protocol/bluetooth_2.4/ble_stack/inc/common" -I"D:/SiliconLabs/SimplicityStudio/v4_2/developer/sdks/gecko_sdk_suite/v1.1//platform/bootloader/api" -I"D:/SiliconLabs/SimplicityStudio/v4_2/developer/sdks/gecko_sdk_suite/v1.1//platform/emdrv/common/inc" -O0 -fno-short-enums -Wall -c -fmessage-length=0 -ffunction-sections -fdata-sections -mfpu=fpv4-sp-d16 -mfloat-abi=hard -MMD -MP -MF"application_properties.d" -MT"application_properties.o" -o "application_properties.o" "../application_properties.c"
Finished building: D:/SiliconLabs/SimplicityStudio/v4_2/developer/sdks/gecko_sdk_suite/v1.1/platform/emlib/src/em_adc.c
 
Building file: ../gatt_db.c
Invoking: GNU ARM C Compiler
arm-none-eabi-gcc -g3 -gdwarf-2 -mcpu=cortex-m4 -mthumb -std=c99 '-D__NO_SYSTEM_INIT=1\n' '-DEFR32BG1B232F256GM48=1' '-DSILABS_AF_USE_HWCONF=1' -I"D:/SiliconLabs/SimplicityStudio/v4_2/developer/sdks/gecko_sdk_suite/v1.1//hardware/kit/common/bsp" -I"D:/SiliconLabs/SimplicityStudio/v4_2/developer/sdks/gecko_sdk_suite/v1.1//platform/Device/SiliconLabs/EFR32BG1B/Include" -I"D:/SiliconLabs/SimplicityStudio/v4_2/developer/sdks/gecko_sdk_suite/v1.1//platform/CMSIS/Include" -I"D:/SiliconLabs/SimplicityStudio/v4_2/developer/sdks/gecko_sdk_suite/v1.1//hardware/kit/common/drivers" -I"D:/SiliconLabs/SimplicityStudio/v4_2/developer/sdks/gecko_sdk_suite/v1.1//platform/radio/rail_lib/chip/efr32" -I"D:/SiliconLabs/SimplicityStudio/v4_2/developer/sdks/gecko_sdk_suite/v1.1//platform/emdrv/dmadrv/inc" -I"D:/SiliconLabs/SimplicityStudio/v4_2/developer/sdks/gecko_sdk_suite/v1.1//platform/emdrv/uartdrv/inc" -I"D:/SiliconLabs/SimplicityStudio/v4_2/developer/sdks/gecko_sdk_suite/v1.1//platform/radio/rail_lib/common" -I"D:\GoogleDriveCLT\GoogleDrive\WeatherCloud\Roadboard\Software\Road-Board-December-2016N8\BGM111\Studio_Work\soc-empty-UARTTst2" -I"D:/SiliconLabs/SimplicityStudio/v4_2/developer/sdks/gecko_sdk_suite/v1.1//platform/emdrv/spidrv/inc" -I"D:/SiliconLabs/SimplicityStudio/v4_2/developer/sdks/gecko_sdk_suite/v1.1//protocol/bluetooth_2.4/ble_stack/inc/soc" -I"D:/SiliconLabs/SimplicityStudio/v4_2/developer/sdks/gecko_sdk_suite/v1.1//platform/emdrv/gpiointerrupt/inc" -I"D:/SiliconLabs/SimplicityStudio/v4_2/developer/sdks/gecko_sdk_suite/v1.1//platform/emdrv/rtcdrv/inc" -I"D:/SiliconLabs/SimplicityStudio/v4_2/developer/sdks/gecko_sdk_suite/v1.1//platform/emdrv/spidrv/config" -I"D:\GoogleDriveCLT\GoogleDrive\WeatherCloud\Roadboard\Software\Road-Board-December-2016N8\BGM111\Studio_Work\soc-empty-UARTTst2\src" -I"D:/SiliconLabs/SimplicityStudio/v4_2/developer/sdks/gecko_sdk_suite/v1.1//platform/emdrv/rtcdrv/config" -I"D:/SiliconLabs/SimplicityStudio/v4_2/developer/sdks/gecko_sdk_suite/v1.1//platform/emdrv/ustimer/inc" -I"D:/SiliconLabs/SimplicityStudio/v4_2/developer/sdks/gecko_sdk_suite/v1.1//platform/radio/rail_lib/chip/efr32/rf/common/cortex" -I"D:/SiliconLabs/SimplicityStudio/v4_2/developer/sdks/gecko_sdk_suite/v1.1//platform/emdrv/ustimer/config" -I"D:/SiliconLabs/SimplicityStudio/v4_2/developer/sdks/gecko_sdk_suite/v1.1//platform/emdrv/dmadrv/config" -I"D:/SiliconLabs/SimplicityStudio/v4_2/developer/sdks/gecko_sdk_suite/v1.1//platform/emdrv/tempdrv/config" -I"D:/SiliconLabs/SimplicityStudio/v4_2/developer/sdks/gecko_sdk_suite/v1.1//platform/emdrv/uartdrv/config" -I"D:/SiliconLabs/SimplicityStudio/v4_2/developer/sdks/gecko_sdk_suite/v1.1//platform/emdrv/tempdrv/inc" -I"D:/SiliconLabs/SimplicityStudio/v4_2/developer/sdks/gecko_sdk_suite/v1.1//platform/emdrv/nvm/config" -I"D:/SiliconLabs/SimplicityStudio/v4_2/developer/sdks/gecko_sdk_suite/v1.1//platform/emlib/inc" -I"D:\GoogleDriveCLT\GoogleDrive\WeatherCloud\Roadboard\Software\Road-Board-December-2016N8\BGM111\Studio_Work\soc-empty-UARTTst2\inc" -I"D:/SiliconLabs/SimplicityStudio/v4_2/developer/sdks/gecko_sdk_suite/v1.1//platform/emdrv/sleep/inc" -I"D:/SiliconLabs/SimplicityStudio/v4_2/developer/sdks/gecko_sdk_suite/v1.1//hardware/kit/EFR32BG1_BRD4302A/config" -I"D:/SiliconLabs/SimplicityStudio/v4_2/developer/sdks/gecko_sdk_suite/v1.1//platform/emdrv/nvm/inc" -I"D:/SiliconLabs/SimplicityStudio/v4_2/developer/sdks/gecko_sdk_suite/v1.1//protocol/bluetooth_2.4/ble_stack/inc/common" -I"D:/SiliconLabs/SimplicityStudio/v4_2/developer/sdks/gecko_sdk_suite/v1.1//platform/bootloader/api" -I"D:/SiliconLabs/SimplicityStudio/v4_2/developer/sdks/gecko_sdk_suite/v1.1//platform/emdrv/common/inc" -O0 -fno-short-enums -Wall -c -fmessage-length=0 -ffunction-sections -fdata-sections -mfpu=fpv4-sp-d16 -mfloat-abi=hard -MMD -MP -MF"gatt_db.d" -MT"gatt_db.o" -o "gatt_db.o" "../gatt_db.c"
Finished building: ../application_properties.c
 
Building file: D:/SiliconLabs/SimplicityStudio/v4_2/developer/sdks/gecko_sdk_suite/v1.1/platform/emdrv/gpiointerrupt/src/gpiointerrupt.c
Invoking: GNU ARM C Compiler
arm-none-eabi-gcc -g3 -gdwarf-2 -mcpu=cortex-m4 -mthumb -std=c99 '-D__NO_SYSTEM_INIT=1\n' '-DEFR32BG1B232F256GM48=1' '-DSILABS_AF_USE_HWCONF=1' -I"D:/SiliconLabs/SimplicityStudio/v4_2/developer/sdks/gecko_sdk_suite/v1.1//hardware/kit/common/bsp" -I"D:/SiliconLabs/SimplicityStudio/v4_2/developer/sdks/gecko_sdk_suite/v1.1//platform/Device/SiliconLabs/EFR32BG1B/Include" -I"D:/SiliconLabs/SimplicityStudio/v4_2/developer/sdks/gecko_sdk_suite/v1.1//platform/CMSIS/Include" -I"D:/SiliconLabs/SimplicityStudio/v4_2/developer/sdks/gecko_sdk_suite/v1.1//hardware/kit/common/drivers" -I"D:/SiliconLabs/SimplicityStudio/v4_2/developer/sdks/gecko_sdk_suite/v1.1//platform/radio/rail_lib/chip/efr32" -I"D:/SiliconLabs/SimplicityStudio/v4_2/developer/sdks/gecko_sdk_suite/v1.1//platform/emdrv/dmadrv/inc" -I"D:/SiliconLabs/SimplicityStudio/v4_2/developer/sdks/gecko_sdk_suite/v1.1//platform/emdrv/uartdrv/inc" -I"D:/SiliconLabs/SimplicityStudio/v4_2/developer/sdks/gecko_sdk_suite/v1.1//platform/radio/rail_lib/common" -I"D:\GoogleDriveCLT\GoogleDrive\WeatherCloud\Roadboard\Software\Road-Board-December-2016N8\BGM111\Studio_Work\soc-empty-UARTTst2" -I"D:/SiliconLabs/SimplicityStudio/v4_2/developer/sdks/gecko_sdk_suite/v1.1//platform/emdrv/spidrv/inc" -I"D:/SiliconLabs/SimplicityStudio/v4_2/developer/sdks/gecko_sdk_suite/v1.1//protocol/bluetooth_2.4/ble_stack/inc/soc" -I"D:/SiliconLabs/SimplicityStudio/v4_2/developer/sdks/gecko_sdk_suite/v1.1//platform/emdrv/gpiointerrupt/inc" -I"D:/SiliconLabs/SimplicityStudio/v4_2/developer/sdks/gecko_sdk_suite/v1.1//platform/emdrv/rtcdrv/inc" -I"D:/SiliconLabs/SimplicityStudio/v4_2/developer/sdks/gecko_sdk_suite/v1.1//platform/emdrv/spidrv/config" -I"D:\GoogleDriveCLT\GoogleDrive\WeatherCloud\Roadboard\Software\Road-Board-December-2016N8\BGM111\Studio_Work\soc-empty-UARTTst2\src" -I"D:/SiliconLabs/SimplicityStudio/v4_2/developer/sdks/gecko_sdk_suite/v1.1//platform/emdrv/rtcdrv/config" -I"D:/SiliconLabs/SimplicityStudio/v4_2/developer/sdks/gecko_sdk_suite/v1.1//platform/emdrv/ustimer/inc" -I"D:/SiliconLabs/SimplicityStudio/v4_2/developer/sdks/gecko_sdk_suite/v1.1//platform/radio/rail_lib/chip/efr32/rf/common/cortex" -I"D:/SiliconLabs/SimplicityStudio/v4_2/developer/sdks/gecko_sdk_suite/v1.1//platform/emdrv/ustimer/config" -I"D:/SiliconLabs/SimplicityStudio/v4_2/developer/sdks/gecko_sdk_suite/v1.1//platform/emdrv/dmadrv/config" -I"D:/SiliconLabs/SimplicityStudio/v4_2/developer/sdks/gecko_sdk_suite/v1.1//platform/emdrv/tempdrv/config" -I"D:/SiliconLabs/SimplicityStudio/v4_2/developer/sdks/gecko_sdk_suite/v1.1//platform/emdrv/uartdrv/config" -I"D:/SiliconLabs/SimplicityStudio/v4_2/developer/sdks/gecko_sdk_suite/v1.1//platform/emdrv/tempdrv/inc" -I"D:/SiliconLabs/SimplicityStudio/v4_2/developer/sdks/gecko_sdk_suite/v1.1//platform/emdrv/nvm/config" -I"D:/SiliconLabs/SimplicityStudio/v4_2/developer/sdks/gecko_sdk_suite/v1.1//platform/emlib/inc" -I"D:\GoogleDriveCLT\GoogleDrive\WeatherCloud\Roadboard\Software\Road-Board-December-2016N8\BGM111\Studio_Work\soc-empty-UARTTst2\inc" -I"D:/SiliconLabs/SimplicityStudio/v4_2/developer/sdks/gecko_sdk_suite/v1.1//platform/emdrv/sleep/inc" -I"D:/SiliconLabs/SimplicityStudio/v4_2/developer/sdks/gecko_sdk_suite/v1.1//hardware/kit/EFR32BG1_BRD4302A/config" -I"D:/SiliconLabs/SimplicityStudio/v4_2/developer/sdks/gecko_sdk_suite/v1.1//platform/emdrv/nvm/inc" -I"D:/SiliconLabs/SimplicityStudio/v4_2/developer/sdks/gecko_sdk_suite/v1.1//protocol/bluetooth_2.4/ble_stack/inc/common" -I"D:/SiliconLabs/SimplicityStudio/v4_2/developer/sdks/gecko_sdk_suite/v1.1//platform/bootloader/api" -I"D:/SiliconLabs/SimplicityStudio/v4_2/developer/sdks/gecko_sdk_suite/v1.1//platform/emdrv/common/inc" -O0 -fno-short-enums -Wall -c -fmessage-length=0 -ffunction-sections -fdata-sections -mfpu=fpv4-sp-d16 -mfloat-abi=hard -MMD -MP -MF"gpiointerrupt.d" -MT"gpiointerrupt.o" -o "gpiointerrupt.o" "D:/SiliconLabs/SimplicityStudio/v4_2/developer/sdks/gecko_sdk_suite/v1.1/platform/emdrv/gpiointerrupt/src/gpiointerrupt.c"
Finished building: ../gatt_db.c
 
Building file: ../main.c
Invoking: GNU ARM C Compiler
arm-none-eabi-gcc -g3 -gdwarf-2 -mcpu=cortex-m4 -mthumb -std=c99 '-D__NO_SYSTEM_INIT=1\n' '-DEFR32BG1B232F256GM48=1' '-DSILABS_AF_USE_HWCONF=1' -I"D:/SiliconLabs/SimplicityStudio/v4_2/developer/sdks/gecko_sdk_suite/v1.1//hardware/kit/common/bsp" -I"D:/SiliconLabs/SimplicityStudio/v4_2/developer/sdks/gecko_sdk_suite/v1.1//platform/Device/SiliconLabs/EFR32BG1B/Include" -I"D:/SiliconLabs/SimplicityStudio/v4_2/developer/sdks/gecko_sdk_suite/v1.1//platform/CMSIS/Include" -I"D:/SiliconLabs/SimplicityStudio/v4_2/developer/sdks/gecko_sdk_suite/v1.1//hardware/kit/common/drivers" -I"D:/SiliconLabs/SimplicityStudio/v4_2/developer/sdks/gecko_sdk_suite/v1.1//platform/radio/rail_lib/chip/efr32" -I"D:/SiliconLabs/SimplicityStudio/v4_2/developer/sdks/gecko_sdk_suite/v1.1//platform/emdrv/dmadrv/inc" -I"D:/SiliconLabs/SimplicityStudio/v4_2/developer/sdks/gecko_sdk_suite/v1.1//platform/emdrv/uartdrv/inc" -I"D:/SiliconLabs/SimplicityStudio/v4_2/developer/sdks/gecko_sdk_suite/v1.1//platform/radio/rail_lib/common" -I"D:\GoogleDriveCLT\GoogleDrive\WeatherCloud\Roadboard\Software\Road-Board-December-2016N8\BGM111\Studio_Work\soc-empty-UARTTst2" -I"D:/SiliconLabs/SimplicityStudio/v4_2/developer/sdks/gecko_sdk_suite/v1.1//platform/emdrv/spidrv/inc" -I"D:/SiliconLabs/SimplicityStudio/v4_2/developer/sdks/gecko_sdk_suite/v1.1//protocol/bluetooth_2.4/ble_stack/inc/soc" -I"D:/SiliconLabs/SimplicityStudio/v4_2/developer/sdks/gecko_sdk_suite/v1.1//platform/emdrv/gpiointerrupt/inc" -I"D:/SiliconLabs/SimplicityStudio/v4_2/developer/sdks/gecko_sdk_suite/v1.1//platform/emdrv/rtcdrv/inc" -I"D:/SiliconLabs/SimplicityStudio/v4_2/developer/sdks/gecko_sdk_suite/v1.1//platform/emdrv/spidrv/config" -I"D:\GoogleDriveCLT\GoogleDrive\WeatherCloud\Roadboard\Software\Road-Board-December-2016N8\BGM111\Studio_Work\soc-empty-UARTTst2\src" -I"D:/SiliconLabs/SimplicityStudio/v4_2/developer/sdks/gecko_sdk_suite/v1.1//platform/emdrv/rtcdrv/config" -I"D:/SiliconLabs/SimplicityStudio/v4_2/developer/sdks/gecko_sdk_suite/v1.1//platform/emdrv/ustimer/inc" -I"D:/SiliconLabs/SimplicityStudio/v4_2/developer/sdks/gecko_sdk_suite/v1.1//platform/radio/rail_lib/chip/efr32/rf/common/cortex" -I"D:/SiliconLabs/SimplicityStudio/v4_2/developer/sdks/gecko_sdk_suite/v1.1//platform/emdrv/ustimer/config" -I"D:/SiliconLabs/SimplicityStudio/v4_2/developer/sdks/gecko_sdk_suite/v1.1//platform/emdrv/dmadrv/config" -I"D:/SiliconLabs/SimplicityStudio/v4_2/developer/sdks/gecko_sdk_suite/v1.1//platform/emdrv/tempdrv/config" -I"D:/SiliconLabs/SimplicityStudio/v4_2/developer/sdks/gecko_sdk_suite/v1.1//platform/emdrv/uartdrv/config" -I"D:/SiliconLabs/SimplicityStudio/v4_2/developer/sdks/gecko_sdk_suite/v1.1//platform/emdrv/tempdrv/inc" -I"D:/SiliconLabs/SimplicityStudio/v4_2/developer/sdks/gecko_sdk_suite/v1.1//platform/emdrv/nvm/config" -I"D:/SiliconLabs/SimplicityStudio/v4_2/developer/sdks/gecko_sdk_suite/v1.1//platform/emlib/inc" -I"D:\GoogleDriveCLT\GoogleDrive\WeatherCloud\Roadboard\Software\Road-Board-December-2016N8\BGM111\Studio_Work\soc-empty-UARTTst2\inc" -I"D:/SiliconLabs/SimplicityStudio/v4_2/developer/sdks/gecko_sdk_suite/v1.1//platform/emdrv/sleep/inc" -I"D:/SiliconLabs/SimplicityStudio/v4_2/developer/sdks/gecko_sdk_suite/v1.1//hardware/kit/EFR32BG1_BRD4302A/config" -I"D:/SiliconLabs/SimplicityStudio/v4_2/developer/sdks/gecko_sdk_suite/v1.1//platform/emdrv/nvm/inc" -I"D:/SiliconLabs/SimplicityStudio/v4_2/developer/sdks/gecko_sdk_suite/v1.1//protocol/bluetooth_2.4/ble_stack/inc/common" -I"D:/SiliconLabs/SimplicityStudio/v4_2/developer/sdks/gecko_sdk_suite/v1.1//platform/bootloader/api" -I"D:/SiliconLabs/SimplicityStudio/v4_2/developer/sdks/gecko_sdk_suite/v1.1//platform/emdrv/common/inc" -O0 -fno-short-enums -Wall -c -fmessage-length=0 -ffunction-sections -fdata-sections -mfpu=fpv4-sp-d16 -mfloat-abi=hard -MMD -MP -MF"main.d" -MT"main.o" -o "main.o" "../main.c"
Finished building: D:/SiliconLabs/SimplicityStudio/v4_2/developer/sdks/gecko_sdk_suite/v1.1/platform/emlib/src/em_ldma.c
 
Finished building: D:/SiliconLabs/SimplicityStudio/v4_2/developer/sdks/gecko_sdk_suite/v1.1/platform/emlib/src/em_leuart.c
Building file: ../uart_echo.c
 
Invoking: GNU ARM C Compiler
arm-none-eabi-gcc -g3 -gdwarf-2 -mcpu=cortex-m4 -mthumb -std=c99 '-D__NO_SYSTEM_INIT=1\n' '-DEFR32BG1B232F256GM48=1' '-DSILABS_AF_USE_HWCONF=1' -I"D:/SiliconLabs/SimplicityStudio/v4_2/developer/sdks/gecko_sdk_suite/v1.1//hardware/kit/common/bsp" -I"D:/SiliconLabs/SimplicityStudio/v4_2/developer/sdks/gecko_sdk_suite/v1.1//platform/Device/SiliconLabs/EFR32BG1B/Include" -I"D:/SiliconLabs/SimplicityStudio/v4_2/developer/sdks/gecko_sdk_suite/v1.1//platform/CMSIS/Include" -I"D:/SiliconLabs/SimplicityStudio/v4_2/developer/sdks/gecko_sdk_suite/v1.1//hardware/kit/common/drivers" -I"D:/SiliconLabs/SimplicityStudio/v4_2/developer/sdks/gecko_sdk_suite/v1.1//platform/radio/rail_lib/chip/efr32" -I"D:/SiliconLabs/SimplicityStudio/v4_2/developer/sdks/gecko_sdk_suite/v1.1//platform/emdrv/dmadrv/inc" -I"D:/SiliconLabs/SimplicityStudio/v4_2/developer/sdks/gecko_sdk_suite/v1.1//platform/emdrv/uartdrv/inc" -I"D:/SiliconLabs/SimplicityStudio/v4_2/developer/sdks/gecko_sdk_suite/v1.1//platform/radio/rail_lib/common" -I"D:\GoogleDriveCLT\GoogleDrive\WeatherCloud\Roadboard\Software\Road-Board-December-2016N8\BGM111\Studio_Work\soc-empty-UARTTst2" -I"D:/SiliconLabs/SimplicityStudio/v4_2/developer/sdks/gecko_sdk_suite/v1.1//platform/emdrv/spidrv/inc" -I"D:/SiliconLabs/SimplicityStudio/v4_2/developer/sdks/gecko_sdk_suite/v1.1//protocol/bluetooth_2.4/ble_stack/inc/soc" -I"D:/SiliconLabs/SimplicityStudio/v4_2/developer/sdks/gecko_sdk_suite/v1.1//platform/emdrv/gpiointerrupt/inc" -I"D:/SiliconLabs/SimplicityStudio/v4_2/developer/sdks/gecko_sdk_suite/v1.1//platform/emdrv/rtcdrv/inc" -I"D:/SiliconLabs/SimplicityStudio/v4_2/developer/sdks/gecko_sdk_suite/v1.1//platform/emdrv/spidrv/config" -I"D:\GoogleDriveCLT\GoogleDrive\WeatherCloud\Roadboard\Software\Road-Board-December-2016N8\BGM111\Studio_Work\soc-empty-UARTTst2\src" -I"D:/SiliconLabs/SimplicityStudio/v4_2/developer/sdks/gecko_sdk_suite/v1.1//platform/emdrv/rtcdrv/config" -I"D:/SiliconLabs/SimplicityStudio/v4_2/developer/sdks/gecko_sdk_suite/v1.1//platform/emdrv/ustimer/inc" -I"D:/SiliconLabs/SimplicityStudio/v4_2/developer/sdks/gecko_sdk_suite/v1.1//platform/radio/rail_lib/chip/efr32/rf/common/cortex" -I"D:/SiliconLabs/SimplicityStudio/v4_2/developer/sdks/gecko_sdk_suite/v1.1//platform/emdrv/ustimer/config" -I"D:/SiliconLabs/SimplicityStudio/v4_2/developer/sdks/gecko_sdk_suite/v1.1//platform/emdrv/dmadrv/config" -I"D:/SiliconLabs/SimplicityStudio/v4_2/developer/sdks/gecko_sdk_suite/v1.1//platform/emdrv/tempdrv/config" -I"D:/SiliconLabs/SimplicityStudio/v4_2/developer/sdks/gecko_sdk_suite/v1.1//platform/emdrv/uartdrv/config" -I"D:/SiliconLabs/SimplicityStudio/v4_2/developer/sdks/gecko_sdk_suite/v1.1//platform/emdrv/tempdrv/inc" -I"D:/SiliconLabs/SimplicityStudio/v4_2/developer/sdks/gecko_sdk_suite/v1.1//platform/emdrv/nvm/config" -I"D:/SiliconLabs/SimplicityStudio/v4_2/developer/sdks/gecko_sdk_suite/v1.1//platform/emlib/inc" -I"D:\GoogleDriveCLT\GoogleDrive\WeatherCloud\Roadboard\Software\Road-Board-December-2016N8\BGM111\Studio_Work\soc-empty-UARTTst2\inc" -I"D:/SiliconLabs/SimplicityStudio/v4_2/developer/sdks/gecko_sdk_suite/v1.1//platform/emdrv/sleep/inc" -I"D:/SiliconLabs/SimplicityStudio/v4_2/developer/sdks/gecko_sdk_suite/v1.1//hardware/kit/EFR32BG1_BRD4302A/config" -I"D:/SiliconLabs/SimplicityStudio/v4_2/developer/sdks/gecko_sdk_suite/v1.1//platform/emdrv/nvm/inc" -I"D:/SiliconLabs/SimplicityStudio/v4_2/developer/sdks/gecko_sdk_suite/v1.1//protocol/bluetooth_2.4/ble_stack/inc/common" -I"D:/SiliconLabs/SimplicityStudio/v4_2/developer/sdks/gecko_sdk_suite/v1.1//platform/bootloader/api" -I"D:/SiliconLabs/SimplicityStudio/v4_2/developer/sdks/gecko_sdk_suite/v1.1//platform/emdrv/common/inc" -O0 -fno-short-enums -Wall -c -fmessage-length=0 -ffunction-sections -fdata-sections -mfpu=fpv4-sp-d16 -mfloat-abi=hard -MMD -MP -MF"uart_echo.d" -MT"uart_echo.o" -o "uart_echo.o" "../uart_echo.c"
Building file: D:/SiliconLabs/SimplicityStudio/v4_2/developer/sdks/gecko_sdk_suite/v1.1/platform/emdrv/uartdrv/src/uartdrv.c
Invoking: GNU ARM C Compiler
arm-none-eabi-gcc -g3 -gdwarf-2 -mcpu=cortex-m4 -mthumb -std=c99 '-D__NO_SYSTEM_INIT=1\n' '-DEFR32BG1B232F256GM48=1' '-DSILABS_AF_USE_HWCONF=1' -I"D:/SiliconLabs/SimplicityStudio/v4_2/developer/sdks/gecko_sdk_suite/v1.1//hardware/kit/common/bsp" -I"D:/SiliconLabs/SimplicityStudio/v4_2/developer/sdks/gecko_sdk_suite/v1.1//platform/Device/SiliconLabs/EFR32BG1B/Include" -I"D:/SiliconLabs/SimplicityStudio/v4_2/developer/sdks/gecko_sdk_suite/v1.1//platform/CMSIS/Include" -I"D:/SiliconLabs/SimplicityStudio/v4_2/developer/sdks/gecko_sdk_suite/v1.1//hardware/kit/common/drivers" -I"D:/SiliconLabs/SimplicityStudio/v4_2/developer/sdks/gecko_sdk_suite/v1.1//platform/radio/rail_lib/chip/efr32" -I"D:/SiliconLabs/SimplicityStudio/v4_2/developer/sdks/gecko_sdk_suite/v1.1//platform/emdrv/dmadrv/inc" -I"D:/SiliconLabs/SimplicityStudio/v4_2/developer/sdks/gecko_sdk_suite/v1.1//platform/emdrv/uartdrv/inc" -I"D:/SiliconLabs/SimplicityStudio/v4_2/developer/sdks/gecko_sdk_suite/v1.1//platform/radio/rail_lib/common" -I"D:\GoogleDriveCLT\GoogleDrive\WeatherCloud\Roadboard\Software\Road-Board-December-2016N8\BGM111\Studio_Work\soc-empty-UARTTst2" -I"D:/SiliconLabs/SimplicityStudio/v4_2/developer/sdks/gecko_sdk_suite/v1.1//platform/emdrv/spidrv/inc" -I"D:/SiliconLabs/SimplicityStudio/v4_2/developer/sdks/gecko_sdk_suite/v1.1//protocol/bluetooth_2.4/ble_stack/inc/soc" -I"D:/SiliconLabs/SimplicityStudio/v4_2/developer/sdks/gecko_sdk_suite/v1.1//platform/emdrv/gpiointerrupt/inc" -I"D:/SiliconLabs/SimplicityStudio/v4_2/developer/sdks/gecko_sdk_suite/v1.1//platform/emdrv/rtcdrv/inc" -I"D:/SiliconLabs/SimplicityStudio/v4_2/developer/sdks/gecko_sdk_suite/v1.1//platform/emdrv/spidrv/config" -I"D:\GoogleDriveCLT\GoogleDrive\WeatherCloud\Roadboard\Software\Road-Board-December-2016N8\BGM111\Studio_Work\soc-empty-UARTTst2\src" -I"D:/SiliconLabs/SimplicityStudio/v4_2/developer/sdks/gecko_sdk_suite/v1.1//platform/emdrv/rtcdrv/config" -I"D:/SiliconLabs/SimplicityStudio/v4_2/developer/sdks/gecko_sdk_suite/v1.1//platform/emdrv/ustimer/inc" -I"D:/SiliconLabs/SimplicityStudio/v4_2/developer/sdks/gecko_sdk_suite/v1.1//platform/radio/rail_lib/chip/efr32/rf/common/cortex" -I"D:/SiliconLabs/SimplicityStudio/v4_2/developer/sdks/gecko_sdk_suite/v1.1//platform/emdrv/ustimer/config" -I"D:/SiliconLabs/SimplicityStudio/v4_2/developer/sdks/gecko_sdk_suite/v1.1//platform/emdrv/dmadrv/config" -I"D:/SiliconLabs/SimplicityStudio/v4_2/developer/sdks/gecko_sdk_suite/v1.1//platform/emdrv/tempdrv/config" -I"D:/SiliconLabs/SimplicityStudio/v4_2/developer/sdks/gecko_sdk_suite/v1.1//platform/emdrv/uartdrv/config" -I"D:/SiliconLabs/SimplicityStudio/v4_2/developer/sdks/gecko_sdk_suite/v1.1//platform/emdrv/tempdrv/inc" -I"D:/SiliconLabs/SimplicityStudio/v4_2/developer/sdks/gecko_sdk_suite/v1.1//platform/emdrv/nvm/config" -I"D:/SiliconLabs/SimplicityStudio/v4_2/developer/sdks/gecko_sdk_suite/v1.1//platform/emlib/inc" -I"D:\GoogleDriveCLT\GoogleDrive\WeatherCloud\Roadboard\Software\Road-Board-December-2016N8\BGM111\Studio_Work\soc-empty-UARTTst2\inc" -I"D:/SiliconLabs/SimplicityStudio/v4_2/developer/sdks/gecko_sdk_suite/v1.1//platform/emdrv/sleep/inc" -I"D:/SiliconLabs/SimplicityStudio/v4_2/developer/sdks/gecko_sdk_suite/v1.1//hardware/kit/EFR32BG1_BRD4302A/config" -I"D:/SiliconLabs/SimplicityStudio/v4_2/developer/sdks/gecko_sdk_suite/v1.1//platform/emdrv/nvm/inc" -I"D:/SiliconLabs/SimplicityStudio/v4_2/developer/sdks/gecko_sdk_suite/v1.1//protocol/bluetooth_2.4/ble_stack/inc/common" -I"D:/SiliconLabs/SimplicityStudio/v4_2/developer/sdks/gecko_sdk_suite/v1.1//platform/bootloader/api" -I"D:/SiliconLabs/SimplicityStudio/v4_2/developer/sdks/gecko_sdk_suite/v1.1//platform/emdrv/common/inc" -O0 -fno-short-enums -Wall -c -fmessage-length=0 -ffunction-sections -fdata-sections -mfpu=fpv4-sp-d16 -mfloat-abi=hard -MMD -MP -MF"uartdrv.d" -MT"uartdrv.o" -o "uartdrv.o" "D:/SiliconLabs/SimplicityStudio/v4_2/developer/sdks/gecko_sdk_suite/v1.1/platform/emdrv/uartdrv/src/uartdrv.c"
In file included from ../uart_echo.c:12:0:
d:\siliconlabs\simplicitystudio\v4_2\developer\sdks\gecko_sdk_suite\v1.1\platform\emlib\inc\em_int.h:49:2: warning: #warning "The INT module is deprecated and marked for removal in a later release. Please use the new CORE module instead. See \"Porting from em_int\" in the CORE documentation for instructions." [-Wcpp]
 #warning "The INT module is deprecated and marked for removal in a later release. Please use the new CORE module instead. See \"Porting from em_int\" in the CORE documentation for instructions."
  ^
../uart_echo.c:59:13: warning: 'UART_rx_callback' defined but not used [-Wunused-function]
 static void UART_rx_callback(UARTDRV_Handle_t handle, Ecode_t transferStatus, uint8_t *data,
             ^
Finished building: D:/SiliconLabs/SimplicityStudio/v4_2/developer/sdks/gecko_sdk_suite/v1.1/platform/emdrv/gpiointerrupt/src/gpiointerrupt.c
 
Finished building: ../main.c
 
Finished building: ../uart_echo.c
 
Finished building: D:/SiliconLabs/SimplicityStudio/v4_2/developer/sdks/gecko_sdk_suite/v1.1/platform/emdrv/uartdrv/src/uartdrv.c
 
Building target: soc-empty-UARTTst2.axf
Invoking: GNU ARM C Linker
arm-none-eabi-gcc -g3 -gdwarf-2 -mcpu=cortex-m4 -mthumb -T "D:\GoogleDriveCLT\GoogleDrive\WeatherCloud\Roadboard\Software\Road-Board-December-2016N8\BGM111\Studio_Work\soc-empty-UARTTst2\linker\GCC\efr32bg1b232f256gm56.ld" -Xlinker -no-enum-size-warning -Xlinker -no-wchar-size-warning -Xlinker --gc-sections -Xlinker -Map="soc-empty-UARTTst2.map" -mfpu=fpv4-sp-d16 -mfloat-abi=hard -o soc-empty-UARTTst2.axf "./application_properties.o" "./gatt_db.o" "./gpiointerrupt.o" "./main.o" "./uart_echo.o" "./uartdrv.o" "./bgapi/dmadrv.o" "./bgapi/em_adc.o" "./bgapi/em_ldma.o" "./bgapi/em_leuart.o" "./device/EFR32_B_1_1_B/gcc/startup_efr32bg1b.o" "./emlib/em_cmu.o" "./emlib/em_cryotimer.o" "./emlib/em_gpio.o" "./emlib/em_i2c.o" "./emlib/em_msc.o" "./emlib/em_rtcc.o" "./emlib/em_system.o" "./emlib/em_timer.o" "./emlib/em_usart.o" "./src/InitDevice.o" "D:/SiliconLabs/SimplicityStudio/v4_2/developer/sdks/gecko_sdk_suite/v1.1//protocol/bluetooth_2.4/lib/EFR32BG1B/EABI/binbootloader.o" "D:/SiliconLabs/SimplicityStudio/v4_2/developer/sdks/gecko_sdk_suite/v1.1//protocol/bluetooth_2.4/lib/EFR32BG1B/GCC/bgapi.a" "D:/SiliconLabs/SimplicityStudio/v4_2/developer/sdks/gecko_sdk_suite/v1.1//protocol/bluetooth_2.4/lib/EFR32BG1B/EABI/stack.a" "D:/SiliconLabs/SimplicityStudio/v4_2/developer/sdks/gecko_sdk_suite/v1.1//protocol/bluetooth_2.4/lib/EFR32BG1B/EABI/binstack.o" -Wl,--start-group -lgcc -lc -lnosys -Wl,--end-group
Finished building target: soc-empty-UARTTst2.axf
 
Building hex file: soc-empty-UARTTst2.hex
arm-none-eabi-objcopy -O ihex "soc-empty-UARTTst2.axf" "soc-empty-UARTTst2.hex"
 
Building bin file: soc-empty-UARTTst2.bin
arm-none-eabi-objcopy -O binary "soc-empty-UARTTst2.axf" "soc-empty-UARTTst2.bin"
 
Building s37 file: soc-empty-UARTTst2.s37
arm-none-eabi-objcopy -O srec "soc-empty-UARTTst2.axf" "soc-empty-UARTTst2.s37"
 
Running size tool
arm-none-eabi-size "soc-empty-UARTTst2.axf"
   text	   data	    bss	    dec	    hex	filename
 160615	   1104	   7181	 168900	  293c4	soc-empty-UARTTst2.axf
 

12:58:38 Build Finished (took 6s.386ms)

