###############################################################################
#
# IAR ELF Linker V7.60.2.11341/W32 for ARM                30/Jan/2018  09:37:07
# Copyright 2007-2016 IAR Systems AB.
#
#    Output file  =  
#        D:\GoogleDriveCLT\GoogleDrive\WeatherCloud\Roadboard\Software\Road-Board-December-2016N8\EWARM\WeatherMesh\Exe\Road
#        Board Rev K NUCLEO V1.1 Jul 12 2016.out
#    Map file     =  
#        D:\GoogleDriveCLT\GoogleDrive\WeatherCloud\Roadboard\Software\Road-Board-December-2016N8\EWARM\WeatherMesh\List\Road
#        Board Rev K NUCLEO V1.1 Jul 12 2016.map
#    Command line =  
#        D:\GoogleDriveCLT\GoogleDrive\WeatherCloud\Roadboard\Software\Road-Board-December-2016N8\EWARM\WeatherMesh\Obj\adc.o
#        D:\GoogleDriveCLT\GoogleDrive\WeatherCloud\Roadboard\Software\Road-Board-December-2016N8\EWARM\WeatherMesh\Obj\app_data.o
#        D:\GoogleDriveCLT\GoogleDrive\WeatherCloud\Roadboard\Software\Road-Board-December-2016N8\EWARM\WeatherMesh\Obj\barometer.o
#        D:\GoogleDriveCLT\GoogleDrive\WeatherCloud\Roadboard\Software\Road-Board-December-2016N8\EWARM\WeatherMesh\Obj\bgm111.o
#        D:\GoogleDriveCLT\GoogleDrive\WeatherCloud\Roadboard\Software\Road-Board-December-2016N8\EWARM\WeatherMesh\Obj\BootMonitor.o
#        D:\GoogleDriveCLT\GoogleDrive\WeatherCloud\Roadboard\Software\Road-Board-December-2016N8\EWARM\WeatherMesh\Obj\Calibration.o
#        D:\GoogleDriveCLT\GoogleDrive\WeatherCloud\Roadboard\Software\Road-Board-December-2016N8\EWARM\WeatherMesh\Obj\cmsis_os.o
#        D:\GoogleDriveCLT\GoogleDrive\WeatherCloud\Roadboard\Software\Road-Board-December-2016N8\EWARM\WeatherMesh\Obj\croutine.o
#        D:\GoogleDriveCLT\GoogleDrive\WeatherCloud\Roadboard\Software\Road-Board-December-2016N8\EWARM\WeatherMesh\Obj\dma.o
#        D:\GoogleDriveCLT\GoogleDrive\WeatherCloud\Roadboard\Software\Road-Board-December-2016N8\EWARM\WeatherMesh\Obj\ErrorCodes.o
#        D:\GoogleDriveCLT\GoogleDrive\WeatherCloud\Roadboard\Software\Road-Board-December-2016N8\EWARM\WeatherMesh\Obj\event_groups.o
#        D:\GoogleDriveCLT\GoogleDrive\WeatherCloud\Roadboard\Software\Road-Board-December-2016N8\EWARM\WeatherMesh\Obj\fix_fft.o
#        D:\GoogleDriveCLT\GoogleDrive\WeatherCloud\Roadboard\Software\Road-Board-December-2016N8\EWARM\WeatherMesh\Obj\Flash.o
#        D:\GoogleDriveCLT\GoogleDrive\WeatherCloud\Roadboard\Software\Road-Board-December-2016N8\EWARM\WeatherMesh\Obj\freertos.o
#        D:\GoogleDriveCLT\GoogleDrive\WeatherCloud\Roadboard\Software\Road-Board-December-2016N8\EWARM\WeatherMesh\Obj\gecko_bglib.o
#        D:\GoogleDriveCLT\GoogleDrive\WeatherCloud\Roadboard\Software\Road-Board-December-2016N8\EWARM\WeatherMesh\Obj\gpio.o
#        D:\GoogleDriveCLT\GoogleDrive\WeatherCloud\Roadboard\Software\Road-Board-December-2016N8\EWARM\WeatherMesh\Obj\GridEye.o
#        D:\GoogleDriveCLT\GoogleDrive\WeatherCloud\Roadboard\Software\Road-Board-December-2016N8\EWARM\WeatherMesh\Obj\heap_4.o
#        D:\GoogleDriveCLT\GoogleDrive\WeatherCloud\Roadboard\Software\Road-Board-December-2016N8\EWARM\WeatherMesh\Obj\Humidity.o
#        D:\GoogleDriveCLT\GoogleDrive\WeatherCloud\Roadboard\Software\Road-Board-December-2016N8\EWARM\WeatherMesh\Obj\i2c.o
#        D:\GoogleDriveCLT\GoogleDrive\WeatherCloud\Roadboard\Software\Road-Board-December-2016N8\EWARM\WeatherMesh\Obj\list.o
#        D:\GoogleDriveCLT\GoogleDrive\WeatherCloud\Roadboard\Software\Road-Board-December-2016N8\EWARM\WeatherMesh\Obj\lps25hb.o
#        D:\GoogleDriveCLT\GoogleDrive\WeatherCloud\Roadboard\Software\Road-Board-December-2016N8\EWARM\WeatherMesh\Obj\main.o
#        D:\GoogleDriveCLT\GoogleDrive\WeatherCloud\Roadboard\Software\Road-Board-December-2016N8\EWARM\WeatherMesh\Obj\parser.o
#        D:\GoogleDriveCLT\GoogleDrive\WeatherCloud\Roadboard\Software\Road-Board-December-2016N8\EWARM\WeatherMesh\Obj\port.o
#        D:\GoogleDriveCLT\GoogleDrive\WeatherCloud\Roadboard\Software\Road-Board-December-2016N8\EWARM\WeatherMesh\Obj\portasm.o
#        D:\GoogleDriveCLT\GoogleDrive\WeatherCloud\Roadboard\Software\Road-Board-December-2016N8\EWARM\WeatherMesh\Obj\queue.o
#        D:\GoogleDriveCLT\GoogleDrive\WeatherCloud\Roadboard\Software\Road-Board-December-2016N8\EWARM\WeatherMesh\Obj\Rd_Sound.o
#        D:\GoogleDriveCLT\GoogleDrive\WeatherCloud\Roadboard\Software\Road-Board-December-2016N8\EWARM\WeatherMesh\Obj\RGBLight.o
#        D:\GoogleDriveCLT\GoogleDrive\WeatherCloud\Roadboard\Software\Road-Board-December-2016N8\EWARM\WeatherMesh\Obj\s_record.o
#        D:\GoogleDriveCLT\GoogleDrive\WeatherCloud\Roadboard\Software\Road-Board-December-2016N8\EWARM\WeatherMesh\Obj\startup_stm32l152xe.o
#        D:\GoogleDriveCLT\GoogleDrive\WeatherCloud\Roadboard\Software\Road-Board-December-2016N8\EWARM\WeatherMesh\Obj\stm32l1xx_hal.o
#        D:\GoogleDriveCLT\GoogleDrive\WeatherCloud\Roadboard\Software\Road-Board-December-2016N8\EWARM\WeatherMesh\Obj\stm32l1xx_hal_adc.o
#        D:\GoogleDriveCLT\GoogleDrive\WeatherCloud\Roadboard\Software\Road-Board-December-2016N8\EWARM\WeatherMesh\Obj\stm32l1xx_hal_adc_ex.o
#        D:\GoogleDriveCLT\GoogleDrive\WeatherCloud\Roadboard\Software\Road-Board-December-2016N8\EWARM\WeatherMesh\Obj\stm32l1xx_hal_cortex.o
#        D:\GoogleDriveCLT\GoogleDrive\WeatherCloud\Roadboard\Software\Road-Board-December-2016N8\EWARM\WeatherMesh\Obj\stm32l1xx_hal_dma.o
#        D:\GoogleDriveCLT\GoogleDrive\WeatherCloud\Roadboard\Software\Road-Board-December-2016N8\EWARM\WeatherMesh\Obj\stm32l1xx_hal_flash.o
#        D:\GoogleDriveCLT\GoogleDrive\WeatherCloud\Roadboard\Software\Road-Board-December-2016N8\EWARM\WeatherMesh\Obj\stm32l1xx_hal_flash_ex.o
#        D:\GoogleDriveCLT\GoogleDrive\WeatherCloud\Roadboard\Software\Road-Board-December-2016N8\EWARM\WeatherMesh\Obj\stm32l1xx_hal_flash_ramfunc.o
#        D:\GoogleDriveCLT\GoogleDrive\WeatherCloud\Roadboard\Software\Road-Board-December-2016N8\EWARM\WeatherMesh\Obj\stm32l1xx_hal_gpio.o
#        D:\GoogleDriveCLT\GoogleDrive\WeatherCloud\Roadboard\Software\Road-Board-December-2016N8\EWARM\WeatherMesh\Obj\stm32l1xx_hal_i2c.o
#        D:\GoogleDriveCLT\GoogleDrive\WeatherCloud\Roadboard\Software\Road-Board-December-2016N8\EWARM\WeatherMesh\Obj\stm32l1xx_hal_msp.o
#        D:\GoogleDriveCLT\GoogleDrive\WeatherCloud\Roadboard\Software\Road-Board-December-2016N8\EWARM\WeatherMesh\Obj\stm32l1xx_hal_pcd.o
#        D:\GoogleDriveCLT\GoogleDrive\WeatherCloud\Roadboard\Software\Road-Board-December-2016N8\EWARM\WeatherMesh\Obj\stm32l1xx_hal_pcd_ex.o
#        D:\GoogleDriveCLT\GoogleDrive\WeatherCloud\Roadboard\Software\Road-Board-December-2016N8\EWARM\WeatherMesh\Obj\stm32l1xx_hal_pwr.o
#        D:\GoogleDriveCLT\GoogleDrive\WeatherCloud\Roadboard\Software\Road-Board-December-2016N8\EWARM\WeatherMesh\Obj\stm32l1xx_hal_pwr_ex.o
#        D:\GoogleDriveCLT\GoogleDrive\WeatherCloud\Roadboard\Software\Road-Board-December-2016N8\EWARM\WeatherMesh\Obj\stm32l1xx_hal_rcc.o
#        D:\GoogleDriveCLT\GoogleDrive\WeatherCloud\Roadboard\Software\Road-Board-December-2016N8\EWARM\WeatherMesh\Obj\stm32l1xx_hal_rcc_ex.o
#        D:\GoogleDriveCLT\GoogleDrive\WeatherCloud\Roadboard\Software\Road-Board-December-2016N8\EWARM\WeatherMesh\Obj\stm32l1xx_hal_tim.o
#        D:\GoogleDriveCLT\GoogleDrive\WeatherCloud\Roadboard\Software\Road-Board-December-2016N8\EWARM\WeatherMesh\Obj\stm32l1xx_hal_tim_ex.o
#        D:\GoogleDriveCLT\GoogleDrive\WeatherCloud\Roadboard\Software\Road-Board-December-2016N8\EWARM\WeatherMesh\Obj\stm32l1xx_hal_timebase_TIM.o
#        D:\GoogleDriveCLT\GoogleDrive\WeatherCloud\Roadboard\Software\Road-Board-December-2016N8\EWARM\WeatherMesh\Obj\stm32l1xx_hal_uart.o
#        D:\GoogleDriveCLT\GoogleDrive\WeatherCloud\Roadboard\Software\Road-Board-December-2016N8\EWARM\WeatherMesh\Obj\stm32l1xx_hal_wwdg.o
#        D:\GoogleDriveCLT\GoogleDrive\WeatherCloud\Roadboard\Software\Road-Board-December-2016N8\EWARM\WeatherMesh\Obj\stm32l1xx_it.o
#        D:\GoogleDriveCLT\GoogleDrive\WeatherCloud\Roadboard\Software\Road-Board-December-2016N8\EWARM\WeatherMesh\Obj\stm32l1xx_nucleo.o
#        D:\GoogleDriveCLT\GoogleDrive\WeatherCloud\Roadboard\Software\Road-Board-December-2016N8\EWARM\WeatherMesh\Obj\system_stm32l1xx.o
#        D:\GoogleDriveCLT\GoogleDrive\WeatherCloud\Roadboard\Software\Road-Board-December-2016N8\EWARM\WeatherMesh\Obj\tasks.o
#        D:\GoogleDriveCLT\GoogleDrive\WeatherCloud\Roadboard\Software\Road-Board-December-2016N8\EWARM\WeatherMesh\Obj\Temperature.o
#        D:\GoogleDriveCLT\GoogleDrive\WeatherCloud\Roadboard\Software\Road-Board-December-2016N8\EWARM\WeatherMesh\Obj\tim.o
#        D:\GoogleDriveCLT\GoogleDrive\WeatherCloud\Roadboard\Software\Road-Board-December-2016N8\EWARM\WeatherMesh\Obj\timers.o
#        D:\GoogleDriveCLT\GoogleDrive\WeatherCloud\Roadboard\Software\Road-Board-December-2016N8\EWARM\WeatherMesh\Obj\usart.o
#        D:\GoogleDriveCLT\GoogleDrive\WeatherCloud\Roadboard\Software\Road-Board-December-2016N8\EWARM\WeatherMesh\Obj\usb_device.o
#        D:\GoogleDriveCLT\GoogleDrive\WeatherCloud\Roadboard\Software\Road-Board-December-2016N8\EWARM\WeatherMesh\Obj\usbd_cdc.o
#        D:\GoogleDriveCLT\GoogleDrive\WeatherCloud\Roadboard\Software\Road-Board-December-2016N8\EWARM\WeatherMesh\Obj\usbd_cdc_if.o
#        D:\GoogleDriveCLT\GoogleDrive\WeatherCloud\Roadboard\Software\Road-Board-December-2016N8\EWARM\WeatherMesh\Obj\usbd_conf.o
#        D:\GoogleDriveCLT\GoogleDrive\WeatherCloud\Roadboard\Software\Road-Board-December-2016N8\EWARM\WeatherMesh\Obj\usbd_core.o
#        D:\GoogleDriveCLT\GoogleDrive\WeatherCloud\Roadboard\Software\Road-Board-December-2016N8\EWARM\WeatherMesh\Obj\usbd_ctlreq.o
#        D:\GoogleDriveCLT\GoogleDrive\WeatherCloud\Roadboard\Software\Road-Board-December-2016N8\EWARM\WeatherMesh\Obj\usbd_desc.o
#        D:\GoogleDriveCLT\GoogleDrive\WeatherCloud\Roadboard\Software\Road-Board-December-2016N8\EWARM\WeatherMesh\Obj\usbd_ioreq.o
#        D:\GoogleDriveCLT\GoogleDrive\WeatherCloud\Roadboard\Software\Road-Board-December-2016N8\EWARM\WeatherMesh\Obj\VMonitor.o
#        D:\GoogleDriveCLT\GoogleDrive\WeatherCloud\Roadboard\Software\Road-Board-December-2016N8\EWARM\WeatherMesh\Obj\wwdg.o
#        --redirect _Printf=_PrintfFull --redirect _Scanf=_ScanfFull -o
#        "D:\GoogleDriveCLT\GoogleDrive\WeatherCloud\Roadboard\Software\Road-Board-December-2016N8\EWARM\WeatherMesh\Exe\Road
#        Board Rev K NUCLEO V1.1 Jul 12 2016.out" --map
#        "D:\GoogleDriveCLT\GoogleDrive\WeatherCloud\Roadboard\Software\Road-Board-December-2016N8\EWARM\WeatherMesh\List\Road
#        Board Rev K NUCLEO V1.1 Jul 12 2016.map" --config
#        D:\GoogleDriveCLT\GoogleDrive\WeatherCloud\Roadboard\Software\Road-Board-December-2016N8\EWARM/stm32l152xe_flash.icf
#        --semihosting --entry __iar_program_start --vfe
#
###############################################################################

*******************************************************************************
*** RUNTIME MODEL ATTRIBUTES
***

CppFlavor                     = *
__Heap_Handler                = Basic
__SystemLibrary               = DLib
__dlib_dynamic_initialization = normal


*******************************************************************************
*** PLACEMENT SUMMARY
***

"A1":  place at 0x08000000 { ro section .intvec };
"P1":  place in [from 0x08000000 to 0x0807ffff] { ro };
"P2":  place in [from 0x20000000 to 0x20013fff] { rw, block CSTACK, block HEAP };
initialize by copy { rw };

  Section             Kind        Address     Size  Object
  -------             ----        -------     ----  ------
"A1":                                        0x124
  .intvec             ro code  0x08000000    0x124  startup_stm32l152xe.o [1]
                             - 0x08000124    0x124

"P1":                                      0x1dfec
  .text               ro code  0x08000124   0x5078  parser.o [1]
  .text               ro code  0x0800519c     0x36  strlen.o [5]
  .text               ro code  0x080051d2     0x1e  xsscin.o [3]
  .text               ro code  0x080051f0     0x44  strcpy_unaligned.o [5]
  .text               ro code  0x08005234     0x34  sprintf.o [3]
  .text               ro code  0x08005268    0x5c0  usart.o [1]
  .text               ro code  0x08005828    0xc50  bgm111.o [1]
  .text               ro code  0x08006478    0x80c  BootMonitor.o [1]
  .text               ro code  0x08006c84    0x240  Rd_Sound.o [1]
  .text               ro code  0x08006ec4     0x1c  strcat.o [3]
  .text               ro code  0x08006ee0    0x278  barometer.o [1]
  .text               ro code  0x08007158   0x1b48  app_data.o [1]
  .text               ro code  0x08008ca0   0x1aac  GridEye.o [1]
  .text               ro code  0x0800a74c    0x874  VMonitor.o [1]
  .text               ro code  0x0800afc0    0xcbc  Humidity.o [1]
  .text               ro code  0x0800bc7c    0x2b4  Temperature.o [1]
  .text               ro code  0x0800bf30    0x36c  RGBLight.o [1]
  .text               ro code  0x0800c29c    0x1c4  gpio.o [1]
  .text               ro code  0x0800c460    0x5a0  i2c.o [1]
  .text               ro code  0x0800ca00     0x24  sscanf.o [3]
  .text               ro code  0x0800ca24     0x4e  FltToDbl.o [4]
  .text               ro code  0x0800ca72     0x2c  strncmp.o [3]
  .text               ro code  0x0800ca9e      0xa  xsprout.o [3]
  .text               ro code  0x0800caa8    0x140  Calibration.o [1]
  .text               ro code  0x0800cbe8     0x48  stm32l1xx_hal.o [1]
  .text               ro code  0x0800cc30    0x1b0  stm32l1xx_hal_cortex.o [1]
  .text               ro code  0x0800cde0      0xa  isdigit.o [3]
  .text               ro code  0x0800cdea      0x8  atoi.o [3]
  .text               ro code  0x0800cdf4    0x30c  wwdg.o [1]
  .text               ro code  0x0800d100     0x32  I32ToFlt.o [4]
  .text               ro code  0x0800d134     0xfc  FltDiv.o [4]
  .text               ro code  0x0800d230    0x2f4  s_record.o [1]
  .text               ro code  0x0800d524   0x119e  xprintffull.o [3]
  .text               ro code  0x0800e6c4    0x8ec  stm32l1xx_hal_uart.o [1]
  .text               ro code  0x0800efb0    0x70a  main.o [1]
  .text               ro code  0x0800f6bc    0x378  stm32l1xx_hal_gpio.o [1]
  .text               ro code  0x0800fa34    0x1b0  gecko_bglib.o [1]
  .text               ro code  0x0800fbe4    0x1d6  ErrorCodes.o [1]
  .text               ro code  0x0800fdbc    0x24c  tim.o [1]
  .text               ro code  0x08010008     0x10  bgm111.o [1]
  .text               ro code  0x08010018    0x2bc  adc.o [1]
  .text               ro code  0x080102d4    0x1ac  fix_fft.o [1]
  .text               ro code  0x08010480     0xd8  FltMul.o [4]
  .text               ro code  0x08010558     0x84  FltAdd.o [4]
  .text               ro code  0x080105dc     0xf0  sqrt.o [4]
  .text               ro code  0x080106cc     0x90  DblToFlt.o [4]
  .text               ro code  0x0801075c     0x44  FltToS32.o [4]
  .text               ro code  0x080107a0    0x248  lps25hb.o [1]
  .text               ro code  0x080109e8    0x1a2  DblMul.o [4]
  .text               ro code  0x08010b8c     0x58  DblToI32.o [4]
  .text               ro code  0x08010be4     0xb8  modf.o [4]
  .text               ro code  0x08010c9c     0xe8  DblAdd.o [4]
  .text               ro code  0x08010d84     0x42  strcmp_unaligned.o [5]
  .text               ro code  0x08010dc8     0x6c  strncpy_unaligned.o [5]
  .text               ro code  0x08010e34     0x5e  floor.o [4]
  .text               ro code  0x08010e94     0x44  round.o [4]
  .text               ro code  0x08010ed8     0x24  FltCmpGe.o [4]
  .text               ro code  0x08010efc     0x30  I32ToDbl.o [4]
  .text               ro code  0x08010f2c    0x256  DblDiv.o [4]
  .text               ro code  0x08011184   0x1018  stm32l1xx_hal_i2c.o [1]
  .text               ro code  0x0801219c    0xcf0  xscanffull.o [3]
  .text               ro code  0x08012e8c    0x158  Flash.o [1]
  .text               ro code  0x08012fe4     0x90  stm32l1xx_hal_timebase_TIM.o [1]
  .text               ro code  0x08013074     0x98  stm32l1xx_hal_msp.o [1]
  .text               ro code  0x0801310c    0x198  xstoul.o [3]
  .text               ro code  0x080132a4     0xd6  stm32l1xx_hal_wwdg.o [1]
  .text               ro code  0x0801337a     0x20  xmbtowc.o [3]
  .text               ro code  0x0801339c     0x16  strchr.o [5]
  .text               ro code  0x080133b4     0x58  memchr.o [5]
  .text               ro code  0x0801340c      0xa  xmbcurmax.o [3]
  .text               ro code  0x08013418     0xb0  xxmemxmalloc.o [3]
  .text               ro code  0x080134c8     0x1a  xwctomb.o [3]
  .text               ro code  0x080134e4     0x76  ABImemcpy_unaligned.o [5]
  .text               ro code  0x0801355c     0x80  xxmemxfree.o [3]
  .text               ro code  0x080135dc     0xee  I64DivMod.o [5]
  .text               ro code  0x080136ca     0x44  xdnorm.o [4]
  .text               ro code  0x08013710     0x2e  DblCmpLe.o [4]
  .text               ro code  0x08013740     0x2e  DblCmpGe.o [4]
  .text               ro code  0x08013770    0x10c  xdscale.o [4]
  .text               ro code  0x0801387c    0x180  DblSub.o [4]
  .text               ro code  0x080139fc     0x6c  localeconv.o [3]
  .text               ro code  0x08013a68      0xe  div.o [3]
  .text               ro code  0x08013a78    0xcd4  stm32l1xx_hal_rcc.o [1]
  .text               ro code  0x0801474c     0x30  dma.o [1]
  .text               ro code  0x0801477c     0x64  system_stm32l1xx.o [1]
  .text               ro code  0x080147e0    0x3da  stm32l1xx_hal_tim.o [1]
  .text               ro code  0x08014bba     0x5e  stm32l1xx_hal_tim_ex.o [1]
  .text               ro code  0x08014c18     0x2e  strstr.o [3]
  .text               ro code  0x08014c48    0x82a  stm32l1xx_hal_adc.o [1]
  .text               ro code  0x08015474    0xefe  stm32l1xx_hal_dma.o [1]
  .text               ro code  0x08016372     0x1c  fix_fft.o [1]
  .text               ro code  0x08016390     0xd6  FltSub.o [4]
  .text               ro code  0x08016468      0xc  iarEdom.o [5]
  .text               ro code  0x08016474     0x5e  ABImemset.o [5]
  .text               ro code  0x080164d2     0x7a  xdint.o [4]
  .text               ro code  0x0801654c     0x40  xwctob.o [3]
  .text               ro code  0x0801658c     0x28  isxxx.o [3]
  .text               ro code  0x080165b4     0xa6  xstoll.o [3]
  .text               ro code  0x0801665c    0x1b0  xstoull.o [3]
  .text               ro code  0x0801680c    0x14c  xstold.o [4]
  .text               ro code  0x08016958    0x198  stm32l1xx_hal_flash.o [1]
  .text               ro code  0x08016af0     0x5e  ceil.o [4]
  .text               ro code  0x08016b50     0xcc  stm32l1xx_hal_flash_ex.o [1]
  .text               ro code  0x08016c1c     0x14  tolower.o [3]
  .text               ro code  0x08016c30      0xc  errno.o [3]
  .text               ro code  0x08016c3c     0x28  setlocale.o [3]
  .text               ro code  0x08016c64     0x60  xencoding_sb.o [3]
  .text               ro code  0x08016cc4     0x2c  xgetmemchunk.o [3]
  .text               ro code  0x08016cf0      0x2  I64DivZer.o [5]
  .text               ro code  0x08016cf2      0x2  xtls.o [3]
  .text               ro code  0x08016cf4     0x10  stm32l1xx_hal_pwr_ex.o [1]
  .text               ro code  0x08016d04     0x16  xlocale_c.o [3]
  .text               ro code  0x08016d1a     0x14  xlocale_c.o [3]
  .text               ro code  0x08016d2e    0x122  xstopfx.o [3]
  .text               ro code  0x08016e50    0x1d0  xstoflt.o [3]
  .rodata             const    0x08017020     0x64  Calibration.o [1]
  .text               ro code  0x08017088    0x200  xdtento.o [4]
  .text               ro code  0x08017288    0x234  xstoxflt.o [3]
  .text               ro code  0x080174bc      0xc  xlocale_c.o [3]
  .text               ro code  0x080174c8     0x20  DblCmpEq.o [4]
  .text               ro code  0x080174e8     0x52  xdunscal.o [4]
  .text               ro code  0x0801753a   0x1074  stm32l1xx_hal_pcd.o [1]
  .text               ro code  0x080185b0    0x198  usbd_conf.o [1]
  .text               ro code  0x08018748    0x2c8  usbd_core.o [1]
  .text               ro code  0x08018a10    0x608  usbd_ctlreq.o [1]
  .text               ro code  0x08019018     0x90  usbd_ioreq.o [1]
  .text               ro code  0x080190a8    0x224  tasks.o [1]
  CODE                ro code  0x080192cc     0x94  portasm.o [1]
  .text               ro code  0x08019360     0x40  list.o [1]
  .rodata             const    0x080193a0     0xc0  fix_fft.o [1]
  .text               ro code  0x08019460     0x84  stm32l1xx_it.o [1]
  .text               ro code  0x080194e4     0x10  cmsis_os.o [1]
  .text               ro code  0x080194f4     0x24  port.o [1]
  .rodata             const    0x08019518     0x60  ErrorCodes.o [1]
  .rodata             const    0x08019578     0x4c  BootMonitor.o [1]
  .rodata             const    0x080195c4     0x4c  BootMonitor.o [1]
  .rodata             const    0x08019610     0x4c  BootMonitor.o [1]
  .rodata             const    0x0801965c     0x4c  parser.o [1]
  .rodata             const    0x080196a8     0x4c  parser.o [1]
  .rodata             const    0x080196f4     0x4c  parser.o [1]
  .rodata             const    0x08019740     0x48  BootMonitor.o [1]
  .rodata             const    0x08019788     0x48  BootMonitor.o [1]
  .rodata             const    0x080197d0     0x48  BootMonitor.o [1]
  .rodata             const    0x08019818     0x48  parser.o [1]
  .rodata             const    0x08019860     0x48  parser.o [1]
  .rodata             const    0x080198a8     0x48  parser.o [1]
  .rodata             const    0x080198f0     0x48  parser.o [1]
  .rodata             const    0x08019938     0x48  parser.o [1]
  .rodata             const    0x08019980     0x44  parser.o [1]
  .rodata             const    0x080199c4     0x44  parser.o [1]
  .rodata             const    0x08019a08     0x44  parser.o [1]
  .rodata             const    0x08019a4c     0x40  BootMonitor.o [1]
  .rodata             const    0x08019a8c     0x40  BootMonitor.o [1]
  .rodata             const    0x08019acc     0x40  main.o [1]
  .rodata             const    0x08019b0c     0x40  main.o [1]
  .rodata             const    0x08019b4c     0x40  parser.o [1]
  .rodata             const    0x08019b8c     0x40  parser.o [1]
  .rodata             const    0x08019bcc     0x40  parser.o [1]
  .rodata             const    0x08019c0c     0x40  parser.o [1]
  .rodata             const    0x08019c4c     0x40  parser.o [1]
  .rodata             const    0x08019c8c     0x40  parser.o [1]
  .rodata             const    0x08019ccc     0x40  parser.o [1]
  .rodata             const    0x08019d0c     0x40  parser.o [1]
  .rodata             const    0x08019d4c     0x40  parser.o [1]
  .text               ro code  0x08019d8c     0x40  zero_init3.o [5]
  .rodata             const    0x08019dcc     0x3c  BootMonitor.o [1]
  .rodata             const    0x08019e08     0x3c  parser.o [1]
  .rodata             const    0x08019e44     0x3c  parser.o [1]
  .rodata             const    0x08019e80     0x3c  parser.o [1]
  .rodata             const    0x08019ebc     0x3c  parser.o [1]
  .rodata             const    0x08019ef8     0x38  BootMonitor.o [1]
  .rodata             const    0x08019f30     0x38  parser.o [1]
  .rodata             const    0x08019f68     0x38  parser.o [1]
  .rodata             const    0x08019fa0     0x38  parser.o [1]
  .rodata             const    0x08019fd8     0x38  parser.o [1]
  .rodata             const    0x0801a010     0x38  parser.o [1]
  .rodata             const    0x0801a048     0x38  parser.o [1]
  .text               ro code  0x0801a080     0x38  packbits_init_single.o [5]
  .rodata             const    0x0801a0b8     0x34  BootMonitor.o [1]
  .rodata             const    0x0801a0ec     0x34  main.o [1]
  .rodata             const    0x0801a120     0x34  parser.o [1]
  .rodata             const    0x0801a154     0x34  parser.o [1]
  .rodata             const    0x0801a188     0x34  parser.o [1]
  .rodata             const    0x0801a1bc     0x34  parser.o [1]
  .rodata             const    0x0801a1f0     0x34  parser.o [1]
  .rodata             const    0x0801a224     0x30  bgm111.o [1]
  .rodata             const    0x0801a254     0x30  bgm111.o [1]
  .rodata             const    0x0801a284     0x30  BootMonitor.o [1]
  .rodata             const    0x0801a2b4     0x30  BootMonitor.o [1]
  .rodata             const    0x0801a2e4     0x30  BootMonitor.o [1]
  .rodata             const    0x0801a314     0x30  BootMonitor.o [1]
  .rodata             const    0x0801a344     0x30  BootMonitor.o [1]
  .rodata             const    0x0801a374     0x30  parser.o [1]
  .rodata             const    0x0801a3a4     0x30  parser.o [1]
  .rodata             const    0x0801a3d4     0x30  parser.o [1]
  .rodata             const    0x0801a404     0x30  parser.o [1]
  .rodata             const    0x0801a434     0x30  parser.o [1]
  .rodata             const    0x0801a464     0x30  parser.o [1]
  .rodata             const    0x0801a494     0x30  parser.o [1]
  .rodata             const    0x0801a4c4     0x30  parser.o [1]
  .rodata             const    0x0801a4f4     0x30  parser.o [1]
  .rodata             const    0x0801a524     0x2c  BootMonitor.o [1]
  .rodata             const    0x0801a550     0x2c  BootMonitor.o [1]
  .rodata             const    0x0801a57c     0x2c  parser.o [1]
  .rodata             const    0x0801a5a8     0x2c  parser.o [1]
  .rodata             const    0x0801a5d4     0x2c  parser.o [1]
  .rodata             const    0x0801a600     0x2c  parser.o [1]
  .rodata             const    0x0801a62c     0x2c  parser.o [1]
  .rodata             const    0x0801a658     0x2c  parser.o [1]
  .rodata             const    0x0801a684     0x2c  parser.o [1]
  .rodata             const    0x0801a6b0     0x2c  parser.o [1]
  .rodata             const    0x0801a6dc     0x2c  parser.o [1]
  .rodata             const    0x0801a708     0x2c  parser.o [1]
  .rodata             const    0x0801a734     0x2c  parser.o [1]
  .rodata             const    0x0801a760     0x2c  parser.o [1]
  .rodata             const    0x0801a78c     0x2c  parser.o [1]
  .rodata             const    0x0801a7b8     0x2c  parser.o [1]
  .rodata             const    0x0801a7e4     0x2c  parser.o [1]
  .rodata             const    0x0801a810     0x28  BootMonitor.o [1]
  .rodata             const    0x0801a838     0x28  BootMonitor.o [1]
  .rodata             const    0x0801a860     0x28  BootMonitor.o [1]
  .rodata             const    0x0801a888     0x28  BootMonitor.o [1]
  .rodata             const    0x0801a8b0     0x28  BootMonitor.o [1]
  .rodata             const    0x0801a8d8     0x28  BootMonitor.o [1]
  .rodata             const    0x0801a900     0x28  BootMonitor.o [1]
  .rodata             const    0x0801a928     0x28  BootMonitor.o [1]
  .rodata             const    0x0801a950     0x28  BootMonitor.o [1]
  .rodata             const    0x0801a978     0x28  main.o [1]
  .rodata             const    0x0801a9a0     0x28  main.o [1]
  .rodata             const    0x0801a9c8     0x28  main.o [1]
  .rodata             const    0x0801a9f0     0x28  parser.o [1]
  .rodata             const    0x0801aa18     0x28  parser.o [1]
  .rodata             const    0x0801aa40     0x28  parser.o [1]
  .rodata             const    0x0801aa68     0x28  parser.o [1]
  .rodata             const    0x0801aa90     0x28  parser.o [1]
  .rodata             const    0x0801aab8     0x28  parser.o [1]
  .rodata             const    0x0801aae0     0x28  parser.o [1]
  .rodata             const    0x0801ab08     0x28  parser.o [1]
  .rodata             const    0x0801ab30     0x28  parser.o [1]
  .rodata             const    0x0801ab58     0x28  parser.o [1]
  .rodata             const    0x0801ab80     0x28  parser.o [1]
  .rodata             const    0x0801aba8     0x28  parser.o [1]
  .rodata             const    0x0801abd0     0x28  parser.o [1]
  .rodata             const    0x0801abf8     0x28  parser.o [1]
  .rodata             const    0x0801ac20     0x28  parser.o [1]
  .rodata             const    0x0801ac48     0x28  parser.o [1]
  .rodata             const    0x0801ac70     0x28  parser.o [1]
  .rodata             const    0x0801ac98     0x28  parser.o [1]
  .rodata             const    0x0801acc0     0x28  parser.o [1]
  .rodata             const    0x0801ace8     0x28  parser.o [1]
  .rodata             const    0x0801ad10     0x28  parser.o [1]
  .rodata             const    0x0801ad38     0x28  parser.o [1]
  .rodata             const    0x0801ad60     0x28  parser.o [1]
  .rodata             const    0x0801ad88     0x28  parser.o [1]
  .rodata             const    0x0801adb0     0x28  parser.o [1]
  .rodata             const    0x0801add8     0x28  parser.o [1]
  .rodata             const    0x0801ae00     0x28  parser.o [1]
  .rodata             const    0x0801ae28     0x28  parser.o [1]
  .rodata             const    0x0801ae50     0x28  parser.o [1]
  .rodata             const    0x0801ae78     0x28  parser.o [1]
  .rodata             const    0x0801aea0     0x28  parser.o [1]
  .rodata             const    0x0801aec8     0x28  parser.o [1]
  .rodata             const    0x0801aef0     0x28  parser.o [1]
  .rodata             const    0x0801af18     0x28  parser.o [1]
  .rodata             const    0x0801af40     0x28  parser.o [1]
  .rodata             const    0x0801af68     0x28  parser.o [1]
  .rodata             const    0x0801af90     0x28  parser.o [1]
  .rodata             const    0x0801afb8     0x28  parser.o [1]
  .rodata             const    0x0801afe0     0x28  parser.o [1]
  .rodata             const    0x0801b008     0x28  parser.o [1]
  .rodata             const    0x0801b030     0x28  parser.o [1]
  .rodata             const    0x0801b058     0x28  parser.o [1]
  .rodata             const    0x0801b080     0x28  parser.o [1]
  .rodata             const    0x0801b0a8     0x28  parser.o [1]
  .rodata             const    0x0801b0d0     0x28  parser.o [1]
  .rodata             const    0x0801b0f8     0x28  parser.o [1]
  .rodata             const    0x0801b120     0x28  parser.o [1]
  .rodata             const    0x0801b148     0x28  parser.o [1]
  .rodata             const    0x0801b170     0x28  parser.o [1]
  .rodata             const    0x0801b198     0x28  parser.o [1]
  .rodata             const    0x0801b1c0     0x28  parser.o [1]
  .rodata             const    0x0801b1e8     0x28  parser.o [1]
  .rodata             const    0x0801b210     0x28  parser.o [1]
  .rodata             const    0x0801b238     0x28  parser.o [1]
  .rodata             const    0x0801b260     0x28  parser.o [1]
  .text               ro code  0x0801b288     0x28  data_init.o [5]
  .rodata             const    0x0801b2b0     0x24  app_data.o [1]
  .rodata             const    0x0801b2d4     0x24  BootMonitor.o [1]
  .rodata             const    0x0801b2f8     0x24  BootMonitor.o [1]
  .rodata             const    0x0801b31c     0x24  BootMonitor.o [1]
  .rodata             const    0x0801b340     0x24  BootMonitor.o [1]
  .rodata             const    0x0801b364     0x24  parser.o [1]
  .rodata             const    0x0801b388     0x24  parser.o [1]
  .rodata             const    0x0801b3ac     0x24  parser.o [1]
  .rodata             const    0x0801b3d0     0x24  parser.o [1]
  .rodata             const    0x0801b3f4     0x24  parser.o [1]
  .rodata             const    0x0801b418     0x24  parser.o [1]
  .rodata             const    0x0801b43c     0x24  parser.o [1]
  .rodata             const    0x0801b460     0x24  parser.o [1]
  .rodata             const    0x0801b484     0x24  parser.o [1]
  .rodata             const    0x0801b4a8     0x24  parser.o [1]
  .rodata             const    0x0801b4cc     0x24  parser.o [1]
  .rodata             const    0x0801b4f0     0x24  parser.o [1]
  .rodata             const    0x0801b514     0x24  parser.o [1]
  .rodata             const    0x0801b538     0x24  parser.o [1]
  .rodata             const    0x0801b55c     0x24  parser.o [1]
  .rodata             const    0x0801b580     0x24  parser.o [1]
  .rodata             const    0x0801b5a4     0x24  parser.o [1]
  .rodata             const    0x0801b5c8     0x24  parser.o [1]
  .rodata             const    0x0801b5ec     0x24  parser.o [1]
  .rodata             const    0x0801b610     0x24  parser.o [1]
  .rodata             const    0x0801b634     0x24  parser.o [1]
  .rodata             const    0x0801b658     0x24  parser.o [1]
  .rodata             const    0x0801b67c     0x24  parser.o [1]
  .rodata             const    0x0801b6a0     0x24  parser.o [1]
  .rodata             const    0x0801b6c4     0x24  parser.o [1]
  .rodata             const    0x0801b6e8     0x24  parser.o [1]
  .rodata             const    0x0801b70c     0x24  parser.o [1]
  .rodata             const    0x0801b730     0x24  parser.o [1]
  .rodata             const    0x0801b754     0x24  parser.o [1]
  .rodata             const    0x0801b778     0x24  parser.o [1]
  .rodata             const    0x0801b79c     0x24  parser.o [1]
  .rodata             const    0x0801b7c0     0x24  parser.o [1]
  .rodata             const    0x0801b7e4     0x24  parser.o [1]
  .rodata             const    0x0801b808     0x24  parser.o [1]
  .rodata             const    0x0801b82c     0x24  parser.o [1]
  .rodata             const    0x0801b850     0x24  parser.o [1]
  .rodata             const    0x0801b874     0x24  parser.o [1]
  .rodata             const    0x0801b898     0x24  parser.o [1]
  .rodata             const    0x0801b8bc     0x24  parser.o [1]
  .rodata             const    0x0801b8e0     0x24  parser.o [1]
  .rodata             const    0x0801b904     0x24  parser.o [1]
  .rodata             const    0x0801b928     0x24  parser.o [1]
  .rodata             const    0x0801b94c     0x24  parser.o [1]
  .rodata             const    0x0801b970     0x24  parser.o [1]
  .rodata             const    0x0801b994     0x24  parser.o [1]
  .rodata             const    0x0801b9b8     0x24  parser.o [1]
  .rodata             const    0x0801b9dc     0x24  parser.o [1]
  .rodata             const    0x0801ba00     0x24  parser.o [1]
  .rodata             const    0x0801ba24     0x24  parser.o [1]
  .rodata             const    0x0801ba48     0x24  parser.o [1]
  .rodata             const    0x0801ba6c     0x24  parser.o [1]
  .rodata             const    0x0801ba90     0x24  parser.o [1]
  .rodata             const    0x0801bab4     0x24  parser.o [1]
  .rodata             const    0x0801bad8     0x24  parser.o [1]
  .rodata             const    0x0801bafc     0x24  parser.o [1]
  .rodata             const    0x0801bb20     0x24  parser.o [1]
  .rodata             const    0x0801bb44     0x24  parser.o [1]
  .rodata             const    0x0801bb68     0x24  parser.o [1]
  .rodata             const    0x0801bb8c     0x24  parser.o [1]
  .rodata             const    0x0801bbb0     0x24  parser.o [1]
  .iar.init_table     const    0x0801bbd4     0x30  - Linker created -
  .rodata             const    0x0801bc04     0x20  app_data.o [1]
  .rodata             const    0x0801bc24     0x20  app_data.o [1]
  .rodata             const    0x0801bc44     0x20  app_data.o [1]
  .rodata             const    0x0801bc64     0x20  app_data.o [1]
  .rodata             const    0x0801bc84     0x20  app_data.o [1]
  .rodata             const    0x0801bca4     0x20  app_data.o [1]
  .rodata             const    0x0801bcc4     0x20  app_data.o [1]
  .rodata             const    0x0801bce4     0x20  app_data.o [1]
  .rodata             const    0x0801bd04     0x20  app_data.o [1]
  .rodata             const    0x0801bd24     0x20  app_data.o [1]
  .rodata             const    0x0801bd44     0x20  app_data.o [1]
  .rodata             const    0x0801bd64     0x20  app_data.o [1]
  .rodata             const    0x0801bd84     0x20  app_data.o [1]
  .rodata             const    0x0801bda4     0x20  app_data.o [1]
  .rodata             const    0x0801bdc4     0x20  app_data.o [1]
  .rodata             const    0x0801bde4     0x20  app_data.o [1]
  .rodata             const    0x0801be04     0x20  app_data.o [1]
  .rodata             const    0x0801be24     0x20  app_data.o [1]
  .rodata             const    0x0801be44     0x20  app_data.o [1]
  .rodata             const    0x0801be64     0x20  app_data.o [1]
  .rodata             const    0x0801be84     0x20  app_data.o [1]
  .rodata             const    0x0801bea4     0x20  app_data.o [1]
  .rodata             const    0x0801bec4     0x20  app_data.o [1]
  .rodata             const    0x0801bee4     0x20  app_data.o [1]
  .rodata             const    0x0801bf04     0x20  app_data.o [1]
  .rodata             const    0x0801bf24     0x20  app_data.o [1]
  .rodata             const    0x0801bf44     0x20  app_data.o [1]
  .rodata             const    0x0801bf64     0x20  app_data.o [1]
  .rodata             const    0x0801bf84     0x20  app_data.o [1]
  .rodata             const    0x0801bfa4     0x20  app_data.o [1]
  .rodata             const    0x0801bfc4     0x20  app_data.o [1]
  .rodata             const    0x0801bfe4     0x20  app_data.o [1]
  .rodata             const    0x0801c004     0x20  app_data.o [1]
  .rodata             const    0x0801c024     0x20  app_data.o [1]
  .rodata             const    0x0801c044     0x20  bgm111.o [1]
  .rodata             const    0x0801c064     0x20  bgm111.o [1]
  .rodata             const    0x0801c084     0x20  BootMonitor.o [1]
  .rodata             const    0x0801c0a4     0x20  BootMonitor.o [1]
  .rodata             const    0x0801c0c4     0x20  BootMonitor.o [1]
  .rodata             const    0x0801c0e4     0x20  BootMonitor.o [1]
  .rodata             const    0x0801c104     0x20  BootMonitor.o [1]
  .rodata             const    0x0801c124     0x20  BootMonitor.o [1]
  .rodata             const    0x0801c144     0x20  BootMonitor.o [1]
  .rodata             const    0x0801c164     0x20  BootMonitor.o [1]
  .rodata             const    0x0801c184     0x20  BootMonitor.o [1]
  .rodata             const    0x0801c1a4     0x20  ErrorCodes.o [1]
  .rodata             const    0x0801c1c4     0x20  ErrorCodes.o [1]
  .rodata             const    0x0801c1e4     0x20  gpio.o [1]
  .rodata             const    0x0801c204     0x20  main.o [1]
  .rodata             const    0x0801c224     0x20  main.o [1]
  .rodata             const    0x0801c244     0x20  parser.o [1]
  .rodata             const    0x0801c264     0x20  parser.o [1]
  .rodata             const    0x0801c284     0x20  parser.o [1]
  .rodata             const    0x0801c2a4     0x20  parser.o [1]
  .rodata             const    0x0801c2c4     0x20  parser.o [1]
  .rodata             const    0x0801c2e4     0x20  parser.o [1]
  .rodata             const    0x0801c304     0x20  parser.o [1]
  .rodata             const    0x0801c324     0x20  parser.o [1]
  .rodata             const    0x0801c344     0x20  parser.o [1]
  .rodata             const    0x0801c364     0x20  parser.o [1]
  .rodata             const    0x0801c384     0x20  parser.o [1]
  .rodata             const    0x0801c3a4     0x20  parser.o [1]
  .rodata             const    0x0801c3c4     0x20  parser.o [1]
  .rodata             const    0x0801c3e4     0x20  parser.o [1]
  .rodata             const    0x0801c404     0x20  parser.o [1]
  .rodata             const    0x0801c424     0x20  parser.o [1]
  .rodata             const    0x0801c444     0x20  parser.o [1]
  .rodata             const    0x0801c464     0x20  parser.o [1]
  .rodata             const    0x0801c484     0x20  parser.o [1]
  .rodata             const    0x0801c4a4     0x20  parser.o [1]
  .rodata             const    0x0801c4c4     0x20  parser.o [1]
  .rodata             const    0x0801c4e4     0x20  parser.o [1]
  .rodata             const    0x0801c504     0x20  parser.o [1]
  .rodata             const    0x0801c524     0x20  parser.o [1]
  .rodata             const    0x0801c544     0x20  parser.o [1]
  .rodata             const    0x0801c564     0x20  parser.o [1]
  .rodata             const    0x0801c584     0x20  parser.o [1]
  .rodata             const    0x0801c5a4     0x20  parser.o [1]
  .rodata             const    0x0801c5c4     0x20  parser.o [1]
  .rodata             const    0x0801c5e4     0x20  parser.o [1]
  .rodata             const    0x0801c604     0x20  parser.o [1]
  .rodata             const    0x0801c624     0x20  parser.o [1]
  .rodata             const    0x0801c644     0x20  parser.o [1]
  .rodata             const    0x0801c664     0x20  parser.o [1]
  .rodata             const    0x0801c684     0x20  parser.o [1]
  .rodata             const    0x0801c6a4     0x20  parser.o [1]
  .rodata             const    0x0801c6c4     0x20  parser.o [1]
  .rodata             const    0x0801c6e4     0x20  parser.o [1]
  .rodata             const    0x0801c704     0x20  parser.o [1]
  .rodata             const    0x0801c724     0x20  parser.o [1]
  .rodata             const    0x0801c744     0x20  parser.o [1]
  .rodata             const    0x0801c764     0x20  parser.o [1]
  .rodata             const    0x0801c784     0x20  parser.o [1]
  .rodata             const    0x0801c7a4     0x20  parser.o [1]
  .rodata             const    0x0801c7c4     0x20  parser.o [1]
  .rodata             const    0x0801c7e4     0x20  parser.o [1]
  .rodata             const    0x0801c804     0x20  parser.o [1]
  .rodata             const    0x0801c824     0x20  parser.o [1]
  .rodata             const    0x0801c844     0x20  parser.o [1]
  .rodata             const    0x0801c864     0x20  parser.o [1]
  .rodata             const    0x0801c884     0x20  parser.o [1]
  .rodata             const    0x0801c8a4     0x20  parser.o [1]
  .rodata             const    0x0801c8c4     0x1c  app_data.o [1]
  .rodata             const    0x0801c8e0     0x1c  bgm111.o [1]
  .rodata             const    0x0801c8fc     0x1c  bgm111.o [1]
  .rodata             const    0x0801c918     0x1c  bgm111.o [1]
  .rodata             const    0x0801c934     0x1c  bgm111.o [1]
  .rodata             const    0x0801c950     0x1c  bgm111.o [1]
  .rodata             const    0x0801c96c     0x1c  bgm111.o [1]
  .rodata             const    0x0801c988     0x1c  bgm111.o [1]
  .rodata             const    0x0801c9a4     0x1c  BootMonitor.o [1]
  .rodata             const    0x0801c9c0     0x1c  BootMonitor.o [1]
  .rodata             const    0x0801c9dc     0x1c  BootMonitor.o [1]
  .rodata             const    0x0801c9f8     0x1c  BootMonitor.o [1]
  .rodata             const    0x0801ca14     0x1c  BootMonitor.o [1]
  .rodata             const    0x0801ca30     0x1c  main.o [1]
  .rodata             const    0x0801ca4c     0x1c  parser.o [1]
  .rodata             const    0x0801ca68     0x1c  parser.o [1]
  .rodata             const    0x0801ca84     0x1c  parser.o [1]
  .rodata             const    0x0801caa0     0x1c  parser.o [1]
  .rodata             const    0x0801cabc     0x1c  parser.o [1]
  .rodata             const    0x0801cad8     0x1c  parser.o [1]
  .rodata             const    0x0801caf4     0x1c  parser.o [1]
  .rodata             const    0x0801cb10     0x1c  parser.o [1]
  .rodata             const    0x0801cb2c     0x1c  parser.o [1]
  .rodata             const    0x0801cb48     0x1c  parser.o [1]
  .rodata             const    0x0801cb64     0x1c  parser.o [1]
  .rodata             const    0x0801cb80     0x1c  parser.o [1]
  .rodata             const    0x0801cb9c     0x1c  parser.o [1]
  .rodata             const    0x0801cbb8     0x1c  parser.o [1]
  .rodata             const    0x0801cbd4     0x1c  parser.o [1]
  .rodata             const    0x0801cbf0     0x1c  parser.o [1]
  .rodata             const    0x0801cc0c     0x1c  parser.o [1]
  .rodata             const    0x0801cc28     0x1c  parser.o [1]
  .rodata             const    0x0801cc44     0x1c  parser.o [1]
  .rodata             const    0x0801cc60     0x1c  parser.o [1]
  .rodata             const    0x0801cc7c     0x1c  parser.o [1]
  .rodata             const    0x0801cc98     0x1c  parser.o [1]
  .rodata             const    0x0801ccb4     0x1c  parser.o [1]
  .text               ro code  0x0801ccd0     0x1a  cmain.o [5]
  .text               ro code  0x0801ccea      0x4  low_level_init.o [3]
  .text               ro code  0x0801ccee      0x4  exit.o [3]
  .text               ro code  0x0801ccf4      0xa  cexit.o [5]
  .text               ro code  0x0801cd00     0x14  exit.o [6]
  .rodata             const    0x0801cd14     0x18  bgm111.o [1]
  .rodata             const    0x0801cd2c     0x18  BootMonitor.o [1]
  .rodata             const    0x0801cd44     0x18  BootMonitor.o [1]
  .rodata             const    0x0801cd5c     0x18  BootMonitor.o [1]
  .rodata             const    0x0801cd74     0x18  BootMonitor.o [1]
  .rodata             const    0x0801cd8c     0x18  parser.o [1]
  .rodata             const    0x0801cda4     0x18  parser.o [1]
  .rodata             const    0x0801cdbc     0x18  parser.o [1]
  .rodata             const    0x0801cdd4     0x18  parser.o [1]
  .rodata             const    0x0801cdec     0x18  parser.o [1]
  .rodata             const    0x0801ce04     0x18  parser.o [1]
  .rodata             const    0x0801ce1c     0x18  parser.o [1]
  .rodata             const    0x0801ce34     0x18  parser.o [1]
  .rodata             const    0x0801ce4c     0x18  parser.o [1]
  .rodata             const    0x0801ce64     0x18  parser.o [1]
  .rodata             const    0x0801ce7c     0x18  parser.o [1]
  .rodata             const    0x0801ce94     0x18  parser.o [1]
  .rodata             const    0x0801ceac     0x18  parser.o [1]
  .rodata             const    0x0801cec4     0x18  parser.o [1]
  .rodata             const    0x0801cedc     0x18  parser.o [1]
  .rodata             const    0x0801cef4     0x18  parser.o [1]
  .rodata             const    0x0801cf0c     0x18  parser.o [1]
  .rodata             const    0x0801cf24     0x18  parser.o [1]
  .rodata             const    0x0801cf3c     0x18  parser.o [1]
  .rodata             const    0x0801cf54     0x18  parser.o [1]
  .rodata             const    0x0801cf6c     0x18  parser.o [1]
  .rodata             const    0x0801cf84     0x18  parser.o [1]
  .rodata             const    0x0801cf9c     0x18  parser.o [1]
  .rodata             const    0x0801cfb4     0x18  parser.o [1]
  .rodata             const    0x0801cfcc     0x18  parser.o [1]
  .rodata             const    0x0801cfe4     0x18  parser.o [1]
  .rodata             const    0x0801cffc     0x18  parser.o [1]
  .rodata             const    0x0801d014     0x18  parser.o [1]
  .rodata             const    0x0801d02c     0x18  parser.o [1]
  .rodata             const    0x0801d044     0x18  parser.o [1]
  .rodata             const    0x0801d05c     0x18  parser.o [1]
  .rodata             const    0x0801d074     0x18  parser.o [1]
  .rodata             const    0x0801d08c     0x18  parser.o [1]
  .rodata             const    0x0801d0a4     0x18  parser.o [1]
  .rodata             const    0x0801d0bc     0x18  parser.o [1]
  .rodata             const    0x0801d0d4     0x18  parser.o [1]
  .rodata             const    0x0801d0ec     0x18  parser.o [1]
  .rodata             const    0x0801d104     0x18  parser.o [1]
  .rodata             const    0x0801d11c     0x18  parser.o [1]
  .rodata             const    0x0801d134     0x18  parser.o [1]
  .rodata             const    0x0801d14c     0x18  parser.o [1]
  .rodata             const    0x0801d164     0x18  parser.o [1]
  .rodata             const    0x0801d17c     0x18  parser.o [1]
  .rodata             const    0x0801d194     0x18  parser.o [1]
  .rodata             const    0x0801d1ac     0x18  parser.o [1]
  .rodata             const    0x0801d1c4     0x18  parser.o [1]
  .rodata             const    0x0801d1dc     0x18  parser.o [1]
  .rodata             const    0x0801d1f4     0x18  parser.o [1]
  .rodata             const    0x0801d20c     0x18  parser.o [1]
  .rodata             const    0x0801d224     0x18  parser.o [1]
  .rodata             const    0x0801d23c     0x18  parser.o [1]
  .rodata             const    0x0801d254     0x18  parser.o [1]
  .rodata             const    0x0801d26c     0x18  parser.o [1]
  .rodata             const    0x0801d284     0x18  parser.o [1]
  .rodata             const    0x0801d29c     0x18  parser.o [1]
  .rodata             const    0x0801d2b4     0x18  parser.o [1]
  .rodata             const    0x0801d2cc     0x18  parser.o [1]
  .rodata             const    0x0801d2e4     0x18  parser.o [1]
  .rodata             const    0x0801d2fc     0x18  parser.o [1]
  .rodata             const    0x0801d314     0x18  parser.o [1]
  .rodata             const    0x0801d32c     0x18  parser.o [1]
  .rodata             const    0x0801d344     0x18  parser.o [1]
  .rodata             const    0x0801d35c     0x18  parser.o [1]
  .rodata             const    0x0801d374     0x18  parser.o [1]
  .rodata             const    0x0801d38c     0x18  parser.o [1]
  .rodata             const    0x0801d3a4     0x18  parser.o [1]
  .rodata             const    0x0801d3bc     0x18  parser.o [1]
  .rodata             const    0x0801d3d4     0x18  parser.o [1]
  .rodata             const    0x0801d3ec     0x18  parser.o [1]
  .rodata             const    0x0801d404     0x18  parser.o [1]
  .rodata             const    0x0801d41c     0x18  parser.o [1]
  .rodata             const    0x0801d434     0x18  parser.o [1]
  .rodata             const    0x0801d44c     0x18  parser.o [1]
  .rodata             const    0x0801d464     0x18  parser.o [1]
  .rodata             const    0x0801d47c     0x14  app_data.o [1]
  .rodata             const    0x0801d490     0x14  app_data.o [1]
  .rodata             const    0x0801d4a4     0x14  app_data.o [1]
  .rodata             const    0x0801d4b8     0x14  app_data.o [1]
  .rodata             const    0x0801d4cc     0x14  app_data.o [1]
  .rodata             const    0x0801d4e0     0x14  app_data.o [1]
  .rodata             const    0x0801d4f4     0x14  app_data.o [1]
  .rodata             const    0x0801d508     0x14  app_data.o [1]
  .rodata             const    0x0801d51c     0x14  app_data.o [1]
  .rodata             const    0x0801d530     0x14  app_data.o [1]
  .rodata             const    0x0801d544     0x14  app_data.o [1]
  .rodata             const    0x0801d558     0x14  app_data.o [1]
  .rodata             const    0x0801d56c     0x14  app_data.o [1]
  .rodata             const    0x0801d580     0x14  app_data.o [1]
  .rodata             const    0x0801d594     0x14  app_data.o [1]
  .rodata             const    0x0801d5a8     0x14  app_data.o [1]
  .rodata             const    0x0801d5bc     0x14  app_data.o [1]
  .rodata             const    0x0801d5d0     0x14  app_data.o [1]
  .rodata             const    0x0801d5e4     0x14  app_data.o [1]
  .rodata             const    0x0801d5f8     0x14  app_data.o [1]
  .rodata             const    0x0801d60c     0x14  app_data.o [1]
  .rodata             const    0x0801d620     0x14  app_data.o [1]
  .rodata             const    0x0801d634     0x14  app_data.o [1]
  .rodata             const    0x0801d648     0x14  app_data.o [1]
  .rodata             const    0x0801d65c     0x14  app_data.o [1]
  .rodata             const    0x0801d670     0x14  app_data.o [1]
  .rodata             const    0x0801d684     0x14  app_data.o [1]
  .rodata             const    0x0801d698     0x14  app_data.o [1]
  .rodata             const    0x0801d6ac     0x14  app_data.o [1]
  .rodata             const    0x0801d6c0     0x14  app_data.o [1]
  .rodata             const    0x0801d6d4     0x14  app_data.o [1]
  .rodata             const    0x0801d6e8     0x14  app_data.o [1]
  .rodata             const    0x0801d6fc     0x14  app_data.o [1]
  .rodata             const    0x0801d710     0x14  app_data.o [1]
  .rodata             const    0x0801d724     0x14  bgm111.o [1]
  .rodata             const    0x0801d738     0x14  bgm111.o [1]
  .rodata             const    0x0801d74c     0x14  bgm111.o [1]
  .rodata             const    0x0801d760     0x14  bgm111.o [1]
  .rodata             const    0x0801d774     0x14  bgm111.o [1]
  .rodata             const    0x0801d788     0x14  bgm111.o [1]
  .rodata             const    0x0801d79c     0x14  bgm111.o [1]
  .rodata             const    0x0801d7b0     0x14  BootMonitor.o [1]
  .rodata             const    0x0801d7c4     0x14  BootMonitor.o [1]
  .rodata             const    0x0801d7d8     0x14  BootMonitor.o [1]
  .rodata             const    0x0801d7ec     0x14  BootMonitor.o [1]
  .rodata             const    0x0801d800     0x14  BootMonitor.o [1]
  .rodata             const    0x0801d814     0x14  Calibration.o [1]
  .rodata             const    0x0801d828     0x14  ErrorCodes.o [1]
  .rodata             const    0x0801d83c     0x14  main.o [1]
  .rodata             const    0x0801d850     0x14  parser.o [1]
  .rodata             const    0x0801d864     0x14  parser.o [1]
  .rodata             const    0x0801d878     0x14  parser.o [1]
  .rodata             const    0x0801d88c     0x14  parser.o [1]
  .rodata             const    0x0801d8a0     0x14  parser.o [1]
  .rodata             const    0x0801d8b4     0x14  parser.o [1]
  .rodata             const    0x0801d8c8     0x14  parser.o [1]
  .rodata             const    0x0801d8dc     0x14  parser.o [1]
  .rodata             const    0x0801d8f0     0x14  parser.o [1]
  .rodata             const    0x0801d904     0x14  parser.o [1]
  .rodata             const    0x0801d918     0x14  parser.o [1]
  .rodata             const    0x0801d92c     0x14  parser.o [1]
  .rodata             const    0x0801d940     0x14  parser.o [1]
  .rodata             const    0x0801d954     0x14  parser.o [1]
  .rodata             const    0x0801d968     0x14  parser.o [1]
  .rodata             const    0x0801d97c     0x14  parser.o [1]
  .rodata             const    0x0801d990     0x14  parser.o [1]
  .rodata             const    0x0801d9a4     0x14  parser.o [1]
  .rodata             const    0x0801d9b8     0x10  app_data.o [1]
  .rodata             const    0x0801d9c8     0x10  app_data.o [1]
  .rodata             const    0x0801d9d8     0x10  app_data.o [1]
  .rodata             const    0x0801d9e8     0x10  app_data.o [1]
  .rodata             const    0x0801d9f8     0x10  bgm111.o [1]
  .rodata             const    0x0801da08     0x10  bgm111.o [1]
  .rodata             const    0x0801da18     0x10  bgm111.o [1]
  .rodata             const    0x0801da28     0x10  bgm111.o [1]
  .rodata             const    0x0801da38     0x10  bgm111.o [1]
  .rodata             const    0x0801da48     0x10  BootMonitor.o [1]
  .rodata             const    0x0801da58     0x10  BootMonitor.o [1]
  .rodata             const    0x0801da68     0x10  main.o [1]
  .rodata             const    0x0801da78     0x10  parser.o [1]
  .rodata             const    0x0801da88     0x10  parser.o [1]
  .rodata             const    0x0801da98     0x10  parser.o [1]
  .rodata             const    0x0801daa8     0x10  parser.o [1]
  .rodata             const    0x0801dab8     0x10  parser.o [1]
  .rodata             const    0x0801dac8     0x10  parser.o [1]
  .rodata             const    0x0801dad8     0x10  parser.o [1]
  .rodata             const    0x0801dae8     0x10  parser.o [1]
  .rodata             const    0x0801daf8     0x10  parser.o [1]
  .rodata             const    0x0801db08     0x10  system_stm32l1xx.o [1]
  .text               ro code  0x0801db18     0x10  startup_stm32l152xe.o [1]
  .rodata             const    0x0801db28      0xc  app_data.o [1]
  .rodata             const    0x0801db34      0xc  app_data.o [1]
  .rodata             const    0x0801db40      0xc  bgm111.o [1]
  .rodata             const    0x0801db4c      0xc  bgm111.o [1]
  .rodata             const    0x0801db58      0xc  bgm111.o [1]
  .rodata             const    0x0801db64      0xc  bgm111.o [1]
  .rodata             const    0x0801db70      0xc  bgm111.o [1]
  .rodata             const    0x0801db7c      0xc  BootMonitor.o [1]
  .rodata             const    0x0801db88      0xc  Calibration.o [1]
  .rodata             const    0x0801db94      0xc  Calibration.o [1]
  .rodata             const    0x0801dba0      0xc  Calibration.o [1]
  .rodata             const    0x0801dbac      0xc  Calibration.o [1]
  .rodata             const    0x0801dbb8      0xc  Calibration.o [1]
  .rodata             const    0x0801dbc4      0xc  Calibration.o [1]
  .rodata             const    0x0801dbd0      0xc  Calibration.o [1]
  .rodata             const    0x0801dbdc      0xc  Calibration.o [1]
  .rodata             const    0x0801dbe8      0xc  Calibration.o [1]
  .rodata             const    0x0801dbf4      0xc  Calibration.o [1]
  .rodata             const    0x0801dc00      0xc  Calibration.o [1]
  .rodata             const    0x0801dc0c      0xc  Calibration.o [1]
  .rodata             const    0x0801dc18      0xc  Calibration.o [1]
  .rodata             const    0x0801dc24      0xc  Calibration.o [1]
  .rodata             const    0x0801dc30      0xc  Calibration.o [1]
  .rodata             const    0x0801dc3c      0xc  Calibration.o [1]
  .rodata             const    0x0801dc48      0xc  Calibration.o [1]
  .rodata             const    0x0801dc54      0xc  Calibration.o [1]
  .rodata             const    0x0801dc60      0xc  Calibration.o [1]
  .rodata             const    0x0801dc6c      0xc  parser.o [1]
  .rodata             const    0x0801dc78      0xc  parser.o [1]
  .rodata             const    0x0801dc84      0xc  parser.o [1]
  .rodata             const    0x0801dc90      0xc  parser.o [1]
  .rodata             const    0x0801dc9c      0xc  parser.o [1]
  .rodata             const    0x0801dca8      0xc  parser.o [1]
  .rodata             const    0x0801dcb4      0xc  parser.o [1]
  .rodata             const    0x0801dcc0      0xc  parser.o [1]
  .rodata             const    0x0801dccc      0xc  parser.o [1]
  .rodata             const    0x0801dcd8      0xc  stm32l1xx_hal_rcc.o [1]
  .rodata             const    0x0801dce4      0xc  wwdg.o [1]
  .rodata             const    0x0801dcf0      0xc  wwdg.o [1]
  .text               ro code  0x0801dcfc      0xc  cstartup_M.o [5]
  .rodata             const    0x0801dd08      0x8  app_data.o [1]
  .rodata             const    0x0801dd10      0x8  app_data.o [1]
  .rodata             const    0x0801dd18      0x8  app_data.o [1]
  .rodata             const    0x0801dd20      0x8  app_data.o [1]
  .rodata             const    0x0801dd28      0x8  app_data.o [1]
  .rodata             const    0x0801dd30      0x8  app_data.o [1]
  .rodata             const    0x0801dd38      0x8  barometer.o [1]
  .rodata             const    0x0801dd40      0x8  barometer.o [1]
  .rodata             const    0x0801dd48      0x8  barometer.o [1]
  .rodata             const    0x0801dd50      0x8  barometer.o [1]
  .rodata             const    0x0801dd58      0x8  bgm111.o [1]
  .rodata             const    0x0801dd60      0x8  bgm111.o [1]
  .rodata             const    0x0801dd68      0x8  bgm111.o [1]
  .rodata             const    0x0801dd70      0x8  bgm111.o [1]
  .rodata             const    0x0801dd78      0x8  BootMonitor.o [1]
  .rodata             const    0x0801dd80      0x8  BootMonitor.o [1]
  .rodata             const    0x0801dd88      0x8  BootMonitor.o [1]
  .rodata             const    0x0801dd90      0x8  Calibration.o [1]
  .rodata             const    0x0801dd98      0x8  Calibration.o [1]
  .rodata             const    0x0801dda0      0x8  Calibration.o [1]
  .rodata             const    0x0801dda8      0x8  Calibration.o [1]
  .rodata             const    0x0801ddb0      0x8  ErrorCodes.o [1]
  .rodata             const    0x0801ddb8      0x8  ErrorCodes.o [1]
  .rodata             const    0x0801ddc0      0x8  ErrorCodes.o [1]
  .rodata             const    0x0801ddc8      0x8  ErrorCodes.o [1]
  .rodata             const    0x0801ddd0      0x8  ErrorCodes.o [1]
  .rodata             const    0x0801ddd8      0x8  ErrorCodes.o [1]
  .rodata             const    0x0801dde0      0x8  ErrorCodes.o [1]
  .rodata             const    0x0801dde8      0x8  ErrorCodes.o [1]
  .rodata             const    0x0801ddf0      0x8  ErrorCodes.o [1]
  .rodata             const    0x0801ddf8      0x8  ErrorCodes.o [1]
  .rodata             const    0x0801de00      0x8  ErrorCodes.o [1]
  .rodata             const    0x0801de08      0x8  ErrorCodes.o [1]
  .rodata             const    0x0801de10      0x8  ErrorCodes.o [1]
  .rodata             const    0x0801de18      0x8  ErrorCodes.o [1]
  .rodata             const    0x0801de20      0x8  ErrorCodes.o [1]
  .rodata             const    0x0801de28      0x8  ErrorCodes.o [1]
  .rodata             const    0x0801de30      0x8  ErrorCodes.o [1]
  .rodata             const    0x0801de38      0x8  ErrorCodes.o [1]
  .rodata             const    0x0801de40      0x8  ErrorCodes.o [1]
  .rodata             const    0x0801de48      0x8  ErrorCodes.o [1]
  .rodata             const    0x0801de50      0x8  ErrorCodes.o [1]
  .rodata             const    0x0801de58      0x8  ErrorCodes.o [1]
  .rodata             const    0x0801de60      0x8  ErrorCodes.o [1]
  .rodata             const    0x0801de68      0x8  ErrorCodes.o [1]
  .rodata             const    0x0801de70      0x8  ErrorCodes.o [1]
  .rodata             const    0x0801de78      0x8  ErrorCodes.o [1]
  .rodata             const    0x0801de80      0x8  GridEye.o [1]
  .rodata             const    0x0801de88      0x8  GridEye.o [1]
  .rodata             const    0x0801de90      0x8  Humidity.o [1]
  .rodata             const    0x0801de98      0x8  Humidity.o [1]
  .rodata             const    0x0801dea0      0x8  Humidity.o [1]
  .rodata             const    0x0801dea8      0x8  i2c.o [1]
  .rodata             const    0x0801deb0      0x8  main.o [1]
  .rodata             const    0x0801deb8      0x8  main.o [1]
  .rodata             const    0x0801dec0      0x8  parser.o [1]
  .rodata             const    0x0801dec8      0x8  parser.o [1]
  .rodata             const    0x0801ded0      0x8  parser.o [1]
  .rodata             const    0x0801ded8      0x8  parser.o [1]
  .rodata             const    0x0801dee0      0x8  parser.o [1]
  .rodata             const    0x0801dee8      0x8  parser.o [1]
  .rodata             const    0x0801def0      0x8  parser.o [1]
  .rodata             const    0x0801def8      0x8  parser.o [1]
  .rodata             const    0x0801df00      0x8  parser.o [1]
  .rodata             const    0x0801df08      0x8  parser.o [1]
  .rodata             const    0x0801df10      0x8  parser.o [1]
  .rodata             const    0x0801df18      0x8  parser.o [1]
  .rodata             const    0x0801df20      0x8  parser.o [1]
  .rodata             const    0x0801df28      0x8  parser.o [1]
  .rodata             const    0x0801df30      0x8  parser.o [1]
  .rodata             const    0x0801df38      0x8  parser.o [1]
  .rodata             const    0x0801df40      0x8  parser.o [1]
  .rodata             const    0x0801df48      0x8  parser.o [1]
  .rodata             const    0x0801df50      0x8  parser.o [1]
  .rodata             const    0x0801df58      0x8  parser.o [1]
  .rodata             const    0x0801df60      0x8  parser.o [1]
  .rodata             const    0x0801df68      0x8  parser.o [1]
  .rodata             const    0x0801df70      0x8  parser.o [1]
  .rodata             const    0x0801df78      0x8  parser.o [1]
  .rodata             const    0x0801df80      0x8  parser.o [1]
  .rodata             const    0x0801df88      0x8  parser.o [1]
  .rodata             const    0x0801df90      0x8  parser.o [1]
  .rodata             const    0x0801df98      0x8  Rd_Sound.o [1]
  .rodata             const    0x0801dfa0      0x8  RGBLight.o [1]
  .rodata             const    0x0801dfa8      0x8  RGBLight.o [1]
  .rodata             const    0x0801dfb0      0x8  system_stm32l1xx.o [1]
  .rodata             const    0x0801dfb8      0x8  Temperature.o [1]
  .rodata             const    0x0801dfc0      0x8  Temperature.o [1]
  .rodata             const    0x0801dfc8      0x8  VMonitor.o [1]
  .rodata             const    0x0801dfd0      0x8  VMonitor.o [1]
  .rodata             const    0x0801dfd8      0x8  VMonitor.o [1]
  .rodata             const    0x0801dfe0      0x4  stm32l1xx_hal_rcc.o [1]
  .text               ro code  0x0801dfe4      0x4  startup_stm32l152xe.o [1]
  .text               ro code  0x0801dfe8      0x4  startup_stm32l152xe.o [1]
  .text               ro code  0x0801dfec      0x4  startup_stm32l152xe.o [1]
  .text               ro code  0x0801dff0      0x4  startup_stm32l152xe.o [1]
  .text               ro code  0x0801dff4      0x4  startup_stm32l152xe.o [1]
  .text               ro code  0x0801dff8      0x4  startup_stm32l152xe.o [1]
  .text               ro code  0x0801dffc      0x4  startup_stm32l152xe.o [1]
  .text               ro code  0x0801e000      0x4  startup_stm32l152xe.o [1]
  .text               ro code  0x0801e004      0x4  startup_stm32l152xe.o [1]
  .text               ro code  0x0801e008      0x4  startup_stm32l152xe.o [1]
  .text               ro code  0x0801e00c      0x4  startup_stm32l152xe.o [1]
  .text               ro code  0x0801e010      0x4  startup_stm32l152xe.o [1]
  .text               ro code  0x0801e014      0x4  startup_stm32l152xe.o [1]
  .text               ro code  0x0801e018      0x4  startup_stm32l152xe.o [1]
  .text               ro code  0x0801e01c      0x4  startup_stm32l152xe.o [1]
  .text               ro code  0x0801e020      0x4  startup_stm32l152xe.o [1]
  .text               ro code  0x0801e024      0x4  startup_stm32l152xe.o [1]
  .text               ro code  0x0801e028      0x4  startup_stm32l152xe.o [1]
  .text               ro code  0x0801e02c      0x4  startup_stm32l152xe.o [1]
  .text               ro code  0x0801e030      0x4  startup_stm32l152xe.o [1]
  .text               ro code  0x0801e034      0x4  startup_stm32l152xe.o [1]
  .text               ro code  0x0801e038      0x4  startup_stm32l152xe.o [1]
  .text               ro code  0x0801e03c      0x4  startup_stm32l152xe.o [1]
  .text               ro code  0x0801e040      0x4  startup_stm32l152xe.o [1]
  .text               ro code  0x0801e044      0x4  startup_stm32l152xe.o [1]
  .text               ro code  0x0801e048      0x4  startup_stm32l152xe.o [1]
  .text               ro code  0x0801e04c      0x4  startup_stm32l152xe.o [1]
  .text               ro code  0x0801e050      0x4  startup_stm32l152xe.o [1]
  .text               ro code  0x0801e054      0x4  startup_stm32l152xe.o [1]
  .text               ro code  0x0801e058      0x4  startup_stm32l152xe.o [1]
  .text               ro code  0x0801e05c      0x4  startup_stm32l152xe.o [1]
  .text               ro code  0x0801e060      0x4  startup_stm32l152xe.o [1]
  .text               ro code  0x0801e064      0x4  startup_stm32l152xe.o [1]
  .text               ro code  0x0801e068      0x4  startup_stm32l152xe.o [1]
  .text               ro code  0x0801e06c      0x4  startup_stm32l152xe.o [1]
  .text               ro code  0x0801e070      0x4  startup_stm32l152xe.o [1]
  .text               ro code  0x0801e074      0x4  startup_stm32l152xe.o [1]
  .text               ro code  0x0801e078      0x4  startup_stm32l152xe.o [1]
  .text               ro code  0x0801e07c      0x4  startup_stm32l152xe.o [1]
  .text               ro code  0x0801e080      0x4  startup_stm32l152xe.o [1]
  .text               ro code  0x0801e084      0x4  startup_stm32l152xe.o [1]
  .text               ro code  0x0801e088      0x4  startup_stm32l152xe.o [1]
  .text               ro code  0x0801e08c      0x4  startup_stm32l152xe.o [1]
  .text               ro code  0x0801e090      0x4  startup_stm32l152xe.o [1]
  .text               ro code  0x0801e094      0x4  startup_stm32l152xe.o [1]
  .text               ro code  0x0801e098      0x4  startup_stm32l152xe.o [1]
  .text               ro code  0x0801e09c      0x4  startup_stm32l152xe.o [1]
  .text               ro code  0x0801e0a0      0x4  startup_stm32l152xe.o [1]
  .rodata             const    0x0801e0a4      0x0  zero_init3.o [5]
  .rodata             const    0x0801e0a4      0x0  packbits_init_single.o [5]
  Initializer bytes   const    0x0801e0a4     0x6c  <for P2-1>
                             - 0x0801e110  0x1dfec

Absolute sections, part 1 of 2:               0x74
  .bss                zero     0x08070000     0x74  wwdg.o [1]
                             - 0x08070074     0x74

Absolute sections, part 2 of 2:               0xc8
  .bss                zero     0x08070100     0xc8  Calibration.o [1]
                             - 0x080701c8     0xc8

"P2", part 1 of 3:                           0x164
  P2-1                         0x20000000    0x164  <Init block>
    .data             inited   0x20000000      0xc  adc.o [1]
    .data             inited   0x2000000c      0x4  bgm111.o [1]
    .data             inited   0x20000010      0x4  bgm111.o [1]
    .data             inited   0x20000014     0x3c  gpio.o [1]
    .data             inited   0x20000050      0x4  system_stm32l1xx.o [1]
    .data             inited   0x20000054      0x4  tim.o [1]
    .data             inited   0x20000058      0x4  tim.o [1]
    .data             inited   0x2000005c      0x4  tim.o [1]
    .data             inited   0x20000060      0x4  usart.o [1]
    __DLIB_PERTHREAD  inited   0x20000064     0x88  localeconv.o [3]
    __DLIB_PERTHREAD  inited   0x200000ec      0x4  errno.o [3]
    __DLIB_PERTHREAD  inited   0x200000f0     0x74  setlocale.o [3]
                             - 0x20000164    0x164

"P2", part 2 of 3:                          0x4000
  CSTACK                       0x20000168   0x4000  <Block>
    CSTACK            uninit   0x20000168   0x4000  <Block tail>
  HEAP                         0x20004168      0x0  <Block>
                             - 0x20004168   0x4000

"P2", part 3 of 3:                          0x28f4
  .bss                zero     0x20004168    0xf78  bgm111.o [1]
  .bss                zero     0x200050e0    0x324  bgm111.o [1]
  .bss                zero     0x20005404    0x324  ErrorCodes.o [1]
  .bss                zero     0x20005728    0x248  app_data.o [1]
  .bss                zero     0x20005970    0x248  app_data.o [1]
  .bss                zero     0x20005bb8    0x220  usbd_conf.o [1]
  .bss                zero     0x20005dd8    0x1a4  bgm111.o [1]
  .bss                zero     0x20005f7c    0x104  parser.o [1]
  .bss                zero     0x20006080    0x104  parser.o [1]
  .bss                zero     0x20006184    0x100  bgm111.o [1]
  .bss                zero     0x20006284     0xc8  Calibration.o [1]
  .bss                zero     0x2000634c     0x8c  tasks.o [1]
  .bss                zero     0x200063d8     0x84  bgm111.o [1]
  .bss                zero     0x2000645c     0x84  bgm111.o [1]
  .bss                zero     0x200064e0     0x80  Rd_Sound.o [1]
  .bss                zero     0x20006560     0x80  Rd_Sound.o [1]
  .bss                zero     0x200065e0     0x80  Rd_Sound.o [1]
  .bss                zero     0x20006660     0x74  wwdg.o [1]
  .bss                zero     0x200066d4     0x54  adc.o [1]
  .bss                zero     0x20006728     0x40  usart.o [1]
  .bss                zero     0x20006768     0x40  usart.o [1]
  .bss                zero     0x200067a8     0x3c  i2c.o [1]
  .bss                zero     0x200067e4     0x38  adc.o [1]
  .bss                zero     0x2000681c     0x38  stm32l1xx_hal_timebase_TIM.o [1]
  .bss                zero     0x20006854     0x38  tim.o [1]
  .bss                zero     0x2000688c     0x38  tim.o [1]
  .bss                zero     0x200068c4     0x28  bgm111.o [1]
  .bss                zero     0x200068ec     0x28  usart.o [1]
  .bss                zero     0x20006914     0x20  wwdg.o [1]
  .bss                zero     0x20006934     0x20  wwdg.o [1]
  .bss                zero     0x20006954     0x1c  Flash.o [1]
  .bss                zero     0x20006970     0x18  stm32l1xx_hal_flash.o [1]
  .bss                zero     0x20006988     0x14  wwdg.o [1]
  .bss                zero     0x2000699c     0x10  app_data.o [1]
  .bss                zero     0x200069ac      0xc  adc.o [1]
  .bss                zero     0x200069b8      0xc  app_data.o [1]
  .bss                zero     0x200069c4      0xc  Flash.o [1]
  .bss                zero     0x200069d0      0x8  app_data.o [1]
  .bss                zero     0x200069d8      0x8  xxmemxmalloc.o [3]
  .bss                zero     0x200069e0      0x4  bgm111.o [1]
  .bss                zero     0x200069e4      0x4  bgm111.o [1]
  .bss                zero     0x200069e8      0x4  bgm111.o [1]
  .bss                zero     0x200069ec      0x4  bgm111.o [1]
  .bss                zero     0x200069f0      0x4  bgm111.o [1]
  .bss                zero     0x200069f4      0x4  Flash.o [1]
  .bss                zero     0x200069f8      0x4  stm32l1xx_hal.o [1]
  .bss                zero     0x200069fc      0x4  tasks.o [1]
  .bss                zero     0x20006a00      0x4  tasks.o [1]
  .bss                zero     0x20006a04      0x4  tasks.o [1]
  .bss                zero     0x20006a08      0x4  tasks.o [1]
  .bss                zero     0x20006a0c      0x4  tasks.o [1]
  .bss                zero     0x20006a10      0x4  tasks.o [1]
  .bss                zero     0x20006a14      0x4  tasks.o [1]
  .bss                zero     0x20006a18      0x4  tasks.o [1]
  .bss                zero     0x20006a1c      0x4  tasks.o [1]
  .bss                zero     0x20006a20      0x4  tasks.o [1]
  .bss                zero     0x20006a24      0x4  tasks.o [1]
  .bss                zero     0x20006a28      0x4  usart.o [1]
  .bss                zero     0x20006a2c      0x4  usart.o [1]
  .bss                zero     0x20006a30      0x4  usart.o [1]
  .bss                zero     0x20006a34      0x4  usart.o [1]
  .bss                zero     0x20006a38      0x4  wwdg.o [1]
  .bss                zero     0x20006a3c      0x4  xgetmemchunk.o [3]
  .bss                zero     0x20006a40      0x2  app_data.o [1]
  .bss                zero     0x20006a42      0x2  app_data.o [1]
  .bss                zero     0x20006a44      0x2  bgm111.o [1]
  .bss                zero     0x20006a46      0x2  usart.o [1]
  .bss                zero     0x20006a48      0x2  usart.o [1]
  .bss                zero     0x20006a4a      0x2  usart.o [1]
  .bss                zero     0x20006a4c      0x1  adc.o [1]
  .bss                zero     0x20006a4d      0x1  adc.o [1]
  .bss                zero     0x20006a4e      0x1  adc.o [1]
  .bss                zero     0x20006a4f      0x1  bgm111.o [1]
  .bss                zero     0x20006a50      0x1  BootMonitor.o [1]
  .bss                zero     0x20006a51      0x1  parser.o [1]
  .bss                zero     0x20006a52      0x1  tim.o [1]
  .bss                zero     0x20006a53      0x1  tim.o [1]
  .bss                zero     0x20006a54      0x1  usart.o [1]
  .bss                zero     0x20006a55      0x1  usart.o [1]
  .bss                zero     0x20006a56      0x1  usart.o [1]
  .bss                zero     0x20006a57      0x1  usbd_ctlreq.o [1]
  .bss                zero     0x20006a58      0x1  wwdg.o [1]
                             - 0x20006a59   0x28f1


*******************************************************************************
*** INIT TABLE
***

          Address     Size
          -------     ----
Zero (__iar_zero_init3)
    3 destination ranges, total size 0x2a2d:
          0x08070000    0x74
          0x08070100    0xc8
          0x20004168  0x28f1

Copy/packbits (__iar_packbits_init_single3)
    1 source range, total size 0x6c (30% of destination):
          0x0801e0a4    0x6c
    1 destination range, total size 0x164:
          0x20000000   0x164



*******************************************************************************
*** MODULE SUMMARY
***

    Module                        ro code  ro data  rw data  rw data
                                                              (abs)
    ------                        -------  -------  -------  -------
D:\GoogleDriveCLT\GoogleDrive\WeatherCloud\Roadboard\Software\Road-Board-December-2016N8\EWARM\WeatherMesh\Obj: [1]
    BootMonitor.o                   2 060    2 264        1
    Calibration.o                     320      380      200      200
    ErrorCodes.o                      470      388      804
    Flash.o                           344                44
    GridEye.o                       6 828       16
    Humidity.o                      3 260       24
    RGBLight.o                        876       16
    Rd_Sound.o                        576        8      384
    Temperature.o                     692       16
    VMonitor.o                      2 164       24
    adc.o                             700        3      167
    app_data.o                      6 984    1 968    1 208
    barometer.o                       632       32
    bgm111.o                        3 168      695    5 775
    cmsis_os.o                         16
    dma.o                              48
    fix_fft.o                         456      192
    gecko_bglib.o                     432
    gpio.o                            452       50       60
    i2c.o                           1 440        8       60
    list.o                             64
    lps25hb.o                         584
    main.o                          1 802      444
    parser.o                       20 600   12 568      521
    port.o                             36
    portasm.o                         148
    s_record.o                        756
    startup_stm32l152xe.o             500
    stm32l1xx_hal.o                    72                 4
    stm32l1xx_hal_adc.o             2 090
    stm32l1xx_hal_cortex.o            432
    stm32l1xx_hal_dma.o             3 838
    stm32l1xx_hal_flash.o             408                24
    stm32l1xx_hal_flash_ex.o          204
    stm32l1xx_hal_gpio.o              888
    stm32l1xx_hal_i2c.o             4 120
    stm32l1xx_hal_msp.o               152
    stm32l1xx_hal_pcd.o             4 212
    stm32l1xx_hal_pwr_ex.o             16
    stm32l1xx_hal_rcc.o             3 284       16
    stm32l1xx_hal_tim.o               986
    stm32l1xx_hal_tim_ex.o             94
    stm32l1xx_hal_timebase_TIM.o      144                56
    stm32l1xx_hal_uart.o            2 284
    stm32l1xx_hal_wwdg.o              214
    stm32l1xx_it.o                    132
    system_stm32l1xx.o                100       25        4
    tasks.o                           548               184
    tim.o                             588        4      126
    usart.o                         1 472        1      197
    usbd_conf.o                       408               544
    usbd_core.o                       712
    usbd_ctlreq.o                   1 544                 1
    usbd_ioreq.o                      144
    wwdg.o                            780       24      205      116
    ----------------------------------------------------------------
    Total:                         86 274   19 166   10 569      316

command line: [2]
    ----------------------------------------------------------------
    Total:

dl7M_tlf.a: [3]
    atoi.o                              8
    div.o                              14
    errno.o                            12        1        4
[...]
USBD_ClrFeature         0x08018f9f    0x3a  Code  Lc  usbd_ctlreq.o [1]
USBD_CtlContinueRx      0x0801905b    0x1a  Code  Gb  usbd_ioreq.o [1]
USBD_CtlContinueSendData
                        0x08019041    0x1a  Code  Gb  usbd_ioreq.o [1]
USBD_CtlError           0x08019001    0x18  Code  Gb  usbd_ctlreq.o [1]
USBD_CtlReceiveStatus   0x0801908f    0x1a  Code  Gb  usbd_ioreq.o [1]
USBD_CtlSendData        0x08019019    0x28  Code  Gb  usbd_ioreq.o [1]
USBD_CtlSendStatus      0x08019075    0x1a  Code  Gb  usbd_ioreq.o [1]
USBD_GetConfig          0x08018ef1    0x4c  Code  Lc  usbd_ctlreq.o [1]
USBD_GetDescriptor      0x08018c4d   0x164  Code  Lc  usbd_ctlreq.o [1]
USBD_GetStatus          0x08018f3d    0x3c  Code  Lc  usbd_ctlreq.o [1]
USBD_LL_ClearStallEP    0x080186a9    0x16  Code  Gb  usbd_conf.o [1]
USBD_LL_DataInStage     0x0801889b    0xe2  Code  Gb  usbd_core.o [1]
USBD_LL_DataOutStage    0x0801880b    0x90  Code  Gb  usbd_core.o [1]
USBD_LL_IsStallEP       0x080186bf    0x30  Code  Gb  usbd_conf.o [1]
USBD_LL_OpenEP          0x08018671    0x22  Code  Gb  usbd_conf.o [1]
USBD_LL_PrepareReceive  0x08018725    0x20  Code  Gb  usbd_conf.o [1]
USBD_LL_Reset           0x0801897d    0x46  Code  Gb  usbd_core.o [1]
USBD_LL_Resume          0x080189df     0xe  Code  Gb  usbd_core.o [1]
USBD_LL_SOF             0x080189ed    0x24  Code  Gb  usbd_core.o [1]
USBD_LL_SetSpeed        0x080189c3     0x8  Code  Gb  usbd_core.o [1]
USBD_LL_SetUSBAddress   0x080186ef    0x16  Code  Gb  usbd_conf.o [1]
USBD_LL_SetupStage      0x08018793    0x78  Code  Gb  usbd_core.o [1]
USBD_LL_StallEP         0x08018693    0x16  Code  Gb  usbd_conf.o [1]
USBD_LL_Suspend         0x080189cb    0x14  Code  Gb  usbd_core.o [1]
USBD_LL_Transmit        0x08018705    0x20  Code  Gb  usbd_conf.o [1]
USBD_ParseSetupRequest  0x08018fd9    0x28  Code  Gb  usbd_ctlreq.o [1]
USBD_RunTestMode        0x08018749     0x6  Code  Gb  usbd_core.o [1]
USBD_SetAddress         0x08018db1    0x60  Code  Lc  usbd_ctlreq.o [1]
USBD_SetClassConfig     0x0801874f    0x2c  Code  Gb  usbd_core.o [1]
USBD_SetConfig          0x08018e11    0xda  Code  Lc  usbd_ctlreq.o [1]
USBD_SetConfig::cfgidx  0x20006a57     0x1  Data  Lc  usbd_ctlreq.o [1]
USBD_SetFeature         0x08018f79    0x26  Code  Lc  usbd_ctlreq.o [1]
USBD_StdDevReq          0x08018a11    0x7c  Code  Gb  usbd_ctlreq.o [1]
USBD_StdEPReq           0x08018ad9   0x174  Code  Gb  usbd_ctlreq.o [1]
USBD_StdItfReq          0x08018a8d    0x4c  Code  Gb  usbd_ctlreq.o [1]
USB_LP_IRQHandler       0x08019473     0xa  Code  Gb  stm32l1xx_it.o [1]
Uart2Ready              0x20006a54     0x1  Data  Gb  usart.o [1]
Uart3Ready              0x20006a55     0x1  Data  Gb  usart.o [1]
UsageFault_Handler      0x0800fda7    0x14  Code  Gb  ErrorCodes.o [1]
WWDG_IRQHandler         0x0800cee9     0xa  Code  Gb  wwdg.o [1]
_EncodingSb_Mbtowc      0x08016c7f    0x30  Code  Gb  xencoding_sb.o [3]
_EncodingSb_Mbtowc::initial
                        0x08016cbc     0x8  Data  Lc  xencoding_sb.o [3]
_EncodingSb_Wctomb      0x08016c65    0x1a  Code  Gb  xencoding_sb.o [3]
_EncodingSb_Wctomb::initial
                        0x08016cb4     0x8  Data  Lc  xencoding_sb.o [3]
_GenldFull              0x0800e425   0x254  Code  Lc  xprintffull.o [3]
_GetN                   0x0801219d    0x22  Code  Lc  xscanffull.o [3]
_GetfldFull             0x080123c1   0x10a  Code  Lc  xscanffull.o [3]
_GetfloatFull           0x0801297f   0x4e8  Code  Lc  xscanffull.o [3]
_GetintFull             0x08012787   0x1f2  Code  Lc  xscanffull.o [3]
_GetstrFull             0x080124cd   0x2b4  Code  Lc  xscanffull.o [3]
_IsdstStr               0x200000f4     0x4  Data  Gb  setlocale.o [3]
_LdtobFull              0x0800e019   0x406  Code  Lc  xprintffull.o [3]
_LitobFull              0x0800df0f   0x10a  Code  Lc  xprintffull.o [3]
_LocaleC_isalpha        0x08016d05    0x16  Code  Gb  xlocale_c.o [3]
_LocaleC_isspace        0x08016d1b    0x14  Code  Gb  xlocale_c.o [3]
_LocaleC_tolower        0x080174bd     0xc  Code  Gb  xlocale_c.o [3]
_LocaleEncoding         0x08016c51     0xe  Code  Gb  setlocale.o [3]
_LocaleForCat           0x08016c3d    0x14  Code  Gb  setlocale.o [3]
_LocaleReturnString     0x20000114    0x50  Data  Lc  setlocale.o [3]
_Locale_Profile         0x200000f8    0x1c  Data  Gb  setlocale.o [3]
_Locale_aeabi_lconv     0x200000b4    0x38  Data  Gb  localeconv.o [3]
_Locale_lconv           0x20000064    0x50  Data  Gb  localeconv.o [3]
_Mbtowc                 0x0801337b    0x20  Code  Gb  xmbtowc.o [3]
_PrintfFull             0x0800d525   0x658  Code  Gb  xprintffull.o [3]
_PutcharsFull           0x0800e679    0x2e  Code  Lc  xprintffull.o [3]
_PutstrFull             0x0800dc03   0x306  Code  Lc  xprintffull.o [3]
_SProut                 0x0800ca9f     0xa  Code  Gb  xsprout.o [3]
_SScin                  0x080051d3    0x1e  Code  Gb  xsscin.o [3]
_ScanfFull              0x080121d9   0x1e2  Code  Gb  xscanffull.o [3]
_Stoflt                 0x08016e51   0x1d0  Code  Gb  xstoflt.o [3]
_Stopfx                 0x08016d2f   0x122  Code  Gb  xstopfx.o [3]
_Stoxflt                0x08017289   0x1fa  Code  Gb  xstoxflt.o [3]
_Stoxflt::digits        0x0801748c    0x18  Data  Lc  xstoxflt.o [3]
_Stoxflt::vals          0x080174a4    0x18  Data  Lc  xstoxflt.o [3]
_TzoneStr               0x200000f0     0x4  Data  Gb  setlocale.o [3]
_UngetN                 0x080121bf    0x1a  Code  Lc  xscanffull.o [3]
_Wctomb                 0x080134c9    0x1a  Code  Gb  xwctomb.o [3]
__aeabi_cdcmpeq         0x080174c9          Code  Gb  DblCmpEq.o [4]
__aeabi_cdcmple         0x08013711          Code  Gb  DblCmpLe.o [4]
__aeabi_cdrcmple        0x08013741          Code  Gb  DblCmpGe.o [4]
__aeabi_cfrcmple        0x08010ed9          Code  Gb  FltCmpGe.o [4]
__aeabi_d2f             0x080106cd          Code  Gb  DblToFlt.o [4]
__aeabi_d2iz            0x08010b8d          Code  Gb  DblToI32.o [4]
__aeabi_d2uiz           0x08010bb9          Code  Gb  DblToI32.o [4]
__aeabi_dadd            0x08010c9d          Code  Gb  DblAdd.o [4]
__aeabi_ddiv            0x08010f2d          Code  Gb  DblDiv.o [4]
__aeabi_dmul            0x080109e9          Code  Gb  DblMul.o [4]
__aeabi_dsub            0x0801387d          Code  Gb  DblSub.o [4]
__aeabi_errno_addr      0x08016c31     0x6  Code  Gb  errno.o [3]
__aeabi_f2d             0x0800ca25          Code  Gb  FltToDbl.o [4]
__aeabi_f2iz            0x0801075d          Code  Gb  FltToS32.o [4]
__aeabi_fadd            0x08010559          Code  Gb  FltAdd.o [4]
__aeabi_fdiv            0x0800d135          Code  Gb  FltDiv.o [4]
__aeabi_fmul            0x08010481          Code  Gb  FltMul.o [4]
__aeabi_i2d             0x08010efd          Code  Gb  I32ToDbl.o [4]
__aeabi_i2f             0x0800d101          Code  Gb  I32ToFlt.o [4]
__aeabi_ldiv0           0x08016cf1          Code  Gb  I64DivZer.o [5]
__aeabi_ui2d            0x08010f11          Code  Gb  I32ToDbl.o [4]
__aeabi_ui2f            0x0800d115          Code  Gb  I32ToFlt.o [4]
__aeabi_uldivmod        0x080135dd          Code  Gb  I64DivMod.o [5]
__cmain                 0x0801ccd1          Code  Gb  cmain.o [5]
__data_Aldata           0x200069d8     0x8  Data  Gb  xxmemxmalloc.o [3]
__data_GetMemChunk      0x08016cc5    0x2c  Code  Gb  xgetmemchunk.o [3]
__data_GetMemChunk::start
                        0x20006a3c     0x4  Data  Lc  xgetmemchunk.o [3]
__exit                  0x0801cd01    0x14  Code  Gb  exit.o [6]
__iar_Dint              0x080164d3    0x7a  Code  Gb  xdint.o [4]
__iar_Dnorm             0x080136cb    0x44  Code  Gb  xdnorm.o [4]
__iar_Dscale            0x08013771   0x10c  Code  Gb  xdscale.o [4]
__iar_Dtentox           0x080170db   0x14e  Code  Gb  xdtento.o [4]
__iar_Dunscale          0x080174e9    0x52  Code  Gb  xdunscal.o [4]
__iar_Errno             0x200000ec     0x4  Data  Gb  errno.o [3]
__iar_Locale_lconv_init
                        0x080139fd    0x3a  Code  Gb  localeconv.o [3]
__iar_Mbcurmax          0x0801340d     0xa  Code  Gb  xmbcurmax.o [3]
__iar_Memchr            0x080133b5          Code  Gb  memchr.o [5]
__iar_Memset_word       0x08016475          Code  Gb  ABImemset.o [5]
__iar_Stold             0x08016955     0x4  Code  Gb  xstold.o [4]
__iar_Stoldx            0x0801680d   0x13c  Code  Gb  xstold.o [4]
__iar_Stoll             0x08016657     0x4  Code  Gb  xstoll.o [3]
__iar_Stollx            0x080165b5    0xa2  Code  Gb  xstoll.o [3]
__iar_Stoul             0x08013251     0x4  Code  Gb  xstoul.o [3]
__iar_Stoull            0x080167b9     0x4  Code  Gb  xstoull.o [3]
__iar_Stoullx           0x0801665d   0x156  Code  Gb  xstoull.o [3]
__iar_Stoulx            0x0801310d   0x13e  Code  Gb  xstoul.o [3]
__iar_Strchr            0x0801339d          Code  Gb  strchr.o [5]
__iar_Strstr            0x08014c19    0x2e  Code  Gb  strstr.o [3]
__iar_Wctob             0x0801654d    0x36  Code  Gb  xwctob.o [3]
__iar_ceil              0x08016af1          Code  Gb  ceil.o [4]
__iar_ceill             0x08016af1          Code  Gb  ceil.o [4]
__iar_d2uiz             0x08010bc5          Code  Gb  DblToI32.o [4]
__iar_dadd              0x08010cb1          Code  Gb  DblAdd.o [4]
__iar_data_init3        0x0801b289    0x28  Code  Gb  data_init.o [5]
__iar_dlib_perthread_access
                        0x08016cf3     0x2  Code  Gb  xtls.o [3]
__iar_dsub              0x08013891          Code  Gb  DblSub.o [4]
__iar_dsubStart         0x080138a3          Code  Gb  DblSub.o [4]
__iar_edom              0x08016469          Code  Gb  iarEdom.o [5]
__iar_fadd              0x08010569          Code  Gb  FltAdd.o [4]
__iar_floor             0x08010e35          Code  Gb  floor.o [4]
__iar_floorl            0x08010e35          Code  Gb  floor.o [4]
__iar_fsub              0x08016391          Code  Gb  FltSub.o [4]
__iar_fsubStart         0x080163a1          Code  Gb  FltSub.o [4]
__iar_modf              0x08010bf5          Code  Gb  modf.o [4]
__iar_modfl             0x08010bf5          Code  Gb  modf.o [4]
__iar_packbits_init_single3
                        0x0801a081    0x38  Code  Gb  packbits_init_single.o [5]
__iar_program_start     0x0801dcfd          Code  Gb  cstartup_M.o [5]
__iar_sqrt              0x080105dd          Code  Gb  sqrt.o [4]
__iar_ui2d              0x08010f15          Code  Gb  I32ToDbl.o [4]
__iar_ui2f              0x0800d119          Code  Gb  I32ToFlt.o [4]
__iar_unaligned___aeabi_memcpy
                        0x080134e5          Code  Gb  ABImemcpy_unaligned.o [5]
__iar_unaligned___aeabi_memcpy4
                        0x08013505          Code  Gb  ABImemcpy_unaligned.o [5]
__iar_unaligned___aeabi_memcpy8
                        0x08013505          Code  Gb  ABImemcpy_unaligned.o [5]
__iar_unaligned_strcmp  0x08010d85          Code  Gb  strcmp_unaligned.o [5]
__iar_unaligned_strcpy  0x080051f1          Code  Gb  strcpy_unaligned.o [5]
__iar_unaligned_strncpy
                        0x08010dc9          Code  Gb  strncpy_unaligned.o [5]
__iar_zero_init3        0x08019d8d    0x40  Code  Gb  zero_init3.o [5]
__low_level_init        0x0801cceb     0x4  Code  Gb  low_level_init.o [3]
__vector_table          0x08000000          Data  Gb  startup_stm32l152xe.o [1]
_call_main              0x0801ccdd          Code  Gb  cmain.o [5]
_exit                   0x0801ccf5          Code  Gb  cexit.o [5]
_gecko_cmd_msg          0x200063d8    0x84  Data  Gb  bgm111.o [1]
_gecko_rsp_msg          0x2000645c    0x84  Data  Gb  bgm111.o [1]
_main                   0x0801cce7          Code  Gb  cmain.o [5]
aPLLDivisionFactorTable
                        0x0801dfe0     0x4  Data  Gb  stm32l1xx_hal_rcc.o [1]
aPLLMULFactorTable      0x0801dcd8     0xc  Data  Gb  stm32l1xx_hal_rcc.o [1]
adcActive               0x20006a4d     0x1  Data  Gb  adc.o [1]
analytics               0x200069d0     0x8  Data  Lc  app_data.o [1]
atoi                    0x0800cdeb     0x8  Code  Gb  atoi.o [3]
bffr1Flag               0x20006a56     0x1  Data  Lc  usart.o [1]
bglib_input             0x200069e4     0x4  Data  Gb  bgm111.o [1]
bglib_output            0x200069e0     0x4  Data  Gb  bgm111.o [1]
bglib_peek              0x200069e8     0x4  Data  Gb  bgm111.o [1]
bgm1data                0x200068ec    0x28  Data  Lc  usart.o [1]
bgm_Bannerstr           0x200068c4    0x28  Data  Lc  bgm111.o [1]
ble                     0x20005dd8   0x1a4  Data  Lc  bgm111.o [1]
blemsgs                 0x200050e0   0x324  Data  Lc  bgm111.o [1]
ceil                    0x08016af1          Code  Gb  ceil.o [4]
ceill                   0x08016af1          Code  Gb  ceil.o [4]
clrUsartState           0x08005629    0x1c  Code  Gb  usart.o [1]
connection_cnt          0x20006a40     0x2  Data  Lc  app_data.o [1]
data                    0x20005970   0x248  Data  Gb  app_data.o [1]
delay_1ms               0x0800fd71     0xe  Code  Gb  ErrorCodes.o [1]
digits                  0x08013254    0x28  Data  Lc  xstoul.o [3]
digits                  0x080167bc    0x28  Data  Lc  xstoull.o [3]
div                     0x08013a69     0xe  Code  Gb  div.o [3]
dmul                    0x08017089    0x52  Code  Lc  xdtento.o [4]
driver_list             0x200069b8     0xc  Data  Lc  app_data.o [1]
errStruct               0x20005404   0x324  Data  Lc  ErrorCodes.o [1]
exit                    0x0801ccef     0x4  Code  Gb  exit.o [3]
fi                      0x20006560    0x80  Data  Lc  Rd_Sound.o [1]
fix_fft                 0x080102d5   0x1ac  Code  Gb  fix_fft.o [1]
floor                   0x08010e35          Code  Gb  floor.o [4]
floorl                  0x08010e35          Code  Gb  floor.o [4]
fr                      0x200064e0    0x80  Data  Lc  Rd_Sound.o [1]
free                    0x0801355d    0x7a  Code  Gb  xxmemxfree.o [3]
fs                      0x200065e0    0x80  Data  Lc  Rd_Sound.o [1]
gecko_cmd_le_gap_set_mode
                        0x08005829    0x40  Code  Lc  bgm111.o [1]
gecko_cmd_msg           0x2000000c     0x4  Data  Gb  bgm111.o [1]
gecko_get_event         0x0800fb11    0x5e  Code  Gb  gecko_bglib.o [1]
gecko_handle_command    0x0800fb93    0x30  Code  Gb  gecko_bglib.o [1]
gecko_peek_event        0x0800fb6f     0xa  Code  Gb  gecko_bglib.o [1]
gecko_queue             0x20004168   0xf78  Data  Gb  bgm111.o [1]
gecko_queue_r           0x200069f0     0x4  Data  Gb  bgm111.o [1]
gecko_queue_w           0x200069ec     0x4  Data  Gb  bgm111.o [1]
gecko_rsp_msg           0x20000010     0x4  Data  Gb  bgm111.o [1]
gecko_wait_message      0x0800fa35    0xdc  Code  Gb  gecko_bglib.o [1]
gecko_wait_response     0x0800fb79    0x1a  Code  Gb  gecko_bglib.o [1]
getTickString           0x08008b49    0x90  Code  Gb  app_data.o [1]
getTickString::tempstr  0x2000699c    0x10  Data  Lc  app_data.o [1]
get_BGMBanner           0x08006387     0x4  Code  Gb  bgm111.o [1]
hadc                    0x200066d4    0x54  Data  Gb  adc.o [1]
hatoi                   0x08004fef    0x58  Code  Gb  parser.o [1]
hdma_adc                0x200067e4    0x38  Data  Gb  adc.o [1]
hi2c1                   0x200067a8    0x3c  Data  Gb  i2c.o [1]
hpcd_USB_FS             0x20005bb8   0x220  Data  Gb  usbd_conf.o [1]
htim2                   0x20006854    0x38  Data  Gb  tim.o [1]
htim3                   0x2000688c    0x38  Data  Gb  tim.o [1]
htim4                   0x2000681c    0x38  Data  Gb  stm32l1xx_hal_timebase_TIM.o [1]
huart2                  0x20006728    0x40  Data  Gb  usart.o [1]
huart3                  0x20006768    0x40  Data  Gb  usart.o [1]
hwwdg                   0x20006988    0x14  Data  Gb  wwdg.o [1]
isHexNum                0x08004fa5    0x4a  Code  Gb  parser.o [1]
isalpha                 0x0801658d    0x14  Code  Gb  isxxx.o [3]
isdigit                 0x0800cde1     0xa  Code  Gb  isdigit.o [3]
isspace                 0x080165a1    0x14  Code  Gb  isxxx.o [3]
ledOffCnt               0x2000005c     0x4  Data  Lc  tim.o [1]
localeconv              0x08013a37    0x16  Code  Gb  localeconv.o [3]
main                    0x0800efb1   0x5ec  Code  Gb  main.o [1]
malloc                  0x08013419    0xac  Code  Gb  xxmemxmalloc.o [3]
memchr                  0x080133b5          Code  Gb  memchr.o [5]
modf                    0x08010be5          Code  Gb  modf.o [4]
modfl                   0x08010be5          Code  Gb  modf.o [4]
ndigs                   0x0801327c    0x28  Data  Lc  xstoul.o [3]
ndigs                   0x080167e4    0x28  Data  Lc  xstoull.o [3]
osSystickHandler        0x080194e5    0x10  Code  Gb  cmsis_os.o [1]
pFlash                  0x20006970    0x18  Data  Gb  stm32l1xx_hal_flash.o [1]
pows                    0x08017240    0x48  Data  Lc  xdtento.o [4]
prvResetNextTaskUnblockTime
                        0x0801925d    0x28  Code  Lc  tasks.o [1]
pxCurrentTCB            0x200069fc     0x4  Data  Gb  tasks.o [1]
pxDelayedTaskList       0x20006a00     0x4  Data  Lc  tasks.o [1]
pxOverflowDelayedTaskList
                        0x20006a04     0x4  Data  Lc  tasks.o [1]
pxReadyTasksLists       0x2000634c    0x8c  Data  Lc  tasks.o [1]
round                   0x08010e95    0x44  Code  Gb  round.o [4]
sConfig                 0x200069ac     0xc  Data  Gb  adc.o [1]
saveLen                 0x20000060     0x4  Data  Lc  usart.o [1]
save_Ptr                0x20006a28     0x4  Data  Lc  usart.o [1]
set_BGMBanner           0x08006357    0x30  Code  Gb  bgm111.o [1]
sprintf                 0x08005235    0x34  Code  Gb  sprintf.o [3]
sqrt                    0x080105dd          Code  Gb  sqrt.o [4]
sqrtl                   0x080105dd          Code  Gb  sqrt.o [4]
sscanf                  0x0800ca01    0x24  Code  Gb  sscanf.o [3]
strcat                  0x08006ec5    0x1c  Code  Gb  strcat.o [3]
strchr                  0x0801339d          Code  Gb  strchr.o [5]
strlen                  0x0800519d          Code  Gb  strlen.o [5]
strncmp                 0x0800ca73    0x2c  Code  Gb  strncmp.o [3]
strstr                  0x08010009    0x10  Code  Gb  bgm111.o [1]
tmpData                 0x20006a4a     0x2  Data  Lc  usart.o [1]
tmpPdata                0x20006a2c     0x4  Data  Lc  usart.o [1]
tmpSize                 0x20006a48     0x2  Data  Lc  usart.o [1]
tolower                 0x08016c1d    0x14  Code  Gb  tolower.o [3]
ubSequenceCompleted     0x20006a4c     0x1  Data  Gb  adc.o [1]
ulPortSetInterruptMask  0x0801930b          Code  Gb  portasm.o [1]
uwTick                  0x200069f8     0x4  Data  Lc  stm32l1xx_hal.o [1]
uxListRemove            0x08019379    0x28  Code  Gb  list.o [1]
uxPendedTicks           0x20006a14     0x4  Data  Lc  tasks.o [1]
uxSchedulerSuspended    0x20006a24     0x4  Data  Lc  tasks.o [1]
uxTopReadyPriority      0x20006a0c     0x4  Data  Lc  tasks.o [1]
vListInsertEnd          0x08019361    0x18  Code  Gb  list.o [1]
vPortClearInterruptMask
                        0x08019319          Code  Gb  portasm.o [1]
vPortStartFirstTask     0x0801933f          Code  Gb  portasm.o [1]
vTaskSwitchContext      0x080191dd    0x6c  Code  Gb  tasks.o [1]
wwdg_HardFrames         0x08070000    0x74  Data  Gb  wwdg.o [1]
wwdg_Save               0x20006a38     0x4  Data  Lc  wwdg.o [1]
xNextTaskUnblockTime    0x20006a20     0x4  Data  Lc  tasks.o [1]
xNumOfOverflows         0x20006a1c     0x4  Data  Lc  tasks.o [1]
xPortSysTickHandler     0x080194f5    0x1e  Code  Gb  port.o [1]
xSchedulerRunning       0x20006a10     0x4  Data  Lc  tasks.o [1]
xTaskGetSchedulerState  0x08019285    0x26  Code  Gb  tasks.o [1]
xTaskIncrementTick      0x080190a9   0x134  Code  Gb  tasks.o [1]
xTickCount              0x20006a08     0x4  Data  Lc  tasks.o [1]
xYieldPending           0x20006a18     0x4  Data  Lc  tasks.o [1]


[1] = D:\GoogleDriveCLT\GoogleDrive\WeatherCloud\Roadboard\Software\Road-Board-December-2016N8\EWARM\WeatherMesh\Obj
[2] = command line
[3] = dl7M_tlf.a
[4] = m7M_tl.a
[5] = rt7M_tl.a
[6] = shb_l.a

  103 860 bytes of readonly  code memory
   19 292 bytes of readonly  data memory
   27 221 bytes of readwrite data memory (+ 316 absolute)

Errors: none
Warnings: none
