###############################################################################
#
# IAR ELF Linker V7.60.2.11341/W32 for ARM                10/Oct/2016  08:53:45
# Copyright 2007-2016 IAR Systems AB.
#
#    Output file  =  
#        D:\GoogleDriveCLT\GoogleDrive\WeatherCloud\Roadboard\Software\Road
#        Board Rev L BASELINE Sept 26 2016\EWARM\Road Brd Grid Eye COM
#        Test\Exe\Road Board Rev K NUCLEO V1.1 Jul 12 2016.out
#    Map file     =  
#        D:\GoogleDriveCLT\GoogleDrive\WeatherCloud\Roadboard\Software\Road
#        Board Rev L BASELINE Sept 26 2016\EWARM\Road Brd Grid Eye COM
#        Test\List\Road Board Rev K NUCLEO V1.1 Jul 12 2016.map
#    Command line =  
#        "D:\GoogleDriveCLT\GoogleDrive\WeatherCloud\Roadboard\Software\Road
#        Board Rev L BASELINE Sept 26 2016\EWARM\Road Brd Grid Eye COM
#        Test\Obj\adc.o"
#        "D:\GoogleDriveCLT\GoogleDrive\WeatherCloud\Roadboard\Software\Road
#        Board Rev L BASELINE Sept 26 2016\EWARM\Road Brd Grid Eye COM
#        Test\Obj\cmsis_os.o"
#        "D:\GoogleDriveCLT\GoogleDrive\WeatherCloud\Roadboard\Software\Road
#        Board Rev L BASELINE Sept 26 2016\EWARM\Road Brd Grid Eye COM
#        Test\Obj\croutine.o"
#        "D:\GoogleDriveCLT\GoogleDrive\WeatherCloud\Roadboard\Software\Road
#        Board Rev L BASELINE Sept 26 2016\EWARM\Road Brd Grid Eye COM
#        Test\Obj\dma.o"
#        "D:\GoogleDriveCLT\GoogleDrive\WeatherCloud\Roadboard\Software\Road
#        Board Rev L BASELINE Sept 26 2016\EWARM\Road Brd Grid Eye COM
#        Test\Obj\event_groups.o"
#        "D:\GoogleDriveCLT\GoogleDrive\WeatherCloud\Roadboard\Software\Road
#        Board Rev L BASELINE Sept 26 2016\EWARM\Road Brd Grid Eye COM
#        Test\Obj\freertos.o"
#        "D:\GoogleDriveCLT\GoogleDrive\WeatherCloud\Roadboard\Software\Road
#        Board Rev L BASELINE Sept 26 2016\EWARM\Road Brd Grid Eye COM
#        Test\Obj\gecko_bglib.o"
#        "D:\GoogleDriveCLT\GoogleDrive\WeatherCloud\Roadboard\Software\Road
#        Board Rev L BASELINE Sept 26 2016\EWARM\Road Brd Grid Eye COM
#        Test\Obj\gpio.o"
#        "D:\GoogleDriveCLT\GoogleDrive\WeatherCloud\Roadboard\Software\Road
#        Board Rev L BASELINE Sept 26 2016\EWARM\Road Brd Grid Eye COM
#        Test\Obj\heap_4.o"
#        "D:\GoogleDriveCLT\GoogleDrive\WeatherCloud\Roadboard\Software\Road
#        Board Rev L BASELINE Sept 26 2016\EWARM\Road Brd Grid Eye COM
#        Test\Obj\i2c.o"
#        "D:\GoogleDriveCLT\GoogleDrive\WeatherCloud\Roadboard\Software\Road
#        Board Rev L BASELINE Sept 26 2016\EWARM\Road Brd Grid Eye COM
#        Test\Obj\list.o"
#        "D:\GoogleDriveCLT\GoogleDrive\WeatherCloud\Roadboard\Software\Road
#        Board Rev L BASELINE Sept 26 2016\EWARM\Road Brd Grid Eye COM
#        Test\Obj\main.o"
#        "D:\GoogleDriveCLT\GoogleDrive\WeatherCloud\Roadboard\Software\Road
#        Board Rev L BASELINE Sept 26 2016\EWARM\Road Brd Grid Eye COM
#        Test\Obj\port.o"
#        "D:\GoogleDriveCLT\GoogleDrive\WeatherCloud\Roadboard\Software\Road
#        Board Rev L BASELINE Sept 26 2016\EWARM\Road Brd Grid Eye COM
#        Test\Obj\portasm.o"
#        "D:\GoogleDriveCLT\GoogleDrive\WeatherCloud\Roadboard\Software\Road
#        Board Rev L BASELINE Sept 26 2016\EWARM\Road Brd Grid Eye COM
#        Test\Obj\queue.o"
#        "D:\GoogleDriveCLT\GoogleDrive\WeatherCloud\Roadboard\Software\Road
#        Board Rev L BASELINE Sept 26 2016\EWARM\Road Brd Grid Eye COM
#        Test\Obj\startup_stm32l152xe.o"
#        "D:\GoogleDriveCLT\GoogleDrive\WeatherCloud\Roadboard\Software\Road
#        Board Rev L BASELINE Sept 26 2016\EWARM\Road Brd Grid Eye COM
#        Test\Obj\stm32l1xx_hal.o"
#        "D:\GoogleDriveCLT\GoogleDrive\WeatherCloud\Roadboard\Software\Road
#        Board Rev L BASELINE Sept 26 2016\EWARM\Road Brd Grid Eye COM
#        Test\Obj\stm32l1xx_hal_adc.o"
#        "D:\GoogleDriveCLT\GoogleDrive\WeatherCloud\Roadboard\Software\Road
#        Board Rev L BASELINE Sept 26 2016\EWARM\Road Brd Grid Eye COM
#        Test\Obj\stm32l1xx_hal_adc_ex.o"
#        "D:\GoogleDriveCLT\GoogleDrive\WeatherCloud\Roadboard\Software\Road
#        Board Rev L BASELINE Sept 26 2016\EWARM\Road Brd Grid Eye COM
#        Test\Obj\stm32l1xx_hal_cortex.o"
#        "D:\GoogleDriveCLT\GoogleDrive\WeatherCloud\Roadboard\Software\Road
#        Board Rev L BASELINE Sept 26 2016\EWARM\Road Brd Grid Eye COM
#        Test\Obj\stm32l1xx_hal_dma.o"
#        "D:\GoogleDriveCLT\GoogleDrive\WeatherCloud\Roadboard\Software\Road
#        Board Rev L BASELINE Sept 26 2016\EWARM\Road Brd Grid Eye COM
#        Test\Obj\stm32l1xx_hal_flash.o"
#        "D:\GoogleDriveCLT\GoogleDrive\WeatherCloud\Roadboard\Software\Road
#        Board Rev L BASELINE Sept 26 2016\EWARM\Road Brd Grid Eye COM
#        Test\Obj\stm32l1xx_hal_flash_ex.o"
#        "D:\GoogleDriveCLT\GoogleDrive\WeatherCloud\Roadboard\Software\Road
#        Board Rev L BASELINE Sept 26 2016\EWARM\Road Brd Grid Eye COM
#        Test\Obj\stm32l1xx_hal_flash_ramfunc.o"
#        "D:\GoogleDriveCLT\GoogleDrive\WeatherCloud\Roadboard\Software\Road
#        Board Rev L BASELINE Sept 26 2016\EWARM\Road Brd Grid Eye COM
#        Test\Obj\stm32l1xx_hal_gpio.o"
#        "D:\GoogleDriveCLT\GoogleDrive\WeatherCloud\Roadboard\Software\Road
#        Board Rev L BASELINE Sept 26 2016\EWARM\Road Brd Grid Eye COM
#        Test\Obj\stm32l1xx_hal_i2c.o"
#        "D:\GoogleDriveCLT\GoogleDrive\WeatherCloud\Roadboard\Software\Road
#        Board Rev L BASELINE Sept 26 2016\EWARM\Road Brd Grid Eye COM
#        Test\Obj\stm32l1xx_hal_msp.o"
#        "D:\GoogleDriveCLT\GoogleDrive\WeatherCloud\Roadboard\Software\Road
#        Board Rev L BASELINE Sept 26 2016\EWARM\Road Brd Grid Eye COM
#        Test\Obj\stm32l1xx_hal_pcd.o"
#        "D:\GoogleDriveCLT\GoogleDrive\WeatherCloud\Roadboard\Software\Road
#        Board Rev L BASELINE Sept 26 2016\EWARM\Road Brd Grid Eye COM
#        Test\Obj\stm32l1xx_hal_pcd_ex.o"
#        "D:\GoogleDriveCLT\GoogleDrive\WeatherCloud\Roadboard\Software\Road
#        Board Rev L BASELINE Sept 26 2016\EWARM\Road Brd Grid Eye COM
#        Test\Obj\stm32l1xx_hal_pwr.o"
#        "D:\GoogleDriveCLT\GoogleDrive\WeatherCloud\Roadboard\Software\Road
#        Board Rev L BASELINE Sept 26 2016\EWARM\Road Brd Grid Eye COM
#        Test\Obj\stm32l1xx_hal_pwr_ex.o"
#        "D:\GoogleDriveCLT\GoogleDrive\WeatherCloud\Roadboard\Software\Road
#        Board Rev L BASELINE Sept 26 2016\EWARM\Road Brd Grid Eye COM
#        Test\Obj\stm32l1xx_hal_rcc.o"
#        "D:\GoogleDriveCLT\GoogleDrive\WeatherCloud\Roadboard\Software\Road
#        Board Rev L BASELINE Sept 26 2016\EWARM\Road Brd Grid Eye COM
#        Test\Obj\stm32l1xx_hal_rcc_ex.o"
#        "D:\GoogleDriveCLT\GoogleDrive\WeatherCloud\Roadboard\Software\Road
#        Board Rev L BASELINE Sept 26 2016\EWARM\Road Brd Grid Eye COM
#        Test\Obj\stm32l1xx_hal_tim.o"
#        "D:\GoogleDriveCLT\GoogleDrive\WeatherCloud\Roadboard\Software\Road
#        Board Rev L BASELINE Sept 26 2016\EWARM\Road Brd Grid Eye COM
#        Test\Obj\stm32l1xx_hal_tim_ex.o"
#        "D:\GoogleDriveCLT\GoogleDrive\WeatherCloud\Roadboard\Software\Road
#        Board Rev L BASELINE Sept 26 2016\EWARM\Road Brd Grid Eye COM
#        Test\Obj\stm32l1xx_hal_timebase_TIM.o"
#        "D:\GoogleDriveCLT\GoogleDrive\WeatherCloud\Roadboard\Software\Road
#        Board Rev L BASELINE Sept 26 2016\EWARM\Road Brd Grid Eye COM
#        Test\Obj\stm32l1xx_hal_uart.o"
#        "D:\GoogleDriveCLT\GoogleDrive\WeatherCloud\Roadboard\Software\Road
#        Board Rev L BASELINE Sept 26 2016\EWARM\Road Brd Grid Eye COM
#        Test\Obj\stm32l1xx_hal_wwdg.o"
#        "D:\GoogleDriveCLT\GoogleDrive\WeatherCloud\Roadboard\Software\Road
#        Board Rev L BASELINE Sept 26 2016\EWARM\Road Brd Grid Eye COM
#        Test\Obj\stm32l1xx_it.o"
#        "D:\GoogleDriveCLT\GoogleDrive\WeatherCloud\Roadboard\Software\Road
#        Board Rev L BASELINE Sept 26 2016\EWARM\Road Brd Grid Eye COM
#        Test\Obj\stm32l1xx_nucleo.o"
#        "D:\GoogleDriveCLT\GoogleDrive\WeatherCloud\Roadboard\Software\Road
#        Board Rev L BASELINE Sept 26 2016\EWARM\Road Brd Grid Eye COM
#        Test\Obj\system_stm32l1xx.o"
#        "D:\GoogleDriveCLT\GoogleDrive\WeatherCloud\Roadboard\Software\Road
#        Board Rev L BASELINE Sept 26 2016\EWARM\Road Brd Grid Eye COM
#        Test\Obj\tasks.o"
#        "D:\GoogleDriveCLT\GoogleDrive\WeatherCloud\Roadboard\Software\Road
#        Board Rev L BASELINE Sept 26 2016\EWARM\Road Brd Grid Eye COM
#        Test\Obj\tim.o"
#        "D:\GoogleDriveCLT\GoogleDrive\WeatherCloud\Roadboard\Software\Road
#        Board Rev L BASELINE Sept 26 2016\EWARM\Road Brd Grid Eye COM
#        Test\Obj\timers.o"
#        "D:\GoogleDriveCLT\GoogleDrive\WeatherCloud\Roadboard\Software\Road
#        Board Rev L BASELINE Sept 26 2016\EWARM\Road Brd Grid Eye COM
#        Test\Obj\usart.o"
#        "D:\GoogleDriveCLT\GoogleDrive\WeatherCloud\Roadboard\Software\Road
#        Board Rev L BASELINE Sept 26 2016\EWARM\Road Brd Grid Eye COM
#        Test\Obj\usb_device.o"
#        "D:\GoogleDriveCLT\GoogleDrive\WeatherCloud\Roadboard\Software\Road
#        Board Rev L BASELINE Sept 26 2016\EWARM\Road Brd Grid Eye COM
#        Test\Obj\usbd_cdc.o"
#        "D:\GoogleDriveCLT\GoogleDrive\WeatherCloud\Roadboard\Software\Road
#        Board Rev L BASELINE Sept 26 2016\EWARM\Road Brd Grid Eye COM
#        Test\Obj\usbd_cdc_if.o"
#        "D:\GoogleDriveCLT\GoogleDrive\WeatherCloud\Roadboard\Software\Road
#        Board Rev L BASELINE Sept 26 2016\EWARM\Road Brd Grid Eye COM
#        Test\Obj\usbd_conf.o"
#        "D:\GoogleDriveCLT\GoogleDrive\WeatherCloud\Roadboard\Software\Road
#        Board Rev L BASELINE Sept 26 2016\EWARM\Road Brd Grid Eye COM
#        Test\Obj\usbd_core.o"
#        "D:\GoogleDriveCLT\GoogleDrive\WeatherCloud\Roadboard\Software\Road
#        Board Rev L BASELINE Sept 26 2016\EWARM\Road Brd Grid Eye COM
#        Test\Obj\usbd_ctlreq.o"
#        "D:\GoogleDriveCLT\GoogleDrive\WeatherCloud\Roadboard\Software\Road
#        Board Rev L BASELINE Sept 26 2016\EWARM\Road Brd Grid Eye COM
#        Test\Obj\usbd_desc.o"
#        "D:\GoogleDriveCLT\GoogleDrive\WeatherCloud\Roadboard\Software\Road
#        Board Rev L BASELINE Sept 26 2016\EWARM\Road Brd Grid Eye COM
#        Test\Obj\usbd_ioreq.o"
#        "D:\GoogleDriveCLT\GoogleDrive\WeatherCloud\Roadboard\Software\Road
#        Board Rev L BASELINE Sept 26 2016\EWARM\Road Brd Grid Eye COM
#        Test\Obj\wwdg.o" --redirect _Printf=_PrintfFull --redirect
#        _Scanf=_ScanfFull -o
#        "D:\GoogleDriveCLT\GoogleDrive\WeatherCloud\Roadboard\Software\Road
#        Board Rev L BASELINE Sept 26 2016\EWARM\Road Brd Grid Eye COM
#        Test\Exe\Road Board Rev K NUCLEO V1.1 Jul 12 2016.out" --map
#        "D:\GoogleDriveCLT\GoogleDrive\WeatherCloud\Roadboard\Software\Road
#        Board Rev L BASELINE Sept 26 2016\EWARM\Road Brd Grid Eye COM
#        Test\List\Road Board Rev K NUCLEO V1.1 Jul 12 2016.map" --config
#        "D:\GoogleDriveCLT\GoogleDrive\WeatherCloud\Roadboard\Software\Road
#        Board Rev L BASELINE Sept 26 2016\EWARM/stm32l152xe_flash.icf"
#        --semihosting --entry __iar_program_start --vfe
#
###############################################################################

*******************************************************************************
*** RUNTIME MODEL ATTRIBUTES
***

CppFlavor       = *
__SystemLibrary = DLib


*******************************************************************************
*** PLACEMENT SUMMARY
***

"A1":  place at 0x08000000 { ro section .intvec };
"P1":  place in [from 0x08000000 to 0x0807ffff] { ro };
"P2":  place in [from 0x20000000 to 0x20013fff] { rw, block CSTACK, block HEAP };
initialize by copy { rw };

  Section            Kind        Address    Size  Object
  -------            ----        -------    ----  ------
"A1":                                      0x124
  .intvec            ro code  0x08000000   0x124  startup_stm32l152xe.o [1]
                            - 0x08000124   0x124

"P1":                                     0x4379
  .text              ro code  0x08000124   0xad2  stm32l1xx_hal_pcd.o [1]
  .text              ro code  0x08000bf8    0xf0  usbd_conf.o [1]
  .text              ro code  0x08000ce8   0x20a  usbd_core.o [1]
  .text              ro code  0x08000ef4   0x37a  usbd_ctlreq.o [1]
  .text              ro code  0x0800126e    0x4e  usbd_ioreq.o [1]
  .text              ro code  0x080012bc   0x65c  stm32l1xx_hal_dma.o [1]
  .text              ro code  0x08001918   0x624  stm32l1xx_hal_rcc.o [1]
  .text              ro code  0x08001f3c    0x44  stm32l1xx_hal.o [1]
  .text              ro code  0x08001f80    0x78  stm32l1xx_hal_timebase_TIM.o [1]
  .text              ro code  0x08001ff8    0x10  stm32l1xx_hal_pwr_ex.o [1]
  .text              ro code  0x08002008    0xdc  stm32l1xx_hal_cortex.o [1]
  .text              ro code  0x080020e4    0x8c  stm32l1xx_hal_msp.o [1]
  .text              ro code  0x08002170   0x336  stm32l1xx_hal_tim.o [1]
  .text              ro code  0x080024a8    0xe8  tim.o [1]
  .text              ro code  0x08002590   0x25c  main.o [1]
  .text              ro code  0x080027ec    0x4e  stm32l1xx_hal_tim_ex.o [1]
  .text              ro code  0x0800283c   0x178  gpio.o [1]
  .text              ro code  0x080029b4    0x30  dma.o [1]
  .text              ro code  0x080029e4   0x170  adc.o [1]
  .text              ro code  0x08002b54    0x94  i2c.o [1]
  .text              ro code  0x08002be8   0x222  usart.o [1]
  .text              ro code  0x08002e0c    0x54  wwdg.o [1]
  .text              ro code  0x08002e60    0x56  ABImemcpy_unaligned.o [4]
  .text              ro code  0x08002eb8   0x2b8  stm32l1xx_hal_gpio.o [1]
  .text              ro code  0x08003170   0x3cc  stm32l1xx_hal_adc.o [1]
  .text              ro code  0x0800353c   0x434  stm32l1xx_hal_i2c.o [1]
  .text              ro code  0x08003970   0x58e  stm32l1xx_hal_uart.o [1]
  .text              ro code  0x08003f00    0x36  strlen.o [4]
  .text              ro code  0x08003f36    0x42  stm32l1xx_hal_wwdg.o [1]
  .text              ro code  0x08003f78   0x144  tasks.o [1]
  CODE               ro code  0x080040bc    0x94  portasm.o [1]
  .text              ro code  0x08004150    0x3c  list.o [1]
  .text              ro code  0x0800418c    0x5c  stm32l1xx_it.o [1]
  .text              ro code  0x080041e8    0x14  cmsis_os.o [1]
  .text              ro code  0x080041fc    0x24  port.o [1]
  .text              ro code  0x08004220    0x58  system_stm32l1xx.o [1]
  .text              ro code  0x08004278    0x40  zero_init3.o [4]
  .text              ro code  0x080042b8    0x38  packbits_init_single.o [4]
  .text              ro code  0x080042f0    0x28  data_init.o [4]
  .iar.init_table    const    0x08004318    0x20  - Linker created -
  .text              ro code  0x08004338    0x1a  cmain.o [4]
  .text              ro code  0x08004352     0x4  low_level_init.o [3]
  .text              ro code  0x08004356     0x4  exit.o [3]
  .text              ro code  0x0800435c     0xa  cexit.o [4]
  .text              ro code  0x08004368    0x14  exit.o [5]
  .text              ro code  0x0800437c    0x10  startup_stm32l152xe.o [1]
  .text              ro code  0x0800438c     0xc  cstartup_M.o [4]
  .rodata            const    0x08004398     0x8  system_stm32l1xx.o [1]
  .text              ro code  0x080043a0     0x4  startup_stm32l152xe.o [1]
  .text              ro code  0x080043a4     0x4  startup_stm32l152xe.o [1]
  .text              ro code  0x080043a8     0x4  startup_stm32l152xe.o [1]
  .text              ro code  0x080043ac     0x4  startup_stm32l152xe.o [1]
  .text              ro code  0x080043b0     0x4  startup_stm32l152xe.o [1]
  .text              ro code  0x080043b4     0x4  startup_stm32l152xe.o [1]
  .text              ro code  0x080043b8     0x4  startup_stm32l152xe.o [1]
  .text              ro code  0x080043bc     0x4  startup_stm32l152xe.o [1]
  .text              ro code  0x080043c0     0x4  startup_stm32l152xe.o [1]
  .text              ro code  0x080043c4     0x4  startup_stm32l152xe.o [1]
  .text              ro code  0x080043c8     0x4  startup_stm32l152xe.o [1]
  .text              ro code  0x080043cc     0x4  startup_stm32l152xe.o [1]
  .text              ro code  0x080043d0     0x4  startup_stm32l152xe.o [1]
  .text              ro code  0x080043d4     0x4  startup_stm32l152xe.o [1]
  .text              ro code  0x080043d8     0x4  startup_stm32l152xe.o [1]
  .text              ro code  0x080043dc     0x4  startup_stm32l152xe.o [1]
  .text              ro code  0x080043e0     0x4  startup_stm32l152xe.o [1]
  .text              ro code  0x080043e4     0x4  startup_stm32l152xe.o [1]
  .text              ro code  0x080043e8     0x4  startup_stm32l152xe.o [1]
  .text              ro code  0x080043ec     0x4  startup_stm32l152xe.o [1]
  .text              ro code  0x080043f0     0x4  startup_stm32l152xe.o [1]
  .text              ro code  0x080043f4     0x4  startup_stm32l152xe.o [1]
  .text              ro code  0x080043f8     0x4  startup_stm32l152xe.o [1]
  .text              ro code  0x080043fc     0x4  startup_stm32l152xe.o [1]
  .text              ro code  0x08004400     0x4  startup_stm32l152xe.o [1]
  .text              ro code  0x08004404     0x4  startup_stm32l152xe.o [1]
  .text              ro code  0x08004408     0x4  startup_stm32l152xe.o [1]
  .text              ro code  0x0800440c     0x4  startup_stm32l152xe.o [1]
  .text              ro code  0x08004410     0x4  startup_stm32l152xe.o [1]
  .text              ro code  0x08004414     0x4  startup_stm32l152xe.o [1]
  .text              ro code  0x08004418     0x4  startup_stm32l152xe.o [1]
  .text              ro code  0x0800441c     0x4  startup_stm32l152xe.o [1]
  .text              ro code  0x08004420     0x4  startup_stm32l152xe.o [1]
  .text              ro code  0x08004424     0x4  startup_stm32l152xe.o [1]
  .text              ro code  0x08004428     0x4  startup_stm32l152xe.o [1]
  .text              ro code  0x0800442c     0x4  startup_stm32l152xe.o [1]
  .text              ro code  0x08004430     0x4  startup_stm32l152xe.o [1]
  .text              ro code  0x08004434     0x4  startup_stm32l152xe.o [1]
  .text              ro code  0x08004438     0x4  startup_stm32l152xe.o [1]
  .text              ro code  0x0800443c     0x4  startup_stm32l152xe.o [1]
  .text              ro code  0x08004440     0x4  startup_stm32l152xe.o [1]
  .text              ro code  0x08004444     0x4  startup_stm32l152xe.o [1]
  .text              ro code  0x08004448     0x4  startup_stm32l152xe.o [1]
  .text              ro code  0x0800444c     0x4  startup_stm32l152xe.o [1]
  .text              ro code  0x08004450     0x4  startup_stm32l152xe.o [1]
  .text              ro code  0x08004454     0x4  startup_stm32l152xe.o [1]
  .text              ro code  0x08004458     0x4  startup_stm32l152xe.o [1]
  .text              ro code  0x0800445c     0x4  startup_stm32l152xe.o [1]
  .text              ro code  0x08004460     0x4  startup_stm32l152xe.o [1]
  .text              ro code  0x08004464     0x4  startup_stm32l152xe.o [1]
  .text              ro code  0x08004468     0x4  startup_stm32l152xe.o [1]
  .text              ro code  0x0800446c     0x4  startup_stm32l152xe.o [1]
  .rodata            const    0x08004470     0x0  zero_init3.o [4]
  .rodata            const    0x08004470     0x0  packbits_init_single.o [4]
  Initializer bytes  const    0x08004470    0x2d  <for P2-1>
                            - 0x0800449d  0x4379

"P2", part 1 of 3:                          0x94
  P2-1                        0x20000000    0x94  <Init block>
    .data            inited   0x20000000    0x70  adc.o [1]
    .data            inited   0x20000070    0x20  gpio.o [1]
    .data            inited   0x20000090     0x4  system_stm32l1xx.o [1]
                            - 0x20000094    0x94

"P2", part 2 of 3:                         0x400
  CSTACK                      0x20000098   0x400  <Block>
    CSTACK           uninit   0x20000098   0x400  <Block tail>
                            - 0x20000498   0x400

"P2", part 3 of 3:                         0x504
  .bss               zero     0x20000498   0x220  usbd_conf.o [1]
  .bss               zero     0x200006b8    0x9c  tasks.o [1]
  .bss               zero     0x20000754    0x8c  tasks.o [1]
  .bss               zero     0x200007e0    0x80  usart.o [1]
  .bss               zero     0x20000860    0x3c  i2c.o [1]
  .bss               zero     0x2000089c    0x38  adc.o [1]
  .bss               zero     0x200008d4    0x38  stm32l1xx_hal_timebase_TIM.o [1]
  .bss               zero     0x2000090c    0x38  tim.o [1]
  .bss               zero     0x20000944    0x38  tim.o [1]
  .bss               zero     0x2000097c    0x14  wwdg.o [1]
  .bss               zero     0x20000990     0x4  stm32l1xx_hal.o [1]
  .bss               zero     0x20000994     0x2  tim.o [1]
  .bss               zero     0x20000996     0x2  usart.o [1]
  .bss               zero     0x20000998     0x1  usbd_ctlreq.o [1]
                            - 0x20000999   0x501


*******************************************************************************
*** INIT TABLE
***

          Address     Size
          -------     ----
Zero (__iar_zero_init3)
    1 destination range, total size 0x501:
          0x20000498  0x501

Copy/packbits (__iar_packbits_init_single3)
    1 source range, total size 0x2d (30% of destination):
          0x08004470   0x2d
    1 destination range, total size 0x94:
          0x20000000   0x94



*******************************************************************************
*** MODULE SUMMARY
***

    Module                        ro code  ro data  rw data
    ------                        -------  -------  -------
D:\GoogleDriveCLT\GoogleDrive\WeatherCloud\Roadboard\Software\Road Board Rev L BASELINE Sept 26 2016\EWARM\Road Brd Grid Eye COM Test\Obj: [1]
    adc.o                             368       34      168
    cmsis_os.o                         20
    dma.o                              48
    gpio.o                            376        9       32
    i2c.o                             148                60
    list.o                             60
    main.o                            604
    port.o                             36
    portasm.o                         148
    startup_stm32l152xe.o             516
    stm32l1xx_hal.o                    68                 4
    stm32l1xx_hal_adc.o               972
    stm32l1xx_hal_cortex.o            220
    stm32l1xx_hal_dma.o             1 628
    stm32l1xx_hal_gpio.o              696
    stm32l1xx_hal_i2c.o             1 076
    stm32l1xx_hal_msp.o               140
    stm32l1xx_hal_pcd.o             2 770
    stm32l1xx_hal_pwr_ex.o             16
    stm32l1xx_hal_rcc.o             1 572
    stm32l1xx_hal_tim.o               822
    stm32l1xx_hal_tim_ex.o             78
    stm32l1xx_hal_timebase_TIM.o      120                56
    stm32l1xx_hal_uart.o            1 422
    stm32l1xx_hal_wwdg.o               66
    stm32l1xx_it.o                     92
    system_stm32l1xx.o                 88       10        4
    tasks.o                           324               296
    tim.o                             232               114
    usart.o                           546               130
    usbd_conf.o                       240               544
    usbd_core.o                       522
    usbd_ctlreq.o                     890                 1
    usbd_ioreq.o                       78
    wwdg.o                             84                20
    -------------------------------------------------------
    Total:                         17 086       53    1 429

command line: [2]
    -------------------------------------------------------
    Total:

dl7M_tlf.a: [3]
    exit.o                              4
    low_level_init.o                    4
    -------------------------------------------------------
    Total:                              8

rt7M_tl.a: [4]
    ABImemcpy_unaligned.o              86
    cexit.o                            10
    cmain.o                            26
    cstartup_M.o                       12
    data_init.o                        40
    packbits_init_single.o             56
    strlen.o                           54
    zero_init3.o                       64
    -------------------------------------------------------
    Total:                            348

shb_l.a: [5]
    exit.o                             20
    -------------------------------------------------------
    Total:                             20

    Gaps                               18
    Linker created                              32    1 024
-----------------------------------------------------------
    Grand Total:                   17 480       85    2 453


*******************************************************************************
*** ENTRY LIST
***

Entry                      Address   Size  Type      Object
-----                      -------   ----  ----      ------
.iar.init_table$$Base   0x08004318          --   Gb  - Linker created -
.iar.init_table$$Limit  0x08004338          --   Gb  - Linker created -
?main                   0x08004339         Code  Gb  cmain.o [4]
ADC_Channel             0x20000002    0x1  Data  Lc  adc.o [1]
ADC_Config              0x08002ac5   0x68  Code  Gb  adc.o [1]
ADC_ConversionStop_Disable
                        0x080034f9   0x44  Code  Gb  stm32l1xx_hal_adc.o [1]
AHBPrescTable           0x08004268   0x10  Data  Gb  system_stm32l1xx.o [1]
APBPrescTable           0x08004398    0x8  Data  Gb  system_stm32l1xx.o [1]
CSTACK$$Base            0x20000098          --   Gb  - Linker created -
CSTACK$$Limit           0x20000498          --   Gb  - Linker created -
DMA1_Channel1_IRQHandler
                        0x08004191    0x6  Code  Gb  stm32l1xx_it.o [1]
Error_Handler           0x0800270d   0x2e  Code  Gb  main.o [1]
HAL_ADC_ConfigChannel   0x080033b5  0x112  Code  Gb  stm32l1xx_hal_adc.o [1]
HAL_ADC_DeInit          0x080032b5  0x100  Code  Gb  stm32l1xx_hal_adc.o [1]
HAL_ADC_Init            0x08003171  0x138  Code  Gb  stm32l1xx_hal_adc.o [1]
HAL_ADC_MspDeInit       0x08002a9b   0x2a  Code  Gb  adc.o [1]
HAL_ADC_MspInit         0x08002a33   0x68  Code  Gb  adc.o [1]
HAL_DMA_DeInit          0x08001307  0x1e0  Code  Gb  stm32l1xx_hal_dma.o [1]
HAL_DMA_IRQHandler      0x080014e7  0x3ee  Code  Gb  stm32l1xx_hal_dma.o [1]
HAL_DMA_Init            0x080012bd   0x4a  Code  Gb  stm32l1xx_hal_dma.o [1]
HAL_Delay               0x08001f63   0x18  Code  Wk  stm32l1xx_hal.o [1]
HAL_GPIO_DeInit         0x0800303b   0xf2  Code  Gb  stm32l1xx_hal_gpio.o [1]
HAL_GPIO_Init           0x08002eb9  0x182  Code  Gb  stm32l1xx_hal_gpio.o [1]
HAL_GPIO_TogglePin      0x0800313f    0x8  Code  Gb  stm32l1xx_hal_gpio.o [1]
HAL_GPIO_WritePin       0x08003137    0x8  Code  Gb  stm32l1xx_hal_gpio.o [1]
HAL_GetTick             0x08001f5d    0x6  Code  Wk  stm32l1xx_hal.o [1]
HAL_I2C_ER_IRQHandler   0x08003801   0xc0  Code  Gb  stm32l1xx_hal_i2c.o [1]
HAL_I2C_EV_IRQHandler   0x08003675  0x180  Code  Gb  stm32l1xx_hal_i2c.o [1]
HAL_I2C_ErrorCallback   0x080038cd    0x2  Code  Wk  stm32l1xx_hal_i2c.o [1]
HAL_I2C_Init            0x0800353d  0x10a  Code  Gb  stm32l1xx_hal_i2c.o [1]
HAL_I2C_MasterRxCpltCallback
                        0x080038c3    0x2  Code  Wk  stm32l1xx_hal_i2c.o [1]
HAL_I2C_MasterTxCpltCallback
                        0x080038c1    0x2  Code  Wk  stm32l1xx_hal_i2c.o [1]
HAL_I2C_MemRxCpltCallback
                        0x080038cb    0x2  Code  Wk  stm32l1xx_hal_i2c.o [1]
HAL_I2C_MemTxCpltCallback
                        0x080038c9    0x2  Code  Wk  stm32l1xx_hal_i2c.o [1]
HAL_I2C_MspInit         0x08002b8b   0x42  Code  Gb  i2c.o [1]
HAL_I2C_SlaveRxCpltCallback
                        0x080038c7    0x2  Code  Wk  stm32l1xx_hal_i2c.o [1]
HAL_I2C_SlaveTxCpltCallback
                        0x080038c5    0x2  Code  Wk  stm32l1xx_hal_i2c.o [1]
HAL_IncTick             0x08001f53    0xa  Code  Wk  stm32l1xx_hal.o [1]
HAL_Init                0x08001f3d   0x16  Code  Gb  stm32l1xx_hal.o [1]
HAL_InitTick            0x08001f81   0x66  Code  Gb  stm32l1xx_hal_timebase_TIM.o [1]
HAL_MspInit             0x080020e5   0x8c  Code  Gb  stm32l1xx_hal_msp.o [1]
HAL_NVIC_EnableIRQ      0x08002077    0xc  Code  Gb  stm32l1xx_hal_cortex.o [1]
HAL_NVIC_SetPriority    0x0800203d   0x3a  Code  Gb  stm32l1xx_hal_cortex.o [1]
HAL_NVIC_SetPriorityGrouping
                        0x08002023   0x1a  Code  Gb  stm32l1xx_hal_cortex.o [1]
HAL_PCD_DataInStageCallback
                        0x08000c19   0x10  Code  Gb  usbd_conf.o [1]
HAL_PCD_DataOutStageCallback
                        0x08000c07   0x12  Code  Gb  usbd_conf.o [1]
HAL_PCD_EP_ClrStall     0x08000b45   0x92  Code  Gb  stm32l1xx_hal_pcd.o [1]
HAL_PCD_EP_Open         0x08000591  0x25c  Code  Gb  stm32l1xx_hal_pcd.o [1]
HAL_PCD_EP_Receive      0x08000813   0xfe  Code  Gb  stm32l1xx_hal_pcd.o [1]
HAL_PCD_EP_SetStall     0x08000acb   0x70  Code  Gb  stm32l1xx_hal_pcd.o [1]
HAL_PCD_EP_Transmit     0x08000941  0x152  Code  Gb  stm32l1xx_hal_pcd.o [1]
HAL_PCD_IRQHandler      0x08000471   0xf2  Code  Gb  stm32l1xx_hal_pcd.o [1]
HAL_PCD_ResetCallback   0x08000c31   0x1a  Code  Gb  usbd_conf.o [1]
HAL_PCD_ResumeCallback  0x08000c67    0x8  Code  Gb  usbd_conf.o [1]
HAL_PCD_SOFCallback     0x08000c29    0x8  Code  Gb  usbd_conf.o [1]
HAL_PCD_SetAddress      0x08000563   0x22  Code  Gb  stm32l1xx_hal_pcd.o [1]
HAL_PCD_SetupStageCallback
                        0x08000bf9    0xe  Code  Gb  usbd_conf.o [1]
HAL_PCD_SuspendCallback
                        0x08000c4b   0x1c  Code  Gb  usbd_conf.o [1]
HAL_PWREx_GetVoltageRange
                        0x08001ff9    0xa  Code  Gb  stm32l1xx_hal_pwr_ex.o [1]
HAL_RCC_ClockConfig     0x08001c77  0x13e  Code  Gb  stm32l1xx_hal_rcc.o [1]
HAL_RCC_GetClockConfig  0x08001e5b   0x34  Code  Gb  stm32l1xx_hal_rcc.o [1]
HAL_RCC_GetHCLKFreq     0x08001e31    0x6  Code  Gb  stm32l1xx_hal_rcc.o [1]
HAL_RCC_GetPCLK1Freq    0x08001e37   0x10  Code  Gb  stm32l1xx_hal_rcc.o [1]
HAL_RCC_GetPCLK2Freq    0x08001e47    0xe  Code  Gb  stm32l1xx_hal_rcc.o [1]
HAL_RCC_GetSysClockFreq
                        0x08001dd7   0x5a  Code  Gb  stm32l1xx_hal_rcc.o [1]
HAL_RCC_OscConfig       0x08001919  0x328  Code  Gb  stm32l1xx_hal_rcc.o [1]
HAL_SYSTICK_CLKSourceConfig
                        0x080020b3   0x16  Code  Gb  stm32l1xx_hal_cortex.o [1]
HAL_SYSTICK_Config      0x0800208b   0x28  Code  Gb  stm32l1xx_hal_cortex.o [1]
HAL_TIMEx_MasterConfigSynchronization
                        0x080027ed   0x4e  Code  Gb  stm32l1xx_hal_tim_ex.o [1]
HAL_TIM_Base_Init       0x08002171   0x1a  Code  Gb  stm32l1xx_hal_tim.o [1]
HAL_TIM_Base_MspInit    0x08002517   0x38  Code  Gb  tim.o [1]
HAL_TIM_Base_Start_IT   0x0800218b   0x16  Code  Gb  stm32l1xx_hal_tim.o [1]
HAL_TIM_ConfigClockSource
                        0x080022d9   0xa8  Code  Gb  stm32l1xx_hal_tim.o [1]
HAL_TIM_IC_CaptureCallback
                        0x080023ab    0x2  Code  Wk  stm32l1xx_hal_tim.o [1]
HAL_TIM_IRQHandler      0x080021bd  0x112  Code  Gb  stm32l1xx_hal_tim.o [1]
HAL_TIM_OC_DelayElapsedCallback
                        0x080023a9    0x2  Code  Wk  stm32l1xx_hal_tim.o [1]
HAL_TIM_PWM_PulseFinishedCallback
                        0x080023ad    0x2  Code  Wk  stm32l1xx_hal_tim.o [1]
HAL_TIM_PeriodElapsedCallback
                        0x0800254f   0x28  Code  Gb  tim.o [1]
HAL_TIM_TriggerCallback
                        0x080023af    0x2  Code  Wk  stm32l1xx_hal_tim.o [1]
HAL_UART_ErrorCallback  0x08002e07    0x4  Code  Gb  usart.o [1]
HAL_UART_IRQHandler     0x08003b3d  0x10e  Code  Gb  stm32l1xx_hal_uart.o [1]
HAL_UART_Init           0x08003971   0x2a  Code  Gb  stm32l1xx_hal_uart.o [1]
HAL_UART_MspInit        0x08002c4f   0x78  Code  Gb  usart.o [1]
HAL_UART_Receive        0x08003a75   0x9e  Code  Gb  stm32l1xx_hal_uart.o [1]
HAL_UART_RxCpltCallback
                        0x08002dc9   0x18  Code  Gb  usart.o [1]
HAL_UART_Transmit       0x080039e5   0x90  Code  Gb  stm32l1xx_hal_uart.o [1]
HAL_UART_TxCpltCallback
                        0x08002db1   0x18  Code  Gb  usart.o [1]
HAL_WWDG_Init           0x08003f37   0x42  Code  Gb  stm32l1xx_hal_wwdg.o [1]
HAL_WWDG_MspInit        0x08002e33   0x22  Code  Gb  wwdg.o [1]
I2C1_ER_IRQHandler      0x080041b5    0x6  Code  Gb  stm32l1xx_it.o [1]
I2C1_EV_IRQHandler      0x080041af    0x6  Code  Gb  stm32l1xx_it.o [1]
I2C_MasterReceive_BTF   0x080038cf   0x68  Code  Lc  stm32l1xx_hal_i2c.o [1]
MX_ADC_Init             0x080029e5   0x4e  Code  Gb  adc.o [1]
MX_DMA_Init             0x080029b5   0x30  Code  Gb  dma.o [1]
MX_GPIO_Init            0x0800283d   0xf0  Code  Gb  gpio.o [1]
MX_I2C1_Init            0x08002b55   0x36  Code  Gb  i2c.o [1]
MX_TIM2_Init            0x080024a9   0x1a  Code  Gb  tim.o [1]
MX_TIM3_Init            0x080024c3   0x16  Code  Gb  tim.o [1]
MX_USART2_UART_Init     0x08002be9   0x32  Code  Gb  usart.o [1]
MX_USART3_UART_Init     0x08002c1b   0x34  Code  Gb  usart.o [1]
MX_WWDG_Init            0x08002e0d   0x26  Code  Gb  wwdg.o [1]
NVIC_SetPriority        0x08002009   0x1a  Code  Lc  stm32l1xx_hal_cortex.o [1]
Old_ADC_Channel         0x20000003    0x1  Data  Lc  adc.o [1]
PCD_EP_ISR_Handler      0x08000125  0x2be  Code  Lc  stm32l1xx_hal_pcd.o [1]
PCD_ReadPMA             0x08000455   0x1c  Code  Lc  stm32l1xx_hal_pcd.o [1]
PCD_WritePMA            0x08000431   0x24  Code  Lc  stm32l1xx_hal_pcd.o [1]
PendSV_Handler          0x080040bd         Code  Gb  portasm.o [1]
RCC_SetFlashLatencyFromMSIRange
                        0x08001e8f   0x6c  Code  Lc  stm32l1xx_hal_rcc.o [1]
Region$$Table$$Base     0x08004318          --   Gb  - Linker created -
Region$$Table$$Limit    0x08004338          --   Gb  - Linker created -
RoadBrd_ADC_PORT        0x20000064    0xc  Data  Gb  adc.o [1]
RoadBrd_Delay           0x08002bdd    0xc  Code  Gb  i2c.o [1]
RoadBrd_LED_On          0x08002949    0x2  Code  Gb  gpio.o [1]
RoadBrd_LED_PIN         0x080029a4   0x10  Data  Gb  gpio.o [1]
RoadBrd_LED_PORT        0x20000070   0x20  Data  Gb  gpio.o [1]
RoadBrd_LED_Toggle      0x0800294b    0x2  Code  Gb  gpio.o [1]
RoadBrd_UART_Receive    0x08002d2f   0x82  Code  Gb  usart.o [1]
RoadBrd_UART_Transmit   0x08002cdb   0x42  Code  Gb  usart.o [1]
RoadBrd_gpio_Off        0x08002963    0x2  Code  Gb  gpio.o [1]
RoadBrd_gpio_On         0x0800294d    0x2  Code  Gb  gpio.o [1]
SVC_Handler             0x0800410f         Code  Gb  portasm.o [1]
SysTick_Handler         0x0800418d    0x4  Code  Gb  stm32l1xx_it.o [1]
SystemClock_Config      0x08002669   0x9a  Code  Gb  main.o [1]
SystemCoreClock         0x20000090    0x4  Data  Gb  system_stm32l1xx.o [1]
SystemInit              0x08004221   0x38  Code  Gb  system_stm32l1xx.o [1]
TIM2_IRQHandler         0x080041bb    0x6  Code  Gb  stm32l1xx_it.o [1]
TIM3_IRQHandler         0x080041c1    0x6  Code  Gb  stm32l1xx_it.o [1]
TIM4_IRQHandler         0x0800419d    0x6  Code  Gb  stm32l1xx_it.o [1]
TIM_Base_SetConfig      0x080023b1   0x62  Code  Lc  stm32l1xx_hal_tim.o [1]
TIM_ETR_SetConfig       0x08002493   0x14  Code  Lc  stm32l1xx_hal_tim.o [1]
TIM_ITRx_SetConfig      0x08002481   0x12  Code  Lc  stm32l1xx_hal_tim.o [1]
TIM_TI1_ConfigInputStage
                        0x08002431   0x22  Code  Lc  stm32l1xx_hal_tim.o [1]
TIM_TI2_ConfigInputStage
                        0x08002459   0x28  Code  Lc  stm32l1xx_hal_tim.o [1]
Timr2Ready              0x20000994    0x1  Data  Gb  tim.o [1]
Timr3Ready              0x20000995    0x1  Data  Gb  tim.o [1]
UART_Receive_IT         0x08003ce9   0xa4  Code  Lc  stm32l1xx_hal_uart.o [1]
UART_SetConfig          0x08003d8d  0x130  Code  Lc  stm32l1xx_hal_uart.o [1]
UART_WaitOnFlagUntilTimeout
                        0x08003c4b   0x90  Code  Lc  stm32l1xx_hal_uart.o [1]
USART2_IRQHandler       0x080041a9    0x6  Code  Gb  stm32l1xx_it.o [1]
USART3_IRQHandler       0x080041a3    0x6  Code  Gb  stm32l1xx_it.o [1]
USBD_ClrClassConfig     0x08000cff    0xa  Code  Gb  usbd_core.o [1]
USBD_CtlContinueRx      0x08001291    0x2  Code  Gb  usbd_ioreq.o [1]
USBD_CtlContinueSendData
                        0x08001281    0x2  Code  Gb  usbd_ioreq.o [1]
USBD_CtlError           0x08001259   0x16  Code  Gb  usbd_ctlreq.o [1]
USBD_CtlReceiveStatus   0x080012af    0xe  Code  Gb  usbd_ioreq.o [1]
USBD_CtlSendData        0x0800126f   0x12  Code  Gb  usbd_ioreq.o [1]
USBD_CtlSendStatus      0x080012a1    0xe  Code  Gb  usbd_ioreq.o [1]
USBD_GetDescriptor      0x0800113d   0xee  Code  Lc  usbd_ctlreq.o [1]
USBD_LL_ClearStallEP    0x08000c91    0xe  Code  Gb  usbd_conf.o [1]
USBD_LL_DataInStage     0x08000dcd   0x9e  Code  Gb  usbd_core.o [1]
USBD_LL_DataOutStage    0x08000d63   0x6a  Code  Gb  usbd_core.o [1]
USBD_LL_IsStallEP       0x08000c9f   0x1c  Code  Gb  usbd_conf.o [1]
USBD_LL_OpenEP          0x08000c6f   0x14  Code  Gb  usbd_conf.o [1]
USBD_LL_PrepareReceive  0x08000cd7    0xe  Code  Gb  usbd_conf.o [1]
USBD_LL_Reset           0x08000e6b   0x44  Code  Gb  usbd_core.o [1]
USBD_LL_Resume          0x08000ec3    0x8  Code  Gb  usbd_core.o [1]
USBD_LL_SOF             0x08000ed1   0x1c  Code  Gb  usbd_core.o [1]
USBD_LL_SetSpeed        0x08000eaf    0x6  Code  Gb  usbd_core.o [1]
USBD_LL_SetUSBAddress   0x08000cbb    0xe  Code  Gb  usbd_conf.o [1]
USBD_LL_SetupStage      0x08000d09   0x5a  Code  Gb  usbd_core.o [1]
USBD_LL_StallEP         0x08000c83    0xe  Code  Gb  usbd_conf.o [1]
USBD_LL_Suspend         0x08000eb5    0xe  Code  Gb  usbd_core.o [1]
USBD_LL_Transmit        0x08000cc9    0xe  Code  Gb  usbd_conf.o [1]
USBD_ParseSetupRequest  0x08001231   0x28  Code  Gb  usbd_ctlreq.o [1]
USBD_SetClassConfig     0x08000ce9   0x16  Code  Gb  usbd_core.o [1]
USBD_SetConfig::cfgidx  0x20000998    0x1  Data  Lc  usbd_ctlreq.o [1]
USBD_StdDevReq          0x08000ef5  0x13e  Code  Gb  usbd_ctlreq.o [1]
USBD_StdEPReq           0x0800106d   0xc6  Code  Gb  usbd_ctlreq.o [1]
USBD_StdItfReq          0x08001039   0x34  Code  Gb  usbd_ctlreq.o [1]
USB_LP_IRQHandler       0x08004197    0x6  Code  Gb  stm32l1xx_it.o [1]
Uart2Ready              0x20000996    0x1  Data  Gb  usart.o [1]
Uart3Ready              0x20000997    0x1  Data  Gb  usart.o [1]
__cmain                 0x08004339         Code  Gb  cmain.o [4]
__exit                  0x08004369   0x14  Code  Gb  exit.o [5]
__iar_data_init3        0x080042f1   0x28  Code  Gb  data_init.o [4]
__iar_packbits_init_single3
                        0x080042b9   0x38  Code  Gb  packbits_init_single.o [4]
__iar_program_start     0x0800438d         Code  Gb  cstartup_M.o [4]
__iar_unaligned___aeabi_memcpy4
                        0x08002e61         Code  Gb  ABImemcpy_unaligned.o [4]
__iar_unaligned___aeabi_memcpy8
                        0x08002e61         Code  Gb  ABImemcpy_unaligned.o [4]
__iar_zero_init3        0x08004279   0x40  Code  Gb  zero_init3.o [4]
__low_level_init        0x08004353    0x4  Code  Gb  low_level_init.o [3]
__vector_table          0x08000000         Data  Gb  startup_stm32l152xe.o [1]
_call_main              0x08004345         Code  Gb  cmain.o [4]
_exit                   0x0800435d         Code  Gb  cexit.o [4]
_main                   0x0800434f         Code  Gb  cmain.o [4]
aPLLDivisionFactorTable
                        0x08001f2c    0x4  Data  Gb  stm32l1xx_hal_rcc.o [1]
aPLLMULFactorTable      0x08001f30    0xc  Data  Gb  stm32l1xx_hal_rcc.o [1]
adcActive               0x20000001    0x1  Data  Gb  adc.o [1]
exit                    0x08004357    0x4  Code  Gb  exit.o [3]
hadc                    0x20000004   0x54  Data  Gb  adc.o [1]
hdma_adc                0x2000089c   0x38  Data  Gb  adc.o [1]
hi2c1                   0x20000860   0x3c  Data  Gb  i2c.o [1]
hpcd_USB_FS             0x20000498  0x220  Data  Gb  usbd_conf.o [1]
htim2                   0x2000090c   0x38  Data  Gb  tim.o [1]
htim3                   0x20000944   0x38  Data  Gb  tim.o [1]
htim4                   0x200008d4   0x38  Data  Gb  stm32l1xx_hal_timebase_TIM.o [1]
huart2                  0x200007e0   0x40  Data  Gb  usart.o [1]
huart3                  0x20000820   0x40  Data  Gb  usart.o [1]
hwwdg                   0x2000097c   0x14  Data  Gb  wwdg.o [1]
main                    0x08002591   0xd0  Code  Gb  main.o [1]
osSystickHandler        0x080041e9   0x14  Code  Gb  cmsis_os.o [1]
prvResetNextTaskUnblockTime
                        0x08004083   0x1a  Code  Lc  tasks.o [1]
pxCurrentTCB            0x200006e0    0x4  Data  Gb  tasks.o [1]
pxDelayedTaskList       0x200006e4    0x4  Data  Lc  tasks.o [1]
pxOverflowDelayedTaskList
                        0x200006e8    0x4  Data  Lc  tasks.o [1]
pxReadyTasksLists       0x20000754   0x8c  Data  Lc  tasks.o [1]
sConfig                 0x20000058    0xc  Data  Gb  adc.o [1]
strlen                  0x08003f01         Code  Gb  strlen.o [4]
ubSequenceCompleted     0x20000000    0x1  Data  Gb  adc.o [1]
ulPortSetInterruptMask  0x080040fb         Code  Gb  portasm.o [1]
uwTick                  0x20000990    0x4  Data  Lc  stm32l1xx_hal.o [1]
uxCurrentNumberOfTasks  0x20000704    0x4  Data  Lc  tasks.o [1]
uxListRemove            0x08004169   0x24  Code  Gb  list.o [1]
uxPendedTicks           0x20000714    0x4  Data  Lc  tasks.o [1]
uxSchedulerSuspended    0x20000728    0x4  Data  Lc  tasks.o [1]
uxTaskNumber            0x20000720    0x4  Data  Lc  tasks.o [1]
uxTasksDeleted          0x200006ec    0x4  Data  Lc  tasks.o [1]
uxTopReadyPriority      0x2000070c    0x4  Data  Lc  tasks.o [1]
vListInsertEnd          0x08004151   0x18  Code  Gb  list.o [1]
vPortClearInterruptMask
                        0x08004109         Code  Gb  portasm.o [1]
vPortStartFirstTask     0x0800412f         Code  Gb  portasm.o [1]
vTaskSwitchContext      0x08004039   0x4a  Code  Gb  tasks.o [1]
xDelayedTaskList1       0x2000072c   0x14  Data  Lc  tasks.o [1]
xDelayedTaskList2       0x20000740   0x14  Data  Lc  tasks.o [1]
xNextTaskUnblockTime    0x20000724    0x4  Data  Lc  tasks.o [1]
xNumOfOverflows         0x2000071c    0x4  Data  Lc  tasks.o [1]
xPendingReadyList       0x200006b8   0x14  Data  Lc  tasks.o [1]
xPortSysTickHandler     0x080041fd   0x1e  Code  Gb  port.o [1]
xSchedulerRunning       0x20000710    0x4  Data  Lc  tasks.o [1]
xSuspendedTaskList      0x200006f0   0x14  Data  Lc  tasks.o [1]
xTaskGetSchedulerState  0x0800409d   0x16  Code  Gb  tasks.o [1]
xTaskIncrementTick      0x08003f79   0xc0  Code  Gb  tasks.o [1]
xTasksWaitingTermination
                        0x200006cc   0x14  Data  Lc  tasks.o [1]
xTickCount              0x20000708    0x4  Data  Lc  tasks.o [1]
xYieldPending           0x20000718    0x4  Data  Lc  tasks.o [1]


[1] = D:\GoogleDriveCLT\GoogleDrive\WeatherCloud\Roadboard\Software\Road Board Rev L BASELINE Sept 26 2016\EWARM\Road Brd Grid Eye COM Test\Obj
[2] = command line
[3] = dl7M_tlf.a
[4] = rt7M_tl.a
[5] = shb_l.a

  17 480 bytes of readonly  code memory
      85 bytes of readonly  data memory
   2 453 bytes of readwrite data memory

Errors: none
Warnings: none
