Archive member included because of file (symbol)

D:/SiliconLabs/SimplicityStudio/v4_2/developer/sdks/gecko_sdk_suite/v1.1//protocol/bluetooth_2.4/lib/EFR32BG1B/GCC/bgapi.a(gecko_bgapi_hardware.c.obj)
                              ./main.o (gecko_bgapi_class_hardware_init)
D:/SiliconLabs/SimplicityStudio/v4_2/developer/sdks/gecko_sdk_suite/v1.1//protocol/bluetooth_2.4/lib/EFR32BG1B/GCC/bgapi.a(gecko_bgapi_test.c.obj)
                              ./main.o (gecko_bgapi_class_test_init)
D:/SiliconLabs/SimplicityStudio/v4_2/developer/sdks/gecko_sdk_suite/v1.1//protocol/bluetooth_2.4/lib/EFR32BG1B/GCC/bgapi.a(gecko_bgapi_dfu.c.obj)
                              ./main.o (gecko_bgapi_class_dfu_init)
D:/SiliconLabs/SimplicityStudio/v4_2/developer/sdks/gecko_sdk_suite/v1.1//protocol/bluetooth_2.4/lib/EFR32BG1B/GCC/bgapi.a(gecko_bgapi_gap.c.obj)
                              ./main.o (gecko_bgapi_class_le_gap_init)
D:/SiliconLabs/SimplicityStudio/v4_2/developer/sdks/gecko_sdk_suite/v1.1//protocol/bluetooth_2.4/lib/EFR32BG1B/GCC/bgapi.a(gecko_bgapi_gatt.c.obj)
                              ./main.o (gecko_bgapi_class_gatt_init)
D:/SiliconLabs/SimplicityStudio/v4_2/developer/sdks/gecko_sdk_suite/v1.1//protocol/bluetooth_2.4/lib/EFR32BG1B/GCC/bgapi.a(gecko_bgapi_gatt_server.c.obj)
                              ./main.o (gecko_bgapi_class_gatt_server_init)
D:/SiliconLabs/SimplicityStudio/v4_2/developer/sdks/gecko_sdk_suite/v1.1//protocol/bluetooth_2.4/lib/EFR32BG1B/GCC/bgapi.a(gecko_bgapi_flash.c.obj)
                              ./main.o (gecko_bgapi_class_flash_init)
D:/SiliconLabs/SimplicityStudio/v4_2/developer/sdks/gecko_sdk_suite/v1.1//protocol/bluetooth_2.4/lib/EFR32BG1B/GCC/bgapi.a(gecko_bgapi_sm.c.obj)
                              ./main.o (gecko_bgapi_class_sm_init)
D:/SiliconLabs/SimplicityStudio/v4_2/developer/sdks/gecko_sdk_suite/v1.1//protocol/bluetooth_2.4/lib/EFR32BG1B/GCC/bgapi.a(gecko_bgapi_system.c.obj)
                              ./main.o (gecko_bgapi_class_system_init)
D:/SiliconLabs/SimplicityStudio/v4_2/developer/sdks/gecko_sdk_suite/v1.1//protocol/bluetooth_2.4/lib/EFR32BG1B/GCC/bgapi.a(gecko_bgapi_endpoint.c.obj)
                              ./main.o (gecko_bgapi_class_endpoint_init)
D:/SiliconLabs/SimplicityStudio/v4_2/developer/sdks/gecko_sdk_suite/v1.1//protocol/bluetooth_2.4/lib/EFR32BG1B/GCC/bgapi.a(gecko_bgapi_le_connection.c.obj)
                              ./main.o (gecko_bgapi_class_le_connection_init)
D:/SiliconLabs/SimplicityStudio/v4_2/developer/sdks/gecko_sdk_suite/v1.1//protocol/bluetooth_2.4/lib/EFR32BG1B/GCC/bgapi.a(bgapi_hardware.c.obj)
                              D:/SiliconLabs/SimplicityStudio/v4_2/developer/sdks/gecko_sdk_suite/v1.1//protocol/bluetooth_2.4/lib/EFR32BG1B/GCC/bgapi.a(gecko_bgapi_hardware.c.obj) (lib_hardware_handler_init)
D:/SiliconLabs/SimplicityStudio/v4_2/developer/sdks/gecko_sdk_suite/v1.1//protocol/bluetooth_2.4/lib/EFR32BG1B/GCC/bgapi.a(bgapi_test_lib.c.obj)
                              D:/SiliconLabs/SimplicityStudio/v4_2/developer/sdks/gecko_sdk_suite/v1.1//protocol/bluetooth_2.4/lib/EFR32BG1B/GCC/bgapi.a(gecko_bgapi_test.c.obj) (lib_test_handler_init)
D:/SiliconLabs/SimplicityStudio/v4_2/developer/sdks/gecko_sdk_suite/v1.1//protocol/bluetooth_2.4/lib/EFR32BG1B/GCC/bgapi.a(bgapi_dfu.c.obj)
                              D:/SiliconLabs/SimplicityStudio/v4_2/developer/sdks/gecko_sdk_suite/v1.1//protocol/bluetooth_2.4/lib/EFR32BG1B/GCC/bgapi.a(gecko_bgapi_dfu.c.obj) (lib_dfu_handler_init)
D:/SiliconLabs/SimplicityStudio/v4_2/developer/sdks/gecko_sdk_suite/v1.1//protocol/bluetooth_2.4/lib/EFR32BG1B/GCC/bgapi.a(bgapi_gap.c.obj)
                              D:/SiliconLabs/SimplicityStudio/v4_2/developer/sdks/gecko_sdk_suite/v1.1//protocol/bluetooth_2.4/lib/EFR32BG1B/GCC/bgapi.a(gecko_bgapi_gap.c.obj) (lib_le_gap_handler_init)
D:/SiliconLabs/SimplicityStudio/v4_2/developer/sdks/gecko_sdk_suite/v1.1//protocol/bluetooth_2.4/lib/EFR32BG1B/GCC/bgapi.a(bgapi_gatt_lib.c.obj)
                              D:/SiliconLabs/SimplicityStudio/v4_2/developer/sdks/gecko_sdk_suite/v1.1//protocol/bluetooth_2.4/lib/EFR32BG1B/GCC/bgapi.a(gecko_bgapi_gatt.c.obj) (lib_gatt_handler_init)
D:/SiliconLabs/SimplicityStudio/v4_2/developer/sdks/gecko_sdk_suite/v1.1//protocol/bluetooth_2.4/lib/EFR32BG1B/GCC/bgapi.a(bgapi_ps.c.obj)
                              D:/SiliconLabs/SimplicityStudio/v4_2/developer/sdks/gecko_sdk_suite/v1.1//protocol/bluetooth_2.4/lib/EFR32BG1B/GCC/bgapi.a(gecko_bgapi_flash.c.obj) (lib_flash_handler_init)
D:/SiliconLabs/SimplicityStudio/v4_2/developer/sdks/gecko_sdk_suite/v1.1//protocol/bluetooth_2.4/lib/EFR32BG1B/GCC/bgapi.a(bgapi_sm.c.obj)
                              D:/SiliconLabs/SimplicityStudio/v4_2/developer/sdks/gecko_sdk_suite/v1.1//protocol/bluetooth_2.4/lib/EFR32BG1B/GCC/bgapi.a(gecko_bgapi_sm.c.obj) (lib_sm_handler_init)
[...]
Memory Configuration

Name             Origin             Length             Attributes
FLASH_BOOTLOADER 0x00000000         0x00004000         xr
FLASH            0x00004000         0x0003b000         xr
RAM              0x20003000         0x00004bfc         xrw
*default*        0x00000000         0xffffffff

Linker script and memory map

LOAD d:/siliconlabs/simplicitystudio/v4_2/developer/toolchains/gnu_arm/4.9_2015q3/bin/../lib/gcc/arm-none-eabi/4.9.3/armv7e-m/fpu/crti.o
LOAD d:/siliconlabs/simplicitystudio/v4_2/developer/toolchains/gnu_arm/4.9_2015q3/bin/../lib/gcc/arm-none-eabi/4.9.3/armv7e-m/fpu/crtbegin.o
LOAD d:/siliconlabs/simplicitystudio/v4_2/developer/toolchains/gnu_arm/4.9_2015q3/bin/../lib/gcc/arm-none-eabi/4.9.3/../../../../arm-none-eabi/lib/armv7e-m/fpu/crt0.o
LOAD ./application_properties.o
LOAD ./gatt_db.o
LOAD ./gpiointerrupt.o
LOAD ./main.o
LOAD ./uart_echo.o
LOAD ./device/EFR32_B_1_1_B/gcc/startup_efr32bg1b.o
LOAD ./emlib/em_cmu.o
LOAD ./emlib/em_cryotimer.o
LOAD ./emlib/em_gpio.o
LOAD ./emlib/em_i2c.o
LOAD ./emlib/em_msc.o
LOAD ./emlib/em_rtcc.o
LOAD ./emlib/em_system.o
LOAD ./emlib/em_timer.o
LOAD ./emlib/em_usart.o
LOAD ./src/InitDevice.o
LOAD D:/SiliconLabs/SimplicityStudio/v4_2/developer/sdks/gecko_sdk_suite/v1.1//protocol/bluetooth_2.4/lib/EFR32BG1B/EABI/binbootloader.o
LOAD D:/SiliconLabs/SimplicityStudio/v4_2/developer/sdks/gecko_sdk_suite/v1.1//protocol/bluetooth_2.4/lib/EFR32BG1B/GCC/bgapi.a
LOAD D:/SiliconLabs/SimplicityStudio/v4_2/developer/sdks/gecko_sdk_suite/v1.1//protocol/bluetooth_2.4/lib/EFR32BG1B/EABI/stack.a
LOAD D:/SiliconLabs/SimplicityStudio/v4_2/developer/sdks/gecko_sdk_suite/v1.1//protocol/bluetooth_2.4/lib/EFR32BG1B/EABI/binstack.o
START GROUP
LOAD d:/siliconlabs/simplicitystudio/v4_2/developer/toolchains/gnu_arm/4.9_2015q3/bin/../lib/gcc/arm-none-eabi/4.9.3/armv7e-m/fpu\libgcc.a
LOAD d:/siliconlabs/simplicitystudio/v4_2/developer/toolchains/gnu_arm/4.9_2015q3/bin/../lib/gcc/arm-none-eabi/4.9.3/../../../../arm-none-eabi/lib/armv7e-m/fpu\libc.a
LOAD d:/siliconlabs/simplicitystudio/v4_2/developer/toolchains/gnu_arm/4.9_2015q3/bin/../lib/gcc/arm-none-eabi/4.9.3/../../../../arm-none-eabi/lib/armv7e-m/fpu\libnosys.a
END GROUP
START GROUP
LOAD d:/siliconlabs/simplicitystudio/v4_2/developer/toolchains/gnu_arm/4.9_2015q3/bin/../lib/gcc/arm-none-eabi/4.9.3/armv7e-m/fpu\libgcc.a
LOAD d:/siliconlabs/simplicitystudio/v4_2/developer/toolchains/gnu_arm/4.9_2015q3/bin/../lib/gcc/arm-none-eabi/4.9.3/../../../../arm-none-eabi/lib/armv7e-m/fpu\libg.a
LOAD d:/siliconlabs/simplicitystudio/v4_2/developer/toolchains/gnu_arm/4.9_2015q3/bin/../lib/gcc/arm-none-eabi/4.9.3/../../../../arm-none-eabi/lib/armv7e-m/fpu\libc.a
END GROUP
LOAD d:/siliconlabs/simplicitystudio/v4_2/developer/toolchains/gnu_arm/4.9_2015q3/bin/../lib/gcc/arm-none-eabi/4.9.3/armv7e-m/fpu/crtend.o
LOAD d:/siliconlabs/simplicitystudio/v4_2/developer/toolchains/gnu_arm/4.9_2015q3/bin/../lib/gcc/arm-none-eabi/4.9.3/armv7e-m/fpu/crtn.o

.text_bootloader
                0x00000000     0x4000
 *(.binbootloader*)
 .binbootloader
                0x00000000      0x31c D:/SiliconLabs/SimplicityStudio/v4_2/developer/sdks/gecko_sdk_suite/v1.1//protocol/bluetooth_2.4/lib/EFR32BG1B/EABI/binbootloader.o
                0x00004000                . = ALIGN (0x4000)
 *fill*         0x0000031c     0x3ce4 

.text_stack_bin
                0x00004000    0x1cee3
 *(.binstack*)
 .binstack      0x00004000    0x1cee3 D:/SiliconLabs/SimplicityStudio/v4_2/developer/sdks/gecko_sdk_suite/v1.1//protocol/bluetooth_2.4/lib/EFR32BG1B/EABI/binstack.o

.text_signature
                0x00020ee3      0x11d
                0x00020f23                . = (. + 0x40)
 *fill*         0x00020ee3       0x40 
                0x00021000                . = ALIGN (0x800)
 *fill*         0x00020f23       0xdd 
                0x00021000                __text_start__ = .

.text_app       0x00021000     0xb5f4
 *(.AAT)
 .AAT           0x00021000       0x80 ./main.o
                0x00021000                AppAddressTable
 *(.vectors)
 .vectors       0x00021080       0xc8 ./device/EFR32_B_1_1_B/gcc/startup_efr32bg1b.o
                0x00021080                __Vectors
                0x00021148                __Vectors_End = .
                0x000000c8                __Vectors_Size = (__Vectors_End - __Vectors)
                0x00021148                __end__ = .
 *(.gecko_configuration)
 *(.xo_configuration)
 *(.gatt_header)
 .gatt_header   0x00021148       0x34 ./gatt_db.o
                0x00021148                bg_gattdb_data
 *(.gatt_data)
 .gatt_data     0x0002117c      0x2b9 ./gatt_db.o
                0x0002117c                bg_gattdb_data_uuidtable_16_map
                0x00021198                bg_gattdb_data_uuidtable_128_map
                0x000211e8                bg_gattdb_data_attribute_field_25
                0x000211f4                bg_gattdb_data_attribute_field_23
                0x000211fc                bg_gattdb_data_attribute_field_22
                0x00021214                bg_gattdb_data_attribute_field_21
                0x00021228                bg_gattdb_data_attribute_field_20
                0x00021230                bg_gattdb_data_attribute_field_19
                0x00021248                bg_gattdb_data_attribute_field_18
                0x00021250                bg_gattdb_data_attribute_field_17
                0x00021268                bg_gattdb_data_attribute_field_16
                0x0002127c                bg_gattdb_data_attribute_field_15
                0x00021284                bg_gattdb_data_attribute_field_14
                0x0002128c                bg_gattdb_data_attribute_field_13
                0x00021294                bg_gattdb_data_attribute_field_12
                0x0002129c                bg_gattdb_data_attribute_field_11
                0x000212ac                bg_gattdb_data_attribute_field_10
                0x000212b4                bg_gattdb_data_attribute_field_9
                0x000212b8                bg_gattdb_data_attribute_field_8
                0x000212bc                bg_gattdb_data_attribute_field_7
                0x000212c4                bg_gattdb_data_attribute_field_6
                0x000212d0                bg_gattdb_data_attribute_field_5
                0x000212d8                bg_gattdb_data_attribute_field_4
                0x000212dc                bg_gattdb_data_attribute_field_2
                0x000212e4                bg_gattdb_data_attribute_field_1
                0x000212ec                bg_gattdb_data_attribute_field_0
                0x000212f0                bg_gattdb_data_attributes_map
                0x00021428                bg_gattdb_data_attributes_dynamic_mapping_map
                0x00021430                bg_gattdb_data_adv_uuid16_map
                0x00021434                bg_gattdb_data_adv_uuid128_map
 *(.application_properties)
 *fill*         0x00021435        0x3 
 .application_properties
                0x00021438       0x38 ./application_properties.o
                0x00021438                applicationProperties
 *(.text*)
 .text          0x00021470       0x5c d:/siliconlabs/simplicitystudio/v4_2/developer/toolchains/gnu_arm/4.9_2015q3/bin/../lib/gcc/arm-none-eabi/4.9.3/armv7e-m/fpu/crtbegin.o
 .text          0x000214cc       0x74 d:/siliconlabs/simplicitystudio/v4_2/developer/toolchains/gnu_arm/4.9_2015q3/bin/../lib/gcc/arm-none-eabi/4.9.3/../../../../arm-none-eabi/lib/armv7e-m/fpu/crt0.o
                0x000214cc                _start
                0x000214cc                _mainCRTStartup
 .text.GPIO_IntClear
                0x00021540       0x20 ./gpiointerrupt.o
 .text.GPIO_IntGetEnabled
                0x00021560       0x28 ./gpiointerrupt.o
 .text.SL_CTZ   0x00021588       0x28 ./gpiointerrupt.o
 .text.GPIOINT_IRQDispatcher
                0x000215b0       0x50 ./gpiointerrupt.o
 .text.GPIO_EVEN_IRQHandler
                0x00021600       0x28 ./gpiointerrupt.o
                0x00021600                GPIO_EVEN_IRQHandler
 .text.GPIO_ODD_IRQHandler
                0x00021628       0x28 ./gpiointerrupt.o
                0x00021628                GPIO_ODD_IRQHandler
 .text.gecko_init
                0x00021650       0x40 ./main.o
 .text.gecko_cmd_system_reset
                0x00021690       0x40 ./main.o
 .text.gecko_cmd_le_gap_set_mode
                0x000216d0       0x58 ./main.o
 .text.gecko_cmd_le_gap_set_adv_parameters
                0x00021728       0x60 ./main.o
 .text.gecko_cmd_le_connection_set_parameters
                0x00021788       0x84 ./main.o
 .text.gecko_cmd_gatt_server_send_user_write_response
                0x0002180c       0x64 ./main.o
 .text.gecko_cmd_gatt_server_send_characteristic_notification
                0x00021870       0x9c ./main.o
 .text.gecko_cmd_endpoint_close
                0x0002190c       0x48 ./main.o
 .text.gecko_cmd_hardware_set_soft_timer
                0x00021954       0x60 ./main.o
 .text.USART_StatusGet
                0x000219b4       0x18 ./main.o
 .text.USART_RxDataGet
                0x000219cc       0x1c ./main.o
 .text.NextBufIdxIncr
                0x000219e8       0x38 ./main.o
                0x000219e8                NextBufIdxIncr
 .text.BufUsed  0x00021a20       0x38 ./main.o
                0x00021a20                BufUsed
 .text.led_timer
                0x00021a58       0x3c ./main.o
                0x00021a58                led_timer
 .text.main     0x00021a94      0x4e0 ./main.o
                0x00021a94                main
 .text.UART_Send
                0x00021f74       0x30 ./uart_echo.o
                0x00021f74                UART_Send
 .text.Reset_Handler
                0x00021fa4       0x38 ./device/EFR32_B_1_1_B/gcc/startup_efr32bg1b.o
                0x00021fa4                Reset_Handler
 .text.Default_Handler
                0x00021fdc        0x8 ./device/EFR32_B_1_1_B/gcc/startup_efr32bg1b.o
                0x00021fdc                DebugMon_Handler
                0x00021fdc                USART0_TX_IRQHandler
                0x00021fdc                I2C0_IRQHandler
                0x00021fdc                HardFault_Handler
                0x00021fdc                SysTick_Handler
                0x00021fdc                USART1_RX_IRQHandler
                0x00021fdc                PendSV_Handler
                0x00021fdc                NMI_Handler
                0x00021fdc                SYNTH_IRQHandler
                0x00021fdc                WDOG0_IRQHandler
                0x00021fdc                USART1_TX_IRQHandler
                0x00021fdc                MSC_IRQHandler
                0x00021fdc                ADC0_IRQHandler
                0x00021fdc                UsageFault_Handler
                0x00021fdc                LEUART0_IRQHandler
                0x00021fdc                FPUEH_IRQHandler
                0x00021fdc                LDMA_IRQHandler
                0x00021fdc                TIMER0_IRQHandler
                0x00021fdc                LETIMER0_IRQHandler
                0x00021fdc                TIMER1_IRQHandler
                0x00021fdc                RFSENSE_IRQHandler
                0x00021fdc                BUFC_IRQHandler
                0x00021fdc                MODEM_IRQHandler
                0x00021fdc                Default_Handler
                0x00021fdc                RAC_SEQ_IRQHandler
                0x00021fdc                FRC_PRI_IRQHandler
                0x00021fdc                FRC_IRQHandler
                0x00021fdc                CRYOTIMER_IRQHandler
                0x00021fdc                PCNT0_IRQHandler
                0x00021fdc                AGC_IRQHandler
                0x00021fdc                ACMP0_IRQHandler
                0x00021fdc                USART0_RX_IRQHandler
                0x00021fdc                MemManage_Handler
                0x00021fdc                SVC_Handler
                0x00021fdc                RTCC_IRQHandler
                0x00021fdc                CRYPTO_IRQHandler
                0x00021fdc                CMU_IRQHandler
                0x00021fdc                RAC_RSM_IRQHandler
                0x00021fdc                PROTIMER_IRQHandler
                0x00021fdc                BusFault_Handler
                0x00021fdc                IDAC0_IRQHandler
 .text.BUS_RegBitWrite
                0x00021fe4       0x2c ./emlib/em_cmu.o
 .text.BUS_RegBitRead
                0x00022010       0x2c ./emlib/em_cmu.o
 .text.BUS_RegMaskedSet
                0x0002203c       0x24 ./emlib/em_cmu.o
 .text.BUS_RegMaskedClear
                0x00022060       0x24 ./emlib/em_cmu.o
 .text.BUS_RegMaskedWrite
                0x00022084       0x24 ./emlib/em_cmu.o
 .text.CMU_Log2ToDiv
                0x000220a8       0x1c ./emlib/em_cmu.o
 .text.setHfLeConfig
                0x000220c4       0x64 ./emlib/em_cmu.o
 .text.auxClkGet
                0x00022128       0x20 ./emlib/em_cmu.o
 .text.hfSrcClkGet
                0x00022148       0x2c ./emlib/em_cmu.o
 .text.dbgClkGet
                0x00022174       0x3c ./emlib/em_cmu.o
 .text.adcAsyncClkGet
                0x000221b0       0x80 ./emlib/em_cmu.o
 .text.flashWaitStateControl
                0x00022230       0x7c ./emlib/em_cmu.o
 .text.flashWaitStateMax
                0x000222ac       0x14 ./emlib/em_cmu.o
 .text.CMU_UpdateWaitStates
                0x000222c0       0x18 ./emlib/em_cmu.o
                0x000222c0                CMU_UpdateWaitStates
 .text.getRegIshUpperVal
                0x000222d8       0x38 ./emlib/em_cmu.o
 .text.getHfxoTuningMode
                0x00022310       0x1c ./emlib/em_cmu.o
 .text.setHfxoTuningMode
                0x0002232c       0x28 ./emlib/em_cmu.o
 .text.lfClkGet
                0x00022354       0xe8 ./emlib/em_cmu.o
 .text.syncReg  0x0002243c       0x38 ./emlib/em_cmu.o
 .text.CMU_ClockEnable
                0x00022474       0xcc ./emlib/em_cmu.o
                0x00022474                CMU_ClockEnable
 .text.CMU_ClockFreqGet
                0x00022540      0x198 ./emlib/em_cmu.o
                0x00022540                CMU_ClockFreqGet
 .text.CMU_ClockSelectGet
                0x000226d8      0x190 ./emlib/em_cmu.o
                0x000226d8                CMU_ClockSelectGet
 .text.CMU_ClockSelectSet
                0x00022868      0x25c ./emlib/em_cmu.o
                0x00022868                CMU_ClockSelectSet
 .text.CMU_HFXOAutostartEnable
                0x00022ac4       0x7c ./emlib/em_cmu.o
                0x00022ac4                CMU_HFXOAutostartEnable
 .text.CMU_HFXOInit
                0x00022b40       0xf4 ./emlib/em_cmu.o
                0x00022b40                CMU_HFXOInit
 .text.CMU_LFXOInit
                0x00022c34       0x50 ./emlib/em_cmu.o
                0x00022c34                CMU_LFXOInit
 .text.CMU_OscillatorEnable
                0x00022c84      0x174 ./emlib/em_cmu.o
                0x00022c84                CMU_OscillatorEnable
 .text.CMU_OscillatorTuningGet
                0x00022df8       0x74 ./emlib/em_cmu.o
                0x00022df8                CMU_OscillatorTuningGet
 .text.CMU_OscillatorTuningSet
                0x00022e6c       0xfc ./emlib/em_cmu.o
                0x00022e6c                CMU_OscillatorTuningSet
 .text.CMU_OscillatorTuningWait
                0x00022f68       0x8c ./emlib/em_cmu.o
                0x00022f68                CMU_OscillatorTuningWait
 .text.CMU_OscillatorTuningOptimize
                0x00022ff4       0x4c ./emlib/em_cmu.o
                0x00022ff4                CMU_OscillatorTuningOptimize
 .text.BUS_RegMaskedSet
                0x00023040       0x24 ./emlib/em_gpio.o
 .text.BUS_RegMaskedClear
                0x00023064       0x24 ./emlib/em_gpio.o
 .text.GPIO_PinOutClear
                0x00023088       0x58 ./emlib/em_gpio.o
 .text.GPIO_PinOutSet
                0x000230e0       0x58 ./emlib/em_gpio.o
 .text.GPIO_PinModeSet
                0x00023138      0x108 ./emlib/em_gpio.o
                0x00023138                GPIO_PinModeSet
 .text.RTCC_Init
                0x00023240       0x60 ./emlib/em_rtcc.o
                0x00023240                RTCC_Init
 .text.SYSTEM_ChipRevisionGet
                0x000232a0       0x74 ./emlib/em_system.o
                0x000232a0                SYSTEM_ChipRevisionGet
 .text.TIMER_Valid
                0x00023314       0x38 ./emlib/em_timer.o
 .text.TIMER_EnableDTI
                0x0002334c       0x40 ./emlib/em_timer.o
 .text.TIMER_GetDTIFault
                0x0002338c       0x1c ./emlib/em_timer.o
 .text.TIMER_ClearDTIFault
                0x000233a8       0x1c ./emlib/em_timer.o
 .text.TIMER_Init
                0x000233c4       0xdc ./emlib/em_timer.o
                0x000233c4                TIMER_Init
 .text.TIMER_InitCC
                0x000234a0       0x9c ./emlib/em_timer.o
                0x000234a0                TIMER_InitCC
 .text.TIMER_InitDTI
                0x0002353c      0x10c ./emlib/em_timer.o
                0x0002353c                TIMER_InitDTI
 .text.USART_BaudrateAsyncSet
                0x00023648       0xb0 ./emlib/em_usart.o
                0x00023648                USART_BaudrateAsyncSet
 .text.USART_Enable
                0x000236f8       0x4c ./emlib/em_usart.o
                0x000236f8                USART_Enable
 .text.USART_InitAsync
                0x00023744       0xbc ./emlib/em_usart.o
                0x00023744                USART_InitAsync
 .text.USART_InitPrsTrigger
                0x00023800       0x64 ./emlib/em_usart.o
                0x00023800                USART_InitPrsTrigger
 .text.USART_Reset
                0x00023864       0x94 ./emlib/em_usart.o
                0x00023864                USART_Reset
 .text.USART_Tx
                0x000238f8       0x2c ./emlib/em_usart.o
                0x000238f8                USART_Tx
 .text.SYSTEM_GetProdRev
                0x00023924       0x1c ./src/InitDevice.o
 .text.BUS_RegBitWrite
                0x00023940       0x2c ./src/InitDevice.o
 .text.CHIP_Init
                0x0002396c       0xb4 ./src/InitDevice.o
 .text.enter_DefaultMode_from_RESET
                0x00023a20       0x34 ./src/InitDevice.o
                0x00023a20                enter_DefaultMode_from_RESET
 .text.EMU_enter_DefaultMode_from_RESET
                0x00023a54       0x94 ./src/InitDevice.o
                0x00023a54                EMU_enter_DefaultMode_from_RESET
 .text.LFXO_enter_DefaultMode_from_RESET
                0x00023ae8        0xc ./src/InitDevice.o
                0x00023ae8                LFXO_enter_DefaultMode_from_RESET
 .text.CMU_enter_DefaultMode_from_RESET
                0x00023af4      0x14c ./src/InitDevice.o
                0x00023af4                CMU_enter_DefaultMode_from_RESET
 .text.RTCC_enter_DefaultMode_from_RESET
                0x00023c40       0x4c ./src/InitDevice.o
                0x00023c40                RTCC_enter_DefaultMode_from_RESET
 .text.USART1_enter_DefaultMode_from_RESET
                0x00023c8c      0x180 ./src/InitDevice.o
                0x00023c8c                USART1_enter_DefaultMode_from_RESET
 .text.GPCRC_enter_DefaultMode_from_RESET
                0x00023e0c        0xc ./src/InitDevice.o
                0x00023e0c                GPCRC_enter_DefaultMode_from_RESET
 .text.LDMA_enter_DefaultMode_from_RESET
                0x00023e18        0xc ./src/InitDevice.o
                0x00023e18                LDMA_enter_DefaultMode_from_RESET
 .text.TIMER0_enter_DefaultMode_from_RESET
                0x00023e24      0x320 ./src/InitDevice.o
                0x00023e24                TIMER0_enter_DefaultMode_from_RESET
 .text.PRS_enter_DefaultMode_from_RESET
                0x00024144       0x20 ./src/InitDevice.o
                0x00024144                PRS_enter_DefaultMode_from_RESET
 .text.PORTIO_enter_DefaultMode_from_RESET
                0x00024164       0x8c ./src/InitDevice.o
                0x00024164                PORTIO_enter_DefaultMode_from_RESET
 .text          0x000241f0       0x18 D:/SiliconLabs/SimplicityStudio/v4_2/developer/sdks/gecko_sdk_suite/v1.1//protocol/bluetooth_2.4/lib/EFR32BG1B/GCC/bgapi.a(gecko_bgapi_hardware.c.obj)
                0x000241f0                gecko_bgapi_class_hardware_init
 .text          0x00024208       0x18 D:/SiliconLabs/SimplicityStudio/v4_2/developer/sdks/gecko_sdk_suite/v1.1//protocol/bluetooth_2.4/lib/EFR32BG1B/GCC/bgapi.a(gecko_bgapi_test.c.obj)
                0x00024208                gecko_bgapi_class_test_init
 .text          0x00024220       0x18 D:/SiliconLabs/SimplicityStudio/v4_2/developer/sdks/gecko_sdk_suite/v1.1//protocol/bluetooth_2.4/lib/EFR32BG1B/GCC/bgapi.a(gecko_bgapi_dfu.c.obj)
                0x00024220                gecko_bgapi_class_dfu_init
 .text          0x00024238       0x18 D:/SiliconLabs/SimplicityStudio/v4_2/developer/sdks/gecko_sdk_suite/v1.1//protocol/bluetooth_2.4/lib/EFR32BG1B/GCC/bgapi.a(gecko_bgapi_gap.c.obj)
                0x00024238                gecko_bgapi_class_le_gap_init
 .text          0x00024250       0x18 D:/SiliconLabs/SimplicityStudio/v4_2/developer/sdks/gecko_sdk_suite/v1.1//protocol/bluetooth_2.4/lib/EFR32BG1B/GCC/bgapi.a(gecko_bgapi_gatt.c.obj)
                0x00024250                gecko_bgapi_class_gatt_init
 .text          0x00024268       0x18 D:/SiliconLabs/SimplicityStudio/v4_2/developer/sdks/gecko_sdk_suite/v1.1//protocol/bluetooth_2.4/lib/EFR32BG1B/GCC/bgapi.a(gecko_bgapi_gatt_server.c.obj)
                0x00024268                gecko_bgapi_class_gatt_server_init
 .text          0x00024280       0x18 D:/SiliconLabs/SimplicityStudio/v4_2/developer/sdks/gecko_sdk_suite/v1.1//protocol/bluetooth_2.4/lib/EFR32BG1B/GCC/bgapi.a(gecko_bgapi_flash.c.obj)
                0x00024280                gecko_bgapi_class_flash_init
 .text          0x00024298       0x18 D:/SiliconLabs/SimplicityStudio/v4_2/developer/sdks/gecko_sdk_suite/v1.1//protocol/bluetooth_2.4/lib/EFR32BG1B/GCC/bgapi.a(gecko_bgapi_sm.c.obj)
                0x00024298                gecko_bgapi_class_sm_init
 .text          0x000242b0       0x18 D:/SiliconLabs/SimplicityStudio/v4_2/developer/sdks/gecko_sdk_suite/v1.1//protocol/bluetooth_2.4/lib/EFR32BG1B/GCC/bgapi.a(gecko_bgapi_system.c.obj)
                0x000242b0                gecko_bgapi_class_system_init
 .text          0x000242c8       0x18 D:/SiliconLabs/SimplicityStudio/v4_2/developer/sdks/gecko_sdk_suite/v1.1//protocol/bluetooth_2.4/lib/EFR32BG1B/GCC/bgapi.a(gecko_bgapi_endpoint.c.obj)
                0x000242c8                gecko_bgapi_class_endpoint_init
 .text          0x000242e0       0x18 D:/SiliconLabs/SimplicityStudio/v4_2/developer/sdks/gecko_sdk_suite/v1.1//protocol/bluetooth_2.4/lib/EFR32BG1B/GCC/bgapi.a(gecko_bgapi_le_connection.c.obj)
                0x000242e0                gecko_bgapi_class_le_connection_init
 .text          0x000242f8      0x1d0 D:/SiliconLabs/SimplicityStudio/v4_2/developer/sdks/gecko_sdk_suite/v1.1//protocol/bluetooth_2.4/lib/EFR32BG1B/GCC/bgapi.a(bgapi_hardware.c.obj)
                0x000242f8                soft_timer_comparison
                0x0002438c                bgapi_hardware_soft_timer_listener
                0x000243cc                lib_hardware_handler_init
                0x000243e0                gecko_cmd_hardware_set_soft_timer
                0x00024420                gecko_cmd_hardware_set_lazy_soft_timer
                0x00024460                gecko_cmd_hardware_get_time
                0x00024494                gecko_cmd_hardware_enable_dcdc
 .text          0x000244c8      0x330 D:/SiliconLabs/SimplicityStudio/v4_2/developer/sdks/gecko_sdk_suite/v1.1//protocol/bluetooth_2.4/lib/EFR32BG1B/GCC/bgapi.a(bgapi_test_lib.c.obj)
                0x000244c8                bgapi_test_lib_msg_handler
                0x00024520                lib_test_handler_init
                0x00024540                disable_interrupts
                0x00024564                gecko_cmd_test_dtm_tx
                0x000245f8                gecko_cmd_test_dtm_rx
                0x00024644                gecko_cmd_test_dtm_end
                0x000246ac                gecko_cmd_test_debug_command
                0x0002477c                gecko_cmd_test_debug_counter
 .text          0x000247f8       0x8c D:/SiliconLabs/SimplicityStudio/v4_2/developer/sdks/gecko_sdk_suite/v1.1//protocol/bluetooth_2.4/lib/EFR32BG1B/GCC/bgapi.a(bgapi_dfu.c.obj)
                0x000247f8                lib_dfu_handler_init
                0x000247fa                gecko_cmd_dfu_reset
                0x00024800                gecko_cmd_dfu_flash_set_address
                0x0002482c                gecko_cmd_dfu_flash_upload
                0x00024858                gecko_cmd_dfu_flash_upload_finish
 .text          0x00024884      0x34c D:/SiliconLabs/SimplicityStudio/v4_2/developer/sdks/gecko_sdk_suite/v1.1//protocol/bluetooth_2.4/lib/EFR32BG1B/GCC/bgapi.a(bgapi_gap.c.obj)
                0x00024884                lib_le_gap_handler_init
                0x00024886                gecko_cmd_le_gap_set_mode
                0x000248cc                gecko_cmd_le_gap_bt5_set_mode
                0x00024910                gecko_cmd_le_gap_set_adv_data
                0x00024958                gecko_cmd_le_gap_bt5_set_adv_data
                0x0002498c                gecko_cmd_le_gap_set_adv_timeout
                0x000249e0                gecko_cmd_le_gap_open
                0x00024a44                gecko_cmd_le_gap_discover
                0x00024a70                gecko_cmd_le_gap_end_procedure
                0x00024a9c                gecko_cmd_le_gap_set_adv_parameters
                0x00024ad0                gecko_cmd_le_gap_bt5_set_adv_parameters
                0x00024b0c                gecko_cmd_le_gap_set_scan_parameters
                0x00024b3c                gecko_cmd_le_gap_set_conn_parameters
                0x00024b74                gecko_cmd_le_gap_set_phy
                0x00024ba0                gecko_cmd_le_gap_set_privacy_mode
 .text          0x00024bd0      0x6c4 D:/SiliconLabs/SimplicityStudio/v4_2/developer/sdks/gecko_sdk_suite/v1.1//protocol/bluetooth_2.4/lib/EFR32BG1B/GCC/bgapi.a(bgapi_gatt_lib.c.obj)
                0x00024bd0                lib_gatt_handler_init
                0x00024bd4                lib_gatt_server_handler_init
                0x00024bd6                gecko_cmd_gatt_set_max_mtu
                0x00024c10                gecko_cmd_gatt_discover_primary_services
                0x00024c40                gecko_cmd_gatt_discover_primary_services_by_uuid
                0x00024c7c                gecko_cmd_gatt_find_included_services
                0x00024cb0                gecko_cmd_gatt_discover_characteristics
                0x00024ce4                gecko_cmd_gatt_discover_characteristics_by_uuid
                0x00024d24                gecko_cmd_gatt_read_characteristic_value
                0x00024d5c                gecko_cmd_gatt_read_characteristic_value_from_offset
                0x00024d98                gecko_cmd_gatt_read_characteristic_value_by_uuid
                0x00024dd8                gecko_cmd_gatt_read_multiple_characteristic_values
                0x00024e0c                gecko_cmd_gatt_write_characteristic_value
                0x00024e44                gecko_cmd_gatt_write_characteristic_value_without_response
                0x00024e88                gecko_cmd_gatt_prepare_characteristic_value_write
                0x00024ed8                gecko_cmd_gatt_execute_characteristic_value_write
                0x00024f0c                gecko_cmd_gatt_set_characteristic_notification
                0x00024f44                gecko_cmd_gatt_discover_descriptors
                0x00024f78                gecko_cmd_gatt_read_descriptor_value
                0x00024fac                gecko_cmd_gatt_write_descriptor_value
                0x00024fe4                gecko_cmd_gatt_server_read_attribute_value
                0x0002502c                gecko_cmd_gatt_server_read_attribute_type
                0x00025070                gecko_cmd_gatt_server_find_attribute
                0x000250ac                gecko_cmd_gatt_server_write_attribute_value
                0x000250e0                gecko_cmd_gatt_server_send_user_read_response
                0x00025130                gecko_cmd_gatt_server_send_user_write_response
                0x00025168                gecko_cmd_gatt_server_send_characteristic_notification
                0x000251b4                gecko_cmd_gatt_send_characteristic_confirmation
                0x000251e4                gecko_cmd_gatt_server_set_database
                0x00025214                gecko_cmd_gatt_server_set_capabilities
                0x00025244                gecko_cmd_gatt_prepare_characteristic_value_reliable_write
 .text          0x00025294      0x1d0 D:/SiliconLabs/SimplicityStudio/v4_2/developer/sdks/gecko_sdk_suite/v1.1//protocol/bluetooth_2.4/lib/EFR32BG1B/GCC/bgapi.a(bgapi_ps.c.obj)
                0x00025294                bgapi_ps_dump_listener
                0x000252d4                lib_flash_handler_init
                0x000252e8                gecko_cmd_flash_ps_dump
                0x00025380                gecko_cmd_flash_ps_erase_all
                0x000253b0                gecko_cmd_flash_ps_save
                0x000253ec                gecko_cmd_flash_ps_load
                0x00025430                gecko_cmd_flash_ps_erase
 .text          0x00025464      0x3cc D:/SiliconLabs/SimplicityStudio/v4_2/developer/sdks/gecko_sdk_suite/v1.1//protocol/bluetooth_2.4/lib/EFR32BG1B/GCC/bgapi.a(bgapi_sm.c.obj)
                0x0002552c                lib_sm_handler_init
                0x00025540                gecko_cmd_sm_list_all_bondings
                0x00025578                gecko_cmd_sm_increase_security
                0x000255a8                gecko_cmd_sm_set_bondable_mode
                0x000255d4                gecko_cmd_sm_delete_bonding
                0x00025604                gecko_cmd_sm_delete_bondings
                0x00025634                gecko_cmd_sm_configure
                0x00025664                gecko_cmd_sm_enter_passkey
                0x00025698                gecko_cmd_sm_set_passkey
                0x000256c4                gecko_cmd_sm_passkey_confirm
                0x000256f8                gecko_cmd_sm_set_oob_data
                0x00025728                gecko_cmd_sm_set_sc_remote_oob_data
                0x00025758                gecko_cmd_sm_use_sc_oob
                0x00025798                gecko_cmd_sm_store_bonding_configuration
                0x000257cc                gecko_cmd_sm_bonding_confirm
                0x00025800                gecko_cmd_sm_set_debug_mode
 .text          0x00025830      0x1d8 D:/SiliconLabs/SimplicityStudio/v4_2/developer/sdks/gecko_sdk_suite/v1.1//protocol/bluetooth_2.4/lib/EFR32BG1B/GCC/bgapi.a(bgapi_system.c.obj)
                0x00025830                bgapi_system_listener
                0x00025860                lib_system_handler_init
                0x00025874                gecko_cmd_system_get_bt_address
                0x000258ac                gecko_cmd_system_set_bt_address
                0x000258e0                gecko_cmd_system_set_device_name
                0x0002591c                gecko_cmd_system_get_random_data
                0x00025964                gecko_cmd_system_halt
                0x00025998                gecko_cmd_system_set_tx_power
                0x000259c8                gecko_cmd_system_hello
                0x000259f0                gecko_cmd_system_reset
                0x000259f6                gecko_send_system_awake
 .text          0x00025a08      0x1ac D:/SiliconLabs/SimplicityStudio/v4_2/developer/sdks/gecko_sdk_suite/v1.1//protocol/bluetooth_2.4/lib/EFR32BG1B/GCC/bgapi.a(bgapi_endpoint.c.obj)
                0x00025a08                lib_endpoint_handler_init
                0x00025a0a                gecko_cmd_endpoint_send
                0x00025ab4                gecko_cmd_endpoint_set_streaming_destination
                0x00025b0c                gecko_cmd_endpoint_close
                0x00025b68                gecko_cmd_endpoint_set_flags
                0x00025b6a                gecko_cmd_endpoint_clr_flags
                0x00025b6c                gecko_cmd_endpoint_read_counters
 .text          0x00025bb4      0x104 D:/SiliconLabs/SimplicityStudio/v4_2/developer/sdks/gecko_sdk_suite/v1.1//protocol/bluetooth_2.4/lib/EFR32BG1B/GCC/bgapi.a(bgapi_le_connection.c.obj)
                0x00025bb4                lib_le_connection_handler_init
                0x00025bb6                gecko_cmd_le_connection_set_parameters
                0x00025c04                gecko_cmd_le_connection_get_rssi
                0x00025c34                gecko_cmd_le_connection_disable_slave_latency
                0x00025c7c                gecko_cmd_le_connection_set_phy
 .text          0x00025cb8      0xdf0 D:/SiliconLabs/SimplicityStudio/v4_2/developer/sdks/gecko_sdk_suite/v1.1//protocol/bluetooth_2.4/lib/EFR32BG1B/GCC/bgapi.a(gatt_client.c.obj)
                0x00025f20                gatt_discover_primary_services
                0x00025f5e                gatt_discover_primary_services_by_uuid
                0x00025fb4                gatt_find_included_services
                0x00026004                gatt_find_included_services_handler
                0x000260b4                gatt_discover_characteristics
                0x000260d6                gatt_discover_characteristics_by_uuid
                0x00026118                gatt_discover_descriptors
                0x00026154                gatt_read_characteristic_value
                0x0002618c                gatt_read_characteristic_value_by_uuid
                0x000261c6                gatt_read_multiple_characteristic_values
                0x000261ea                gatt_write_characteristic_value
                0x00026210                gatt_write_characteristic_value_without_response
                0x0002622a                gatt_prepare_characteristic_value_write
                0x000262a0                gatt_execute_characteristic_value_write
                0x000262c2                gatt_set_characteristic_notification
                0x00026302                gatt_read_descriptor_value
                0x0002632a                gatt_write_descriptor_value
                0x00026350                gatt_handle_exchange_mtu_rsp
                0x0002636c                gatt_handle_find_information_response
                0x000264be                gatt_handle_find_by_type_value_response
                0x0002655a                gatt_handle_read_response
                0x000266b8                gatt_handle_read_blob_response
                0x000266ee                gatt_handle_read_multiple_response
                0x0002672a                gatt_handle_read_by_type_response
                0x00026874                gatt_handle_read_by_group_type_response
                0x0002691c                gatt_handle_write_response
                0x00026930                gatt_handle_prepare_write_response
                0x00026a22                gatt_handle_execute_write_response
                0x00026a5a                gatt_client_handle_value_notification
                0x00026a6c                gatt_client_handle_value_indication
                0x00026a80                gatt_send_characteristic_confirmation
                0x00026a9e                gatt_client_init
 .text          0x00026aa8      0x250 D:/SiliconLabs/SimplicityStudio/v4_2/developer/sdks/gecko_sdk_suite/v1.1//protocol/bluetooth_2.4/lib/EFR32BG1B/GCC/bgapi.a(ubt_gatt_client.c.obj)
                0x00026aa8                ubt_gatt_discover_primary_services
                0x00026abe                ubt_gatt_discover_primary_services_by_uuid
                0x00026aea                ubt_gatt_find_included_services
                0x00026b04                ubt_gatt_discover_characteristics
                0x00026b1e                ubt_gatt_discover_characteristics_by_uuid
                0x00026b4e                ubt_gatt_discover_descriptors
                0x00026b68                ubt_gatt_read_characteristic_value
                0x00026b8a                ubt_gatt_read_characteristic_value_by_uuid
                0x00026bba                ubt_gatt_read_multiple_characteristic_values
                0x00026bd8                ubt_gatt_write_characteristic_value
                0x00026bfa                ubt_gatt_write_characteristic_value_without_response
                0x00026c34                ubt_gatt_prepare_characteristic_value_write
                0x00026c6e                ubt_gatt_execute_characteristic_value_write
                0x00026c88                ubt_gatt_send_characteristic_confirmation
                0x00026c9e                ubt_gatt_read_descriptor_value
                0x00026cb8                ubt_gatt_write_descriptor_value
                0x00026cda                ubt_gatt_set_characteristic_notification
 .text          0x00026cf8      0x4ec D:/SiliconLabs/SimplicityStudio/v4_2/developer/sdks/gecko_sdk_suite/v1.1//protocol/bluetooth_2.4/lib/EFR32BG1B/GCC/bgapi.a(att_client.c.obj)
                0x00026cf8                att_send_find_information_request
                0x00026d1e                att_send_find_by_type_value_request
                0x00026d50                att_send_read_by_type_request
                0x00026d7c                att_send_read_request
                0x00026d9c                att_send_read_blob_request
                0x00026dc2                att_send_read_multiple_request
                0x00026dee                att_send_read_by_group_type_request
                0x00026e1a                att_send_write_request
                0x00026e46                att_send_write_command
                0x00026e72                att_send_signed_write_command
                0x00026eac                att_send_prepare_write_request
                0x00026ee8                att_send_execute_write_request
                0x00026f06                att_send_handle_value_confirmation
                0x00026f1e                validate_gatt_client_pdu_len
                0x00026fd8                att_gatt_client_handler
 .text          0x000271e4       0x30 d:/siliconlabs/simplicitystudio/v4_2/developer/toolchains/gnu_arm/4.9_2015q3/bin/../lib/gcc/arm-none-eabi/4.9.3/armv7e-m/fpu\libgcc.a(_aeabi_uldivmod.o)
                0x000271e4                __aeabi_uldivmod
 .text          0x00027214       0x60 d:/siliconlabs/simplicitystudio/v4_2/developer/toolchains/gnu_arm/4.9_2015q3/bin/../lib/gcc/arm-none-eabi/4.9.3/armv7e-m/fpu\libgcc.a(bpabi.o)
                0x00027214                __gnu_ldivmod_helper
                0x00027244                __gnu_uldivmod_helper
 .text          0x00027274        0x4 d:/siliconlabs/simplicitystudio/v4_2/developer/toolchains/gnu_arm/4.9_2015q3/bin/../lib/gcc/arm-none-eabi/4.9.3/armv7e-m/fpu\libgcc.a(_dvmd_tls.o)
                0x00027274                __aeabi_idiv0
                0x00027274                __aeabi_ldiv0
 .text          0x00027278      0x29c d:/siliconlabs/simplicitystudio/v4_2/developer/toolchains/gnu_arm/4.9_2015q3/bin/../lib/gcc/arm-none-eabi/4.9.3/armv7e-m/fpu\libgcc.a(_divdi3.o)
                0x00027278                __divdi3
 .text          0x00027514      0x26c d:/siliconlabs/simplicitystudio/v4_2/developer/toolchains/gnu_arm/4.9_2015q3/bin/../lib/gcc/arm-none-eabi/4.9.3/armv7e-m/fpu\libgcc.a(_udivdi3.o)
                0x00027514                __udivdi3
 .text.exit     0x00027780       0x20 d:/siliconlabs/simplicitystudio/v4_2/developer/toolchains/gnu_arm/4.9_2015q3/bin/../lib/gcc/arm-none-eabi/4.9.3/../../../../arm-none-eabi/lib/armv7e-m/fpu\libc.a(lib_a-exit.o)
                0x00027780                exit
 .text.__libc_init_array
                0x000277a0       0x50 d:/siliconlabs/simplicitystudio/v4_2/developer/toolchains/gnu_arm/4.9_2015q3/bin/../lib/gcc/arm-none-eabi/4.9.3/../../../../arm-none-eabi/lib/armv7e-m/fpu\libc.a(lib_a-init.o)
                0x000277a0                __libc_init_array
 .text.memcmp   0x000277f0       0x64 d:/siliconlabs/simplicitystudio/v4_2/developer/toolchains/gnu_arm/4.9_2015q3/bin/../lib/gcc/arm-none-eabi/4.9.3/../../../../arm-none-eabi/lib/armv7e-m/fpu\libc.a(lib_a-memcmp.o)
                0x000277f0                memcmp
 .text          0x00027854      0x134 d:/siliconlabs/simplicitystudio/v4_2/developer/toolchains/gnu_arm/4.9_2015q3/bin/../lib/gcc/arm-none-eabi/4.9.3/../../../../arm-none-eabi/lib/armv7e-m/fpu\libc.a(lib_a-memcpy.o)
                0x00027854                memcpy
 .text.memset   0x00027988       0x9c d:/siliconlabs/simplicitystudio/v4_2/developer/toolchains/gnu_arm/4.9_2015q3/bin/../lib/gcc/arm-none-eabi/4.9.3/../../../../arm-none-eabi/lib/armv7e-m/fpu\libc.a(lib_a-memset.o)
                0x00027988                memset
 .text.sprintf  0x00027a24       0x4c d:/siliconlabs/simplicitystudio/v4_2/developer/toolchains/gnu_arm/4.9_2015q3/bin/../lib/gcc/arm-none-eabi/4.9.3/../../../../arm-none-eabi/lib/armv7e-m/fpu\libc.a(lib_a-sprintf.o)
                0x00027a24                sprintf
 .text.strncpy  0x00027a70       0x68 d:/siliconlabs/simplicitystudio/v4_2/developer/toolchains/gnu_arm/4.9_2015q3/bin/../lib/gcc/arm-none-eabi/4.9.3/../../../../arm-none-eabi/lib/armv7e-m/fpu\libc.a(lib_a-strncpy.o)
                0x00027a70                strncpy
 .text._svfprintf_r
                0x00027ad8     0x14cc d:/siliconlabs/simplicitystudio/v4_2/developer/toolchains/gnu_arm/4.9_2015q3/bin/../lib/gcc/arm-none-eabi/4.9.3/../../../../arm-none-eabi/lib/armv7e-m/fpu\libc.a(lib_a-svfprintf.o)
                0x00027ad8                _svfprintf_r
 .text.startup.register_fini
                0x00028fa4       0x14 d:/siliconlabs/simplicitystudio/v4_2/developer/toolchains/gnu_arm/4.9_2015q3/bin/../lib/gcc/arm-none-eabi/4.9.3/../../../../arm-none-eabi/lib/armv7e-m/fpu\libc.a(lib_a-__call_atexit.o)
 .text.__call_exitprocs
                0x00028fb8       0xd4 d:/siliconlabs/simplicitystudio/v4_2/developer/toolchains/gnu_arm/4.9_2015q3/bin/../lib/gcc/arm-none-eabi/4.9.3/../../../../arm-none-eabi/lib/armv7e-m/fpu\libc.a(lib_a-__call_atexit.o)
                0x00028fb8                __call_exitprocs
 .text.atexit   0x0002908c        0xc d:/siliconlabs/simplicitystudio/v4_2/developer/toolchains/gnu_arm/4.9_2015q3/bin/../lib/gcc/arm-none-eabi/4.9.3/../../../../arm-none-eabi/lib/armv7e-m/fpu\libc.a(lib_a-atexit.o)
                0x0002908c                atexit
 .text.quorem   0x00029098      0x12c d:/siliconlabs/simplicitystudio/v4_2/developer/toolchains/gnu_arm/4.9_2015q3/bin/../lib/gcc/arm-none-eabi/4.9.3/../../../../arm-none-eabi/lib/armv7e-m/fpu\libc.a(lib_a-dtoa.o)
 *fill*         0x000291c4        0x4 
 .text._dtoa_r  0x000291c8      0xea4 d:/siliconlabs/simplicitystudio/v4_2/developer/toolchains/gnu_arm/4.9_2015q3/bin/../lib/gcc/arm-none-eabi/4.9.3/../../../../arm-none-eabi/lib/armv7e-m/fpu\libc.a(lib_a-dtoa.o)
                0x000291c8                _dtoa_r
 .text.__libc_fini_array
                0x0002a06c       0x2c d:/siliconlabs/simplicitystudio/v4_2/developer/toolchains/gnu_arm/4.9_2015q3/bin/../lib/gcc/arm-none-eabi/4.9.3/../../../../arm-none-eabi/lib/armv7e-m/fpu\libc.a(lib_a-fini.o)
                0x0002a06c                __libc_fini_array
 .text._localeconv_r
                0x0002a098        0x8 d:/siliconlabs/simplicitystudio/v4_2/developer/toolchains/gnu_arm/4.9_2015q3/bin/../lib/gcc/arm-none-eabi/4.9.3/../../../../arm-none-eabi/lib/armv7e-m/fpu\libc.a(lib_a-locale.o)
                0x0002a098                _localeconv_r
 .text._malloc_r
                0x0002a0a0      0x524 d:/siliconlabs/simplicitystudio/v4_2/developer/toolchains/gnu_arm/4.9_2015q3/bin/../lib/gcc/arm-none-eabi/4.9.3/../../../../arm-none-eabi/lib/armv7e-m/fpu\libc.a(lib_a-mallocr.o)
                0x0002a0a0                _malloc_r
 .text.memchr   0x0002a5c4       0x94 d:/siliconlabs/simplicitystudio/v4_2/developer/toolchains/gnu_arm/4.9_2015q3/bin/../lib/gcc/arm-none-eabi/4.9.3/../../../../arm-none-eabi/lib/armv7e-m/fpu\libc.a(lib_a-memchr.o)
                0x0002a5c4                memchr
 .text.__malloc_lock
                0x0002a658        0x4 d:/siliconlabs/simplicitystudio/v4_2/developer/toolchains/gnu_arm/4.9_2015q3/bin/../lib/gcc/arm-none-eabi/4.9.3/../../../../arm-none-eabi/lib/armv7e-m/fpu\libc.a(lib_a-mlock.o)
                0x0002a658                __malloc_lock
 .text.__malloc_unlock
                0x0002a65c        0x4 d:/siliconlabs/simplicitystudio/v4_2/developer/toolchains/gnu_arm/4.9_2015q3/bin/../lib/gcc/arm-none-eabi/4.9.3/../../../../arm-none-eabi/lib/armv7e-m/fpu\libc.a(lib_a-mlock.o)
                0x0002a65c                __malloc_unlock
 .text._Balloc  0x0002a660       0x4c d:/siliconlabs/simplicitystudio/v4_2/developer/toolchains/gnu_arm/4.9_2015q3/bin/../lib/gcc/arm-none-eabi/4.9.3/../../../../arm-none-eabi/lib/armv7e-m/fpu\libc.a(lib_a-mprec.o)
                0x0002a660                _Balloc
 .text._Bfree   0x0002a6ac       0x14 d:/siliconlabs/simplicitystudio/v4_2/developer/toolchains/gnu_arm/4.9_2015q3/bin/../lib/gcc/arm-none-eabi/4.9.3/../../../../arm-none-eabi/lib/armv7e-m/fpu\libc.a(lib_a-mprec.o)
                0x0002a6ac                _Bfree
 .text.__multadd
                0x0002a6c0       0x84 d:/siliconlabs/simplicitystudio/v4_2/developer/toolchains/gnu_arm/4.9_2015q3/bin/../lib/gcc/arm-none-eabi/4.9.3/../../../../arm-none-eabi/lib/armv7e-m/fpu\libc.a(lib_a-mprec.o)
                0x0002a6c0                __multadd
 .text.__hi0bits
                0x0002a744       0x40 d:/siliconlabs/simplicitystudio/v4_2/developer/toolchains/gnu_arm/4.9_2015q3/bin/../lib/gcc/arm-none-eabi/4.9.3/../../../../arm-none-eabi/lib/armv7e-m/fpu\libc.a(lib_a-mprec.o)
                0x0002a744                __hi0bits
 .text.__lo0bits
                0x0002a784       0x5c d:/siliconlabs/simplicitystudio/v4_2/developer/toolchains/gnu_arm/4.9_2015q3/bin/../lib/gcc/arm-none-eabi/4.9.3/../../../../arm-none-eabi/lib/armv7e-m/fpu\libc.a(lib_a-mprec.o)
                0x0002a784                __lo0bits
 .text.__i2b    0x0002a7e0       0x14 d:/siliconlabs/simplicitystudio/v4_2/developer/toolchains/gnu_arm/4.9_2015q3/bin/../lib/gcc/arm-none-eabi/4.9.3/../../../../arm-none-eabi/lib/armv7e-m/fpu\libc.a(lib_a-mprec.o)
                0x0002a7e0                __i2b
 .text.__multiply
                0x0002a7f4      0x134 d:/siliconlabs/simplicitystudio/v4_2/developer/toolchains/gnu_arm/4.9_2015q3/bin/../lib/gcc/arm-none-eabi/4.9.3/../../../../arm-none-eabi/lib/armv7e-m/fpu\libc.a(lib_a-mprec.o)
                0x0002a7f4                __multiply
 .text.__pow5mult
                0x0002a928       0xa0 d:/siliconlabs/simplicitystudio/v4_2/developer/toolchains/gnu_arm/4.9_2015q3/bin/../lib/gcc/arm-none-eabi/4.9.3/../../../../arm-none-eabi/lib/armv7e-m/fpu\libc.a(lib_a-mprec.o)
                0x0002a928                __pow5mult
 .text.__lshift
                0x0002a9c8       0xac d:/siliconlabs/simplicitystudio/v4_2/developer/toolchains/gnu_arm/4.9_2015q3/bin/../lib/gcc/arm-none-eabi/4.9.3/../../../../arm-none-eabi/lib/armv7e-m/fpu\libc.a(lib_a-mprec.o)
                0x0002a9c8                __lshift
 .text.__mcmp   0x0002aa74       0x48 d:/siliconlabs/simplicitystudio/v4_2/developer/toolchains/gnu_arm/4.9_2015q3/bin/../lib/gcc/arm-none-eabi/4.9.3/../../../../arm-none-eabi/lib/armv7e-m/fpu\libc.a(lib_a-mprec.o)
                0x0002aa74                __mcmp
 .text.__mdiff  0x0002aabc       0xd4 d:/siliconlabs/simplicitystudio/v4_2/developer/toolchains/gnu_arm/4.9_2015q3/bin/../lib/gcc/arm-none-eabi/4.9.3/../../../../arm-none-eabi/lib/armv7e-m/fpu\libc.a(lib_a-mprec.o)
                0x0002aabc                __mdiff
 .text.__d2b    0x0002ab90       0xbc d:/siliconlabs/simplicitystudio/v4_2/developer/toolchains/gnu_arm/4.9_2015q3/bin/../lib/gcc/arm-none-eabi/4.9.3/../../../../arm-none-eabi/lib/armv7e-m/fpu\libc.a(lib_a-mprec.o)
                0x0002ab90                __d2b
 .text.__fpclassifyd
                0x0002ac4c       0x5c d:/siliconlabs/simplicitystudio/v4_2/developer/toolchains/gnu_arm/4.9_2015q3/bin/../lib/gcc/arm-none-eabi/4.9.3/../../../../arm-none-eabi/lib/armv7e-m/fpu\libc.a(lib_a-s_fpclassify.o)
                0x0002ac4c                __fpclassifyd
 .text._sbrk_r  0x0002aca8       0x24 d:/siliconlabs/simplicitystudio/v4_2/developer/toolchains/gnu_arm/4.9_2015q3/bin/../lib/gcc/arm-none-eabi/4.9.3/../../../../arm-none-eabi/lib/armv7e-m/fpu\libc.a(lib_a-sbrkr.o)
                0x0002aca8                _sbrk_r
 .text.strlen   0x0002accc       0x5c d:/siliconlabs/simplicitystudio/v4_2/developer/toolchains/gnu_arm/4.9_2015q3/bin/../lib/gcc/arm-none-eabi/4.9.3/../../../../arm-none-eabi/lib/armv7e-m/fpu\libc.a(lib_a-strlen.o)
                0x0002accc                strlen
 .text.__ssprint_r
                0x0002ad28      0x104 d:/siliconlabs/simplicitystudio/v4_2/developer/toolchains/gnu_arm/4.9_2015q3/bin/../lib/gcc/arm-none-eabi/4.9.3/../../../../arm-none-eabi/lib/armv7e-m/fpu\libc.a(lib_a-svfiprintf.o)
                0x0002ad28                __ssprint_r
 .text.__register_exitproc
                0x0002ae2c       0xa4 d:/siliconlabs/simplicitystudio/v4_2/developer/toolchains/gnu_arm/4.9_2015q3/bin/../lib/gcc/arm-none-eabi/4.9.3/../../../../arm-none-eabi/lib/armv7e-m/fpu\libc.a(lib_a-__atexit.o)
                0x0002ae2c                __register_exitproc
 .text._calloc_r
                0x0002aed0       0x60 d:/siliconlabs/simplicitystudio/v4_2/developer/toolchains/gnu_arm/4.9_2015q3/bin/../lib/gcc/arm-none-eabi/4.9.3/../../../../arm-none-eabi/lib/armv7e-m/fpu\libc.a(lib_a-callocr.o)
                0x0002aed0                _calloc_r
 .text._malloc_trim_r
                0x0002af30       0x9c d:/siliconlabs/simplicitystudio/v4_2/developer/toolchains/gnu_arm/4.9_2015q3/bin/../lib/gcc/arm-none-eabi/4.9.3/../../../../arm-none-eabi/lib/armv7e-m/fpu\libc.a(lib_a-freer.o)
                0x0002af30                _malloc_trim_r
 .text._free_r  0x0002afcc      0x1b0 d:/siliconlabs/simplicitystudio/v4_2/developer/toolchains/gnu_arm/4.9_2015q3/bin/../lib/gcc/arm-none-eabi/4.9.3/../../../../arm-none-eabi/lib/armv7e-m/fpu\libc.a(lib_a-freer.o)
                0x0002afcc                _free_r
 .text.memmove  0x0002b17c       0xc8 d:/siliconlabs/simplicitystudio/v4_2/developer/toolchains/gnu_arm/4.9_2015q3/bin/../lib/gcc/arm-none-eabi/4.9.3/../../../../arm-none-eabi/lib/armv7e-m/fpu\libc.a(lib_a-memmove.o)
                0x0002b17c                memmove
 .text._realloc_r
                0x0002b244      0x3ec d:/siliconlabs/simplicitystudio/v4_2/developer/toolchains/gnu_arm/4.9_2015q3/bin/../lib/gcc/arm-none-eabi/4.9.3/../../../../arm-none-eabi/lib/armv7e-m/fpu\libc.a(lib_a-reallocr.o)
                0x0002b244                _realloc_r
 .text._sbrk    0x0002b630       0x1c d:/siliconlabs/simplicitystudio/v4_2/developer/toolchains/gnu_arm/4.9_2015q3/bin/../lib/gcc/arm-none-eabi/4.9.3/../../../../arm-none-eabi/lib/armv7e-m/fpu\libnosys.a(sbrk.o)
                0x0002b630                _sbrk
 .text._exit    0x0002b64c        0x4 d:/siliconlabs/simplicitystudio/v4_2/developer/toolchains/gnu_arm/4.9_2015q3/bin/../lib/gcc/arm-none-eabi/4.9.3/../../../../arm-none-eabi/lib/armv7e-m/fpu\libnosys.a(_exit.o)
                0x0002b64c                _exit
 .text          0x0002b650      0x370 d:/siliconlabs/simplicitystudio/v4_2/developer/toolchains/gnu_arm/4.9_2015q3/bin/../lib/gcc/arm-none-eabi/4.9.3/armv7e-m/fpu\libgcc.a(_arm_addsubdf3.o)
                0x0002b650                __aeabi_drsub
                0x0002b658                __aeabi_dsub
                0x0002b658                __subdf3
                0x0002b65c                __aeabi_dadd
                0x0002b65c                __adddf3
                0x0002b8d4                __floatunsidf
                0x0002b8d4                __aeabi_ui2d
                0x0002b8f4                __floatsidf
                0x0002b8f4                __aeabi_i2d
                0x0002b918                __aeabi_f2d
                0x0002b918                __extendsfdf2
                0x0002b954                __floatundidf
                0x0002b954                __aeabi_ul2d
                0x0002b964                __floatdidf
                0x0002b964                __aeabi_l2d
 .text          0x0002b9c0      0x424 d:/siliconlabs/simplicitystudio/v4_2/developer/toolchains/gnu_arm/4.9_2015q3/bin/../lib/gcc/arm-none-eabi/4.9.3/armv7e-m/fpu\libgcc.a(_arm_muldivdf3.o)
                0x0002b9c0                __aeabi_dmul
                0x0002b9c0                __muldf3
                0x0002bc14                __divdf3
                0x0002bc14                __aeabi_ddiv
 .text          0x0002bde4      0x110 d:/siliconlabs/simplicitystudio/v4_2/developer/toolchains/gnu_arm/4.9_2015q3/bin/../lib/gcc/arm-none-eabi/4.9.3/armv7e-m/fpu\libgcc.a(_arm_cmpdf2.o)
                0x0002bde4                __gtdf2
                0x0002bde4                __gedf2
                0x0002bdec                __ltdf2
                0x0002bdec                __ledf2
                0x0002bdf4                __nedf2
                0x0002bdf4                __eqdf2
                0x0002bdf4                __cmpdf2
                0x0002be70                __aeabi_cdrcmple
                0x0002be80                __aeabi_cdcmpeq
                0x0002be80                __aeabi_cdcmple
                0x0002be90                __aeabi_dcmpeq
                0x0002bea4                __aeabi_dcmplt
                0x0002beb8                __aeabi_dcmple
                0x0002becc                __aeabi_dcmpge
                0x0002bee0                __aeabi_dcmpgt
 .text          0x0002bef4       0x50 d:/siliconlabs/simplicitystudio/v4_2/developer/toolchains/gnu_arm/4.9_2015q3/bin/../lib/gcc/arm-none-eabi/4.9.3/armv7e-m/fpu\libgcc.a(_arm_fixdfsi.o)
                0x0002bef4                __aeabi_d2iz
                0x0002bef4                __fixdfsi
 *(.init)
 .init          0x0002bf44        0x4 d:/siliconlabs/simplicitystudio/v4_2/developer/toolchains/gnu_arm/4.9_2015q3/bin/../lib/gcc/arm-none-eabi/4.9.3/armv7e-m/fpu/crti.o
                0x0002bf44                _init
 .init          0x0002bf48        0x8 d:/siliconlabs/simplicitystudio/v4_2/developer/toolchains/gnu_arm/4.9_2015q3/bin/../lib/gcc/arm-none-eabi/4.9.3/armv7e-m/fpu/crtn.o
 *(.fini)
 .fini          0x0002bf50        0x4 d:/siliconlabs/simplicitystudio/v4_2/developer/toolchains/gnu_arm/4.9_2015q3/bin/../lib/gcc/arm-none-eabi/4.9.3/armv7e-m/fpu/crti.o
                0x0002bf50                _fini
 .fini          0x0002bf54        0x8 d:/siliconlabs/simplicitystudio/v4_2/developer/toolchains/gnu_arm/4.9_2015q3/bin/../lib/gcc/arm-none-eabi/4.9.3/armv7e-m/fpu/crtn.o
 *crtbegin.o(.ctors)
 *crtbegin?.o(.ctors)
 *(EXCLUDE_FILE(*crtend.o *crtend?.o) .ctors)
 *(SORT(.ctors.*))
 *(.ctors)
 *crtbegin.o(.dtors)
 *crtbegin?.o(.dtors)
 *(EXCLUDE_FILE(*crtend.o *crtend?.o) .dtors)
 *(SORT(.dtors.*))
 *(.dtors)
 *(.rodata*)
 .rodata.ptiInit
                0x0002bf5c       0x24 ./main.o
 .rodata        0x0002bf80       0xa2 ./main.o
 *fill*         0x0002c022        0x2 
 .rodata.config
                0x0002c024       0x38 ./main.o
 .rodata        0x0002c05c       0xa8 ./src/InitDevice.o
 .rodata        0x0002c104       0x28 D:/SiliconLabs/SimplicityStudio/v4_2/developer/sdks/gecko_sdk_suite/v1.1//protocol/bluetooth_2.4/lib/EFR32BG1B/GCC/bgapi.a(gecko_bgapi_hardware.c.obj)
 .rodata        0x0002c12c       0x30 D:/SiliconLabs/SimplicityStudio/v4_2/developer/sdks/gecko_sdk_suite/v1.1//protocol/bluetooth_2.4/lib/EFR32BG1B/GCC/bgapi.a(gecko_bgapi_test.c.obj)
 .rodata        0x0002c15c       0x28 D:/SiliconLabs/SimplicityStudio/v4_2/developer/sdks/gecko_sdk_suite/v1.1//protocol/bluetooth_2.4/lib/EFR32BG1B/GCC/bgapi.a(gecko_bgapi_dfu.c.obj)
 .rodata        0x0002c184       0x78 D:/SiliconLabs/SimplicityStudio/v4_2/developer/sdks/gecko_sdk_suite/v1.1//protocol/bluetooth_2.4/lib/EFR32BG1B/GCC/bgapi.a(gecko_bgapi_gap.c.obj)
 .rodata        0x0002c1fc       0xa8 D:/SiliconLabs/SimplicityStudio/v4_2/developer/sdks/gecko_sdk_suite/v1.1//protocol/bluetooth_2.4/lib/EFR32BG1B/GCC/bgapi.a(gecko_bgapi_gatt.c.obj)
 .rodata        0x0002c2a4       0x50 D:/SiliconLabs/SimplicityStudio/v4_2/developer/sdks/gecko_sdk_suite/v1.1//protocol/bluetooth_2.4/lib/EFR32BG1B/GCC/bgapi.a(gecko_bgapi_gatt_server.c.obj)
 .rodata        0x0002c2f4       0x30 D:/SiliconLabs/SimplicityStudio/v4_2/developer/sdks/gecko_sdk_suite/v1.1//protocol/bluetooth_2.4/lib/EFR32BG1B/GCC/bgapi.a(gecko_bgapi_flash.c.obj)
 .rodata        0x0002c324       0x80 D:/SiliconLabs/SimplicityStudio/v4_2/developer/sdks/gecko_sdk_suite/v1.1//protocol/bluetooth_2.4/lib/EFR32BG1B/GCC/bgapi.a(gecko_bgapi_sm.c.obj)
 .rodata        0x0002c3a4       0x48 D:/SiliconLabs/SimplicityStudio/v4_2/developer/sdks/gecko_sdk_suite/v1.1//protocol/bluetooth_2.4/lib/EFR32BG1B/GCC/bgapi.a(gecko_bgapi_system.c.obj)
 .rodata        0x0002c3ec       0x38 D:/SiliconLabs/SimplicityStudio/v4_2/developer/sdks/gecko_sdk_suite/v1.1//protocol/bluetooth_2.4/lib/EFR32BG1B/GCC/bgapi.a(gecko_bgapi_endpoint.c.obj)
 .rodata        0x0002c424       0x28 D:/SiliconLabs/SimplicityStudio/v4_2/developer/sdks/gecko_sdk_suite/v1.1//protocol/bluetooth_2.4/lib/EFR32BG1B/GCC/bgapi.a(gecko_bgapi_le_connection.c.obj)
 .rodata        0x0002c44c       0x18 D:/SiliconLabs/SimplicityStudio/v4_2/developer/sdks/gecko_sdk_suite/v1.1//protocol/bluetooth_2.4/lib/EFR32BG1B/GCC/bgapi.a(bgapi_sm.c.obj)
 .rodata        0x0002c464        0x4 D:/SiliconLabs/SimplicityStudio/v4_2/developer/sdks/gecko_sdk_suite/v1.1//protocol/bluetooth_2.4/lib/EFR32BG1B/GCC/bgapi.a(gatt_client.c.obj)
 .rodata.str1.4
                0x0002c468        0x2 d:/siliconlabs/simplicitystudio/v4_2/developer/toolchains/gnu_arm/4.9_2015q3/bin/../lib/gcc/arm-none-eabi/4.9.3/../../../../arm-none-eabi/lib/armv7e-m/fpu\libc.a(lib_a-impure.o)
 *fill*         0x0002c46a        0x2 
 .rodata._global_impure_ptr
                0x0002c46c        0x4 d:/siliconlabs/simplicitystudio/v4_2/developer/toolchains/gnu_arm/4.9_2015q3/bin/../lib/gcc/arm-none-eabi/4.9.3/../../../../arm-none-eabi/lib/armv7e-m/fpu\libc.a(lib_a-impure.o)
                0x0002c46c                _global_impure_ptr
 .rodata.zeroes.6911
                0x0002c470       0x10 d:/siliconlabs/simplicitystudio/v4_2/developer/toolchains/gnu_arm/4.9_2015q3/bin/../lib/gcc/arm-none-eabi/4.9.3/../../../../arm-none-eabi/lib/armv7e-m/fpu\libc.a(lib_a-svfprintf.o)
 .rodata.blanks.6910
                0x0002c480       0x10 d:/siliconlabs/simplicitystudio/v4_2/developer/toolchains/gnu_arm/4.9_2015q3/bin/../lib/gcc/arm-none-eabi/4.9.3/../../../../arm-none-eabi/lib/armv7e-m/fpu\libc.a(lib_a-svfprintf.o)
 .rodata.str1.4
                0x0002c490       0x42 d:/siliconlabs/simplicitystudio/v4_2/developer/toolchains/gnu_arm/4.9_2015q3/bin/../lib/gcc/arm-none-eabi/4.9.3/../../../../arm-none-eabi/lib/armv7e-m/fpu\libc.a(lib_a-svfprintf.o)
 *fill*         0x0002c4d2        0x2 
 .rodata.str1.4
                0x0002c4d4       0x10 d:/siliconlabs/simplicitystudio/v4_2/developer/toolchains/gnu_arm/4.9_2015q3/bin/../lib/gcc/arm-none-eabi/4.9.3/../../../../arm-none-eabi/lib/armv7e-m/fpu\libc.a(lib_a-dtoa.o)
                                 0x12 (size before relaxing)
 .rodata.str1.4
                0x0002c4e4        0xc d:/siliconlabs/simplicitystudio/v4_2/developer/toolchains/gnu_arm/4.9_2015q3/bin/../lib/gcc/arm-none-eabi/4.9.3/../../../../arm-none-eabi/lib/armv7e-m/fpu\libc.a(lib_a-locale.o)
                                 0x12 (size before relaxing)
 .rodata.__mprec_tens
                0x0002c4f0       0xc8 d:/siliconlabs/simplicitystudio/v4_2/developer/toolchains/gnu_arm/4.9_2015q3/bin/../lib/gcc/arm-none-eabi/4.9.3/../../../../arm-none-eabi/lib/armv7e-m/fpu\libc.a(lib_a-mprec.o)
                0x0002c4f0                __mprec_tens
 .rodata.p05.5302
                0x0002c5b8        0xc d:/siliconlabs/simplicitystudio/v4_2/developer/toolchains/gnu_arm/4.9_2015q3/bin/../lib/gcc/arm-none-eabi/4.9.3/../../../../arm-none-eabi/lib/armv7e-m/fpu\libc.a(lib_a-mprec.o)
 *fill*         0x0002c5c4        0x4 
 .rodata.__mprec_bigtens
                0x0002c5c8       0x28 d:/siliconlabs/simplicitystudio/v4_2/developer/toolchains/gnu_arm/4.9_2015q3/bin/../lib/gcc/arm-none-eabi/4.9.3/../../../../arm-none-eabi/lib/armv7e-m/fpu\libc.a(lib_a-mprec.o)
                0x0002c5c8                __mprec_bigtens
 *(.eh_frame*)
 .eh_frame      0x0002c5f0        0x0 d:/siliconlabs/simplicitystudio/v4_2/developer/toolchains/gnu_arm/4.9_2015q3/bin/../lib/gcc/arm-none-eabi/4.9.3/armv7e-m/fpu/crtbegin.o
 .eh_frame      0x0002c5f0        0x0 d:/siliconlabs/simplicitystudio/v4_2/developer/toolchains/gnu_arm/4.9_2015q3/bin/../lib/gcc/arm-none-eabi/4.9.3/../../../../arm-none-eabi/lib/armv7e-m/fpu\libc.a(lib_a-strcmp.o)
                                 0x70 (size before relaxing)
 .eh_frame      0x0002c5f0        0x4 d:/siliconlabs/simplicitystudio/v4_2/developer/toolchains/gnu_arm/4.9_2015q3/bin/../lib/gcc/arm-none-eabi/4.9.3/armv7e-m/fpu/crtend.o
                0x0002c5f4                . = ALIGN (0x4)

.glue_7         0x0002c5f4        0x0
 .glue_7        0x00000000        0x0 linker stubs

.glue_7t        0x0002c5f4        0x0
 .glue_7t       0x00000000        0x0 linker stubs

.vfp11_veneer   0x0002c5f4        0x0
 .vfp11_veneer  0x00000000        0x0 linker stubs

.v4_bx          0x0002c5f4        0x0
 .v4_bx         0x00000000        0x0 linker stubs

.iplt           0x0002c5f4        0x0
 .iplt          0x00000000        0x0 d:/siliconlabs/simplicitystudio/v4_2/developer/toolchains/gnu_arm/4.9_2015q3/bin/../lib/gcc/arm-none-eabi/4.9.3/armv7e-m/fpu/crtbegin.o

.igot.plt       0x0002c5f4        0x0
 .igot.plt      0x00000000        0x0 d:/siliconlabs/simplicitystudio/v4_2/developer/toolchains/gnu_arm/4.9_2015q3/bin/../lib/gcc/arm-none-eabi/4.9.3/armv7e-m/fpu/crtbegin.o

.text_app_ARM.extab
 *(.ARM.extab* .gnu.linkonce.armextab.*)
                0x0002c5f4                __exidx_start = .

.text_app_ARM.exidx
                0x0002c5f4        0x8
 *(.ARM.exidx* .gnu.linkonce.armexidx.*)
 .ARM.exidx     0x0002c5f4        0x8 d:/siliconlabs/simplicitystudio/v4_2/developer/toolchains/gnu_arm/4.9_2015q3/bin/../lib/gcc/arm-none-eabi/4.9.3/../../../../arm-none-eabi/lib/armv7e-m/fpu/crt0.o
 .ARM.exidx     0x0002c5fc        0x0 d:/siliconlabs/simplicitystudio/v4_2/developer/toolchains/gnu_arm/4.9_2015q3/bin/../lib/gcc/arm-none-eabi/4.9.3/armv7e-m/fpu\libgcc.a(_divdi3.o)
                                  0x8 (size before relaxing)
 .ARM.exidx     0x0002c5fc        0x0 d:/siliconlabs/simplicitystudio/v4_2/developer/toolchains/gnu_arm/4.9_2015q3/bin/../lib/gcc/arm-none-eabi/4.9.3/armv7e-m/fpu\libgcc.a(_udivdi3.o)
                                  0x8 (size before relaxing)
                0x0002c5fc                __exidx_end = .
                0x0002c5fc                __etext = .

.rel.dyn        0x0002c5fc        0x0
 .rel.iplt      0x00000000        0x0 d:/siliconlabs/simplicitystudio/v4_2/developer/toolchains/gnu_arm/4.9_2015q3/bin/../lib/gcc/arm-none-eabi/4.9.3/armv7e-m/fpu/crtbegin.o

.text_app_data  0x20003000      0x88c load address 0x0002c5fc
                0x20003000                __data_start__ = .
 *(vtable)
 *(.data*)
 .data.auxHfrcoFreq
                0x20003000        0x4 ./emlib/em_cmu.o
 *fill*         0x20003004        0x4 
 .data.impure_data
                0x20003008      0x428 d:/siliconlabs/simplicitystudio/v4_2/developer/toolchains/gnu_arm/4.9_2015q3/bin/../lib/gcc/arm-none-eabi/4.9.3/../../../../arm-none-eabi/lib/armv7e-m/fpu\libc.a(lib_a-impure.o)
 .data._impure_ptr
                0x20003430        0x4 d:/siliconlabs/simplicitystudio/v4_2/developer/toolchains/gnu_arm/4.9_2015q3/bin/../lib/gcc/arm-none-eabi/4.9.3/../../../../arm-none-eabi/lib/armv7e-m/fpu\libc.a(lib_a-impure.o)
                0x20003430                _impure_ptr
 .data.lconv    0x20003434       0x38 d:/siliconlabs/simplicitystudio/v4_2/developer/toolchains/gnu_arm/4.9_2015q3/bin/../lib/gcc/arm-none-eabi/4.9.3/../../../../arm-none-eabi/lib/armv7e-m/fpu\libc.a(lib_a-locale.o)
 .data.__malloc_av_
                0x2000346c      0x408 d:/siliconlabs/simplicitystudio/v4_2/developer/toolchains/gnu_arm/4.9_2015q3/bin/../lib/gcc/arm-none-eabi/4.9.3/../../../../arm-none-eabi/lib/armv7e-m/fpu\libc.a(lib_a-mallocr.o)
                0x2000346c                __malloc_av_
 .data.__malloc_trim_threshold
                0x20003874        0x4 d:/siliconlabs/simplicitystudio/v4_2/developer/toolchains/gnu_arm/4.9_2015q3/bin/../lib/gcc/arm-none-eabi/4.9.3/../../../../arm-none-eabi/lib/armv7e-m/fpu\libc.a(lib_a-mallocr.o)
                0x20003874                __malloc_trim_threshold
 .data.__malloc_sbrk_base
                0x20003878        0x4 d:/siliconlabs/simplicitystudio/v4_2/developer/toolchains/gnu_arm/4.9_2015q3/bin/../lib/gcc/arm-none-eabi/4.9.3/../../../../arm-none-eabi/lib/armv7e-m/fpu\libc.a(lib_a-mallocr.o)
                0x20003878                __malloc_sbrk_base
                0x2000387c                . = ALIGN (0x4)
 *(.ram)
                0x2000387c                . = ALIGN (0x4)
                0x2000387c                PROVIDE (__preinit_array_start, .)
 *(.preinit_array)
                0x2000387c                PROVIDE (__preinit_array_end, .)
                0x2000387c                . = ALIGN (0x4)
                0x2000387c                PROVIDE (__init_array_start, .)
 *(SORT(.init_array.*))
 .init_array.00000
                0x2000387c        0x4 d:/siliconlabs/simplicitystudio/v4_2/developer/toolchains/gnu_arm/4.9_2015q3/bin/../lib/gcc/arm-none-eabi/4.9.3/../../../../arm-none-eabi/lib/armv7e-m/fpu\libc.a(lib_a-__call_atexit.o)
 *(.init_array)
 .init_array    0x20003880        0x4 d:/siliconlabs/simplicitystudio/v4_2/developer/toolchains/gnu_arm/4.9_2015q3/bin/../lib/gcc/arm-none-eabi/4.9.3/armv7e-m/fpu/crtbegin.o
                0x20003884                PROVIDE (__init_array_end, .)
                0x20003884                . = ALIGN (0x4)
                0x20003884                PROVIDE (__fini_array_start, .)
 *(SORT(.fini_array.*))
 *(.fini_array)
 .fini_array    0x20003884        0x4 d:/siliconlabs/simplicitystudio/v4_2/developer/toolchains/gnu_arm/4.9_2015q3/bin/../lib/gcc/arm-none-eabi/4.9.3/armv7e-m/fpu/crtbegin.o
                0x20003888                PROVIDE (__fini_array_end, .)
 *(.jcr*)
 .jcr           0x20003888        0x0 d:/siliconlabs/simplicitystudio/v4_2/developer/toolchains/gnu_arm/4.9_2015q3/bin/../lib/gcc/arm-none-eabi/4.9.3/armv7e-m/fpu/crtbegin.o
 .jcr           0x20003888        0x4 d:/siliconlabs/simplicitystudio/v4_2/developer/toolchains/gnu_arm/4.9_2015q3/bin/../lib/gcc/arm-none-eabi/4.9.3/armv7e-m/fpu/crtend.o
                0x2000388c                . = ALIGN (0x4)
                0x2000388c                __data_end__ = .

.bss            0x2000388c     0x1ac4 load address 0x0002ce88
                0x2000388c                . = ALIGN (0x4)
                0x2000388c                __bss_start__ = .
 *(.bss*)
 .bss           0x2000388c       0x1c d:/siliconlabs/simplicitystudio/v4_2/developer/toolchains/gnu_arm/4.9_2015q3/bin/../lib/gcc/arm-none-eabi/4.9.3/armv7e-m/fpu/crtbegin.o
 .bss.bg_gattdb_data_attribute_field_23_data
                0x200038a8       0x16 ./gatt_db.o
                0x200038a8                bg_gattdb_data_attribute_field_23_data
 *fill*         0x200038be        0x2 
 .bss.bg_gattdb_data_attribute_field_20_data
                0x200038c0       0x14 ./gatt_db.o
                0x200038c0                bg_gattdb_data_attribute_field_20_data
 .bss.bg_gattdb_data_attribute_field_2_data
                0x200038d4        0x4 ./gatt_db.o
                0x200038d4                bg_gattdb_data_attribute_field_2_data
 .bss.gpioCallbacks
                0x200038d8       0x40 ./gpiointerrupt.o
 .bss.tx_Buffr  0x20003918      0x102 ./main.o
 .bss.boot_to_dfu
                0x20003a1a        0x1 ./main.o
                0x20003a1a                boot_to_dfu
 *fill*         0x20003a1b        0x1 
 .bss.ticker    0x20003a1c        0x4 ./main.o
                0x20003a1c                ticker
 .bss.Data_Active.10193
                0x20003a20        0x1 ./main.o
 *fill*         0x20003a21        0x3 
 .bss           0x20003a24        0x4 D:/SiliconLabs/SimplicityStudio/v4_2/developer/sdks/gecko_sdk_suite/v1.1//protocol/bluetooth_2.4/lib/EFR32BG1B/GCC/bgapi.a(bgapi_hardware.c.obj)
 .bss           0x20003a28        0x4 D:/SiliconLabs/SimplicityStudio/v4_2/developer/sdks/gecko_sdk_suite/v1.1//protocol/bluetooth_2.4/lib/EFR32BG1B/GCC/bgapi.a(bgapi_test_lib.c.obj)
 .bss           0x20003a2c        0x2 D:/SiliconLabs/SimplicityStudio/v4_2/developer/sdks/gecko_sdk_suite/v1.1//protocol/bluetooth_2.4/lib/EFR32BG1B/GCC/bgapi.a(bgapi_gap.c.obj)
                0x20003a2c                legacy_maxadv_events
 *fill*         0x20003a2e        0x2 
 .bss           0x20003a30        0x4 D:/SiliconLabs/SimplicityStudio/v4_2/developer/sdks/gecko_sdk_suite/v1.1//protocol/bluetooth_2.4/lib/EFR32BG1B/GCC/bgapi.a(bgapi_ps.c.obj)
 .bss           0x20003a34        0x4 D:/SiliconLabs/SimplicityStudio/v4_2/developer/sdks/gecko_sdk_suite/v1.1//protocol/bluetooth_2.4/lib/EFR32BG1B/GCC/bgapi.a(bgapi_sm.c.obj)
 .bss           0x20003a38        0x4 D:/SiliconLabs/SimplicityStudio/v4_2/developer/sdks/gecko_sdk_suite/v1.1//protocol/bluetooth_2.4/lib/EFR32BG1B/GCC/bgapi.a(bgapi_system.c.obj)
 .bss.__malloc_max_total_mem
                0x20003a3c        0x4 d:/siliconlabs/simplicitystudio/v4_2/developer/toolchains/gnu_arm/4.9_2015q3/bin/../lib/gcc/arm-none-eabi/4.9.3/../../../../arm-none-eabi/lib/armv7e-m/fpu\libc.a(lib_a-mallocr.o)
                0x20003a3c                __malloc_max_total_mem
 .bss.__malloc_max_sbrked_mem
                0x20003a40        0x4 d:/siliconlabs/simplicitystudio/v4_2/developer/toolchains/gnu_arm/4.9_2015q3/bin/../lib/gcc/arm-none-eabi/4.9.3/../../../../arm-none-eabi/lib/armv7e-m/fpu\libc.a(lib_a-mallocr.o)
                0x20003a40                __malloc_max_sbrked_mem
 .bss.__malloc_top_pad
                0x20003a44        0x4 d:/siliconlabs/simplicitystudio/v4_2/developer/toolchains/gnu_arm/4.9_2015q3/bin/../lib/gcc/arm-none-eabi/4.9.3/../../../../arm-none-eabi/lib/armv7e-m/fpu\libc.a(lib_a-mallocr.o)
                0x20003a44                __malloc_top_pad
 .bss.__malloc_current_mallinfo
                0x20003a48       0x28 d:/siliconlabs/simplicitystudio/v4_2/developer/toolchains/gnu_arm/4.9_2015q3/bin/../lib/gcc/arm-none-eabi/4.9.3/../../../../arm-none-eabi/lib/armv7e-m/fpu\libc.a(lib_a-mallocr.o)
                0x20003a48                __malloc_current_mallinfo
 .bss.heap_end.4079
                0x20003a70        0x4 d:/siliconlabs/simplicitystudio/v4_2/developer/toolchains/gnu_arm/4.9_2015q3/bin/../lib/gcc/arm-none-eabi/4.9.3/../../../../arm-none-eabi/lib/armv7e-m/fpu\libnosys.a(sbrk.o)
 *(COMMON)
 COMMON         0x20003a74     0x18d4 ./main.o
                0x20003a74                connected
                0x20003a78                bluetooth_stack_heap
 COMMON         0x20005348        0x4 D:/SiliconLabs/SimplicityStudio/v4_2/developer/sdks/gecko_sdk_suite/v1.1//protocol/bluetooth_2.4/lib/EFR32BG1B/GCC/bgapi.a(bgapi_test_lib.c.obj)
                0x20005348                msg_sender
 COMMON         0x2000534c        0x4 d:/siliconlabs/simplicitystudio/v4_2/developer/toolchains/gnu_arm/4.9_2015q3/bin/../lib/gcc/arm-none-eabi/4.9.3/../../../../arm-none-eabi/lib/armv7e-m/fpu\libc.a(lib_a-reent.o)
                0x2000534c                errno
                0x20005350                . = ALIGN (0x4)
                0x20005350                __bss_end__ = .

.heap           0x20005350      0xc00
                0x20005350                __HeapBase = .
                0x20005350                __end__ = .
                0x20005350                end = __end__
                0x20005350                _end = __end__
 *(.heap*)
 .heap          0x20005350      0xc00 ./device/EFR32_B_1_1_B/gcc/startup_efr32bg1b.o
                0x20005f50                __HeapLimit = .

.stack_dummy    0x20005f50      0x400
 *(.stack*)
 .stack         0x20005f50      0x400 ./device/EFR32_B_1_1_B/gcc/startup_efr32bg1b.o
                0x20007bfc                __StackTop = (ORIGIN (RAM) + 0x4bfc)
                0x200077fc                __StackLimit = (__StackTop - SIZEOF (.stack_dummy))
                0x20007bfc                PROVIDE (__stack, __StackTop)
                0x00000001                ASSERT ((__StackLimit >= __HeapLimit), region RAM overflowed with stack)
OUTPUT(soc-CRP-SkyPack.axf elf32-littlearm)

.ARM.attributes
                0x00000000       0x30
 .ARM.attributes
                0x00000000       0x22 d:/siliconlabs/simplicitystudio/v4_2/developer/toolchains/gnu_arm/4.9_2015q3/bin/../lib/gcc/arm-none-eabi/4.9.3/armv7e-m/fpu/crti.o
 .ARM.attributes
                0x00000022       0x34 d:/siliconlabs/simplicitystudio/v4_2/developer/toolchains/gnu_arm/4.9_2015q3/bin/../lib/gcc/arm-none-eabi/4.9.3/armv7e-m/fpu/crtbegin.o
 .ARM.attributes
                0x00000056       0x20 d:/siliconlabs/simplicitystudio/v4_2/developer/toolchains/gnu_arm/4.9_2015q3/bin/../lib/gcc/arm-none-eabi/4.9.3/../../../../arm-none-eabi/lib/armv7e-m/fpu/crt0.o
 .ARM.attributes
                0x00000076       0x39 ./application_properties.o
 .ARM.attributes
                0x000000af       0x39 ./gatt_db.o
 .ARM.attributes
                0x000000e8       0x39 ./gpiointerrupt.o
 .ARM.attributes
                0x00000121       0x39 ./main.o
 .ARM.attributes
                0x0000015a       0x39 ./uart_echo.o
 .ARM.attributes
                0x00000193       0x39 ./device/EFR32_B_1_1_B/gcc/startup_efr32bg1b.o
 .ARM.attributes
                0x000001cc       0x39 ./emlib/em_cmu.o
 .ARM.attributes
                0x00000205       0x39 ./emlib/em_gpio.o
 .ARM.attributes
                0x0000023e       0x39 ./emlib/em_rtcc.o
 .ARM.attributes
                0x00000277       0x39 ./emlib/em_system.o
 .ARM.attributes
                0x000002b0       0x39 ./emlib/em_timer.o
 .ARM.attributes
                0x000002e9       0x39 ./emlib/em_usart.o
 .ARM.attributes
                0x00000322       0x39 ./src/InitDevice.o
 .ARM.attributes
                0x0000035b       0x1c D:/SiliconLabs/SimplicityStudio/v4_2/developer/sdks/gecko_sdk_suite/v1.1//protocol/bluetooth_2.4/lib/EFR32BG1B/EABI/binbootloader.o
 .ARM.attributes
                0x00000377       0x39 D:/SiliconLabs/SimplicityStudio/v4_2/developer/sdks/gecko_sdk_suite/v1.1//protocol/bluetooth_2.4/lib/EFR32BG1B/GCC/bgapi.a(gecko_bgapi_hardware.c.obj)
 .ARM.attributes
                0x000003b0       0x39 D:/SiliconLabs/SimplicityStudio/v4_2/developer/sdks/gecko_sdk_suite/v1.1//protocol/bluetooth_2.4/lib/EFR32BG1B/GCC/bgapi.a(gecko_bgapi_test.c.obj)
 .ARM.attributes
                0x000003e9       0x39 D:/SiliconLabs/SimplicityStudio/v4_2/developer/sdks/gecko_sdk_suite/v1.1//protocol/bluetooth_2.4/lib/EFR32BG1B/GCC/bgapi.a(gecko_bgapi_dfu.c.obj)
 .ARM.attributes
                0x00000422       0x39 D:/SiliconLabs/SimplicityStudio/v4_2/developer/sdks/gecko_sdk_suite/v1.1//protocol/bluetooth_2.4/lib/EFR32BG1B/GCC/bgapi.a(gecko_bgapi_gap.c.obj)
 .ARM.attributes
                0x0000045b       0x39 D:/SiliconLabs/SimplicityStudio/v4_2/developer/sdks/gecko_sdk_suite/v1.1//protocol/bluetooth_2.4/lib/EFR32BG1B/GCC/bgapi.a(gecko_bgapi_gatt.c.obj)
 .ARM.attributes
                0x00000494       0x39 D:/SiliconLabs/SimplicityStudio/v4_2/developer/sdks/gecko_sdk_suite/v1.1//protocol/bluetooth_2.4/lib/EFR32BG1B/GCC/bgapi.a(gecko_bgapi_gatt_server.c.obj)
 .ARM.attributes
                0x000004cd       0x39 D:/SiliconLabs/SimplicityStudio/v4_2/developer/sdks/gecko_sdk_suite/v1.1//protocol/bluetooth_2.4/lib/EFR32BG1B/GCC/bgapi.a(gecko_bgapi_flash.c.obj)
 .ARM.attributes
                0x00000506       0x39 D:/SiliconLabs/SimplicityStudio/v4_2/developer/sdks/gecko_sdk_suite/v1.1//protocol/bluetooth_2.4/lib/EFR32BG1B/GCC/bgapi.a(gecko_bgapi_sm.c.obj)
 .ARM.attributes
                0x0000053f       0x39 D:/SiliconLabs/SimplicityStudio/v4_2/developer/sdks/gecko_sdk_suite/v1.1//protocol/bluetooth_2.4/lib/EFR32BG1B/GCC/bgapi.a(gecko_bgapi_system.c.obj)
 .ARM.attributes
                0x00000578       0x39 D:/SiliconLabs/SimplicityStudio/v4_2/developer/sdks/gecko_sdk_suite/v1.1//protocol/bluetooth_2.4/lib/EFR32BG1B/GCC/bgapi.a(gecko_bgapi_endpoint.c.obj)
 .ARM.attributes
                0x000005b1       0x39 D:/SiliconLabs/SimplicityStudio/v4_2/developer/sdks/gecko_sdk_suite/v1.1//protocol/bluetooth_2.4/lib/EFR32BG1B/GCC/bgapi.a(gecko_bgapi_le_connection.c.obj)
 .ARM.attributes
                0x000005ea       0x39 D:/SiliconLabs/SimplicityStudio/v4_2/developer/sdks/gecko_sdk_suite/v1.1//protocol/bluetooth_2.4/lib/EFR32BG1B/GCC/bgapi.a(bgapi_hardware.c.obj)
 .ARM.attributes
                0x00000623       0x39 D:/SiliconLabs/SimplicityStudio/v4_2/developer/sdks/gecko_sdk_suite/v1.1//protocol/bluetooth_2.4/lib/EFR32BG1B/GCC/bgapi.a(bgapi_test_lib.c.obj)
 .ARM.attributes
                0x0000065c       0x39 D:/SiliconLabs/SimplicityStudio/v4_2/developer/sdks/gecko_sdk_suite/v1.1//protocol/bluetooth_2.4/lib/EFR32BG1B/GCC/bgapi.a(bgapi_dfu.c.obj)
 .ARM.attributes
                0x00000695       0x39 D:/SiliconLabs/SimplicityStudio/v4_2/developer/sdks/gecko_sdk_suite/v1.1//protocol/bluetooth_2.4/lib/EFR32BG1B/GCC/bgapi.a(bgapi_gap.c.obj)
 .ARM.attributes
                0x000006ce       0x39 D:/SiliconLabs/SimplicityStudio/v4_2/developer/sdks/gecko_sdk_suite/v1.1//protocol/bluetooth_2.4/lib/EFR32BG1B/GCC/bgapi.a(bgapi_gatt_lib.c.obj)
 .ARM.attributes
                0x00000707       0x39 D:/SiliconLabs/SimplicityStudio/v4_2/developer/sdks/gecko_sdk_suite/v1.1//protocol/bluetooth_2.4/lib/EFR32BG1B/GCC/bgapi.a(bgapi_ps.c.obj)
 .ARM.attributes
                0x00000740       0x39 D:/SiliconLabs/SimplicityStudio/v4_2/developer/sdks/gecko_sdk_suite/v1.1//protocol/bluetooth_2.4/lib/EFR32BG1B/GCC/bgapi.a(bgapi_sm.c.obj)
 .ARM.attributes
                0x00000779       0x39 D:/SiliconLabs/SimplicityStudio/v4_2/developer/sdks/gecko_sdk_suite/v1.1//protocol/bluetooth_2.4/lib/EFR32BG1B/GCC/bgapi.a(bgapi_system.c.obj)
 .ARM.attributes
                0x000007b2       0x39 D:/SiliconLabs/SimplicityStudio/v4_2/developer/sdks/gecko_sdk_suite/v1.1//protocol/bluetooth_2.4/lib/EFR32BG1B/GCC/bgapi.a(bgapi_endpoint.c.obj)
 .ARM.attributes
                0x000007eb       0x39 D:/SiliconLabs/SimplicityStudio/v4_2/developer/sdks/gecko_sdk_suite/v1.1//protocol/bluetooth_2.4/lib/EFR32BG1B/GCC/bgapi.a(bgapi_le_connection.c.obj)
 .ARM.attributes
                0x00000824       0x39 D:/SiliconLabs/SimplicityStudio/v4_2/developer/sdks/gecko_sdk_suite/v1.1//protocol/bluetooth_2.4/lib/EFR32BG1B/GCC/bgapi.a(gatt_client.c.obj)
 .ARM.attributes
                0x0000085d       0x39 D:/SiliconLabs/SimplicityStudio/v4_2/developer/sdks/gecko_sdk_suite/v1.1//protocol/bluetooth_2.4/lib/EFR32BG1B/GCC/bgapi.a(ubt_gatt_client.c.obj)
 .ARM.attributes
                0x00000896       0x39 D:/SiliconLabs/SimplicityStudio/v4_2/developer/sdks/gecko_sdk_suite/v1.1//protocol/bluetooth_2.4/lib/EFR32BG1B/GCC/bgapi.a(att_client.c.obj)
 .ARM.attributes
                0x000008cf       0x1c D:/SiliconLabs/SimplicityStudio/v4_2/developer/sdks/gecko_sdk_suite/v1.1//protocol/bluetooth_2.4/lib/EFR32BG1B/EABI/binstack.o
 .ARM.attributes
                0x000008eb       0x22 d:/siliconlabs/simplicitystudio/v4_2/developer/toolchains/gnu_arm/4.9_2015q3/bin/../lib/gcc/arm-none-eabi/4.9.3/armv7e-m/fpu\libgcc.a(_aeabi_uldivmod.o)
 .ARM.attributes
                0x0000090d       0x34 d:/siliconlabs/simplicitystudio/v4_2/developer/toolchains/gnu_arm/4.9_2015q3/bin/../lib/gcc/arm-none-eabi/4.9.3/armv7e-m/fpu\libgcc.a(bpabi.o)
 .ARM.attributes
                0x00000941       0x22 d:/siliconlabs/simplicitystudio/v4_2/developer/toolchains/gnu_arm/4.9_2015q3/bin/../lib/gcc/arm-none-eabi/4.9.3/armv7e-m/fpu\libgcc.a(_dvmd_tls.o)
 .ARM.attributes
                0x00000963       0x34 d:/siliconlabs/simplicitystudio/v4_2/developer/toolchains/gnu_arm/4.9_2015q3/bin/../lib/gcc/arm-none-eabi/4.9.3/armv7e-m/fpu\libgcc.a(_divdi3.o)
 .ARM.attributes
                0x00000997       0x34 d:/siliconlabs/simplicitystudio/v4_2/developer/toolchains/gnu_arm/4.9_2015q3/bin/../lib/gcc/arm-none-eabi/4.9.3/armv7e-m/fpu\libgcc.a(_udivdi3.o)
 .ARM.attributes
                0x000009cb       0x34 d:/siliconlabs/simplicitystudio/v4_2/developer/toolchains/gnu_arm/4.9_2015q3/bin/../lib/gcc/arm-none-eabi/4.9.3/../../../../arm-none-eabi/lib/armv7e-m/fpu\libc.a(lib_a-exit.o)
 .ARM.attributes
                0x000009ff       0x34 d:/siliconlabs/simplicitystudio/v4_2/developer/toolchains/gnu_arm/4.9_2015q3/bin/../lib/gcc/arm-none-eabi/4.9.3/../../../../arm-none-eabi/lib/armv7e-m/fpu\libc.a(lib_a-impure.o)
 .ARM.attributes
                0x00000a33       0x34 d:/siliconlabs/simplicitystudio/v4_2/developer/toolchains/gnu_arm/4.9_2015q3/bin/../lib/gcc/arm-none-eabi/4.9.3/../../../../arm-none-eabi/lib/armv7e-m/fpu\libc.a(lib_a-init.o)
 .ARM.attributes
                0x00000a67       0x34 d:/siliconlabs/simplicitystudio/v4_2/developer/toolchains/gnu_arm/4.9_2015q3/bin/../lib/gcc/arm-none-eabi/4.9.3/../../../../arm-none-eabi/lib/armv7e-m/fpu\libc.a(lib_a-memcmp.o)
 .ARM.attributes
                0x00000a9b       0x20 d:/siliconlabs/simplicitystudio/v4_2/developer/toolchains/gnu_arm/4.9_2015q3/bin/../lib/gcc/arm-none-eabi/4.9.3/../../../../arm-none-eabi/lib/armv7e-m/fpu\libc.a(lib_a-memcpy.o)
 .ARM.attributes
                0x00000abb       0x34 d:/siliconlabs/simplicitystudio/v4_2/developer/toolchains/gnu_arm/4.9_2015q3/bin/../lib/gcc/arm-none-eabi/4.9.3/../../../../arm-none-eabi/lib/armv7e-m/fpu\libc.a(lib_a-memset.o)
 .ARM.attributes
                0x00000aef       0x34 d:/siliconlabs/simplicitystudio/v4_2/developer/toolchains/gnu_arm/4.9_2015q3/bin/../lib/gcc/arm-none-eabi/4.9.3/../../../../arm-none-eabi/lib/armv7e-m/fpu\libc.a(lib_a-sprintf.o)
 .ARM.attributes
                0x00000b23       0x34 d:/siliconlabs/simplicitystudio/v4_2/developer/toolchains/gnu_arm/4.9_2015q3/bin/../lib/gcc/arm-none-eabi/4.9.3/../../../../arm-none-eabi/lib/armv7e-m/fpu\libc.a(lib_a-strncpy.o)
 .ARM.attributes
                0x00000b57       0x34 d:/siliconlabs/simplicitystudio/v4_2/developer/toolchains/gnu_arm/4.9_2015q3/bin/../lib/gcc/arm-none-eabi/4.9.3/../../../../arm-none-eabi/lib/armv7e-m/fpu\libc.a(lib_a-svfprintf.o)
 .ARM.attributes
                0x00000b8b       0x34 d:/siliconlabs/simplicitystudio/v4_2/developer/toolchains/gnu_arm/4.9_2015q3/bin/../lib/gcc/arm-none-eabi/4.9.3/../../../../arm-none-eabi/lib/armv7e-m/fpu\libc.a(lib_a-__call_atexit.o)
 .ARM.attributes
                0x00000bbf       0x34 d:/siliconlabs/simplicitystudio/v4_2/developer/toolchains/gnu_arm/4.9_2015q3/bin/../lib/gcc/arm-none-eabi/4.9.3/../../../../arm-none-eabi/lib/armv7e-m/fpu\libc.a(lib_a-atexit.o)
 .ARM.attributes
                0x00000bf3       0x34 d:/siliconlabs/simplicitystudio/v4_2/developer/toolchains/gnu_arm/4.9_2015q3/bin/../lib/gcc/arm-none-eabi/4.9.3/../../../../arm-none-eabi/lib/armv7e-m/fpu\libc.a(lib_a-dtoa.o)
 .ARM.attributes
                0x00000c27       0x34 d:/siliconlabs/simplicitystudio/v4_2/developer/toolchains/gnu_arm/4.9_2015q3/bin/../lib/gcc/arm-none-eabi/4.9.3/../../../../arm-none-eabi/lib/armv7e-m/fpu\libc.a(lib_a-fini.o)
 .ARM.attributes
                0x00000c5b       0x34 d:/siliconlabs/simplicitystudio/v4_2/developer/toolchains/gnu_arm/4.9_2015q3/bin/../lib/gcc/arm-none-eabi/4.9.3/../../../../arm-none-eabi/lib/armv7e-m/fpu\libc.a(lib_a-locale.o)
 .ARM.attributes
                0x00000c8f       0x34 d:/siliconlabs/simplicitystudio/v4_2/developer/toolchains/gnu_arm/4.9_2015q3/bin/../lib/gcc/arm-none-eabi/4.9.3/../../../../arm-none-eabi/lib/armv7e-m/fpu\libc.a(lib_a-mallocr.o)
 .ARM.attributes
                0x00000cc3       0x34 d:/siliconlabs/simplicitystudio/v4_2/developer/toolchains/gnu_arm/4.9_2015q3/bin/../lib/gcc/arm-none-eabi/4.9.3/../../../../arm-none-eabi/lib/armv7e-m/fpu\libc.a(lib_a-memchr.o)
 .ARM.attributes
                0x00000cf7       0x34 d:/siliconlabs/simplicitystudio/v4_2/developer/toolchains/gnu_arm/4.9_2015q3/bin/../lib/gcc/arm-none-eabi/4.9.3/../../../../arm-none-eabi/lib/armv7e-m/fpu\libc.a(lib_a-mlock.o)
 .ARM.attributes
                0x00000d2b       0x34 d:/siliconlabs/simplicitystudio/v4_2/developer/toolchains/gnu_arm/4.9_2015q3/bin/../lib/gcc/arm-none-eabi/4.9.3/../../../../arm-none-eabi/lib/armv7e-m/fpu\libc.a(lib_a-mprec.o)
 .ARM.attributes
                0x00000d5f       0x34 d:/siliconlabs/simplicitystudio/v4_2/developer/toolchains/gnu_arm/4.9_2015q3/bin/../lib/gcc/arm-none-eabi/4.9.3/../../../../arm-none-eabi/lib/armv7e-m/fpu\libc.a(lib_a-s_fpclassify.o)
 .ARM.attributes
                0x00000d93       0x34 d:/siliconlabs/simplicitystudio/v4_2/developer/toolchains/gnu_arm/4.9_2015q3/bin/../lib/gcc/arm-none-eabi/4.9.3/../../../../arm-none-eabi/lib/armv7e-m/fpu\libc.a(lib_a-sbrkr.o)
 .ARM.attributes
                0x00000dc7       0x20 d:/siliconlabs/simplicitystudio/v4_2/developer/toolchains/gnu_arm/4.9_2015q3/bin/../lib/gcc/arm-none-eabi/4.9.3/../../../../arm-none-eabi/lib/armv7e-m/fpu\libc.a(lib_a-strcmp.o)
 .ARM.attributes
                0x00000de7       0x34 d:/siliconlabs/simplicitystudio/v4_2/developer/toolchains/gnu_arm/4.9_2015q3/bin/../lib/gcc/arm-none-eabi/4.9.3/../../../../arm-none-eabi/lib/armv7e-m/fpu\libc.a(lib_a-strlen.o)
 .ARM.attributes
                0x00000e1b       0x34 d:/siliconlabs/simplicitystudio/v4_2/developer/toolchains/gnu_arm/4.9_2015q3/bin/../lib/gcc/arm-none-eabi/4.9.3/../../../../arm-none-eabi/lib/armv7e-m/fpu\libc.a(lib_a-svfiprintf.o)
 .ARM.attributes
                0x00000e4f       0x34 d:/siliconlabs/simplicitystudio/v4_2/developer/toolchains/gnu_arm/4.9_2015q3/bin/../lib/gcc/arm-none-eabi/4.9.3/../../../../arm-none-eabi/lib/armv7e-m/fpu\libc.a(lib_a-__atexit.o)
 .ARM.attributes
                0x00000e83       0x34 d:/siliconlabs/simplicitystudio/v4_2/developer/toolchains/gnu_arm/4.9_2015q3/bin/../lib/gcc/arm-none-eabi/4.9.3/../../../../arm-none-eabi/lib/armv7e-m/fpu\libc.a(lib_a-callocr.o)
 .ARM.attributes
                0x00000eb7       0x34 d:/siliconlabs/simplicitystudio/v4_2/developer/toolchains/gnu_arm/4.9_2015q3/bin/../lib/gcc/arm-none-eabi/4.9.3/../../../../arm-none-eabi/lib/armv7e-m/fpu\libc.a(lib_a-freer.o)
 .ARM.attributes
                0x00000eeb       0x34 d:/siliconlabs/simplicitystudio/v4_2/developer/toolchains/gnu_arm/4.9_2015q3/bin/../lib/gcc/arm-none-eabi/4.9.3/../../../../arm-none-eabi/lib/armv7e-m/fpu\libc.a(lib_a-memmove.o)
 .ARM.attributes
                0x00000f1f       0x34 d:/siliconlabs/simplicitystudio/v4_2/developer/toolchains/gnu_arm/4.9_2015q3/bin/../lib/gcc/arm-none-eabi/4.9.3/../../../../arm-none-eabi/lib/armv7e-m/fpu\libc.a(lib_a-reallocr.o)
 .ARM.attributes
                0x00000f53       0x34 d:/siliconlabs/simplicitystudio/v4_2/developer/toolchains/gnu_arm/4.9_2015q3/bin/../lib/gcc/arm-none-eabi/4.9.3/../../../../arm-none-eabi/lib/armv7e-m/fpu\libc.a(lib_a-reent.o)
 .ARM.attributes
                0x00000f87       0x34 d:/siliconlabs/simplicitystudio/v4_2/developer/toolchains/gnu_arm/4.9_2015q3/bin/../lib/gcc/arm-none-eabi/4.9.3/../../../../arm-none-eabi/lib/armv7e-m/fpu\libnosys.a(sbrk.o)
 .ARM.attributes
                0x00000fbb       0x34 d:/siliconlabs/simplicitystudio/v4_2/developer/toolchains/gnu_arm/4.9_2015q3/bin/../lib/gcc/arm-none-eabi/4.9.3/../../../../arm-none-eabi/lib/armv7e-m/fpu\libnosys.a(_exit.o)
 .ARM.attributes
                0x00000fef       0x22 d:/siliconlabs/simplicitystudio/v4_2/developer/toolchains/gnu_arm/4.9_2015q3/bin/../lib/gcc/arm-none-eabi/4.9.3/armv7e-m/fpu\libgcc.a(_arm_addsubdf3.o)
 .ARM.attributes
                0x00001011       0x22 d:/siliconlabs/simplicitystudio/v4_2/developer/toolchains/gnu_arm/4.9_2015q3/bin/../lib/gcc/arm-none-eabi/4.9.3/armv7e-m/fpu\libgcc.a(_arm_muldivdf3.o)
 .ARM.attributes
                0x00001033       0x22 d:/siliconlabs/simplicitystudio/v4_2/developer/toolchains/gnu_arm/4.9_2015q3/bin/../lib/gcc/arm-none-eabi/4.9.3/armv7e-m/fpu\libgcc.a(_arm_cmpdf2.o)
 .ARM.attributes
                0x00001055       0x22 d:/siliconlabs/simplicitystudio/v4_2/developer/toolchains/gnu_arm/4.9_2015q3/bin/../lib/gcc/arm-none-eabi/4.9.3/armv7e-m/fpu\libgcc.a(_arm_fixdfsi.o)
 .ARM.attributes
                0x00001077       0x34 d:/siliconlabs/simplicitystudio/v4_2/developer/toolchains/gnu_arm/4.9_2015q3/bin/../lib/gcc/arm-none-eabi/4.9.3/armv7e-m/fpu/crtend.o
 .ARM.attributes
                0x000010ab       0x22 d:/siliconlabs/simplicitystudio/v4_2/developer/toolchains/gnu_arm/4.9_2015q3/bin/../lib/gcc/arm-none-eabi/4.9.3/armv7e-m/fpu/crtn.o

.comment        0x00000000       0xde
 .comment       0x00000000       0x70 ./application_properties.o
                                 0x71 (size before relaxing)
 .comment       0x00000000       0x71 ./gatt_db.o
 .comment       0x00000000       0x71 ./gpiointerrupt.o
 .comment       0x00000000       0x71 ./main.o
 .comment       0x00000000       0x71 ./uart_echo.o
 .comment       0x00000000       0x71 ./device/EFR32_B_1_1_B/gcc/startup_efr32bg1b.o
 .comment       0x00000000       0x71 ./emlib/em_cmu.o
 .comment       0x00000000       0x71 ./emlib/em_gpio.o
 .comment       0x00000000       0x71 ./emlib/em_rtcc.o
 .comment       0x00000000       0x71 ./emlib/em_system.o
 .comment       0x00000000       0x71 ./emlib/em_timer.o
 .comment       0x00000000       0x71 ./emlib/em_usart.o
 .comment       0x00000000       0x71 ./src/InitDevice.o
 .comment       0x00000070       0x6e D:/SiliconLabs/SimplicityStudio/v4_2/developer/sdks/gecko_sdk_suite/v1.1//protocol/bluetooth_2.4/lib/EFR32BG1B/GCC/bgapi.a(gecko_bgapi_hardware.c.obj)
                                 0x6f (size before relaxing)
 .comment       0x00000000       0x6f D:/SiliconLabs/SimplicityStudio/v4_2/developer/sdks/gecko_sdk_suite/v1.1//protocol/bluetooth_2.4/lib/EFR32BG1B/GCC/bgapi.a(gecko_bgapi_test.c.obj)
 .comment       0x00000000       0x6f D:/SiliconLabs/SimplicityStudio/v4_2/developer/sdks/gecko_sdk_suite/v1.1//protocol/bluetooth_2.4/lib/EFR32BG1B/GCC/bgapi.a(gecko_bgapi_dfu.c.obj)
 .comment       0x00000000       0x6f D:/SiliconLabs/SimplicityStudio/v4_2/developer/sdks/gecko_sdk_suite/v1.1//protocol/bluetooth_2.4/lib/EFR32BG1B/GCC/bgapi.a(gecko_bgapi_gap.c.obj)
 .comment       0x00000000       0x6f D:/SiliconLabs/SimplicityStudio/v4_2/developer/sdks/gecko_sdk_suite/v1.1//protocol/bluetooth_2.4/lib/EFR32BG1B/GCC/bgapi.a(gecko_bgapi_gatt.c.obj)
 .comment       0x00000000       0x6f D:/SiliconLabs/SimplicityStudio/v4_2/developer/sdks/gecko_sdk_suite/v1.1//protocol/bluetooth_2.4/lib/EFR32BG1B/GCC/bgapi.a(gecko_bgapi_gatt_server.c.obj)
 .comment       0x00000000       0x6f D:/SiliconLabs/SimplicityStudio/v4_2/developer/sdks/gecko_sdk_suite/v1.1//protocol/bluetooth_2.4/lib/EFR32BG1B/GCC/bgapi.a(gecko_bgapi_flash.c.obj)
 .comment       0x00000000       0x6f D:/SiliconLabs/SimplicityStudio/v4_2/developer/sdks/gecko_sdk_suite/v1.1//protocol/bluetooth_2.4/lib/EFR32BG1B/GCC/bgapi.a(gecko_bgapi_sm.c.obj)
 .comment       0x00000000       0x6f D:/SiliconLabs/SimplicityStudio/v4_2/developer/sdks/gecko_sdk_suite/v1.1//protocol/bluetooth_2.4/lib/EFR32BG1B/GCC/bgapi.a(gecko_bgapi_system.c.obj)
 .comment       0x00000000       0x6f D:/SiliconLabs/SimplicityStudio/v4_2/developer/sdks/gecko_sdk_suite/v1.1//protocol/bluetooth_2.4/lib/EFR32BG1B/GCC/bgapi.a(gecko_bgapi_endpoint.c.obj)
 .comment       0x00000000       0x6f D:/SiliconLabs/SimplicityStudio/v4_2/developer/sdks/gecko_sdk_suite/v1.1//protocol/bluetooth_2.4/lib/EFR32BG1B/GCC/bgapi.a(gecko_bgapi_le_connection.c.obj)
 .comment       0x00000000       0x6f D:/SiliconLabs/SimplicityStudio/v4_2/developer/sdks/gecko_sdk_suite/v1.1//protocol/bluetooth_2.4/lib/EFR32BG1B/GCC/bgapi.a(bgapi_hardware.c.obj)
 .comment       0x00000000       0x6f D:/SiliconLabs/SimplicityStudio/v4_2/developer/sdks/gecko_sdk_suite/v1.1//protocol/bluetooth_2.4/lib/EFR32BG1B/GCC/bgapi.a(bgapi_test_lib.c.obj)
 .comment       0x00000000       0x6f D:/SiliconLabs/SimplicityStudio/v4_2/developer/sdks/gecko_sdk_suite/v1.1//protocol/bluetooth_2.4/lib/EFR32BG1B/GCC/bgapi.a(bgapi_dfu.c.obj)
 .comment       0x00000000       0x6f D:/SiliconLabs/SimplicityStudio/v4_2/developer/sdks/gecko_sdk_suite/v1.1//protocol/bluetooth_2.4/lib/EFR32BG1B/GCC/bgapi.a(bgapi_gap.c.obj)
 .comment       0x00000000       0x6f D:/SiliconLabs/SimplicityStudio/v4_2/developer/sdks/gecko_sdk_suite/v1.1//protocol/bluetooth_2.4/lib/EFR32BG1B/GCC/bgapi.a(bgapi_gatt_lib.c.obj)
 .comment       0x00000000       0x6f D:/SiliconLabs/SimplicityStudio/v4_2/developer/sdks/gecko_sdk_suite/v1.1//protocol/bluetooth_2.4/lib/EFR32BG1B/GCC/bgapi.a(bgapi_ps.c.obj)
 .comment       0x00000000       0x6f D:/SiliconLabs/SimplicityStudio/v4_2/developer/sdks/gecko_sdk_suite/v1.1//protocol/bluetooth_2.4/lib/EFR32BG1B/GCC/bgapi.a(bgapi_sm.c.obj)
 .comment       0x00000000       0x6f D:/SiliconLabs/SimplicityStudio/v4_2/developer/sdks/gecko_sdk_suite/v1.1//protocol/bluetooth_2.4/lib/EFR32BG1B/GCC/bgapi.a(bgapi_system.c.obj)
 .comment       0x00000000       0x6f D:/SiliconLabs/SimplicityStudio/v4_2/developer/sdks/gecko_sdk_suite/v1.1//protocol/bluetooth_2.4/lib/EFR32BG1B/GCC/bgapi.a(bgapi_endpoint.c.obj)
 .comment       0x00000000       0x6f D:/SiliconLabs/SimplicityStudio/v4_2/developer/sdks/gecko_sdk_suite/v1.1//protocol/bluetooth_2.4/lib/EFR32BG1B/GCC/bgapi.a(bgapi_le_connection.c.obj)
 .comment       0x00000000       0x6f D:/SiliconLabs/SimplicityStudio/v4_2/developer/sdks/gecko_sdk_suite/v1.1//protocol/bluetooth_2.4/lib/EFR32BG1B/GCC/bgapi.a(gatt_client.c.obj)
 .comment       0x00000000       0x6f D:/SiliconLabs/SimplicityStudio/v4_2/developer/sdks/gecko_sdk_suite/v1.1//protocol/bluetooth_2.4/lib/EFR32BG1B/GCC/bgapi.a(ubt_gatt_client.c.obj)
 .comment       0x00000000       0x6f D:/SiliconLabs/SimplicityStudio/v4_2/developer/sdks/gecko_sdk_suite/v1.1//protocol/bluetooth_2.4/lib/EFR32BG1B/GCC/bgapi.a(att_client.c.obj)

.debug_info     0x00000000     0xcb7c
 .debug_info    0x00000000      0x16c ./application_properties.o
 .debug_info    0x0000016c      0x610 ./gatt_db.o