###############################################################################
#
# IAR ELF Linker V7.60.2.11341/W32 for ARM                20/Apr/2017  17:12:29
# Copyright 2007-2016 IAR Systems AB.
#
#    Output file  =  
#        D:\GoogleDriveCLT\GoogleDrive\WeatherCloud\Roadboard\Software\Road-Board-December-2016\EWARM\Road
#        Brd MSTR Rev L\Exe\Road Board Rev K NUCLEO V1.1 Jul 12 2016.out
#    Map file     =  
#        D:\GoogleDriveCLT\GoogleDrive\WeatherCloud\Roadboard\Software\Road-Board-December-2016\EWARM\Road
#        Brd MSTR Rev L\List\Road Board Rev K NUCLEO V1.1 Jul 12 2016.map
#    Command line =  
#        "D:\GoogleDriveCLT\GoogleDrive\WeatherCloud\Roadboard\Software\Road-Board-December-2016\EWARM\Road
#        Brd MSTR Rev L\Obj\adc.o"
#        "D:\GoogleDriveCLT\GoogleDrive\WeatherCloud\Roadboard\Software\Road-Board-December-2016\EWARM\Road
#        Brd MSTR Rev L\Obj\app_data.o"
#        "D:\GoogleDriveCLT\GoogleDrive\WeatherCloud\Roadboard\Software\Road-Board-December-2016\EWARM\Road
#        Brd MSTR Rev L\Obj\barometer.o"
#        "D:\GoogleDriveCLT\GoogleDrive\WeatherCloud\Roadboard\Software\Road-Board-December-2016\EWARM\Road
#        Brd MSTR Rev L\Obj\bgm111.o"
#        "D:\GoogleDriveCLT\GoogleDrive\WeatherCloud\Roadboard\Software\Road-Board-December-2016\EWARM\Road
#        Brd MSTR Rev L\Obj\cmsis_os.o"
#        "D:\GoogleDriveCLT\GoogleDrive\WeatherCloud\Roadboard\Software\Road-Board-December-2016\EWARM\Road
#        Brd MSTR Rev L\Obj\croutine.o"
#        "D:\GoogleDriveCLT\GoogleDrive\WeatherCloud\Roadboard\Software\Road-Board-December-2016\EWARM\Road
#        Brd MSTR Rev L\Obj\dma.o"
#        "D:\GoogleDriveCLT\GoogleDrive\WeatherCloud\Roadboard\Software\Road-Board-December-2016\EWARM\Road
#        Brd MSTR Rev L\Obj\ErrorCodes.o"
#        "D:\GoogleDriveCLT\GoogleDrive\WeatherCloud\Roadboard\Software\Road-Board-December-2016\EWARM\Road
#        Brd MSTR Rev L\Obj\event_groups.o"
#        "D:\GoogleDriveCLT\GoogleDrive\WeatherCloud\Roadboard\Software\Road-Board-December-2016\EWARM\Road
#        Brd MSTR Rev L\Obj\fix_fft.o"
#        "D:\GoogleDriveCLT\GoogleDrive\WeatherCloud\Roadboard\Software\Road-Board-December-2016\EWARM\Road
#        Brd MSTR Rev L\Obj\freertos.o"
#        "D:\GoogleDriveCLT\GoogleDrive\WeatherCloud\Roadboard\Software\Road-Board-December-2016\EWARM\Road
#        Brd MSTR Rev L\Obj\gecko_bglib.o"
#        "D:\GoogleDriveCLT\GoogleDrive\WeatherCloud\Roadboard\Software\Road-Board-December-2016\EWARM\Road
#        Brd MSTR Rev L\Obj\gpio.o"
#        "D:\GoogleDriveCLT\GoogleDrive\WeatherCloud\Roadboard\Software\Road-Board-December-2016\EWARM\Road
#        Brd MSTR Rev L\Obj\GridEye.o"
#        "D:\GoogleDriveCLT\GoogleDrive\WeatherCloud\Roadboard\Software\Road-Board-December-2016\EWARM\Road
#        Brd MSTR Rev L\Obj\heap_4.o"
#        "D:\GoogleDriveCLT\GoogleDrive\WeatherCloud\Roadboard\Software\Road-Board-December-2016\EWARM\Road
#        Brd MSTR Rev L\Obj\Humidity.o"
#        "D:\GoogleDriveCLT\GoogleDrive\WeatherCloud\Roadboard\Software\Road-Board-December-2016\EWARM\Road
#        Brd MSTR Rev L\Obj\i2c.o"
#        "D:\GoogleDriveCLT\GoogleDrive\WeatherCloud\Roadboard\Software\Road-Board-December-2016\EWARM\Road
#        Brd MSTR Rev L\Obj\list.o"
#        "D:\GoogleDriveCLT\GoogleDrive\WeatherCloud\Roadboard\Software\Road-Board-December-2016\EWARM\Road
#        Brd MSTR Rev L\Obj\lps25hb.o"
#        "D:\GoogleDriveCLT\GoogleDrive\WeatherCloud\Roadboard\Software\Road-Board-December-2016\EWARM\Road
#        Brd MSTR Rev L\Obj\main.o"
#        "D:\GoogleDriveCLT\GoogleDrive\WeatherCloud\Roadboard\Software\Road-Board-December-2016\EWARM\Road
#        Brd MSTR Rev L\Obj\parser.o"
#        "D:\GoogleDriveCLT\GoogleDrive\WeatherCloud\Roadboard\Software\Road-Board-December-2016\EWARM\Road
#        Brd MSTR Rev L\Obj\port.o"
#        "D:\GoogleDriveCLT\GoogleDrive\WeatherCloud\Roadboard\Software\Road-Board-December-2016\EWARM\Road
#        Brd MSTR Rev L\Obj\portasm.o"
#        "D:\GoogleDriveCLT\GoogleDrive\WeatherCloud\Roadboard\Software\Road-Board-December-2016\EWARM\Road
#        Brd MSTR Rev L\Obj\queue.o"
#        "D:\GoogleDriveCLT\GoogleDrive\WeatherCloud\Roadboard\Software\Road-Board-December-2016\EWARM\Road
#        Brd MSTR Rev L\Obj\Rd_Sound.o"
#        "D:\GoogleDriveCLT\GoogleDrive\WeatherCloud\Roadboard\Software\Road-Board-December-2016\EWARM\Road
#        Brd MSTR Rev L\Obj\RGBLight.o"
#        "D:\GoogleDriveCLT\GoogleDrive\WeatherCloud\Roadboard\Software\Road-Board-December-2016\EWARM\Road
#        Brd MSTR Rev L\Obj\startup_stm32l152xe.o"
#        "D:\GoogleDriveCLT\GoogleDrive\WeatherCloud\Roadboard\Software\Road-Board-December-2016\EWARM\Road
#        Brd MSTR Rev L\Obj\stm32l1xx_hal.o"
#        "D:\GoogleDriveCLT\GoogleDrive\WeatherCloud\Roadboard\Software\Road-Board-December-2016\EWARM\Road
#        Brd MSTR Rev L\Obj\stm32l1xx_hal_adc.o"
#        "D:\GoogleDriveCLT\GoogleDrive\WeatherCloud\Roadboard\Software\Road-Board-December-2016\EWARM\Road
#        Brd MSTR Rev L\Obj\stm32l1xx_hal_adc_ex.o"
#        "D:\GoogleDriveCLT\GoogleDrive\WeatherCloud\Roadboard\Software\Road-Board-December-2016\EWARM\Road
#        Brd MSTR Rev L\Obj\stm32l1xx_hal_cortex.o"
#        "D:\GoogleDriveCLT\GoogleDrive\WeatherCloud\Roadboard\Software\Road-Board-December-2016\EWARM\Road
#        Brd MSTR Rev L\Obj\stm32l1xx_hal_dma.o"
#        "D:\GoogleDriveCLT\GoogleDrive\WeatherCloud\Roadboard\Software\Road-Board-December-2016\EWARM\Road
#        Brd MSTR Rev L\Obj\stm32l1xx_hal_flash.o"
#        "D:\GoogleDriveCLT\GoogleDrive\WeatherCloud\Roadboard\Software\Road-Board-December-2016\EWARM\Road
#        Brd MSTR Rev L\Obj\stm32l1xx_hal_flash_ex.o"
#        "D:\GoogleDriveCLT\GoogleDrive\WeatherCloud\Roadboard\Software\Road-Board-December-2016\EWARM\Road
#        Brd MSTR Rev L\Obj\stm32l1xx_hal_flash_ramfunc.o"
#        "D:\GoogleDriveCLT\GoogleDrive\WeatherCloud\Roadboard\Software\Road-Board-December-2016\EWARM\Road
#        Brd MSTR Rev L\Obj\stm32l1xx_hal_gpio.o"
#        "D:\GoogleDriveCLT\GoogleDrive\WeatherCloud\Roadboard\Software\Road-Board-December-2016\EWARM\Road
#        Brd MSTR Rev L\Obj\stm32l1xx_hal_i2c.o"
#        "D:\GoogleDriveCLT\GoogleDrive\WeatherCloud\Roadboard\Software\Road-Board-December-2016\EWARM\Road
#        Brd MSTR Rev L\Obj\stm32l1xx_hal_msp.o"
#        "D:\GoogleDriveCLT\GoogleDrive\WeatherCloud\Roadboard\Software\Road-Board-December-2016\EWARM\Road
#        Brd MSTR Rev L\Obj\stm32l1xx_hal_pcd.o"
#        "D:\GoogleDriveCLT\GoogleDrive\WeatherCloud\Roadboard\Software\Road-Board-December-2016\EWARM\Road
#        Brd MSTR Rev L\Obj\stm32l1xx_hal_pcd_ex.o"
#        "D:\GoogleDriveCLT\GoogleDrive\WeatherCloud\Roadboard\Software\Road-Board-December-2016\EWARM\Road
#        Brd MSTR Rev L\Obj\stm32l1xx_hal_pwr.o"
#        "D:\GoogleDriveCLT\GoogleDrive\WeatherCloud\Roadboard\Software\Road-Board-December-2016\EWARM\Road
#        Brd MSTR Rev L\Obj\stm32l1xx_hal_pwr_ex.o"
#        "D:\GoogleDriveCLT\GoogleDrive\WeatherCloud\Roadboard\Software\Road-Board-December-2016\EWARM\Road
#        Brd MSTR Rev L\Obj\stm32l1xx_hal_rcc.o"
#        "D:\GoogleDriveCLT\GoogleDrive\WeatherCloud\Roadboard\Software\Road-Board-December-2016\EWARM\Road
#        Brd MSTR Rev L\Obj\stm32l1xx_hal_rcc_ex.o"
#        "D:\GoogleDriveCLT\GoogleDrive\WeatherCloud\Roadboard\Software\Road-Board-December-2016\EWARM\Road
#        Brd MSTR Rev L\Obj\stm32l1xx_hal_tim.o"
#        "D:\GoogleDriveCLT\GoogleDrive\WeatherCloud\Roadboard\Software\Road-Board-December-2016\EWARM\Road
#        Brd MSTR Rev L\Obj\stm32l1xx_hal_tim_ex.o"
#        "D:\GoogleDriveCLT\GoogleDrive\WeatherCloud\Roadboard\Software\Road-Board-December-2016\EWARM\Road
#        Brd MSTR Rev L\Obj\stm32l1xx_hal_timebase_TIM.o"
#        "D:\GoogleDriveCLT\GoogleDrive\WeatherCloud\Roadboard\Software\Road-Board-December-2016\EWARM\Road
#        Brd MSTR Rev L\Obj\stm32l1xx_hal_uart.o"
#        "D:\GoogleDriveCLT\GoogleDrive\WeatherCloud\Roadboard\Software\Road-Board-December-2016\EWARM\Road
#        Brd MSTR Rev L\Obj\stm32l1xx_hal_wwdg.o"
#        "D:\GoogleDriveCLT\GoogleDrive\WeatherCloud\Roadboard\Software\Road-Board-December-2016\EWARM\Road
#        Brd MSTR Rev L\Obj\stm32l1xx_it.o"
#        "D:\GoogleDriveCLT\GoogleDrive\WeatherCloud\Roadboard\Software\Road-Board-December-2016\EWARM\Road
#        Brd MSTR Rev L\Obj\stm32l1xx_nucleo.o"
#        "D:\GoogleDriveCLT\GoogleDrive\WeatherCloud\Roadboard\Software\Road-Board-December-2016\EWARM\Road
#        Brd MSTR Rev L\Obj\system_stm32l1xx.o"
#        "D:\GoogleDriveCLT\GoogleDrive\WeatherCloud\Roadboard\Software\Road-Board-December-2016\EWARM\Road
#        Brd MSTR Rev L\Obj\tasks.o"
#        "D:\GoogleDriveCLT\GoogleDrive\WeatherCloud\Roadboard\Software\Road-Board-December-2016\EWARM\Road
#        Brd MSTR Rev L\Obj\Temperature.o"
#        "D:\GoogleDriveCLT\GoogleDrive\WeatherCloud\Roadboard\Software\Road-Board-December-2016\EWARM\Road
#        Brd MSTR Rev L\Obj\tim.o"
#        "D:\GoogleDriveCLT\GoogleDrive\WeatherCloud\Roadboard\Software\Road-Board-December-2016\EWARM\Road
#        Brd MSTR Rev L\Obj\timers.o"
#        "D:\GoogleDriveCLT\GoogleDrive\WeatherCloud\Roadboard\Software\Road-Board-December-2016\EWARM\Road
#        Brd MSTR Rev L\Obj\usart.o"
#        "D:\GoogleDriveCLT\GoogleDrive\WeatherCloud\Roadboard\Software\Road-Board-December-2016\EWARM\Road
#        Brd MSTR Rev L\Obj\usb_device.o"
#        "D:\GoogleDriveCLT\GoogleDrive\WeatherCloud\Roadboard\Software\Road-Board-December-2016\EWARM\Road
#        Brd MSTR Rev L\Obj\usbd_cdc.o"
#        "D:\GoogleDriveCLT\GoogleDrive\WeatherCloud\Roadboard\Software\Road-Board-December-2016\EWARM\Road
#        Brd MSTR Rev L\Obj\usbd_cdc_if.o"
#        "D:\GoogleDriveCLT\GoogleDrive\WeatherCloud\Roadboard\Software\Road-Board-December-2016\EWARM\Road
#        Brd MSTR Rev L\Obj\usbd_conf.o"
#        "D:\GoogleDriveCLT\GoogleDrive\WeatherCloud\Roadboard\Software\Road-Board-December-2016\EWARM\Road
#        Brd MSTR Rev L\Obj\usbd_core.o"
#        "D:\GoogleDriveCLT\GoogleDrive\WeatherCloud\Roadboard\Software\Road-Board-December-2016\EWARM\Road
#        Brd MSTR Rev L\Obj\usbd_ctlreq.o"
#        "D:\GoogleDriveCLT\GoogleDrive\WeatherCloud\Roadboard\Software\Road-Board-December-2016\EWARM\Road
#        Brd MSTR Rev L\Obj\usbd_desc.o"
#        "D:\GoogleDriveCLT\GoogleDrive\WeatherCloud\Roadboard\Software\Road-Board-December-2016\EWARM\Road
#        Brd MSTR Rev L\Obj\usbd_ioreq.o"
#        "D:\GoogleDriveCLT\GoogleDrive\WeatherCloud\Roadboard\Software\Road-Board-December-2016\EWARM\Road
#        Brd MSTR Rev L\Obj\VMonitor.o"
#        "D:\GoogleDriveCLT\GoogleDrive\WeatherCloud\Roadboard\Software\Road-Board-December-2016\EWARM\Road
#        Brd MSTR Rev L\Obj\wwdg.o" --redirect _Printf=_PrintfFull --redirect
#        _Scanf=_ScanfFull -o
#        "D:\GoogleDriveCLT\GoogleDrive\WeatherCloud\Roadboard\Software\Road-Board-December-2016\EWARM\Road
#        Brd MSTR Rev L\Exe\Road Board Rev K NUCLEO V1.1 Jul 12 2016.out" --map
#        "D:\GoogleDriveCLT\GoogleDrive\WeatherCloud\Roadboard\Software\Road-Board-December-2016\EWARM\Road
#        Brd MSTR Rev L\List\Road Board Rev K NUCLEO V1.1 Jul 12 2016.map"
#        --config
#        D:\GoogleDriveCLT\GoogleDrive\WeatherCloud\Roadboard\Software\Road-Board-December-2016\EWARM/stm32l152xe_flash.icf
#        --semihosting --entry __iar_program_start --vfe
#
###############################################################################

*******************************************************************************
*** RUNTIME MODEL ATTRIBUTES
***

CppFlavor                     = *
__Heap_Handler                = Basic
__SystemLibrary               = DLib
__dlib_dynamic_initialization = normal


*******************************************************************************
*** PLACEMENT SUMMARY
***

"A1":  place at 0x08000000 { ro section .intvec };
"P1":  place in [from 0x08000000 to 0x0807ffff] { ro };
"P2":  place in [from 0x20000000 to 0x20013fff] { rw, block CSTACK, block HEAP };
initialize by copy { rw };

  Section             Kind        Address     Size  Object
  -------             ----        -------     ----  ------
"A1":                                        0x124
  .intvec             ro code  0x08000000    0x124  startup_stm32l152xe.o [1]
                             - 0x08000124    0x124

"P1":                                      0x11a40
  .text               ro code  0x08000124   0x1e52  parser.o [1]
  .text               ro code  0x08001f76      0xa  xsprout.o [3]
  .text               ro code  0x08001f80     0x36  strlen.o [5]
  .text               ro code  0x08001fb8    0x230  Rd_Sound.o [1]
  .text               ro code  0x080021e8     0x44  strcpy_unaligned.o [5]
  .text               ro code  0x0800222c    0x4bc  usart.o [1]
  .text               ro code  0x080026e8     0x34  sprintf.o [3]
  .text               ro code  0x0800271c     0x1c  strcat.o [3]
  .text               ro code  0x08002738    0x1f8  barometer.o [1]
  .text               ro code  0x08002930    0xef8  app_data.o [1]
  .text               ro code  0x08003828    0xd98  GridEye.o [1]
  .text               ro code  0x080045c0    0x4c0  VMonitor.o [1]
  .text               ro code  0x08004a80    0x6c8  Humidity.o [1]
  .text               ro code  0x08005148    0x16c  Temperature.o [1]
  .text               ro code  0x080052b4    0x344  RGBLight.o [1]
  .text               ro code  0x080055f8    0x1c4  gpio.o [1]
  .text               ro code  0x080057bc    0x4dc  i2c.o [1]
  .text               ro code  0x08005c98    0x1b0  stm32l1xx_hal_cortex.o [1]
  .text               ro code  0x08005e48    0x2bc  adc.o [1]
  .text               ro code  0x08006104    0x240  fix_fft.o [1]
  .text               ro code  0x08006344     0x30  I32ToDbl.o [4]
  .text               ro code  0x08006374     0xf0  sqrt.o [4]
  .text               ro code  0x08006464     0x90  DblToFlt.o [4]
  .text               ro code  0x080064f4     0x44  FltToS32.o [4]
  .text               ro code  0x08006538    0x8e8  stm32l1xx_hal_uart.o [1]
  .text               ro code  0x08006e20    0x49e  main.o [1]
  .text               ro code  0x080072c0    0x378  stm32l1xx_hal_gpio.o [1]
  .text               ro code  0x08007638    0x7d4  bgm111.o [1]
  .text               ro code  0x08007e0c   0x119e  xprintffull.o [3]
  .text               ro code  0x08008fac    0x248  lps25hb.o [1]
  .text               ro code  0x080091f4     0x4e  FltToDbl.o [4]
  .text               ro code  0x08009244    0x1a2  DblMul.o [4]
  .text               ro code  0x080093e8     0x58  DblToI32.o [4]
  .text               ro code  0x08009440     0xb8  modf.o [4]
  .text               ro code  0x080094f8     0xd8  FltMul.o [4]
  .text               ro code  0x080095d0     0xe8  DblAdd.o [4]
  .text               ro code  0x080096b8     0x42  strcmp_unaligned.o [5]
  .text               ro code  0x080096fc     0x48  stm32l1xx_hal.o [1]
  .text               ro code  0x08009744     0xc8  ErrorCodes.o [1]
  .text               ro code  0x0800980c     0x32  I32ToFlt.o [4]
  .text               ro code  0x08009840     0x44  round.o [4]
  .text               ro code  0x08009884     0x24  FltCmpGe.o [4]
  .text               ro code  0x080098a8     0xfc  FltDiv.o [4]
  .text               ro code  0x080099a4     0x84  FltAdd.o [4]
  .text               ro code  0x08009a28   0x1018  stm32l1xx_hal_i2c.o [1]
  .text               ro code  0x0800aa40    0x82a  stm32l1xx_hal_adc.o [1]
  .text               ro code  0x0800b26c    0xefe  stm32l1xx_hal_dma.o [1]
  .text               ro code  0x0800c16a     0x1c  fix_fft.o [1]
  .text               ro code  0x0800c188      0xc  iarEdom.o [5]
  .text               ro code  0x0800c194    0xcd4  stm32l1xx_hal_rcc.o [1]
  .text               ro code  0x0800ce68     0x30  dma.o [1]
  .text               ro code  0x0800ce98    0x224  tim.o [1]
  .text               ro code  0x0800d0bc    0x1ac  gecko_bglib.o [1]
  .text               ro code  0x0800d268     0x76  ABImemcpy_unaligned.o [5]
  .text               ro code  0x0800d2de     0x20  xmbtowc.o [3]
  .text               ro code  0x0800d300     0x16  strchr.o [5]
  .text               ro code  0x0800d318     0x58  memchr.o [5]
  .text               ro code  0x0800d370      0xa  xmbcurmax.o [3]
  .text               ro code  0x0800d37c     0xb0  xxmemxmalloc.o [3]
  .text               ro code  0x0800d42c     0x1a  xwctomb.o [3]
  .text               ro code  0x0800d448     0x80  xxmemxfree.o [3]
  .text               ro code  0x0800d4c8     0xee  I64DivMod.o [5]
  .text               ro code  0x0800d5b6     0x44  xdnorm.o [4]
  .text               ro code  0x0800d5fc     0x2e  DblCmpLe.o [4]
  .text               ro code  0x0800d62c     0x2e  DblCmpGe.o [4]
  .text               ro code  0x0800d65c    0x10c  xdscale.o [4]
  .text               ro code  0x0800d768    0x180  DblSub.o [4]
  .text               ro code  0x0800d8e8    0x256  DblDiv.o [4]
  .text               ro code  0x0800db40     0x6c  localeconv.o [3]
  .text               ro code  0x0800dbac      0xe  div.o [3]
  .text               ro code  0x0800dbbc     0x90  stm32l1xx_hal_timebase_TIM.o [1]
  .text               ro code  0x0800dc4c     0x98  stm32l1xx_hal_msp.o [1]
  .text               ro code  0x0800dce4     0x7a  xdint.o [4]
  .text               ro code  0x0800dd60     0xd6  FltSub.o [4]
  .text               ro code  0x0800de38      0xc  errno.o [3]
  .text               ro code  0x0800de44     0x10  stm32l1xx_hal_pwr_ex.o [1]
  .text               ro code  0x0800de54    0x3da  stm32l1xx_hal_tim.o [1]
  .text               ro code  0x0800e22e     0x5e  stm32l1xx_hal_tim_ex.o [1]
  .text               ro code  0x0800e28c     0x14  setlocale.o [3]
  .text               ro code  0x0800e2a0     0x60  xencoding_sb.o [3]
  .text               ro code  0x0800e300     0x2c  xgetmemchunk.o [3]
  .text               ro code  0x0800e32c      0x2  I64DivZer.o [5]
  .text               ro code  0x0800e32e      0x2  xtls.o [3]
  .text               ro code  0x0800e330   0x1074  stm32l1xx_hal_pcd.o [1]
  .text               ro code  0x0800f3a4    0x198  usbd_conf.o [1]
  .text               ro code  0x0800f53c    0x2c8  usbd_core.o [1]
  .text               ro code  0x0800f804    0x608  usbd_ctlreq.o [1]
  .text               ro code  0x0800fe0c     0x90  usbd_ioreq.o [1]
  .text               ro code  0x0800fe9c    0x224  tasks.o [1]
  CODE                ro code  0x080100c0     0x94  portasm.o [1]
  .text               ro code  0x08010154     0x40  list.o [1]
  .text               ro code  0x08010194     0x84  stm32l1xx_it.o [1]
  .text               ro code  0x08010218     0x10  cmsis_os.o [1]
  .text               ro code  0x08010228     0x24  port.o [1]
  .rodata             const    0x0801024c     0x80  fix_fft.o [1]
  .text               ro code  0x080102cc     0x64  system_stm32l1xx.o [1]
  .rodata             const    0x08010330     0x48  parser.o [1]
  .rodata             const    0x08010378     0x48  parser.o [1]
  .rodata             const    0x080103c0     0x44  ErrorCodes.o [1]
  .rodata             const    0x08010404     0x44  parser.o [1]
  .rodata             const    0x08010448     0x44  parser.o [1]
  .rodata             const    0x0801048c     0x44  parser.o [1]
  .rodata             const    0x080104d0     0x40  main.o [1]
  .rodata             const    0x08010510     0x40  main.o [1]
  .rodata             const    0x08010550     0x40  parser.o [1]
  .rodata             const    0x08010590     0x40  parser.o [1]
  .rodata             const    0x080105d0     0x40  parser.o [1]
  .rodata             const    0x08010610     0x40  parser.o [1]
  .rodata             const    0x08010650     0x40  parser.o [1]
  .rodata             const    0x08010690     0x40  parser.o [1]
  .text               ro code  0x080106d0     0x40  zero_init3.o [5]
  .rodata             const    0x08010710     0x3c  parser.o [1]
  .rodata             const    0x0801074c     0x3c  parser.o [1]
  .rodata             const    0x08010788     0x3c  parser.o [1]
  .rodata             const    0x080107c4     0x3c  parser.o [1]
  .rodata             const    0x08010800     0x38  parser.o [1]
  .rodata             const    0x08010838     0x38  parser.o [1]
  .rodata             const    0x08010870     0x38  parser.o [1]
  .rodata             const    0x080108a8     0x38  parser.o [1]
  .text               ro code  0x080108e0     0x38  packbits_init_single.o [5]
  .rodata             const    0x08010918     0x34  main.o [1]
  .rodata             const    0x0801094c     0x34  parser.o [1]
  .rodata             const    0x08010980     0x34  parser.o [1]
  .rodata             const    0x080109b4     0x34  parser.o [1]
  .rodata             const    0x080109e8     0x34  parser.o [1]
  .rodata             const    0x08010a1c     0x30  parser.o [1]
  .rodata             const    0x08010a4c     0x30  parser.o [1]
  .rodata             const    0x08010a7c     0x30  parser.o [1]
  .rodata             const    0x08010aac     0x30  parser.o [1]
  .rodata             const    0x08010adc     0x30  parser.o [1]
  .rodata             const    0x08010b0c     0x2c  main.o [1]
  .rodata             const    0x08010b38     0x2c  parser.o [1]
  .rodata             const    0x08010b64     0x2c  parser.o [1]
  .rodata             const    0x08010b90     0x2c  parser.o [1]
  .rodata             const    0x08010bbc     0x2c  parser.o [1]
  .rodata             const    0x08010be8     0x2c  parser.o [1]
  .rodata             const    0x08010c14     0x2c  parser.o [1]
  .rodata             const    0x08010c40     0x2c  parser.o [1]
  .rodata             const    0x08010c6c     0x2c  parser.o [1]
  .rodata             const    0x08010c98     0x28  parser.o [1]
  .rodata             const    0x08010cc0     0x28  parser.o [1]
  .rodata             const    0x08010ce8     0x28  parser.o [1]
  .rodata             const    0x08010d10     0x28  parser.o [1]
  .rodata             const    0x08010d38     0x28  parser.o [1]
  .rodata             const    0x08010d60     0x28  parser.o [1]
  .rodata             const    0x08010d88     0x28  parser.o [1]
  .rodata             const    0x08010db0     0x28  parser.o [1]
  .rodata             const    0x08010dd8     0x28  parser.o [1]
  .rodata             const    0x08010e00     0x28  parser.o [1]
  .rodata             const    0x08010e28     0x28  parser.o [1]
  .rodata             const    0x08010e50     0x28  parser.o [1]
  .rodata             const    0x08010e78     0x28  parser.o [1]
  .rodata             const    0x08010ea0     0x28  parser.o [1]
  .rodata             const    0x08010ec8     0x28  parser.o [1]
  .rodata             const    0x08010ef0     0x28  parser.o [1]
  .rodata             const    0x08010f18     0x28  parser.o [1]
  .rodata             const    0x08010f40     0x28  parser.o [1]
  .rodata             const    0x08010f68     0x28  parser.o [1]
  .rodata             const    0x08010f90     0x28  parser.o [1]
  .rodata             const    0x08010fb8     0x28  parser.o [1]
  .rodata             const    0x08010fe0     0x28  parser.o [1]
  .rodata             const    0x08011008     0x28  parser.o [1]
  .rodata             const    0x08011030     0x28  parser.o [1]
  .rodata             const    0x08011058     0x28  parser.o [1]
  .rodata             const    0x08011080     0x28  parser.o [1]
  .rodata             const    0x080110a8     0x28  parser.o [1]
  .rodata             const    0x080110d0     0x28  parser.o [1]
  .rodata             const    0x080110f8     0x28  parser.o [1]
  .rodata             const    0x08011120     0x28  parser.o [1]
  .rodata             const    0x08011148     0x28  parser.o [1]
  .rodata             const    0x08011170     0x28  parser.o [1]
  .rodata             const    0x08011198     0x28  parser.o [1]
  .text               ro code  0x080111c0     0x28  data_init.o [5]
  .rodata             const    0x080111e8     0x24  parser.o [1]
  .rodata             const    0x0801120c     0x24  parser.o [1]
  .rodata             const    0x08011230     0x24  parser.o [1]
  .rodata             const    0x08011254     0x24  parser.o [1]
  .rodata             const    0x08011278     0x24  parser.o [1]
  .rodata             const    0x0801129c     0x24  parser.o [1]
  .rodata             const    0x080112c0     0x24  parser.o [1]
  .rodata             const    0x080112e4     0x24  parser.o [1]
  .iar.init_table     const    0x08011308     0x20  - Linker created -
  .rodata             const    0x08011328     0x20  bgm111.o [1]
  .rodata             const    0x08011348     0x20  parser.o [1]
  .rodata             const    0x08011368     0x20  parser.o [1]
  .rodata             const    0x08011388     0x20  parser.o [1]
  .rodata             const    0x080113a8     0x20  parser.o [1]
  .rodata             const    0x080113c8     0x20  parser.o [1]
  .rodata             const    0x080113e8     0x20  parser.o [1]
  .rodata             const    0x08011408     0x20  parser.o [1]
  .rodata             const    0x08011428     0x20  parser.o [1]
  .rodata             const    0x08011448     0x20  parser.o [1]
  .rodata             const    0x08011468     0x20  parser.o [1]
  .rodata             const    0x08011488     0x20  parser.o [1]
  .rodata             const    0x080114a8     0x1c  app_data.o [1]
  .rodata             const    0x080114c4     0x1c  bgm111.o [1]
  .rodata             const    0x080114e0     0x1c  ErrorCodes.o [1]
  .rodata             const    0x080114fc     0x1c  parser.o [1]
  .text               ro code  0x08011518     0x1a  cmain.o [5]
  .text               ro code  0x08011532      0x4  low_level_init.o [3]
  .text               ro code  0x08011536      0x4  exit.o [3]
  .text               ro code  0x0801153c      0xa  cexit.o [5]
  .text               ro code  0x08011548     0x14  exit.o [6]
  .rodata             const    0x0801155c     0x18  app_data.o [1]
  .rodata             const    0x08011574     0x18  parser.o [1]
  .rodata             const    0x0801158c     0x18  parser.o [1]
  .rodata             const    0x080115a4     0x18  parser.o [1]
  .rodata             const    0x080115bc     0x18  parser.o [1]
  .rodata             const    0x080115d4     0x18  parser.o [1]
  .rodata             const    0x080115ec     0x18  parser.o [1]
  .rodata             const    0x08011604     0x18  parser.o [1]
  .rodata             const    0x0801161c     0x18  parser.o [1]
  .rodata             const    0x08011634     0x18  parser.o [1]
  .rodata             const    0x0801164c     0x18  parser.o [1]
  .rodata             const    0x08011664     0x18  parser.o [1]
  .rodata             const    0x0801167c     0x14  app_data.o [1]
  .rodata             const    0x08011690     0x14  ErrorCodes.o [1]
  .rodata             const    0x080116a4     0x14  gpio.o [1]
  .rodata             const    0x080116b8     0x14  parser.o [1]
  .rodata             const    0x080116cc     0x14  parser.o [1]
  .rodata             const    0x080116e0     0x14  parser.o [1]
  .rodata             const    0x080116f4     0x14  parser.o [1]
  .rodata             const    0x08011708     0x14  parser.o [1]
  .rodata             const    0x0801171c     0x14  parser.o [1]
  .rodata             const    0x08011730     0x14  parser.o [1]
  .rodata             const    0x08011744     0x14  parser.o [1]
  .rodata             const    0x08011758     0x14  parser.o [1]
  .rodata             const    0x0801176c     0x10  app_data.o [1]
  .rodata             const    0x0801177c     0x10  bgm111.o [1]
  .rodata             const    0x0801178c     0x10  bgm111.o [1]
  .rodata             const    0x0801179c     0x10  main.o [1]
  .rodata             const    0x080117ac     0x10  parser.o [1]
  .rodata             const    0x080117bc     0x10  parser.o [1]
  .rodata             const    0x080117cc     0x10  parser.o [1]
  .rodata             const    0x080117dc     0x10  parser.o [1]
  .rodata             const    0x080117ec     0x10  parser.o [1]
  .rodata             const    0x080117fc     0x10  parser.o [1]
  .rodata             const    0x0801180c     0x10  parser.o [1]
  .rodata             const    0x0801181c     0x10  system_stm32l1xx.o [1]
  .text               ro code  0x0801182c     0x10  startup_stm32l152xe.o [1]
  .rodata             const    0x0801183c      0xc  bgm111.o [1]
  .rodata             const    0x08011848      0xc  bgm111.o [1]
  .rodata             const    0x08011854      0xc  parser.o [1]
  .rodata             const    0x08011860      0xc  parser.o [1]
  .rodata             const    0x0801186c      0xc  parser.o [1]
  .rodata             const    0x08011878      0xc  parser.o [1]
  .rodata             const    0x08011884      0xc  parser.o [1]
  .rodata             const    0x08011890      0xc  parser.o [1]
  .rodata             const    0x0801189c      0xc  parser.o [1]
  .rodata             const    0x080118a8      0xc  stm32l1xx_hal_rcc.o [1]
  .text               ro code  0x080118b4      0xc  cstartup_M.o [5]
  .rodata             const    0x080118c0      0x8  app_data.o [1]
  .rodata             const    0x080118c8      0x8  barometer.o [1]
  .rodata             const    0x080118d0      0x8  barometer.o [1]
  .rodata             const    0x080118d8      0x8  barometer.o [1]
  .rodata             const    0x080118e0      0x8  barometer.o [1]
  .rodata             const    0x080118e8      0x8  barometer.o [1]
  .rodata             const    0x080118f0      0x8  ErrorCodes.o [1]
  .rodata             const    0x080118f8      0x8  ErrorCodes.o [1]
  .rodata             const    0x08011900      0x8  ErrorCodes.o [1]
  .rodata             const    0x08011908      0x8  ErrorCodes.o [1]
  .rodata             const    0x08011910      0x8  ErrorCodes.o [1]
  .rodata             const    0x08011918      0x8  ErrorCodes.o [1]
  .rodata             const    0x08011920      0x8  ErrorCodes.o [1]
  .rodata             const    0x08011928      0x8  ErrorCodes.o [1]
  .rodata             const    0x08011930      0x8  ErrorCodes.o [1]
  .rodata             const    0x08011938      0x8  ErrorCodes.o [1]
  .rodata             const    0x08011940      0x8  ErrorCodes.o [1]
  .rodata             const    0x08011948      0x8  ErrorCodes.o [1]
  .rodata             const    0x08011950      0x8  ErrorCodes.o [1]
  .rodata             const    0x08011958      0x8  ErrorCodes.o [1]
  .rodata             const    0x08011960      0x8  ErrorCodes.o [1]
  .rodata             const    0x08011968      0x8  ErrorCodes.o [1]
  .rodata             const    0x08011970      0x8  ErrorCodes.o [1]
  .rodata             const    0x08011978      0x8  ErrorCodes.o [1]
  .rodata             const    0x08011980      0x8  GridEye.o [1]
  .rodata             const    0x08011988      0x8  GridEye.o [1]
  .rodata             const    0x08011990      0x8  GridEye.o [1]
  .rodata             const    0x08011998      0x8  Humidity.o [1]
  .rodata             const    0x080119a0      0x8  Humidity.o [1]
  .rodata             const    0x080119a8      0x8  Humidity.o [1]
  .rodata             const    0x080119b0      0x8  Humidity.o [1]
  .rodata             const    0x080119b8      0x8  main.o [1]
  .rodata             const    0x080119c0      0x8  main.o [1]
  .rodata             const    0x080119c8      0x8  parser.o [1]
  .rodata             const    0x080119d0      0x8  parser.o [1]
  .rodata             const    0x080119d8      0x8  parser.o [1]
  .rodata             const    0x080119e0      0x8  Rd_Sound.o [1]
  .rodata             const    0x080119e8      0x8  RGBLight.o [1]
  .rodata             const    0x080119f0      0x8  RGBLight.o [1]
  .rodata             const    0x080119f8      0x8  system_stm32l1xx.o [1]
  .rodata             const    0x08011a00      0x8  Temperature.o [1]
  .rodata             const    0x08011a08      0x8  Temperature.o [1]
  .rodata             const    0x08011a10      0x8  Temperature.o [1]
  .rodata             const    0x08011a18      0x8  VMonitor.o [1]
  .rodata             const    0x08011a20      0x8  VMonitor.o [1]
  .rodata             const    0x08011a28      0x8  VMonitor.o [1]
  .rodata             const    0x08011a30      0x8  VMonitor.o [1]
  .rodata             const    0x08011a38      0x8  VMonitor.o [1]
  .rodata             const    0x08011a40      0x4  stm32l1xx_hal_rcc.o [1]
  .text               ro code  0x08011a44      0x4  startup_stm32l152xe.o [1]
  .text               ro code  0x08011a48      0x4  startup_stm32l152xe.o [1]
  .text               ro code  0x08011a4c      0x4  startup_stm32l152xe.o [1]
  .text               ro code  0x08011a50      0x4  startup_stm32l152xe.o [1]
  .text               ro code  0x08011a54      0x4  startup_stm32l152xe.o [1]
  .text               ro code  0x08011a58      0x4  startup_stm32l152xe.o [1]
  .text               ro code  0x08011a5c      0x4  startup_stm32l152xe.o [1]
  .text               ro code  0x08011a60      0x4  startup_stm32l152xe.o [1]
  .text               ro code  0x08011a64      0x4  startup_stm32l152xe.o [1]
  .text               ro code  0x08011a68      0x4  startup_stm32l152xe.o [1]
  .text               ro code  0x08011a6c      0x4  startup_stm32l152xe.o [1]
  .text               ro code  0x08011a70      0x4  startup_stm32l152xe.o [1]
  .text               ro code  0x08011a74      0x4  startup_stm32l152xe.o [1]
  .text               ro code  0x08011a78      0x4  startup_stm32l152xe.o [1]
  .text               ro code  0x08011a7c      0x4  startup_stm32l152xe.o [1]
  .text               ro code  0x08011a80      0x4  startup_stm32l152xe.o [1]
  .text               ro code  0x08011a84      0x4  startup_stm32l152xe.o [1]
  .text               ro code  0x08011a88      0x4  startup_stm32l152xe.o [1]
  .text               ro code  0x08011a8c      0x4  startup_stm32l152xe.o [1]
  .text               ro code  0x08011a90      0x4  startup_stm32l152xe.o [1]
  .text               ro code  0x08011a94      0x4  startup_stm32l152xe.o [1]
  .text               ro code  0x08011a98      0x4  startup_stm32l152xe.o [1]
  .text               ro code  0x08011a9c      0x4  startup_stm32l152xe.o [1]
  .text               ro code  0x08011aa0      0x4  startup_stm32l152xe.o [1]
  .text               ro code  0x08011aa4      0x4  startup_stm32l152xe.o [1]
  .text               ro code  0x08011aa8      0x4  startup_stm32l152xe.o [1]
  .text               ro code  0x08011aac      0x4  startup_stm32l152xe.o [1]
  .text               ro code  0x08011ab0      0x4  startup_stm32l152xe.o [1]
  .text               ro code  0x08011ab4      0x4  startup_stm32l152xe.o [1]
  .text               ro code  0x08011ab8      0x4  startup_stm32l152xe.o [1]
  .text               ro code  0x08011abc      0x4  startup_stm32l152xe.o [1]
  .text               ro code  0x08011ac0      0x4  startup_stm32l152xe.o [1]
  .text               ro code  0x08011ac4      0x4  startup_stm32l152xe.o [1]
  .text               ro code  0x08011ac8      0x4  startup_stm32l152xe.o [1]
  .text               ro code  0x08011acc      0x4  startup_stm32l152xe.o [1]
  .text               ro code  0x08011ad0      0x4  startup_stm32l152xe.o [1]
  .text               ro code  0x08011ad4      0x4  startup_stm32l152xe.o [1]
  .text               ro code  0x08011ad8      0x4  startup_stm32l152xe.o [1]
  .text               ro code  0x08011adc      0x4  startup_stm32l152xe.o [1]
  .text               ro code  0x08011ae0      0x4  startup_stm32l152xe.o [1]
  .text               ro code  0x08011ae4      0x4  startup_stm32l152xe.o [1]
  .text               ro code  0x08011ae8      0x4  startup_stm32l152xe.o [1]
  .text               ro code  0x08011aec      0x4  startup_stm32l152xe.o [1]
  .text               ro code  0x08011af0      0x4  startup_stm32l152xe.o [1]
  .text               ro code  0x08011af4      0x4  startup_stm32l152xe.o [1]
  .text               ro code  0x08011af8      0x4  startup_stm32l152xe.o [1]
  .text               ro code  0x08011afc      0x4  startup_stm32l152xe.o [1]
  .text               ro code  0x08011b00      0x4  startup_stm32l152xe.o [1]
  .text               ro code  0x08011b04      0x4  startup_stm32l152xe.o [1]
  .text               ro code  0x08011b08      0x4  startup_stm32l152xe.o [1]
  .text               ro code  0x08011b0c      0x4  startup_stm32l152xe.o [1]
  .rodata             const    0x08011b10      0x0  zero_init3.o [5]
  .rodata             const    0x08011b10      0x0  packbits_init_single.o [5]
  Initializer bytes   const    0x08011b10     0x54  <for P2-1>
                             - 0x08011b64  0x11a40

"P2", part 1 of 3:                           0x14c
  P2-1                         0x20000000    0x14c  <Init block>
    .data             inited   0x20000000      0xc  adc.o [1]
    .data             inited   0x2000000c      0x4  bgm111.o [1]
    .data             inited   0x20000010      0x4  bgm111.o [1]
    .data             inited   0x20000014     0x24  gpio.o [1]
    .data             inited   0x20000038      0x4  system_stm32l1xx.o [1]
    .data             inited   0x2000003c      0x4  tim.o [1]
    .data             inited   0x20000040      0x4  tim.o [1]
    .data             inited   0x20000044      0x4  tim.o [1]
    .data             inited   0x20000048      0x4  usart.o [1]
    __DLIB_PERTHREAD  inited   0x2000004c     0x88  localeconv.o [3]
    __DLIB_PERTHREAD  inited   0x200000d4      0x4  errno.o [3]
    __DLIB_PERTHREAD  inited   0x200000d8     0x74  setlocale.o [3]
                             - 0x2000014c    0x14c

"P2", part 2 of 3:                          0x1000
  CSTACK                       0x20000150   0x1000  <Block>
    CSTACK            uninit   0x20000150   0x1000  <Block tail>
  HEAP                         0x20001150      0x0  <Block>
                             - 0x20001150   0x1000

"P2", part 3 of 3:                          0x23b8
  .bss                zero     0x20001150    0xf78  bgm111.o [1]
  .bss                zero     0x200020c8    0x324  bgm111.o [1]
  .bss                zero     0x200023ec    0x324  ErrorCodes.o [1]
  .bss                zero     0x20002710    0x248  app_data.o [1]
  .bss                zero     0x20002958    0x248  app_data.o [1]
  .bss                zero     0x20002ba0    0x220  usbd_conf.o [1]
  .bss                zero     0x20002dc0    0x19c  bgm111.o [1]
  .bss                zero     0x20002f5c     0x8c  tasks.o [1]
  .bss                zero     0x20002fe8     0x84  bgm111.o [1]
  .bss                zero     0x2000306c     0x84  bgm111.o [1]
  .bss                zero     0x200030f0     0x80  Rd_Sound.o [1]
  .bss                zero     0x20003170     0x80  Rd_Sound.o [1]
  .bss                zero     0x200031f0     0x80  Rd_Sound.o [1]
  .bss                zero     0x20003270     0x54  adc.o [1]
  .bss                zero     0x200032c4     0x40  usart.o [1]
  .bss                zero     0x20003304     0x40  usart.o [1]
  .bss                zero     0x20003344     0x3c  i2c.o [1]
  .bss                zero     0x20003380     0x38  adc.o [1]
  .bss                zero     0x200033b8     0x38  stm32l1xx_hal_timebase_TIM.o [1]
  .bss                zero     0x200033f0     0x38  tim.o [1]
  .bss                zero     0x20003428     0x38  tim.o [1]
  .bss                zero     0x20003460     0x28  usart.o [1]
  .bss                zero     0x20003488      0xc  adc.o [1]
  .bss                zero     0x20003494      0x8  app_data.o [1]
  .bss                zero     0x2000349c      0x8  xxmemxmalloc.o [3]
  .bss                zero     0x200034a4      0x4  app_data.o [1]
  .bss                zero     0x200034a8      0x4  bgm111.o [1]
  .bss                zero     0x200034ac      0x4  bgm111.o [1]
  .bss                zero     0x200034b0      0x4  bgm111.o [1]
  .bss                zero     0x200034b4      0x4  bgm111.o [1]
  .bss                zero     0x200034b8      0x4  bgm111.o [1]
  .bss                zero     0x200034bc      0x4  stm32l1xx_hal.o [1]
  .bss                zero     0x200034c0      0x4  tasks.o [1]
  .bss                zero     0x200034c4      0x4  tasks.o [1]
  .bss                zero     0x200034c8      0x4  tasks.o [1]
  .bss                zero     0x200034cc      0x4  tasks.o [1]
  .bss                zero     0x200034d0      0x4  tasks.o [1]
  .bss                zero     0x200034d4      0x4  tasks.o [1]
  .bss                zero     0x200034d8      0x4  tasks.o [1]
  .bss                zero     0x200034dc      0x4  tasks.o [1]
  .bss                zero     0x200034e0      0x4  tasks.o [1]
  .bss                zero     0x200034e4      0x4  tasks.o [1]
  .bss                zero     0x200034e8      0x4  tasks.o [1]
  .bss                zero     0x200034ec      0x4  usart.o [1]
  .bss                zero     0x200034f0      0x4  usart.o [1]
  .bss                zero     0x200034f4      0x4  xgetmemchunk.o [3]
  .bss                zero     0x200034f8      0x2  app_data.o [1]
  .bss                zero     0x200034fa      0x2  app_data.o [1]
  .bss                zero     0x200034fc      0x1  adc.o [1]
  .bss                zero     0x200034fd      0x1  adc.o [1]
  .bss                zero     0x200034fe      0x1  adc.o [1]
  .bss                zero     0x200034ff      0x1  bgm111.o [1]
  .bss                zero     0x20003500      0x1  bgm111.o [1]
  .bss                zero     0x20003501      0x1  bgm111.o [1]
  .bss                zero     0x20003502      0x1  tim.o [1]
  .bss                zero     0x20003503      0x1  tim.o [1]
  .bss                zero     0x20003504      0x1  usart.o [1]
  .bss                zero     0x20003505      0x1  usart.o [1]
  .bss                zero     0x20003506      0x1  usart.o [1]
  .bss                zero     0x20003507      0x1  usbd_ctlreq.o [1]
                             - 0x20003508   0x23b8


*******************************************************************************
*** INIT TABLE
***

          Address     Size
          -------     ----
Zero (__iar_zero_init3)
    1 destination range, total size 0x23b8:
          0x20001150  0x23b8

Copy/packbits (__iar_packbits_init_single3)
    1 source range, total size 0x54 (25% of destination):
          0x08011b10    0x54
    1 destination range, total size 0x14c:
          0x20000000   0x14c



*******************************************************************************
*** MODULE SUMMARY
***

    Module                        ro code  ro data  rw data
    ------                        -------  -------  -------
D:\GoogleDriveCLT\GoogleDrive\WeatherCloud\Roadboard\Software\Road-Board-December-2016\EWARM\Road Brd MSTR Rev L\Obj: [1]
    ErrorCodes.o                      200      260      804
    GridEye.o                       3 480       24
    Humidity.o                      1 736       32
    RGBLight.o                        836       16
    Rd_Sound.o                        560        8      384
    Temperature.o                     364       24
    VMonitor.o                      1 216       40
    adc.o                             700        3      167
    app_data.o                      3 832       96    1 184
    barometer.o                       504       40
    bgm111.o                        2 004      118    5 471
    cmsis_os.o                         16
    dma.o                              48
    fix_fft.o                         604      128
    gecko_bglib.o                     428
    gpio.o                            452       29       36
    i2c.o                           1 244                60
    list.o                             64
    lps25hb.o                         584
    main.o                          1 182      256
    parser.o                        7 762    4 648
    port.o                             36
    portasm.o                         148
    startup_stm32l152xe.o             512
    stm32l1xx_hal.o                    72                 4
    stm32l1xx_hal_adc.o             2 090
    stm32l1xx_hal_cortex.o            432
    stm32l1xx_hal_dma.o             3 838
    stm32l1xx_hal_gpio.o              888
    stm32l1xx_hal_i2c.o             4 120
    stm32l1xx_hal_msp.o               152
    stm32l1xx_hal_pcd.o             4 212
    stm32l1xx_hal_pwr_ex.o             16
    stm32l1xx_hal_rcc.o             3 284       16
    stm32l1xx_hal_tim.o               986
    stm32l1xx_hal_tim_ex.o             94
    stm32l1xx_hal_timebase_TIM.o      144                56
    stm32l1xx_hal_uart.o            2 280
    stm32l1xx_it.o                    132
    system_stm32l1xx.o                100       25        4
    tasks.o                           548               184
    tim.o                             548        3      126
    usart.o                         1 212        1      183
    usbd_conf.o                       408               544
    usbd_core.o                       712
    usbd_ctlreq.o                   1 544                 1
    usbd_ioreq.o                      144
    -------------------------------------------------------
    Total:                         56 468    5 767    9 208

command line: [2]
    -------------------------------------------------------
    Total:

dl7M_tlf.a: [3]
    div.o                              14
    errno.o                            12        1        4
    exit.o                              4
    localeconv.o                      108       34      136
    low_level_init.o                    4
    setlocale.o                        20       30      116
    sprintf.o                          52
    strcat.o                           28
    xencoding_sb.o                     96
    xgetmemchunk.o                     44                 4
    xmbcurmax.o                        10
    xmbtowc.o                          32
    xprintffull.o                   4 510
    xsprout.o                          10
    xtls.o                              2
    xwctomb.o                          26
    xxmemxfree.o                      128
    xxmemxmalloc.o                    176                 8
    -------------------------------------------------------
    Total:                          5 276       65      268

m7M_tl.a: [4]
    DblAdd.o                          232
    DblCmpGe.o                         46
    DblCmpLe.o                         46
    DblDiv.o                          598
    DblMul.o                          418
    DblSub.o                          384
    DblToFlt.o                        144
    DblToI32.o                         88
    FltAdd.o                          132
    FltCmpGe.o                         36
    FltDiv.o                          252
    FltMul.o                          216
    FltSub.o                          214
    FltToDbl.o                         78
    FltToS32.o                         68
    I32ToDbl.o                         48
    I32ToFlt.o                         50
    modf.o                            184
    round.o                            68
    sqrt.o                            240
    xdint.o                           122
    xdnorm.o                           68
    xdscale.o                         268
    -------------------------------------------------------
    Total:                          4 000

rt7M_tl.a: [5]
    ABImemcpy_unaligned.o             118
    I64DivMod.o                       238
    I64DivZer.o                         2
    cexit.o                            10
    cmain.o                            26
    cstartup_M.o                       12
    data_init.o                        40
    iarEdom.o                          12
    memchr.o                           88
    packbits_init_single.o             56
    strchr.o                           22
    strcmp_unaligned.o                 66
    strcpy_unaligned.o                 68
    strlen.o                           54
    zero_init3.o                       64
    -------------------------------------------------------
    Total:                            876

shb_l.a: [6]
    exit.o                             20
    -------------------------------------------------------
    Total:                             20

    Gaps                               44
    Linker created                              32    4 096
-----------------------------------------------------------
    Grand Total:                   66 684    5 864   13 572


*******************************************************************************
*** ENTRY LIST
***

Entry                      Address    Size  Type      Object
-----                      -------    ----  ----      ------
.iar.init_table$$Base   0x08011308           --   Gb  - Linker created -
.iar.init_table$$Limit  0x08011328           --   Gb  - Linker created -
?main                   0x08011519          Code  Gb  cmain.o [5]
ADC_Channel             0x200034fe     0x1  Data  Lc  adc.o [1]
ADC_Config              0x08005f7f    0xbe  Code  Gb  adc.o [1]
ADC_ConversionStop_Disable
                        0x0800b181    0x4a  Code  Gb  stm32l1xx_hal_adc.o [1]
ADC_DMAConvCplt         0x0800b1cd    0x6e  Code  Lc  stm32l1xx_hal_adc.o [1]
ADC_DMAError            0x0800b24d    0x1e  Code  Lc  stm32l1xx_hal_adc.o [1]
ADC_DMAHalfConvCplt     0x0800b23d     0xe  Code  Lc  stm32l1xx_hal_adc.o [1]
ADC_Enable              0x0800b0e3    0x72  Code  Gb  stm32l1xx_hal_adc.o [1]
AHBPrescTable           0x0801181c    0x10  Data  Gb  system_stm32l1xx.o [1]
APBPrescTable           0x080119f8     0x8  Data  Gb  system_stm32l1xx.o [1]
BGM111_Connected        0x08007a69     0xa  Code  Gb  bgm111.o [1]
BGM111_Init             0x08007833    0x32  Code  Gb  bgm111.o [1]
BGM111_LowLevel_Init    0x08007753    0x20  Code  Gb  bgm111.o [1]
BGM111_Peek             0x08007829     0xa  Code  Gb  bgm111.o [1]
BGM111_ProcessInput     0x08007865   0x1d0  Code  Gb  bgm111.o [1]
BGM111_Ready            0x08007a5f     0xa  Code  Gb  bgm111.o [1]
BGM111_Receive          0x080077cb    0x5e  Code  Gb  bgm111.o [1]
BGM111_Transmit         0x08007af9    0xea  Code  Gb  bgm111.o [1]
BGM111_UART_IRQHandler  0x08007a73    0x84  Code  Gb  bgm111.o [1]
BGM111_WriteCharacteristic
                        0x08007a35    0x2a  Code  Gb  bgm111.o [1]
BufFree                 0x080077b1    0x1a  Code  Gb  bgm111.o [1]
BufUsed                 0x0800779f    0x12  Code  Gb  bgm111.o [1]
CSTACK$$Base            0x20000150           --   Gb  - Linker created -
CSTACK$$Limit           0x20001150           --   Gb  - Linker created -
Clear_Timer2_Flg        0x0800d001     0x8  Code  Gb  tim.o [1]
Clr_HeartBeat           0x080036ed     0x8  Code  Gb  app_data.o [1]
Clr_HrtBeat_Cnt         0x080036cf     0x8  Code  Gb  app_data.o [1]
CodesArray              0x080103c0    0x44  Data  Gb  ErrorCodes.o [1]
DMA1_Channel1_IRQHandler
                        0x0801019d     0xa  Code  Gb  stm32l1xx_it.o [1]
DMA_SetConfig           0x0800c149    0x22  Code  Lc  stm32l1xx_hal_dma.o [1]
Error_Handler           0x08007291    0x2e  Code  Gb  main.o [1]
FIX_MPY                 0x0800c16b    0x1c  Code  Gb  fix_fft.o [1]
Get_DriverStates        0x080035f9    0x54  Code  Gb  app_data.o [1]
Get_DriverStatus        0x08003665    0x6a  Code  Gb  app_data.o [1]
HAL_ADC_ConfigChannel   0x0800aefd   0x1e6  Code  Gb  stm32l1xx_hal_adc.o [1]
HAL_ADC_ConvCpltCallback
                        0x080060bb     0xe  Code  Gb  adc.o [1]
HAL_ADC_ConvHalfCpltCallback
                        0x080060f9     0x2  Code  Gb  adc.o [1]
HAL_ADC_DeInit          0x0800ac07   0x134  Code  Gb  stm32l1xx_hal_adc.o [1]
HAL_ADC_ErrorCallback   0x080060fb     0xa  Code  Gb  adc.o [1]
HAL_ADC_Init            0x0800aa41   0x1c6  Code  Gb  stm32l1xx_hal_adc.o [1]
HAL_ADC_MspDeInit       0x08005f57    0x28  Code  Gb  adc.o [1]
HAL_ADC_MspInit         0x08005ed1    0x86  Code  Gb  adc.o [1]
HAL_ADC_Start           0x0800ad3b    0x88  Code  Gb  stm32l1xx_hal_adc.o [1]
HAL_ADC_Start_DMA       0x0800adc3    0xcc  Code  Gb  stm32l1xx_hal_adc.o [1]
HAL_ADC_Stop_DMA        0x0800ae8f    0x6e  Code  Gb  stm32l1xx_hal_adc.o [1]
HAL_DMA_Abort           0x0800b7a7    0x54  Code  Gb  stm32l1xx_hal_dma.o [1]
HAL_DMA_DeInit          0x0800b2c5   0x43e  Code  Gb  stm32l1xx_hal_dma.o [1]
HAL_DMA_IRQHandler      0x0800b801   0x906  Code  Gb  stm32l1xx_hal_dma.o [1]
HAL_DMA_Init            0x0800b26d    0x58  Code  Gb  stm32l1xx_hal_dma.o [1]
HAL_DMA_Start_IT        0x0800b739    0x6e  Code  Gb  stm32l1xx_hal_dma.o [1]
HAL_Delay               0x08009725    0x1a  Code  Wk  stm32l1xx_hal.o [1]
HAL_GPIO_DeInit         0x08007493   0x13c  Code  Gb  stm32l1xx_hal_gpio.o [1]
HAL_GPIO_Init           0x080072c1   0x1d2  Code  Gb  stm32l1xx_hal_gpio.o [1]
HAL_GPIO_ReadPin        0x080075cf    0x18  Code  Gb  stm32l1xx_hal_gpio.o [1]
HAL_GPIO_TogglePin      0x080075fb     0xa  Code  Gb  stm32l1xx_hal_gpio.o [1]
HAL_GPIO_WritePin       0x080075e7    0x14  Code  Gb  stm32l1xx_hal_gpio.o [1]
HAL_GetTick             0x0800971f     0x6  Code  Wk  stm32l1xx_hal.o [1]
HAL_I2C_ER_IRQHandler   0x0800a2ad    0xce  Code  Gb  stm32l1xx_hal_i2c.o [1]
HAL_I2C_EV_IRQHandler   0x0800a179   0x134  Code  Gb  stm32l1xx_hal_i2c.o [1]
HAL_I2C_ErrorCallback   0x0800a387     0x2  Code  Wk  stm32l1xx_hal_i2c.o [1]
HAL_I2C_GetError        0x0800a38f     0x4  Code  Gb  stm32l1xx_hal_i2c.o [1]
HAL_I2C_GetState        0x0800a389     0x6  Code  Gb  stm32l1xx_hal_i2c.o [1]
HAL_I2C_Init            0x08009a29   0x172  Code  Gb  stm32l1xx_hal_i2c.o [1]
HAL_I2C_MasterRxCpltCallback
                        0x0800a37d     0x2  Code  Wk  stm32l1xx_hal_i2c.o [1]
HAL_I2C_MasterTxCpltCallback
                        0x0800a37b     0x2  Code  Wk  stm32l1xx_hal_i2c.o [1]
HAL_I2C_Master_Receive  0x08009cd3   0x256  Code  Gb  stm32l1xx_hal_i2c.o [1]
HAL_I2C_Master_Receive_IT
                        0x0800a00f   0x14e  Code  Gb  stm32l1xx_hal_i2c.o [1]
HAL_I2C_Master_Transmit
                        0x08009b9b   0x138  Code  Gb  stm32l1xx_hal_i2c.o [1]
HAL_I2C_Master_Transmit_IT
                        0x08009f29    0xe6  Code  Gb  stm32l1xx_hal_i2c.o [1]
HAL_I2C_MemRxCpltCallback
                        0x0800a385     0x2  Code  Wk  stm32l1xx_hal_i2c.o [1]
HAL_I2C_MemTxCpltCallback
                        0x0800a383     0x2  Code  Wk  stm32l1xx_hal_i2c.o [1]
HAL_I2C_MspInit         0x0800581f    0x50  Code  Gb  i2c.o [1]
HAL_I2C_SlaveRxCpltCallback
                        0x0800a381     0x2  Code  Wk  stm32l1xx_hal_i2c.o [1]
HAL_I2C_SlaveTxCpltCallback
                        0x0800a37f     0x2  Code  Wk  stm32l1xx_hal_i2c.o [1]
HAL_IncTick             0x08009713     0xc  Code  Wk  stm32l1xx_hal.o [1]
HAL_Init                0x080096fd    0x16  Code  Gb  stm32l1xx_hal.o [1]
HAL_InitTick            0x0800dbbd    0x80  Code  Gb  stm32l1xx_hal_timebase_TIM.o [1]
HAL_MspInit             0x0800dc4d    0x98  Code  Gb  stm32l1xx_hal_msp.o [1]
HAL_NVIC_DisableIRQ     0x08005dd9     0xe  Code  Gb  stm32l1xx_hal_cortex.o [1]
HAL_NVIC_EnableIRQ      0x08005dcb     0xe  Code  Gb  stm32l1xx_hal_cortex.o [1]
HAL_NVIC_SetPriority    0x08005da5    0x26  Code  Gb  stm32l1xx_hal_cortex.o [1]
HAL_NVIC_SetPriorityGrouping
                        0x08005d99     0xc  Code  Gb  stm32l1xx_hal_cortex.o [1]
HAL_NVIC_SystemReset    0x08005de7     0x8  Code  Gb  stm32l1xx_hal_cortex.o [1]
HAL_PCD_DataInStageCallback
                        0x0800f3dd    0x20  Code  Gb  usbd_conf.o [1]
HAL_PCD_DataOutStageCallback
                        0x0800f3bb    0x22  Code  Gb  usbd_conf.o [1]
HAL_PCD_EP_ClrStall     0x0800f29b   0x10a  Code  Gb  stm32l1xx_hal_pcd.o [1]
HAL_PCD_EP_Open         0x0800e94d   0x476  Code  Gb  stm32l1xx_hal_pcd.o [1]
HAL_PCD_EP_Receive      0x0800edc3   0x1ac  Code  Gb  stm32l1xx_hal_pcd.o [1]
HAL_PCD_EP_SetStall     0x0800f1bd    0xde  Code  Gb  stm32l1xx_hal_pcd.o [1]
HAL_PCD_EP_Transmit     0x0800ef6f   0x24e  Code  Gb  stm32l1xx_hal_pcd.o [1]
HAL_PCD_IRQHandler      0x0800e7d7   0x144  Code  Gb  stm32l1xx_hal_pcd.o [1]
HAL_PCD_ResetCallback   0x0800f40b    0x2c  Code  Gb  usbd_conf.o [1]
HAL_PCD_ResumeCallback  0x0800f457     0xe  Code  Gb  usbd_conf.o [1]
HAL_PCD_SOFCallback     0x0800f3fd     0xe  Code  Gb  usbd_conf.o [1]
HAL_PCD_SetAddress      0x0800e91b    0x32  Code  Gb  stm32l1xx_hal_pcd.o [1]
HAL_PCD_SetupStageCallback
                        0x0800f3a5    0x16  Code  Gb  usbd_conf.o [1]
HAL_PCD_SuspendCallback
                        0x0800f437    0x20  Code  Gb  usbd_conf.o [1]
HAL_PWREx_GetVoltageRange
                        0x0800de45     0xa  Code  Gb  stm32l1xx_hal_pwr_ex.o [1]
HAL_RCC_ClockConfig     0x0800c9bf   0x2a0  Code  Gb  stm32l1xx_hal_rcc.o [1]
HAL_RCC_GetClockConfig  0x0800cd65    0x3a  Code  Gb  stm32l1xx_hal_rcc.o [1]
HAL_RCC_GetHCLKFreq     0x0800cd09     0x6  Code  Gb  stm32l1xx_hal_rcc.o [1]
HAL_RCC_GetPCLK1Freq    0x0800cd0f    0x20  Code  Gb  stm32l1xx_hal_rcc.o [1]
HAL_RCC_GetPCLK2Freq    0x0800cd2f    0x20  Code  Gb  stm32l1xx_hal_rcc.o [1]
HAL_RCC_GetSysClockFreq
                        0x0800cc5f    0xaa  Code  Gb  stm32l1xx_hal_rcc.o [1]
HAL_RCC_OscConfig       0x0800c195   0x82a  Code  Gb  stm32l1xx_hal_rcc.o [1]
HAL_SYSTICK_CLKSourceConfig
                        0x08005dfb    0x22  Code  Gb  stm32l1xx_hal_cortex.o [1]
HAL_SYSTICK_Config      0x08005def     0xc  Code  Gb  stm32l1xx_hal_cortex.o [1]
HAL_TIMEx_MasterConfigSynchronization
                        0x0800e22f    0x5e  Code  Gb  stm32l1xx_hal_tim_ex.o [1]
HAL_TIM_Base_Init       0x0800de55    0x38  Code  Gb  stm32l1xx_hal_tim.o [1]
HAL_TIM_Base_MspInit    0x0800cf63    0x48  Code  Gb  tim.o [1]
HAL_TIM_Base_Start_IT   0x0800de8d    0x1e  Code  Gb  stm32l1xx_hal_tim.o [1]
HAL_TIM_ConfigClockSource
                        0x0800dfe5   0x122  Code  Gb  stm32l1xx_hal_tim.o [1]
HAL_TIM_IC_CaptureCallback
                        0x0800e109     0x2  Code  Wk  stm32l1xx_hal_tim.o [1]
HAL_TIM_IRQHandler      0x0800deab   0x13a  Code  Gb  stm32l1xx_hal_tim.o [1]
HAL_TIM_OC_DelayElapsedCallback
                        0x0800e107     0x2  Code  Wk  stm32l1xx_hal_tim.o [1]
HAL_TIM_PWM_PulseFinishedCallback
                        0x0800e10b     0x2  Code  Wk  stm32l1xx_hal_tim.o [1]
HAL_TIM_PeriodElapsedCallback
                        0x0800cfab    0x56  Code  Gb  tim.o [1]
HAL_TIM_StartTimer2     0x0800d06d    0x12  Code  Gb  tim.o [1]
HAL_TIM_StartTimer3     0x0800d07f    0x12  Code  Gb  tim.o [1]
HAL_TIM_TriggerCallback
                        0x0800e10d     0x2  Code  Wk  stm32l1xx_hal_tim.o [1]
HAL_UART_EnableBGM_RX   0x0800267b    0x32  Code  Gb  usart.o [1]
HAL_UART_EnableBGM_TXE  0x08002669    0x12  Code  Gb  usart.o [1]
HAL_UART_ErrorCallback  0x08002667     0x2  Code  Gb  usart.o [1]
HAL_UART_IRQHandler     0x0800679f   0x11a  Code  Gb  stm32l1xx_hal_uart.o [1]
HAL_UART_Init           0x08006539    0x72  Code  Gb  stm32l1xx_hal_uart.o [1]
HAL_UART_MspInit        0x080022df    0xba  Code  Gb  usart.o [1]
HAL_UART_Receive_IT     0x08006717    0x88  Code  Gb  stm32l1xx_hal_uart.o [1]
HAL_UART_RxCpltCallback
                        0x080025b7    0xb0  Code  Gb  usart.o [1]
HAL_UART_RxCpltCallback::len
                        0x200034f0     0x4  Data  Lc  usart.o [1]
HAL_UART_RxCpltCallback::temp_ptr
                        0x200034ec     0x4  Data  Lc  usart.o [1]
HAL_UART_Transmit       0x080065ab    0xfc  Code  Gb  stm32l1xx_hal_uart.o [1]
HAL_UART_Transmit_IT    0x080066a7    0x70  Code  Gb  stm32l1xx_hal_uart.o [1]
HAL_UART_TxCpltCallback
                        0x0800257b    0x20  Code  Gb  usart.o [1]
HEAP$$Base              0x20001150           --   Gb  - Linker created -
HEAP$$Limit             0x20001150           --   Gb  - Linker created -
HeartBeat_Cnt           0x200034fa     0x2  Data  Lc  app_data.o [1]
I2C1_ER_IRQHandler      0x080101d9     0xa  Code  Gb  stm32l1xx_it.o [1]
I2C1_EV_IRQHandler      0x080101cf     0xa  Code  Gb  stm32l1xx_it.o [1]
I2C_IsAcknowledgeFailed
                        0x0800aa17    0x2a  Code  Lc  stm32l1xx_hal_i2c.o [1]
I2C_MasterReceive_BTF   0x0800a497    0xa6  Code  Lc  stm32l1xx_hal_i2c.o [1]
I2C_MasterReceive_RXNE  0x0800a41b    0x7c  Code  Lc  stm32l1xx_hal_i2c.o [1]
I2C_MasterRequestRead   0x0800a6d9   0x106  Code  Lc  stm32l1xx_hal_i2c.o [1]
I2C_MasterRequestWrite  0x0800a643    0x96  Code  Lc  stm32l1xx_hal_i2c.o [1]
I2C_MasterTransmit_BTF  0x0800a3bf    0x5c  Code  Lc  stm32l1xx_hal_i2c.o [1]
I2C_MasterTransmit_TXE  0x0800a393    0x2c  Code  Lc  stm32l1xx_hal_i2c.o [1]
I2C_SlaveReceive_BTF    0x0800a597    0x1e  Code  Lc  stm32l1xx_hal_i2c.o [1]
I2C_SlaveReceive_RXNE   0x0800a579    0x1e  Code  Lc  stm32l1xx_hal_i2c.o [1]
I2C_SlaveTransmit_BTF   0x0800a55b    0x1e  Code  Lc  stm32l1xx_hal_i2c.o [1]
I2C_SlaveTransmit_TXE   0x0800a53d    0x1e  Code  Lc  stm32l1xx_hal_i2c.o [1]
I2C_Slave_ADDR          0x0800a5b5    0x18  Code  Lc  stm32l1xx_hal_i2c.o [1]
I2C_Slave_AF            0x0800a60f    0x34  Code  Lc  stm32l1xx_hal_i2c.o [1]
I2C_Slave_STOPF         0x0800a5cd    0x42  Code  Lc  stm32l1xx_hal_i2c.o [1]
I2C_WaitBusyFlag        0x08005b11    0x12  Code  Gb  i2c.o [1]
I2C_WaitOnFlagUntilTimeout
                        0x0800a7e9    0xda  Code  Lc  stm32l1xx_hal_i2c.o [1]
I2C_WaitOnMasterAddressFlagUntilTimeout
                        0x0800a8c3    0x9e  Code  Lc  stm32l1xx_hal_i2c.o [1]
I2C_WaitOnRXNEFlagUntilTimeout
                        0x0800a9b3    0x64  Code  Lc  stm32l1xx_hal_i2c.o [1]
I2C_WaitOnTXEFlagUntilTimeout
                        0x0800a961    0x52  Code  Lc  stm32l1xx_hal_i2c.o [1]
InitSensors             0x08002931    0x22  Code  Gb  app_data.o [1]
IsBufFull               0x08007781    0x1e  Code  Gb  bgm111.o [1]
LPS25HB_GetPressure     0x08009109    0x2c  Code  Gb  lps25hb.o [1]
LPS25HB_GetTemperature  0x08009177    0x2e  Code  Gb  lps25hb.o [1]
LPS25HB_I2C_GetRawTemperature
                        0x08009135     0xc  Code  Gb  lps25hb.o [1]
LPS25HB_I2C_ReadRawPressure
                        0x080090bf    0x4a  Code  Lc  lps25hb.o [1]
LPS25HB_I2C_ReadRawTemperature
                        0x08009141    0x36  Code  Lc  lps25hb.o [1]
LPS25HB_Init            0x08008fad   0x112  Code  Gb  lps25hb.o [1]
LPS25HB_PowerOn         0x080091a5    0x48  Code  Lc  lps25hb.o [1]
LoadInt                 0x0800847b    0x70  Code  Lc  xprintffull.o [3]
MX_ADC_Init             0x08005e49    0x88  Code  Gb  adc.o [1]
MX_DMA_Init             0x0800ce69    0x30  Code  Gb  dma.o [1]
MX_GPIO_Init            0x080055f9   0x13a  Code  Gb  gpio.o [1]
MX_I2C1_Init            0x080057bd    0x62  Code  Gb  i2c.o [1]
MX_I2C1_Reset           0x0800586f    0x50  Code  Gb  i2c.o [1]
MX_TIM2_Init            0x0800ce99    0x66  Code  Gb  tim.o [1]
MX_TIM3_Init            0x0800ceff    0x64  Code  Gb  tim.o [1]
MX_USART2_UART_Init     0x0800222d    0x58  Code  Gb  usart.o [1]
MX_USART3_UART_Init     0x08002285    0x5a  Code  Gb  usart.o [1]
ModuleArray             0x080114e0    0x1c  Data  Gb  ErrorCodes.o [1]
NVIC_DisableIRQ         0x08005cd5    0x14  Code  Lc  stm32l1xx_hal_cortex.o [1]
NVIC_EnableIRQ          0x08005cc1    0x14  Code  Lc  stm32l1xx_hal_cortex.o [1]
NVIC_EncodePriority     0x08005d0f    0x3e  Code  Lc  stm32l1xx_hal_cortex.o [1]
NVIC_GetPriorityGrouping
                        0x08005cb7     0xa  Code  Lc  stm32l1xx_hal_cortex.o [1]
NVIC_SetPriority        0x08005ce9    0x26  Code  Lc  stm32l1xx_hal_cortex.o [1]
NVIC_SetPriorityGrouping
                        0x08005c99    0x1e  Code  Lc  stm32l1xx_hal_cortex.o [1]
NVIC_SystemReset        0x08005d4d    0x1c  Code  Lc  stm32l1xx_hal_cortex.o [1]
NextBufIdx              0x08007773     0xe  Code  Gb  bgm111.o [1]
PCD_EP_ISR_Handler      0x0800e331   0x43a  Code  Lc  stm32l1xx_hal_pcd.o [1]
PCD_ReadPMA             0x0800e7ab    0x2c  Code  Lc  stm32l1xx_hal_pcd.o [1]
PCD_WritePMA            0x0800e76b    0x40  Code  Lc  stm32l1xx_hal_pcd.o [1]
PendSV_Handler          0x080100c1          Code  Gb  portasm.o [1]
Proc_Timer2             0x0800d019    0x54  Code  Gb  tim.o [1]
ProcessSensorState      0x08002967   0x9ee  Code  Gb  app_data.o [1]
Process_RdSound         0x08003359    0xfe  Code  Gb  app_data.o [1]
RBIsBufFull             0x08009753    0x1e  Code  Gb  ErrorCodes.o [1]
RBNextBufIdx            0x08009745     0xe  Code  Gb  ErrorCodes.o [1]
RCC_SetFlashLatencyFromMSIRange
                        0x0800cda5    0x90  Code  Lc  stm32l1xx_hal_rcc.o [1]
RdBrdI2C_WaitOnFlagUntilTimeout
                        0x08005b23    0xda  Code  Lc  i2c.o [1]
RdBrd_ErrCdLogErrCd     0x08009771    0x88  Code  Gb  ErrorCodes.o [1]
RdSndTickCnt            0x20000040     0x4  Data  Lc  tim.o [1]
Region$$Table$$Base     0x08011308           --   Gb  - Linker created -
Region$$Table$$Limit    0x08011328           --   Gb  - Linker created -
Reset_DriverStates      0x08003559    0x32  Code  Gb  app_data.o [1]
RoadBrdSnd_ClearImgnryBffr
                        0x08001fb9    0x14  Code  Gb  Rd_Sound.o [1]
RoadBrdSnd_ClrBffrs     0x080021ad    0x20  Code  Gb  Rd_Sound.o [1]
RoadBrdSnd_DumpBin0     0x080020a3    0x40  Code  Gb  Rd_Sound.o [1]
RoadBrdSnd_DumpBin16    0x080020e3    0x42  Code  Gb  Rd_Sound.o [1]
RoadBrdSnd_DumpBin32    0x08002125    0x44  Code  Gb  Rd_Sound.o [1]
RoadBrdSnd_DumpBin48    0x08002169    0x44  Code  Gb  Rd_Sound.o [1]
RoadBrdSnd_ProcessSound
                        0x0800201d    0x86  Code  Gb  Rd_Sound.o [1]
RoadBrdSnd_SampleSound  0x08001fd1    0x4c  Code  Gb  Rd_Sound.o [1]
RoadBrdSnd_getSaveBffr  0x08001fcd     0x4  Code  Gb  Rd_Sound.o [1]
RoadBrd_ADC_PORT        0x20000000     0xc  Data  Gb  adc.o [1]
RoadBrd_ADC_Start       0x0800603d    0x6e  Code  Gb  adc.o [1]
RoadBrd_ADC_Status      0x080060ab    0x10  Code  Gb  adc.o [1]
RoadBrd_Baro_ReadPressure
                        0x0800278d    0x88  Code  Gb  barometer.o [1]
RoadBrd_Baro_ReadTemp   0x08002815    0xa6  Code  Gb  barometer.o [1]
RoadBrd_CoolEyeInit     0x08003829    0x6a  Code  Gb  GridEye.o [1]
RoadBrd_CoolEye_ReadValues
                        0x08003895   0x5b8  Code  Gb  GridEye.o [1]
RoadBrd_Delay           0x08005b07     0xa  Code  Gb  i2c.o [1]
RoadBrd_GetBGPtr        0x080024b1     0x6  Code  Gb  usart.o [1]
RoadBrd_GetBffrFlg      0x080024c1     0x6  Code  Gb  usart.o [1]
RoadBrd_GridEyeInit     0x08003e51    0xd6  Code  Gb  GridEye.o [1]
RoadBrd_GridEyeReset    0x08003f27    0x96  Code  Gb  GridEye.o [1]
RoadBrd_GridEye_ReadValues
                        0x08003fbd   0x5d0  Code  Gb  GridEye.o [1]
RoadBrd_HumidityInit    0x08004a81    0xa6  Code  Gb  Humidity.o [1]
RoadBrd_Humidity_ReadHumidity
                        0x08004b27   0x2f8  Code  Gb  Humidity.o [1]
RoadBrd_Humidity_ReadTemperature
                        0x08004e25   0x2f0  Code  Gb  Humidity.o [1]
RoadBrd_I2C_GetError    0x08005ab9     0xa  Code  Gb  i2c.o [1]
RoadBrd_I2C_GetState    0x08005ac3     0xa  Code  Gb  i2c.o [1]
RoadBrd_I2C_Master_CmdReceive
                        0x080059f7    0x60  Code  Gb  i2c.o [1]
RoadBrd_I2C_Master_Receive
                        0x08005a57    0x36  Code  Gb  i2c.o [1]
RoadBrd_I2C_Master_Receive_IT
                        0x08005a8d    0x2c  Code  Gb  i2c.o [1]
RoadBrd_I2C_Master_Transmit
                        0x080059c1    0x36  Code  Gb  i2c.o [1]
RoadBrd_I2C_Master_Transmit_CMDData
                        0x08005927    0x6e  Code  Gb  i2c.o [1]
RoadBrd_I2C_Master_Transmit_CMDData_IT
                        0x080058bf    0x68  Code  Gb  i2c.o [1]
RoadBrd_I2C_Master_Transmit_IT
                        0x08005995    0x2c  Code  Gb  i2c.o [1]
RoadBrd_Init_Barometer  0x08002739    0x54  Code  Gb  barometer.o [1]
RoadBrd_Init_VMonitor   0x080045c1    0xb6  Code  Gb  VMonitor.o [1]
RoadBrd_LED_On          0x08005733    0x1c  Code  Gb  gpio.o [1]
RoadBrd_LED_PIN         0x080116a4    0x14  Data  Gb  gpio.o [1]
RoadBrd_LED_PORT        0x20000014    0x24  Data  Gb  gpio.o [1]
RoadBrd_LED_Toggle      0x0800574f    0x1a  Code  Gb  gpio.o [1]
RoadBrd_ParseString     0x08000125  0x1cb0  Code  Gb  parser.o [1]
RoadBrd_ProcessBGMChar  0x08007c03   0x18a  Code  Gb  bgm111.o [1]
RoadBrd_ProcessBGMChar::header_cnt
                        0x200034ff     0x1  Data  Lc  bgm111.o [1]
RoadBrd_ProcessBGMChar::payload_cnt
                        0x20003500     0x1  Data  Lc  bgm111.o [1]
RoadBrd_ProcessBGMChar::payload_len
                        0x20003501     0x1  Data  Lc  bgm111.o [1]
RoadBrd_RGBFullInit     0x08005305    0x54  Code  Gb  RGBLight.o [1]
RoadBrd_RGBInit         0x080052b5    0x50  Code  Gb  RGBLight.o [1]
RoadBrd_RGBReadID       0x0800539d    0x96  Code  Gb  RGBLight.o [1]
RoadBrd_RGBReadStatus   0x08005433    0x96  Code  Gb  RGBLight.o [1]
RoadBrd_RGBReadValues   0x080054c9   0x120  Code  Gb  RGBLight.o [1]
RoadBrd_RGBReset        0x08005359    0x44  Code  Gb  RGBLight.o [1]
RoadBrd_ReadTemp        0x08005149   0x16c  Code  Gb  Temperature.o [1]
RoadBrd_SetBffrFlg      0x080024b7     0xa  Code  Gb  usart.o [1]
RoadBrd_TestI2C         0x08005bfd    0x8a  Code  Gb  i2c.o [1]
RoadBrd_TestandRead_Barometer
                        0x080028e5    0x4c  Code  Gb  barometer.o [1]
RoadBrd_UART_Receive_IT
                        0x080024c7    0x7a  Code  Gb  usart.o [1]
RoadBrd_UART_Transmit   0x08002399    0x90  Code  Gb  usart.o [1]
RoadBrd_UART_Transmit_IT
                        0x08002429    0x88  Code  Gb  usart.o [1]
RoadBrd_Uart_GetState   0x08002559    0x22  Code  Gb  usart.o [1]
RoadBrd_Uart_Status     0x08002541    0x18  Code  Gb  usart.o [1]
RoadBrd_VMonitor_RdCurrent
                        0x08004763    0xec  Code  Gb  VMonitor.o [1]
RoadBrd_VMonitor_RdPower
                        0x0800484f    0xf4  Code  Gb  VMonitor.o [1]
RoadBrd_VMonitor_RdShntVltg
                        0x08004677    0xec  Code  Gb  VMonitor.o [1]
RoadBrd_VMonitor_RdVoltage
                        0x08004949    0xf2  Code  Gb  VMonitor.o [1]
RoadBrd_WaitForState    0x08005acd    0x3a  Code  Gb  i2c.o [1]
RoadBrd_gpio_Off        0x08005785    0x1c  Code  Gb  gpio.o [1]
RoadBrd_gpio_On         0x08005769    0x1c  Code  Gb  gpio.o [1]
SVC_Handler             0x08010113          Code  Gb  portasm.o [1]
SetDataReady            0x08002953     0xa  Code  Gb  app_data.o [1]
Set_DriverStates        0x08003595    0x50  Code  Gb  app_data.o [1]
Set_HeartBeat           0x080036e1     0x8  Code  Gb  app_data.o [1]
Sinewave                0x0801024c    0x80  Data  Gb  fix_fft.o [1]
SnsrTickCnt             0x2000003c     0x4  Data  Lc  tim.o [1]
SysTick_Config          0x08005d69    0x30  Code  Lc  stm32l1xx_hal_cortex.o [1]
SysTick_Handler         0x08010195     0x8  Code  Gb  stm32l1xx_it.o [1]
SystemClock_Config      0x080071bf    0xaa  Code  Gb  main.o [1]
SystemCoreClock         0x20000038     0x4  Data  Gb  system_stm32l1xx.o [1]
SystemInit              0x080102cd    0x4c  Code  Gb  system_stm32l1xx.o [1]
TIM2_IRQHandler         0x080101e3     0xa  Code  Gb  stm32l1xx_it.o [1]
TIM3_IRQHandler         0x080101ed     0xa  Code  Gb  stm32l1xx_it.o [1]
TIM4_IRQHandler         0x080101b1     0xa  Code  Gb  stm32l1xx_it.o [1]
TIM6_IRQHandler         0x0800295d     0xa  Code  Gb  app_data.o [1]
TIM_Base_SetConfig      0x0800e10f    0x70  Code  Lc  stm32l1xx_hal_tim.o [1]
TIM_ETR_SetConfig       0x0800e213    0x1c  Code  Lc  stm32l1xx_hal_tim.o [1]
TIM_ITRx_SetConfig      0x0800e1fb    0x18  Code  Lc  stm32l1xx_hal_tim.o [1]
TIM_TI1_ConfigInputStage
                        0x0800e199    0x30  Code  Lc  stm32l1xx_hal_tim.o [1]
TIM_TI2_ConfigInputStage
                        0x0800e1c9    0x32  Code  Lc  stm32l1xx_hal_tim.o [1]
Test_Connection         0x08003475    0xdc  Code  Gb  app_data.o [1]
Test_Timer2             0x0800d009    0x10  Code  Gb  tim.o [1]
Timr2Ready              0x20003502     0x1  Data  Gb  tim.o [1]
Timr3Ready              0x20003503     0x1  Data  Gb  tim.o [1]
TmpData                 0x20002710   0x248  Data  Gb  app_data.o [1]
Tst_HeartBeat           0x080036d7     0x6  Code  Gb  app_data.o [1]
UART_EndTransmit_IT     0x08006a1f    0x32  Code  Lc  stm32l1xx_hal_uart.o [1]
UART_Receive_IT         0x08006a51    0xc8  Code  Lc  stm32l1xx_hal_uart.o [1]
UART_SetConfig          0x08006b19   0x2fe  Code  Lc  stm32l1xx_hal_uart.o [1]
UART_Transmit_IT        0x080069a3    0x7c  Code  Lc  stm32l1xx_hal_uart.o [1]
UART_WaitOnFlagUntilTimeout
                        0x080068b9    0xea  Code  Lc  stm32l1xx_hal_uart.o [1]
USART2_IRQHandler       0x080101c5     0xa  Code  Gb  stm32l1xx_it.o [1]
USART3_IRQHandler       0x080101bb     0xa  Code  Gb  stm32l1xx_it.o [1]
USART_ReceiveData       0x08007bf9     0xa  Code  Gb  bgm111.o [1]
USART_SendData          0x08007bed     0xc  Code  Gb  bgm111.o [1]
USBD_ClrClassConfig     0x0800f56f    0x18  Code  Gb  usbd_core.o [1]
USBD_ClrFeature         0x0800fd93    0x3a  Code  Lc  usbd_ctlreq.o [1]
USBD_CtlContinueRx      0x0800fe4f    0x1a  Code  Gb  usbd_ioreq.o [1]
USBD_CtlContinueSendData
                        0x0800fe35    0x1a  Code  Gb  usbd_ioreq.o [1]
USBD_CtlError           0x0800fdf5    0x18  Code  Gb  usbd_ctlreq.o [1]
USBD_CtlReceiveStatus   0x0800fe83    0x1a  Code  Gb  usbd_ioreq.o [1]
USBD_CtlSendData        0x0800fe0d    0x28  Code  Gb  usbd_ioreq.o [1]
USBD_CtlSendStatus      0x0800fe69    0x1a  Code  Gb  usbd_ioreq.o [1]
USBD_GetConfig          0x0800fce5    0x4c  Code  Lc  usbd_ctlreq.o [1]
USBD_GetDescriptor      0x0800fa41   0x164  Code  Lc  usbd_ctlreq.o [1]
USBD_GetStatus          0x0800fd31    0x3c  Code  Lc  usbd_ctlreq.o [1]
USBD_LL_ClearStallEP    0x0800f49d    0x16  Code  Gb  usbd_conf.o [1]
USBD_LL_DataInStage     0x0800f68f    0xe2  Code  Gb  usbd_core.o [1]
USBD_LL_DataOutStage    0x0800f5ff    0x90  Code  Gb  usbd_core.o [1]
USBD_LL_IsStallEP       0x0800f4b3    0x30  Code  Gb  usbd_conf.o [1]
USBD_LL_OpenEP          0x0800f465    0x22  Code  Gb  usbd_conf.o [1]
USBD_LL_PrepareReceive  0x0800f519    0x20  Code  Gb  usbd_conf.o [1]
USBD_LL_Reset           0x0800f771    0x46  Code  Gb  usbd_core.o [1]
USBD_LL_Resume          0x0800f7d3     0xe  Code  Gb  usbd_core.o [1]
USBD_LL_SOF             0x0800f7e1    0x24  Code  Gb  usbd_core.o [1]
USBD_LL_SetSpeed        0x0800f7b7     0x8  Code  Gb  usbd_core.o [1]
USBD_LL_SetUSBAddress   0x0800f4e3    0x16  Code  Gb  usbd_conf.o [1]
USBD_LL_SetupStage      0x0800f587    0x78  Code  Gb  usbd_core.o [1]
USBD_LL_StallEP         0x0800f487    0x16  Code  Gb  usbd_conf.o [1]
USBD_LL_Suspend         0x0800f7bf    0x14  Code  Gb  usbd_core.o [1]
USBD_LL_Transmit        0x0800f4f9    0x20  Code  Gb  usbd_conf.o [1]
USBD_ParseSetupRequest  0x0800fdcd    0x28  Code  Gb  usbd_ctlreq.o [1]
USBD_RunTestMode        0x0800f53d     0x6  Code  Gb  usbd_core.o [1]
USBD_SetAddress         0x0800fba5    0x60  Code  Lc  usbd_ctlreq.o [1]
USBD_SetClassConfig     0x0800f543    0x2c  Code  Gb  usbd_core.o [1]
USBD_SetConfig          0x0800fc05    0xda  Code  Lc  usbd_ctlreq.o [1]
USBD_SetConfig::cfgidx  0x20003507     0x1  Data  Lc  usbd_ctlreq.o [1]
USBD_SetFeature         0x0800fd6d    0x26  Code  Lc  usbd_ctlreq.o [1]
USBD_StdDevReq          0x0800f805    0x7c  Code  Gb  usbd_ctlreq.o [1]
USBD_StdEPReq           0x0800f8cd   0x174  Code  Gb  usbd_ctlreq.o [1]
USBD_StdItfReq          0x0800f881    0x4c  Code  Gb  usbd_ctlreq.o [1]
USB_LP_IRQHandler       0x080101a7     0xa  Code  Gb  stm32l1xx_it.o [1]
Uart2Ready              0x20003504     0x1  Data  Gb  usart.o [1]
Uart3Ready              0x20003505     0x1  Data  Gb  usart.o [1]
_EncodingSb_Mbtowc      0x0800e2bb    0x30  Code  Gb  xencoding_sb.o [3]
_EncodingSb_Mbtowc::initial
                        0x0800e2f8     0x8  Data  Lc  xencoding_sb.o [3]
_EncodingSb_Wctomb      0x0800e2a1    0x1a  Code  Gb  xencoding_sb.o [3]
_EncodingSb_Wctomb::initial
                        0x0800e2f0     0x8  Data  Lc  xencoding_sb.o [3]
_GenldFull              0x08008d0d   0x254  Code  Lc  xprintffull.o [3]
_IsdstStr               0x200000dc     0x4  Data  Gb  setlocale.o [3]
_LdtobFull              0x08008901   0x406  Code  Lc  xprintffull.o [3]
_LitobFull              0x080087f7   0x10a  Code  Lc  xprintffull.o [3]
_LocaleEncoding         0x0800e28d     0xe  Code  Gb  setlocale.o [3]
_LocaleReturnString     0x200000fc    0x50  Data  Lc  setlocale.o [3]
_Locale_Profile         0x200000e0    0x1c  Data  Gb  setlocale.o [3]
_Locale_aeabi_lconv     0x2000009c    0x38  Data  Gb  localeconv.o [3]
_Locale_lconv           0x2000004c    0x50  Data  Gb  localeconv.o [3]
_Mbtowc                 0x0800d2df    0x20  Code  Gb  xmbtowc.o [3]
_PrintfFull             0x08007e0d   0x658  Code  Gb  xprintffull.o [3]
_PutcharsFull           0x08008f61    0x2e  Code  Lc  xprintffull.o [3]
_PutstrFull             0x080084eb   0x306  Code  Lc  xprintffull.o [3]
_SProut                 0x08001f77     0xa  Code  Gb  xsprout.o [3]
_TzoneStr               0x200000d8     0x4  Data  Gb  setlocale.o [3]
_Wctomb                 0x0800d42d    0x1a  Code  Gb  xwctomb.o [3]
__aeabi_cdcmple         0x0800d5fd          Code  Gb  DblCmpLe.o [4]
__aeabi_cdrcmple        0x0800d62d          Code  Gb  DblCmpGe.o [4]
__aeabi_cfrcmple        0x08009885          Code  Gb  FltCmpGe.o [4]
__aeabi_d2f             0x08006465          Code  Gb  DblToFlt.o [4]
__aeabi_d2iz            0x080093e9          Code  Gb  DblToI32.o [4]
__aeabi_d2uiz           0x08009415          Code  Gb  DblToI32.o [4]
__aeabi_dadd            0x080095d1          Code  Gb  DblAdd.o [4]
__aeabi_ddiv            0x0800d8e9          Code  Gb  DblDiv.o [4]
__aeabi_dmul            0x08009245          Code  Gb  DblMul.o [4]
__aeabi_dsub            0x0800d769          Code  Gb  DblSub.o [4]
__aeabi_errno_addr      0x0800de39     0x6  Code  Gb  errno.o [3]
__aeabi_f2d             0x080091f5          Code  Gb  FltToDbl.o [4]
__aeabi_f2iz            0x080064f5          Code  Gb  FltToS32.o [4]
__aeabi_fadd            0x080099a5          Code  Gb  FltAdd.o [4]
__aeabi_fdiv            0x080098a9          Code  Gb  FltDiv.o [4]
__aeabi_fmul            0x080094f9          Code  Gb  FltMul.o [4]
__aeabi_i2d             0x08006345          Code  Gb  I32ToDbl.o [4]
__aeabi_i2f             0x0800980d          Code  Gb  I32ToFlt.o [4]
__aeabi_ldiv0           0x0800e32d          Code  Gb  I64DivZer.o [5]
__aeabi_ui2d            0x08006359          Code  Gb  I32ToDbl.o [4]
__aeabi_ui2f            0x08009821          Code  Gb  I32ToFlt.o [4]
__aeabi_uldivmod        0x0800d4c9          Code  Gb  I64DivMod.o [5]
__cmain                 0x08011519          Code  Gb  cmain.o [5]
__data_Aldata           0x2000349c     0x8  Data  Gb  xxmemxmalloc.o [3]
__data_GetMemChunk      0x0800e301    0x2c  Code  Gb  xgetmemchunk.o [3]
__data_GetMemChunk::start
                        0x200034f4     0x4  Data  Lc  xgetmemchunk.o [3]
__exit                  0x08011549    0x14  Code  Gb  exit.o [6]
__iar_Dint              0x0800dce5    0x7a  Code  Gb  xdint.o [4]
__iar_Dnorm             0x0800d5b7    0x44  Code  Gb  xdnorm.o [4]
__iar_Dscale            0x0800d65d   0x10c  Code  Gb  xdscale.o [4]
__iar_Errno             0x200000d4     0x4  Data  Gb  errno.o [3]
__iar_Locale_lconv_init
                        0x0800db41    0x3a  Code  Gb  localeconv.o [3]
__iar_Mbcurmax          0x0800d371     0xa  Code  Gb  xmbcurmax.o [3]
__iar_Memchr            0x0800d319          Code  Gb  memchr.o [5]
__iar_Strchr            0x0800d301          Code  Gb  strchr.o [5]
__iar_d2uiz             0x08009421          Code  Gb  DblToI32.o [4]
__iar_dadd              0x080095e5          Code  Gb  DblAdd.o [4]
__iar_data_init3        0x080111c1    0x28  Code  Gb  data_init.o [5]
__iar_dlib_perthread_access
                        0x0800e32f     0x2  Code  Gb  xtls.o [3]
__iar_dsub              0x0800d77d          Code  Gb  DblSub.o [4]
__iar_dsubStart         0x0800d78f          Code  Gb  DblSub.o [4]
__iar_edom              0x0800c189          Code  Gb  iarEdom.o [5]
__iar_fadd              0x080099b5          Code  Gb  FltAdd.o [4]
__iar_fsub              0x0800dd61          Code  Gb  FltSub.o [4]
__iar_fsubStart         0x0800dd71          Code  Gb  FltSub.o [4]
__iar_modf              0x08009451          Code  Gb  modf.o [4]
__iar_modfl             0x08009451          Code  Gb  modf.o [4]
__iar_packbits_init_single3
                        0x080108e1    0x38  Code  Gb  packbits_init_single.o [5]
__iar_program_start     0x080118b5          Code  Gb  cstartup_M.o [5]
__iar_sqrt              0x08006375          Code  Gb  sqrt.o [4]
__iar_ui2d              0x0800635d          Code  Gb  I32ToDbl.o [4]
__iar_ui2f              0x08009825          Code  Gb  I32ToFlt.o [4]
__iar_unaligned___aeabi_memcpy
                        0x0800d269          Code  Gb  ABImemcpy_unaligned.o [5]
__iar_unaligned___aeabi_memcpy4
                        0x0800d289          Code  Gb  ABImemcpy_unaligned.o [5]
__iar_unaligned___aeabi_memcpy8
                        0x0800d289          Code  Gb  ABImemcpy_unaligned.o [5]
__iar_unaligned_strcmp  0x080096b9          Code  Gb  strcmp_unaligned.o [5]
__iar_unaligned_strcpy  0x080021e9          Code  Gb  strcpy_unaligned.o [5]
__iar_zero_init3        0x080106d1    0x40  Code  Gb  zero_init3.o [5]
__low_level_init        0x08011533     0x4  Code  Gb  low_level_init.o [3]
__vector_table          0x08000000          Data  Gb  startup_stm32l152xe.o [1]
_call_main              0x08011525          Code  Gb  cmain.o [5]
_exit                   0x0801153d          Code  Gb  cexit.o [5]
_gecko_cmd_msg          0x20002fe8    0x84  Data  Gb  bgm111.o [1]
_gecko_rsp_msg          0x2000306c    0x84  Data  Gb  bgm111.o [1]
_main                   0x0801152f          Code  Gb  cmain.o [5]
aPLLDivisionFactorTable
                        0x08011a40     0x4  Data  Gb  stm32l1xx_hal_rcc.o [1]
aPLLMULFactorTable      0x080118a8     0xc  Data  Gb  stm32l1xx_hal_rcc.o [1]
adcActive               0x200034fd     0x1  Data  Gb  adc.o [1]
analytics               0x200034a4     0x4  Data  Lc  app_data.o [1]
bffr1Flag               0x20003506     0x1  Data  Lc  usart.o [1]
bglib_input             0x200034ac     0x4  Data  Gb  bgm111.o [1]
bglib_output            0x200034a8     0x4  Data  Gb  bgm111.o [1]
bglib_peek              0x200034b0     0x4  Data  Gb  bgm111.o [1]
bgm1data                0x20003460    0x28  Data  Lc  usart.o [1]
ble                     0x20002dc0   0x19c  Data  Lc  bgm111.o [1]
blemsgs                 0x200020c8   0x324  Data  Lc  bgm111.o [1]
clrUsartState           0x0800259b    0x1c  Code  Gb  usart.o [1]
connection_cnt          0x200034f8     0x2  Data  Lc  app_data.o [1]
data                    0x20002958   0x248  Data  Gb  app_data.o [1]
div                     0x0800dbad     0xe  Code  Gb  div.o [3]
driver_list             0x20003494     0x8  Data  Lc  app_data.o [1]
errStruct               0x200023ec   0x324  Data  Lc  ErrorCodes.o [1]
exit                    0x08011537     0x4  Code  Gb  exit.o [3]
fi                      0x20003170    0x80  Data  Lc  Rd_Sound.o [1]
fix_fft                 0x08006105   0x23a  Code  Gb  fix_fft.o [1]
fr                      0x200030f0    0x80  Data  Lc  Rd_Sound.o [1]
free                    0x0800d449    0x7a  Code  Gb  xxmemxfree.o [3]
fs                      0x200031f0    0x80  Data  Lc  Rd_Sound.o [1]
gecko_cmd_gatt_server_send_characteristic_notification
                        0x080076e5    0x6e  Code  Lc  bgm111.o [1]
gecko_cmd_gatt_server_write_attribute_value
                        0x08007679    0x6c  Code  Lc  bgm111.o [1]
gecko_cmd_le_gap_set_mode
                        0x08007639    0x40  Code  Lc  bgm111.o [1]
gecko_cmd_msg           0x2000000c     0x4  Data  Gb  bgm111.o [1]
gecko_get_event         0x0800d199    0x5e  Code  Gb  gecko_bglib.o [1]
gecko_handle_command    0x0800d217    0x30  Code  Gb  gecko_bglib.o [1]
gecko_peek_event        0x0800d1f7     0xa  Code  Gb  gecko_bglib.o [1]
gecko_queue             0x20001150   0xf78  Data  Gb  bgm111.o [1]
gecko_queue_r           0x200034b8     0x4  Data  Gb  bgm111.o [1]
gecko_queue_w           0x200034b4     0x4  Data  Gb  bgm111.o [1]
gecko_rsp_msg           0x20000010     0x4  Data  Gb  bgm111.o [1]
gecko_wait_message      0x0800d0bd    0xdc  Code  Gb  gecko_bglib.o [1]
gecko_wait_response     0x0800d201    0x16  Code  Gb  gecko_bglib.o [1]
hadc                    0x20003270    0x54  Data  Gb  adc.o [1]
hatoi                   0x08001f1f    0x58  Code  Gb  parser.o [1]
hdma_adc                0x20003380    0x38  Data  Gb  adc.o [1]
hi2c1                   0x20003344    0x3c  Data  Gb  i2c.o [1]
hpcd_USB_FS             0x20002ba0   0x220  Data  Gb  usbd_conf.o [1]
htim2                   0x200033f0    0x38  Data  Gb  tim.o [1]
htim3                   0x20003428    0x38  Data  Gb  tim.o [1]
htim4                   0x200033b8    0x38  Data  Gb  stm32l1xx_hal_timebase_TIM.o [1]
huart2                  0x200032c4    0x40  Data  Gb  usart.o [1]
huart3                  0x20003304    0x40  Data  Gb  usart.o [1]
isHexNum                0x08001ed5    0x4a  Code  Gb  parser.o [1]
ledOffCnt               0x20000044     0x4  Data  Lc  tim.o [1]
localeconv              0x0800db7b    0x16  Code  Gb  localeconv.o [3]
main                    0x08006e21   0x39e  Code  Gb  main.o [1]
malloc                  0x0800d37d    0xac  Code  Gb  xxmemxmalloc.o [3]
memchr                  0x0800d319          Code  Gb  memchr.o [5]
modf                    0x08009441          Code  Gb  modf.o [4]
modfl                   0x08009441          Code  Gb  modf.o [4]
osSystickHandler        0x08010219    0x10  Code  Gb  cmsis_os.o [1]
prvResetNextTaskUnblockTime
                        0x08010051    0x28  Code  Lc  tasks.o [1]
pxCurrentTCB            0x200034c0     0x4  Data  Gb  tasks.o [1]
pxDelayedTaskList       0x200034c4     0x4  Data  Lc  tasks.o [1]
pxOverflowDelayedTaskList
                        0x200034c8     0x4  Data  Lc  tasks.o [1]
pxReadyTasksLists       0x20002f5c    0x8c  Data  Lc  tasks.o [1]
round                   0x08009841    0x44  Code  Gb  round.o [4]
sConfig                 0x20003488     0xc  Data  Gb  adc.o [1]
saveLen                 0x20000048     0x4  Data  Lc  usart.o [1]
sprintf                 0x080026e9    0x34  Code  Gb  sprintf.o [3]
sqrt                    0x08006375          Code  Gb  sqrt.o [4]
sqrtl                   0x08006375          Code  Gb  sqrt.o [4]
strcat                  0x0800271d    0x1c  Code  Gb  strcat.o [3]
strchr                  0x0800d301          Code  Gb  strchr.o [5]
strlen                  0x08001f81          Code  Gb  strlen.o [5]
ubSequenceCompleted     0x200034fc     0x1  Data  Gb  adc.o [1]
ulPortSetInterruptMask  0x080100ff          Code  Gb  portasm.o [1]
uwTick                  0x200034bc     0x4  Data  Lc  stm32l1xx_hal.o [1]
uxListRemove            0x0801016d    0x28  Code  Gb  list.o [1]
uxPendedTicks           0x200034d8     0x4  Data  Lc  tasks.o [1]
uxSchedulerSuspended    0x200034e8     0x4  Data  Lc  tasks.o [1]
uxTopReadyPriority      0x200034d0     0x4  Data  Lc  tasks.o [1]
vListInsertEnd          0x08010155    0x18  Code  Gb  list.o [1]
vPortClearInterruptMask
                        0x0801010d          Code  Gb  portasm.o [1]
vPortStartFirstTask     0x08010133          Code  Gb  portasm.o [1]
vTaskSwitchContext      0x0800ffd1    0x6c  Code  Gb  tasks.o [1]
xNextTaskUnblockTime    0x200034e4     0x4  Data  Lc  tasks.o [1]
xNumOfOverflows         0x200034e0     0x4  Data  Lc  tasks.o [1]
xPortSysTickHandler     0x08010229    0x1e  Code  Gb  port.o [1]
xSchedulerRunning       0x200034d4     0x4  Data  Lc  tasks.o [1]
xTaskGetSchedulerState  0x08010079    0x26  Code  Gb  tasks.o [1]
xTaskIncrementTick      0x0800fe9d   0x134  Code  Gb  tasks.o [1]
xTickCount              0x200034cc     0x4  Data  Lc  tasks.o [1]
xYieldPending           0x200034dc     0x4  Data  Lc  tasks.o [1]


[1] = D:\GoogleDriveCLT\GoogleDrive\WeatherCloud\Roadboard\Software\Road-Board-December-2016\EWARM\Road Brd MSTR Rev L\Obj
[2] = command line
[3] = dl7M_tlf.a
[4] = m7M_tl.a
[5] = rt7M_tl.a
[6] = shb_l.a

  66 684 bytes of readonly  code memory
   5 864 bytes of readonly  data memory
  13 572 bytes of readwrite data memory

Errors: none
Warnings: none
