###############################################################################
#
# IAR ELF Linker V7.60.2.11341/W32 for ARM                08/Mar/2017  11:06:27
# Copyright 2007-2016 IAR Systems AB.
#
#    Output file  =  
#        D:\GoogleDriveCLT\GoogleDrive\WeatherCloud\Roadboard\Software\Road-Board-December-2016\EWARM\Road
#        Brd MSTR Rev L\Exe\Road Board Rev K NUCLEO V1.1 Jul 12 2016.out
#    Map file     =  
#        D:\GoogleDriveCLT\GoogleDrive\WeatherCloud\Roadboard\Software\Road-Board-December-2016\EWARM\Road
#        Brd MSTR Rev L\List\Road Board Rev K NUCLEO V1.1 Jul 12 2016.map
#    Command line =  
#        "D:\GoogleDriveCLT\GoogleDrive\WeatherCloud\Roadboard\Software\Road-Board-December-2016\EWARM\Road
#        Brd MSTR Rev L\Obj\adc.o"
#        "D:\GoogleDriveCLT\GoogleDrive\WeatherCloud\Roadboard\Software\Road-Board-December-2016\EWARM\Road
#        Brd MSTR Rev L\Obj\app_data.o"
#        "D:\GoogleDriveCLT\GoogleDrive\WeatherCloud\Roadboard\Software\Road-Board-December-2016\EWARM\Road
#        Brd MSTR Rev L\Obj\barometer.o"
#        "D:\GoogleDriveCLT\GoogleDrive\WeatherCloud\Roadboard\Software\Road-Board-December-2016\EWARM\Road
#        Brd MSTR Rev L\Obj\bgm111.o"
#        "D:\GoogleDriveCLT\GoogleDrive\WeatherCloud\Roadboard\Software\Road-Board-December-2016\EWARM\Road
#        Brd MSTR Rev L\Obj\cmsis_os.o"
#        "D:\GoogleDriveCLT\GoogleDrive\WeatherCloud\Roadboard\Software\Road-Board-December-2016\EWARM\Road
#        Brd MSTR Rev L\Obj\croutine.o"
#        "D:\GoogleDriveCLT\GoogleDrive\WeatherCloud\Roadboard\Software\Road-Board-December-2016\EWARM\Road
#        Brd MSTR Rev L\Obj\dma.o"
#        "D:\GoogleDriveCLT\GoogleDrive\WeatherCloud\Roadboard\Software\Road-Board-December-2016\EWARM\Road
#        Brd MSTR Rev L\Obj\ErrorCodes.o"
#        "D:\GoogleDriveCLT\GoogleDrive\WeatherCloud\Roadboard\Software\Road-Board-December-2016\EWARM\Road
#        Brd MSTR Rev L\Obj\event_groups.o"
#        "D:\GoogleDriveCLT\GoogleDrive\WeatherCloud\Roadboard\Software\Road-Board-December-2016\EWARM\Road
#        Brd MSTR Rev L\Obj\fix_fft.o"
#        "D:\GoogleDriveCLT\GoogleDrive\WeatherCloud\Roadboard\Software\Road-Board-December-2016\EWARM\Road
#        Brd MSTR Rev L\Obj\freertos.o"
#        "D:\GoogleDriveCLT\GoogleDrive\WeatherCloud\Roadboard\Software\Road-Board-December-2016\EWARM\Road
#        Brd MSTR Rev L\Obj\gecko_bglib.o"
#        "D:\GoogleDriveCLT\GoogleDrive\WeatherCloud\Roadboard\Software\Road-Board-December-2016\EWARM\Road
#        Brd MSTR Rev L\Obj\gpio.o"
#        "D:\GoogleDriveCLT\GoogleDrive\WeatherCloud\Roadboard\Software\Road-Board-December-2016\EWARM\Road
#        Brd MSTR Rev L\Obj\GridEye.o"
#        "D:\GoogleDriveCLT\GoogleDrive\WeatherCloud\Roadboard\Software\Road-Board-December-2016\EWARM\Road
#        Brd MSTR Rev L\Obj\heap_4.o"
#        "D:\GoogleDriveCLT\GoogleDrive\WeatherCloud\Roadboard\Software\Road-Board-December-2016\EWARM\Road
#        Brd MSTR Rev L\Obj\Humidity.o"
#        "D:\GoogleDriveCLT\GoogleDrive\WeatherCloud\Roadboard\Software\Road-Board-December-2016\EWARM\Road
#        Brd MSTR Rev L\Obj\i2c.o"
#        "D:\GoogleDriveCLT\GoogleDrive\WeatherCloud\Roadboard\Software\Road-Board-December-2016\EWARM\Road
#        Brd MSTR Rev L\Obj\list.o"
#        "D:\GoogleDriveCLT\GoogleDrive\WeatherCloud\Roadboard\Software\Road-Board-December-2016\EWARM\Road
#        Brd MSTR Rev L\Obj\lps25hb.o"
#        "D:\GoogleDriveCLT\GoogleDrive\WeatherCloud\Roadboard\Software\Road-Board-December-2016\EWARM\Road
#        Brd MSTR Rev L\Obj\main.o"
#        "D:\GoogleDriveCLT\GoogleDrive\WeatherCloud\Roadboard\Software\Road-Board-December-2016\EWARM\Road
#        Brd MSTR Rev L\Obj\parser.o"
#        "D:\GoogleDriveCLT\GoogleDrive\WeatherCloud\Roadboard\Software\Road-Board-December-2016\EWARM\Road
#        Brd MSTR Rev L\Obj\port.o"
#        "D:\GoogleDriveCLT\GoogleDrive\WeatherCloud\Roadboard\Software\Road-Board-December-2016\EWARM\Road
#        Brd MSTR Rev L\Obj\portasm.o"
#        "D:\GoogleDriveCLT\GoogleDrive\WeatherCloud\Roadboard\Software\Road-Board-December-2016\EWARM\Road
#        Brd MSTR Rev L\Obj\queue.o"
#        "D:\GoogleDriveCLT\GoogleDrive\WeatherCloud\Roadboard\Software\Road-Board-December-2016\EWARM\Road
#        Brd MSTR Rev L\Obj\Rd_Sound.o"
#        "D:\GoogleDriveCLT\GoogleDrive\WeatherCloud\Roadboard\Software\Road-Board-December-2016\EWARM\Road
#        Brd MSTR Rev L\Obj\RGBLight.o"
#        "D:\GoogleDriveCLT\GoogleDrive\WeatherCloud\Roadboard\Software\Road-Board-December-2016\EWARM\Road
#        Brd MSTR Rev L\Obj\startup_stm32l152xe.o"
#        "D:\GoogleDriveCLT\GoogleDrive\WeatherCloud\Roadboard\Software\Road-Board-December-2016\EWARM\Road
#        Brd MSTR Rev L\Obj\stm32l1xx_hal.o"
#        "D:\GoogleDriveCLT\GoogleDrive\WeatherCloud\Roadboard\Software\Road-Board-December-2016\EWARM\Road
#        Brd MSTR Rev L\Obj\stm32l1xx_hal_adc.o"
#        "D:\GoogleDriveCLT\GoogleDrive\WeatherCloud\Roadboard\Software\Road-Board-December-2016\EWARM\Road
#        Brd MSTR Rev L\Obj\stm32l1xx_hal_adc_ex.o"
#        "D:\GoogleDriveCLT\GoogleDrive\WeatherCloud\Roadboard\Software\Road-Board-December-2016\EWARM\Road
#        Brd MSTR Rev L\Obj\stm32l1xx_hal_cortex.o"
#        "D:\GoogleDriveCLT\GoogleDrive\WeatherCloud\Roadboard\Software\Road-Board-December-2016\EWARM\Road
#        Brd MSTR Rev L\Obj\stm32l1xx_hal_dma.o"
#        "D:\GoogleDriveCLT\GoogleDrive\WeatherCloud\Roadboard\Software\Road-Board-December-2016\EWARM\Road
#        Brd MSTR Rev L\Obj\stm32l1xx_hal_flash.o"
#        "D:\GoogleDriveCLT\GoogleDrive\WeatherCloud\Roadboard\Software\Road-Board-December-2016\EWARM\Road
#        Brd MSTR Rev L\Obj\stm32l1xx_hal_flash_ex.o"
#        "D:\GoogleDriveCLT\GoogleDrive\WeatherCloud\Roadboard\Software\Road-Board-December-2016\EWARM\Road
#        Brd MSTR Rev L\Obj\stm32l1xx_hal_flash_ramfunc.o"
#        "D:\GoogleDriveCLT\GoogleDrive\WeatherCloud\Roadboard\Software\Road-Board-December-2016\EWARM\Road
#        Brd MSTR Rev L\Obj\stm32l1xx_hal_gpio.o"
#        "D:\GoogleDriveCLT\GoogleDrive\WeatherCloud\Roadboard\Software\Road-Board-December-2016\EWARM\Road
#        Brd MSTR Rev L\Obj\stm32l1xx_hal_i2c.o"
#        "D:\GoogleDriveCLT\GoogleDrive\WeatherCloud\Roadboard\Software\Road-Board-December-2016\EWARM\Road
#        Brd MSTR Rev L\Obj\stm32l1xx_hal_msp.o"
#        "D:\GoogleDriveCLT\GoogleDrive\WeatherCloud\Roadboard\Software\Road-Board-December-2016\EWARM\Road
#        Brd MSTR Rev L\Obj\stm32l1xx_hal_pcd.o"
#        "D:\GoogleDriveCLT\GoogleDrive\WeatherCloud\Roadboard\Software\Road-Board-December-2016\EWARM\Road
#        Brd MSTR Rev L\Obj\stm32l1xx_hal_pcd_ex.o"
#        "D:\GoogleDriveCLT\GoogleDrive\WeatherCloud\Roadboard\Software\Road-Board-December-2016\EWARM\Road
#        Brd MSTR Rev L\Obj\stm32l1xx_hal_pwr.o"
#        "D:\GoogleDriveCLT\GoogleDrive\WeatherCloud\Roadboard\Software\Road-Board-December-2016\EWARM\Road
#        Brd MSTR Rev L\Obj\stm32l1xx_hal_pwr_ex.o"
#        "D:\GoogleDriveCLT\GoogleDrive\WeatherCloud\Roadboard\Software\Road-Board-December-2016\EWARM\Road
#        Brd MSTR Rev L\Obj\stm32l1xx_hal_rcc.o"
#        "D:\GoogleDriveCLT\GoogleDrive\WeatherCloud\Roadboard\Software\Road-Board-December-2016\EWARM\Road
#        Brd MSTR Rev L\Obj\stm32l1xx_hal_rcc_ex.o"
#        "D:\GoogleDriveCLT\GoogleDrive\WeatherCloud\Roadboard\Software\Road-Board-December-2016\EWARM\Road
#        Brd MSTR Rev L\Obj\stm32l1xx_hal_tim.o"
#        "D:\GoogleDriveCLT\GoogleDrive\WeatherCloud\Roadboard\Software\Road-Board-December-2016\EWARM\Road
#        Brd MSTR Rev L\Obj\stm32l1xx_hal_tim_ex.o"
#        "D:\GoogleDriveCLT\GoogleDrive\WeatherCloud\Roadboard\Software\Road-Board-December-2016\EWARM\Road
#        Brd MSTR Rev L\Obj\stm32l1xx_hal_timebase_TIM.o"
#        "D:\GoogleDriveCLT\GoogleDrive\WeatherCloud\Roadboard\Software\Road-Board-December-2016\EWARM\Road
#        Brd MSTR Rev L\Obj\stm32l1xx_hal_uart.o"
#        "D:\GoogleDriveCLT\GoogleDrive\WeatherCloud\Roadboard\Software\Road-Board-December-2016\EWARM\Road
#        Brd MSTR Rev L\Obj\stm32l1xx_hal_wwdg.o"
#        "D:\GoogleDriveCLT\GoogleDrive\WeatherCloud\Roadboard\Software\Road-Board-December-2016\EWARM\Road
#        Brd MSTR Rev L\Obj\stm32l1xx_it.o"
#        "D:\GoogleDriveCLT\GoogleDrive\WeatherCloud\Roadboard\Software\Road-Board-December-2016\EWARM\Road
#        Brd MSTR Rev L\Obj\stm32l1xx_nucleo.o"
#        "D:\GoogleDriveCLT\GoogleDrive\WeatherCloud\Roadboard\Software\Road-Board-December-2016\EWARM\Road
#        Brd MSTR Rev L\Obj\system_stm32l1xx.o"
#        "D:\GoogleDriveCLT\GoogleDrive\WeatherCloud\Roadboard\Software\Road-Board-December-2016\EWARM\Road
#        Brd MSTR Rev L\Obj\tasks.o"
#        "D:\GoogleDriveCLT\GoogleDrive\WeatherCloud\Roadboard\Software\Road-Board-December-2016\EWARM\Road
#        Brd MSTR Rev L\Obj\Temperature.o"
#        "D:\GoogleDriveCLT\GoogleDrive\WeatherCloud\Roadboard\Software\Road-Board-December-2016\EWARM\Road
#        Brd MSTR Rev L\Obj\tim.o"
#        "D:\GoogleDriveCLT\GoogleDrive\WeatherCloud\Roadboard\Software\Road-Board-December-2016\EWARM\Road
#        Brd MSTR Rev L\Obj\timers.o"
#        "D:\GoogleDriveCLT\GoogleDrive\WeatherCloud\Roadboard\Software\Road-Board-December-2016\EWARM\Road
#        Brd MSTR Rev L\Obj\usart.o"
#        "D:\GoogleDriveCLT\GoogleDrive\WeatherCloud\Roadboard\Software\Road-Board-December-2016\EWARM\Road
#        Brd MSTR Rev L\Obj\usb_device.o"
#        "D:\GoogleDriveCLT\GoogleDrive\WeatherCloud\Roadboard\Software\Road-Board-December-2016\EWARM\Road
#        Brd MSTR Rev L\Obj\usbd_cdc.o"
#        "D:\GoogleDriveCLT\GoogleDrive\WeatherCloud\Roadboard\Software\Road-Board-December-2016\EWARM\Road
#        Brd MSTR Rev L\Obj\usbd_cdc_if.o"
#        "D:\GoogleDriveCLT\GoogleDrive\WeatherCloud\Roadboard\Software\Road-Board-December-2016\EWARM\Road
#        Brd MSTR Rev L\Obj\usbd_conf.o"
#        "D:\GoogleDriveCLT\GoogleDrive\WeatherCloud\Roadboard\Software\Road-Board-December-2016\EWARM\Road
#        Brd MSTR Rev L\Obj\usbd_core.o"
#        "D:\GoogleDriveCLT\GoogleDrive\WeatherCloud\Roadboard\Software\Road-Board-December-2016\EWARM\Road
#        Brd MSTR Rev L\Obj\usbd_ctlreq.o"
#        "D:\GoogleDriveCLT\GoogleDrive\WeatherCloud\Roadboard\Software\Road-Board-December-2016\EWARM\Road
#        Brd MSTR Rev L\Obj\usbd_desc.o"
#        "D:\GoogleDriveCLT\GoogleDrive\WeatherCloud\Roadboard\Software\Road-Board-December-2016\EWARM\Road
#        Brd MSTR Rev L\Obj\usbd_ioreq.o"
#        "D:\GoogleDriveCLT\GoogleDrive\WeatherCloud\Roadboard\Software\Road-Board-December-2016\EWARM\Road
#        Brd MSTR Rev L\Obj\VMonitor.o"
#        "D:\GoogleDriveCLT\GoogleDrive\WeatherCloud\Roadboard\Software\Road-Board-December-2016\EWARM\Road
#        Brd MSTR Rev L\Obj\wwdg.o" --redirect _Printf=_PrintfFull --redirect
#        _Scanf=_ScanfFull -o
#        "D:\GoogleDriveCLT\GoogleDrive\WeatherCloud\Roadboard\Software\Road-Board-December-2016\EWARM\Road
#        Brd MSTR Rev L\Exe\Road Board Rev K NUCLEO V1.1 Jul 12 2016.out" --map
#        "D:\GoogleDriveCLT\GoogleDrive\WeatherCloud\Roadboard\Software\Road-Board-December-2016\EWARM\Road
#        Brd MSTR Rev L\List\Road Board Rev K NUCLEO V1.1 Jul 12 2016.map"
#        --config
#        D:\GoogleDriveCLT\GoogleDrive\WeatherCloud\Roadboard\Software\Road-Board-December-2016\EWARM/stm32l152xe_flash.icf
#        --semihosting --entry __iar_program_start --vfe
#
###############################################################################

*******************************************************************************
*** RUNTIME MODEL ATTRIBUTES
***

CppFlavor                     = *
__Heap_Handler                = Basic
__SystemLibrary               = DLib
__dlib_dynamic_initialization = normal


*******************************************************************************
*** PLACEMENT SUMMARY
***

"A1":  place at 0x08000000 { ro section .intvec };
"P1":  place in [from 0x08000000 to 0x0807ffff] { ro };
"P2":  place in [from 0x20000000 to 0x20013fff] { rw, block CSTACK, block HEAP };
initialize by copy { rw };

  Section             Kind        Address     Size  Object
  -------             ----        -------     ----  ------
"A1":                                        0x124
  .intvec             ro code  0x08000000    0x124  startup_stm32l152xe.o [1]
                             - 0x08000124    0x124

"P1":                                      0x11a50
  .text               ro code  0x08000124   0x1e52  parser.o [1]
  .text               ro code  0x08001f76      0xa  xsprout.o [3]
  .text               ro code  0x08001f80     0x36  strlen.o [5]
  .text               ro code  0x08001fb8    0x230  Rd_Sound.o [1]
  .text               ro code  0x080021e8     0x44  strcpy_unaligned.o [5]
  .text               ro code  0x0800222c    0x4bc  usart.o [1]
  .text               ro code  0x080026e8     0x34  sprintf.o [3]
  .text               ro code  0x0800271c     0x1c  strcat.o [3]
  .text               ro code  0x08002738    0x1f8  barometer.o [1]
  .text               ro code  0x08002930   0x1024  app_data.o [1]
  .text               ro code  0x08003954    0xd98  GridEye.o [1]
  .text               ro code  0x080046ec    0x4c0  VMonitor.o [1]
  .text               ro code  0x08004bac    0x6c8  Humidity.o [1]
  .text               ro code  0x08005274    0x16c  Temperature.o [1]
  .text               ro code  0x080053e0    0x344  RGBLight.o [1]
  .text               ro code  0x08005724    0x1c4  gpio.o [1]
  .text               ro code  0x080058e8    0x4dc  i2c.o [1]
  .text               ro code  0x08005dc4    0x1b0  stm32l1xx_hal_cortex.o [1]
  .text               ro code  0x08005f74    0x2bc  adc.o [1]
  .text               ro code  0x08006230    0x240  fix_fft.o [1]
  .text               ro code  0x08006470     0x30  I32ToDbl.o [4]
  .text               ro code  0x080064a0     0xf0  sqrt.o [4]
  .text               ro code  0x08006590     0x90  DblToFlt.o [4]
  .text               ro code  0x08006620     0x44  FltToS32.o [4]
  .text               ro code  0x08006664    0x8e8  stm32l1xx_hal_uart.o [1]
  .text               ro code  0x08006f4c    0x49e  main.o [1]
  .text               ro code  0x080073ec    0x378  stm32l1xx_hal_gpio.o [1]
  .text               ro code  0x08007764    0x76c  bgm111.o [1]
  .text               ro code  0x08007ed0   0x119e  xprintffull.o [3]
  .text               ro code  0x08009070    0x248  lps25hb.o [1]
  .text               ro code  0x080092b8     0x4e  FltToDbl.o [4]
  .text               ro code  0x08009308    0x1a2  DblMul.o [4]
  .text               ro code  0x080094ac     0x58  DblToI32.o [4]
  .text               ro code  0x08009504     0xb8  modf.o [4]
  .text               ro code  0x080095bc     0xd8  FltMul.o [4]
  .text               ro code  0x08009694     0xe8  DblAdd.o [4]
  .text               ro code  0x0800977c     0x42  strcmp_unaligned.o [5]
  .text               ro code  0x080097c0     0xc8  ErrorCodes.o [1]
  .text               ro code  0x08009888     0x32  I32ToFlt.o [4]
  .text               ro code  0x080098bc     0x44  round.o [4]
  .text               ro code  0x08009900     0x24  FltCmpGe.o [4]
  .text               ro code  0x08009924     0xfc  FltDiv.o [4]
  .text               ro code  0x08009a20     0x84  FltAdd.o [4]
  .text               ro code  0x08009aa4   0x1018  stm32l1xx_hal_i2c.o [1]
  .text               ro code  0x0800aabc     0x48  stm32l1xx_hal.o [1]
  .text               ro code  0x0800ab04    0x82a  stm32l1xx_hal_adc.o [1]
  .text               ro code  0x0800b330    0xefe  stm32l1xx_hal_dma.o [1]
  .text               ro code  0x0800c22e     0x1c  fix_fft.o [1]
  .text               ro code  0x0800c24c      0xc  iarEdom.o [5]
  .text               ro code  0x0800c258    0xcd4  stm32l1xx_hal_rcc.o [1]
  .text               ro code  0x0800cf2c     0x30  dma.o [1]
  .text               ro code  0x0800cf5c    0x224  tim.o [1]
  .text               ro code  0x0800d180    0x1ac  gecko_bglib.o [1]
  .text               ro code  0x0800d32c     0x76  ABImemcpy_unaligned.o [5]
  .text               ro code  0x0800d3a2     0x20  xmbtowc.o [3]
  .text               ro code  0x0800d3c4     0x16  strchr.o [5]
  .text               ro code  0x0800d3dc     0x58  memchr.o [5]
  .text               ro code  0x0800d434      0xa  xmbcurmax.o [3]
  .text               ro code  0x0800d440     0xb0  xxmemxmalloc.o [3]
  .text               ro code  0x0800d4f0     0x1a  xwctomb.o [3]
  .text               ro code  0x0800d50c     0x80  xxmemxfree.o [3]
  .text               ro code  0x0800d58c     0xee  I64DivMod.o [5]
  .text               ro code  0x0800d67a     0x44  xdnorm.o [4]
  .text               ro code  0x0800d6c0     0x2e  DblCmpLe.o [4]
  .text               ro code  0x0800d6f0     0x2e  DblCmpGe.o [4]
  .text               ro code  0x0800d720    0x10c  xdscale.o [4]
  .text               ro code  0x0800d82c    0x180  DblSub.o [4]
  .text               ro code  0x0800d9ac    0x256  DblDiv.o [4]
  .text               ro code  0x0800dc04     0x6c  localeconv.o [3]
  .text               ro code  0x0800dc70      0xe  div.o [3]
  .text               ro code  0x0800dc7e     0x7a  xdint.o [4]
  .text               ro code  0x0800dcf8     0xd6  FltSub.o [4]
  .text               ro code  0x0800ddd0     0x90  stm32l1xx_hal_timebase_TIM.o [1]
  .text               ro code  0x0800de60     0x98  stm32l1xx_hal_msp.o [1]
  .text               ro code  0x0800def8      0xc  errno.o [3]
  .text               ro code  0x0800df04     0x10  stm32l1xx_hal_pwr_ex.o [1]
  .text               ro code  0x0800df14    0x3da  stm32l1xx_hal_tim.o [1]
  .text               ro code  0x0800e2ee     0x5e  stm32l1xx_hal_tim_ex.o [1]
  .text               ro code  0x0800e34c     0x14  setlocale.o [3]
  .text               ro code  0x0800e360     0x60  xencoding_sb.o [3]
  .text               ro code  0x0800e3c0     0x2c  xgetmemchunk.o [3]
  .text               ro code  0x0800e3ec      0x2  I64DivZer.o [5]
  .text               ro code  0x0800e3ee      0x2  xtls.o [3]
  .text               ro code  0x0800e3f0   0x1074  stm32l1xx_hal_pcd.o [1]
  .text               ro code  0x0800f464    0x198  usbd_conf.o [1]
  .text               ro code  0x0800f5fc    0x2c8  usbd_core.o [1]
  .text               ro code  0x0800f8c4    0x608  usbd_ctlreq.o [1]
  .text               ro code  0x0800fecc     0x90  usbd_ioreq.o [1]
  .text               ro code  0x0800ff5c    0x224  tasks.o [1]
  CODE                ro code  0x08010180     0x94  portasm.o [1]
  .text               ro code  0x08010214     0x40  list.o [1]
  .text               ro code  0x08010254     0x84  stm32l1xx_it.o [1]
  .text               ro code  0x080102d8     0x10  cmsis_os.o [1]
  .text               ro code  0x080102e8     0x24  port.o [1]
  .rodata             const    0x0801030c     0x80  fix_fft.o [1]
  .text               ro code  0x0801038c     0x64  system_stm32l1xx.o [1]
  .rodata             const    0x080103f0     0x48  parser.o [1]
  .rodata             const    0x08010438     0x48  parser.o [1]
  .rodata             const    0x08010480     0x44  ErrorCodes.o [1]
  .rodata             const    0x080104c4     0x44  parser.o [1]
  .rodata             const    0x08010508     0x44  parser.o [1]
  .rodata             const    0x0801054c     0x44  parser.o [1]
  .rodata             const    0x08010590     0x40  main.o [1]
  .rodata             const    0x080105d0     0x40  main.o [1]
  .rodata             const    0x08010610     0x40  parser.o [1]
  .rodata             const    0x08010650     0x40  parser.o [1]
  .rodata             const    0x08010690     0x40  parser.o [1]
  .rodata             const    0x080106d0     0x40  parser.o [1]
  .rodata             const    0x08010710     0x40  parser.o [1]
  .rodata             const    0x08010750     0x40  parser.o [1]
  .text               ro code  0x08010790     0x40  zero_init3.o [5]
  .rodata             const    0x080107d0     0x3c  parser.o [1]
  .rodata             const    0x0801080c     0x3c  parser.o [1]
  .rodata             const    0x08010848     0x3c  parser.o [1]
  .rodata             const    0x08010884     0x3c  parser.o [1]
  .rodata             const    0x080108c0     0x38  parser.o [1]
  .rodata             const    0x080108f8     0x38  parser.o [1]
  .rodata             const    0x08010930     0x38  parser.o [1]
  .rodata             const    0x08010968     0x38  parser.o [1]
  .text               ro code  0x080109a0     0x38  packbits_init_single.o [5]
  .rodata             const    0x080109d8     0x34  main.o [1]
  .rodata             const    0x08010a0c     0x34  parser.o [1]
  .rodata             const    0x08010a40     0x34  parser.o [1]
  .rodata             const    0x08010a74     0x34  parser.o [1]
  .rodata             const    0x08010aa8     0x34  parser.o [1]
  .rodata             const    0x08010adc     0x30  parser.o [1]
  .rodata             const    0x08010b0c     0x30  parser.o [1]
  .rodata             const    0x08010b3c     0x30  parser.o [1]
  .rodata             const    0x08010b6c     0x30  parser.o [1]
  .rodata             const    0x08010b9c     0x30  parser.o [1]
  .rodata             const    0x08010bcc     0x2c  main.o [1]
  .rodata             const    0x08010bf8     0x2c  parser.o [1]
  .rodata             const    0x08010c24     0x2c  parser.o [1]
  .rodata             const    0x08010c50     0x2c  parser.o [1]
  .rodata             const    0x08010c7c     0x2c  parser.o [1]
  .rodata             const    0x08010ca8     0x2c  parser.o [1]
  .rodata             const    0x08010cd4     0x2c  parser.o [1]
  .rodata             const    0x08010d00     0x2c  parser.o [1]
  .rodata             const    0x08010d2c     0x2c  parser.o [1]
  .rodata             const    0x08010d58     0x28  parser.o [1]
  .rodata             const    0x08010d80     0x28  parser.o [1]
  .rodata             const    0x08010da8     0x28  parser.o [1]
  .rodata             const    0x08010dd0     0x28  parser.o [1]
  .rodata             const    0x08010df8     0x28  parser.o [1]
  .rodata             const    0x08010e20     0x28  parser.o [1]
  .rodata             const    0x08010e48     0x28  parser.o [1]
  .rodata             const    0x08010e70     0x28  parser.o [1]
  .rodata             const    0x08010e98     0x28  parser.o [1]
  .rodata             const    0x08010ec0     0x28  parser.o [1]
  .rodata             const    0x08010ee8     0x28  parser.o [1]
  .rodata             const    0x08010f10     0x28  parser.o [1]
  .rodata             const    0x08010f38     0x28  parser.o [1]
  .rodata             const    0x08010f60     0x28  parser.o [1]
  .rodata             const    0x08010f88     0x28  parser.o [1]
  .rodata             const    0x08010fb0     0x28  parser.o [1]
  .rodata             const    0x08010fd8     0x28  parser.o [1]
  .rodata             const    0x08011000     0x28  parser.o [1]
  .rodata             const    0x08011028     0x28  parser.o [1]
  .rodata             const    0x08011050     0x28  parser.o [1]
  .rodata             const    0x08011078     0x28  parser.o [1]
  .rodata             const    0x080110a0     0x28  parser.o [1]
  .rodata             const    0x080110c8     0x28  parser.o [1]
  .rodata             const    0x080110f0     0x28  parser.o [1]
  .rodata             const    0x08011118     0x28  parser.o [1]
  .rodata             const    0x08011140     0x28  parser.o [1]
  .rodata             const    0x08011168     0x28  parser.o [1]
  .rodata             const    0x08011190     0x28  parser.o [1]
  .rodata             const    0x080111b8     0x28  parser.o [1]
  .rodata             const    0x080111e0     0x28  parser.o [1]
  .rodata             const    0x08011208     0x28  parser.o [1]
  .rodata             const    0x08011230     0x28  parser.o [1]
  .rodata             const    0x08011258     0x28  parser.o [1]
  .text               ro code  0x08011280     0x28  data_init.o [5]
  .rodata             const    0x080112a8     0x24  parser.o [1]
  .rodata             const    0x080112cc     0x24  parser.o [1]
  .rodata             const    0x080112f0     0x24  parser.o [1]
  .rodata             const    0x08011314     0x24  parser.o [1]
  .rodata             const    0x08011338     0x24  parser.o [1]
  .rodata             const    0x0801135c     0x24  parser.o [1]
  .rodata             const    0x08011380     0x24  parser.o [1]
  .rodata             const    0x080113a4     0x24  parser.o [1]
  .iar.init_table     const    0x080113c8     0x20  - Linker created -
  .rodata             const    0x080113e8     0x20  parser.o [1]
  .rodata             const    0x08011408     0x20  parser.o [1]
  .rodata             const    0x08011428     0x20  parser.o [1]
  .rodata             const    0x08011448     0x20  parser.o [1]
  .rodata             const    0x08011468     0x20  parser.o [1]
  .rodata             const    0x08011488     0x20  parser.o [1]
  .rodata             const    0x080114a8     0x20  parser.o [1]
  .rodata             const    0x080114c8     0x20  parser.o [1]
  .rodata             const    0x080114e8     0x20  parser.o [1]
  .rodata             const    0x08011508     0x20  parser.o [1]
  .rodata             const    0x08011528     0x20  parser.o [1]
  .rodata             const    0x08011548     0x1c  ErrorCodes.o [1]
  .rodata             const    0x08011564     0x1c  parser.o [1]
  .text               ro code  0x08011580     0x1a  cmain.o [5]
  .text               ro code  0x0801159a      0x4  low_level_init.o [3]
  .text               ro code  0x0801159e      0x4  exit.o [3]
  .text               ro code  0x080115a4      0xa  cexit.o [5]
  .text               ro code  0x080115b0     0x14  exit.o [6]
  .rodata             const    0x080115c4     0x18  parser.o [1]
  .rodata             const    0x080115dc     0x18  parser.o [1]
  .rodata             const    0x080115f4     0x18  parser.o [1]
  .rodata             const    0x0801160c     0x18  parser.o [1]
  .rodata             const    0x08011624     0x18  parser.o [1]
  .rodata             const    0x0801163c     0x18  parser.o [1]
  .rodata             const    0x08011654     0x18  parser.o [1]
  .rodata             const    0x0801166c     0x18  parser.o [1]
  .rodata             const    0x08011684     0x18  parser.o [1]
  .rodata             const    0x0801169c     0x18  parser.o [1]
  .rodata             const    0x080116b4     0x18  parser.o [1]
  .rodata             const    0x080116cc     0x14  ErrorCodes.o [1]
  .rodata             const    0x080116e0     0x14  gpio.o [1]
  .rodata             const    0x080116f4     0x14  parser.o [1]
  .rodata             const    0x08011708     0x14  parser.o [1]
  .rodata             const    0x0801171c     0x14  parser.o [1]
  .rodata             const    0x08011730     0x14  parser.o [1]
  .rodata             const    0x08011744     0x14  parser.o [1]
  .rodata             const    0x08011758     0x14  parser.o [1]
  .rodata             const    0x0801176c     0x14  parser.o [1]
  .rodata             const    0x08011780     0x14  parser.o [1]
  .rodata             const    0x08011794     0x14  parser.o [1]
  .rodata             const    0x080117a8     0x10  bgm111.o [1]
  .rodata             const    0x080117b8     0x10  main.o [1]
  .rodata             const    0x080117c8     0x10  parser.o [1]
  .rodata             const    0x080117d8     0x10  parser.o [1]
  .rodata             const    0x080117e8     0x10  parser.o [1]
  .rodata             const    0x080117f8     0x10  parser.o [1]
  .rodata             const    0x08011808     0x10  parser.o [1]
  .rodata             const    0x08011818     0x10  parser.o [1]
  .rodata             const    0x08011828     0x10  parser.o [1]
  .rodata             const    0x08011838     0x10  system_stm32l1xx.o [1]
  .text               ro code  0x08011848     0x10  startup_stm32l152xe.o [1]
  .rodata             const    0x08011858      0xc  app_data.o [1]
  .rodata             const    0x08011864      0xc  parser.o [1]
  .rodata             const    0x08011870      0xc  parser.o [1]
  .rodata             const    0x0801187c      0xc  parser.o [1]
  .rodata             const    0x08011888      0xc  parser.o [1]
  .rodata             const    0x08011894      0xc  parser.o [1]
  .rodata             const    0x080118a0      0xc  parser.o [1]
  .rodata             const    0x080118ac      0xc  parser.o [1]
  .rodata             const    0x080118b8      0xc  stm32l1xx_hal_rcc.o [1]
  .text               ro code  0x080118c4      0xc  cstartup_M.o [5]
  .rodata             const    0x080118d0      0x8  app_data.o [1]
  .rodata             const    0x080118d8      0x8  barometer.o [1]
  .rodata             const    0x080118e0      0x8  barometer.o [1]
  .rodata             const    0x080118e8      0x8  barometer.o [1]
  .rodata             const    0x080118f0      0x8  barometer.o [1]
  .rodata             const    0x080118f8      0x8  barometer.o [1]
  .rodata             const    0x08011900      0x8  ErrorCodes.o [1]
  .rodata             const    0x08011908      0x8  ErrorCodes.o [1]
  .rodata             const    0x08011910      0x8  ErrorCodes.o [1]
  .rodata             const    0x08011918      0x8  ErrorCodes.o [1]
  .rodata             const    0x08011920      0x8  ErrorCodes.o [1]
  .rodata             const    0x08011928      0x8  ErrorCodes.o [1]
  .rodata             const    0x08011930      0x8  ErrorCodes.o [1]
  .rodata             const    0x08011938      0x8  ErrorCodes.o [1]
  .rodata             const    0x08011940      0x8  ErrorCodes.o [1]
  .rodata             const    0x08011948      0x8  ErrorCodes.o [1]
  .rodata             const    0x08011950      0x8  ErrorCodes.o [1]
  .rodata             const    0x08011958      0x8  ErrorCodes.o [1]
  .rodata             const    0x08011960      0x8  ErrorCodes.o [1]
  .rodata             const    0x08011968      0x8  ErrorCodes.o [1]
  .rodata             const    0x08011970      0x8  ErrorCodes.o [1]
  .rodata             const    0x08011978      0x8  ErrorCodes.o [1]
  .rodata             const    0x08011980      0x8  ErrorCodes.o [1]
  .rodata             const    0x08011988      0x8  ErrorCodes.o [1]
  .rodata             const    0x08011990      0x8  GridEye.o [1]
  .rodata             const    0x08011998      0x8  GridEye.o [1]
  .rodata             const    0x080119a0      0x8  GridEye.o [1]
  .rodata             const    0x080119a8      0x8  Humidity.o [1]
  .rodata             const    0x080119b0      0x8  Humidity.o [1]
  .rodata             const    0x080119b8      0x8  Humidity.o [1]
  .rodata             const    0x080119c0      0x8  Humidity.o [1]
  .rodata             const    0x080119c8      0x8  main.o [1]
  .rodata             const    0x080119d0      0x8  main.o [1]
  .rodata             const    0x080119d8      0x8  parser.o [1]
  .rodata             const    0x080119e0      0x8  parser.o [1]
  .rodata             const    0x080119e8      0x8  parser.o [1]
  .rodata             const    0x080119f0      0x8  Rd_Sound.o [1]
  .rodata             const    0x080119f8      0x8  RGBLight.o [1]
  .rodata             const    0x08011a00      0x8  RGBLight.o [1]
  .rodata             const    0x08011a08      0x8  system_stm32l1xx.o [1]
  .rodata             const    0x08011a10      0x8  Temperature.o [1]
  .rodata             const    0x08011a18      0x8  Temperature.o [1]
  .rodata             const    0x08011a20      0x8  Temperature.o [1]
  .rodata             const    0x08011a28      0x8  VMonitor.o [1]
  .rodata             const    0x08011a30      0x8  VMonitor.o [1]
  .rodata             const    0x08011a38      0x8  VMonitor.o [1]
  .rodata             const    0x08011a40      0x8  VMonitor.o [1]
  .rodata             const    0x08011a48      0x8  VMonitor.o [1]
  .rodata             const    0x08011a50      0x4  stm32l1xx_hal_rcc.o [1]
  .text               ro code  0x08011a54      0x4  startup_stm32l152xe.o [1]
  .text               ro code  0x08011a58      0x4  startup_stm32l152xe.o [1]
  .text               ro code  0x08011a5c      0x4  startup_stm32l152xe.o [1]
  .text               ro code  0x08011a60      0x4  startup_stm32l152xe.o [1]
  .text               ro code  0x08011a64      0x4  startup_stm32l152xe.o [1]
  .text               ro code  0x08011a68      0x4  startup_stm32l152xe.o [1]
  .text               ro code  0x08011a6c      0x4  startup_stm32l152xe.o [1]
  .text               ro code  0x08011a70      0x4  startup_stm32l152xe.o [1]
  .text               ro code  0x08011a74      0x4  startup_stm32l152xe.o [1]
  .text               ro code  0x08011a78      0x4  startup_stm32l152xe.o [1]
  .text               ro code  0x08011a7c      0x4  startup_stm32l152xe.o [1]
  .text               ro code  0x08011a80      0x4  startup_stm32l152xe.o [1]
  .text               ro code  0x08011a84      0x4  startup_stm32l152xe.o [1]
  .text               ro code  0x08011a88      0x4  startup_stm32l152xe.o [1]
  .text               ro code  0x08011a8c      0x4  startup_stm32l152xe.o [1]
  .text               ro code  0x08011a90      0x4  startup_stm32l152xe.o [1]
  .text               ro code  0x08011a94      0x4  startup_stm32l152xe.o [1]
  .text               ro code  0x08011a98      0x4  startup_stm32l152xe.o [1]
  .text               ro code  0x08011a9c      0x4  startup_stm32l152xe.o [1]
  .text               ro code  0x08011aa0      0x4  startup_stm32l152xe.o [1]
  .text               ro code  0x08011aa4      0x4  startup_stm32l152xe.o [1]
  .text               ro code  0x08011aa8      0x4  startup_stm32l152xe.o [1]
  .text               ro code  0x08011aac      0x4  startup_stm32l152xe.o [1]
  .text               ro code  0x08011ab0      0x4  startup_stm32l152xe.o [1]
  .text               ro code  0x08011ab4      0x4  startup_stm32l152xe.o [1]
  .text               ro code  0x08011ab8      0x4  startup_stm32l152xe.o [1]
  .text               ro code  0x08011abc      0x4  startup_stm32l152xe.o [1]
  .text               ro code  0x08011ac0      0x4  startup_stm32l152xe.o [1]
  .text               ro code  0x08011ac4      0x4  startup_stm32l152xe.o [1]
  .text               ro code  0x08011ac8      0x4  startup_stm32l152xe.o [1]
  .text               ro code  0x08011acc      0x4  startup_stm32l152xe.o [1]
  .text               ro code  0x08011ad0      0x4  startup_stm32l152xe.o [1]
  .text               ro code  0x08011ad4      0x4  startup_stm32l152xe.o [1]
  .text               ro code  0x08011ad8      0x4  startup_stm32l152xe.o [1]
  .text               ro code  0x08011adc      0x4  startup_stm32l152xe.o [1]
  .text               ro code  0x08011ae0      0x4  startup_stm32l152xe.o [1]
  .text               ro code  0x08011ae4      0x4  startup_stm32l152xe.o [1]
  .text               ro code  0x08011ae8      0x4  startup_stm32l152xe.o [1]
  .text               ro code  0x08011aec      0x4  startup_stm32l152xe.o [1]
  .text               ro code  0x08011af0      0x4  startup_stm32l152xe.o [1]
  .text               ro code  0x08011af4      0x4  startup_stm32l152xe.o [1]
  .text               ro code  0x08011af8      0x4  startup_stm32l152xe.o [1]
  .text               ro code  0x08011afc      0x4  startup_stm32l152xe.o [1]
  .text               ro code  0x08011b00      0x4  startup_stm32l152xe.o [1]
  .text               ro code  0x08011b04      0x4  startup_stm32l152xe.o [1]
  .text               ro code  0x08011b08      0x4  startup_stm32l152xe.o [1]
  .text               ro code  0x08011b0c      0x4  startup_stm32l152xe.o [1]
  .text               ro code  0x08011b10      0x4  startup_stm32l152xe.o [1]
  .text               ro code  0x08011b14      0x4  startup_stm32l152xe.o [1]
  .text               ro code  0x08011b18      0x4  startup_stm32l152xe.o [1]
  .text               ro code  0x08011b1c      0x4  startup_stm32l152xe.o [1]
  .rodata             const    0x08011b20      0x0  zero_init3.o [5]
  .rodata             const    0x08011b20      0x0  packbits_init_single.o [5]
  Initializer bytes   const    0x08011b20     0x54  <for P2-1>
                             - 0x08011b74  0x11a50

"P2", part 1 of 3:                           0x14c
  P2-1                         0x20000000    0x14c  <Init block>
    .data             inited   0x20000000      0xc  adc.o [1]
    .data             inited   0x2000000c      0x4  bgm111.o [1]
    .data             inited   0x20000010      0x4  bgm111.o [1]
    .data             inited   0x20000014     0x24  gpio.o [1]
    .data             inited   0x20000038      0x4  system_stm32l1xx.o [1]
    .data             inited   0x2000003c      0x4  tim.o [1]
    .data             inited   0x20000040      0x4  tim.o [1]
    .data             inited   0x20000044      0x4  tim.o [1]
    .data             inited   0x20000048      0x4  usart.o [1]
    __DLIB_PERTHREAD  inited   0x2000004c     0x88  localeconv.o [3]
    __DLIB_PERTHREAD  inited   0x200000d4      0x4  errno.o [3]
    __DLIB_PERTHREAD  inited   0x200000d8     0x74  setlocale.o [3]
                             - 0x2000014c    0x14c

"P2", part 2 of 3:                           0xc00
  CSTACK                       0x20000150    0x800  <Block>
    CSTACK            uninit   0x20000150    0x800  <Block tail>
  HEAP                         0x20000950    0x400  <Block>
    HEAP              uninit   0x20000950    0x400  <Block tail>
                             - 0x20000d50    0xc00

"P2", part 3 of 3:                          0x23b8
  .bss                zero     0x20000d50    0xf78  bgm111.o [1]
  .bss                zero     0x20001cc8    0x324  bgm111.o [1]
  .bss                zero     0x20001fec    0x324  ErrorCodes.o [1]
  .bss                zero     0x20002310    0x248  app_data.o [1]
  .bss                zero     0x20002558    0x248  app_data.o [1]
  .bss                zero     0x200027a0    0x220  usbd_conf.o [1]
  .bss                zero     0x200029c0    0x19c  bgm111.o [1]
  .bss                zero     0x20002b5c     0x8c  tasks.o [1]
  .bss                zero     0x20002be8     0x84  bgm111.o [1]
  .bss                zero     0x20002c6c     0x84  bgm111.o [1]
  .bss                zero     0x20002cf0     0x80  Rd_Sound.o [1]
  .bss                zero     0x20002d70     0x80  Rd_Sound.o [1]
  .bss                zero     0x20002df0     0x80  Rd_Sound.o [1]
  .bss                zero     0x20002e70     0x54  adc.o [1]
  .bss                zero     0x20002ec4     0x40  usart.o [1]
  .bss                zero     0x20002f04     0x40  usart.o [1]
  .bss                zero     0x20002f44     0x3c  i2c.o [1]
  .bss                zero     0x20002f80     0x38  adc.o [1]
  .bss                zero     0x20002fb8     0x38  stm32l1xx_hal_timebase_TIM.o [1]
  .bss                zero     0x20002ff0     0x38  tim.o [1]
  .bss                zero     0x20003028     0x38  tim.o [1]
  .bss                zero     0x20003060     0x28  usart.o [1]
  .bss                zero     0x20003088      0xc  adc.o [1]
  .bss                zero     0x20003094      0x8  app_data.o [1]
  .bss                zero     0x2000309c      0x8  xxmemxmalloc.o [3]
  .bss                zero     0x200030a4      0x4  app_data.o [1]
  .bss                zero     0x200030a8      0x4  bgm111.o [1]
  .bss                zero     0x200030ac      0x4  bgm111.o [1]
  .bss                zero     0x200030b0      0x4  bgm111.o [1]
  .bss                zero     0x200030b4      0x4  bgm111.o [1]
  .bss                zero     0x200030b8      0x4  bgm111.o [1]
  .bss                zero     0x200030bc      0x4  stm32l1xx_hal.o [1]
  .bss                zero     0x200030c0      0x4  tasks.o [1]
  .bss                zero     0x200030c4      0x4  tasks.o [1]
  .bss                zero     0x200030c8      0x4  tasks.o [1]
  .bss                zero     0x200030cc      0x4  tasks.o [1]
  .bss                zero     0x200030d0      0x4  tasks.o [1]
  .bss                zero     0x200030d4      0x4  tasks.o [1]
  .bss                zero     0x200030d8      0x4  tasks.o [1]
  .bss                zero     0x200030dc      0x4  tasks.o [1]
  .bss                zero     0x200030e0      0x4  tasks.o [1]
  .bss                zero     0x200030e4      0x4  tasks.o [1]
  .bss                zero     0x200030e8      0x4  tasks.o [1]
  .bss                zero     0x200030ec      0x4  usart.o [1]
  .bss                zero     0x200030f0      0x4  usart.o [1]
  .bss                zero     0x200030f4      0x4  xgetmemchunk.o [3]
  .bss                zero     0x200030f8      0x2  app_data.o [1]
  .bss                zero     0x200030fa      0x2  app_data.o [1]
  .bss                zero     0x200030fc      0x1  adc.o [1]
  .bss                zero     0x200030fd      0x1  adc.o [1]
  .bss                zero     0x200030fe      0x1  adc.o [1]
  .bss                zero     0x200030ff      0x1  bgm111.o [1]
  .bss                zero     0x20003100      0x1  bgm111.o [1]
  .bss                zero     0x20003101      0x1  bgm111.o [1]
  .bss                zero     0x20003102      0x1  tim.o [1]
  .bss                zero     0x20003103      0x1  tim.o [1]
  .bss                zero     0x20003104      0x1  usart.o [1]
  .bss                zero     0x20003105      0x1  usart.o [1]
  .bss                zero     0x20003106      0x1  usart.o [1]
  .bss                zero     0x20003107      0x1  usbd_ctlreq.o [1]
                             - 0x20003108   0x23b8


*******************************************************************************
*** INIT TABLE
***

          Address     Size
          -------     ----
Zero (__iar_zero_init3)
    1 destination range, total size 0x23b8:
          0x20000d50  0x23b8

Copy/packbits (__iar_packbits_init_single3)
    1 source range, total size 0x54 (25% of destination):
          0x08011b20    0x54
    1 destination range, total size 0x14c:
          0x20000000   0x14c



*******************************************************************************
*** MODULE SUMMARY
***

    Module                        ro code  ro data  rw data
    ------                        -------  -------  -------
D:\GoogleDriveCLT\GoogleDrive\WeatherCloud\Roadboard\Software\Road-Board-December-2016\EWARM\Road Brd MSTR Rev L\Obj: [1]
    ErrorCodes.o                      200      260      804
    GridEye.o                       3 480       24
    Humidity.o                      1 736       32
    RGBLight.o                        836       16
    Rd_Sound.o                        560        8      384
    Temperature.o                     364       24
    VMonitor.o                      1 216       40
    adc.o                             700        3      167
    app_data.o                      4 132       20    1 184
    barometer.o                       504       40
    bgm111.o                        1 900       18    5 471
    cmsis_os.o                         16
    dma.o                              48
    fix_fft.o                         604      128
    gecko_bglib.o                     428
    gpio.o                            452       29       36
    i2c.o                           1 244                60
    list.o                             64
    lps25hb.o                         584
    main.o                          1 182      256
    parser.o                        7 762    4 648
    port.o                             36
    portasm.o                         148
    startup_stm32l152xe.o             512
    stm32l1xx_hal.o                    72                 4
    stm32l1xx_hal_adc.o             2 090
    stm32l1xx_hal_cortex.o            432
    stm32l1xx_hal_dma.o             3 838
    stm32l1xx_hal_gpio.o              888
    stm32l1xx_hal_i2c.o             4 120
    stm32l1xx_hal_msp.o               152
    stm32l1xx_hal_pcd.o             4 212
    stm32l1xx_hal_pwr_ex.o             16
    stm32l1xx_hal_rcc.o             3 284       16
    stm32l1xx_hal_tim.o               986
    stm32l1xx_hal_tim_ex.o             94
    stm32l1xx_hal_timebase_TIM.o      144                56
    stm32l1xx_hal_uart.o            2 280
    stm32l1xx_it.o                    132
    system_stm32l1xx.o                100       25        4
    tasks.o                           548               184
    tim.o                             548        3      126
    usart.o                         1 212        1      183
    usbd_conf.o                       408               544
    usbd_core.o                       712
    usbd_ctlreq.o                   1 544                 1
    usbd_ioreq.o                      144
    -------------------------------------------------------
    Total:                         56 664    5 591    9 208

command line: [2]
    -------------------------------------------------------
    Total:

dl7M_tlf.a: [3]
    div.o                              14
    errno.o                            12        1        4
    exit.o                              4
    localeconv.o                      108       34      136
    low_level_init.o                    4
    setlocale.o                        20       30      116
    sprintf.o                          52
    strcat.o                           28
    xencoding_sb.o                     96
    xgetmemchunk.o                     44                 4
    xmbcurmax.o                        10
    xmbtowc.o                          32
    xprintffull.o                   4 510
    xsprout.o                          10
    xtls.o                              2
    xwctomb.o                          26
    xxmemxfree.o                      128
    xxmemxmalloc.o                    176                 8
    -------------------------------------------------------
    Total:                          5 276       65      268

m7M_tl.a: [4]
    DblAdd.o                          232
    DblCmpGe.o                         46
    DblCmpLe.o                         46
    DblDiv.o                          598
    DblMul.o                          418
    DblSub.o                          384
    DblToFlt.o                        144
    DblToI32.o                         88
    FltAdd.o                          132
    FltCmpGe.o                         36
    FltDiv.o                          252
    FltMul.o                          216
    FltSub.o                          214
    FltToDbl.o                         78
    FltToS32.o                         68
    I32ToDbl.o                         48
    I32ToFlt.o                         50
    modf.o                            184
    round.o                            68
    sqrt.o                            240
    xdint.o                           122
    xdnorm.o                           68
    xdscale.o                         268
    -------------------------------------------------------
    Total:                          4 000

rt7M_tl.a: [5]
    ABImemcpy_unaligned.o             118
    I64DivMod.o                       238
    I64DivZer.o                         2
    cexit.o                            10
    cmain.o                            26
    cstartup_M.o                       12
    data_init.o                        40
    iarEdom.o                          12
    memchr.o                           88
    packbits_init_single.o             56
    strchr.o                           22
    strcmp_unaligned.o                 66
    strcpy_unaligned.o                 68
    strlen.o                           54
    zero_init3.o                       64
    -------------------------------------------------------
    Total:                            876

shb_l.a: [6]
    exit.o                             20
    -------------------------------------------------------
    Total:                             20

    Gaps                               40
    Linker created                              32    3 072
-----------------------------------------------------------
    Grand Total:                   66 876    5 688   12 548


*******************************************************************************
*** ENTRY LIST
***

Entry                      Address    Size  Type      Object
-----                      -------    ----  ----      ------
.iar.init_table$$Base   0x080113c8           --   Gb  - Linker created -
.iar.init_table$$Limit  0x080113e8           --   Gb  - Linker created -
?main                   0x08011581          Code  Gb  cmain.o [5]
ADC_Channel             0x200030fe     0x1  Data  Lc  adc.o [1]
ADC_Config              0x080060ab    0xbe  Code  Gb  adc.o [1]
ADC_ConversionStop_Disable
                        0x0800b245    0x4a  Code  Gb  stm32l1xx_hal_adc.o [1]
ADC_DMAConvCplt         0x0800b291    0x6e  Code  Lc  stm32l1xx_hal_adc.o [1]
ADC_DMAError            0x0800b311    0x1e  Code  Lc  stm32l1xx_hal_adc.o [1]
ADC_DMAHalfConvCplt     0x0800b301     0xe  Code  Lc  stm32l1xx_hal_adc.o [1]
ADC_Enable              0x0800b1a7    0x72  Code  Gb  stm32l1xx_hal_adc.o [1]
AHBPrescTable           0x08011838    0x10  Data  Gb  system_stm32l1xx.o [1]
APBPrescTable           0x08011a08     0x8  Data  Gb  system_stm32l1xx.o [1]
BGM111_Connected        0x08007b41     0xa  Code  Gb  bgm111.o [1]
BGM111_Init             0x0800795f    0x32  Code  Gb  bgm111.o [1]
BGM111_LowLevel_Init    0x0800787f    0x20  Code  Gb  bgm111.o [1]
BGM111_Peek             0x08007955     0xa  Code  Gb  bgm111.o [1]
BGM111_ProcessInput     0x08007991   0x17c  Code  Gb  bgm111.o [1]
BGM111_Ready            0x08007b37     0xa  Code  Gb  bgm111.o [1]
BGM111_Receive          0x080078f7    0x5e  Code  Gb  bgm111.o [1]
BGM111_Transmit         0x08007bd1    0xea  Code  Gb  bgm111.o [1]
BGM111_UART_IRQHandler  0x08007b4b    0x84  Code  Gb  bgm111.o [1]
BGM111_WriteCharacteristic
                        0x08007b0d    0x2a  Code  Gb  bgm111.o [1]
BufFree                 0x080078dd    0x1a  Code  Gb  bgm111.o [1]
BufUsed                 0x080078cb    0x12  Code  Gb  bgm111.o [1]
CSTACK$$Base            0x20000150           --   Gb  - Linker created -
CSTACK$$Limit           0x20000950           --   Gb  - Linker created -
Clear_Timer2_Flg        0x0800d0c5     0x8  Code  Gb  tim.o [1]
Clr_HeartBeat           0x08003839     0x8  Code  Gb  app_data.o [1]
Clr_HrtBeat_Cnt         0x08003823     0x8  Code  Gb  app_data.o [1]
CodesArray              0x08010480    0x44  Data  Gb  ErrorCodes.o [1]
DMA1_Channel1_IRQHandler
                        0x0801025d     0xa  Code  Gb  stm32l1xx_it.o [1]
DMA_SetConfig           0x0800c20d    0x22  Code  Lc  stm32l1xx_hal_dma.o [1]
Error_Handler           0x080073bd    0x2e  Code  Gb  main.o [1]
FIX_MPY                 0x0800c22f    0x1c  Code  Gb  fix_fft.o [1]
Get_DriverStates        0x0800374d    0x54  Code  Gb  app_data.o [1]
Get_DriverStatus        0x080037b9    0x6a  Code  Gb  app_data.o [1]
HAL_ADC_ConfigChannel   0x0800afc1   0x1e6  Code  Gb  stm32l1xx_hal_adc.o [1]
HAL_ADC_ConvCpltCallback
                        0x080061e7     0xe  Code  Gb  adc.o [1]
HAL_ADC_ConvHalfCpltCallback
                        0x08006225     0x2  Code  Gb  adc.o [1]
HAL_ADC_DeInit          0x0800accb   0x134  Code  Gb  stm32l1xx_hal_adc.o [1]
HAL_ADC_ErrorCallback   0x08006227     0xa  Code  Gb  adc.o [1]
HAL_ADC_Init            0x0800ab05   0x1c6  Code  Gb  stm32l1xx_hal_adc.o [1]
HAL_ADC_MspDeInit       0x08006083    0x28  Code  Gb  adc.o [1]
HAL_ADC_MspInit         0x08005ffd    0x86  Code  Gb  adc.o [1]
HAL_ADC_Start           0x0800adff    0x88  Code  Gb  stm32l1xx_hal_adc.o [1]
HAL_ADC_Start_DMA       0x0800ae87    0xcc  Code  Gb  stm32l1xx_hal_adc.o [1]
HAL_ADC_Stop_DMA        0x0800af53    0x6e  Code  Gb  stm32l1xx_hal_adc.o [1]
HAL_DMA_Abort           0x0800b86b    0x54  Code  Gb  stm32l1xx_hal_dma.o [1]
HAL_DMA_DeInit          0x0800b389   0x43e  Code  Gb  stm32l1xx_hal_dma.o [1]
HAL_DMA_IRQHandler      0x0800b8c5   0x906  Code  Gb  stm32l1xx_hal_dma.o [1]
HAL_DMA_Init            0x0800b331    0x58  Code  Gb  stm32l1xx_hal_dma.o [1]
HAL_DMA_Start_IT        0x0800b7fd    0x6e  Code  Gb  stm32l1xx_hal_dma.o [1]
HAL_Delay               0x0800aae5    0x1a  Code  Wk  stm32l1xx_hal.o [1]
HAL_GPIO_DeInit         0x080075bf   0x13c  Code  Gb  stm32l1xx_hal_gpio.o [1]
HAL_GPIO_Init           0x080073ed   0x1d2  Code  Gb  stm32l1xx_hal_gpio.o [1]
HAL_GPIO_ReadPin        0x080076fb    0x18  Code  Gb  stm32l1xx_hal_gpio.o [1]
HAL_GPIO_TogglePin      0x08007727     0xa  Code  Gb  stm32l1xx_hal_gpio.o [1]
HAL_GPIO_WritePin       0x08007713    0x14  Code  Gb  stm32l1xx_hal_gpio.o [1]
HAL_GetTick             0x0800aadf     0x6  Code  Wk  stm32l1xx_hal.o [1]
HAL_I2C_ER_IRQHandler   0x0800a329    0xce  Code  Gb  stm32l1xx_hal_i2c.o [1]
HAL_I2C_EV_IRQHandler   0x0800a1f5   0x134  Code  Gb  stm32l1xx_hal_i2c.o [1]
HAL_I2C_ErrorCallback   0x0800a403     0x2  Code  Wk  stm32l1xx_hal_i2c.o [1]
HAL_I2C_GetError        0x0800a40b     0x4  Code  Gb  stm32l1xx_hal_i2c.o [1]
HAL_I2C_GetState        0x0800a405     0x6  Code  Gb  stm32l1xx_hal_i2c.o [1]
HAL_I2C_Init            0x08009aa5   0x172  Code  Gb  stm32l1xx_hal_i2c.o [1]
HAL_I2C_MasterRxCpltCallback
                        0x0800a3f9     0x2  Code  Wk  stm32l1xx_hal_i2c.o [1]
HAL_I2C_MasterTxCpltCallback
                        0x0800a3f7     0x2  Code  Wk  stm32l1xx_hal_i2c.o [1]
HAL_I2C_Master_Receive  0x08009d4f   0x256  Code  Gb  stm32l1xx_hal_i2c.o [1]
HAL_I2C_Master_Receive_IT
                        0x0800a08b   0x14e  Code  Gb  stm32l1xx_hal_i2c.o [1]
HAL_I2C_Master_Transmit
                        0x08009c17   0x138  Code  Gb  stm32l1xx_hal_i2c.o [1]
HAL_I2C_Master_Transmit_IT
                        0x08009fa5    0xe6  Code  Gb  stm32l1xx_hal_i2c.o [1]
HAL_I2C_MemRxCpltCallback
                        0x0800a401     0x2  Code  Wk  stm32l1xx_hal_i2c.o [1]
HAL_I2C_MemTxCpltCallback
                        0x0800a3ff     0x2  Code  Wk  stm32l1xx_hal_i2c.o [1]
HAL_I2C_MspInit         0x0800594b    0x50  Code  Gb  i2c.o [1]
HAL_I2C_SlaveRxCpltCallback
                        0x0800a3fd     0x2  Code  Wk  stm32l1xx_hal_i2c.o [1]
HAL_I2C_SlaveTxCpltCallback
                        0x0800a3fb     0x2  Code  Wk  stm32l1xx_hal_i2c.o [1]
HAL_IncTick             0x0800aad3     0xc  Code  Wk  stm32l1xx_hal.o [1]
HAL_Init                0x0800aabd    0x16  Code  Gb  stm32l1xx_hal.o [1]
HAL_InitTick            0x0800ddd1    0x80  Code  Gb  stm32l1xx_hal_timebase_TIM.o [1]
HAL_MspInit             0x0800de61    0x98  Code  Gb  stm32l1xx_hal_msp.o [1]
HAL_NVIC_DisableIRQ     0x08005f05     0xe  Code  Gb  stm32l1xx_hal_cortex.o [1]
HAL_NVIC_EnableIRQ      0x08005ef7     0xe  Code  Gb  stm32l1xx_hal_cortex.o [1]
HAL_NVIC_SetPriority    0x08005ed1    0x26  Code  Gb  stm32l1xx_hal_cortex.o [1]
HAL_NVIC_SetPriorityGrouping
                        0x08005ec5     0xc  Code  Gb  stm32l1xx_hal_cortex.o [1]
HAL_NVIC_SystemReset    0x08005f13     0x8  Code  Gb  stm32l1xx_hal_cortex.o [1]
HAL_PCD_DataInStageCallback
                        0x0800f49d    0x20  Code  Gb  usbd_conf.o [1]
HAL_PCD_DataOutStageCallback
                        0x0800f47b    0x22  Code  Gb  usbd_conf.o [1]
HAL_PCD_EP_ClrStall     0x0800f35b   0x10a  Code  Gb  stm32l1xx_hal_pcd.o [1]
HAL_PCD_EP_Open         0x0800ea0d   0x476  Code  Gb  stm32l1xx_hal_pcd.o [1]
HAL_PCD_EP_Receive      0x0800ee83   0x1ac  Code  Gb  stm32l1xx_hal_pcd.o [1]
HAL_PCD_EP_SetStall     0x0800f27d    0xde  Code  Gb  stm32l1xx_hal_pcd.o [1]
HAL_PCD_EP_Transmit     0x0800f02f   0x24e  Code  Gb  stm32l1xx_hal_pcd.o [1]
HAL_PCD_IRQHandler      0x0800e897   0x144  Code  Gb  stm32l1xx_hal_pcd.o [1]
HAL_PCD_ResetCallback   0x0800f4cb    0x2c  Code  Gb  usbd_conf.o [1]
HAL_PCD_ResumeCallback  0x0800f517     0xe  Code  Gb  usbd_conf.o [1]
HAL_PCD_SOFCallback     0x0800f4bd     0xe  Code  Gb  usbd_conf.o [1]
HAL_PCD_SetAddress      0x0800e9db    0x32  Code  Gb  stm32l1xx_hal_pcd.o [1]
HAL_PCD_SetupStageCallback
                        0x0800f465    0x16  Code  Gb  usbd_conf.o [1]
HAL_PCD_SuspendCallback
                        0x0800f4f7    0x20  Code  Gb  usbd_conf.o [1]
HAL_PWREx_GetVoltageRange
                        0x0800df05     0xa  Code  Gb  stm32l1xx_hal_pwr_ex.o [1]
HAL_RCC_ClockConfig     0x0800ca83   0x2a0  Code  Gb  stm32l1xx_hal_rcc.o [1]
HAL_RCC_GetClockConfig  0x0800ce29    0x3a  Code  Gb  stm32l1xx_hal_rcc.o [1]
HAL_RCC_GetHCLKFreq     0x0800cdcd     0x6  Code  Gb  stm32l1xx_hal_rcc.o [1]
HAL_RCC_GetPCLK1Freq    0x0800cdd3    0x20  Code  Gb  stm32l1xx_hal_rcc.o [1]
HAL_RCC_GetPCLK2Freq    0x0800cdf3    0x20  Code  Gb  stm32l1xx_hal_rcc.o [1]
HAL_RCC_GetSysClockFreq
                        0x0800cd23    0xaa  Code  Gb  stm32l1xx_hal_rcc.o [1]
HAL_RCC_OscConfig       0x0800c259   0x82a  Code  Gb  stm32l1xx_hal_rcc.o [1]
HAL_SYSTICK_CLKSourceConfig
                        0x08005f27    0x22  Code  Gb  stm32l1xx_hal_cortex.o [1]
HAL_SYSTICK_Config      0x08005f1b     0xc  Code  Gb  stm32l1xx_hal_cortex.o [1]
HAL_TIMEx_MasterConfigSynchronization
                        0x0800e2ef    0x5e  Code  Gb  stm32l1xx_hal_tim_ex.o [1]
HAL_TIM_Base_Init       0x0800df15    0x38  Code  Gb  stm32l1xx_hal_tim.o [1]
HAL_TIM_Base_MspInit    0x0800d027    0x48  Code  Gb  tim.o [1]
HAL_TIM_Base_Start_IT   0x0800df4d    0x1e  Code  Gb  stm32l1xx_hal_tim.o [1]
HAL_TIM_ConfigClockSource
                        0x0800e0a5   0x122  Code  Gb  stm32l1xx_hal_tim.o [1]
HAL_TIM_IC_CaptureCallback
                        0x0800e1c9     0x2  Code  Wk  stm32l1xx_hal_tim.o [1]
HAL_TIM_IRQHandler      0x0800df6b   0x13a  Code  Gb  stm32l1xx_hal_tim.o [1]
HAL_TIM_OC_DelayElapsedCallback
                        0x0800e1c7     0x2  Code  Wk  stm32l1xx_hal_tim.o [1]
HAL_TIM_PWM_PulseFinishedCallback
                        0x0800e1cb     0x2  Code  Wk  stm32l1xx_hal_tim.o [1]
HAL_TIM_PeriodElapsedCallback
                        0x0800d06f    0x56  Code  Gb  tim.o [1]
HAL_TIM_StartTimer2     0x0800d131    0x12  Code  Gb  tim.o [1]
HAL_TIM_StartTimer3     0x0800d143    0x12  Code  Gb  tim.o [1]
HAL_TIM_TriggerCallback
                        0x0800e1cd     0x2  Code  Wk  stm32l1xx_hal_tim.o [1]
HAL_UART_EnableBGM_RX   0x0800267b    0x32  Code  Gb  usart.o [1]
HAL_UART_EnableBGM_TXE  0x08002669    0x12  Code  Gb  usart.o [1]
HAL_UART_ErrorCallback  0x08002667     0x2  Code  Gb  usart.o [1]
HAL_UART_IRQHandler     0x080068cb   0x11a  Code  Gb  stm32l1xx_hal_uart.o [1]
HAL_UART_Init           0x08006665    0x72  Code  Gb  stm32l1xx_hal_uart.o [1]
HAL_UART_MspInit        0x080022df    0xba  Code  Gb  usart.o [1]
HAL_UART_Receive_IT     0x08006843    0x88  Code  Gb  stm32l1xx_hal_uart.o [1]
HAL_UART_RxCpltCallback
                        0x080025b7    0xb0  Code  Gb  usart.o [1]
HAL_UART_RxCpltCallback::len
                        0x200030f0     0x4  Data  Lc  usart.o [1]
HAL_UART_RxCpltCallback::temp_ptr
                        0x200030ec     0x4  Data  Lc  usart.o [1]
HAL_UART_Transmit       0x080066d7    0xfc  Code  Gb  stm32l1xx_hal_uart.o [1]
HAL_UART_Transmit_IT    0x080067d3    0x70  Code  Gb  stm32l1xx_hal_uart.o [1]
HAL_UART_TxCpltCallback
                        0x0800257b    0x20  Code  Gb  usart.o [1]
HEAP$$Base              0x20000950           --   Gb  - Linker created -
HEAP$$Limit             0x20000d50           --   Gb  - Linker created -
I2C1_ER_IRQHandler      0x08010299     0xa  Code  Gb  stm32l1xx_it.o [1]
I2C1_EV_IRQHandler      0x0801028f     0xa  Code  Gb  stm32l1xx_it.o [1]
I2C_IsAcknowledgeFailed
                        0x0800aa93    0x2a  Code  Lc  stm32l1xx_hal_i2c.o [1]
I2C_MasterReceive_BTF   0x0800a513    0xa6  Code  Lc  stm32l1xx_hal_i2c.o [1]
I2C_MasterReceive_RXNE  0x0800a497    0x7c  Code  Lc  stm32l1xx_hal_i2c.o [1]
I2C_MasterRequestRead   0x0800a755   0x106  Code  Lc  stm32l1xx_hal_i2c.o [1]
I2C_MasterRequestWrite  0x0800a6bf    0x96  Code  Lc  stm32l1xx_hal_i2c.o [1]
I2C_MasterTransmit_BTF  0x0800a43b    0x5c  Code  Lc  stm32l1xx_hal_i2c.o [1]
I2C_MasterTransmit_TXE  0x0800a40f    0x2c  Code  Lc  stm32l1xx_hal_i2c.o [1]
I2C_SlaveReceive_BTF    0x0800a613    0x1e  Code  Lc  stm32l1xx_hal_i2c.o [1]
I2C_SlaveReceive_RXNE   0x0800a5f5    0x1e  Code  Lc  stm32l1xx_hal_i2c.o [1]
I2C_SlaveTransmit_BTF   0x0800a5d7    0x1e  Code  Lc  stm32l1xx_hal_i2c.o [1]
I2C_SlaveTransmit_TXE   0x0800a5b9    0x1e  Code  Lc  stm32l1xx_hal_i2c.o [1]
I2C_Slave_ADDR          0x0800a631    0x18  Code  Lc  stm32l1xx_hal_i2c.o [1]
I2C_Slave_AF            0x0800a68b    0x34  Code  Lc  stm32l1xx_hal_i2c.o [1]
I2C_Slave_STOPF         0x0800a649    0x42  Code  Lc  stm32l1xx_hal_i2c.o [1]
I2C_WaitBusyFlag        0x08005c3d    0x12  Code  Gb  i2c.o [1]
I2C_WaitOnFlagUntilTimeout
                        0x0800a865    0xda  Code  Lc  stm32l1xx_hal_i2c.o [1]
I2C_WaitOnMasterAddressFlagUntilTimeout
                        0x0800a93f    0x9e  Code  Lc  stm32l1xx_hal_i2c.o [1]
I2C_WaitOnRXNEFlagUntilTimeout
                        0x0800aa2f    0x64  Code  Lc  stm32l1xx_hal_i2c.o [1]
I2C_WaitOnTXEFlagUntilTimeout
                        0x0800a9dd    0x52  Code  Lc  stm32l1xx_hal_i2c.o [1]
InitSensors             0x08002931    0x1e  Code  Gb  app_data.o [1]
IsBufFull               0x080078ad    0x1e  Code  Gb  bgm111.o [1]
LPS25HB_GetPressure     0x080091cd    0x2c  Code  Gb  lps25hb.o [1]
LPS25HB_GetTemperature  0x0800923b    0x2e  Code  Gb  lps25hb.o [1]
LPS25HB_I2C_GetRawTemperature
                        0x080091f9     0xc  Code  Gb  lps25hb.o [1]
LPS25HB_I2C_ReadRawPressure
                        0x08009183    0x4a  Code  Lc  lps25hb.o [1]
LPS25HB_I2C_ReadRawTemperature
                        0x08009205    0x36  Code  Lc  lps25hb.o [1]
LPS25HB_Init            0x08009071   0x112  Code  Gb  lps25hb.o [1]
LPS25HB_PowerOn         0x08009269    0x48  Code  Lc  lps25hb.o [1]
LoadInt                 0x0800853f    0x70  Code  Lc  xprintffull.o [3]
MX_ADC_Init             0x08005f75    0x88  Code  Gb  adc.o [1]
MX_DMA_Init             0x0800cf2d    0x30  Code  Gb  dma.o [1]
MX_GPIO_Init            0x08005725   0x13a  Code  Gb  gpio.o [1]
MX_I2C1_Init            0x080058e9    0x62  Code  Gb  i2c.o [1]
MX_I2C1_Reset           0x0800599b    0x50  Code  Gb  i2c.o [1]
MX_TIM2_Init            0x0800cf5d    0x66  Code  Gb  tim.o [1]
MX_TIM3_Init            0x0800cfc3    0x64  Code  Gb  tim.o [1]
MX_USART2_UART_Init     0x0800222d    0x58  Code  Gb  usart.o [1]
MX_USART3_UART_Init     0x08002285    0x5a  Code  Gb  usart.o [1]
ModuleArray             0x08011548    0x1c  Data  Gb  ErrorCodes.o [1]
NVIC_DisableIRQ         0x08005e01    0x14  Code  Lc  stm32l1xx_hal_cortex.o [1]
NVIC_EnableIRQ          0x08005ded    0x14  Code  Lc  stm32l1xx_hal_cortex.o [1]
NVIC_EncodePriority     0x08005e3b    0x3e  Code  Lc  stm32l1xx_hal_cortex.o [1]
NVIC_GetPriorityGrouping
                        0x08005de3     0xa  Code  Lc  stm32l1xx_hal_cortex.o [1]
NVIC_SetPriority        0x08005e15    0x26  Code  Lc  stm32l1xx_hal_cortex.o [1]
NVIC_SetPriorityGrouping
                        0x08005dc5    0x1e  Code  Lc  stm32l1xx_hal_cortex.o [1]
NVIC_SystemReset        0x08005e79    0x1c  Code  Lc  stm32l1xx_hal_cortex.o [1]
NextBufIdx              0x0800789f     0xe  Code  Gb  bgm111.o [1]
PCD_EP_ISR_Handler      0x0800e3f1   0x43a  Code  Lc  stm32l1xx_hal_pcd.o [1]
PCD_ReadPMA             0x0800e86b    0x2c  Code  Lc  stm32l1xx_hal_pcd.o [1]
PCD_WritePMA            0x0800e82b    0x40  Code  Lc  stm32l1xx_hal_pcd.o [1]
PendSV_Handler          0x08010181          Code  Gb  portasm.o [1]
Proc_Timer2             0x0800d0dd    0x54  Code  Gb  tim.o [1]
ProcessSensorState      0x08002965   0xbb4  Code  Gb  app_data.o [1]
Process_RdSound         0x0800353d    0xda  Code  Gb  app_data.o [1]
RBIsBufFull             0x080097cf    0x1e  Code  Gb  ErrorCodes.o [1]
RBNextBufIdx            0x080097c1     0xe  Code  Gb  ErrorCodes.o [1]
RCC_SetFlashLatencyFromMSIRange
                        0x0800ce69    0x90  Code  Lc  stm32l1xx_hal_rcc.o [1]
RdBrdI2C_WaitOnFlagUntilTimeout
                        0x08005c4f    0xda  Code  Lc  i2c.o [1]
RdBrd_ErrCdLogErrCd     0x080097ed    0x88  Code  Gb  ErrorCodes.o [1]
RdSndTickCnt            0x20000040     0x4  Data  Lc  tim.o [1]
Region$$Table$$Base     0x080113c8           --   Gb  - Linker created -
Region$$Table$$Limit    0x080113e8           --   Gb  - Linker created -
Reset_DriverStates      0x080036a5    0x32  Code  Gb  app_data.o [1]
RoadBrdSnd_ClearImgnryBffr
                        0x08001fb9    0x14  Code  Gb  Rd_Sound.o [1]
RoadBrdSnd_ClrBffrs     0x080021ad    0x20  Code  Gb  Rd_Sound.o [1]
RoadBrdSnd_DumpBin0     0x080020a3    0x40  Code  Gb  Rd_Sound.o [1]
RoadBrdSnd_DumpBin16    0x080020e3    0x42  Code  Gb  Rd_Sound.o [1]
RoadBrdSnd_DumpBin32    0x08002125    0x44  Code  Gb  Rd_Sound.o [1]
RoadBrdSnd_DumpBin48    0x08002169    0x44  Code  Gb  Rd_Sound.o [1]
RoadBrdSnd_ProcessSound
                        0x0800201d    0x86  Code  Gb  Rd_Sound.o [1]
RoadBrdSnd_SampleSound  0x08001fd1    0x4c  Code  Gb  Rd_Sound.o [1]
RoadBrdSnd_getSaveBffr  0x08001fcd     0x4  Code  Gb  Rd_Sound.o [1]
RoadBrd_ADC_PORT        0x20000000     0xc  Data  Gb  adc.o [1]
RoadBrd_ADC_Start       0x08006169    0x6e  Code  Gb  adc.o [1]
RoadBrd_ADC_Status      0x080061d7    0x10  Code  Gb  adc.o [1]
RoadBrd_Baro_ReadPressure
                        0x0800278d    0x88  Code  Gb  barometer.o [1]
RoadBrd_Baro_ReadTemp   0x08002815    0xa6  Code  Gb  barometer.o [1]
RoadBrd_CoolEyeInit     0x08003955    0x6a  Code  Gb  GridEye.o [1]
RoadBrd_CoolEye_ReadValues
                        0x080039c1   0x5b8  Code  Gb  GridEye.o [1]
RoadBrd_Delay           0x08005c33     0xa  Code  Gb  i2c.o [1]
RoadBrd_GetBGPtr        0x080024b1     0x6  Code  Gb  usart.o [1]
RoadBrd_GetBffrFlg      0x080024c1     0x6  Code  Gb  usart.o [1]
RoadBrd_GridEyeInit     0x08003f7d    0xd6  Code  Gb  GridEye.o [1]
RoadBrd_GridEyeReset    0x08004053    0x96  Code  Gb  GridEye.o [1]
RoadBrd_GridEye_ReadValues
                        0x080040e9   0x5d0  Code  Gb  GridEye.o [1]
RoadBrd_HumidityInit    0x08004bad    0xa6  Code  Gb  Humidity.o [1]
RoadBrd_Humidity_ReadHumidity
                        0x08004c53   0x2f8  Code  Gb  Humidity.o [1]
RoadBrd_Humidity_ReadTemperature
                        0x08004f51   0x2f0  Code  Gb  Humidity.o [1]
RoadBrd_I2C_GetError    0x08005be5     0xa  Code  Gb  i2c.o [1]
RoadBrd_I2C_GetState    0x08005bef     0xa  Code  Gb  i2c.o [1]
RoadBrd_I2C_Master_CmdReceive
                        0x08005b23    0x60  Code  Gb  i2c.o [1]
RoadBrd_I2C_Master_Receive
                        0x08005b83    0x36  Code  Gb  i2c.o [1]
RoadBrd_I2C_Master_Receive_IT
                        0x08005bb9    0x2c  Code  Gb  i2c.o [1]
RoadBrd_I2C_Master_Transmit
                        0x08005aed    0x36  Code  Gb  i2c.o [1]
RoadBrd_I2C_Master_Transmit_CMDData
                        0x08005a53    0x6e  Code  Gb  i2c.o [1]
RoadBrd_I2C_Master_Transmit_CMDData_IT
                        0x080059eb    0x68  Code  Gb  i2c.o [1]
RoadBrd_I2C_Master_Transmit_IT
                        0x08005ac1    0x2c  Code  Gb  i2c.o [1]
RoadBrd_Init_Barometer  0x08002739    0x54  Code  Gb  barometer.o [1]
RoadBrd_Init_VMonitor   0x080046ed    0xb6  Code  Gb  VMonitor.o [1]
RoadBrd_LED_On          0x0800585f    0x1c  Code  Gb  gpio.o [1]
RoadBrd_LED_PIN         0x080116e0    0x14  Data  Gb  gpio.o [1]
RoadBrd_LED_PORT        0x20000014    0x24  Data  Gb  gpio.o [1]
RoadBrd_LED_Toggle      0x0800587b    0x1a  Code  Gb  gpio.o [1]
RoadBrd_ParseString     0x08000125  0x1cb0  Code  Gb  parser.o [1]
RoadBrd_ProcessBGMChar  0x08007cdb   0x18a  Code  Gb  bgm111.o [1]
RoadBrd_ProcessBGMChar::header_cnt
                        0x200030ff     0x1  Data  Lc  bgm111.o [1]
RoadBrd_ProcessBGMChar::payload_cnt
                        0x20003100     0x1  Data  Lc  bgm111.o [1]
RoadBrd_ProcessBGMChar::payload_len
                        0x20003101     0x1  Data  Lc  bgm111.o [1]
RoadBrd_RGBFullInit     0x08005431    0x54  Code  Gb  RGBLight.o [1]
RoadBrd_RGBInit         0x080053e1    0x50  Code  Gb  RGBLight.o [1]
RoadBrd_RGBReadID       0x080054c9    0x96  Code  Gb  RGBLight.o [1]
RoadBrd_RGBReadStatus   0x0800555f    0x96  Code  Gb  RGBLight.o [1]
RoadBrd_RGBReadValues   0x080055f5   0x120  Code  Gb  RGBLight.o [1]
RoadBrd_RGBReset        0x08005485    0x44  Code  Gb  RGBLight.o [1]
RoadBrd_ReadTemp        0x08005275   0x16c  Code  Gb  Temperature.o [1]
RoadBrd_SetBffrFlg      0x080024b7     0xa  Code  Gb  usart.o [1]
RoadBrd_TestI2C         0x08005d29    0x8a  Code  Gb  i2c.o [1]
RoadBrd_TestandRead_Barometer
                        0x080028e5    0x4c  Code  Gb  barometer.o [1]
RoadBrd_UART_Receive_IT
                        0x080024c7    0x7a  Code  Gb  usart.o [1]
RoadBrd_UART_Transmit   0x08002399    0x90  Code  Gb  usart.o [1]
RoadBrd_UART_Transmit_IT
                        0x08002429    0x88  Code  Gb  usart.o [1]
RoadBrd_Uart_GetState   0x08002559    0x22  Code  Gb  usart.o [1]
RoadBrd_Uart_Status     0x08002541    0x18  Code  Gb  usart.o [1]
RoadBrd_VMonitor_RdCurrent
                        0x0800488f    0xec  Code  Gb  VMonitor.o [1]
RoadBrd_VMonitor_RdPower
                        0x0800497b    0xf4  Code  Gb  VMonitor.o [1]
RoadBrd_VMonitor_RdShntVltg
                        0x080047a3    0xec  Code  Gb  VMonitor.o [1]
RoadBrd_VMonitor_RdVoltage
                        0x08004a75    0xf2  Code  Gb  VMonitor.o [1]
RoadBrd_WaitForState    0x08005bf9    0x3a  Code  Gb  i2c.o [1]
RoadBrd_gpio_Off        0x080058b1    0x1c  Code  Gb  gpio.o [1]
RoadBrd_gpio_On         0x08005895    0x1c  Code  Gb  gpio.o [1]
SVC_Handler             0x080101d3          Code  Gb  portasm.o [1]
SetDataReady            0x0800294f     0x8  Code  Gb  app_data.o [1]
Set_DriverStates        0x080036e9    0x50  Code  Gb  app_data.o [1]
Set_HeartBeat           0x08003831     0x8  Code  Gb  app_data.o [1]
Sinewave                0x0801030c    0x80  Data  Gb  fix_fft.o [1]
SnsrTickCnt             0x2000003c     0x4  Data  Lc  tim.o [1]
SysTick_Config          0x08005e95    0x30  Code  Lc  stm32l1xx_hal_cortex.o [1]
SysTick_Handler         0x08010255     0x8  Code  Gb  stm32l1xx_it.o [1]
SystemClock_Config      0x080072eb    0xaa  Code  Gb  main.o [1]
SystemCoreClock         0x20000038     0x4  Data  Gb  system_stm32l1xx.o [1]
SystemInit              0x0801038d    0x4c  Code  Gb  system_stm32l1xx.o [1]
TIM2_IRQHandler         0x080102a3     0xa  Code  Gb  stm32l1xx_it.o [1]
TIM3_IRQHandler         0x080102ad     0xa  Code  Gb  stm32l1xx_it.o [1]
TIM4_IRQHandler         0x08010271     0xa  Code  Gb  stm32l1xx_it.o [1]
TIM6_IRQHandler         0x08002957     0x8  Code  Gb  app_data.o [1]
TIM_Base_SetConfig      0x0800e1cf    0x70  Code  Lc  stm32l1xx_hal_tim.o [1]
TIM_ETR_SetConfig       0x0800e2d3    0x1c  Code  Lc  stm32l1xx_hal_tim.o [1]
TIM_ITRx_SetConfig      0x0800e2bb    0x18  Code  Lc  stm32l1xx_hal_tim.o [1]
TIM_TI1_ConfigInputStage
                        0x0800e259    0x30  Code  Lc  stm32l1xx_hal_tim.o [1]
TIM_TI2_ConfigInputStage
                        0x0800e289    0x32  Code  Lc  stm32l1xx_hal_tim.o [1]
Test_Connection         0x08003625    0x72  Code  Gb  app_data.o [1]
Test_Connection::HeartBeat_Cnt
                        0x200030fa     0x2  Data  Lc  app_data.o [1]
Test_Connection::connection_cnt
                        0x200030f8     0x2  Data  Lc  app_data.o [1]
Test_Timer2             0x0800d0cd    0x10  Code  Gb  tim.o [1]
Timr2Ready              0x20003102     0x1  Data  Gb  tim.o [1]
Timr3Ready              0x20003103     0x1  Data  Gb  tim.o [1]
TmpData                 0x20002310   0x248  Data  Gb  app_data.o [1]
Tst_HeartBeat           0x0800382b     0x6  Code  Gb  app_data.o [1]
UART_EndTransmit_IT     0x08006b4b    0x32  Code  Lc  stm32l1xx_hal_uart.o [1]
UART_Receive_IT         0x08006b7d    0xc8  Code  Lc  stm32l1xx_hal_uart.o [1]
UART_SetConfig          0x08006c45   0x2fe  Code  Lc  stm32l1xx_hal_uart.o [1]
UART_Transmit_IT        0x08006acf    0x7c  Code  Lc  stm32l1xx_hal_uart.o [1]
UART_WaitOnFlagUntilTimeout
                        0x080069e5    0xea  Code  Lc  stm32l1xx_hal_uart.o [1]
USART2_IRQHandler       0x08010285     0xa  Code  Gb  stm32l1xx_it.o [1]
USART3_IRQHandler       0x0801027b     0xa  Code  Gb  stm32l1xx_it.o [1]
USART_ReceiveData       0x08007cd1     0xa  Code  Gb  bgm111.o [1]
USART_SendData          0x08007cc5     0xc  Code  Gb  bgm111.o [1]
USBD_ClrClassConfig     0x0800f62f    0x18  Code  Gb  usbd_core.o [1]
USBD_ClrFeature         0x0800fe53    0x3a  Code  Lc  usbd_ctlreq.o [1]
USBD_CtlContinueRx      0x0800ff0f    0x1a  Code  Gb  usbd_ioreq.o [1]
USBD_CtlContinueSendData
                        0x0800fef5    0x1a  Code  Gb  usbd_ioreq.o [1]
USBD_CtlError           0x0800feb5    0x18  Code  Gb  usbd_ctlreq.o [1]
USBD_CtlReceiveStatus   0x0800ff43    0x1a  Code  Gb  usbd_ioreq.o [1]
USBD_CtlSendData        0x0800fecd    0x28  Code  Gb  usbd_ioreq.o [1]
USBD_CtlSendStatus      0x0800ff29    0x1a  Code  Gb  usbd_ioreq.o [1]
USBD_GetConfig          0x0800fda5    0x4c  Code  Lc  usbd_ctlreq.o [1]
USBD_GetDescriptor      0x0800fb01   0x164  Code  Lc  usbd_ctlreq.o [1]
USBD_GetStatus          0x0800fdf1    0x3c  Code  Lc  usbd_ctlreq.o [1]
USBD_LL_ClearStallEP    0x0800f55d    0x16  Code  Gb  usbd_conf.o [1]
USBD_LL_DataInStage     0x0800f74f    0xe2  Code  Gb  usbd_core.o [1]
USBD_LL_DataOutStage    0x0800f6bf    0x90  Code  Gb  usbd_core.o [1]
USBD_LL_IsStallEP       0x0800f573    0x30  Code  Gb  usbd_conf.o [1]
USBD_LL_OpenEP          0x0800f525    0x22  Code  Gb  usbd_conf.o [1]
USBD_LL_PrepareReceive  0x0800f5d9    0x20  Code  Gb  usbd_conf.o [1]
USBD_LL_Reset           0x0800f831    0x46  Code  Gb  usbd_core.o [1]
USBD_LL_Resume          0x0800f893     0xe  Code  Gb  usbd_core.o [1]
USBD_LL_SOF             0x0800f8a1    0x24  Code  Gb  usbd_core.o [1]
USBD_LL_SetSpeed        0x0800f877     0x8  Code  Gb  usbd_core.o [1]
USBD_LL_SetUSBAddress   0x0800f5a3    0x16  Code  Gb  usbd_conf.o [1]
USBD_LL_SetupStage      0x0800f647    0x78  Code  Gb  usbd_core.o [1]
USBD_LL_StallEP         0x0800f547    0x16  Code  Gb  usbd_conf.o [1]
USBD_LL_Suspend         0x0800f87f    0x14  Code  Gb  usbd_core.o [1]
USBD_LL_Transmit        0x0800f5b9    0x20  Code  Gb  usbd_conf.o [1]
USBD_ParseSetupRequest  0x0800fe8d    0x28  Code  Gb  usbd_ctlreq.o [1]
USBD_RunTestMode        0x0800f5fd     0x6  Code  Gb  usbd_core.o [1]
USBD_SetAddress         0x0800fc65    0x60  Code  Lc  usbd_ctlreq.o [1]
USBD_SetClassConfig     0x0800f603    0x2c  Code  Gb  usbd_core.o [1]
USBD_SetConfig          0x0800fcc5    0xda  Code  Lc  usbd_ctlreq.o [1]
USBD_SetConfig::cfgidx  0x20003107     0x1  Data  Lc  usbd_ctlreq.o [1]
USBD_SetFeature         0x0800fe2d    0x26  Code  Lc  usbd_ctlreq.o [1]
USBD_StdDevReq          0x0800f8c5    0x7c  Code  Gb  usbd_ctlreq.o [1]
USBD_StdEPReq           0x0800f98d   0x174  Code  Gb  usbd_ctlreq.o [1]
USBD_StdItfReq          0x0800f941    0x4c  Code  Gb  usbd_ctlreq.o [1]
USB_LP_IRQHandler       0x08010267     0xa  Code  Gb  stm32l1xx_it.o [1]
Uart2Ready              0x20003104     0x1  Data  Gb  usart.o [1]
Uart3Ready              0x20003105     0x1  Data  Gb  usart.o [1]
_EncodingSb_Mbtowc      0x0800e37b    0x30  Code  Gb  xencoding_sb.o [3]
_EncodingSb_Mbtowc::initial
                        0x0800e3b8     0x8  Data  Lc  xencoding_sb.o [3]
_EncodingSb_Wctomb      0x0800e361    0x1a  Code  Gb  xencoding_sb.o [3]
_EncodingSb_Wctomb::initial
                        0x0800e3b0     0x8  Data  Lc  xencoding_sb.o [3]
_GenldFull              0x08008dd1   0x254  Code  Lc  xprintffull.o [3]
_IsdstStr               0x200000dc     0x4  Data  Gb  setlocale.o [3]
_LdtobFull              0x080089c5   0x406  Code  Lc  xprintffull.o [3]
_LitobFull              0x080088bb   0x10a  Code  Lc  xprintffull.o [3]
_LocaleEncoding         0x0800e34d     0xe  Code  Gb  setlocale.o [3]
_LocaleReturnString     0x200000fc    0x50  Data  Lc  setlocale.o [3]
_Locale_Profile         0x200000e0    0x1c  Data  Gb  setlocale.o [3]
_Locale_aeabi_lconv     0x2000009c    0x38  Data  Gb  localeconv.o [3]
_Locale_lconv           0x2000004c    0x50  Data  Gb  localeconv.o [3]
_Mbtowc                 0x0800d3a3    0x20  Code  Gb  xmbtowc.o [3]
_PrintfFull             0x08007ed1   0x658  Code  Gb  xprintffull.o [3]
_PutcharsFull           0x08009025    0x2e  Code  Lc  xprintffull.o [3]
_PutstrFull             0x080085af   0x306  Code  Lc  xprintffull.o [3]
_SProut                 0x08001f77     0xa  Code  Gb  xsprout.o [3]
_TzoneStr               0x200000d8     0x4  Data  Gb  setlocale.o [3]
_Wctomb                 0x0800d4f1    0x1a  Code  Gb  xwctomb.o [3]
__aeabi_cdcmple         0x0800d6c1          Code  Gb  DblCmpLe.o [4]
__aeabi_cdrcmple        0x0800d6f1          Code  Gb  DblCmpGe.o [4]
__aeabi_cfrcmple        0x08009901          Code  Gb  FltCmpGe.o [4]
__aeabi_d2f             0x08006591          Code  Gb  DblToFlt.o [4]
__aeabi_d2iz            0x080094ad          Code  Gb  DblToI32.o [4]
__aeabi_d2uiz           0x080094d9          Code  Gb  DblToI32.o [4]
__aeabi_dadd            0x08009695          Code  Gb  DblAdd.o [4]
__aeabi_ddiv            0x0800d9ad          Code  Gb  DblDiv.o [4]
__aeabi_dmul            0x08009309          Code  Gb  DblMul.o [4]
__aeabi_dsub            0x0800d82d          Code  Gb  DblSub.o [4]
__aeabi_errno_addr      0x0800def9     0x6  Code  Gb  errno.o [3]
__aeabi_f2d             0x080092b9          Code  Gb  FltToDbl.o [4]
__aeabi_f2iz            0x08006621          Code  Gb  FltToS32.o [4]
__aeabi_fadd            0x08009a21          Code  Gb  FltAdd.o [4]
__aeabi_fdiv            0x08009925          Code  Gb  FltDiv.o [4]
__aeabi_fmul            0x080095bd          Code  Gb  FltMul.o [4]
__aeabi_i2d             0x08006471          Code  Gb  I32ToDbl.o [4]
__aeabi_i2f             0x08009889          Code  Gb  I32ToFlt.o [4]
__aeabi_ldiv0           0x0800e3ed          Code  Gb  I64DivZer.o [5]
__aeabi_ui2d            0x08006485          Code  Gb  I32ToDbl.o [4]
__aeabi_ui2f            0x0800989d          Code  Gb  I32ToFlt.o [4]
__aeabi_uldivmod        0x0800d58d          Code  Gb  I64DivMod.o [5]
__cmain                 0x08011581          Code  Gb  cmain.o [5]
__data_Aldata           0x2000309c     0x8  Data  Gb  xxmemxmalloc.o [3]
__data_GetMemChunk      0x0800e3c1    0x2c  Code  Gb  xgetmemchunk.o [3]
__data_GetMemChunk::start
                        0x200030f4     0x4  Data  Lc  xgetmemchunk.o [3]
__exit                  0x080115b1    0x14  Code  Gb  exit.o [6]
__iar_Dint              0x0800dc7f    0x7a  Code  Gb  xdint.o [4]
__iar_Dnorm             0x0800d67b    0x44  Code  Gb  xdnorm.o [4]
__iar_Dscale            0x0800d721   0x10c  Code  Gb  xdscale.o [4]
__iar_Errno             0x200000d4     0x4  Data  Gb  errno.o [3]
__iar_Locale_lconv_init
                        0x0800dc05    0x3a  Code  Gb  localeconv.o [3]
__iar_Mbcurmax          0x0800d435     0xa  Code  Gb  xmbcurmax.o [3]
__iar_Memchr            0x0800d3dd          Code  Gb  memchr.o [5]
__iar_Strchr            0x0800d3c5          Code  Gb  strchr.o [5]
__iar_d2uiz             0x080094e5          Code  Gb  DblToI32.o [4]
__iar_dadd              0x080096a9          Code  Gb  DblAdd.o [4]
__iar_data_init3        0x08011281    0x28  Code  Gb  data_init.o [5]
__iar_dlib_perthread_access
                        0x0800e3ef     0x2  Code  Gb  xtls.o [3]
__iar_dsub              0x0800d841          Code  Gb  DblSub.o [4]
__iar_dsubStart         0x0800d853          Code  Gb  DblSub.o [4]
__iar_edom              0x0800c24d          Code  Gb  iarEdom.o [5]
__iar_fadd              0x08009a31          Code  Gb  FltAdd.o [4]
__iar_fsub              0x0800dcf9          Code  Gb  FltSub.o [4]
__iar_fsubStart         0x0800dd09          Code  Gb  FltSub.o [4]
__iar_modf              0x08009515          Code  Gb  modf.o [4]
__iar_modfl             0x08009515          Code  Gb  modf.o [4]
__iar_packbits_init_single3
                        0x080109a1    0x38  Code  Gb  packbits_init_single.o [5]
__iar_program_start     0x080118c5          Code  Gb  cstartup_M.o [5]
__iar_sqrt              0x080064a1          Code  Gb  sqrt.o [4]
__iar_ui2d              0x08006489          Code  Gb  I32ToDbl.o [4]
__iar_ui2f              0x080098a1          Code  Gb  I32ToFlt.o [4]
__iar_unaligned___aeabi_memcpy
                        0x0800d32d          Code  Gb  ABImemcpy_unaligned.o [5]
__iar_unaligned___aeabi_memcpy4
                        0x0800d34d          Code  Gb  ABImemcpy_unaligned.o [5]
__iar_unaligned___aeabi_memcpy8
                        0x0800d34d          Code  Gb  ABImemcpy_unaligned.o [5]
__iar_unaligned_strcmp  0x0800977d          Code  Gb  strcmp_unaligned.o [5]
__iar_unaligned_strcpy  0x080021e9          Code  Gb  strcpy_unaligned.o [5]
__iar_zero_init3        0x08010791    0x40  Code  Gb  zero_init3.o [5]
__low_level_init        0x0801159b     0x4  Code  Gb  low_level_init.o [3]
__vector_table          0x08000000          Data  Gb  startup_stm32l152xe.o [1]
_call_main              0x0801158d          Code  Gb  cmain.o [5]
_exit                   0x080115a5          Code  Gb  cexit.o [5]
_gecko_cmd_msg          0x20002be8    0x84  Data  Gb  bgm111.o [1]
_gecko_rsp_msg          0x20002c6c    0x84  Data  Gb  bgm111.o [1]
_main                   0x08011597          Code  Gb  cmain.o [5]
aPLLDivisionFactorTable
                        0x08011a50     0x4  Data  Gb  stm32l1xx_hal_rcc.o [1]
aPLLMULFactorTable      0x080118b8     0xc  Data  Gb  stm32l1xx_hal_rcc.o [1]
adcActive               0x200030fd     0x1  Data  Gb  adc.o [1]
analytics               0x200030a4     0x4  Data  Lc  app_data.o [1]
bffr1Flag               0x20003106     0x1  Data  Lc  usart.o [1]
bglib_input             0x200030ac     0x4  Data  Gb  bgm111.o [1]
bglib_output            0x200030a8     0x4  Data  Gb  bgm111.o [1]
bglib_peek              0x200030b0     0x4  Data  Gb  bgm111.o [1]
bgm1data                0x20003060    0x28  Data  Lc  usart.o [1]
ble                     0x200029c0   0x19c  Data  Lc  bgm111.o [1]
blemsgs                 0x20001cc8   0x324  Data  Lc  bgm111.o [1]
clrUsartState           0x0800259b    0x1c  Code  Gb  usart.o [1]
data                    0x20002558   0x248  Data  Gb  app_data.o [1]
div                     0x0800dc71     0xe  Code  Gb  div.o [3]
driver_list             0x20003094     0x8  Data  Lc  app_data.o [1]
errStruct               0x20001fec   0x324  Data  Lc  ErrorCodes.o [1]
exit                    0x0801159f     0x4  Code  Gb  exit.o [3]
fi                      0x20002d70    0x80  Data  Lc  Rd_Sound.o [1]
fix_fft                 0x08006231   0x23a  Code  Gb  fix_fft.o [1]
fr                      0x20002cf0    0x80  Data  Lc  Rd_Sound.o [1]
free                    0x0800d50d    0x7a  Code  Gb  xxmemxfree.o [3]
fs                      0x20002df0    0x80  Data  Lc  Rd_Sound.o [1]
gecko_cmd_gatt_server_send_characteristic_notification
                        0x08007811    0x6e  Code  Lc  bgm111.o [1]
gecko_cmd_gatt_server_write_attribute_value
                        0x080077a5    0x6c  Code  Lc  bgm111.o [1]
gecko_cmd_le_gap_set_mode
                        0x08007765    0x40  Code  Lc  bgm111.o [1]
gecko_cmd_msg           0x2000000c     0x4  Data  Gb  bgm111.o [1]
gecko_get_event         0x0800d25d    0x5e  Code  Gb  gecko_bglib.o [1]
gecko_handle_command    0x0800d2db    0x30  Code  Gb  gecko_bglib.o [1]
gecko_peek_event        0x0800d2bb     0xa  Code  Gb  gecko_bglib.o [1]
gecko_queue             0x20000d50   0xf78  Data  Gb  bgm111.o [1]
gecko_queue_r           0x200030b8     0x4  Data  Gb  bgm111.o [1]
gecko_queue_w           0x200030b4     0x4  Data  Gb  bgm111.o [1]
gecko_rsp_msg           0x20000010     0x4  Data  Gb  bgm111.o [1]
gecko_wait_message      0x0800d181    0xdc  Code  Gb  gecko_bglib.o [1]
gecko_wait_response     0x0800d2c5    0x16  Code  Gb  gecko_bglib.o [1]
hadc                    0x20002e70    0x54  Data  Gb  adc.o [1]
hatoi                   0x08001f1f    0x58  Code  Gb  parser.o [1]
hdma_adc                0x20002f80    0x38  Data  Gb  adc.o [1]
hi2c1                   0x20002f44    0x3c  Data  Gb  i2c.o [1]
hpcd_USB_FS             0x200027a0   0x220  Data  Gb  usbd_conf.o [1]
htim2                   0x20002ff0    0x38  Data  Gb  tim.o [1]
htim3                   0x20003028    0x38  Data  Gb  tim.o [1]
htim4                   0x20002fb8    0x38  Data  Gb  stm32l1xx_hal_timebase_TIM.o [1]
huart2                  0x20002ec4    0x40  Data  Gb  usart.o [1]
huart3                  0x20002f04    0x40  Data  Gb  usart.o [1]
isHexNum                0x08001ed5    0x4a  Code  Gb  parser.o [1]
ledOffCnt               0x20000044     0x4  Data  Lc  tim.o [1]
localeconv              0x0800dc3f    0x16  Code  Gb  localeconv.o [3]
main                    0x08006f4d   0x39e  Code  Gb  main.o [1]
malloc                  0x0800d441    0xac  Code  Gb  xxmemxmalloc.o [3]
memchr                  0x0800d3dd          Code  Gb  memchr.o [5]
modf                    0x08009505          Code  Gb  modf.o [4]
modfl                   0x08009505          Code  Gb  modf.o [4]
osSystickHandler        0x080102d9    0x10  Code  Gb  cmsis_os.o [1]
prvResetNextTaskUnblockTime
                        0x08010111    0x28  Code  Lc  tasks.o [1]
pxCurrentTCB            0x200030c0     0x4  Data  Gb  tasks.o [1]
pxDelayedTaskList       0x200030c4     0x4  Data  Lc  tasks.o [1]
pxOverflowDelayedTaskList
                        0x200030c8     0x4  Data  Lc  tasks.o [1]
pxReadyTasksLists       0x20002b5c    0x8c  Data  Lc  tasks.o [1]
round                   0x080098bd    0x44  Code  Gb  round.o [4]
sConfig                 0x20003088     0xc  Data  Gb  adc.o [1]
saveLen                 0x20000048     0x4  Data  Lc  usart.o [1]
sprintf                 0x080026e9    0x34  Code  Gb  sprintf.o [3]
sqrt                    0x080064a1          Code  Gb  sqrt.o [4]
sqrtl                   0x080064a1          Code  Gb  sqrt.o [4]
strcat                  0x0800271d    0x1c  Code  Gb  strcat.o [3]
strchr                  0x0800d3c5          Code  Gb  strchr.o [5]
strlen                  0x08001f81          Code  Gb  strlen.o [5]
ubSequenceCompleted     0x200030fc     0x1  Data  Gb  adc.o [1]
ulPortSetInterruptMask  0x080101bf          Code  Gb  portasm.o [1]
uwTick                  0x200030bc     0x4  Data  Lc  stm32l1xx_hal.o [1]
uxListRemove            0x0801022d    0x28  Code  Gb  list.o [1]
uxPendedTicks           0x200030d8     0x4  Data  Lc  tasks.o [1]
uxSchedulerSuspended    0x200030e8     0x4  Data  Lc  tasks.o [1]
uxTopReadyPriority      0x200030d0     0x4  Data  Lc  tasks.o [1]
vListInsertEnd          0x08010215    0x18  Code  Gb  list.o [1]
vPortClearInterruptMask
                        0x080101cd          Code  Gb  portasm.o [1]
vPortStartFirstTask     0x080101f3          Code  Gb  portasm.o [1]
vTaskSwitchContext      0x08010091    0x6c  Code  Gb  tasks.o [1]
xNextTaskUnblockTime    0x200030e4     0x4  Data  Lc  tasks.o [1]
xNumOfOverflows         0x200030e0     0x4  Data  Lc  tasks.o [1]
xPortSysTickHandler     0x080102e9    0x1e  Code  Gb  port.o [1]
xSchedulerRunning       0x200030d4     0x4  Data  Lc  tasks.o [1]
xTaskGetSchedulerState  0x08010139    0x26  Code  Gb  tasks.o [1]
xTaskIncrementTick      0x0800ff5d   0x134  Code  Gb  tasks.o [1]
xTickCount              0x200030cc     0x4  Data  Lc  tasks.o [1]
xYieldPending           0x200030dc     0x4  Data  Lc  tasks.o [1]


[1] = D:\GoogleDriveCLT\GoogleDrive\WeatherCloud\Roadboard\Software\Road-Board-December-2016\EWARM\Road Brd MSTR Rev L\Obj
[2] = command line
[3] = dl7M_tlf.a
[4] = m7M_tl.a
[5] = rt7M_tl.a
[6] = shb_l.a

  66 876 bytes of readonly  code memory
   5 688 bytes of readonly  data memory
  12 548 bytes of readwrite data memory

Errors: none
Warnings: none
