Archive member included because of file (symbol)

D:/SiliconLabs/SimplicityStudio/v4_2/developer/sdks/gecko_sdk_suite/v1.1//protocol/bluetooth_2.4/lib/EFR32BG1B/GCC/bgapi.a(gecko_bgapi_hardware.c.obj)
                              ./main.o (gecko_bgapi_class_hardware_init)
D:/SiliconLabs/SimplicityStudio/v4_2/developer/sdks/gecko_sdk_suite/v1.1//protocol/bluetooth_2.4/lib/EFR32BG1B/GCC/bgapi.a(gecko_bgapi_test.c.obj)
                              ./main.o (gecko_bgapi_class_test_init)
D:/SiliconLabs/SimplicityStudio/v4_2/developer/sdks/gecko_sdk_suite/v1.1//protocol/bluetooth_2.4/lib/EFR32BG1B/GCC/bgapi.a(gecko_bgapi_dfu.c.obj)
                              ./main.o (gecko_bgapi_class_dfu_init)
D:/SiliconLabs/SimplicityStudio/v4_2/developer/sdks/gecko_sdk_suite/v1.1//protocol/bluetooth_2.4/lib/EFR32BG1B/GCC/bgapi.a(gecko_bgapi_gap.c.obj)
                              ./main.o (gecko_bgapi_class_le_gap_init)
D:/SiliconLabs/SimplicityStudio/v4_2/developer/sdks/gecko_sdk_suite/v1.1//protocol/bluetooth_2.4/lib/EFR32BG1B/GCC/bgapi.a(gecko_bgapi_gatt.c.obj)
                              ./main.o (gecko_bgapi_class_gatt_init)
D:/SiliconLabs/SimplicityStudio/v4_2/developer/sdks/gecko_sdk_suite/v1.1//protocol/bluetooth_2.4/lib/EFR32BG1B/GCC/bgapi.a(gecko_bgapi_gatt_server.c.obj)
                              ./main.o (gecko_bgapi_class_gatt_server_init)
D:/SiliconLabs/SimplicityStudio/v4_2/developer/sdks/gecko_sdk_suite/v1.1//protocol/bluetooth_2.4/lib/EFR32BG1B/GCC/bgapi.a(gecko_bgapi_flash.c.obj)
                              ./main.o (gecko_bgapi_class_flash_init)
D:/SiliconLabs/SimplicityStudio/v4_2/developer/sdks/gecko_sdk_suite/v1.1//protocol/bluetooth_2.4/lib/EFR32BG1B/GCC/bgapi.a(gecko_bgapi_sm.c.obj)
                              ./main.o (gecko_bgapi_class_sm_init)
D:/SiliconLabs/SimplicityStudio/v4_2/developer/sdks/gecko_sdk_suite/v1.1//protocol/bluetooth_2.4/lib/EFR32BG1B/GCC/bgapi.a(gecko_bgapi_system.c.obj)
                              ./main.o (gecko_bgapi_class_system_init)
D:/SiliconLabs/SimplicityStudio/v4_2/developer/sdks/gecko_sdk_suite/v1.1//protocol/bluetooth_2.4/lib/EFR32BG1B/GCC/bgapi.a(gecko_bgapi_endpoint.c.obj)
                              ./main.o (gecko_bgapi_class_endpoint_init)
D:/SiliconLabs/SimplicityStudio/v4_2/developer/sdks/gecko_sdk_suite/v1.1//protocol/bluetooth_2.4/lib/EFR32BG1B/GCC/bgapi.a(gecko_bgapi_le_connection.c.obj)
                              ./main.o (gecko_bgapi_class_le_connection_init)
D:/SiliconLabs/SimplicityStudio/v4_2/developer/sdks/gecko_sdk_suite/v1.1//protocol/bluetooth_2.4/lib/EFR32BG1B/GCC/bgapi.a(bgapi_hardware.c.obj)
                              D:/SiliconLabs/SimplicityStudio/v4_2/developer/sdks/gecko_sdk_suite/v1.1//protocol/bluetooth_2.4/lib/EFR32BG1B/GCC/bgapi.a(gecko_bgapi_hardware.c.obj) (lib_hardware_handler_init)
D:/SiliconLabs/SimplicityStudio/v4_2/developer/sdks/gecko_sdk_suite/v1.1//protocol/bluetooth_2.4/lib/EFR32BG1B/GCC/bgapi.a(bgapi_test_lib.c.obj)
                              D:/SiliconLabs/SimplicityStudio/v4_2/developer/sdks/gecko_sdk_suite/v1.1//protocol/bluetooth_2.4/lib/EFR32BG1B/GCC/bgapi.a(gecko_bgapi_test.c.obj) (lib_test_handler_init)
D:/SiliconLabs/SimplicityStudio/v4_2/developer/sdks/gecko_sdk_suite/v1.1//protocol/bluetooth_2.4/lib/EFR32BG1B/GCC/bgapi.a(bgapi_dfu.c.obj)
                              D:/SiliconLabs/SimplicityStudio/v4_2/developer/sdks/gecko_sdk_suite/v1.1//protocol/bluetooth_2.4/lib/EFR32BG1B/GCC/bgapi.a(gecko_bgapi_dfu.c.obj) (lib_dfu_handler_init)
D:/SiliconLabs/SimplicityStudio/v4_2/developer/sdks/gecko_sdk_suite/v1.1//protocol/bluetooth_2.4/lib/EFR32BG1B/GCC/bgapi.a(bgapi_gap.c.obj)
                              D:/SiliconLabs/SimplicityStudio/v4_2/developer/sdks/gecko_sdk_suite/v1.1//protocol/bluetooth_2.4/lib/EFR32BG1B/GCC/bgapi.a(gecko_bgapi_gap.c.obj) (lib_le_gap_handler_init)
D:/SiliconLabs/SimplicityStudio/v4_2/developer/sdks/gecko_sdk_suite/v1.1//protocol/bluetooth_2.4/lib/EFR32BG1B/GCC/bgapi.a(bgapi_gatt_lib.c.obj)
                              D:/SiliconLabs/SimplicityStudio/v4_2/developer/sdks/gecko_sdk_suite/v1.1//protocol/bluetooth_2.4/lib/EFR32BG1B/GCC/bgapi.a(gecko_bgapi_gatt.c.obj) (lib_gatt_handler_init)
D:/SiliconLabs/SimplicityStudio/v4_2/developer/sdks/gecko_sdk_suite/v1.1//protocol/bluetooth_2.4/lib/EFR32BG1B/GCC/bgapi.a(bgapi_ps.c.obj)
                              D:/SiliconLabs/SimplicityStudio/v4_2/developer/sdks/gecko_sdk_suite/v1.1//protocol/bluetooth_2.4/lib/EFR32BG1B/GCC/bgapi.a(gecko_bgapi_flash.c.obj) (lib_flash_handler_init)
D:/SiliconLabs/SimplicityStudio/v4_2/developer/sdks/gecko_sdk_suite/v1.1//protocol/bluetooth_2.4/lib/EFR32BG1B/GCC/bgapi.a(bgapi_sm.c.obj)
                              D:/SiliconLabs/SimplicityStudio/v4_2/developer/sdks/gecko_sdk_suite/v1.1//protocol/bluetooth_2.4/lib/EFR32BG1B/GCC/bgapi.a(gecko_bgapi_sm.c.obj) (lib_sm_handler_init)
[...]
Memory Configuration

Name             Origin             Length             Attributes
FLASH_BOOTLOADER 0x00000000         0x00004000         xr
FLASH            0x00004000         0x0003b000         xr
RAM              0x20003000         0x00004bfc         xrw
*default*        0x00000000         0xffffffff

Linker script and memory map

LOAD d:/siliconlabs/simplicitystudio/v4_2/developer/toolchains/gnu_arm/4.9_2015q3/bin/../lib/gcc/arm-none-eabi/4.9.3/armv7e-m/fpu/crti.o
LOAD d:/siliconlabs/simplicitystudio/v4_2/developer/toolchains/gnu_arm/4.9_2015q3/bin/../lib/gcc/arm-none-eabi/4.9.3/armv7e-m/fpu/crtbegin.o
LOAD d:/siliconlabs/simplicitystudio/v4_2/developer/toolchains/gnu_arm/4.9_2015q3/bin/../lib/gcc/arm-none-eabi/4.9.3/../../../../arm-none-eabi/lib/armv7e-m/fpu/crt0.o
LOAD ./application_properties.o
LOAD ./gatt_db.o
LOAD ./gpiointerrupt.o
LOAD ./main.o
LOAD ./uart_echo.o
LOAD ./uartdrv.o
LOAD ./bgapi/dmadrv.o
LOAD ./bgapi/em_adc.o
LOAD ./bgapi/em_ldma.o
LOAD ./bgapi/em_leuart.o
LOAD ./device/EFR32_B_1_1_B/gcc/startup_efr32bg1b.o
LOAD ./emlib/em_cmu.o
LOAD ./emlib/em_cryotimer.o
LOAD ./emlib/em_gpio.o
LOAD ./emlib/em_i2c.o
LOAD ./emlib/em_msc.o
LOAD ./emlib/em_rtcc.o
LOAD ./emlib/em_system.o
LOAD ./emlib/em_timer.o
LOAD ./emlib/em_usart.o
LOAD ./src/InitDevice.o
LOAD D:/SiliconLabs/SimplicityStudio/v4_2/developer/sdks/gecko_sdk_suite/v1.1//protocol/bluetooth_2.4/lib/EFR32BG1B/EABI/binbootloader.o
LOAD D:/SiliconLabs/SimplicityStudio/v4_2/developer/sdks/gecko_sdk_suite/v1.1//protocol/bluetooth_2.4/lib/EFR32BG1B/GCC/bgapi.a
LOAD D:/SiliconLabs/SimplicityStudio/v4_2/developer/sdks/gecko_sdk_suite/v1.1//protocol/bluetooth_2.4/lib/EFR32BG1B/EABI/stack.a
LOAD D:/SiliconLabs/SimplicityStudio/v4_2/developer/sdks/gecko_sdk_suite/v1.1//protocol/bluetooth_2.4/lib/EFR32BG1B/EABI/binstack.o
START GROUP
LOAD d:/siliconlabs/simplicitystudio/v4_2/developer/toolchains/gnu_arm/4.9_2015q3/bin/../lib/gcc/arm-none-eabi/4.9.3/armv7e-m/fpu\libgcc.a
LOAD d:/siliconlabs/simplicitystudio/v4_2/developer/toolchains/gnu_arm/4.9_2015q3/bin/../lib/gcc/arm-none-eabi/4.9.3/../../../../arm-none-eabi/lib/armv7e-m/fpu\libc.a
LOAD d:/siliconlabs/simplicitystudio/v4_2/developer/toolchains/gnu_arm/4.9_2015q3/bin/../lib/gcc/arm-none-eabi/4.9.3/../../../../arm-none-eabi/lib/armv7e-m/fpu\libnosys.a
END GROUP
START GROUP
LOAD d:/siliconlabs/simplicitystudio/v4_2/developer/toolchains/gnu_arm/4.9_2015q3/bin/../lib/gcc/arm-none-eabi/4.9.3/armv7e-m/fpu\libgcc.a
LOAD d:/siliconlabs/simplicitystudio/v4_2/developer/toolchains/gnu_arm/4.9_2015q3/bin/../lib/gcc/arm-none-eabi/4.9.3/../../../../arm-none-eabi/lib/armv7e-m/fpu\libg.a
LOAD d:/siliconlabs/simplicitystudio/v4_2/developer/toolchains/gnu_arm/4.9_2015q3/bin/../lib/gcc/arm-none-eabi/4.9.3/../../../../arm-none-eabi/lib/armv7e-m/fpu\libc.a
END GROUP
LOAD d:/siliconlabs/simplicitystudio/v4_2/developer/toolchains/gnu_arm/4.9_2015q3/bin/../lib/gcc/arm-none-eabi/4.9.3/armv7e-m/fpu/crtend.o
LOAD d:/siliconlabs/simplicitystudio/v4_2/developer/toolchains/gnu_arm/4.9_2015q3/bin/../lib/gcc/arm-none-eabi/4.9.3/armv7e-m/fpu/crtn.o

.text_bootloader
                0x00000000     0x4000
 *(.binbootloader*)
 .binbootloader
                0x00000000      0x31c D:/SiliconLabs/SimplicityStudio/v4_2/developer/sdks/gecko_sdk_suite/v1.1//protocol/bluetooth_2.4/lib/EFR32BG1B/EABI/binbootloader.o
                0x00004000                . = ALIGN (0x4000)
 *fill*         0x0000031c     0x3ce4 

.text_stack_bin
                0x00004000    0x1cee3
 *(.binstack*)
 .binstack      0x00004000    0x1cee3 D:/SiliconLabs/SimplicityStudio/v4_2/developer/sdks/gecko_sdk_suite/v1.1//protocol/bluetooth_2.4/lib/EFR32BG1B/EABI/binstack.o

.text_signature
                0x00020ee3      0x11d
                0x00020f23                . = (. + 0x40)
 *fill*         0x00020ee3       0x40 
                0x00021000                . = ALIGN (0x800)
 *fill*         0x00020f23       0xdd 
                0x00021000                __text_start__ = .

.text_app       0x00021000     0x6470
 *(.AAT)
 .AAT           0x00021000       0x80 ./main.o
                0x00021000                AppAddressTable
 *(.vectors)
 .vectors       0x00021080       0xc8 ./device/EFR32_B_1_1_B/gcc/startup_efr32bg1b.o
                0x00021080                __Vectors
                0x00021148                __Vectors_End = .
                0x000000c8                __Vectors_Size = (__Vectors_End - __Vectors)
                0x00021148                __end__ = .
 *(.gecko_configuration)
 *(.xo_configuration)
 *(.gatt_header)
 .gatt_header   0x00021148       0x34 ./gatt_db.o
                0x00021148                bg_gattdb_data
 *(.gatt_data)
 .gatt_data     0x0002117c      0x1d5 ./gatt_db.o
                0x0002117c                bg_gattdb_data_uuidtable_16_map
                0x00021198                bg_gattdb_data_uuidtable_128_map
                0x000211b8                bg_gattdb_data_attribute_field_18
                0x000211c0                bg_gattdb_data_attribute_field_17
                0x000211d8                bg_gattdb_data_attribute_field_16
                0x000211ec                bg_gattdb_data_attribute_field_15
                0x000211f4                bg_gattdb_data_attribute_field_14
                0x000211fc                bg_gattdb_data_attribute_field_13
                0x00021208                bg_gattdb_data_attribute_field_12
                0x00021210                bg_gattdb_data_attribute_field_11
                0x00021220                bg_gattdb_data_attribute_field_10
                0x00021228                bg_gattdb_data_attribute_field_9
                0x0002122c                bg_gattdb_data_attribute_field_8
                0x00021230                bg_gattdb_data_attribute_field_7
                0x00021238                bg_gattdb_data_attribute_field_6
                0x00021240                bg_gattdb_data_attribute_field_5
                0x00021248                bg_gattdb_data_attribute_field_4
                0x0002124c                bg_gattdb_data_attribute_field_2
                0x00021254                bg_gattdb_data_attribute_field_1
                0x0002125c                bg_gattdb_data_attribute_field_0
                0x00021260                bg_gattdb_data_attributes_map
                0x00021344                bg_gattdb_data_attributes_dynamic_mapping_map
                0x0002134c                bg_gattdb_data_adv_uuid16_map
                0x00021350                bg_gattdb_data_adv_uuid128_map
 *(.application_properties)
 *fill*         0x00021351        0x3 
 .application_properties
                0x00021354       0x38 ./application_properties.o
                0x00021354                applicationProperties
 *(.text*)
 .text          0x0002138c       0x5c d:/siliconlabs/simplicitystudio/v4_2/developer/toolchains/gnu_arm/4.9_2015q3/bin/../lib/gcc/arm-none-eabi/4.9.3/armv7e-m/fpu/crtbegin.o
 .text          0x000213e8       0x74 d:/siliconlabs/simplicitystudio/v4_2/developer/toolchains/gnu_arm/4.9_2015q3/bin/../lib/gcc/arm-none-eabi/4.9.3/../../../../arm-none-eabi/lib/armv7e-m/fpu/crt0.o
                0x000213e8                _start
                0x000213e8                _mainCRTStartup
 .text.GPIO_IntClear
                0x0002145c       0x20 ./gpiointerrupt.o
 .text.GPIO_IntGetEnabled
                0x0002147c       0x28 ./gpiointerrupt.o
 .text.SL_CTZ   0x000214a4       0x28 ./gpiointerrupt.o
 .text.GPIOINT_IRQDispatcher
                0x000214cc       0x50 ./gpiointerrupt.o
 .text.GPIO_EVEN_IRQHandler
                0x0002151c       0x28 ./gpiointerrupt.o
                0x0002151c                GPIO_EVEN_IRQHandler
 .text.GPIO_ODD_IRQHandler
                0x00021544       0x28 ./gpiointerrupt.o
                0x00021544                GPIO_ODD_IRQHandler
 .text.gecko_init
                0x0002156c       0x40 ./main.o
 .text.gecko_cmd_system_reset
                0x000215ac       0x40 ./main.o
 .text.gecko_cmd_le_gap_set_mode
                0x000215ec       0x58 ./main.o
 .text.gecko_cmd_le_gap_set_adv_parameters
                0x00021644       0x60 ./main.o
 .text.gecko_cmd_gatt_server_send_user_write_response
                0x000216a4       0x64 ./main.o
 .text.gecko_cmd_endpoint_close
                0x00021708       0x48 ./main.o
 .text.main     0x00021750       0xb8 ./main.o
                0x00021750                main
 .text.UART_Init
                0x00021808       0x48 ./uart_echo.o
                0x00021808                UART_Init
 .text.LDMA_IRQHandler
                0x00021850       0xe0 ./bgapi/dmadrv.o
                0x00021850                LDMA_IRQHandler
 .text.Reset_Handler
                0x00021930       0x38 ./device/EFR32_B_1_1_B/gcc/startup_efr32bg1b.o
                0x00021930                Reset_Handler
 .text.Default_Handler
                0x00021968        0x8 ./device/EFR32_B_1_1_B/gcc/startup_efr32bg1b.o
                0x00021968                DebugMon_Handler
                0x00021968                USART0_TX_IRQHandler
                0x00021968                I2C0_IRQHandler
                0x00021968                HardFault_Handler
                0x00021968                SysTick_Handler
                0x00021968                USART1_RX_IRQHandler
                0x00021968                PendSV_Handler
                0x00021968                NMI_Handler
                0x00021968                SYNTH_IRQHandler
                0x00021968                WDOG0_IRQHandler
                0x00021968                USART1_TX_IRQHandler
                0x00021968                MSC_IRQHandler
                0x00021968                ADC0_IRQHandler
                0x00021968                UsageFault_Handler
                0x00021968                LEUART0_IRQHandler
                0x00021968                FPUEH_IRQHandler
                0x00021968                TIMER0_IRQHandler
                0x00021968                LETIMER0_IRQHandler
                0x00021968                TIMER1_IRQHandler
                0x00021968                RFSENSE_IRQHandler
                0x00021968                BUFC_IRQHandler
                0x00021968                MODEM_IRQHandler
                0x00021968                Default_Handler
                0x00021968                RAC_SEQ_IRQHandler
                0x00021968                FRC_PRI_IRQHandler
                0x00021968                FRC_IRQHandler
                0x00021968                CRYOTIMER_IRQHandler
                0x00021968                PCNT0_IRQHandler
                0x00021968                AGC_IRQHandler
                0x00021968                ACMP0_IRQHandler
                0x00021968                USART0_RX_IRQHandler
                0x00021968                MemManage_Handler
                0x00021968                SVC_Handler
                0x00021968                RTCC_IRQHandler
                0x00021968                CRYPTO_IRQHandler
                0x00021968                CMU_IRQHandler
                0x00021968                RAC_RSM_IRQHandler
                0x00021968                PROTIMER_IRQHandler
                0x00021968                BusFault_Handler
                0x00021968                IDAC0_IRQHandler
 .text.BUS_RegBitWrite
                0x00021970       0x2c ./emlib/em_cmu.o
 .text.BUS_RegBitRead
                0x0002199c       0x2c ./emlib/em_cmu.o
 .text.BUS_RegMaskedSet
                0x000219c8       0x24 ./emlib/em_cmu.o
 .text.BUS_RegMaskedClear
                0x000219ec       0x24 ./emlib/em_cmu.o
 .text.BUS_RegMaskedWrite
                0x00021a10       0x24 ./emlib/em_cmu.o
 .text.CMU_Log2ToDiv
                0x00021a34       0x1c ./emlib/em_cmu.o
 .text.setHfLeConfig
                0x00021a50       0x64 ./emlib/em_cmu.o
 .text.auxClkGet
                0x00021ab4       0x20 ./emlib/em_cmu.o
 .text.hfSrcClkGet
                0x00021ad4       0x2c ./emlib/em_cmu.o
 .text.dbgClkGet
                0x00021b00       0x3c ./emlib/em_cmu.o
 .text.adcAsyncClkGet
                0x00021b3c       0x80 ./emlib/em_cmu.o
 .text.flashWaitStateControl
                0x00021bbc       0x7c ./emlib/em_cmu.o
 .text.flashWaitStateMax
                0x00021c38       0x14 ./emlib/em_cmu.o
 .text.CMU_UpdateWaitStates
                0x00021c4c       0x18 ./emlib/em_cmu.o
                0x00021c4c                CMU_UpdateWaitStates
 .text.getRegIshUpperVal
                0x00021c64       0x38 ./emlib/em_cmu.o
 .text.getHfxoTuningMode
                0x00021c9c       0x1c ./emlib/em_cmu.o
 .text.setHfxoTuningMode
                0x00021cb8       0x28 ./emlib/em_cmu.o
 .text.lfClkGet
                0x00021ce0       0xe8 ./emlib/em_cmu.o
 .text.syncReg  0x00021dc8       0x38 ./emlib/em_cmu.o
 .text.CMU_ClockEnable
                0x00021e00       0xcc ./emlib/em_cmu.o
                0x00021e00                CMU_ClockEnable
 .text.CMU_ClockFreqGet
                0x00021ecc      0x198 ./emlib/em_cmu.o
                0x00021ecc                CMU_ClockFreqGet
 .text.CMU_ClockSelectGet
                0x00022064      0x190 ./emlib/em_cmu.o
                0x00022064                CMU_ClockSelectGet
 .text.CMU_ClockSelectSet
                0x000221f4      0x25c ./emlib/em_cmu.o
                0x000221f4                CMU_ClockSelectSet
 .text.CMU_HFXOAutostartEnable
                0x00022450       0x7c ./emlib/em_cmu.o
                0x00022450                CMU_HFXOAutostartEnable
 .text.CMU_HFXOInit
                0x000224cc       0xf4 ./emlib/em_cmu.o
                0x000224cc                CMU_HFXOInit
 .text.CMU_LFXOInit
                0x000225c0       0x50 ./emlib/em_cmu.o
                0x000225c0                CMU_LFXOInit
 .text.CMU_OscillatorEnable
                0x00022610      0x174 ./emlib/em_cmu.o
                0x00022610                CMU_OscillatorEnable
 .text.CMU_OscillatorTuningGet
                0x00022784       0x74 ./emlib/em_cmu.o
                0x00022784                CMU_OscillatorTuningGet
 .text.CMU_OscillatorTuningSet
                0x000227f8       0xfc ./emlib/em_cmu.o
                0x000227f8                CMU_OscillatorTuningSet
 .text.CMU_OscillatorTuningWait
                0x000228f4       0x8c ./emlib/em_cmu.o
                0x000228f4                CMU_OscillatorTuningWait
 .text.CMU_OscillatorTuningOptimize
                0x00022980       0x4c ./emlib/em_cmu.o
                0x00022980                CMU_OscillatorTuningOptimize
 .text.BUS_RegMaskedSet
                0x000229cc       0x24 ./emlib/em_gpio.o
 .text.BUS_RegMaskedClear
                0x000229f0       0x24 ./emlib/em_gpio.o
 .text.GPIO_PinOutClear
                0x00022a14       0x58 ./emlib/em_gpio.o
 .text.GPIO_PinOutSet
                0x00022a6c       0x58 ./emlib/em_gpio.o
 .text.GPIO_PinModeSet
                0x00022ac4      0x108 ./emlib/em_gpio.o
                0x00022ac4                GPIO_PinModeSet
 .text.RTCC_Init
                0x00022bcc       0x60 ./emlib/em_rtcc.o
                0x00022bcc                RTCC_Init
 .text.SYSTEM_ChipRevisionGet
                0x00022c2c       0x74 ./emlib/em_system.o
                0x00022c2c                SYSTEM_ChipRevisionGet
 .text.TIMER_Valid
                0x00022ca0       0x38 ./emlib/em_timer.o
 .text.TIMER_EnableDTI
                0x00022cd8       0x40 ./emlib/em_timer.o
 .text.TIMER_GetDTIFault
                0x00022d18       0x1c ./emlib/em_timer.o
 .text.TIMER_ClearDTIFault
                0x00022d34       0x1c ./emlib/em_timer.o
 .text.TIMER_Init
                0x00022d50       0xdc ./emlib/em_timer.o
                0x00022d50                TIMER_Init
 .text.TIMER_InitCC
                0x00022e2c       0x9c ./emlib/em_timer.o
                0x00022e2c                TIMER_InitCC
 .text.TIMER_InitDTI
                0x00022ec8      0x10c ./emlib/em_timer.o
                0x00022ec8                TIMER_InitDTI
 .text.USART_BaudrateAsyncSet
                0x00022fd4       0xb0 ./emlib/em_usart.o
                0x00022fd4                USART_BaudrateAsyncSet
 .text.USART_Enable
                0x00023084       0x4c ./emlib/em_usart.o
                0x00023084                USART_Enable
 .text.USART_InitAsync
                0x000230d0       0xbc ./emlib/em_usart.o
                0x000230d0                USART_InitAsync
 .text.USART_InitPrsTrigger
                0x0002318c       0x64 ./emlib/em_usart.o
                0x0002318c                USART_InitPrsTrigger
 .text.USART_Reset
                0x000231f0       0x94 ./emlib/em_usart.o
                0x000231f0                USART_Reset
 .text.USART_Tx
                0x00023284       0x2c ./emlib/em_usart.o
                0x00023284                USART_Tx
 .text.SYSTEM_GetProdRev
                0x000232b0       0x1c ./src/InitDevice.o
 .text.BUS_RegBitWrite
                0x000232cc       0x2c ./src/InitDevice.o
 .text.CHIP_Init
                0x000232f8       0xb4 ./src/InitDevice.o
 .text.enter_DefaultMode_from_RESET
                0x000233ac       0x34 ./src/InitDevice.o
                0x000233ac                enter_DefaultMode_from_RESET
 .text.EMU_enter_DefaultMode_from_RESET
                0x000233e0       0x94 ./src/InitDevice.o
                0x000233e0                EMU_enter_DefaultMode_from_RESET
 .text.LFXO_enter_DefaultMode_from_RESET
                0x00023474        0xc ./src/InitDevice.o
                0x00023474                LFXO_enter_DefaultMode_from_RESET
 .text.CMU_enter_DefaultMode_from_RESET
                0x00023480      0x14c ./src/InitDevice.o
                0x00023480                CMU_enter_DefaultMode_from_RESET
 .text.RTCC_enter_DefaultMode_from_RESET
                0x000235cc       0x4c ./src/InitDevice.o
                0x000235cc                RTCC_enter_DefaultMode_from_RESET
 .text.USART1_enter_DefaultMode_from_RESET
                0x00023618      0x180 ./src/InitDevice.o
                0x00023618                USART1_enter_DefaultMode_from_RESET
 .text.GPCRC_enter_DefaultMode_from_RESET
                0x00023798        0xc ./src/InitDevice.o
                0x00023798                GPCRC_enter_DefaultMode_from_RESET
 .text.LDMA_enter_DefaultMode_from_RESET
                0x000237a4        0xc ./src/InitDevice.o
                0x000237a4                LDMA_enter_DefaultMode_from_RESET
 .text.TIMER0_enter_DefaultMode_from_RESET
                0x000237b0      0x320 ./src/InitDevice.o
                0x000237b0                TIMER0_enter_DefaultMode_from_RESET
 .text.PRS_enter_DefaultMode_from_RESET
                0x00023ad0       0x20 ./src/InitDevice.o
                0x00023ad0                PRS_enter_DefaultMode_from_RESET
 .text.PORTIO_enter_DefaultMode_from_RESET
                0x00023af0       0x80 ./src/InitDevice.o
                0x00023af0                PORTIO_enter_DefaultMode_from_RESET
 .text          0x00023b70       0x18 D:/SiliconLabs/SimplicityStudio/v4_2/developer/sdks/gecko_sdk_suite/v1.1//protocol/bluetooth_2.4/lib/EFR32BG1B/GCC/bgapi.a(gecko_bgapi_hardware.c.obj)
                0x00023b70                gecko_bgapi_class_hardware_init
 .text          0x00023b88       0x18 D:/SiliconLabs/SimplicityStudio/v4_2/developer/sdks/gecko_sdk_suite/v1.1//protocol/bluetooth_2.4/lib/EFR32BG1B/GCC/bgapi.a(gecko_bgapi_test.c.obj)
                0x00023b88                gecko_bgapi_class_test_init
 .text          0x00023ba0       0x18 D:/SiliconLabs/SimplicityStudio/v4_2/developer/sdks/gecko_sdk_suite/v1.1//protocol/bluetooth_2.4/lib/EFR32BG1B/GCC/bgapi.a(gecko_bgapi_dfu.c.obj)
                0x00023ba0                gecko_bgapi_class_dfu_init
 .text          0x00023bb8       0x18 D:/SiliconLabs/SimplicityStudio/v4_2/developer/sdks/gecko_sdk_suite/v1.1//protocol/bluetooth_2.4/lib/EFR32BG1B/GCC/bgapi.a(gecko_bgapi_gap.c.obj)
                0x00023bb8                gecko_bgapi_class_le_gap_init
 .text          0x00023bd0       0x18 D:/SiliconLabs/SimplicityStudio/v4_2/developer/sdks/gecko_sdk_suite/v1.1//protocol/bluetooth_2.4/lib/EFR32BG1B/GCC/bgapi.a(gecko_bgapi_gatt.c.obj)
                0x00023bd0                gecko_bgapi_class_gatt_init
 .text          0x00023be8       0x18 D:/SiliconLabs/SimplicityStudio/v4_2/developer/sdks/gecko_sdk_suite/v1.1//protocol/bluetooth_2.4/lib/EFR32BG1B/GCC/bgapi.a(gecko_bgapi_gatt_server.c.obj)
                0x00023be8                gecko_bgapi_class_gatt_server_init
 .text          0x00023c00       0x18 D:/SiliconLabs/SimplicityStudio/v4_2/developer/sdks/gecko_sdk_suite/v1.1//protocol/bluetooth_2.4/lib/EFR32BG1B/GCC/bgapi.a(gecko_bgapi_flash.c.obj)
                0x00023c00                gecko_bgapi_class_flash_init
 .text          0x00023c18       0x18 D:/SiliconLabs/SimplicityStudio/v4_2/developer/sdks/gecko_sdk_suite/v1.1//protocol/bluetooth_2.4/lib/EFR32BG1B/GCC/bgapi.a(gecko_bgapi_sm.c.obj)
                0x00023c18                gecko_bgapi_class_sm_init
 .text          0x00023c30       0x18 D:/SiliconLabs/SimplicityStudio/v4_2/developer/sdks/gecko_sdk_suite/v1.1//protocol/bluetooth_2.4/lib/EFR32BG1B/GCC/bgapi.a(gecko_bgapi_system.c.obj)
                0x00023c30                gecko_bgapi_class_system_init
 .text          0x00023c48       0x18 D:/SiliconLabs/SimplicityStudio/v4_2/developer/sdks/gecko_sdk_suite/v1.1//protocol/bluetooth_2.4/lib/EFR32BG1B/GCC/bgapi.a(gecko_bgapi_endpoint.c.obj)
                0x00023c48                gecko_bgapi_class_endpoint_init
 .text          0x00023c60       0x18 D:/SiliconLabs/SimplicityStudio/v4_2/developer/sdks/gecko_sdk_suite/v1.1//protocol/bluetooth_2.4/lib/EFR32BG1B/GCC/bgapi.a(gecko_bgapi_le_connection.c.obj)
                0x00023c60                gecko_bgapi_class_le_connection_init
 .text          0x00023c78      0x1d0 D:/SiliconLabs/SimplicityStudio/v4_2/developer/sdks/gecko_sdk_suite/v1.1//protocol/bluetooth_2.4/lib/EFR32BG1B/GCC/bgapi.a(bgapi_hardware.c.obj)
                0x00023c78                soft_timer_comparison
                0x00023d0c                bgapi_hardware_soft_timer_listener
                0x00023d4c                lib_hardware_handler_init
                0x00023d60                gecko_cmd_hardware_set_soft_timer
                0x00023da0                gecko_cmd_hardware_set_lazy_soft_timer
                0x00023de0                gecko_cmd_hardware_get_time
                0x00023e14                gecko_cmd_hardware_enable_dcdc
 .text          0x00023e48      0x330 D:/SiliconLabs/SimplicityStudio/v4_2/developer/sdks/gecko_sdk_suite/v1.1//protocol/bluetooth_2.4/lib/EFR32BG1B/GCC/bgapi.a(bgapi_test_lib.c.obj)
                0x00023e48                bgapi_test_lib_msg_handler
                0x00023ea0                lib_test_handler_init
                0x00023ec0                disable_interrupts
                0x00023ee4                gecko_cmd_test_dtm_tx
                0x00023f78                gecko_cmd_test_dtm_rx
                0x00023fc4                gecko_cmd_test_dtm_end
                0x0002402c                gecko_cmd_test_debug_command
                0x000240fc                gecko_cmd_test_debug_counter
 .text          0x00024178       0x8c D:/SiliconLabs/SimplicityStudio/v4_2/developer/sdks/gecko_sdk_suite/v1.1//protocol/bluetooth_2.4/lib/EFR32BG1B/GCC/bgapi.a(bgapi_dfu.c.obj)
                0x00024178                lib_dfu_handler_init
                0x0002417a                gecko_cmd_dfu_reset
                0x00024180                gecko_cmd_dfu_flash_set_address
                0x000241ac                gecko_cmd_dfu_flash_upload
                0x000241d8                gecko_cmd_dfu_flash_upload_finish
 .text          0x00024204      0x34c D:/SiliconLabs/SimplicityStudio/v4_2/developer/sdks/gecko_sdk_suite/v1.1//protocol/bluetooth_2.4/lib/EFR32BG1B/GCC/bgapi.a(bgapi_gap.c.obj)
                0x00024204                lib_le_gap_handler_init
                0x00024206                gecko_cmd_le_gap_set_mode
                0x0002424c                gecko_cmd_le_gap_bt5_set_mode
                0x00024290                gecko_cmd_le_gap_set_adv_data
                0x000242d8                gecko_cmd_le_gap_bt5_set_adv_data
                0x0002430c                gecko_cmd_le_gap_set_adv_timeout
                0x00024360                gecko_cmd_le_gap_open
                0x000243c4                gecko_cmd_le_gap_discover
                0x000243f0                gecko_cmd_le_gap_end_procedure
                0x0002441c                gecko_cmd_le_gap_set_adv_parameters
                0x00024450                gecko_cmd_le_gap_bt5_set_adv_parameters
                0x0002448c                gecko_cmd_le_gap_set_scan_parameters
                0x000244bc                gecko_cmd_le_gap_set_conn_parameters
                0x000244f4                gecko_cmd_le_gap_set_phy
                0x00024520                gecko_cmd_le_gap_set_privacy_mode
 .text          0x00024550      0x6c4 D:/SiliconLabs/SimplicityStudio/v4_2/developer/sdks/gecko_sdk_suite/v1.1//protocol/bluetooth_2.4/lib/EFR32BG1B/GCC/bgapi.a(bgapi_gatt_lib.c.obj)
                0x00024550                lib_gatt_handler_init
                0x00024554                lib_gatt_server_handler_init
                0x00024556                gecko_cmd_gatt_set_max_mtu
                0x00024590                gecko_cmd_gatt_discover_primary_services
                0x000245c0                gecko_cmd_gatt_discover_primary_services_by_uuid
                0x000245fc                gecko_cmd_gatt_find_included_services
                0x00024630                gecko_cmd_gatt_discover_characteristics
                0x00024664                gecko_cmd_gatt_discover_characteristics_by_uuid
                0x000246a4                gecko_cmd_gatt_read_characteristic_value
                0x000246dc                gecko_cmd_gatt_read_characteristic_value_from_offset
                0x00024718                gecko_cmd_gatt_read_characteristic_value_by_uuid
                0x00024758                gecko_cmd_gatt_read_multiple_characteristic_values
                0x0002478c                gecko_cmd_gatt_write_characteristic_value
                0x000247c4                gecko_cmd_gatt_write_characteristic_value_without_response
                0x00024808                gecko_cmd_gatt_prepare_characteristic_value_write
                0x00024858                gecko_cmd_gatt_execute_characteristic_value_write
                0x0002488c                gecko_cmd_gatt_set_characteristic_notification
                0x000248c4                gecko_cmd_gatt_discover_descriptors
                0x000248f8                gecko_cmd_gatt_read_descriptor_value
                0x0002492c                gecko_cmd_gatt_write_descriptor_value
                0x00024964                gecko_cmd_gatt_server_read_attribute_value
                0x000249ac                gecko_cmd_gatt_server_read_attribute_type
                0x000249f0                gecko_cmd_gatt_server_find_attribute
                0x00024a2c                gecko_cmd_gatt_server_write_attribute_value
                0x00024a60                gecko_cmd_gatt_server_send_user_read_response
                0x00024ab0                gecko_cmd_gatt_server_send_user_write_response
                0x00024ae8                gecko_cmd_gatt_server_send_characteristic_notification
                0x00024b34                gecko_cmd_gatt_send_characteristic_confirmation
                0x00024b64                gecko_cmd_gatt_server_set_database
                0x00024b94                gecko_cmd_gatt_server_set_capabilities
                0x00024bc4                gecko_cmd_gatt_prepare_characteristic_value_reliable_write
 .text          0x00024c14      0x1d0 D:/SiliconLabs/SimplicityStudio/v4_2/developer/sdks/gecko_sdk_suite/v1.1//protocol/bluetooth_2.4/lib/EFR32BG1B/GCC/bgapi.a(bgapi_ps.c.obj)
                0x00024c14                bgapi_ps_dump_listener
                0x00024c54                lib_flash_handler_init
                0x00024c68                gecko_cmd_flash_ps_dump
                0x00024d00                gecko_cmd_flash_ps_erase_all
                0x00024d30                gecko_cmd_flash_ps_save
                0x00024d6c                gecko_cmd_flash_ps_load
                0x00024db0                gecko_cmd_flash_ps_erase
 .text          0x00024de4      0x3cc D:/SiliconLabs/SimplicityStudio/v4_2/developer/sdks/gecko_sdk_suite/v1.1//protocol/bluetooth_2.4/lib/EFR32BG1B/GCC/bgapi.a(bgapi_sm.c.obj)
                0x00024eac                lib_sm_handler_init
                0x00024ec0                gecko_cmd_sm_list_all_bondings
                0x00024ef8                gecko_cmd_sm_increase_security
                0x00024f28                gecko_cmd_sm_set_bondable_mode
                0x00024f54                gecko_cmd_sm_delete_bonding
                0x00024f84                gecko_cmd_sm_delete_bondings
                0x00024fb4                gecko_cmd_sm_configure
                0x00024fe4                gecko_cmd_sm_enter_passkey
                0x00025018                gecko_cmd_sm_set_passkey
                0x00025044                gecko_cmd_sm_passkey_confirm
                0x00025078                gecko_cmd_sm_set_oob_data
                0x000250a8                gecko_cmd_sm_set_sc_remote_oob_data
                0x000250d8                gecko_cmd_sm_use_sc_oob
                0x00025118                gecko_cmd_sm_store_bonding_configuration
                0x0002514c                gecko_cmd_sm_bonding_confirm
                0x00025180                gecko_cmd_sm_set_debug_mode
 .text          0x000251b0      0x1d8 D:/SiliconLabs/SimplicityStudio/v4_2/developer/sdks/gecko_sdk_suite/v1.1//protocol/bluetooth_2.4/lib/EFR32BG1B/GCC/bgapi.a(bgapi_system.c.obj)
                0x000251b0                bgapi_system_listener
                0x000251e0                lib_system_handler_init
                0x000251f4                gecko_cmd_system_get_bt_address
                0x0002522c                gecko_cmd_system_set_bt_address
                0x00025260                gecko_cmd_system_set_device_name
                0x0002529c                gecko_cmd_system_get_random_data
                0x000252e4                gecko_cmd_system_halt
                0x00025318                gecko_cmd_system_set_tx_power
                0x00025348                gecko_cmd_system_hello
                0x00025370                gecko_cmd_system_reset
                0x00025376                gecko_send_system_awake
 .text          0x00025388      0x1ac D:/SiliconLabs/SimplicityStudio/v4_2/developer/sdks/gecko_sdk_suite/v1.1//protocol/bluetooth_2.4/lib/EFR32BG1B/GCC/bgapi.a(bgapi_endpoint.c.obj)
                0x00025388                lib_endpoint_handler_init
                0x0002538a                gecko_cmd_endpoint_send
                0x00025434                gecko_cmd_endpoint_set_streaming_destination
                0x0002548c                gecko_cmd_endpoint_close
                0x000254e8                gecko_cmd_endpoint_set_flags
                0x000254ea                gecko_cmd_endpoint_clr_flags
                0x000254ec                gecko_cmd_endpoint_read_counters
 .text          0x00025534      0x104 D:/SiliconLabs/SimplicityStudio/v4_2/developer/sdks/gecko_sdk_suite/v1.1//protocol/bluetooth_2.4/lib/EFR32BG1B/GCC/bgapi.a(bgapi_le_connection.c.obj)
                0x00025534                lib_le_connection_handler_init
                0x00025536                gecko_cmd_le_connection_set_parameters
                0x00025584                gecko_cmd_le_connection_get_rssi
                0x000255b4                gecko_cmd_le_connection_disable_slave_latency
                0x000255fc                gecko_cmd_le_connection_set_phy
 .text          0x00025638      0xdf0 D:/SiliconLabs/SimplicityStudio/v4_2/developer/sdks/gecko_sdk_suite/v1.1//protocol/bluetooth_2.4/lib/EFR32BG1B/GCC/bgapi.a(gatt_client.c.obj)
                0x000258a0                gatt_discover_primary_services
                0x000258de                gatt_discover_primary_services_by_uuid
                0x00025934                gatt_find_included_services
                0x00025984                gatt_find_included_services_handler
                0x00025a34                gatt_discover_characteristics
                0x00025a56                gatt_discover_characteristics_by_uuid
                0x00025a98                gatt_discover_descriptors
                0x00025ad4                gatt_read_characteristic_value
                0x00025b0c                gatt_read_characteristic_value_by_uuid
                0x00025b46                gatt_read_multiple_characteristic_values
                0x00025b6a                gatt_write_characteristic_value
                0x00025b90                gatt_write_characteristic_value_without_response
                0x00025baa                gatt_prepare_characteristic_value_write
                0x00025c20                gatt_execute_characteristic_value_write
                0x00025c42                gatt_set_characteristic_notification
                0x00025c82                gatt_read_descriptor_value
                0x00025caa                gatt_write_descriptor_value
                0x00025cd0                gatt_handle_exchange_mtu_rsp
                0x00025cec                gatt_handle_find_information_response
                0x00025e3e                gatt_handle_find_by_type_value_response
                0x00025eda                gatt_handle_read_response
                0x00026038                gatt_handle_read_blob_response
                0x0002606e                gatt_handle_read_multiple_response
                0x000260aa                gatt_handle_read_by_type_response
                0x000261f4                gatt_handle_read_by_group_type_response
                0x0002629c                gatt_handle_write_response
                0x000262b0                gatt_handle_prepare_write_response
                0x000263a2                gatt_handle_execute_write_response
                0x000263da                gatt_client_handle_value_notification
                0x000263ec                gatt_client_handle_value_indication
                0x00026400                gatt_send_characteristic_confirmation
                0x0002641e                gatt_client_init
 .text          0x00026428      0x250 D:/SiliconLabs/SimplicityStudio/v4_2/developer/sdks/gecko_sdk_suite/v1.1//protocol/bluetooth_2.4/lib/EFR32BG1B/GCC/bgapi.a(ubt_gatt_client.c.obj)
                0x00026428                ubt_gatt_discover_primary_services
                0x0002643e                ubt_gatt_discover_primary_services_by_uuid
                0x0002646a                ubt_gatt_find_included_services
                0x00026484                ubt_gatt_discover_characteristics
                0x0002649e                ubt_gatt_discover_characteristics_by_uuid
                0x000264ce                ubt_gatt_discover_descriptors
                0x000264e8                ubt_gatt_read_characteristic_value
                0x0002650a                ubt_gatt_read_characteristic_value_by_uuid
                0x0002653a                ubt_gatt_read_multiple_characteristic_values
                0x00026558                ubt_gatt_write_characteristic_value
                0x0002657a                ubt_gatt_write_characteristic_value_without_response
                0x000265b4                ubt_gatt_prepare_characteristic_value_write
                0x000265ee                ubt_gatt_execute_characteristic_value_write
                0x00026608                ubt_gatt_send_characteristic_confirmation
                0x0002661e                ubt_gatt_read_descriptor_value
                0x00026638                ubt_gatt_write_descriptor_value
                0x0002665a                ubt_gatt_set_characteristic_notification
 .text          0x00026678      0x4ec D:/SiliconLabs/SimplicityStudio/v4_2/developer/sdks/gecko_sdk_suite/v1.1//protocol/bluetooth_2.4/lib/EFR32BG1B/GCC/bgapi.a(att_client.c.obj)
                0x00026678                att_send_find_information_request
                0x0002669e                att_send_find_by_type_value_request
                0x000266d0                att_send_read_by_type_request
                0x000266fc                att_send_read_request
                0x0002671c                att_send_read_blob_request
                0x00026742                att_send_read_multiple_request
                0x0002676e                att_send_read_by_group_type_request
                0x0002679a                att_send_write_request
                0x000267c6                att_send_write_command
                0x000267f2                att_send_signed_write_command
                0x0002682c                att_send_prepare_write_request
                0x00026868                att_send_execute_write_request
                0x00026886                att_send_handle_value_confirmation
                0x0002689e                validate_gatt_client_pdu_len
                0x00026958                att_gatt_client_handler
 .text.exit     0x00026b64       0x20 d:/siliconlabs/simplicitystudio/v4_2/developer/toolchains/gnu_arm/4.9_2015q3/bin/../lib/gcc/arm-none-eabi/4.9.3/../../../../arm-none-eabi/lib/armv7e-m/fpu\libc.a(lib_a-exit.o)
                0x00026b64                exit
 .text.__libc_init_array
                0x00026b84       0x50 d:/siliconlabs/simplicitystudio/v4_2/developer/toolchains/gnu_arm/4.9_2015q3/bin/../lib/gcc/arm-none-eabi/4.9.3/../../../../arm-none-eabi/lib/armv7e-m/fpu\libc.a(lib_a-init.o)
                0x00026b84                __libc_init_array
 .text.memcmp   0x00026bd4       0x64 d:/siliconlabs/simplicitystudio/v4_2/developer/toolchains/gnu_arm/4.9_2015q3/bin/../lib/gcc/arm-none-eabi/4.9.3/../../../../arm-none-eabi/lib/armv7e-m/fpu\libc.a(lib_a-memcmp.o)
                0x00026bd4                memcmp
 .text          0x00026c38      0x134 d:/siliconlabs/simplicitystudio/v4_2/developer/toolchains/gnu_arm/4.9_2015q3/bin/../lib/gcc/arm-none-eabi/4.9.3/../../../../arm-none-eabi/lib/armv7e-m/fpu\libc.a(lib_a-memcpy.o)
                0x00026c38                memcpy
 .text.memset   0x00026d6c       0x9c d:/siliconlabs/simplicitystudio/v4_2/developer/toolchains/gnu_arm/4.9_2015q3/bin/../lib/gcc/arm-none-eabi/4.9.3/../../../../arm-none-eabi/lib/armv7e-m/fpu\libc.a(lib_a-memset.o)
                0x00026d6c                memset
 .text.startup.register_fini
                0x00026e08       0x14 d:/siliconlabs/simplicitystudio/v4_2/developer/toolchains/gnu_arm/4.9_2015q3/bin/../lib/gcc/arm-none-eabi/4.9.3/../../../../arm-none-eabi/lib/armv7e-m/fpu\libc.a(lib_a-__call_atexit.o)
 .text.__call_exitprocs
                0x00026e1c       0xd4 d:/siliconlabs/simplicitystudio/v4_2/developer/toolchains/gnu_arm/4.9_2015q3/bin/../lib/gcc/arm-none-eabi/4.9.3/../../../../arm-none-eabi/lib/armv7e-m/fpu\libc.a(lib_a-__call_atexit.o)
                0x00026e1c                __call_exitprocs
 .text.atexit   0x00026ef0        0xc d:/siliconlabs/simplicitystudio/v4_2/developer/toolchains/gnu_arm/4.9_2015q3/bin/../lib/gcc/arm-none-eabi/4.9.3/../../../../arm-none-eabi/lib/armv7e-m/fpu\libc.a(lib_a-atexit.o)
                0x00026ef0                atexit
 .text.__libc_fini_array
                0x00026efc       0x2c d:/siliconlabs/simplicitystudio/v4_2/developer/toolchains/gnu_arm/4.9_2015q3/bin/../lib/gcc/arm-none-eabi/4.9.3/../../../../arm-none-eabi/lib/armv7e-m/fpu\libc.a(lib_a-fini.o)
                0x00026efc                __libc_fini_array
 .text.__register_exitproc
                0x00026f28       0xa4 d:/siliconlabs/simplicitystudio/v4_2/developer/toolchains/gnu_arm/4.9_2015q3/bin/../lib/gcc/arm-none-eabi/4.9.3/../../../../arm-none-eabi/lib/armv7e-m/fpu\libc.a(lib_a-__atexit.o)
                0x00026f28                __register_exitproc
 .text._exit    0x00026fcc        0x4 d:/siliconlabs/simplicitystudio/v4_2/developer/toolchains/gnu_arm/4.9_2015q3/bin/../lib/gcc/arm-none-eabi/4.9.3/../../../../arm-none-eabi/lib/armv7e-m/fpu\libnosys.a(_exit.o)
                0x00026fcc                _exit
 *(.init)
 .init          0x00026fd0        0x4 d:/siliconlabs/simplicitystudio/v4_2/developer/toolchains/gnu_arm/4.9_2015q3/bin/../lib/gcc/arm-none-eabi/4.9.3/armv7e-m/fpu/crti.o
                0x00026fd0                _init
 .init          0x00026fd4        0x8 d:/siliconlabs/simplicitystudio/v4_2/developer/toolchains/gnu_arm/4.9_2015q3/bin/../lib/gcc/arm-none-eabi/4.9.3/armv7e-m/fpu/crtn.o
 *(.fini)
 .fini          0x00026fdc        0x4 d:/siliconlabs/simplicitystudio/v4_2/developer/toolchains/gnu_arm/4.9_2015q3/bin/../lib/gcc/arm-none-eabi/4.9.3/armv7e-m/fpu/crti.o
                0x00026fdc                _fini
 .fini          0x00026fe0        0x8 d:/siliconlabs/simplicitystudio/v4_2/developer/toolchains/gnu_arm/4.9_2015q3/bin/../lib/gcc/arm-none-eabi/4.9.3/armv7e-m/fpu/crtn.o
 *crtbegin.o(.ctors)
 *crtbegin?.o(.ctors)
 *(EXCLUDE_FILE(*crtend.o *crtend?.o) .ctors)
 *(SORT(.ctors.*))
 *(.ctors)
 *crtbegin.o(.dtors)
 *crtbegin?.o(.dtors)
 *(EXCLUDE_FILE(*crtend.o *crtend?.o) .dtors)
 *(SORT(.dtors.*))
 *(.dtors)
 *(.rodata*)
 .rodata.ptiInit
                0x00026fe8       0x24 ./main.o
 .rodata        0x0002700c        0x4 ./main.o
 .rodata.config
                0x00027010       0x38 ./main.o
 .rodata        0x00027048        0xd ./uart_echo.o
 *fill*         0x00027055        0x3 
 .rodata        0x00027058       0xa8 ./src/InitDevice.o
 .rodata        0x00027100       0x28 D:/SiliconLabs/SimplicityStudio/v4_2/developer/sdks/gecko_sdk_suite/v1.1//protocol/bluetooth_2.4/lib/EFR32BG1B/GCC/bgapi.a(gecko_bgapi_hardware.c.obj)
 .rodata        0x00027128       0x30 D:/SiliconLabs/SimplicityStudio/v4_2/developer/sdks/gecko_sdk_suite/v1.1//protocol/bluetooth_2.4/lib/EFR32BG1B/GCC/bgapi.a(gecko_bgapi_test.c.obj)
 .rodata        0x00027158       0x28 D:/SiliconLabs/SimplicityStudio/v4_2/developer/sdks/gecko_sdk_suite/v1.1//protocol/bluetooth_2.4/lib/EFR32BG1B/GCC/bgapi.a(gecko_bgapi_dfu.c.obj)
 .rodata        0x00027180       0x78 D:/SiliconLabs/SimplicityStudio/v4_2/developer/sdks/gecko_sdk_suite/v1.1//protocol/bluetooth_2.4/lib/EFR32BG1B/GCC/bgapi.a(gecko_bgapi_gap.c.obj)
 .rodata        0x000271f8       0xa8 D:/SiliconLabs/SimplicityStudio/v4_2/developer/sdks/gecko_sdk_suite/v1.1//protocol/bluetooth_2.4/lib/EFR32BG1B/GCC/bgapi.a(gecko_bgapi_gatt.c.obj)
 .rodata        0x000272a0       0x50 D:/SiliconLabs/SimplicityStudio/v4_2/developer/sdks/gecko_sdk_suite/v1.1//protocol/bluetooth_2.4/lib/EFR32BG1B/GCC/bgapi.a(gecko_bgapi_gatt_server.c.obj)
 .rodata        0x000272f0       0x30 D:/SiliconLabs/SimplicityStudio/v4_2/developer/sdks/gecko_sdk_suite/v1.1//protocol/bluetooth_2.4/lib/EFR32BG1B/GCC/bgapi.a(gecko_bgapi_flash.c.obj)
 .rodata        0x00027320       0x80 D:/SiliconLabs/SimplicityStudio/v4_2/developer/sdks/gecko_sdk_suite/v1.1//protocol/bluetooth_2.4/lib/EFR32BG1B/GCC/bgapi.a(gecko_bgapi_sm.c.obj)
 .rodata        0x000273a0       0x48 D:/SiliconLabs/SimplicityStudio/v4_2/developer/sdks/gecko_sdk_suite/v1.1//protocol/bluetooth_2.4/lib/EFR32BG1B/GCC/bgapi.a(gecko_bgapi_system.c.obj)
 .rodata        0x000273e8       0x38 D:/SiliconLabs/SimplicityStudio/v4_2/developer/sdks/gecko_sdk_suite/v1.1//protocol/bluetooth_2.4/lib/EFR32BG1B/GCC/bgapi.a(gecko_bgapi_endpoint.c.obj)
 .rodata        0x00027420       0x28 D:/SiliconLabs/SimplicityStudio/v4_2/developer/sdks/gecko_sdk_suite/v1.1//protocol/bluetooth_2.4/lib/EFR32BG1B/GCC/bgapi.a(gecko_bgapi_le_connection.c.obj)
 .rodata        0x00027448       0x18 D:/SiliconLabs/SimplicityStudio/v4_2/developer/sdks/gecko_sdk_suite/v1.1//protocol/bluetooth_2.4/lib/EFR32BG1B/GCC/bgapi.a(bgapi_sm.c.obj)
 .rodata        0x00027460        0x4 D:/SiliconLabs/SimplicityStudio/v4_2/developer/sdks/gecko_sdk_suite/v1.1//protocol/bluetooth_2.4/lib/EFR32BG1B/GCC/bgapi.a(gatt_client.c.obj)
 .rodata.str1.4
                0x00027464        0x4 d:/siliconlabs/simplicitystudio/v4_2/developer/toolchains/gnu_arm/4.9_2015q3/bin/../lib/gcc/arm-none-eabi/4.9.3/../../../../arm-none-eabi/lib/armv7e-m/fpu\libc.a(lib_a-impure.o)
                                  0x2 (size before relaxing)
 .rodata._global_impure_ptr
                0x00027468        0x4 d:/siliconlabs/simplicitystudio/v4_2/developer/toolchains/gnu_arm/4.9_2015q3/bin/../lib/gcc/arm-none-eabi/4.9.3/../../../../arm-none-eabi/lib/armv7e-m/fpu\libc.a(lib_a-impure.o)
                0x00027468                _global_impure_ptr
 *(.eh_frame*)
 .eh_frame      0x0002746c        0x0 d:/siliconlabs/simplicitystudio/v4_2/developer/toolchains/gnu_arm/4.9_2015q3/bin/../lib/gcc/arm-none-eabi/4.9.3/armv7e-m/fpu/crtbegin.o
 .eh_frame      0x0002746c        0x4 d:/siliconlabs/simplicitystudio/v4_2/developer/toolchains/gnu_arm/4.9_2015q3/bin/../lib/gcc/arm-none-eabi/4.9.3/armv7e-m/fpu/crtend.o
                0x00027470                . = ALIGN (0x4)

.glue_7         0x00027470        0x0
 .glue_7        0x00000000        0x0 linker stubs

.glue_7t        0x00027470        0x0
 .glue_7t       0x00000000        0x0 linker stubs

.vfp11_veneer   0x00027470        0x0
 .vfp11_veneer  0x00000000        0x0 linker stubs

.v4_bx          0x00027470        0x0
 .v4_bx         0x00000000        0x0 linker stubs

.iplt           0x00027470        0x0
 .iplt          0x00000000        0x0 d:/siliconlabs/simplicitystudio/v4_2/developer/toolchains/gnu_arm/4.9_2015q3/bin/../lib/gcc/arm-none-eabi/4.9.3/armv7e-m/fpu/crtbegin.o

.igot.plt       0x00027470        0x0
 .igot.plt      0x00000000        0x0 d:/siliconlabs/simplicitystudio/v4_2/developer/toolchains/gnu_arm/4.9_2015q3/bin/../lib/gcc/arm-none-eabi/4.9.3/armv7e-m/fpu/crtbegin.o

.text_app_ARM.extab
 *(.ARM.extab* .gnu.linkonce.armextab.*)
                0x00027470                __exidx_start = .

.text_app_ARM.exidx
                0x00027470        0x8
 *(.ARM.exidx* .gnu.linkonce.armexidx.*)
 .ARM.exidx     0x00027470        0x8 d:/siliconlabs/simplicitystudio/v4_2/developer/toolchains/gnu_arm/4.9_2015q3/bin/../lib/gcc/arm-none-eabi/4.9.3/../../../../arm-none-eabi/lib/armv7e-m/fpu/crt0.o
                0x00027478                __exidx_end = .
                0x00027478                __etext = .

.rel.dyn        0x00027478        0x0
 .rel.iplt      0x00000000        0x0 d:/siliconlabs/simplicitystudio/v4_2/developer/toolchains/gnu_arm/4.9_2015q3/bin/../lib/gcc/arm-none-eabi/4.9.3/armv7e-m/fpu/crtbegin.o

.text_app_data  0x20003000      0x450 load address 0x00027478
                0x20003000                __data_start__ = .
 *(vtable)
 *(.data*)
 .data.bg_gattdb_data_attribute_field_6_data
                0x20003000        0xd ./gatt_db.o
                0x20003000                bg_gattdb_data_attribute_field_6_data
 *fill*         0x2000300d        0x3 
 .data.auxHfrcoFreq
                0x20003010        0x4 ./emlib/em_cmu.o
 *fill*         0x20003014        0x4 
 .data.impure_data
                0x20003018      0x428 d:/siliconlabs/simplicitystudio/v4_2/developer/toolchains/gnu_arm/4.9_2015q3/bin/../lib/gcc/arm-none-eabi/4.9.3/../../../../arm-none-eabi/lib/armv7e-m/fpu\libc.a(lib_a-impure.o)
                0x20003440                . = ALIGN (0x4)
 *(.ram)
                0x20003440                . = ALIGN (0x4)
                0x20003440                PROVIDE (__preinit_array_start, .)
 *(.preinit_array)
                0x20003440                PROVIDE (__preinit_array_end, .)
                0x20003440                . = ALIGN (0x4)
                0x20003440                PROVIDE (__init_array_start, .)
 *(SORT(.init_array.*))
 .init_array.00000
                0x20003440        0x4 d:/siliconlabs/simplicitystudio/v4_2/developer/toolchains/gnu_arm/4.9_2015q3/bin/../lib/gcc/arm-none-eabi/4.9.3/../../../../arm-none-eabi/lib/armv7e-m/fpu\libc.a(lib_a-__call_atexit.o)
 *(.init_array)
 .init_array    0x20003444        0x4 d:/siliconlabs/simplicitystudio/v4_2/developer/toolchains/gnu_arm/4.9_2015q3/bin/../lib/gcc/arm-none-eabi/4.9.3/armv7e-m/fpu/crtbegin.o
                0x20003448                PROVIDE (__init_array_end, .)
                0x20003448                . = ALIGN (0x4)
                0x20003448                PROVIDE (__fini_array_start, .)
 *(SORT(.fini_array.*))
 *(.fini_array)
 .fini_array    0x20003448        0x4 d:/siliconlabs/simplicitystudio/v4_2/developer/toolchains/gnu_arm/4.9_2015q3/bin/../lib/gcc/arm-none-eabi/4.9.3/armv7e-m/fpu/crtbegin.o
                0x2000344c                PROVIDE (__fini_array_end, .)
 *(.jcr*)
 .jcr           0x2000344c        0x0 d:/siliconlabs/simplicitystudio/v4_2/developer/toolchains/gnu_arm/4.9_2015q3/bin/../lib/gcc/arm-none-eabi/4.9.3/armv7e-m/fpu/crtbegin.o
 .jcr           0x2000344c        0x4 d:/siliconlabs/simplicitystudio/v4_2/developer/toolchains/gnu_arm/4.9_2015q3/bin/../lib/gcc/arm-none-eabi/4.9.3/armv7e-m/fpu/crtend.o
                0x20003450                . = ALIGN (0x4)
                0x20003450                __data_end__ = .

.bss            0x20003450     0x1af0 load address 0x000278c8
                0x20003450                . = ALIGN (0x4)
                0x20003450                __bss_start__ = .
 *(.bss*)
 .bss           0x20003450       0x1c d:/siliconlabs/simplicitystudio/v4_2/developer/toolchains/gnu_arm/4.9_2015q3/bin/../lib/gcc/arm-none-eabi/4.9.3/armv7e-m/fpu/crtbegin.o
 .bss.bg_gattdb_data_attribute_field_2_data
                0x2000346c        0x4 ./gatt_db.o
                0x2000346c                bg_gattdb_data_attribute_field_2_data
 .bss.gpioCallbacks
                0x20003470       0x40 ./gpiointerrupt.o
 .bss.boot_to_dfu
                0x200034b0        0x1 ./main.o
                0x200034b0                boot_to_dfu
 *fill*         0x200034b1        0x3 
 .bss.chTable   0x200034b4       0xa0 ./bgapi/dmadrv.o
 .bss.dmaXfer   0x20003554      0x100 ./bgapi/dmadrv.o
 .bss           0x20003654        0x4 D:/SiliconLabs/SimplicityStudio/v4_2/developer/sdks/gecko_sdk_suite/v1.1//protocol/bluetooth_2.4/lib/EFR32BG1B/GCC/bgapi.a(bgapi_hardware.c.obj)
 .bss           0x20003658        0x4 D:/SiliconLabs/SimplicityStudio/v4_2/developer/sdks/gecko_sdk_suite/v1.1//protocol/bluetooth_2.4/lib/EFR32BG1B/GCC/bgapi.a(bgapi_test_lib.c.obj)
 .bss           0x2000365c        0x2 D:/SiliconLabs/SimplicityStudio/v4_2/developer/sdks/gecko_sdk_suite/v1.1//protocol/bluetooth_2.4/lib/EFR32BG1B/GCC/bgapi.a(bgapi_gap.c.obj)
                0x2000365c                legacy_maxadv_events
 *fill*         0x2000365e        0x2 
 .bss           0x20003660        0x4 D:/SiliconLabs/SimplicityStudio/v4_2/developer/sdks/gecko_sdk_suite/v1.1//protocol/bluetooth_2.4/lib/EFR32BG1B/GCC/bgapi.a(bgapi_ps.c.obj)
 .bss           0x20003664        0x4 D:/SiliconLabs/SimplicityStudio/v4_2/developer/sdks/gecko_sdk_suite/v1.1//protocol/bluetooth_2.4/lib/EFR32BG1B/GCC/bgapi.a(bgapi_sm.c.obj)
 .bss           0x20003668        0x4 D:/SiliconLabs/SimplicityStudio/v4_2/developer/sdks/gecko_sdk_suite/v1.1//protocol/bluetooth_2.4/lib/EFR32BG1B/GCC/bgapi.a(bgapi_system.c.obj)
 *(COMMON)
 COMMON         0x2000366c     0x18d0 ./main.o
                0x2000366c                bluetooth_stack_heap
 COMMON         0x20004f3c        0x4 D:/SiliconLabs/SimplicityStudio/v4_2/developer/sdks/gecko_sdk_suite/v1.1//protocol/bluetooth_2.4/lib/EFR32BG1B/GCC/bgapi.a(bgapi_test_lib.c.obj)
                0x20004f3c                msg_sender
                0x20004f40                . = ALIGN (0x4)
                0x20004f40                __bss_end__ = .

.heap           0x20004f40      0xc00
                0x20004f40                __HeapBase = .
                0x20004f40                __end__ = .
                0x20004f40                end = __end__
                0x20004f40                _end = __end__
 *(.heap*)
 .heap          0x20004f40      0xc00 ./device/EFR32_B_1_1_B/gcc/startup_efr32bg1b.o
                0x20005b40                __HeapLimit = .

.stack_dummy    0x20005b40      0x400
 *(.stack*)
 .stack         0x20005b40      0x400 ./device/EFR32_B_1_1_B/gcc/startup_efr32bg1b.o
                0x20007bfc                __StackTop = (ORIGIN (RAM) + 0x4bfc)
                0x200077fc                __StackLimit = (__StackTop - SIZEOF (.stack_dummy))
                0x20007bfc                PROVIDE (__stack, __StackTop)
                0x00000001                ASSERT ((__StackLimit >= __HeapLimit), region RAM overflowed with stack)
OUTPUT(soc-empty-UARTTst2.axf elf32-littlearm)

.ARM.attributes
                0x00000000       0x30
 .ARM.attributes
                0x00000000       0x22 d:/siliconlabs/simplicitystudio/v4_2/developer/toolchains/gnu_arm/4.9_2015q3/bin/../lib/gcc/arm-none-eabi/4.9.3/armv7e-m/fpu/crti.o
 .ARM.attributes
                0x00000022       0x34 d:/siliconlabs/simplicitystudio/v4_2/developer/toolchains/gnu_arm/4.9_2015q3/bin/../lib/gcc/arm-none-eabi/4.9.3/armv7e-m/fpu/crtbegin.o
 .ARM.attributes
                0x00000056       0x20 d:/siliconlabs/simplicitystudio/v4_2/developer/toolchains/gnu_arm/4.9_2015q3/bin/../lib/gcc/arm-none-eabi/4.9.3/../../../../arm-none-eabi/lib/armv7e-m/fpu/crt0.o
 .ARM.attributes
                0x00000076       0x39 ./application_properties.o
 .ARM.attributes
                0x000000af       0x39 ./gatt_db.o
 .ARM.attributes
                0x000000e8       0x39 ./gpiointerrupt.o
 .ARM.attributes
                0x00000121       0x39 ./main.o
 .ARM.attributes
                0x0000015a       0x39 ./uart_echo.o
 .ARM.attributes
                0x00000193       0x39 ./bgapi/dmadrv.o
 .ARM.attributes
                0x000001cc       0x39 ./device/EFR32_B_1_1_B/gcc/startup_efr32bg1b.o
 .ARM.attributes
                0x00000205       0x39 ./emlib/em_cmu.o
 .ARM.attributes
                0x0000023e       0x39 ./emlib/em_gpio.o
 .ARM.attributes
                0x00000277       0x39 ./emlib/em_rtcc.o
 .ARM.attributes
                0x000002b0       0x39 ./emlib/em_system.o
 .ARM.attributes
                0x000002e9       0x39 ./emlib/em_timer.o
 .ARM.attributes
                0x00000322       0x39 ./emlib/em_usart.o
 .ARM.attributes
                0x0000035b       0x39 ./src/InitDevice.o
 .ARM.attributes
                0x00000394       0x1c D:/SiliconLabs/SimplicityStudio/v4_2/developer/sdks/gecko_sdk_suite/v1.1//protocol/bluetooth_2.4/lib/EFR32BG1B/EABI/binbootloader.o
 .ARM.attributes
                0x000003b0       0x39 D:/SiliconLabs/SimplicityStudio/v4_2/developer/sdks/gecko_sdk_suite/v1.1//protocol/bluetooth_2.4/lib/EFR32BG1B/GCC/bgapi.a(gecko_bgapi_hardware.c.obj)
 .ARM.attributes
                0x000003e9       0x39 D:/SiliconLabs/SimplicityStudio/v4_2/developer/sdks/gecko_sdk_suite/v1.1//protocol/bluetooth_2.4/lib/EFR32BG1B/GCC/bgapi.a(gecko_bgapi_test.c.obj)
 .ARM.attributes
                0x00000422       0x39 D:/SiliconLabs/SimplicityStudio/v4_2/developer/sdks/gecko_sdk_suite/v1.1//protocol/bluetooth_2.4/lib/EFR32BG1B/GCC/bgapi.a(gecko_bgapi_dfu.c.obj)
 .ARM.attributes
                0x0000045b       0x39 D:/SiliconLabs/SimplicityStudio/v4_2/developer/sdks/gecko_sdk_suite/v1.1//protocol/bluetooth_2.4/lib/EFR32BG1B/GCC/bgapi.a(gecko_bgapi_gap.c.obj)
 .ARM.attributes
                0x00000494       0x39 D:/SiliconLabs/SimplicityStudio/v4_2/developer/sdks/gecko_sdk_suite/v1.1//protocol/bluetooth_2.4/lib/EFR32BG1B/GCC/bgapi.a(gecko_bgapi_gatt.c.obj)
 .ARM.attributes
                0x000004cd       0x39 D:/SiliconLabs/SimplicityStudio/v4_2/developer/sdks/gecko_sdk_suite/v1.1//protocol/bluetooth_2.4/lib/EFR32BG1B/GCC/bgapi.a(gecko_bgapi_gatt_server.c.obj)
 .ARM.attributes
                0x00000506       0x39 D:/SiliconLabs/SimplicityStudio/v4_2/developer/sdks/gecko_sdk_suite/v1.1//protocol/bluetooth_2.4/lib/EFR32BG1B/GCC/bgapi.a(gecko_bgapi_flash.c.obj)
 .ARM.attributes
                0x0000053f       0x39 D:/SiliconLabs/SimplicityStudio/v4_2/developer/sdks/gecko_sdk_suite/v1.1//protocol/bluetooth_2.4/lib/EFR32BG1B/GCC/bgapi.a(gecko_bgapi_sm.c.obj)
 .ARM.attributes
                0x00000578       0x39 D:/SiliconLabs/SimplicityStudio/v4_2/developer/sdks/gecko_sdk_suite/v1.1//protocol/bluetooth_2.4/lib/EFR32BG1B/GCC/bgapi.a(gecko_bgapi_system.c.obj)
 .ARM.attributes
                0x000005b1       0x39 D:/SiliconLabs/SimplicityStudio/v4_2/developer/sdks/gecko_sdk_suite/v1.1//protocol/bluetooth_2.4/lib/EFR32BG1B/GCC/bgapi.a(gecko_bgapi_endpoint.c.obj)
 .ARM.attributes
                0x000005ea       0x39 D:/SiliconLabs/SimplicityStudio/v4_2/developer/sdks/gecko_sdk_suite/v1.1//protocol/bluetooth_2.4/lib/EFR32BG1B/GCC/bgapi.a(gecko_bgapi_le_connection.c.obj)
 .ARM.attributes
                0x00000623       0x39 D:/SiliconLabs/SimplicityStudio/v4_2/developer/sdks/gecko_sdk_suite/v1.1//protocol/bluetooth_2.4/lib/EFR32BG1B/GCC/bgapi.a(bgapi_hardware.c.obj)
 .ARM.attributes
                0x0000065c       0x39 D:/SiliconLabs/SimplicityStudio/v4_2/developer/sdks/gecko_sdk_suite/v1.1//protocol/bluetooth_2.4/lib/EFR32BG1B/GCC/bgapi.a(bgapi_test_lib.c.obj)
 .ARM.attributes
                0x00000695       0x39 D:/SiliconLabs/SimplicityStudio/v4_2/developer/sdks/gecko_sdk_suite/v1.1//protocol/bluetooth_2.4/lib/EFR32BG1B/GCC/bgapi.a(bgapi_dfu.c.obj)
 .ARM.attributes
                0x000006ce       0x39 D:/SiliconLabs/SimplicityStudio/v4_2/developer/sdks/gecko_sdk_suite/v1.1//protocol/bluetooth_2.4/lib/EFR32BG1B/GCC/bgapi.a(bgapi_gap.c.obj)
 .ARM.attributes
                0x00000707       0x39 D:/SiliconLabs/SimplicityStudio/v4_2/developer/sdks/gecko_sdk_suite/v1.1//protocol/bluetooth_2.4/lib/EFR32BG1B/GCC/bgapi.a(bgapi_gatt_lib.c.obj)
 .ARM.attributes
                0x00000740       0x39 D:/SiliconLabs/SimplicityStudio/v4_2/developer/sdks/gecko_sdk_suite/v1.1//protocol/bluetooth_2.4/lib/EFR32BG1B/GCC/bgapi.a(bgapi_ps.c.obj)
 .ARM.attributes
                0x00000779       0x39 D:/SiliconLabs/SimplicityStudio/v4_2/developer/sdks/gecko_sdk_suite/v1.1//protocol/bluetooth_2.4/lib/EFR32BG1B/GCC/bgapi.a(bgapi_sm.c.obj)
 .ARM.attributes
                0x000007b2       0x39 D:/SiliconLabs/SimplicityStudio/v4_2/developer/sdks/gecko_sdk_suite/v1.1//protocol/bluetooth_2.4/lib/EFR32BG1B/GCC/bgapi.a(bgapi_system.c.obj)
 .ARM.attributes
                0x000007eb       0x39 D:/SiliconLabs/SimplicityStudio/v4_2/developer/sdks/gecko_sdk_suite/v1.1//protocol/bluetooth_2.4/lib/EFR32BG1B/GCC/bgapi.a(bgapi_endpoint.c.obj)
 .ARM.attributes
                0x00000824       0x39 D:/SiliconLabs/SimplicityStudio/v4_2/developer/sdks/gecko_sdk_suite/v1.1//protocol/bluetooth_2.4/lib/EFR32BG1B/GCC/bgapi.a(bgapi_le_connection.c.obj)
 .ARM.attributes
                0x0000085d       0x39 D:/SiliconLabs/SimplicityStudio/v4_2/developer/sdks/gecko_sdk_suite/v1.1//protocol/bluetooth_2.4/lib/EFR32BG1B/GCC/bgapi.a(gatt_client.c.obj)
 .ARM.attributes
                0x00000896       0x39 D:/SiliconLabs/SimplicityStudio/v4_2/developer/sdks/gecko_sdk_suite/v1.1//protocol/bluetooth_2.4/lib/EFR32BG1B/GCC/bgapi.a(ubt_gatt_client.c.obj)
 .ARM.attributes
                0x000008cf       0x39 D:/SiliconLabs/SimplicityStudio/v4_2/developer/sdks/gecko_sdk_suite/v1.1//protocol/bluetooth_2.4/lib/EFR32BG1B/GCC/bgapi.a(att_client.c.obj)
 .ARM.attributes
                0x00000908       0x1c D:/SiliconLabs/SimplicityStudio/v4_2/developer/sdks/gecko_sdk_suite/v1.1//protocol/bluetooth_2.4/lib/EFR32BG1B/EABI/binstack.o
 .ARM.attributes
                0x00000924       0x34 d:/siliconlabs/simplicitystudio/v4_2/developer/toolchains/gnu_arm/4.9_2015q3/bin/../lib/gcc/arm-none-eabi/4.9.3/../../../../arm-none-eabi/lib/armv7e-m/fpu\libc.a(lib_a-exit.o)
 .ARM.attributes
                0x00000958       0x34 d:/siliconlabs/simplicitystudio/v4_2/developer/toolchains/gnu_arm/4.9_2015q3/bin/../lib/gcc/arm-none-eabi/4.9.3/../../../../arm-none-eabi/lib/armv7e-m/fpu\libc.a(lib_a-impure.o)
 .ARM.attributes
                0x0000098c       0x34 d:/siliconlabs/simplicitystudio/v4_2/developer/toolchains/gnu_arm/4.9_2015q3/bin/../lib/gcc/arm-none-eabi/4.9.3/../../../../arm-none-eabi/lib/armv7e-m/fpu\libc.a(lib_a-init.o)
 .ARM.attributes
                0x000009c0       0x34 d:/siliconlabs/simplicitystudio/v4_2/developer/toolchains/gnu_arm/4.9_2015q3/bin/../lib/gcc/arm-none-eabi/4.9.3/../../../../arm-none-eabi/lib/armv7e-m/fpu\libc.a(lib_a-memcmp.o)
 .ARM.attributes
                0x000009f4       0x20 d:/siliconlabs/simplicitystudio/v4_2/developer/toolchains/gnu_arm/4.9_2015q3/bin/../lib/gcc/arm-none-eabi/4.9.3/../../../../arm-none-eabi/lib/armv7e-m/fpu\libc.a(lib_a-memcpy.o)
 .ARM.attributes
                0x00000a14       0x34 d:/siliconlabs/simplicitystudio/v4_2/developer/toolchains/gnu_arm/4.9_2015q3/bin/../lib/gcc/arm-none-eabi/4.9.3/../../../../arm-none-eabi/lib/armv7e-m/fpu\libc.a(lib_a-memset.o)
 .ARM.attributes
                0x00000a48       0x34 d:/siliconlabs/simplicitystudio/v4_2/developer/toolchains/gnu_arm/4.9_2015q3/bin/../lib/gcc/arm-none-eabi/4.9.3/../../../../arm-none-eabi/lib/armv7e-m/fpu\libc.a(lib_a-__call_atexit.o)
 .ARM.attributes
                0x00000a7c       0x34 d:/siliconlabs/simplicitystudio/v4_2/developer/toolchains/gnu_arm/4.9_2015q3/bin/../lib/gcc/arm-none-eabi/4.9.3/../../../../arm-none-eabi/lib/armv7e-m/fpu\libc.a(lib_a-atexit.o)
 .ARM.attributes
                0x00000ab0       0x34 d:/siliconlabs/simplicitystudio/v4_2/developer/toolchains/gnu_arm/4.9_2015q3/bin/../lib/gcc/arm-none-eabi/4.9.3/../../../../arm-none-eabi/lib/armv7e-m/fpu\libc.a(lib_a-fini.o)
 .ARM.attributes
                0x00000ae4       0x34 d:/siliconlabs/simplicitystudio/v4_2/developer/toolchains/gnu_arm/4.9_2015q3/bin/../lib/gcc/arm-none-eabi/4.9.3/../../../../arm-none-eabi/lib/armv7e-m/fpu\libc.a(lib_a-__atexit.o)
 .ARM.attributes
                0x00000b18       0x34 d:/siliconlabs/simplicitystudio/v4_2/developer/toolchains/gnu_arm/4.9_2015q3/bin/../lib/gcc/arm-none-eabi/4.9.3/../../../../arm-none-eabi/lib/armv7e-m/fpu\libnosys.a(_exit.o)
 .ARM.attributes
                0x00000b4c       0x34 d:/siliconlabs/simplicitystudio/v4_2/developer/toolchains/gnu_arm/4.9_2015q3/bin/../lib/gcc/arm-none-eabi/4.9.3/armv7e-m/fpu/crtend.o
 .ARM.attributes
                0x00000b80       0x22 d:/siliconlabs/simplicitystudio/v4_2/developer/toolchains/gnu_arm/4.9_2015q3/bin/../lib/gcc/arm-none-eabi/4.9.3/armv7e-m/fpu/crtn.o

.comment        0x00000000       0xde
 .comment       0x00000000       0x70 ./application_properties.o
                                 0x71 (size before relaxing)
 .comment       0x00000000       0x71 ./gatt_db.o
 .comment       0x00000000       0x71 ./gpiointerrupt.o
 .comment       0x00000000       0x71 ./main.o
 .comment       0x00000000       0x71 ./uart_echo.o
 .comment       0x00000000       0x71 ./bgapi/dmadrv.o
 .comment       0x00000000       0x71 ./device/EFR32_B_1_1_B/gcc/startup_efr32bg1b.o
 .comment       0x00000000       0x71 ./emlib/em_cmu.o
 .comment       0x00000000       0x71 ./emlib/em_gpio.o
 .comment       0x00000000       0x71 ./emlib/em_rtcc.o
 .comment       0x00000000       0x71 ./emlib/em_system.o
 .comment       0x00000000       0x71 ./emlib/em_timer.o
 .comment       0x00000000       0x71 ./emlib/em_usart.o
 .comment       0x00000000       0x71 ./src/InitDevice.o
 .comment       0x00000070       0x6e D:/SiliconLabs/SimplicityStudio/v4_2/developer/sdks/gecko_sdk_suite/v1.1//protocol/bluetooth_2.4/lib/EFR32BG1B/GCC/bgapi.a(gecko_bgapi_hardware.c.obj)
                                 0x6f (size before relaxing)
 .comment       0x00000000       0x6f D:/SiliconLabs/SimplicityStudio/v4_2/developer/sdks/gecko_sdk_suite/v1.1//protocol/bluetooth_2.4/lib/EFR32BG1B/GCC/bgapi.a(gecko_bgapi_test.c.obj)
 .comment       0x00000000       0x6f D:/SiliconLabs/SimplicityStudio/v4_2/developer/sdks/gecko_sdk_suite/v1.1//protocol/bluetooth_2.4/lib/EFR32BG1B/GCC/bgapi.a(gecko_bgapi_dfu.c.obj)
 .comment       0x00000000       0x6f D:/SiliconLabs/SimplicityStudio/v4_2/developer/sdks/gecko_sdk_suite/v1.1//protocol/bluetooth_2.4/lib/EFR32BG1B/GCC/bgapi.a(gecko_bgapi_gap.c.obj)
 .comment       0x00000000       0x6f D:/SiliconLabs/SimplicityStudio/v4_2/developer/sdks/gecko_sdk_suite/v1.1//protocol/bluetooth_2.4/lib/EFR32BG1B/GCC/bgapi.a(gecko_bgapi_gatt.c.obj)
 .comment       0x00000000       0x6f D:/SiliconLabs/SimplicityStudio/v4_2/developer/sdks/gecko_sdk_suite/v1.1//protocol/bluetooth_2.4/lib/EFR32BG1B/GCC/bgapi.a(gecko_bgapi_gatt_server.c.obj)
 .comment       0x00000000       0x6f D:/SiliconLabs/SimplicityStudio/v4_2/developer/sdks/gecko_sdk_suite/v1.1//protocol/bluetooth_2.4/lib/EFR32BG1B/GCC/bgapi.a(gecko_bgapi_flash.c.obj)
 .comment       0x00000000       0x6f D:/SiliconLabs/SimplicityStudio/v4_2/developer/sdks/gecko_sdk_suite/v1.1//protocol/bluetooth_2.4/lib/EFR32BG1B/GCC/bgapi.a(gecko_bgapi_sm.c.obj)
 .comment       0x00000000       0x6f D:/SiliconLabs/SimplicityStudio/v4_2/developer/sdks/gecko_sdk_suite/v1.1//protocol/bluetooth_2.4/lib/EFR32BG1B/GCC/bgapi.a(gecko_bgapi_system.c.obj)
 .comment       0x00000000       0x6f D:/SiliconLabs/SimplicityStudio/v4_2/developer/sdks/gecko_sdk_suite/v1.1//protocol/bluetooth_2.4/lib/EFR32BG1B/GCC/bgapi.a(gecko_bgapi_endpoint.c.obj)
 .comment       0x00000000       0x6f D:/SiliconLabs/SimplicityStudio/v4_2/developer/sdks/gecko_sdk_suite/v1.1//protocol/bluetooth_2.4/lib/EFR32BG1B/GCC/bgapi.a(gecko_bgapi_le_connection.c.obj)
 .comment       0x00000000       0x6f D:/SiliconLabs/SimplicityStudio/v4_2/developer/sdks/gecko_sdk_suite/v1.1//protocol/bluetooth_2.4/lib/EFR32BG1B/GCC/bgapi.a(bgapi_hardware.c.obj)
 .comment       0x00000000       0x6f D:/SiliconLabs/SimplicityStudio/v4_2/developer/sdks/gecko_sdk_suite/v1.1//protocol/bluetooth_2.4/lib/EFR32BG1B/GCC/bgapi.a(bgapi_test_lib.c.obj)
 .comment       0x00000000       0x6f D:/SiliconLabs/SimplicityStudio/v4_2/developer/sdks/gecko_sdk_suite/v1.1//protocol/bluetooth_2.4/lib/EFR32BG1B/GCC/bgapi.a(bgapi_dfu.c.obj)
 .comment       0x00000000       0x6f D:/SiliconLabs/SimplicityStudio/v4_2/developer/sdks/gecko_sdk_suite/v1.1//protocol/bluetooth_2.4/lib/EFR32BG1B/GCC/bgapi.a(bgapi_gap.c.obj)
 .comment       0x00000000       0x6f D:/SiliconLabs/SimplicityStudio/v4_2/developer/sdks/gecko_sdk_suite/v1.1//protocol/bluetooth_2.4/lib/EFR32BG1B/GCC/bgapi.a(bgapi_gatt_lib.c.obj)
 .comment       0x00000000       0x6f D:/SiliconLabs/SimplicityStudio/v4_2/developer/sdks/gecko_sdk_suite/v1.1//protocol/bluetooth_2.4/lib/EFR32BG1B/GCC/bgapi.a(bgapi_ps.c.obj)
 .comment       0x00000000       0x6f D:/SiliconLabs/SimplicityStudio/v4_2/developer/sdks/gecko_sdk_suite/v1.1//protocol/bluetooth_2.4/lib/EFR32BG1B/GCC/bgapi.a(bgapi_sm.c.obj)
 .comment       0x00000000       0x6f D:/SiliconLabs/SimplicityStudio/v4_2/developer/sdks/gecko_sdk_suite/v1.1//protocol/bluetooth_2.4/lib/EFR32BG1B/GCC/bgapi.a(bgapi_system.c.obj)
 .comment       0x00000000       0x6f D:/SiliconLabs/SimplicityStudio/v4_2/developer/sdks/gecko_sdk_suite/v1.1//protocol/bluetooth_2.4/lib/EFR32BG1B/GCC/bgapi.a(bgapi_endpoint.c.obj)
 .comment       0x00000000       0x6f D:/SiliconLabs/SimplicityStudio/v4_2/developer/sdks/gecko_sdk_suite/v1.1//protocol/bluetooth_2.4/lib/EFR32BG1B/GCC/bgapi.a(bgapi_le_connection.c.obj)
 .comment       0x00000000       0x6f D:/SiliconLabs/SimplicityStudio/v4_2/developer/sdks/gecko_sdk_suite/v1.1//protocol/bluetooth_2.4/lib/EFR32BG1B/GCC/bgapi.a(gatt_client.c.obj)
 .comment       0x00000000       0x6f D:/SiliconLabs/SimplicityStudio/v4_2/developer/sdks/gecko_sdk_suite/v1.1//protocol/bluetooth_2.4/lib/EFR32BG1B/GCC/bgapi.a(ubt_gatt_client.c.obj)
 .comment       0x00000000       0x6f D:/SiliconLabs/SimplicityStudio/v4_2/developer/sdks/gecko_sdk_suite/v1.1//protocol/bluetooth_2.4/lib/EFR32BG1B/GCC/bgapi.a(att_client.c.obj)

.debug_info     0x00000000     0xe32f
 .debug_info    0x00000000      0x16c ./application_properties.o
 .debug_info    0x0000016c      0x592 ./gatt_db.o
 .debug_info    0x000006fe      0x7b3 ./gpiointerrupt.o
 .debug_info    0x00000eb1     0x46d7 ./main.o
 .debug_info    0x00005588      0xbce ./uart_echo.o
 .debug_info    0x00006156     0x13f4 ./bgapi/dmadrv.o
 .debug_info    0x0000754a      0x1b4 ./device/EFR32_B_1_1_B/gcc/startup_efr32bg1b.o
 .debug_info    0x000076fe     0x1b9c ./emlib/em_cmu.o
 .debug_info    0x0000929a      0xa05 ./emlib/em_gpio.o
 .debug_info    0x00009c9f      0x6b8 ./emlib/em_rtcc.o
 .debug_info    0x0000a357      0x276 ./emlib/em_system.o
 .debug_info    0x0000a5cd      0x94f ./emlib/em_timer.o
 .debug_info    0x0000af1c      0xf55 ./emlib/em_usart.o
 .debug_info    0x0000be71     0x24be ./src/InitDevice.o

.debug_abbrev   0x00000000     0x176c
 .debug_abbrev  0x00000000       0x9a ./application_properties.o
 .debug_abbrev  0x0000009a       0xc0 ./gatt_db.o
 .debug_abbrev  0x0000015a      0x24d ./gpiointerrupt.o
 .debug_abbrev  0x000003a7      0x233 ./main.o
 .debug_abbrev  0x000005da      0x1b9 ./uart_echo.o
 .debug_abbrev  0x00000793      0x260 ./bgapi/dmadrv.o
 .debug_abbrev  0x000009f3       0xdc ./device/EFR32_B_1_1_B/gcc/startup_efr32bg1b.o
 .debug_abbrev  0x00000acf      0x2df ./emlib/em_cmu.o
 .debug_abbrev  0x00000dae      0x1db ./emlib/em_gpio.o
 .debug_abbrev  0x00000f89      0x178 ./emlib/em_rtcc.o
 .debug_abbrev  0x00001101      0x10a ./emlib/em_system.o
 .debug_abbrev  0x0000120b      0x175 ./emlib/em_timer.o
 .debug_abbrev  0x00001380      0x1da ./emlib/em_usart.o
 .debug_abbrev  0x0000155a      0x212 ./src/InitDevice.o

.debug_aranges  0x00000000      0x680
 .debug_aranges
                0x00000000       0x18 ./application_properties.o
 .debug_aranges
                0x00000018       0x18 ./gatt_db.o
 .debug_aranges
                0x00000030       0x68 ./gpiointerrupt.o
 .debug_aranges
                0x00000098       0x50 ./main.o
 .debug_aranges
                0x000000e8       0x30 ./uart_echo.o
 .debug_aranges
                0x00000118       0xa0 ./bgapi/dmadrv.o
 .debug_aranges
                0x000001b8       0x28 ./device/EFR32_B_1_1_B/gcc/startup_efr32bg1b.o
 .debug_aranges
                0x000001e0      0x1a8 ./emlib/em_cmu.o
 .debug_aranges
                0x00000388       0x88 ./emlib/em_gpio.o
 .debug_aranges
                0x00000410       0x50 ./emlib/em_rtcc.o
 .debug_aranges
                0x00000460       0x28 ./emlib/em_system.o
 .debug_aranges
                0x00000488       0x58 ./emlib/em_timer.o
 .debug_aranges
                0x000004e0       0xb8 ./emlib/em_usart.o
 .debug_aranges
                0x00000598       0xe8 ./src/InitDevice.o

.debug_macro    0x00000000    0x252cd
 .debug_macro   0x00000000       0x84 ./application_properties.o
 .debug_macro   0x00000084      0x886 ./application_properties.o
 .debug_macro   0x0000090a       0x22 ./application_properties.o
 .debug_macro   0x0000092c       0x44 ./application_properties.o
 .debug_macro   0x00000970       0xe3 ./application_properties.o
 .debug_macro   0x00000a53       0x22 ./application_properties.o
 .debug_macro   0x00000a75      0x1df ./application_properties.o
 .debug_macro   0x00000c54       0x46 ./application_properties.o
 .debug_macro   0x00000c9a       0x22 ./application_properties.o
 .debug_macro   0x00000cbc       0x7d ./gatt_db.o
 .debug_macro   0x00000d39      0x166 ./gatt_db.o
 .debug_macro   0x00000e9f      0x257 ./gpiointerrupt.o
 .debug_macro   0x000010f6      0x335 ./gpiointerrupt.o
 .debug_macro   0x0000142b       0x35 ./gpiointerrupt.o
 .debug_macro   0x00001460       0x50 ./gpiointerrupt.o
 .debug_macro   0x000014b0      0xe66 ./gpiointerrupt.o
 .debug_macro   0x00002316      0xa6c ./gpiointerrupt.o
 .debug_macro   0x00002d82     0x199a ./gpiointerrupt.o
 .debug_macro   0x0000471c      0x32c ./gpiointerrupt.o
 .debug_macro   0x00004a48     0x2a51 ./gpiointerrupt.o
 .debug_macro   0x00007499     0x1b31 ./gpiointerrupt.o
 .debug_macro   0x00008fca     0x2175 ./gpiointerrupt.o
 .debug_macro   0x0000b13f     0x1772 ./gpiointerrupt.o
 .debug_macro   0x0000c8b1      0xbf0 ./gpiointerrupt.o
 .debug_macro   0x0000d4a1      0x347 ./gpiointerrupt.o
 .debug_macro   0x0000d7e8      0x29e ./gpiointerrupt.o
 .debug_macro   0x0000da86     0x2766 ./gpiointerrupt.o
 .debug_macro   0x000101ec     0x31cf ./gpiointerrupt.o
 .debug_macro   0x000133bb     0x136e ./gpiointerrupt.o
 .debug_macro   0x00014729      0xde5 ./gpiointerrupt.o
 .debug_macro   0x0001550e      0x23d ./gpiointerrupt.o
 .debug_macro   0x0001574b     0x1045 ./gpiointerrupt.o
 .debug_macro   0x00016790     0x1608 ./gpiointerrupt.o
 .debug_macro   0x00017d98     0x38e6 ./gpiointerrupt.o
 .debug_macro   0x0001b67e     0x2292 ./gpiointerrupt.o
 .debug_macro   0x0001d910      0x61a ./gpiointerrupt.o
 .debug_macro   0x0001df2a      0xfb2 ./gpiointerrupt.o
 .debug_macro   0x0001eedc      0x6b8 ./gpiointerrupt.o
 .debug_macro   0x0001f594     0x117e ./gpiointerrupt.o
 .debug_macro   0x00020712       0x40 ./gpiointerrupt.o
 .debug_macro   0x00020752      0x1d2 ./gpiointerrupt.o
 .debug_macro   0x00020924      0x1ed ./gpiointerrupt.o
 .debug_macro   0x00020b11       0xc4 ./gpiointerrupt.o
 .debug_macro   0x00020bd5       0x35 ./gpiointerrupt.o
 .debug_macro   0x00020c0a      0x15a ./gpiointerrupt.o
 .debug_macro   0x00020d64      0x15a ./gpiointerrupt.o
 .debug_macro   0x00020ebe       0x22 ./gpiointerrupt.o
 .debug_macro   0x00020ee0       0x10 ./gpiointerrupt.o
 .debug_macro   0x00020ef0       0xe4 ./gpiointerrupt.o
 .debug_macro   0x00020fd4       0x50 ./gpiointerrupt.o
 .debug_macro   0x00021024       0xba ./gpiointerrupt.o
 .debug_macro   0x000210de      0x3d3 ./main.o
 .debug_macro   0x000214b1       0xac ./main.o
 .debug_macro   0x0002155d       0x52 ./main.o
 .debug_macro   0x000215af       0x24 ./main.o
 .debug_macro   0x000215d3       0x58 ./main.o
 .debug_macro   0x0002162b       0x35 ./main.o
 .debug_macro   0x00021660       0x9c ./main.o
 .debug_macro   0x000216fc       0x52 ./main.o
 .debug_macro   0x0002174e       0x16 ./main.o
 .debug_macro   0x00021764       0x43 ./main.o
 .debug_macro   0x000217a7      0x180 ./main.o
 .debug_macro   0x00021927      0x29d ./main.o
 .debug_macro   0x00021bc4       0x10 ./main.o
 .debug_macro   0x00021bd4       0x35 ./main.o
 .debug_macro   0x00021c09       0x4c ./main.o
 .debug_macro   0x00021c55      0x8e9 ./main.o
 .debug_macro   0x0002253e       0x16 ./main.o
 .debug_macro   0x00022554       0x3a ./main.o
 .debug_macro   0x0002258e       0x3b ./main.o
 .debug_macro   0x000225c9       0x6d ./main.o
 .debug_macro   0x00022636      0x2b7 ./main.o
 .debug_macro   0x000228ed       0xe8 ./main.o
 .debug_macro   0x000229d5       0x76 ./main.o
 .debug_macro   0x00022a4b       0xea ./main.o
 .debug_macro   0x00022b35       0x3a ./main.o
 .debug_macro   0x00022b6f       0x2d ./main.o
 .debug_macro   0x00022b9c       0x46 ./main.o
 .debug_macro   0x00022be2      0x23b ./main.o
 .debug_macro   0x00022e1d      0x3d5 ./uart_echo.o
 .debug_macro   0x000231f2       0x27 ./uart_echo.o
 .debug_macro   0x00023219       0x3a ./uart_echo.o
 .debug_macro   0x00023253       0x10 ./uart_echo.o
 .debug_macro   0x00023263      0x2bd ./uart_echo.o
 .debug_macro   0x00023520       0x64 ./uart_echo.o
 .debug_macro   0x00023584       0x2e ./uart_echo.o
 .debug_macro   0x000235b2       0x16 ./uart_echo.o
 .debug_macro   0x000235c8       0xb9 ./uart_echo.o
 .debug_macro   0x00023681       0x1c ./uart_echo.o
 .debug_macro   0x0002369d       0x3b ./uart_echo.o
 .debug_macro   0x000236d8       0x95 ./uart_echo.o
 .debug_macro   0x0002376d       0x16 ./uart_echo.o
 .debug_macro   0x00023783       0x97 ./uart_echo.o
 .debug_macro   0x0002381a       0xef ./uart_echo.o
 .debug_macro   0x00023909       0x10 ./uart_echo.o
 .debug_macro   0x00023919       0x10 ./uart_echo.o
 .debug_macro   0x00023929       0x22 ./uart_echo.o
 .debug_macro   0x0002394b       0xbe ./uart_echo.o
 .debug_macro   0x00023a09       0x16 ./uart_echo.o
 .debug_macro   0x00023a1f      0x166 ./uart_echo.o
 .debug_macro   0x00023b85       0x16 ./uart_echo.o
 .debug_macro   0x00023b9b      0x27d ./bgapi/dmadrv.o
 .debug_macro   0x00023e18       0x10 ./bgapi/dmadrv.o
 .debug_macro   0x00023e28       0x67 ./device/EFR32_B_1_1_B/gcc/startup_efr32bg1b.o
 .debug_macro   0x00023e8f      0x2fc ./emlib/em_cmu.o
 .debug_macro   0x0002418b       0x25 ./emlib/em_cmu.o
 .debug_macro   0x000241b0       0xee ./emlib/em_cmu.o
 .debug_macro   0x0002429e      0x239 ./emlib/em_gpio.o
 .debug_macro   0x000244d7      0x22d ./emlib/em_rtcc.o
 .debug_macro   0x00024704       0x20 ./emlib/em_rtcc.o
 .debug_macro   0x00024724      0x227 ./emlib/em_system.o
 .debug_macro   0x0002494b      0x227 ./emlib/em_timer.o
 .debug_macro   0x00024b72       0x25 ./emlib/em_timer.o
 .debug_macro   0x00024b97      0x26a ./emlib/em_usart.o
 .debug_macro   0x00024e01      0x2ae ./src/InitDevice.o
 .debug_macro   0x000250af      0x1bc ./src/InitDevice.o
 .debug_macro   0x0002526b       0x11 ./src/InitDevice.o
 .debug_macro   0x0002527c       0x26 ./src/InitDevice.o
 .debug_macro   0x000252a2       0x2b ./src/InitDevice.o

.debug_line     0x00000000     0x80ec
 .debug_line    0x00000000      0x335 ./application_properties.o
 .debug_line    0x00000335      0x2c9 ./gatt_db.o
 .debug_line    0x000005fe      0x91b ./gpiointerrupt.o
 .debug_line    0x00000f19      0xcea ./main.o
 .debug_line    0x00001c03      0xbd9 ./uart_echo.o
 .debug_line    0x000027dc      0xb55 ./bgapi/dmadrv.o
 .debug_line    0x00003331      0x2d7 ./device/EFR32_B_1_1_B/gcc/startup_efr32bg1b.o
 .debug_line    0x00003608     0x10c3 ./emlib/em_cmu.o
 .debug_line    0x000046cb      0x9a9 ./emlib/em_gpio.o
 .debug_line    0x00005074      0x85e ./emlib/em_rtcc.o
 .debug_line    0x000058d2      0x7c9 ./emlib/em_system.o
 .debug_line    0x0000609b      0xa51 ./emlib/em_timer.o
 .debug_line    0x00006aec      0xa98 ./emlib/em_usart.o
 .debug_line    0x00007584      0xb68 ./src/InitDevice.o

.debug_str      0x00000000   0x1026be
 .debug_str     0x00000000     0x3497 ./application_properties.o
                               0x361a (size before relaxing)
 .debug_str     0x00003497      0x866 ./gatt_db.o
                               0x3ae6 (size before relaxing)
 .debug_str     0x00003cfd    0xe0d78 ./gpiointerrupt.o
                              0xe3f9f (size before relaxing)
 .debug_str     0x000e4a75    0x1175b ./main.o
                              0xf526a (size before relaxing)
 .debug_str     0x000f61d0     0x4e7e ./uart_echo.o
                              0xec1ed (size before relaxing)
 .debug_str     0x000fb04e      0x97f ./bgapi/dmadrv.o
                              0xe825d (size before relaxing)
 .debug_str     0x000fb9cd      0x12c ./device/EFR32_B_1_1_B/gcc/startup_efr32bg1b.o
                               0x32af (size before relaxing)
 .debug_str     0x000fbaf9     0x146a ./emlib/em_cmu.o
                              0xe5855 (size before relaxing)
 .debug_str     0x000fcf63      0x504 ./emlib/em_gpio.o
                              0xe3a2a (size before relaxing)
 .debug_str     0x000fd467      0x7b4 ./emlib/em_rtcc.o
                              0xe33a7 (size before relaxing)
 .debug_str     0x000fdc1b      0x129 ./emlib/em_system.o
                              0xe2fb6 (size before relaxing)
 .debug_str     0x000fdd44      0xa57 ./emlib/em_timer.o
                              0xe3640 (size before relaxing)
 .debug_str     0x000fe79b      0xa24 ./emlib/em_usart.o
                              0xe475b (size before relaxing)
 .debug_str     0x000ff1bf     0x34ff ./src/InitDevice.o
                              0xec639 (size before relaxing)

.debug_loc      0x00000000     0x3448
 .debug_loc     0x00000000      0x338 ./gpiointerrupt.o
 .debug_loc     0x00000338      0x218 ./main.o
 .debug_loc     0x00000550       0xe4 ./uart_echo.o
 .debug_loc     0x00000634      0x568 ./bgapi/dmadrv.o
 .debug_loc     0x00000b9c       0x64 ./device/EFR32_B_1_1_B/gcc/startup_efr32bg1b.o
 .debug_loc     0x00000c00     0x1000 ./emlib/em_cmu.o
 .debug_loc     0x00001c00      0x4b4 ./emlib/em_gpio.o
 .debug_loc     0x000020b4      0x23c ./emlib/em_rtcc.o
 .debug_loc     0x000022f0       0xb8 ./emlib/em_system.o
 .debug_loc     0x000023a8      0x2b0 ./emlib/em_timer.o
 .debug_loc     0x00002658      0x6d2 ./emlib/em_usart.o
 .debug_loc     0x00002d2a      0x71e ./src/InitDevice.o

.debug_ranges   0x00000000      0x590
 .debug_ranges  0x00000000       0x58 ./gpiointerrupt.o
 .debug_ranges  0x00000058       0x40 ./main.o
 .debug_ranges  0x00000098       0x20 ./uart_echo.o
 .debug_ranges  0x000000b8       0x90 ./bgapi/dmadrv.o
 .debug_ranges  0x00000148       0x18 ./device/EFR32_B_1_1_B/gcc/startup_efr32bg1b.o
 .debug_ranges  0x00000160      0x198 ./emlib/em_cmu.o
 .debug_ranges  0x000002f8       0x78 ./emlib/em_gpio.o
 .debug_ranges  0x00000370       0x40 ./emlib/em_rtcc.o
 .debug_ranges  0x000003b0       0x18 ./emlib/em_system.o
 .debug_ranges  0x000003c8       0x48 ./emlib/em_timer.o
 .debug_ranges  0x00000410       0xa8 ./emlib/em_usart.o
 .debug_ranges  0x000004b8       0xd8 ./src/InitDevice.o

.debug_frame    0x00000000     0x1a38
 .debug_frame   0x00000000      0x184 ./gpiointerrupt.o
 .debug_frame   0x00000184      0x108 ./main.o
 .debug_frame   0x0000028c       0x7c ./uart_echo.o
 .debug_frame   0x00000308      0x280 ./bgapi/dmadrv.o
 .debug_frame   0x00000588       0x48 ./device/EFR32_B_1_1_B/gcc/startup_efr32bg1b.o
 .debug_frame   0x000005d0      0x74c ./emlib/em_cmu.o
 .debug_frame   0x00000d1c      0x224 ./emlib/em_gpio.o
 .debug_frame   0x00000f40      0x110 ./emlib/em_rtcc.o
 .debug_frame   0x00001050       0x60 ./emlib/em_system.o
 .debug_frame   0x000010b0      0x140 ./emlib/em_timer.o
 .debug_frame   0x000011f0      0x310 ./emlib/em_usart.o
 .debug_frame   0x00001500      0x380 ./src/InitDevice.o
 .debug_frame   0x00001880       0x28 d:/siliconlabs/simplicitystudio/v4_2/developer/toolchains/gnu_arm/4.9_2015q3/bin/../lib/gcc/arm-none-eabi/4.9.3/../../../../arm-none-eabi/lib/armv7e-m/fpu\libc.a(lib_a-exit.o)
 .debug_frame   0x000018a8       0x2c d:/siliconlabs/simplicitystudio/v4_2/developer/toolchains/gnu_arm/4.9_2015q3/bin/../lib/gcc/arm-none-eabi/4.9.3/../../../../arm-none-eabi/lib/armv7e-m/fpu\libc.a(lib_a-init.o)
 .debug_frame   0x000018d4       0x38 d:/siliconlabs/simplicitystudio/v4_2/developer/toolchains/gnu_arm/4.9_2015q3/bin/../lib/gcc/arm-none-eabi/4.9.3/../../../../arm-none-eabi/lib/armv7e-m/fpu\libc.a(lib_a-memcmp.o)
 .debug_frame   0x0000190c       0x34 d:/siliconlabs/simplicitystudio/v4_2/developer/toolchains/gnu_arm/4.9_2015q3/bin/../lib/gcc/arm-none-eabi/4.9.3/../../../../arm-none-eabi/lib/armv7e-m/fpu\libc.a(lib_a-memset.o)
 .debug_frame   0x00001940       0x50 d:/siliconlabs/simplicitystudio/v4_2/developer/toolchains/gnu_arm/4.9_2015q3/bin/../lib/gcc/arm-none-eabi/4.9.3/../../../../arm-none-eabi/lib/armv7e-m/fpu\libc.a(lib_a-__call_atexit.o)
 .debug_frame   0x00001990       0x20 d:/siliconlabs/simplicitystudio/v4_2/developer/toolchains/gnu_arm/4.9_2015q3/bin/../lib/gcc/arm-none-eabi/4.9.3/../../../../arm-none-eabi/lib/armv7e-m/fpu\libc.a(lib_a-atexit.o)
 .debug_frame   0x000019b0       0x34 d:/siliconlabs/simplicitystudio/v4_2/developer/toolchains/gnu_arm/4.9_2015q3/bin/../lib/gcc/arm-none-eabi/4.9.3/../../../../arm-none-eabi/lib/armv7e-m/fpu\libc.a(lib_a-fini.o)
 .debug_frame   0x000019e4       0x34 d:/siliconlabs/simplicitystudio/v4_2/developer/toolchains/gnu_arm/4.9_2015q3/bin/../lib/gcc/arm-none-eabi/4.9.3/../../../../arm-none-eabi/lib/armv7e-m/fpu\libc.a(lib_a-__atexit.o)
 .debug_frame   0x00001a18       0x20 d:/siliconlabs/simplicitystudio/v4_2/developer/toolchains/gnu_arm/4.9_2015q3/bin/../lib/gcc/arm-none-eabi/4.9.3/../../../../arm-none-eabi/lib/armv7e-m/fpu\libnosys.a(_exit.o)
