###############################################################################
#
# IAR ELF Linker V7.60.2.11341/W32 for ARM                26/Jul/2017  13:58:58
# Copyright 2007-2016 IAR Systems AB.
#
#    Output file  =  
#        D:\GoogleDriveCLT\GoogleDrive\WeatherCloud\Roadboard\Software\Road-Board-December-2016N8\EWARM\Road
#        Brd MSTR Rev L Long Always\Exe\Road Board Rev K NUCLEO V1.1 Jul 12
#        2016.out
#    Map file     =  
#        D:\GoogleDriveCLT\GoogleDrive\WeatherCloud\Roadboard\Software\Road-Board-December-2016N8\EWARM\Road
#        Brd MSTR Rev L Long Always\List\Road Board Rev K NUCLEO V1.1 Jul 12
#        2016.map
#    Command line =  
#        "D:\GoogleDriveCLT\GoogleDrive\WeatherCloud\Roadboard\Software\Road-Board-December-2016N8\EWARM\Road
#        Brd MSTR Rev L Long Always\Obj\adc.o"
#        "D:\GoogleDriveCLT\GoogleDrive\WeatherCloud\Roadboard\Software\Road-Board-December-2016N8\EWARM\Road
#        Brd MSTR Rev L Long Always\Obj\app_data.o"
#        "D:\GoogleDriveCLT\GoogleDrive\WeatherCloud\Roadboard\Software\Road-Board-December-2016N8\EWARM\Road
#        Brd MSTR Rev L Long Always\Obj\barometer.o"
#        "D:\GoogleDriveCLT\GoogleDrive\WeatherCloud\Roadboard\Software\Road-Board-December-2016N8\EWARM\Road
#        Brd MSTR Rev L Long Always\Obj\bgm111.o"
#        "D:\GoogleDriveCLT\GoogleDrive\WeatherCloud\Roadboard\Software\Road-Board-December-2016N8\EWARM\Road
#        Brd MSTR Rev L Long Always\Obj\Calibration.o"
#        "D:\GoogleDriveCLT\GoogleDrive\WeatherCloud\Roadboard\Software\Road-Board-December-2016N8\EWARM\Road
#        Brd MSTR Rev L Long Always\Obj\cmsis_os.o"
#        "D:\GoogleDriveCLT\GoogleDrive\WeatherCloud\Roadboard\Software\Road-Board-December-2016N8\EWARM\Road
#        Brd MSTR Rev L Long Always\Obj\croutine.o"
#        "D:\GoogleDriveCLT\GoogleDrive\WeatherCloud\Roadboard\Software\Road-Board-December-2016N8\EWARM\Road
#        Brd MSTR Rev L Long Always\Obj\dma.o"
#        "D:\GoogleDriveCLT\GoogleDrive\WeatherCloud\Roadboard\Software\Road-Board-December-2016N8\EWARM\Road
#        Brd MSTR Rev L Long Always\Obj\ErrorCodes.o"
#        "D:\GoogleDriveCLT\GoogleDrive\WeatherCloud\Roadboard\Software\Road-Board-December-2016N8\EWARM\Road
#        Brd MSTR Rev L Long Always\Obj\event_groups.o"
#        "D:\GoogleDriveCLT\GoogleDrive\WeatherCloud\Roadboard\Software\Road-Board-December-2016N8\EWARM\Road
#        Brd MSTR Rev L Long Always\Obj\fix_fft.o"
#        "D:\GoogleDriveCLT\GoogleDrive\WeatherCloud\Roadboard\Software\Road-Board-December-2016N8\EWARM\Road
#        Brd MSTR Rev L Long Always\Obj\Flash.o"
#        "D:\GoogleDriveCLT\GoogleDrive\WeatherCloud\Roadboard\Software\Road-Board-December-2016N8\EWARM\Road
#        Brd MSTR Rev L Long Always\Obj\freertos.o"
#        "D:\GoogleDriveCLT\GoogleDrive\WeatherCloud\Roadboard\Software\Road-Board-December-2016N8\EWARM\Road
#        Brd MSTR Rev L Long Always\Obj\gecko_bglib.o"
#        "D:\GoogleDriveCLT\GoogleDrive\WeatherCloud\Roadboard\Software\Road-Board-December-2016N8\EWARM\Road
#        Brd MSTR Rev L Long Always\Obj\gpio.o"
#        "D:\GoogleDriveCLT\GoogleDrive\WeatherCloud\Roadboard\Software\Road-Board-December-2016N8\EWARM\Road
#        Brd MSTR Rev L Long Always\Obj\GridEye.o"
#        "D:\GoogleDriveCLT\GoogleDrive\WeatherCloud\Roadboard\Software\Road-Board-December-2016N8\EWARM\Road
#        Brd MSTR Rev L Long Always\Obj\heap_4.o"
#        "D:\GoogleDriveCLT\GoogleDrive\WeatherCloud\Roadboard\Software\Road-Board-December-2016N8\EWARM\Road
#        Brd MSTR Rev L Long Always\Obj\Humidity.o"
#        "D:\GoogleDriveCLT\GoogleDrive\WeatherCloud\Roadboard\Software\Road-Board-December-2016N8\EWARM\Road
#        Brd MSTR Rev L Long Always\Obj\i2c.o"
#        "D:\GoogleDriveCLT\GoogleDrive\WeatherCloud\Roadboard\Software\Road-Board-December-2016N8\EWARM\Road
#        Brd MSTR Rev L Long Always\Obj\list.o"
#        "D:\GoogleDriveCLT\GoogleDrive\WeatherCloud\Roadboard\Software\Road-Board-December-2016N8\EWARM\Road
#        Brd MSTR Rev L Long Always\Obj\lps25hb.o"
#        "D:\GoogleDriveCLT\GoogleDrive\WeatherCloud\Roadboard\Software\Road-Board-December-2016N8\EWARM\Road
#        Brd MSTR Rev L Long Always\Obj\main.o"
#        "D:\GoogleDriveCLT\GoogleDrive\WeatherCloud\Roadboard\Software\Road-Board-December-2016N8\EWARM\Road
#        Brd MSTR Rev L Long Always\Obj\parser.o"
#        "D:\GoogleDriveCLT\GoogleDrive\WeatherCloud\Roadboard\Software\Road-Board-December-2016N8\EWARM\Road
#        Brd MSTR Rev L Long Always\Obj\port.o"
#        "D:\GoogleDriveCLT\GoogleDrive\WeatherCloud\Roadboard\Software\Road-Board-December-2016N8\EWARM\Road
#        Brd MSTR Rev L Long Always\Obj\portasm.o"
#        "D:\GoogleDriveCLT\GoogleDrive\WeatherCloud\Roadboard\Software\Road-Board-December-2016N8\EWARM\Road
#        Brd MSTR Rev L Long Always\Obj\queue.o"
#        "D:\GoogleDriveCLT\GoogleDrive\WeatherCloud\Roadboard\Software\Road-Board-December-2016N8\EWARM\Road
#        Brd MSTR Rev L Long Always\Obj\Rd_Sound.o"
#        "D:\GoogleDriveCLT\GoogleDrive\WeatherCloud\Roadboard\Software\Road-Board-December-2016N8\EWARM\Road
#        Brd MSTR Rev L Long Always\Obj\RGBLight.o"
#        "D:\GoogleDriveCLT\GoogleDrive\WeatherCloud\Roadboard\Software\Road-Board-December-2016N8\EWARM\Road
#        Brd MSTR Rev L Long Always\Obj\startup_stm32l152xe.o"
#        "D:\GoogleDriveCLT\GoogleDrive\WeatherCloud\Roadboard\Software\Road-Board-December-2016N8\EWARM\Road
#        Brd MSTR Rev L Long Always\Obj\stm32l1xx_hal.o"
#        "D:\GoogleDriveCLT\GoogleDrive\WeatherCloud\Roadboard\Software\Road-Board-December-2016N8\EWARM\Road
#        Brd MSTR Rev L Long Always\Obj\stm32l1xx_hal_adc.o"
#        "D:\GoogleDriveCLT\GoogleDrive\WeatherCloud\Roadboard\Software\Road-Board-December-2016N8\EWARM\Road
#        Brd MSTR Rev L Long Always\Obj\stm32l1xx_hal_adc_ex.o"
#        "D:\GoogleDriveCLT\GoogleDrive\WeatherCloud\Roadboard\Software\Road-Board-December-2016N8\EWARM\Road
#        Brd MSTR Rev L Long Always\Obj\stm32l1xx_hal_cortex.o"
#        "D:\GoogleDriveCLT\GoogleDrive\WeatherCloud\Roadboard\Software\Road-Board-December-2016N8\EWARM\Road
#        Brd MSTR Rev L Long Always\Obj\stm32l1xx_hal_dma.o"
#        "D:\GoogleDriveCLT\GoogleDrive\WeatherCloud\Roadboard\Software\Road-Board-December-2016N8\EWARM\Road
#        Brd MSTR Rev L Long Always\Obj\stm32l1xx_hal_flash.o"
#        "D:\GoogleDriveCLT\GoogleDrive\WeatherCloud\Roadboard\Software\Road-Board-December-2016N8\EWARM\Road
#        Brd MSTR Rev L Long Always\Obj\stm32l1xx_hal_flash_ex.o"
#        "D:\GoogleDriveCLT\GoogleDrive\WeatherCloud\Roadboard\Software\Road-Board-December-2016N8\EWARM\Road
#        Brd MSTR Rev L Long Always\Obj\stm32l1xx_hal_flash_ramfunc.o"
#        "D:\GoogleDriveCLT\GoogleDrive\WeatherCloud\Roadboard\Software\Road-Board-December-2016N8\EWARM\Road
#        Brd MSTR Rev L Long Always\Obj\stm32l1xx_hal_gpio.o"
#        "D:\GoogleDriveCLT\GoogleDrive\WeatherCloud\Roadboard\Software\Road-Board-December-2016N8\EWARM\Road
#        Brd MSTR Rev L Long Always\Obj\stm32l1xx_hal_i2c.o"
#        "D:\GoogleDriveCLT\GoogleDrive\WeatherCloud\Roadboard\Software\Road-Board-December-2016N8\EWARM\Road
#        Brd MSTR Rev L Long Always\Obj\stm32l1xx_hal_msp.o"
#        "D:\GoogleDriveCLT\GoogleDrive\WeatherCloud\Roadboard\Software\Road-Board-December-2016N8\EWARM\Road
#        Brd MSTR Rev L Long Always\Obj\stm32l1xx_hal_pcd.o"
#        "D:\GoogleDriveCLT\GoogleDrive\WeatherCloud\Roadboard\Software\Road-Board-December-2016N8\EWARM\Road
#        Brd MSTR Rev L Long Always\Obj\stm32l1xx_hal_pcd_ex.o"
#        "D:\GoogleDriveCLT\GoogleDrive\WeatherCloud\Roadboard\Software\Road-Board-December-2016N8\EWARM\Road
#        Brd MSTR Rev L Long Always\Obj\stm32l1xx_hal_pwr.o"
#        "D:\GoogleDriveCLT\GoogleDrive\WeatherCloud\Roadboard\Software\Road-Board-December-2016N8\EWARM\Road
#        Brd MSTR Rev L Long Always\Obj\stm32l1xx_hal_pwr_ex.o"
#        "D:\GoogleDriveCLT\GoogleDrive\WeatherCloud\Roadboard\Software\Road-Board-December-2016N8\EWARM\Road
#        Brd MSTR Rev L Long Always\Obj\stm32l1xx_hal_rcc.o"
#        "D:\GoogleDriveCLT\GoogleDrive\WeatherCloud\Roadboard\Software\Road-Board-December-2016N8\EWARM\Road
#        Brd MSTR Rev L Long Always\Obj\stm32l1xx_hal_rcc_ex.o"
#        "D:\GoogleDriveCLT\GoogleDrive\WeatherCloud\Roadboard\Software\Road-Board-December-2016N8\EWARM\Road
#        Brd MSTR Rev L Long Always\Obj\stm32l1xx_hal_tim.o"
#        "D:\GoogleDriveCLT\GoogleDrive\WeatherCloud\Roadboard\Software\Road-Board-December-2016N8\EWARM\Road
#        Brd MSTR Rev L Long Always\Obj\stm32l1xx_hal_tim_ex.o"
#        "D:\GoogleDriveCLT\GoogleDrive\WeatherCloud\Roadboard\Software\Road-Board-December-2016N8\EWARM\Road
#        Brd MSTR Rev L Long Always\Obj\stm32l1xx_hal_timebase_TIM.o"
#        "D:\GoogleDriveCLT\GoogleDrive\WeatherCloud\Roadboard\Software\Road-Board-December-2016N8\EWARM\Road
#        Brd MSTR Rev L Long Always\Obj\stm32l1xx_hal_uart.o"
#        "D:\GoogleDriveCLT\GoogleDrive\WeatherCloud\Roadboard\Software\Road-Board-December-2016N8\EWARM\Road
#        Brd MSTR Rev L Long Always\Obj\stm32l1xx_hal_wwdg.o"
#        "D:\GoogleDriveCLT\GoogleDrive\WeatherCloud\Roadboard\Software\Road-Board-December-2016N8\EWARM\Road
#        Brd MSTR Rev L Long Always\Obj\stm32l1xx_it.o"
#        "D:\GoogleDriveCLT\GoogleDrive\WeatherCloud\Roadboard\Software\Road-Board-December-2016N8\EWARM\Road
#        Brd MSTR Rev L Long Always\Obj\stm32l1xx_nucleo.o"
#        "D:\GoogleDriveCLT\GoogleDrive\WeatherCloud\Roadboard\Software\Road-Board-December-2016N8\EWARM\Road
#        Brd MSTR Rev L Long Always\Obj\system_stm32l1xx.o"
#        "D:\GoogleDriveCLT\GoogleDrive\WeatherCloud\Roadboard\Software\Road-Board-December-2016N8\EWARM\Road
#        Brd MSTR Rev L Long Always\Obj\tasks.o"
#        "D:\GoogleDriveCLT\GoogleDrive\WeatherCloud\Roadboard\Software\Road-Board-December-2016N8\EWARM\Road
#        Brd MSTR Rev L Long Always\Obj\Temperature.o"
#        "D:\GoogleDriveCLT\GoogleDrive\WeatherCloud\Roadboard\Software\Road-Board-December-2016N8\EWARM\Road
#        Brd MSTR Rev L Long Always\Obj\tim.o"
#        "D:\GoogleDriveCLT\GoogleDrive\WeatherCloud\Roadboard\Software\Road-Board-December-2016N8\EWARM\Road
#        Brd MSTR Rev L Long Always\Obj\timers.o"
#        "D:\GoogleDriveCLT\GoogleDrive\WeatherCloud\Roadboard\Software\Road-Board-December-2016N8\EWARM\Road
#        Brd MSTR Rev L Long Always\Obj\usart.o"
#        "D:\GoogleDriveCLT\GoogleDrive\WeatherCloud\Roadboard\Software\Road-Board-December-2016N8\EWARM\Road
#        Brd MSTR Rev L Long Always\Obj\usb_device.o"
#        "D:\GoogleDriveCLT\GoogleDrive\WeatherCloud\Roadboard\Software\Road-Board-December-2016N8\EWARM\Road
#        Brd MSTR Rev L Long Always\Obj\usbd_cdc.o"
#        "D:\GoogleDriveCLT\GoogleDrive\WeatherCloud\Roadboard\Software\Road-Board-December-2016N8\EWARM\Road
#        Brd MSTR Rev L Long Always\Obj\usbd_cdc_if.o"
#        "D:\GoogleDriveCLT\GoogleDrive\WeatherCloud\Roadboard\Software\Road-Board-December-2016N8\EWARM\Road
#        Brd MSTR Rev L Long Always\Obj\usbd_conf.o"
#        "D:\GoogleDriveCLT\GoogleDrive\WeatherCloud\Roadboard\Software\Road-Board-December-2016N8\EWARM\Road
#        Brd MSTR Rev L Long Always\Obj\usbd_core.o"
#        "D:\GoogleDriveCLT\GoogleDrive\WeatherCloud\Roadboard\Software\Road-Board-December-2016N8\EWARM\Road
#        Brd MSTR Rev L Long Always\Obj\usbd_ctlreq.o"
#        "D:\GoogleDriveCLT\GoogleDrive\WeatherCloud\Roadboard\Software\Road-Board-December-2016N8\EWARM\Road
#        Brd MSTR Rev L Long Always\Obj\usbd_desc.o"
#        "D:\GoogleDriveCLT\GoogleDrive\WeatherCloud\Roadboard\Software\Road-Board-December-2016N8\EWARM\Road
#        Brd MSTR Rev L Long Always\Obj\usbd_ioreq.o"
#        "D:\GoogleDriveCLT\GoogleDrive\WeatherCloud\Roadboard\Software\Road-Board-December-2016N8\EWARM\Road
#        Brd MSTR Rev L Long Always\Obj\VMonitor.o"
#        "D:\GoogleDriveCLT\GoogleDrive\WeatherCloud\Roadboard\Software\Road-Board-December-2016N8\EWARM\Road
#        Brd MSTR Rev L Long Always\Obj\wwdg.o" --redirect _Printf=_PrintfFull
#        --redirect _Scanf=_ScanfFull -o
#        "D:\GoogleDriveCLT\GoogleDrive\WeatherCloud\Roadboard\Software\Road-Board-December-2016N8\EWARM\Road
#        Brd MSTR Rev L Long Always\Exe\Road Board Rev K NUCLEO V1.1 Jul 12
#        2016.out" --map
#        "D:\GoogleDriveCLT\GoogleDrive\WeatherCloud\Roadboard\Software\Road-Board-December-2016N8\EWARM\Road
#        Brd MSTR Rev L Long Always\List\Road Board Rev K NUCLEO V1.1 Jul 12
#        2016.map" --config
#        D:\GoogleDriveCLT\GoogleDrive\WeatherCloud\Roadboard\Software\Road-Board-December-2016N8\EWARM/stm32l152xe_flash.icf
#        --semihosting --entry __iar_program_start --vfe
#
###############################################################################

*******************************************************************************
*** RUNTIME MODEL ATTRIBUTES
***

CppFlavor                     = *
__Heap_Handler                = Basic
__SystemLibrary               = DLib
__dlib_dynamic_initialization = normal


*******************************************************************************
*** PLACEMENT SUMMARY
***

"A1":  place at 0x08000000 { ro section .intvec };
"P1":  place in [from 0x08000000 to 0x0807ffff] { ro };
"P2":  place in [from 0x20000000 to 0x20013fff] { rw, block CSTACK, block HEAP };
initialize by copy { rw };

  Section             Kind        Address     Size  Object
  -------             ----        -------     ----  ------
"A1":                                        0x124
  .intvec             ro code  0x08000000    0x124  startup_stm32l152xe.o [1]
                             - 0x08000124    0x124

"P1":                                      0x17b1c
  .text               ro code  0x08000124   0x2eb4  parser.o [1]
  .text               ro code  0x08002fd8     0x36  strlen.o [5]
  .text               ro code  0x0800300e     0x1e  xsscin.o [3]
  .text               ro code  0x0800302c     0x44  strcpy_unaligned.o [5]
  .text               ro code  0x08003070    0x4bc  usart.o [1]
  .text               ro code  0x0800352c    0x86c  bgm111.o [1]
  .text               ro code  0x08003d98    0x264  Rd_Sound.o [1]
  .text               ro code  0x08003ffc     0x34  sprintf.o [3]
  .text               ro code  0x08004030     0x1c  strcat.o [3]
  .text               ro code  0x0800404c    0x288  barometer.o [1]
  .text               ro code  0x080042d4   0x10e0  app_data.o [1]
  .text               ro code  0x080053b4   0x1c3c  GridEye.o [1]
  .text               ro code  0x08006ff0    0x8dc  VMonitor.o [1]
  .text               ro code  0x080078cc    0xcf8  Humidity.o [1]
  .text               ro code  0x080085c4    0x2cc  Temperature.o [1]
  .text               ro code  0x08008890    0x344  RGBLight.o [1]
  .text               ro code  0x08008bd4    0x1c4  gpio.o [1]
  .text               ro code  0x08008d98    0x4e0  i2c.o [1]
  .text               ro code  0x08009278     0x24  sscanf.o [3]
  .text               ro code  0x0800929c     0x4e  FltToDbl.o [4]
  .text               ro code  0x080092ea     0x2c  strncmp.o [3]
  .text               ro code  0x08009316      0xa  xsprout.o [3]
  .text               ro code  0x08009320    0x140  Calibration.o [1]
  .text               ro code  0x08009460    0x1b0  stm32l1xx_hal_cortex.o [1]
  .text               ro code  0x08009610      0xa  isdigit.o [3]
  .text               ro code  0x0800961a      0x8  atoi.o [3]
  .text               ro code  0x08009624    0x194  wwdg.o [1]
  .text               ro code  0x080097b8     0x32  I32ToFlt.o [4]
  .text               ro code  0x080097ec     0xfc  FltDiv.o [4]
  .text               ro code  0x080098e8    0x8ec  stm32l1xx_hal_uart.o [1]
  .text               ro code  0x0800a1d4    0x656  main.o [1]
  .text               ro code  0x0800a82c    0x378  stm32l1xx_hal_gpio.o [1]
  .text               ro code  0x0800aba4    0x1b0  gecko_bglib.o [1]
  .text               ro code  0x0800ad54    0x13e  ErrorCodes.o [1]
  .text               ro code  0x0800ae94    0x2bc  adc.o [1]
  .text               ro code  0x0800b150    0x1ac  fix_fft.o [1]
  .text               ro code  0x0800b2fc     0xd8  FltMul.o [4]
  .text               ro code  0x0800b3d4     0x84  FltAdd.o [4]
  .text               ro code  0x0800b458     0xf0  sqrt.o [4]
  .text               ro code  0x0800b548     0x90  DblToFlt.o [4]
  .text               ro code  0x0800b5d8     0x44  FltToS32.o [4]
  .text               ro code  0x0800b61c   0x119e  xprintffull.o [3]
  .text               ro code  0x0800c7bc    0x248  lps25hb.o [1]
  .text               ro code  0x0800ca04    0x1a2  DblMul.o [4]
  .text               ro code  0x0800cba8     0x58  DblToI32.o [4]
  .text               ro code  0x0800cc00     0xb8  modf.o [4]
  .text               ro code  0x0800ccb8     0xe8  DblAdd.o [4]
  .text               ro code  0x0800cda0     0x42  strcmp_unaligned.o [5]
  .text               ro code  0x0800cde4     0x48  stm32l1xx_hal.o [1]
  .text               ro code  0x0800ce2c     0x6c  strncpy_unaligned.o [5]
  .text               ro code  0x0800ce98     0x44  round.o [4]
  .text               ro code  0x0800cedc     0x30  I32ToDbl.o [4]
  .text               ro code  0x0800cf0c     0x24  FltCmpGe.o [4]
  .text               ro code  0x0800cf30   0x1018  stm32l1xx_hal_i2c.o [1]
  .text               ro code  0x0800df48    0xcf0  xscanffull.o [3]
  .text               ro code  0x0800ec38    0x158  Flash.o [1]
  .text               ro code  0x0800ed90    0x198  xstoul.o [3]
  .text               ro code  0x0800ef28     0xd6  stm32l1xx_hal_wwdg.o [1]
  .text               ro code  0x0800f000    0x24c  tim.o [1]
  .text               ro code  0x0800f24c    0xcd4  stm32l1xx_hal_rcc.o [1]
  .text               ro code  0x0800ff20     0x30  dma.o [1]
  .text               ro code  0x0800ff50    0x82a  stm32l1xx_hal_adc.o [1]
  .text               ro code  0x0801077c    0xefe  stm32l1xx_hal_dma.o [1]
  .text               ro code  0x0801167a     0x1c  fix_fft.o [1]
  .text               ro code  0x08011698     0xd6  FltSub.o [4]
  .text               ro code  0x08011770      0xc  iarEdom.o [5]
  .text               ro code  0x0801177c     0x20  xmbtowc.o [3]
  .text               ro code  0x0801179c     0x16  strchr.o [5]
  .text               ro code  0x080117b4     0x58  memchr.o [5]
  .text               ro code  0x0801180c      0xa  xmbcurmax.o [3]
  .text               ro code  0x08011818     0xb0  xxmemxmalloc.o [3]
  .text               ro code  0x080118c8     0x1a  xwctomb.o [3]
  .text               ro code  0x080118e4     0x76  ABImemcpy_unaligned.o [5]
  .text               ro code  0x0801195c     0x80  xxmemxfree.o [3]
  .text               ro code  0x080119dc     0xee  I64DivMod.o [5]
  .text               ro code  0x08011aca     0x44  xdnorm.o [4]
  .text               ro code  0x08011b10     0x2e  DblCmpLe.o [4]
  .text               ro code  0x08011b40     0x2e  DblCmpGe.o [4]
  .text               ro code  0x08011b70    0x10c  xdscale.o [4]
  .text               ro code  0x08011c7c    0x180  DblSub.o [4]
  .text               ro code  0x08011dfc    0x256  DblDiv.o [4]
  .text               ro code  0x08012054     0x6c  localeconv.o [3]
  .text               ro code  0x080120c0      0xe  div.o [3]
  .text               ro code  0x080120d0     0x90  stm32l1xx_hal_timebase_TIM.o [1]
  .text               ro code  0x08012160     0x98  stm32l1xx_hal_msp.o [1]
  .text               ro code  0x080121f8     0x5e  ABImemset.o [5]
  .text               ro code  0x08012256     0x7a  xdint.o [4]
  .text               ro code  0x080122d0     0x40  xwctob.o [3]
  .text               ro code  0x08012310     0x28  isxxx.o [3]
  .text               ro code  0x08012338     0xa6  xstoll.o [3]
  .text               ro code  0x080123e0    0x1b0  xstoull.o [3]
  .text               ro code  0x08012590    0x14c  xstold.o [4]
  .text               ro code  0x080126dc    0x198  stm32l1xx_hal_flash.o [1]
  .text               ro code  0x08012874     0x5e  ceil.o [4]
  .text               ro code  0x080128d4     0xcc  stm32l1xx_hal_flash_ex.o [1]
  .text               ro code  0x080129a0     0x14  tolower.o [3]
  .text               ro code  0x080129b4      0xc  errno.o [3]
  .text               ro code  0x080129c0    0x3da  stm32l1xx_hal_tim.o [1]
  .text               ro code  0x08012d9a     0x5e  stm32l1xx_hal_tim_ex.o [1]
  .text               ro code  0x08012df8     0x10  stm32l1xx_hal_pwr_ex.o [1]
  .text               ro code  0x08012e08     0x28  setlocale.o [3]
  .text               ro code  0x08012e30     0x60  xencoding_sb.o [3]
  .text               ro code  0x08012e90     0x2c  xgetmemchunk.o [3]
  .text               ro code  0x08012ebc      0x2  I64DivZer.o [5]
  .text               ro code  0x08012ebe      0x2  xtls.o [3]
  .text               ro code  0x08012ec0     0x16  xlocale_c.o [3]
  .text               ro code  0x08012ed6     0x14  xlocale_c.o [3]
  .text               ro code  0x08012eea    0x122  xstopfx.o [3]
  .text               ro code  0x0801300c    0x1d0  xstoflt.o [3]
  .text               ro code  0x080131e0    0x200  xdtento.o [4]
  .text               ro code  0x080133e0    0x234  xstoxflt.o [3]
  .text               ro code  0x08013614      0xc  xlocale_c.o [3]
  .text               ro code  0x08013620     0x20  DblCmpEq.o [4]
  .text               ro code  0x08013640     0x52  xdunscal.o [4]
  .text               ro code  0x08013692   0x1074  stm32l1xx_hal_pcd.o [1]
  .text               ro code  0x08014708    0x198  usbd_conf.o [1]
  .text               ro code  0x080148a0    0x2c8  usbd_core.o [1]
  .text               ro code  0x08014b68    0x608  usbd_ctlreq.o [1]
  .text               ro code  0x08015170     0x90  usbd_ioreq.o [1]
  .text               ro code  0x08015200    0x224  tasks.o [1]
  CODE                ro code  0x08015424     0x94  portasm.o [1]
  .text               ro code  0x080154b8     0x40  list.o [1]
  .rodata             const    0x080154f8     0xc0  fix_fft.o [1]
  .text               ro code  0x080155b8     0x84  stm32l1xx_it.o [1]
  .text               ro code  0x0801563c     0x10  cmsis_os.o [1]
  .text               ro code  0x0801564c     0x24  port.o [1]
  .rodata             const    0x08015670     0x64  Calibration.o [1]
  .text               ro code  0x080156d4     0x64  system_stm32l1xx.o [1]
  .rodata             const    0x08015738     0x5c  ErrorCodes.o [1]
  .rodata             const    0x08015794     0x48  parser.o [1]
  .rodata             const    0x080157dc     0x48  parser.o [1]
  .rodata             const    0x08015824     0x44  parser.o [1]
  .rodata             const    0x08015868     0x44  parser.o [1]
  .rodata             const    0x080158ac     0x44  parser.o [1]
  .rodata             const    0x080158f0     0x40  main.o [1]
  .rodata             const    0x08015930     0x40  main.o [1]
  .rodata             const    0x08015970     0x40  parser.o [1]
  .rodata             const    0x080159b0     0x40  parser.o [1]
  .rodata             const    0x080159f0     0x40  parser.o [1]
  .rodata             const    0x08015a30     0x40  parser.o [1]
  .rodata             const    0x08015a70     0x40  parser.o [1]
  .rodata             const    0x08015ab0     0x40  parser.o [1]
  .text               ro code  0x08015af0     0x40  zero_init3.o [5]
  .rodata             const    0x08015b30     0x3c  parser.o [1]
  .rodata             const    0x08015b6c     0x3c  parser.o [1]
  .rodata             const    0x08015ba8     0x3c  parser.o [1]
  .rodata             const    0x08015be4     0x3c  parser.o [1]
  .rodata             const    0x08015c20     0x38  parser.o [1]
  .rodata             const    0x08015c58     0x38  parser.o [1]
  .rodata             const    0x08015c90     0x38  parser.o [1]
  .rodata             const    0x08015cc8     0x38  parser.o [1]
  .rodata             const    0x08015d00     0x38  parser.o [1]
  .text               ro code  0x08015d38     0x38  packbits_init_single.o [5]
  .rodata             const    0x08015d70     0x34  main.o [1]
  .rodata             const    0x08015da4     0x34  parser.o [1]
  .rodata             const    0x08015dd8     0x34  parser.o [1]
  .rodata             const    0x08015e0c     0x34  parser.o [1]
  .rodata             const    0x08015e40     0x34  parser.o [1]
  .rodata             const    0x08015e74     0x30  parser.o [1]
  .rodata             const    0x08015ea4     0x30  parser.o [1]
  .rodata             const    0x08015ed4     0x30  parser.o [1]
  .rodata             const    0x08015f04     0x30  parser.o [1]
  .rodata             const    0x08015f34     0x30  parser.o [1]
  .rodata             const    0x08015f64     0x30  parser.o [1]
  .rodata             const    0x08015f94     0x30  parser.o [1]
  .rodata             const    0x08015fc4     0x30  parser.o [1]
  .rodata             const    0x08015ff4     0x2c  main.o [1]
  .rodata             const    0x08016020     0x2c  parser.o [1]
  .rodata             const    0x0801604c     0x2c  parser.o [1]
  .rodata             const    0x08016078     0x2c  parser.o [1]
  .rodata             const    0x080160a4     0x2c  parser.o [1]
  .rodata             const    0x080160d0     0x2c  parser.o [1]
  .rodata             const    0x080160fc     0x2c  parser.o [1]
  .rodata             const    0x08016128     0x2c  parser.o [1]
  .rodata             const    0x08016154     0x2c  parser.o [1]
  .rodata             const    0x08016180     0x2c  parser.o [1]
  .rodata             const    0x080161ac     0x2c  parser.o [1]
  .rodata             const    0x080161d8     0x28  main.o [1]
  .rodata             const    0x08016200     0x28  main.o [1]
  .rodata             const    0x08016228     0x28  parser.o [1]
  .rodata             const    0x08016250     0x28  parser.o [1]
  .rodata             const    0x08016278     0x28  parser.o [1]
  .rodata             const    0x080162a0     0x28  parser.o [1]
  .rodata             const    0x080162c8     0x28  parser.o [1]
  .rodata             const    0x080162f0     0x28  parser.o [1]
  .rodata             const    0x08016318     0x28  parser.o [1]
  .rodata             const    0x08016340     0x28  parser.o [1]
  .rodata             const    0x08016368     0x28  parser.o [1]
  .rodata             const    0x08016390     0x28  parser.o [1]
  .rodata             const    0x080163b8     0x28  parser.o [1]
  .rodata             const    0x080163e0     0x28  parser.o [1]
  .rodata             const    0x08016408     0x28  parser.o [1]
  .rodata             const    0x08016430     0x28  parser.o [1]
  .rodata             const    0x08016458     0x28  parser.o [1]
  .rodata             const    0x08016480     0x28  parser.o [1]
  .rodata             const    0x080164a8     0x28  parser.o [1]
  .rodata             const    0x080164d0     0x28  parser.o [1]
  .rodata             const    0x080164f8     0x28  parser.o [1]
  .rodata             const    0x08016520     0x28  parser.o [1]
  .rodata             const    0x08016548     0x28  parser.o [1]
  .rodata             const    0x08016570     0x28  parser.o [1]
  .rodata             const    0x08016598     0x28  parser.o [1]
  .rodata             const    0x080165c0     0x28  parser.o [1]
  .rodata             const    0x080165e8     0x28  parser.o [1]
  .rodata             const    0x08016610     0x28  parser.o [1]
  .rodata             const    0x08016638     0x28  parser.o [1]
  .rodata             const    0x08016660     0x28  parser.o [1]
  .rodata             const    0x08016688     0x28  parser.o [1]
  .rodata             const    0x080166b0     0x28  parser.o [1]
  .text               ro code  0x080166d8     0x28  data_init.o [5]
  .rodata             const    0x08016700     0x24  parser.o [1]
  .rodata             const    0x08016724     0x24  parser.o [1]
  .rodata             const    0x08016748     0x24  parser.o [1]
  .rodata             const    0x0801676c     0x24  parser.o [1]
  .rodata             const    0x08016790     0x24  parser.o [1]
  .rodata             const    0x080167b4     0x24  parser.o [1]
  .rodata             const    0x080167d8     0x24  parser.o [1]
  .rodata             const    0x080167fc     0x24  parser.o [1]
  .rodata             const    0x08016820     0x24  parser.o [1]
  .rodata             const    0x08016844     0x24  parser.o [1]
  .rodata             const    0x08016868     0x24  parser.o [1]
  .rodata             const    0x0801688c     0x24  parser.o [1]
  .rodata             const    0x080168b0     0x24  parser.o [1]
  .rodata             const    0x080168d4     0x24  parser.o [1]
  .iar.init_table     const    0x080168f8     0x30  - Linker created -
  .rodata             const    0x08016928     0x20  app_data.o [1]
  .rodata             const    0x08016948     0x20  app_data.o [1]
  .rodata             const    0x08016968     0x20  bgm111.o [1]
  .rodata             const    0x08016988     0x20  bgm111.o [1]
  .rodata             const    0x080169a8     0x20  parser.o [1]
  .rodata             const    0x080169c8     0x20  parser.o [1]
  .rodata             const    0x080169e8     0x20  parser.o [1]
  .rodata             const    0x08016a08     0x20  parser.o [1]
  .rodata             const    0x08016a28     0x20  parser.o [1]
  .rodata             const    0x08016a48     0x20  parser.o [1]
  .rodata             const    0x08016a68     0x20  parser.o [1]
  .rodata             const    0x08016a88     0x20  parser.o [1]
  .rodata             const    0x08016aa8     0x20  parser.o [1]
  .rodata             const    0x08016ac8     0x20  parser.o [1]
  .rodata             const    0x08016ae8     0x20  parser.o [1]
  .rodata             const    0x08016b08     0x20  parser.o [1]
  .rodata             const    0x08016b28     0x20  parser.o [1]
  .rodata             const    0x08016b48     0x20  parser.o [1]
  .rodata             const    0x08016b68     0x20  parser.o [1]
  .rodata             const    0x08016b88     0x20  parser.o [1]
  .rodata             const    0x08016ba8     0x20  parser.o [1]
  .rodata             const    0x08016bc8     0x1c  bgm111.o [1]
  .rodata             const    0x08016be4     0x1c  bgm111.o [1]
  .rodata             const    0x08016c00     0x1c  bgm111.o [1]
  .rodata             const    0x08016c1c     0x1c  ErrorCodes.o [1]
  .rodata             const    0x08016c38     0x1c  parser.o [1]
  .rodata             const    0x08016c54     0x1c  parser.o [1]
  .rodata             const    0x08016c70     0x1c  parser.o [1]
  .rodata             const    0x08016c8c     0x1c  parser.o [1]
  .rodata             const    0x08016ca8     0x1c  parser.o [1]
  .rodata             const    0x08016cc4     0x1c  parser.o [1]
  .rodata             const    0x08016ce0     0x1c  parser.o [1]
  .text               ro code  0x08016cfc     0x1a  cmain.o [5]
  .text               ro code  0x08016d16      0x4  low_level_init.o [3]
  .text               ro code  0x08016d1a      0x4  exit.o [3]
  .text               ro code  0x08016d20      0xa  cexit.o [5]
  .text               ro code  0x08016d2c     0x14  exit.o [6]
  .rodata             const    0x08016d40     0x18  app_data.o [1]
  .rodata             const    0x08016d58     0x18  bgm111.o [1]
  .rodata             const    0x08016d70     0x18  parser.o [1]
  .rodata             const    0x08016d88     0x18  parser.o [1]
  .rodata             const    0x08016da0     0x18  parser.o [1]
  .rodata             const    0x08016db8     0x18  parser.o [1]
  .rodata             const    0x08016dd0     0x18  parser.o [1]
  .rodata             const    0x08016de8     0x18  parser.o [1]
  .rodata             const    0x08016e00     0x18  parser.o [1]
  .rodata             const    0x08016e18     0x18  parser.o [1]
  .rodata             const    0x08016e30     0x18  parser.o [1]
  .rodata             const    0x08016e48     0x18  parser.o [1]
  .rodata             const    0x08016e60     0x18  parser.o [1]
  .rodata             const    0x08016e78     0x18  parser.o [1]
  .rodata             const    0x08016e90     0x18  parser.o [1]
  .rodata             const    0x08016ea8     0x18  parser.o [1]
  .rodata             const    0x08016ec0     0x18  parser.o [1]
  .rodata             const    0x08016ed8     0x18  parser.o [1]
  .rodata             const    0x08016ef0     0x18  parser.o [1]
  .rodata             const    0x08016f08     0x18  parser.o [1]
  .rodata             const    0x08016f20     0x18  parser.o [1]
  .rodata             const    0x08016f38     0x18  parser.o [1]
  .rodata             const    0x08016f50     0x18  parser.o [1]
  .rodata             const    0x08016f68     0x18  parser.o [1]
  .rodata             const    0x08016f80     0x18  parser.o [1]
  .rodata             const    0x08016f98     0x18  parser.o [1]
  .rodata             const    0x08016fb0     0x18  parser.o [1]
  .rodata             const    0x08016fc8     0x18  parser.o [1]
  .rodata             const    0x08016fe0     0x18  parser.o [1]
  .rodata             const    0x08016ff8     0x18  parser.o [1]
  .rodata             const    0x08017010     0x18  parser.o [1]
  .rodata             const    0x08017028     0x18  parser.o [1]
  .rodata             const    0x08017040     0x18  parser.o [1]
  .rodata             const    0x08017058     0x18  parser.o [1]
  .rodata             const    0x08017070     0x18  parser.o [1]
  .rodata             const    0x08017088     0x18  parser.o [1]
  .rodata             const    0x080170a0     0x18  parser.o [1]
  .rodata             const    0x080170b8     0x18  parser.o [1]
  .rodata             const    0x080170d0     0x18  parser.o [1]
  .rodata             const    0x080170e8     0x18  parser.o [1]
  .rodata             const    0x08017100     0x18  parser.o [1]
  .rodata             const    0x08017118     0x18  parser.o [1]
  .rodata             const    0x08017130     0x18  parser.o [1]
  .rodata             const    0x08017148     0x18  parser.o [1]
  .rodata             const    0x08017160     0x18  parser.o [1]
  .rodata             const    0x08017178     0x18  parser.o [1]
  .rodata             const    0x08017190     0x18  parser.o [1]
  .rodata             const    0x080171a8     0x18  parser.o [1]
  .rodata             const    0x080171c0     0x18  parser.o [1]
  .rodata             const    0x080171d8     0x18  parser.o [1]
  .rodata             const    0x080171f0     0x18  parser.o [1]
  .rodata             const    0x08017208     0x14  app_data.o [1]
  .rodata             const    0x0801721c     0x14  app_data.o [1]
  .rodata             const    0x08017230     0x14  app_data.o [1]
  .rodata             const    0x08017244     0x14  app_data.o [1]
  .rodata             const    0x08017258     0x14  app_data.o [1]
  .rodata             const    0x0801726c     0x14  app_data.o [1]
  .rodata             const    0x08017280     0x14  app_data.o [1]
  .rodata             const    0x08017294     0x14  app_data.o [1]
  .rodata             const    0x080172a8     0x14  app_data.o [1]
  .rodata             const    0x080172bc     0x14  app_data.o [1]
  .rodata             const    0x080172d0     0x14  app_data.o [1]
  .rodata             const    0x080172e4     0x14  app_data.o [1]
  .rodata             const    0x080172f8     0x14  app_data.o [1]
  .rodata             const    0x0801730c     0x14  app_data.o [1]
  .rodata             const    0x08017320     0x14  app_data.o [1]
  .rodata             const    0x08017334     0x14  app_data.o [1]
  .rodata             const    0x08017348     0x14  app_data.o [1]
  .rodata             const    0x0801735c     0x14  app_data.o [1]
  .rodata             const    0x08017370     0x14  app_data.o [1]
  .rodata             const    0x08017384     0x14  app_data.o [1]
  .rodata             const    0x08017398     0x14  app_data.o [1]
  .rodata             const    0x080173ac     0x14  app_data.o [1]
  .rodata             const    0x080173c0     0x14  app_data.o [1]
  .rodata             const    0x080173d4     0x14  app_data.o [1]
  .rodata             const    0x080173e8     0x14  app_data.o [1]
  .rodata             const    0x080173fc     0x14  app_data.o [1]
  .rodata             const    0x08017410     0x14  app_data.o [1]
  .rodata             const    0x08017424     0x14  app_data.o [1]
  .rodata             const    0x08017438     0x14  bgm111.o [1]
  .rodata             const    0x0801744c     0x14  bgm111.o [1]
  .rodata             const    0x08017460     0x14  bgm111.o [1]
  .rodata             const    0x08017474     0x14  bgm111.o [1]
  .rodata             const    0x08017488     0x14  bgm111.o [1]
  .rodata             const    0x0801749c     0x14  Calibration.o [1]
  .rodata             const    0x080174b0     0x14  ErrorCodes.o [1]
  .rodata             const    0x080174c4     0x14  gpio.o [1]
  .rodata             const    0x080174d8     0x14  parser.o [1]
  .rodata             const    0x080174ec     0x14  parser.o [1]
  .rodata             const    0x08017500     0x14  parser.o [1]
  .rodata             const    0x08017514     0x14  parser.o [1]
  .rodata             const    0x08017528     0x14  parser.o [1]
  .rodata             const    0x0801753c     0x14  parser.o [1]
  .rodata             const    0x08017550     0x14  parser.o [1]
  .rodata             const    0x08017564     0x14  parser.o [1]
  .rodata             const    0x08017578     0x14  parser.o [1]
  .rodata             const    0x0801758c     0x14  parser.o [1]
  .rodata             const    0x080175a0     0x14  parser.o [1]
  .rodata             const    0x080175b4     0x14  parser.o [1]
  .rodata             const    0x080175c8     0x14  parser.o [1]
  .rodata             const    0x080175dc     0x14  parser.o [1]
  .rodata             const    0x080175f0     0x10  app_data.o [1]
  .rodata             const    0x08017600     0x10  app_data.o [1]
  .rodata             const    0x08017610     0x10  bgm111.o [1]
  .rodata             const    0x08017620     0x10  bgm111.o [1]
  .rodata             const    0x08017630     0x10  bgm111.o [1]
  .rodata             const    0x08017640     0x10  bgm111.o [1]
  .rodata             const    0x08017650     0x10  bgm111.o [1]
  .rodata             const    0x08017660     0x10  main.o [1]
  .rodata             const    0x08017670     0x10  parser.o [1]
  .rodata             const    0x08017680     0x10  parser.o [1]
  .rodata             const    0x08017690     0x10  parser.o [1]
  .rodata             const    0x080176a0     0x10  parser.o [1]
  .rodata             const    0x080176b0     0x10  parser.o [1]
  .rodata             const    0x080176c0     0x10  system_stm32l1xx.o [1]
  .text               ro code  0x080176d0     0x10  startup_stm32l152xe.o [1]
  .rodata             const    0x080176e0      0xc  app_data.o [1]
  .rodata             const    0x080176ec      0xc  bgm111.o [1]
  .rodata             const    0x080176f8      0xc  bgm111.o [1]
  .rodata             const    0x08017704      0xc  bgm111.o [1]
  .rodata             const    0x08017710      0xc  bgm111.o [1]
  .rodata             const    0x0801771c      0xc  bgm111.o [1]
  .rodata             const    0x08017728      0xc  Calibration.o [1]
  .rodata             const    0x08017734      0xc  Calibration.o [1]
  .rodata             const    0x08017740      0xc  Calibration.o [1]
  .rodata             const    0x0801774c      0xc  Calibration.o [1]
  .rodata             const    0x08017758      0xc  Calibration.o [1]
  .rodata             const    0x08017764      0xc  Calibration.o [1]
  .rodata             const    0x08017770      0xc  Calibration.o [1]
  .rodata             const    0x0801777c      0xc  Calibration.o [1]
  .rodata             const    0x08017788      0xc  Calibration.o [1]
  .rodata             const    0x08017794      0xc  Calibration.o [1]
  .rodata             const    0x080177a0      0xc  Calibration.o [1]
  .rodata             const    0x080177ac      0xc  Calibration.o [1]
  .rodata             const    0x080177b8      0xc  Calibration.o [1]
  .rodata             const    0x080177c4      0xc  Calibration.o [1]
  .rodata             const    0x080177d0      0xc  Calibration.o [1]
  .rodata             const    0x080177dc      0xc  Calibration.o [1]
  .rodata             const    0x080177e8      0xc  Calibration.o [1]
  .rodata             const    0x080177f4      0xc  Calibration.o [1]
  .rodata             const    0x08017800      0xc  Calibration.o [1]
  .rodata             const    0x0801780c      0xc  parser.o [1]
  .rodata             const    0x08017818      0xc  parser.o [1]
  .rodata             const    0x08017824      0xc  parser.o [1]
  .rodata             const    0x08017830      0xc  parser.o [1]
  .rodata             const    0x0801783c      0xc  parser.o [1]
  .rodata             const    0x08017848      0xc  parser.o [1]
  .rodata             const    0x08017854      0xc  parser.o [1]
  .rodata             const    0x08017860      0xc  stm32l1xx_hal_rcc.o [1]
  .text               ro code  0x0801786c      0xc  cstartup_M.o [5]
  .rodata             const    0x08017878      0x8  app_data.o [1]
  .rodata             const    0x08017880      0x8  app_data.o [1]
  .rodata             const    0x08017888      0x8  app_data.o [1]
  .rodata             const    0x08017890      0x8  app_data.o [1]
  .rodata             const    0x08017898      0x8  barometer.o [1]
  .rodata             const    0x080178a0      0x8  barometer.o [1]
  .rodata             const    0x080178a8      0x8  barometer.o [1]
  .rodata             const    0x080178b0      0x8  barometer.o [1]
  .rodata             const    0x080178b8      0x8  barometer.o [1]
  .rodata             const    0x080178c0      0x8  bgm111.o [1]
  .rodata             const    0x080178c8      0x8  bgm111.o [1]
  .rodata             const    0x080178d0      0x8  bgm111.o [1]
  .rodata             const    0x080178d8      0x8  Calibration.o [1]
  .rodata             const    0x080178e0      0x8  Calibration.o [1]
  .rodata             const    0x080178e8      0x8  Calibration.o [1]
  .rodata             const    0x080178f0      0x8  Calibration.o [1]
  .rodata             const    0x080178f8      0x8  ErrorCodes.o [1]
  .rodata             const    0x08017900      0x8  ErrorCodes.o [1]
  .rodata             const    0x08017908      0x8  ErrorCodes.o [1]
  .rodata             const    0x08017910      0x8  ErrorCodes.o [1]
  .rodata             const    0x08017918      0x8  ErrorCodes.o [1]
  .rodata             const    0x08017920      0x8  ErrorCodes.o [1]
  .rodata             const    0x08017928      0x8  ErrorCodes.o [1]
  .rodata             const    0x08017930      0x8  ErrorCodes.o [1]
  .rodata             const    0x08017938      0x8  ErrorCodes.o [1]
  .rodata             const    0x08017940      0x8  ErrorCodes.o [1]
  .rodata             const    0x08017948      0x8  ErrorCodes.o [1]
  .rodata             const    0x08017950      0x8  ErrorCodes.o [1]
  .rodata             const    0x08017958      0x8  ErrorCodes.o [1]
  .rodata             const    0x08017960      0x8  ErrorCodes.o [1]
  .rodata             const    0x08017968      0x8  ErrorCodes.o [1]
  .rodata             const    0x08017970      0x8  ErrorCodes.o [1]
  .rodata             const    0x08017978      0x8  ErrorCodes.o [1]
  .rodata             const    0x08017980      0x8  ErrorCodes.o [1]
  .rodata             const    0x08017988      0x8  ErrorCodes.o [1]
  .rodata             const    0x08017990      0x8  ErrorCodes.o [1]
  .rodata             const    0x08017998      0x8  ErrorCodes.o [1]
  .rodata             const    0x080179a0      0x8  ErrorCodes.o [1]
  .rodata             const    0x080179a8      0x8  ErrorCodes.o [1]
  .rodata             const    0x080179b0      0x8  GridEye.o [1]
  .rodata             const    0x080179b8      0x8  GridEye.o [1]
  .rodata             const    0x080179c0      0x8  GridEye.o [1]
  .rodata             const    0x080179c8      0x8  Humidity.o [1]
  .rodata             const    0x080179d0      0x8  Humidity.o [1]
  .rodata             const    0x080179d8      0x8  Humidity.o [1]
  .rodata             const    0x080179e0      0x8  Humidity.o [1]
  .rodata             const    0x080179e8      0x8  main.o [1]
  .rodata             const    0x080179f0      0x8  main.o [1]
  .rodata             const    0x080179f8      0x8  parser.o [1]
  .rodata             const    0x08017a00      0x8  parser.o [1]
  .rodata             const    0x08017a08      0x8  parser.o [1]
  .rodata             const    0x08017a10      0x8  parser.o [1]
  .rodata             const    0x08017a18      0x8  parser.o [1]
  .rodata             const    0x08017a20      0x8  parser.o [1]
  .rodata             const    0x08017a28      0x8  parser.o [1]
  .rodata             const    0x08017a30      0x8  parser.o [1]
  .rodata             const    0x08017a38      0x8  parser.o [1]
  .rodata             const    0x08017a40      0x8  parser.o [1]
  .rodata             const    0x08017a48      0x8  parser.o [1]
  .rodata             const    0x08017a50      0x8  parser.o [1]
  .rodata             const    0x08017a58      0x8  parser.o [1]
  .rodata             const    0x08017a60      0x8  parser.o [1]
  .rodata             const    0x08017a68      0x8  parser.o [1]
  .rodata             const    0x08017a70      0x8  parser.o [1]
  .rodata             const    0x08017a78      0x8  parser.o [1]
  .rodata             const    0x08017a80      0x8  parser.o [1]
  .rodata             const    0x08017a88      0x8  parser.o [1]
  .rodata             const    0x08017a90      0x8  parser.o [1]
  .rodata             const    0x08017a98      0x8  parser.o [1]
  .rodata             const    0x08017aa0      0x8  parser.o [1]
  .rodata             const    0x08017aa8      0x8  parser.o [1]
  .rodata             const    0x08017ab0      0x8  parser.o [1]
  .rodata             const    0x08017ab8      0x8  parser.o [1]
  .rodata             const    0x08017ac0      0x8  Rd_Sound.o [1]
  .rodata             const    0x08017ac8      0x8  RGBLight.o [1]
  .rodata             const    0x08017ad0      0x8  RGBLight.o [1]
  .rodata             const    0x08017ad8      0x8  system_stm32l1xx.o [1]
  .rodata             const    0x08017ae0      0x8  Temperature.o [1]
  .rodata             const    0x08017ae8      0x8  Temperature.o [1]
  .rodata             const    0x08017af0      0x8  Temperature.o [1]
  .rodata             const    0x08017af8      0x8  VMonitor.o [1]
  .rodata             const    0x08017b00      0x8  VMonitor.o [1]
  .rodata             const    0x08017b08      0x8  VMonitor.o [1]
  .rodata             const    0x08017b10      0x8  VMonitor.o [1]
  .rodata             const    0x08017b18      0x8  VMonitor.o [1]
  .rodata             const    0x08017b20      0x4  stm32l1xx_hal_rcc.o [1]
  .text               ro code  0x08017b24      0x4  startup_stm32l152xe.o [1]
  .text               ro code  0x08017b28      0x4  startup_stm32l152xe.o [1]
  .text               ro code  0x08017b2c      0x4  startup_stm32l152xe.o [1]
  .text               ro code  0x08017b30      0x4  startup_stm32l152xe.o [1]
  .text               ro code  0x08017b34      0x4  startup_stm32l152xe.o [1]
  .text               ro code  0x08017b38      0x4  startup_stm32l152xe.o [1]
  .text               ro code  0x08017b3c      0x4  startup_stm32l152xe.o [1]
  .text               ro code  0x08017b40      0x4  startup_stm32l152xe.o [1]
  .text               ro code  0x08017b44      0x4  startup_stm32l152xe.o [1]
  .text               ro code  0x08017b48      0x4  startup_stm32l152xe.o [1]
  .text               ro code  0x08017b4c      0x4  startup_stm32l152xe.o [1]
  .text               ro code  0x08017b50      0x4  startup_stm32l152xe.o [1]
  .text               ro code  0x08017b54      0x4  startup_stm32l152xe.o [1]
  .text               ro code  0x08017b58      0x4  startup_stm32l152xe.o [1]
  .text               ro code  0x08017b5c      0x4  startup_stm32l152xe.o [1]
  .text               ro code  0x08017b60      0x4  startup_stm32l152xe.o [1]
  .text               ro code  0x08017b64      0x4  startup_stm32l152xe.o [1]
  .text               ro code  0x08017b68      0x4  startup_stm32l152xe.o [1]
  .text               ro code  0x08017b6c      0x4  startup_stm32l152xe.o [1]
  .text               ro code  0x08017b70      0x4  startup_stm32l152xe.o [1]
  .text               ro code  0x08017b74      0x4  startup_stm32l152xe.o [1]
  .text               ro code  0x08017b78      0x4  startup_stm32l152xe.o [1]
  .text               ro code  0x08017b7c      0x4  startup_stm32l152xe.o [1]
  .text               ro code  0x08017b80      0x4  startup_stm32l152xe.o [1]
  .text               ro code  0x08017b84      0x4  startup_stm32l152xe.o [1]
  .text               ro code  0x08017b88      0x4  startup_stm32l152xe.o [1]
  .text               ro code  0x08017b8c      0x4  startup_stm32l152xe.o [1]
  .text               ro code  0x08017b90      0x4  startup_stm32l152xe.o [1]
  .text               ro code  0x08017b94      0x4  startup_stm32l152xe.o [1]
  .text               ro code  0x08017b98      0x4  startup_stm32l152xe.o [1]
  .text               ro code  0x08017b9c      0x4  startup_stm32l152xe.o [1]
  .text               ro code  0x08017ba0      0x4  startup_stm32l152xe.o [1]
  .text               ro code  0x08017ba4      0x4  startup_stm32l152xe.o [1]
  .text               ro code  0x08017ba8      0x4  startup_stm32l152xe.o [1]
  .text               ro code  0x08017bac      0x4  startup_stm32l152xe.o [1]
  .text               ro code  0x08017bb0      0x4  startup_stm32l152xe.o [1]
  .text               ro code  0x08017bb4      0x4  startup_stm32l152xe.o [1]
  .text               ro code  0x08017bb8      0x4  startup_stm32l152xe.o [1]
  .text               ro code  0x08017bbc      0x4  startup_stm32l152xe.o [1]
  .text               ro code  0x08017bc0      0x4  startup_stm32l152xe.o [1]
  .text               ro code  0x08017bc4      0x4  startup_stm32l152xe.o [1]
  .text               ro code  0x08017bc8      0x4  startup_stm32l152xe.o [1]
  .text               ro code  0x08017bcc      0x4  startup_stm32l152xe.o [1]
  .text               ro code  0x08017bd0      0x4  startup_stm32l152xe.o [1]
  .text               ro code  0x08017bd4      0x4  startup_stm32l152xe.o [1]
  .text               ro code  0x08017bd8      0x4  startup_stm32l152xe.o [1]
  .text               ro code  0x08017bdc      0x4  startup_stm32l152xe.o [1]
  .text               ro code  0x08017be0      0x4  startup_stm32l152xe.o [1]
  .text               ro code  0x08017be4      0x4  startup_stm32l152xe.o [1]
  .text               ro code  0x08017be8      0x4  startup_stm32l152xe.o [1]
  .rodata             const    0x08017bec      0x0  zero_init3.o [5]
  .rodata             const    0x08017bec      0x0  packbits_init_single.o [5]
  Initializer bytes   const    0x08017bec     0x54  <for P2-1>
                             - 0x08017c40  0x17b1c

Absolute sections, part 1 of 2:               0x18
  .bss                zero     0x08070000     0x18  wwdg.o [1]
                             - 0x08070018     0x18

Absolute sections, part 2 of 2:               0xc8
  .bss                zero     0x08070100     0xc8  Calibration.o [1]
                             - 0x080701c8     0xc8

"P2", part 1 of 3:                           0x14c
  P2-1                         0x20000000    0x14c  <Init block>
    .data             inited   0x20000000      0xc  adc.o [1]
    .data             inited   0x2000000c      0x4  bgm111.o [1]
    .data             inited   0x20000010      0x4  bgm111.o [1]
    .data             inited   0x20000014     0x24  gpio.o [1]
    .data             inited   0x20000038      0x4  system_stm32l1xx.o [1]
    .data             inited   0x2000003c      0x4  tim.o [1]
    .data             inited   0x20000040      0x4  tim.o [1]
    .data             inited   0x20000044      0x4  tim.o [1]
    .data             inited   0x20000048      0x4  usart.o [1]
    __DLIB_PERTHREAD  inited   0x2000004c     0x88  localeconv.o [3]
    __DLIB_PERTHREAD  inited   0x200000d4      0x4  errno.o [3]
    __DLIB_PERTHREAD  inited   0x200000d8     0x74  setlocale.o [3]
                             - 0x2000014c    0x14c

"P2", part 2 of 3:                          0x1000
  CSTACK                       0x20000150   0x1000  <Block>
    CSTACK            uninit   0x20000150   0x1000  <Block tail>
  HEAP                         0x20001150      0x0  <Block>
                             - 0x20001150   0x1000

"P2", part 3 of 3:                          0x2528
  .bss                zero     0x20001150    0xf78  bgm111.o [1]
  .bss                zero     0x200020c8    0x324  bgm111.o [1]
  .bss                zero     0x200023ec    0x324  ErrorCodes.o [1]
  .bss                zero     0x20002710    0x248  app_data.o [1]
  .bss                zero     0x20002958    0x248  app_data.o [1]
  .bss                zero     0x20002ba0    0x220  usbd_conf.o [1]
  .bss                zero     0x20002dc0    0x1a0  bgm111.o [1]
  .bss                zero     0x20002f60     0xc8  Calibration.o [1]
  .bss                zero     0x20003028     0x8c  tasks.o [1]
  .bss                zero     0x200030b4     0x84  bgm111.o [1]
  .bss                zero     0x20003138     0x84  bgm111.o [1]
  .bss                zero     0x200031bc     0x80  Rd_Sound.o [1]
  .bss                zero     0x2000323c     0x80  Rd_Sound.o [1]
  .bss                zero     0x200032bc     0x80  Rd_Sound.o [1]
  .bss                zero     0x2000333c     0x54  adc.o [1]
  .bss                zero     0x20003390     0x40  usart.o [1]
  .bss                zero     0x200033d0     0x40  usart.o [1]
  .bss                zero     0x20003410     0x3c  i2c.o [1]
  .bss                zero     0x2000344c     0x38  adc.o [1]
  .bss                zero     0x20003484     0x38  stm32l1xx_hal_timebase_TIM.o [1]
  .bss                zero     0x200034bc     0x38  tim.o [1]
  .bss                zero     0x200034f4     0x38  tim.o [1]
  .bss                zero     0x2000352c     0x28  bgm111.o [1]
  .bss                zero     0x20003554     0x28  usart.o [1]
  .bss                zero     0x2000357c     0x1c  Flash.o [1]
  .bss                zero     0x20003598     0x18  stm32l1xx_hal_flash.o [1]
  .bss                zero     0x200035b0     0x18  wwdg.o [1]
  .bss                zero     0x200035c8     0x14  wwdg.o [1]
  .bss                zero     0x200035dc      0xc  adc.o [1]
  .bss                zero     0x200035e8      0xc  app_data.o [1]
  .bss                zero     0x200035f4      0xc  Flash.o [1]
  .bss                zero     0x20003600      0x8  app_data.o [1]
  .bss                zero     0x20003608      0x8  xxmemxmalloc.o [3]
  .bss                zero     0x20003610      0x4  bgm111.o [1]
  .bss                zero     0x20003614      0x4  bgm111.o [1]
  .bss                zero     0x20003618      0x4  bgm111.o [1]
  .bss                zero     0x2000361c      0x4  bgm111.o [1]
  .bss                zero     0x20003620      0x4  bgm111.o [1]
  .bss                zero     0x20003624      0x4  Flash.o [1]
  .bss                zero     0x20003628      0x4  stm32l1xx_hal.o [1]
  .bss                zero     0x2000362c      0x4  tasks.o [1]
  .bss                zero     0x20003630      0x4  tasks.o [1]
  .bss                zero     0x20003634      0x4  tasks.o [1]
  .bss                zero     0x20003638      0x4  tasks.o [1]
  .bss                zero     0x2000363c      0x4  tasks.o [1]
  .bss                zero     0x20003640      0x4  tasks.o [1]
  .bss                zero     0x20003644      0x4  tasks.o [1]
  .bss                zero     0x20003648      0x4  tasks.o [1]
  .bss                zero     0x2000364c      0x4  tasks.o [1]
  .bss                zero     0x20003650      0x4  tasks.o [1]
  .bss                zero     0x20003654      0x4  tasks.o [1]
  .bss                zero     0x20003658      0x4  usart.o [1]
  .bss                zero     0x2000365c      0x4  usart.o [1]
  .bss                zero     0x20003660      0x4  wwdg.o [1]
  .bss                zero     0x20003664      0x4  xgetmemchunk.o [3]
  .bss                zero     0x20003668      0x2  app_data.o [1]
  .bss                zero     0x2000366a      0x2  app_data.o [1]
  .bss                zero     0x2000366c      0x1  adc.o [1]
  .bss                zero     0x2000366d      0x1  adc.o [1]
  .bss                zero     0x2000366e      0x1  adc.o [1]
  .bss                zero     0x2000366f      0x1  bgm111.o [1]
  .bss                zero     0x20003670      0x1  parser.o [1]
  .bss                zero     0x20003671      0x1  tim.o [1]
  .bss                zero     0x20003672      0x1  tim.o [1]
  .bss                zero     0x20003673      0x1  usart.o [1]
  .bss                zero     0x20003674      0x1  usart.o [1]
  .bss                zero     0x20003675      0x1  usart.o [1]
  .bss                zero     0x20003676      0x1  usbd_ctlreq.o [1]
  .bss                zero     0x20003677      0x1  wwdg.o [1]
                             - 0x20003678   0x2528


*******************************************************************************
*** INIT TABLE
***

          Address     Size
          -------     ----
Zero (__iar_zero_init3)
    3 destination ranges, total size 0x2608:
          0x08070000    0x18
          0x08070100    0xc8
          0x20001150  0x2528

Copy/packbits (__iar_packbits_init_single3)
    1 source range, total size 0x54 (25% of destination):
          0x08017bec    0x54
    1 destination range, total size 0x14c:
          0x20000000   0x14c



*******************************************************************************
*** MODULE SUMMARY
***

    Module                        ro code  ro data  rw data  rw data
                                                              (abs)
    ------                        -------  -------  -------  -------
D:\GoogleDriveCLT\GoogleDrive\WeatherCloud\Roadboard\Software\Road-Board-December-2016N8\EWARM\Road Brd MSTR Rev L Long Always\Obj: [1]
    Calibration.o                     320      380      200      200
    ErrorCodes.o                      318      324      804
    Flash.o                           344                44
    GridEye.o                       7 228       24
    Humidity.o                      3 320       32
    RGBLight.o                        836       16
    Rd_Sound.o                        612        8      384
    Temperature.o                     716       24
    VMonitor.o                      2 268       40
    adc.o                             700        3      167
    app_data.o                      4 320      724    1 192
    barometer.o                       648       40
    bgm111.o                        2 156      438    5 513
    cmsis_os.o                         16
    dma.o                              48
    fix_fft.o                         456      192
    gecko_bglib.o                     432
    gpio.o                            452       29       36
    i2c.o                           1 248                60
    list.o                             64
    lps25hb.o                         584
    main.o                          1 622      336
    parser.o                       11 956    6 548        1
    port.o                             36
    portasm.o                         148
    startup_stm32l152xe.o             508
    stm32l1xx_hal.o                    72                 4
    stm32l1xx_hal_adc.o             2 090
    stm32l1xx_hal_cortex.o            432
    stm32l1xx_hal_dma.o             3 838
    stm32l1xx_hal_flash.o             408                24
    stm32l1xx_hal_flash_ex.o          204
    stm32l1xx_hal_gpio.o              888
    stm32l1xx_hal_i2c.o             4 120
    stm32l1xx_hal_msp.o               152
    stm32l1xx_hal_pcd.o             4 212
    stm32l1xx_hal_pwr_ex.o             16
    stm32l1xx_hal_rcc.o             3 284       16
    stm32l1xx_hal_tim.o               986
    stm32l1xx_hal_tim_ex.o             94
    stm32l1xx_hal_timebase_TIM.o      144                56
    stm32l1xx_hal_uart.o            2 284
    stm32l1xx_hal_wwdg.o              214
    stm32l1xx_it.o                    132
    system_stm32l1xx.o                100       25        4
    tasks.o                           548               184
    tim.o                             588        3      126
    usart.o                         1 212        1      183
    usbd_conf.o                       408               544
    usbd_core.o                       712
    usbd_ctlreq.o                   1 544                 1
    usbd_ioreq.o                      144
    wwdg.o                            404                49       24
    ----------------------------------------------------------------
    Total:                         70 586    9 203    9 576      224

command line: [2]
    ----------------------------------------------------------------
    Total:

dl7M_tlf.a: [3]
    atoi.o                              8
    div.o                              14
    errno.o                            12        1        4
    exit.o                              4
    isdigit.o                          10
    isxxx.o                            40
    localeconv.o                      108       34      136
    low_level_init.o                    4
    setlocale.o                        40       30      116
    sprintf.o                          52
    sscanf.o                           36
    strcat.o                           28
    strncmp.o                          44
    tolower.o                          20
    xencoding_sb.o                     96
    xgetmemchunk.o                     44                 4
    xlocale_c.o                        54
    xmbcurmax.o                        10
    xmbtowc.o                          32
    xprintffull.o                   4 510
    xscanffull.o                    3 312
    xsprout.o                          10
    xsscin.o                           30
    xstoflt.o                         464
    xstoll.o                          166
    xstopfx.o                         290
    xstoul.o                          408
    xstoull.o                         432
    xstoxflt.o                        564
    xtls.o                              2
    xwctob.o                           64
    xwctomb.o                          26
    xxmemxfree.o                      128
    xxmemxmalloc.o                    176                 8
    ----------------------------------------------------------------
    Total:                         11 238       65      268

m7M_tl.a: [4]
    DblAdd.o                          232
    DblCmpEq.o                         32
    DblCmpGe.o                         46
    DblCmpLe.o                         46
    DblDiv.o                          598
    DblMul.o                          418
    DblSub.o                          384
    DblToFlt.o                        144
    DblToI32.o                         88
    FltAdd.o                          132
    FltCmpGe.o                         36
    FltDiv.o                          252
    FltMul.o                          216
    FltSub.o                          214
    FltToDbl.o                         78
    FltToS32.o                         68
    I32ToDbl.o                         48
    I32ToFlt.o                         50
    ceil.o                             94
    modf.o                            184
    round.o                            68
    sqrt.o                            240
    xdint.o                           122
    xdnorm.o                           68
    xdscale.o                         268
    xdtento.o                         512
    xdunscal.o                         82
    xstold.o                          332
    ----------------------------------------------------------------
    Total:                          5 052

rt7M_tl.a: [5]
    ABImemcpy_unaligned.o             118
    ABImemset.o                        94
    I64DivMod.o                       238
    I64DivZer.o                         2
    cexit.o                            10
    cmain.o                            26
    cstartup_M.o                       12
    data_init.o                        40
    iarEdom.o                          12
    memchr.o                           88
    packbits_init_single.o             56
    strchr.o                           22
    strcmp_unaligned.o                 66
    strcpy_unaligned.o                 68
    strlen.o                           54
    strncpy_unaligned.o               108
    zero_init3.o                       64
    ----------------------------------------------------------------
    Total:                          1 078

shb_l.a: [6]
    exit.o                             20
    ----------------------------------------------------------------
    Total:                             20

    Gaps                               54
    Linker created                              48    4 096
--------------------------------------------------------------------
    Grand Total:                   88 028    9 316   13 940      224


*******************************************************************************
*** ENTRY LIST
***

Entry                      Address    Size  Type      Object
-----                      -------    ----  ----      ------
.iar.init_table$$Base   0x080168f8           --   Gb  - Linker created -
.iar.init_table$$Limit  0x08016928           --   Gb  - Linker created -
?main                   0x08016cfd          Code  Gb  cmain.o [5]
ADC_Channel             0x2000366e     0x1  Data  Lc  adc.o [1]
ADC_Config              0x0800afcb    0xbe  Code  Gb  adc.o [1]
ADC_ConversionStop_Disable
                        0x08010691    0x4a  Code  Gb  stm32l1xx_hal_adc.o [1]
ADC_DMAConvCplt         0x080106dd    0x6e  Code  Lc  stm32l1xx_hal_adc.o [1]
ADC_DMAError            0x0801075d    0x1e  Code  Lc  stm32l1xx_hal_adc.o [1]
ADC_DMAHalfConvCplt     0x0801074d     0xe  Code  Lc  stm32l1xx_hal_adc.o [1]
ADC_Enable              0x080105f3    0x72  Code  Gb  stm32l1xx_hal_adc.o [1]
AHBPrescTable           0x080176c0    0x10  Data  Gb  system_stm32l1xx.o [1]
APBPrescTable           0x08017ad8     0x8  Data  Gb  system_stm32l1xx.o [1]
BGM111_Connected        0x08003875     0xa  Code  Gb  bgm111.o [1]
BGM111_DataConnected    0x0800387f     0xa  Code  Gb  bgm111.o [1]
BGM111_GetTackState     0x0800394f     0xa  Code  Gb  bgm111.o [1]
BGM111_Init             0x0800362b    0x32  Code  Gb  bgm111.o [1]
BGM111_LowLevel_Init    0x0800356d    0x48  Code  Gb  bgm111.o [1]
BGM111_Peek             0x08003621     0xa  Code  Gb  bgm111.o [1]
BGM111_ProcessInput     0x0800365d   0x20e  Code  Gb  bgm111.o [1]
BGM111_Ready            0x0800386b     0xa  Code  Gb  bgm111.o [1]
BGM111_Receive          0x080035c3    0x5e  Code  Gb  bgm111.o [1]
BGM111_SetSyncFlg       0x0800392f     0xa  Code  Gb  bgm111.o [1]
BGM111_SetTackState     0x08003959     0xa  Code  Gb  bgm111.o [1]
BGM111_SyncModeTest     0x08003889    0x82  Code  Gb  bgm111.o [1]
BGM111_SyncModeTestNoInc
                        0x0800390b    0x24  Code  Gb  bgm111.o [1]
BGM111_Transmit         0x080039fd   0x11e  Code  Gb  bgm111.o [1]
BGM111_UART_IRQHandler  0x08003963    0x90  Code  Gb  bgm111.o [1]
BGM111_cntrlSetSyncFlg  0x08003939    0x16  Code  Gb  bgm111.o [1]
Bypass                  0x20003670     0x1  Data  Lc  parser.o [1]
CSTACK$$Base            0x20000150           --   Gb  - Linker created -
CSTACK$$Limit           0x20001150           --   Gb  - Linker created -
Cal_Save_Frames         0x20002f60    0xc8  Data  Lc  Calibration.o [1]
Calibration_HardFrames  0x08070100    0xc8  Data  Gb  Calibration.o [1]
Clear_Timer2_Flg        0x0800f169     0x8  Code  Gb  tim.o [1]
ClrAnalyticsRepeat      0x08005255     0x8  Code  Gb  app_data.o [1]
ClrDataStructure        0x08004301    0xac  Code  Gb  app_data.o [1]
Clr_HeartBeat           0x08005249     0x8  Code  Gb  app_data.o [1]
Clr_HrtBeat_Cnt         0x08005223     0x8  Code  Gb  app_data.o [1]
CodesArray              0x08015738    0x5c  Data  Gb  ErrorCodes.o [1]
DMA1_Channel1_IRQHandler
                        0x080155c1     0xa  Code  Gb  stm32l1xx_it.o [1]
DMA_SetConfig           0x08011659    0x22  Code  Lc  stm32l1xx_hal_dma.o [1]
Error_Handler           0x0800a7fd    0x2e  Code  Gb  main.o [1]
FIX_MPY                 0x0801167b    0x1c  Code  Gb  fix_fft.o [1]
FLASH_PageErase         0x0801296f    0x28  Code  Gb  stm32l1xx_hal_flash_ex.o [1]
FLASH_SetErrorCode      0x080127e3    0x6a  Code  Lc  stm32l1xx_hal_flash.o [1]
FLASH_WaitForLastOperation
                        0x0801277f    0x64  Code  Gb  stm32l1xx_hal_flash.o [1]
Get_DriverStates        0x08005119    0x66  Code  Gb  app_data.o [1]
Get_DriverStatus        0x0800519d    0x86  Code  Gb  app_data.o [1]
HAL_ADC_ConfigChannel   0x0801040d   0x1e6  Code  Gb  stm32l1xx_hal_adc.o [1]
HAL_ADC_ConvCpltCallback
                        0x0800b107     0xe  Code  Gb  adc.o [1]
HAL_ADC_ConvHalfCpltCallback
                        0x0800b145     0x2  Code  Gb  adc.o [1]
HAL_ADC_DeInit          0x08010117   0x134  Code  Gb  stm32l1xx_hal_adc.o [1]
HAL_ADC_ErrorCallback   0x0800b147     0xa  Code  Gb  adc.o [1]
HAL_ADC_Init            0x0800ff51   0x1c6  Code  Gb  stm32l1xx_hal_adc.o [1]
HAL_ADC_MspDeInit       0x0800afa3    0x28  Code  Gb  adc.o [1]
HAL_ADC_MspInit         0x0800af1d    0x86  Code  Gb  adc.o [1]
HAL_ADC_Start           0x0801024b    0x88  Code  Gb  stm32l1xx_hal_adc.o [1]
HAL_ADC_Start_DMA       0x080102d3    0xcc  Code  Gb  stm32l1xx_hal_adc.o [1]
HAL_ADC_Stop_DMA        0x0801039f    0x6e  Code  Gb  stm32l1xx_hal_adc.o [1]
HAL_DMA_Abort           0x08010cb7    0x54  Code  Gb  stm32l1xx_hal_dma.o [1]
HAL_DMA_DeInit          0x080107d5   0x43e  Code  Gb  stm32l1xx_hal_dma.o [1]
HAL_DMA_IRQHandler      0x08010d11   0x906  Code  Gb  stm32l1xx_hal_dma.o [1]
HAL_DMA_Init            0x0801077d    0x58  Code  Gb  stm32l1xx_hal_dma.o [1]
HAL_DMA_Start_IT        0x08010c49    0x6e  Code  Gb  stm32l1xx_hal_dma.o [1]
HAL_Delay               0x0800ce0d    0x1a  Code  Wk  stm32l1xx_hal.o [1]
HAL_FLASHEx_Erase       0x080128d5    0x9a  Code  Gb  stm32l1xx_hal_flash_ex.o [1]
HAL_FLASH_GetError      0x08012779     0x6  Code  Gb  stm32l1xx_hal_flash.o [1]
HAL_FLASH_Lock          0x08012769    0x10  Code  Gb  stm32l1xx_hal_flash.o [1]
HAL_FLASH_Program       0x080126dd    0x5c  Code  Gb  stm32l1xx_hal_flash.o [1]
HAL_FLASH_Unlock        0x08012739    0x30  Code  Gb  stm32l1xx_hal_flash.o [1]
HAL_GPIO_DeInit         0x0800a9ff   0x13c  Code  Gb  stm32l1xx_hal_gpio.o [1]
HAL_GPIO_Init           0x0800a82d   0x1d2  Code  Gb  stm32l1xx_hal_gpio.o [1]
HAL_GPIO_ReadPin        0x0800ab3b    0x18  Code  Gb  stm32l1xx_hal_gpio.o [1]
HAL_GPIO_TogglePin      0x0800ab67     0xa  Code  Gb  stm32l1xx_hal_gpio.o [1]
HAL_GPIO_WritePin       0x0800ab53    0x14  Code  Gb  stm32l1xx_hal_gpio.o [1]
HAL_GetTick             0x0800ce07     0x6  Code  Wk  stm32l1xx_hal.o [1]
HAL_I2C_ER_IRQHandler   0x0800d7b5    0xce  Code  Gb  stm32l1xx_hal_i2c.o [1]
HAL_I2C_EV_IRQHandler   0x0800d681   0x134  Code  Gb  stm32l1xx_hal_i2c.o [1]
HAL_I2C_ErrorCallback   0x0800d88f     0x2  Code  Wk  stm32l1xx_hal_i2c.o [1]
HAL_I2C_GetError        0x0800d897     0x4  Code  Gb  stm32l1xx_hal_i2c.o [1]
HAL_I2C_GetState        0x0800d891     0x6  Code  Gb  stm32l1xx_hal_i2c.o [1]
HAL_I2C_Init            0x0800cf31   0x172  Code  Gb  stm32l1xx_hal_i2c.o [1]
HAL_I2C_MasterRxCpltCallback
                        0x0800d885     0x2  Code  Wk  stm32l1xx_hal_i2c.o [1]
HAL_I2C_MasterTxCpltCallback
                        0x0800d883     0x2  Code  Wk  stm32l1xx_hal_i2c.o [1]
HAL_I2C_Master_Receive  0x0800d1db   0x256  Code  Gb  stm32l1xx_hal_i2c.o [1]
HAL_I2C_Master_Receive_IT
                        0x0800d517   0x14e  Code  Gb  stm32l1xx_hal_i2c.o [1]
HAL_I2C_Master_Transmit
                        0x0800d0a3   0x138  Code  Gb  stm32l1xx_hal_i2c.o [1]
HAL_I2C_Master_Transmit_IT
                        0x0800d431    0xe6  Code  Gb  stm32l1xx_hal_i2c.o [1]
HAL_I2C_MemRxCpltCallback
                        0x0800d88d     0x2  Code  Wk  stm32l1xx_hal_i2c.o [1]
HAL_I2C_MemTxCpltCallback
                        0x0800d88b     0x2  Code  Wk  stm32l1xx_hal_i2c.o [1]
HAL_I2C_MspInit         0x08008dfb    0x50  Code  Gb  i2c.o [1]
HAL_I2C_SlaveRxCpltCallback
                        0x0800d889     0x2  Code  Wk  stm32l1xx_hal_i2c.o [1]
HAL_I2C_SlaveTxCpltCallback
                        0x0800d887     0x2  Code  Wk  stm32l1xx_hal_i2c.o [1]
HAL_IncTick             0x0800cdfb     0xc  Code  Wk  stm32l1xx_hal.o [1]
HAL_Init                0x0800cde5    0x16  Code  Gb  stm32l1xx_hal.o [1]
HAL_InitTick            0x080120d1    0x80  Code  Gb  stm32l1xx_hal_timebase_TIM.o [1]
HAL_MspInit             0x08012161    0x98  Code  Gb  stm32l1xx_hal_msp.o [1]
HAL_NVIC_DisableIRQ     0x080095a1     0xe  Code  Gb  stm32l1xx_hal_cortex.o [1]
HAL_NVIC_EnableIRQ      0x08009593     0xe  Code  Gb  stm32l1xx_hal_cortex.o [1]
HAL_NVIC_SetPriority    0x0800956d    0x26  Code  Gb  stm32l1xx_hal_cortex.o [1]
HAL_NVIC_SetPriorityGrouping
                        0x08009561     0xc  Code  Gb  stm32l1xx_hal_cortex.o [1]
HAL_NVIC_SystemReset    0x080095af     0x8  Code  Gb  stm32l1xx_hal_cortex.o [1]
HAL_PCD_DataInStageCallback
                        0x08014741    0x20  Code  Gb  usbd_conf.o [1]
HAL_PCD_DataOutStageCallback
                        0x0801471f    0x22  Code  Gb  usbd_conf.o [1]
HAL_PCD_EP_ClrStall     0x080145fd   0x10a  Code  Gb  stm32l1xx_hal_pcd.o [1]
HAL_PCD_EP_Open         0x08013caf   0x476  Code  Gb  stm32l1xx_hal_pcd.o [1]
HAL_PCD_EP_Receive      0x08014125   0x1ac  Code  Gb  stm32l1xx_hal_pcd.o [1]
HAL_PCD_EP_SetStall     0x0801451f    0xde  Code  Gb  stm32l1xx_hal_pcd.o [1]
HAL_PCD_EP_Transmit     0x080142d1   0x24e  Code  Gb  stm32l1xx_hal_pcd.o [1]
HAL_PCD_IRQHandler      0x08013b39   0x144  Code  Gb  stm32l1xx_hal_pcd.o [1]
HAL_PCD_ResetCallback   0x0801476f    0x2c  Code  Gb  usbd_conf.o [1]
HAL_PCD_ResumeCallback  0x080147bb     0xe  Code  Gb  usbd_conf.o [1]
HAL_PCD_SOFCallback     0x08014761     0xe  Code  Gb  usbd_conf.o [1]
HAL_PCD_SetAddress      0x08013c7d    0x32  Code  Gb  stm32l1xx_hal_pcd.o [1]
HAL_PCD_SetupStageCallback
                        0x08014709    0x16  Code  Gb  usbd_conf.o [1]
HAL_PCD_SuspendCallback
                        0x0801479b    0x20  Code  Gb  usbd_conf.o [1]
HAL_PWREx_GetVoltageRange
                        0x08012df9     0xa  Code  Gb  stm32l1xx_hal_pwr_ex.o [1]
HAL_RCC_ClockConfig     0x0800fa77   0x2a0  Code  Gb  stm32l1xx_hal_rcc.o [1]
HAL_RCC_GetClockConfig  0x0800fe1d    0x3a  Code  Gb  stm32l1xx_hal_rcc.o [1]
HAL_RCC_GetHCLKFreq     0x0800fdc1     0x6  Code  Gb  stm32l1xx_hal_rcc.o [1]
HAL_RCC_GetPCLK1Freq    0x0800fdc7    0x20  Code  Gb  stm32l1xx_hal_rcc.o [1]
HAL_RCC_GetPCLK2Freq    0x0800fde7    0x20  Code  Gb  stm32l1xx_hal_rcc.o [1]
HAL_RCC_GetSysClockFreq
                        0x0800fd17    0xaa  Code  Gb  stm32l1xx_hal_rcc.o [1]
HAL_RCC_OscConfig       0x0800f24d   0x82a  Code  Gb  stm32l1xx_hal_rcc.o [1]
HAL_SYSTICK_CLKSourceConfig
                        0x080095c3    0x22  Code  Gb  stm32l1xx_hal_cortex.o [1]
HAL_SYSTICK_Config      0x080095b7     0xc  Code  Gb  stm32l1xx_hal_cortex.o [1]
HAL_TIMEx_MasterConfigSynchronization
                        0x08012d9b    0x5e  Code  Gb  stm32l1xx_hal_tim_ex.o [1]
HAL_TIM_Base_Init       0x080129c1    0x38  Code  Gb  stm32l1xx_hal_tim.o [1]
HAL_TIM_Base_MspInit    0x0800f0cb    0x48  Code  Gb  tim.o [1]
HAL_TIM_Base_Start_IT   0x080129f9    0x1e  Code  Gb  stm32l1xx_hal_tim.o [1]
HAL_TIM_ConfigClockSource
                        0x08012b51   0x122  Code  Gb  stm32l1xx_hal_tim.o [1]
HAL_TIM_IC_CaptureCallback
                        0x08012c75     0x2  Code  Wk  stm32l1xx_hal_tim.o [1]
HAL_TIM_IRQHandler      0x08012a17   0x13a  Code  Gb  stm32l1xx_hal_tim.o [1]
HAL_TIM_OC_DelayElapsedCallback
                        0x08012c73     0x2  Code  Wk  stm32l1xx_hal_tim.o [1]
HAL_TIM_PWM_PulseFinishedCallback
                        0x08012c77     0x2  Code  Wk  stm32l1xx_hal_tim.o [1]
HAL_TIM_PeriodElapsedCallback
                        0x0800f113    0x56  Code  Gb  tim.o [1]
HAL_TIM_StartTimer2     0x0800f1d9    0x22  Code  Gb  tim.o [1]
HAL_TIM_StartTimer3     0x0800f1fb    0x12  Code  Gb  tim.o [1]
HAL_TIM_TriggerCallback
                        0x08012c79     0x2  Code  Wk  stm32l1xx_hal_tim.o [1]
HAL_UART_EnableBGM_RX   0x080034bf    0x32  Code  Gb  usart.o [1]
HAL_UART_EnableBGM_TXE  0x080034ad    0x12  Code  Gb  usart.o [1]
HAL_UART_ErrorCallback  0x080034ab     0x2  Code  Gb  usart.o [1]
HAL_UART_IRQHandler     0x08009b4f   0x11a  Code  Gb  stm32l1xx_hal_uart.o [1]
HAL_UART_Init           0x080098e9    0x72  Code  Gb  stm32l1xx_hal_uart.o [1]
HAL_UART_MspInit        0x08003123    0xba  Code  Gb  usart.o [1]
HAL_UART_Receive_IT     0x08009ac7    0x88  Code  Gb  stm32l1xx_hal_uart.o [1]
HAL_UART_RxCpltCallback
                        0x080033fb    0xb0  Code  Gb  usart.o [1]
HAL_UART_RxCpltCallback::len
                        0x2000365c     0x4  Data  Lc  usart.o [1]
HAL_UART_RxCpltCallback::temp_ptr
                        0x20003658     0x4  Data  Lc  usart.o [1]
HAL_UART_Transmit       0x0800995b    0xfc  Code  Gb  stm32l1xx_hal_uart.o [1]
HAL_UART_Transmit_IT    0x08009a57    0x70  Code  Gb  stm32l1xx_hal_uart.o [1]
HAL_UART_TxCpltCallback
                        0x080033bf    0x20  Code  Gb  usart.o [1]
HAL_WWDG_IRQHandler     0x0800efd3    0x2c  Code  Gb  stm32l1xx_hal_wwdg.o [1]
HAL_WWDG_Init           0x0800ef29    0x4c  Code  Gb  stm32l1xx_hal_wwdg.o [1]
HAL_WWDG_MspInit        0x08009657    0x26  Code  Gb  wwdg.o [1]
HAL_WWDG_Refresh        0x0800efa5    0x2e  Code  Gb  stm32l1xx_hal_wwdg.o [1]
HAL_WWDG_Start_IT       0x0800ef75    0x30  Code  Gb  stm32l1xx_hal_wwdg.o [1]
HAL_WWDG_WakeupCallback
                        0x080096ad    0x18  Code  Gb  wwdg.o [1]
HAL_WWDG_WakeupCallback::OnceFlg
                        0x20003677     0x1  Data  Lc  wwdg.o [1]
HEAP$$Base              0x20001150           --   Gb  - Linker created -
HEAP$$Limit             0x20001150           --   Gb  - Linker created -
HeartBeat_Cnt           0x2000366a     0x2  Data  Lc  app_data.o [1]
I2C1_ER_IRQHandler      0x080155fd     0xa  Code  Gb  stm32l1xx_it.o [1]
I2C1_EV_IRQHandler      0x080155f3     0xa  Code  Gb  stm32l1xx_it.o [1]
I2C_IsAcknowledgeFailed
                        0x0800df1f    0x2a  Code  Lc  stm32l1xx_hal_i2c.o [1]
I2C_MasterReceive_BTF   0x0800d99f    0xa6  Code  Lc  stm32l1xx_hal_i2c.o [1]
I2C_MasterReceive_RXNE  0x0800d923    0x7c  Code  Lc  stm32l1xx_hal_i2c.o [1]
I2C_MasterRequestRead   0x0800dbe1   0x106  Code  Lc  stm32l1xx_hal_i2c.o [1]
I2C_MasterRequestWrite  0x0800db4b    0x96  Code  Lc  stm32l1xx_hal_i2c.o [1]
I2C_MasterTransmit_BTF  0x0800d8c7    0x5c  Code  Lc  stm32l1xx_hal_i2c.o [1]
I2C_MasterTransmit_TXE  0x0800d89b    0x2c  Code  Lc  stm32l1xx_hal_i2c.o [1]
I2C_SlaveReceive_BTF    0x0800da9f    0x1e  Code  Lc  stm32l1xx_hal_i2c.o [1]
I2C_SlaveReceive_RXNE   0x0800da81    0x1e  Code  Lc  stm32l1xx_hal_i2c.o [1]
I2C_SlaveTransmit_BTF   0x0800da63    0x1e  Code  Lc  stm32l1xx_hal_i2c.o [1]
I2C_SlaveTransmit_TXE   0x0800da45    0x1e  Code  Lc  stm32l1xx_hal_i2c.o [1]
I2C_Slave_ADDR          0x0800dabd    0x18  Code  Lc  stm32l1xx_hal_i2c.o [1]
I2C_Slave_AF            0x0800db17    0x34  Code  Lc  stm32l1xx_hal_i2c.o [1]
I2C_Slave_STOPF         0x0800dad5    0x42  Code  Lc  stm32l1xx_hal_i2c.o [1]
I2C_WaitBusyFlag        0x080090f1    0x12  Code  Gb  i2c.o [1]
I2C_WaitOnFlagUntilTimeout
[...]
Timr3Ready              0x20003672     0x1  Data  Gb  tim.o [1]
TmpData                 0x20002710   0x248  Data  Gb  app_data.o [1]
Tst_Bypass              0x08002ed7     0x6  Code  Gb  parser.o [1]
Tst_HeartBeat           0x08005231     0x6  Code  Gb  app_data.o [1]
UART_EndTransmit_IT     0x08009dd3    0x32  Code  Lc  stm32l1xx_hal_uart.o [1]
UART_Receive_IT         0x08009e05    0xc8  Code  Lc  stm32l1xx_hal_uart.o [1]
UART_SetConfig          0x08009ecd   0x2fe  Code  Lc  stm32l1xx_hal_uart.o [1]
UART_Transmit_IT        0x08009d57    0x7c  Code  Lc  stm32l1xx_hal_uart.o [1]
UART_WaitOnFlagUntilTimeout
                        0x08009c69    0xee  Code  Lc  stm32l1xx_hal_uart.o [1]
USART2_IRQHandler       0x080155e9     0xa  Code  Gb  stm32l1xx_it.o [1]
USART3_IRQHandler       0x080155df     0xa  Code  Gb  stm32l1xx_it.o [1]
USART_ReceiveData       0x08003b27     0xa  Code  Gb  bgm111.o [1]
USART_SendData          0x08003b1b     0xc  Code  Gb  bgm111.o [1]
USBD_ClrClassConfig     0x080148d3    0x18  Code  Gb  usbd_core.o [1]
USBD_ClrFeature         0x080150f7    0x3a  Code  Lc  usbd_ctlreq.o [1]
USBD_CtlContinueRx      0x080151b3    0x1a  Code  Gb  usbd_ioreq.o [1]
USBD_CtlContinueSendData
                        0x08015199    0x1a  Code  Gb  usbd_ioreq.o [1]
USBD_CtlError           0x08015159    0x18  Code  Gb  usbd_ctlreq.o [1]
USBD_CtlReceiveStatus   0x080151e7    0x1a  Code  Gb  usbd_ioreq.o [1]
USBD_CtlSendData        0x08015171    0x28  Code  Gb  usbd_ioreq.o [1]
USBD_CtlSendStatus      0x080151cd    0x1a  Code  Gb  usbd_ioreq.o [1]
USBD_GetConfig          0x08015049    0x4c  Code  Lc  usbd_ctlreq.o [1]
USBD_GetDescriptor      0x08014da5   0x164  Code  Lc  usbd_ctlreq.o [1]
USBD_GetStatus          0x08015095    0x3c  Code  Lc  usbd_ctlreq.o [1]
USBD_LL_ClearStallEP    0x08014801    0x16  Code  Gb  usbd_conf.o [1]
USBD_LL_DataInStage     0x080149f3    0xe2  Code  Gb  usbd_core.o [1]
USBD_LL_DataOutStage    0x08014963    0x90  Code  Gb  usbd_core.o [1]
USBD_LL_IsStallEP       0x08014817    0x30  Code  Gb  usbd_conf.o [1]
USBD_LL_OpenEP          0x080147c9    0x22  Code  Gb  usbd_conf.o [1]
USBD_LL_PrepareReceive  0x0801487d    0x20  Code  Gb  usbd_conf.o [1]
USBD_LL_Reset           0x08014ad5    0x46  Code  Gb  usbd_core.o [1]
USBD_LL_Resume          0x08014b37     0xe  Code  Gb  usbd_core.o [1]
USBD_LL_SOF             0x08014b45    0x24  Code  Gb  usbd_core.o [1]
USBD_LL_SetSpeed        0x08014b1b     0x8  Code  Gb  usbd_core.o [1]
USBD_LL_SetUSBAddress   0x08014847    0x16  Code  Gb  usbd_conf.o [1]
USBD_LL_SetupStage      0x080148eb    0x78  Code  Gb  usbd_core.o [1]
USBD_LL_StallEP         0x080147eb    0x16  Code  Gb  usbd_conf.o [1]
USBD_LL_Suspend         0x08014b23    0x14  Code  Gb  usbd_core.o [1]
USBD_LL_Transmit        0x0801485d    0x20  Code  Gb  usbd_conf.o [1]
USBD_ParseSetupRequest  0x08015131    0x28  Code  Gb  usbd_ctlreq.o [1]
USBD_RunTestMode        0x080148a1     0x6  Code  Gb  usbd_core.o [1]
USBD_SetAddress         0x08014f09    0x60  Code  Lc  usbd_ctlreq.o [1]
USBD_SetClassConfig     0x080148a7    0x2c  Code  Gb  usbd_core.o [1]
USBD_SetConfig          0x08014f69    0xda  Code  Lc  usbd_ctlreq.o [1]
USBD_SetConfig::cfgidx  0x20003676     0x1  Data  Lc  usbd_ctlreq.o [1]
USBD_SetFeature         0x080150d1    0x26  Code  Lc  usbd_ctlreq.o [1]
USBD_StdDevReq          0x08014b69    0x7c  Code  Gb  usbd_ctlreq.o [1]
USBD_StdEPReq           0x08014c31   0x174  Code  Gb  usbd_ctlreq.o [1]
USBD_StdItfReq          0x08014be5    0x4c  Code  Gb  usbd_ctlreq.o [1]
USB_LP_IRQHandler       0x080155cb     0xa  Code  Gb  stm32l1xx_it.o [1]
Uart2Ready              0x20003673     0x1  Data  Gb  usart.o [1]
Uart3Ready              0x20003674     0x1  Data  Gb  usart.o [1]
WWDG_IRQHandler         0x080096c5     0xa  Code  Gb  wwdg.o [1]
_EncodingSb_Mbtowc      0x08012e4b    0x30  Code  Gb  xencoding_sb.o [3]
_EncodingSb_Mbtowc::initial
                        0x08012e88     0x8  Data  Lc  xencoding_sb.o [3]
_EncodingSb_Wctomb      0x08012e31    0x1a  Code  Gb  xencoding_sb.o [3]
_EncodingSb_Wctomb::initial
                        0x08012e80     0x8  Data  Lc  xencoding_sb.o [3]
_GenldFull              0x0800c51d   0x254  Code  Lc  xprintffull.o [3]
_GetN                   0x0800df49    0x22  Code  Lc  xscanffull.o [3]
_GetfldFull             0x0800e16d   0x10a  Code  Lc  xscanffull.o [3]
_GetfloatFull           0x0800e72b   0x4e8  Code  Lc  xscanffull.o [3]
_GetintFull             0x0800e533   0x1f2  Code  Lc  xscanffull.o [3]
_GetstrFull             0x0800e279   0x2b4  Code  Lc  xscanffull.o [3]
_IsdstStr               0x200000dc     0x4  Data  Gb  setlocale.o [3]
_LdtobFull              0x0800c111   0x406  Code  Lc  xprintffull.o [3]
_LitobFull              0x0800c007   0x10a  Code  Lc  xprintffull.o [3]
_LocaleC_isalpha        0x08012ec1    0x16  Code  Gb  xlocale_c.o [3]
_LocaleC_isspace        0x08012ed7    0x14  Code  Gb  xlocale_c.o [3]
_LocaleC_tolower        0x08013615     0xc  Code  Gb  xlocale_c.o [3]
_LocaleEncoding         0x08012e1d     0xe  Code  Gb  setlocale.o [3]
_LocaleForCat           0x08012e09    0x14  Code  Gb  setlocale.o [3]
_LocaleReturnString     0x200000fc    0x50  Data  Lc  setlocale.o [3]
_Locale_Profile         0x200000e0    0x1c  Data  Gb  setlocale.o [3]
_Locale_aeabi_lconv     0x2000009c    0x38  Data  Gb  localeconv.o [3]
_Locale_lconv           0x2000004c    0x50  Data  Gb  localeconv.o [3]
_Mbtowc                 0x0801177d    0x20  Code  Gb  xmbtowc.o [3]
_PrintfFull             0x0800b61d   0x658  Code  Gb  xprintffull.o [3]
_PutcharsFull           0x0800c771    0x2e  Code  Lc  xprintffull.o [3]
_PutstrFull             0x0800bcfb   0x306  Code  Lc  xprintffull.o [3]
_SProut                 0x08009317     0xa  Code  Gb  xsprout.o [3]
_SScin                  0x0800300f    0x1e  Code  Gb  xsscin.o [3]
_ScanfFull              0x0800df85   0x1e2  Code  Gb  xscanffull.o [3]
_Stoflt                 0x0801300d   0x1d0  Code  Gb  xstoflt.o [3]
_Stopfx                 0x08012eeb   0x122  Code  Gb  xstopfx.o [3]
_Stoxflt                0x080133e1   0x1fa  Code  Gb  xstoxflt.o [3]
_Stoxflt::digits        0x080135e4    0x18  Data  Lc  xstoxflt.o [3]
_Stoxflt::vals          0x080135fc    0x18  Data  Lc  xstoxflt.o [3]
_TzoneStr               0x200000d8     0x4  Data  Gb  setlocale.o [3]
_UngetN                 0x0800df6b    0x1a  Code  Lc  xscanffull.o [3]
_Wctomb                 0x080118c9    0x1a  Code  Gb  xwctomb.o [3]
__aeabi_cdcmpeq         0x08013621          Code  Gb  DblCmpEq.o [4]
__aeabi_cdcmple         0x08011b11          Code  Gb  DblCmpLe.o [4]
__aeabi_cdrcmple        0x08011b41          Code  Gb  DblCmpGe.o [4]
__aeabi_cfrcmple        0x0800cf0d          Code  Gb  FltCmpGe.o [4]
__aeabi_d2f             0x0800b549          Code  Gb  DblToFlt.o [4]
__aeabi_d2iz            0x0800cba9          Code  Gb  DblToI32.o [4]
__aeabi_d2uiz           0x0800cbd5          Code  Gb  DblToI32.o [4]
__aeabi_dadd            0x0800ccb9          Code  Gb  DblAdd.o [4]
__aeabi_ddiv            0x08011dfd          Code  Gb  DblDiv.o [4]
__aeabi_dmul            0x0800ca05          Code  Gb  DblMul.o [4]
__aeabi_dsub            0x08011c7d          Code  Gb  DblSub.o [4]
__aeabi_errno_addr      0x080129b5     0x6  Code  Gb  errno.o [3]
__aeabi_f2d             0x0800929d          Code  Gb  FltToDbl.o [4]
__aeabi_f2iz            0x0800b5d9          Code  Gb  FltToS32.o [4]
__aeabi_fadd            0x0800b3d5          Code  Gb  FltAdd.o [4]
__aeabi_fdiv            0x080097ed          Code  Gb  FltDiv.o [4]
__aeabi_fmul            0x0800b2fd          Code  Gb  FltMul.o [4]
__aeabi_i2d             0x0800cedd          Code  Gb  I32ToDbl.o [4]
__aeabi_i2f             0x080097b9          Code  Gb  I32ToFlt.o [4]
__aeabi_ldiv0           0x08012ebd          Code  Gb  I64DivZer.o [5]
__aeabi_ui2d            0x0800cef1          Code  Gb  I32ToDbl.o [4]
__aeabi_ui2f            0x080097cd          Code  Gb  I32ToFlt.o [4]
__aeabi_uldivmod        0x080119dd          Code  Gb  I64DivMod.o [5]
__cmain                 0x08016cfd          Code  Gb  cmain.o [5]
__data_Aldata           0x20003608     0x8  Data  Gb  xxmemxmalloc.o [3]
__data_GetMemChunk      0x08012e91    0x2c  Code  Gb  xgetmemchunk.o [3]
__data_GetMemChunk::start
                        0x20003664     0x4  Data  Lc  xgetmemchunk.o [3]
__exit                  0x08016d2d    0x14  Code  Gb  exit.o [6]
__iar_Dint              0x08012257    0x7a  Code  Gb  xdint.o [4]
__iar_Dnorm             0x08011acb    0x44  Code  Gb  xdnorm.o [4]
__iar_Dscale            0x08011b71   0x10c  Code  Gb  xdscale.o [4]
__iar_Dtentox           0x08013233   0x14e  Code  Gb  xdtento.o [4]
__iar_Dunscale          0x08013641    0x52  Code  Gb  xdunscal.o [4]
__iar_Errno             0x200000d4     0x4  Data  Gb  errno.o [3]
__iar_Locale_lconv_init
                        0x08012055    0x3a  Code  Gb  localeconv.o [3]
__iar_Mbcurmax          0x0801180d     0xa  Code  Gb  xmbcurmax.o [3]
__iar_Memchr            0x080117b5          Code  Gb  memchr.o [5]
__iar_Memset_word       0x080121f9          Code  Gb  ABImemset.o [5]
__iar_Stold             0x080126d9     0x4  Code  Gb  xstold.o [4]
__iar_Stoldx            0x08012591   0x13c  Code  Gb  xstold.o [4]
__iar_Stoll             0x080123db     0x4  Code  Gb  xstoll.o [3]
__iar_Stollx            0x08012339    0xa2  Code  Gb  xstoll.o [3]
__iar_Stoul             0x0800eed5     0x4  Code  Gb  xstoul.o [3]
__iar_Stoull            0x0801253d     0x4  Code  Gb  xstoull.o [3]
__iar_Stoullx           0x080123e1   0x156  Code  Gb  xstoull.o [3]
__iar_Stoulx            0x0800ed91   0x13e  Code  Gb  xstoul.o [3]
__iar_Strchr            0x0801179d          Code  Gb  strchr.o [5]
__iar_Wctob             0x080122d1    0x36  Code  Gb  xwctob.o [3]
__iar_ceil              0x08012875          Code  Gb  ceil.o [4]
__iar_ceill             0x08012875          Code  Gb  ceil.o [4]
__iar_d2uiz             0x0800cbe1          Code  Gb  DblToI32.o [4]
__iar_dadd              0x0800cccd          Code  Gb  DblAdd.o [4]
__iar_data_init3        0x080166d9    0x28  Code  Gb  data_init.o [5]
__iar_dlib_perthread_access
                        0x08012ebf     0x2  Code  Gb  xtls.o [3]
__iar_dsub              0x08011c91          Code  Gb  DblSub.o [4]
__iar_dsubStart         0x08011ca3          Code  Gb  DblSub.o [4]
__iar_edom              0x08011771          Code  Gb  iarEdom.o [5]
__iar_fadd              0x0800b3e5          Code  Gb  FltAdd.o [4]
__iar_fsub              0x08011699          Code  Gb  FltSub.o [4]
__iar_fsubStart         0x080116a9          Code  Gb  FltSub.o [4]
__iar_modf              0x0800cc11          Code  Gb  modf.o [4]
__iar_modfl             0x0800cc11          Code  Gb  modf.o [4]
__iar_packbits_init_single3
                        0x08015d39    0x38  Code  Gb  packbits_init_single.o [5]
__iar_program_start     0x0801786d          Code  Gb  cstartup_M.o [5]
__iar_sqrt              0x0800b459          Code  Gb  sqrt.o [4]
__iar_ui2d              0x0800cef5          Code  Gb  I32ToDbl.o [4]
__iar_ui2f              0x080097d1          Code  Gb  I32ToFlt.o [4]
__iar_unaligned___aeabi_memcpy
                        0x080118e5          Code  Gb  ABImemcpy_unaligned.o [5]
__iar_unaligned___aeabi_memcpy4
                        0x08011905          Code  Gb  ABImemcpy_unaligned.o [5]
__iar_unaligned___aeabi_memcpy8
                        0x08011905          Code  Gb  ABImemcpy_unaligned.o [5]
__iar_unaligned_strcmp  0x0800cda1          Code  Gb  strcmp_unaligned.o [5]
__iar_unaligned_strcpy  0x0800302d          Code  Gb  strcpy_unaligned.o [5]
__iar_unaligned_strncpy
                        0x0800ce2d          Code  Gb  strncpy_unaligned.o [5]
__iar_zero_init3        0x08015af1    0x40  Code  Gb  zero_init3.o [5]
__low_level_init        0x08016d17     0x4  Code  Gb  low_level_init.o [3]
__vector_table          0x08000000          Data  Gb  startup_stm32l152xe.o [1]
_call_main              0x08016d09          Code  Gb  cmain.o [5]
_exit                   0x08016d21          Code  Gb  cexit.o [5]
_gecko_cmd_msg          0x200030b4    0x84  Data  Gb  bgm111.o [1]
_gecko_rsp_msg          0x20003138    0x84  Data  Gb  bgm111.o [1]
_main                   0x08016d13          Code  Gb  cmain.o [5]
aPLLDivisionFactorTable
                        0x08017b20     0x4  Data  Gb  stm32l1xx_hal_rcc.o [1]
aPLLMULFactorTable      0x08017860     0xc  Data  Gb  stm32l1xx_hal_rcc.o [1]
adcActive               0x2000366d     0x1  Data  Gb  adc.o [1]
analytics               0x20003600     0x8  Data  Lc  app_data.o [1]
atoi                    0x0800961b     0x8  Code  Gb  atoi.o [3]
bffr1Flag               0x20003675     0x1  Data  Lc  usart.o [1]
bglib_input             0x20003614     0x4  Data  Gb  bgm111.o [1]
bglib_output            0x20003610     0x4  Data  Gb  bgm111.o [1]
bglib_peek              0x20003618     0x4  Data  Gb  bgm111.o [1]
bgm1data                0x20003554    0x28  Data  Lc  usart.o [1]
ble                     0x20002dc0   0x1a0  Data  Lc  bgm111.o [1]
blemsgs                 0x200020c8   0x324  Data  Lc  bgm111.o [1]
ceil                    0x08012875          Code  Gb  ceil.o [4]
ceill                   0x08012875          Code  Gb  ceil.o [4]
clrUsartState           0x080033df    0x1c  Code  Gb  usart.o [1]
connection_cnt          0x20003668     0x2  Data  Lc  app_data.o [1]
data                    0x20002958   0x248  Data  Gb  app_data.o [1]
delay_1ms               0x0800ae85     0xe  Code  Gb  ErrorCodes.o [1]
digits                  0x0800eed8    0x28  Data  Lc  xstoul.o [3]
digits                  0x08012540    0x28  Data  Lc  xstoull.o [3]
div                     0x080120c1     0xe  Code  Gb  div.o [3]
dmul                    0x080131e1    0x52  Code  Lc  xdtento.o [4]
driver_list             0x200035e8     0xc  Data  Lc  app_data.o [1]
errStruct               0x200023ec   0x324  Data  Lc  ErrorCodes.o [1]
exit                    0x08016d1b     0x4  Code  Gb  exit.o [3]
fi                      0x2000323c    0x80  Data  Lc  Rd_Sound.o [1]
fix_fft                 0x0800b151   0x1ac  Code  Gb  fix_fft.o [1]
fr                      0x200031bc    0x80  Data  Lc  Rd_Sound.o [1]
free                    0x0801195d    0x7a  Code  Gb  xxmemxfree.o [3]
fs                      0x200032bc    0x80  Data  Lc  Rd_Sound.o [1]
gecko_cmd_le_gap_set_mode
                        0x0800352d    0x40  Code  Lc  bgm111.o [1]
gecko_cmd_msg           0x2000000c     0x4  Data  Gb  bgm111.o [1]
gecko_get_event         0x0800ac81    0x5e  Code  Gb  gecko_bglib.o [1]
gecko_handle_command    0x0800ad03    0x30  Code  Gb  gecko_bglib.o [1]
gecko_peek_event        0x0800acdf     0xa  Code  Gb  gecko_bglib.o [1]
gecko_queue             0x20001150   0xf78  Data  Gb  bgm111.o [1]
gecko_queue_r           0x20003620     0x4  Data  Gb  bgm111.o [1]
gecko_queue_w           0x2000361c     0x4  Data  Gb  bgm111.o [1]
gecko_rsp_msg           0x20000010     0x4  Data  Gb  bgm111.o [1]
gecko_wait_message      0x0800aba5    0xdc  Code  Gb  gecko_bglib.o [1]
gecko_wait_response     0x0800ace9    0x1a  Code  Gb  gecko_bglib.o [1]
hadc                    0x2000333c    0x54  Data  Gb  adc.o [1]
hatoi                   0x08002e7f    0x58  Code  Gb  parser.o [1]
hdma_adc                0x2000344c    0x38  Data  Gb  adc.o [1]
hi2c1                   0x20003410    0x3c  Data  Gb  i2c.o [1]
hpcd_USB_FS             0x20002ba0   0x220  Data  Gb  usbd_conf.o [1]
htim2                   0x200034bc    0x38  Data  Gb  tim.o [1]
htim3                   0x200034f4    0x38  Data  Gb  tim.o [1]
htim4                   0x20003484    0x38  Data  Gb  stm32l1xx_hal_timebase_TIM.o [1]
huart2                  0x20003390    0x40  Data  Gb  usart.o [1]
huart3                  0x200033d0    0x40  Data  Gb  usart.o [1]
hwwdg                   0x200035c8    0x14  Data  Gb  wwdg.o [1]
isHexNum                0x08002e35    0x4a  Code  Gb  parser.o [1]
isalpha                 0x08012311    0x14  Code  Gb  isxxx.o [3]
isdigit                 0x08009611     0xa  Code  Gb  isdigit.o [3]
isspace                 0x08012325    0x14  Code  Gb  isxxx.o [3]
ledOffCnt               0x20000044     0x4  Data  Lc  tim.o [1]
localeconv              0x0801208f    0x16  Code  Gb  localeconv.o [3]
main                    0x0800a1d5   0x548  Code  Gb  main.o [1]
malloc                  0x08011819    0xac  Code  Gb  xxmemxmalloc.o [3]
memchr                  0x080117b5          Code  Gb  memchr.o [5]
modf                    0x0800cc01          Code  Gb  modf.o [4]
modfl                   0x0800cc01          Code  Gb  modf.o [4]
ndigs                   0x0800ef00    0x28  Data  Lc  xstoul.o [3]
ndigs                   0x08012568    0x28  Data  Lc  xstoull.o [3]
osSystickHandler        0x0801563d    0x10  Code  Gb  cmsis_os.o [1]
pFlash                  0x20003598    0x18  Data  Gb  stm32l1xx_hal_flash.o [1]
pows                    0x08013398    0x48  Data  Lc  xdtento.o [4]
prvResetNextTaskUnblockTime
                        0x080153b5    0x28  Code  Lc  tasks.o [1]
pxCurrentTCB            0x2000362c     0x4  Data  Gb  tasks.o [1]
pxDelayedTaskList       0x20003630     0x4  Data  Lc  tasks.o [1]
pxOverflowDelayedTaskList
                        0x20003634     0x4  Data  Lc  tasks.o [1]
pxReadyTasksLists       0x20003028    0x8c  Data  Lc  tasks.o [1]
round                   0x0800ce99    0x44  Code  Gb  round.o [4]
sConfig                 0x200035dc     0xc  Data  Gb  adc.o [1]
saveLen                 0x20000048     0x4  Data  Lc  usart.o [1]
sprintf                 0x08003ffd    0x34  Code  Gb  sprintf.o [3]
sqrt                    0x0800b459          Code  Gb  sqrt.o [4]
sqrtl                   0x0800b459          Code  Gb  sqrt.o [4]
sscanf                  0x08009279    0x24  Code  Gb  sscanf.o [3]
strcat                  0x08004031    0x1c  Code  Gb  strcat.o [3]
strchr                  0x0801179d          Code  Gb  strchr.o [5]
strlen                  0x08002fd9          Code  Gb  strlen.o [5]
strncmp                 0x080092eb    0x2c  Code  Gb  strncmp.o [3]
tolower                 0x080129a1    0x14  Code  Gb  tolower.o [3]
ubSequenceCompleted     0x2000366c     0x1  Data  Gb  adc.o [1]
ulPortSetInterruptMask  0x08015463          Code  Gb  portasm.o [1]
uwTick                  0x20003628     0x4  Data  Lc  stm32l1xx_hal.o [1]
uxListRemove            0x080154d1    0x28  Code  Gb  list.o [1]
uxPendedTicks           0x20003644     0x4  Data  Lc  tasks.o [1]
uxSchedulerSuspended    0x20003654     0x4  Data  Lc  tasks.o [1]
uxTopReadyPriority      0x2000363c     0x4  Data  Lc  tasks.o [1]
vListInsertEnd          0x080154b9    0x18  Code  Gb  list.o [1]
vPortClearInterruptMask
                        0x08015471          Code  Gb  portasm.o [1]
vPortStartFirstTask     0x08015497          Code  Gb  portasm.o [1]
vTaskSwitchContext      0x08015335    0x6c  Code  Gb  tasks.o [1]
wwdg_HardFrames         0x08070000    0x18  Data  Gb  wwdg.o [1]
wwdg_Save               0x20003660     0x4  Data  Lc  wwdg.o [1]
xNextTaskUnblockTime    0x20003650     0x4  Data  Lc  tasks.o [1]
xNumOfOverflows         0x2000364c     0x4  Data  Lc  tasks.o [1]
xPortSysTickHandler     0x0801564d    0x1e  Code  Gb  port.o [1]
xSchedulerRunning       0x20003640     0x4  Data  Lc  tasks.o [1]
xTaskGetSchedulerState  0x080153dd    0x26  Code  Gb  tasks.o [1]
xTaskIncrementTick      0x08015201   0x134  Code  Gb  tasks.o [1]
xTickCount              0x20003638     0x4  Data  Lc  tasks.o [1]
xYieldPending           0x20003648     0x4  Data  Lc  tasks.o [1]


[1] = D:\GoogleDriveCLT\GoogleDrive\WeatherCloud\Roadboard\Software\Road-Board-December-2016N8\EWARM\Road Brd MSTR Rev L Long Always\Obj
[2] = command line
[3] = dl7M_tlf.a
[4] = m7M_tl.a
[5] = rt7M_tl.a
[6] = shb_l.a

  88 028 bytes of readonly  code memory
   9 316 bytes of readonly  data memory
  13 940 bytes of readwrite data memory (+ 224 absolute)

Errors: none
Warnings: none
