###############################################################################
#
# IAR ELF Linker V7.60.2.11341/W32 for ARM                08/Aug/2017  10:54:05
# Copyright 2007-2016 IAR Systems AB.
#
#    Output file  =  
#        D:\GoogleDriveCLT\GoogleDrive\WeatherCloud\Roadboard\Software\Road-Board-December-2016N8\EWARM\Road
#        Brd MSTR Rev L Long Always\Exe\Road Board Rev K NUCLEO V1.1 Jul 12
#        2016.out
#    Map file     =  
#        D:\GoogleDriveCLT\GoogleDrive\WeatherCloud\Roadboard\Software\Road-Board-December-2016N8\EWARM\Road
#        Brd MSTR Rev L Long Always\List\Road Board Rev K NUCLEO V1.1 Jul 12
#        2016.map
#    Command line =  
#        "D:\GoogleDriveCLT\GoogleDrive\WeatherCloud\Roadboard\Software\Road-Board-December-2016N8\EWARM\Road
#        Brd MSTR Rev L Long Always\Obj\adc.o"
#        "D:\GoogleDriveCLT\GoogleDrive\WeatherCloud\Roadboard\Software\Road-Board-December-2016N8\EWARM\Road
#        Brd MSTR Rev L Long Always\Obj\app_data.o"
#        "D:\GoogleDriveCLT\GoogleDrive\WeatherCloud\Roadboard\Software\Road-Board-December-2016N8\EWARM\Road
#        Brd MSTR Rev L Long Always\Obj\barometer.o"
#        "D:\GoogleDriveCLT\GoogleDrive\WeatherCloud\Roadboard\Software\Road-Board-December-2016N8\EWARM\Road
#        Brd MSTR Rev L Long Always\Obj\bgm111.o"
#        "D:\GoogleDriveCLT\GoogleDrive\WeatherCloud\Roadboard\Software\Road-Board-December-2016N8\EWARM\Road
#        Brd MSTR Rev L Long Always\Obj\Calibration.o"
#        "D:\GoogleDriveCLT\GoogleDrive\WeatherCloud\Roadboard\Software\Road-Board-December-2016N8\EWARM\Road
#        Brd MSTR Rev L Long Always\Obj\cmsis_os.o"
#        "D:\GoogleDriveCLT\GoogleDrive\WeatherCloud\Roadboard\Software\Road-Board-December-2016N8\EWARM\Road
#        Brd MSTR Rev L Long Always\Obj\croutine.o"
#        "D:\GoogleDriveCLT\GoogleDrive\WeatherCloud\Roadboard\Software\Road-Board-December-2016N8\EWARM\Road
#        Brd MSTR Rev L Long Always\Obj\dma.o"
#        "D:\GoogleDriveCLT\GoogleDrive\WeatherCloud\Roadboard\Software\Road-Board-December-2016N8\EWARM\Road
#        Brd MSTR Rev L Long Always\Obj\ErrorCodes.o"
#        "D:\GoogleDriveCLT\GoogleDrive\WeatherCloud\Roadboard\Software\Road-Board-December-2016N8\EWARM\Road
#        Brd MSTR Rev L Long Always\Obj\event_groups.o"
#        "D:\GoogleDriveCLT\GoogleDrive\WeatherCloud\Roadboard\Software\Road-Board-December-2016N8\EWARM\Road
#        Brd MSTR Rev L Long Always\Obj\fix_fft.o"
#        "D:\GoogleDriveCLT\GoogleDrive\WeatherCloud\Roadboard\Software\Road-Board-December-2016N8\EWARM\Road
#        Brd MSTR Rev L Long Always\Obj\Flash.o"
#        "D:\GoogleDriveCLT\GoogleDrive\WeatherCloud\Roadboard\Software\Road-Board-December-2016N8\EWARM\Road
#        Brd MSTR Rev L Long Always\Obj\freertos.o"
#        "D:\GoogleDriveCLT\GoogleDrive\WeatherCloud\Roadboard\Software\Road-Board-December-2016N8\EWARM\Road
#        Brd MSTR Rev L Long Always\Obj\gecko_bglib.o"
#        "D:\GoogleDriveCLT\GoogleDrive\WeatherCloud\Roadboard\Software\Road-Board-December-2016N8\EWARM\Road
#        Brd MSTR Rev L Long Always\Obj\gpio.o"
#        "D:\GoogleDriveCLT\GoogleDrive\WeatherCloud\Roadboard\Software\Road-Board-December-2016N8\EWARM\Road
#        Brd MSTR Rev L Long Always\Obj\GridEye.o"
#        "D:\GoogleDriveCLT\GoogleDrive\WeatherCloud\Roadboard\Software\Road-Board-December-2016N8\EWARM\Road
#        Brd MSTR Rev L Long Always\Obj\heap_4.o"
#        "D:\GoogleDriveCLT\GoogleDrive\WeatherCloud\Roadboard\Software\Road-Board-December-2016N8\EWARM\Road
#        Brd MSTR Rev L Long Always\Obj\Humidity.o"
#        "D:\GoogleDriveCLT\GoogleDrive\WeatherCloud\Roadboard\Software\Road-Board-December-2016N8\EWARM\Road
#        Brd MSTR Rev L Long Always\Obj\i2c.o"
#        "D:\GoogleDriveCLT\GoogleDrive\WeatherCloud\Roadboard\Software\Road-Board-December-2016N8\EWARM\Road
#        Brd MSTR Rev L Long Always\Obj\list.o"
#        "D:\GoogleDriveCLT\GoogleDrive\WeatherCloud\Roadboard\Software\Road-Board-December-2016N8\EWARM\Road
#        Brd MSTR Rev L Long Always\Obj\lps25hb.o"
#        "D:\GoogleDriveCLT\GoogleDrive\WeatherCloud\Roadboard\Software\Road-Board-December-2016N8\EWARM\Road
#        Brd MSTR Rev L Long Always\Obj\main.o"
#        "D:\GoogleDriveCLT\GoogleDrive\WeatherCloud\Roadboard\Software\Road-Board-December-2016N8\EWARM\Road
#        Brd MSTR Rev L Long Always\Obj\parser.o"
#        "D:\GoogleDriveCLT\GoogleDrive\WeatherCloud\Roadboard\Software\Road-Board-December-2016N8\EWARM\Road
#        Brd MSTR Rev L Long Always\Obj\port.o"
#        "D:\GoogleDriveCLT\GoogleDrive\WeatherCloud\Roadboard\Software\Road-Board-December-2016N8\EWARM\Road
#        Brd MSTR Rev L Long Always\Obj\portasm.o"
#        "D:\GoogleDriveCLT\GoogleDrive\WeatherCloud\Roadboard\Software\Road-Board-December-2016N8\EWARM\Road
#        Brd MSTR Rev L Long Always\Obj\queue.o"
#        "D:\GoogleDriveCLT\GoogleDrive\WeatherCloud\Roadboard\Software\Road-Board-December-2016N8\EWARM\Road
#        Brd MSTR Rev L Long Always\Obj\Rd_Sound.o"
#        "D:\GoogleDriveCLT\GoogleDrive\WeatherCloud\Roadboard\Software\Road-Board-December-2016N8\EWARM\Road
#        Brd MSTR Rev L Long Always\Obj\RGBLight.o"
#        "D:\GoogleDriveCLT\GoogleDrive\WeatherCloud\Roadboard\Software\Road-Board-December-2016N8\EWARM\Road
#        Brd MSTR Rev L Long Always\Obj\startup_stm32l152xe.o"
#        "D:\GoogleDriveCLT\GoogleDrive\WeatherCloud\Roadboard\Software\Road-Board-December-2016N8\EWARM\Road
#        Brd MSTR Rev L Long Always\Obj\stm32l1xx_hal.o"
#        "D:\GoogleDriveCLT\GoogleDrive\WeatherCloud\Roadboard\Software\Road-Board-December-2016N8\EWARM\Road
#        Brd MSTR Rev L Long Always\Obj\stm32l1xx_hal_adc.o"
#        "D:\GoogleDriveCLT\GoogleDrive\WeatherCloud\Roadboard\Software\Road-Board-December-2016N8\EWARM\Road
#        Brd MSTR Rev L Long Always\Obj\stm32l1xx_hal_adc_ex.o"
#        "D:\GoogleDriveCLT\GoogleDrive\WeatherCloud\Roadboard\Software\Road-Board-December-2016N8\EWARM\Road
#        Brd MSTR Rev L Long Always\Obj\stm32l1xx_hal_cortex.o"
#        "D:\GoogleDriveCLT\GoogleDrive\WeatherCloud\Roadboard\Software\Road-Board-December-2016N8\EWARM\Road
#        Brd MSTR Rev L Long Always\Obj\stm32l1xx_hal_dma.o"
#        "D:\GoogleDriveCLT\GoogleDrive\WeatherCloud\Roadboard\Software\Road-Board-December-2016N8\EWARM\Road
#        Brd MSTR Rev L Long Always\Obj\stm32l1xx_hal_flash.o"
#        "D:\GoogleDriveCLT\GoogleDrive\WeatherCloud\Roadboard\Software\Road-Board-December-2016N8\EWARM\Road
#        Brd MSTR Rev L Long Always\Obj\stm32l1xx_hal_flash_ex.o"
#        "D:\GoogleDriveCLT\GoogleDrive\WeatherCloud\Roadboard\Software\Road-Board-December-2016N8\EWARM\Road
#        Brd MSTR Rev L Long Always\Obj\stm32l1xx_hal_flash_ramfunc.o"
#        "D:\GoogleDriveCLT\GoogleDrive\WeatherCloud\Roadboard\Software\Road-Board-December-2016N8\EWARM\Road
#        Brd MSTR Rev L Long Always\Obj\stm32l1xx_hal_gpio.o"
#        "D:\GoogleDriveCLT\GoogleDrive\WeatherCloud\Roadboard\Software\Road-Board-December-2016N8\EWARM\Road
#        Brd MSTR Rev L Long Always\Obj\stm32l1xx_hal_i2c.o"
#        "D:\GoogleDriveCLT\GoogleDrive\WeatherCloud\Roadboard\Software\Road-Board-December-2016N8\EWARM\Road
#        Brd MSTR Rev L Long Always\Obj\stm32l1xx_hal_msp.o"
#        "D:\GoogleDriveCLT\GoogleDrive\WeatherCloud\Roadboard\Software\Road-Board-December-2016N8\EWARM\Road
#        Brd MSTR Rev L Long Always\Obj\stm32l1xx_hal_pcd.o"
#        "D:\GoogleDriveCLT\GoogleDrive\WeatherCloud\Roadboard\Software\Road-Board-December-2016N8\EWARM\Road
#        Brd MSTR Rev L Long Always\Obj\stm32l1xx_hal_pcd_ex.o"
#        "D:\GoogleDriveCLT\GoogleDrive\WeatherCloud\Roadboard\Software\Road-Board-December-2016N8\EWARM\Road
#        Brd MSTR Rev L Long Always\Obj\stm32l1xx_hal_pwr.o"
#        "D:\GoogleDriveCLT\GoogleDrive\WeatherCloud\Roadboard\Software\Road-Board-December-2016N8\EWARM\Road
#        Brd MSTR Rev L Long Always\Obj\stm32l1xx_hal_pwr_ex.o"
#        "D:\GoogleDriveCLT\GoogleDrive\WeatherCloud\Roadboard\Software\Road-Board-December-2016N8\EWARM\Road
#        Brd MSTR Rev L Long Always\Obj\stm32l1xx_hal_rcc.o"
#        "D:\GoogleDriveCLT\GoogleDrive\WeatherCloud\Roadboard\Software\Road-Board-December-2016N8\EWARM\Road
#        Brd MSTR Rev L Long Always\Obj\stm32l1xx_hal_rcc_ex.o"
#        "D:\GoogleDriveCLT\GoogleDrive\WeatherCloud\Roadboard\Software\Road-Board-December-2016N8\EWARM\Road
#        Brd MSTR Rev L Long Always\Obj\stm32l1xx_hal_tim.o"
#        "D:\GoogleDriveCLT\GoogleDrive\WeatherCloud\Roadboard\Software\Road-Board-December-2016N8\EWARM\Road
#        Brd MSTR Rev L Long Always\Obj\stm32l1xx_hal_tim_ex.o"
#        "D:\GoogleDriveCLT\GoogleDrive\WeatherCloud\Roadboard\Software\Road-Board-December-2016N8\EWARM\Road
#        Brd MSTR Rev L Long Always\Obj\stm32l1xx_hal_timebase_TIM.o"
#        "D:\GoogleDriveCLT\GoogleDrive\WeatherCloud\Roadboard\Software\Road-Board-December-2016N8\EWARM\Road
#        Brd MSTR Rev L Long Always\Obj\stm32l1xx_hal_uart.o"
#        "D:\GoogleDriveCLT\GoogleDrive\WeatherCloud\Roadboard\Software\Road-Board-December-2016N8\EWARM\Road
#        Brd MSTR Rev L Long Always\Obj\stm32l1xx_hal_wwdg.o"
#        "D:\GoogleDriveCLT\GoogleDrive\WeatherCloud\Roadboard\Software\Road-Board-December-2016N8\EWARM\Road
#        Brd MSTR Rev L Long Always\Obj\stm32l1xx_it.o"
#        "D:\GoogleDriveCLT\GoogleDrive\WeatherCloud\Roadboard\Software\Road-Board-December-2016N8\EWARM\Road
#        Brd MSTR Rev L Long Always\Obj\stm32l1xx_nucleo.o"
#        "D:\GoogleDriveCLT\GoogleDrive\WeatherCloud\Roadboard\Software\Road-Board-December-2016N8\EWARM\Road
#        Brd MSTR Rev L Long Always\Obj\system_stm32l1xx.o"
#        "D:\GoogleDriveCLT\GoogleDrive\WeatherCloud\Roadboard\Software\Road-Board-December-2016N8\EWARM\Road
#        Brd MSTR Rev L Long Always\Obj\tasks.o"
#        "D:\GoogleDriveCLT\GoogleDrive\WeatherCloud\Roadboard\Software\Road-Board-December-2016N8\EWARM\Road
#        Brd MSTR Rev L Long Always\Obj\Temperature.o"
#        "D:\GoogleDriveCLT\GoogleDrive\WeatherCloud\Roadboard\Software\Road-Board-December-2016N8\EWARM\Road
#        Brd MSTR Rev L Long Always\Obj\tim.o"
#        "D:\GoogleDriveCLT\GoogleDrive\WeatherCloud\Roadboard\Software\Road-Board-December-2016N8\EWARM\Road
#        Brd MSTR Rev L Long Always\Obj\timers.o"
#        "D:\GoogleDriveCLT\GoogleDrive\WeatherCloud\Roadboard\Software\Road-Board-December-2016N8\EWARM\Road
#        Brd MSTR Rev L Long Always\Obj\usart.o"
#        "D:\GoogleDriveCLT\GoogleDrive\WeatherCloud\Roadboard\Software\Road-Board-December-2016N8\EWARM\Road
#        Brd MSTR Rev L Long Always\Obj\usb_device.o"
#        "D:\GoogleDriveCLT\GoogleDrive\WeatherCloud\Roadboard\Software\Road-Board-December-2016N8\EWARM\Road
#        Brd MSTR Rev L Long Always\Obj\usbd_cdc.o"
#        "D:\GoogleDriveCLT\GoogleDrive\WeatherCloud\Roadboard\Software\Road-Board-December-2016N8\EWARM\Road
#        Brd MSTR Rev L Long Always\Obj\usbd_cdc_if.o"
#        "D:\GoogleDriveCLT\GoogleDrive\WeatherCloud\Roadboard\Software\Road-Board-December-2016N8\EWARM\Road
#        Brd MSTR Rev L Long Always\Obj\usbd_conf.o"
#        "D:\GoogleDriveCLT\GoogleDrive\WeatherCloud\Roadboard\Software\Road-Board-December-2016N8\EWARM\Road
#        Brd MSTR Rev L Long Always\Obj\usbd_core.o"
#        "D:\GoogleDriveCLT\GoogleDrive\WeatherCloud\Roadboard\Software\Road-Board-December-2016N8\EWARM\Road
#        Brd MSTR Rev L Long Always\Obj\usbd_ctlreq.o"
#        "D:\GoogleDriveCLT\GoogleDrive\WeatherCloud\Roadboard\Software\Road-Board-December-2016N8\EWARM\Road
#        Brd MSTR Rev L Long Always\Obj\usbd_desc.o"
#        "D:\GoogleDriveCLT\GoogleDrive\WeatherCloud\Roadboard\Software\Road-Board-December-2016N8\EWARM\Road
#        Brd MSTR Rev L Long Always\Obj\usbd_ioreq.o"
#        "D:\GoogleDriveCLT\GoogleDrive\WeatherCloud\Roadboard\Software\Road-Board-December-2016N8\EWARM\Road
#        Brd MSTR Rev L Long Always\Obj\VMonitor.o"
#        "D:\GoogleDriveCLT\GoogleDrive\WeatherCloud\Roadboard\Software\Road-Board-December-2016N8\EWARM\Road
#        Brd MSTR Rev L Long Always\Obj\wwdg.o" --redirect _Printf=_PrintfFull
#        --redirect _Scanf=_ScanfFull -o
#        "D:\GoogleDriveCLT\GoogleDrive\WeatherCloud\Roadboard\Software\Road-Board-December-2016N8\EWARM\Road
#        Brd MSTR Rev L Long Always\Exe\Road Board Rev K NUCLEO V1.1 Jul 12
#        2016.out" --map
#        "D:\GoogleDriveCLT\GoogleDrive\WeatherCloud\Roadboard\Software\Road-Board-December-2016N8\EWARM\Road
#        Brd MSTR Rev L Long Always\List\Road Board Rev K NUCLEO V1.1 Jul 12
#        2016.map" --config
#        D:\GoogleDriveCLT\GoogleDrive\WeatherCloud\Roadboard\Software\Road-Board-December-2016N8\EWARM/stm32l152xe_flash.icf
#        --semihosting --entry __iar_program_start --vfe
#
###############################################################################

*******************************************************************************
*** RUNTIME MODEL ATTRIBUTES
***

CppFlavor                     = *
__Heap_Handler                = Basic
__SystemLibrary               = DLib
__dlib_dynamic_initialization = normal


*******************************************************************************
*** PLACEMENT SUMMARY
***

"A1":  place at 0x08000000 { ro section .intvec };
"P1":  place in [from 0x08000000 to 0x0807ffff] { ro };
"P2":  place in [from 0x20000000 to 0x20013fff] { rw, block CSTACK, block HEAP };
initialize by copy { rw };

  Section             Kind        Address     Size  Object
  -------             ----        -------     ----  ------
"A1":                                        0x124
  .intvec             ro code  0x08000000    0x124  startup_stm32l152xe.o [1]
                             - 0x08000124    0x124

"P1":                                      0x18094
  .text               ro code  0x08000124   0x2f24  parser.o [1]
  .text               ro code  0x08003048     0x36  strlen.o [5]
  .text               ro code  0x0800307e     0x1e  xsscin.o [3]
  .text               ro code  0x0800309c     0x44  strcpy_unaligned.o [5]
  .text               ro code  0x080030e0    0x4bc  usart.o [1]
  .text               ro code  0x0800359c    0x86c  bgm111.o [1]
  .text               ro code  0x08003e08    0x240  Rd_Sound.o [1]
  .text               ro code  0x08004048     0x34  sprintf.o [3]
  .text               ro code  0x0800407c     0x1c  strcat.o [3]
  .text               ro code  0x08004098    0x278  barometer.o [1]
  .text               ro code  0x08004310   0x1410  app_data.o [1]
  .text               ro code  0x08005720   0x1aac  GridEye.o [1]
  .text               ro code  0x080071cc    0x874  VMonitor.o [1]
  .text               ro code  0x08007a40    0xcbc  Humidity.o [1]
  .text               ro code  0x080086fc    0x2b4  Temperature.o [1]
  .text               ro code  0x080089b0    0x328  RGBLight.o [1]
  .text               ro code  0x08008cd8    0x1c4  gpio.o [1]
  .text               ro code  0x08008e9c    0x4e0  i2c.o [1]
  .text               ro code  0x0800937c     0x24  sscanf.o [3]
  .text               ro code  0x080093a0     0x4e  FltToDbl.o [4]
  .text               ro code  0x080093ee     0x2c  strncmp.o [3]
  .text               ro code  0x0800941a      0xa  xsprout.o [3]
  .text               ro code  0x08009424    0x140  Calibration.o [1]
  .text               ro code  0x08009564    0x1b0  stm32l1xx_hal_cortex.o [1]
  .text               ro code  0x08009714      0xa  isdigit.o [3]
  .text               ro code  0x0800971e      0x8  atoi.o [3]
  .text               ro code  0x08009728    0x1c4  wwdg.o [1]
  .text               ro code  0x080098ec     0x32  I32ToFlt.o [4]
  .text               ro code  0x08009920     0xfc  FltDiv.o [4]
  .text               ro code  0x08009a1c    0x8ec  stm32l1xx_hal_uart.o [1]
  .text               ro code  0x0800a308    0x69e  main.o [1]
  .text               ro code  0x0800a9a8    0x378  stm32l1xx_hal_gpio.o [1]
  .text               ro code  0x0800ad20    0x1b0  gecko_bglib.o [1]
  .text               ro code  0x0800aed0    0x13e  ErrorCodes.o [1]
  .text               ro code  0x0800b010    0x2bc  adc.o [1]
  .text               ro code  0x0800b2cc    0x1ac  fix_fft.o [1]
  .text               ro code  0x0800b478     0xd8  FltMul.o [4]
  .text               ro code  0x0800b550     0x84  FltAdd.o [4]
  .text               ro code  0x0800b5d4     0xf0  sqrt.o [4]
  .text               ro code  0x0800b6c4     0x90  DblToFlt.o [4]
  .text               ro code  0x0800b754     0x44  FltToS32.o [4]
  .text               ro code  0x0800b798   0x119e  xprintffull.o [3]
  .text               ro code  0x0800c938    0x248  lps25hb.o [1]
  .text               ro code  0x0800cb80    0x1a2  DblMul.o [4]
  .text               ro code  0x0800cd24     0x58  DblToI32.o [4]
  .text               ro code  0x0800cd7c     0xb8  modf.o [4]
  .text               ro code  0x0800ce34     0xe8  DblAdd.o [4]
  .text               ro code  0x0800cf1c     0x42  strcmp_unaligned.o [5]
  .text               ro code  0x0800cf60     0x48  stm32l1xx_hal.o [1]
  .text               ro code  0x0800cfa8     0x6c  strncpy_unaligned.o [5]
  .text               ro code  0x0800d014     0x44  round.o [4]
  .text               ro code  0x0800d058     0x24  FltCmpGe.o [4]
  .text               ro code  0x0800d07c     0x30  I32ToDbl.o [4]
  .text               ro code  0x0800d0ac   0x1018  stm32l1xx_hal_i2c.o [1]
  .text               ro code  0x0800e0c4    0xcf0  xscanffull.o [3]
  .text               ro code  0x0800edb4    0x158  Flash.o [1]
  .text               ro code  0x0800ef0c    0x198  xstoul.o [3]
  .text               ro code  0x0800f0a4     0xd6  stm32l1xx_hal_wwdg.o [1]
  .text               ro code  0x0800f17c    0x24c  tim.o [1]
  .text               ro code  0x0800f3c8    0xcd4  stm32l1xx_hal_rcc.o [1]
  .text               ro code  0x0801009c     0x30  dma.o [1]
  .text               ro code  0x080100cc    0x82a  stm32l1xx_hal_adc.o [1]
  .text               ro code  0x080108f8    0xefe  stm32l1xx_hal_dma.o [1]
  .text               ro code  0x080117f6     0x1c  fix_fft.o [1]
  .text               ro code  0x08011814     0xd6  FltSub.o [4]
  .text               ro code  0x080118ec      0xc  iarEdom.o [5]
  .text               ro code  0x080118f8     0x20  xmbtowc.o [3]
  .text               ro code  0x08011918     0x16  strchr.o [5]
  .text               ro code  0x08011930     0x58  memchr.o [5]
  .text               ro code  0x08011988      0xa  xmbcurmax.o [3]
  .text               ro code  0x08011994     0xb0  xxmemxmalloc.o [3]
  .text               ro code  0x08011a44     0x1a  xwctomb.o [3]
  .text               ro code  0x08011a60     0x76  ABImemcpy_unaligned.o [5]
  .text               ro code  0x08011ad8     0x80  xxmemxfree.o [3]
  .text               ro code  0x08011b58     0xee  I64DivMod.o [5]
  .text               ro code  0x08011c46     0x44  xdnorm.o [4]
  .text               ro code  0x08011c8c     0x2e  DblCmpLe.o [4]
  .text               ro code  0x08011cbc     0x2e  DblCmpGe.o [4]
  .text               ro code  0x08011cec    0x10c  xdscale.o [4]
  .text               ro code  0x08011df8    0x180  DblSub.o [4]
  .text               ro code  0x08011f78    0x256  DblDiv.o [4]
  .text               ro code  0x080121d0     0x6c  localeconv.o [3]
  .text               ro code  0x0801223c      0xe  div.o [3]
  .text               ro code  0x0801224c     0x90  stm32l1xx_hal_timebase_TIM.o [1]
  .text               ro code  0x080122dc     0x98  stm32l1xx_hal_msp.o [1]
  .text               ro code  0x08012374     0x5e  ABImemset.o [5]
  .text               ro code  0x080123d2     0x7a  xdint.o [4]
  .text               ro code  0x0801244c     0x40  xwctob.o [3]
  .text               ro code  0x0801248c     0x28  isxxx.o [3]
  .text               ro code  0x080124b4     0xa6  xstoll.o [3]
  .text               ro code  0x0801255c    0x1b0  xstoull.o [3]
  .text               ro code  0x0801270c    0x14c  xstold.o [4]
  .text               ro code  0x08012858    0x198  stm32l1xx_hal_flash.o [1]
  .text               ro code  0x080129f0     0x5e  ceil.o [4]
  .text               ro code  0x08012a50     0xcc  stm32l1xx_hal_flash_ex.o [1]
  .text               ro code  0x08012b1c     0x14  tolower.o [3]
  .text               ro code  0x08012b30      0xc  errno.o [3]
  .text               ro code  0x08012b3c    0x3da  stm32l1xx_hal_tim.o [1]
  .text               ro code  0x08012f16     0x5e  stm32l1xx_hal_tim_ex.o [1]
  .text               ro code  0x08012f74     0x10  stm32l1xx_hal_pwr_ex.o [1]
  .text               ro code  0x08012f84     0x28  setlocale.o [3]
  .text               ro code  0x08012fac     0x60  xencoding_sb.o [3]
  .text               ro code  0x0801300c     0x2c  xgetmemchunk.o [3]
  .text               ro code  0x08013038      0x2  I64DivZer.o [5]
  .text               ro code  0x0801303a      0x2  xtls.o [3]
  .text               ro code  0x0801303c     0x16  xlocale_c.o [3]
  .text               ro code  0x08013052     0x14  xlocale_c.o [3]
  .text               ro code  0x08013066    0x122  xstopfx.o [3]
  .text               ro code  0x08013188    0x1d0  xstoflt.o [3]
  .rodata             const    0x08013358     0x64  Calibration.o [1]
  .text               ro code  0x080133c0    0x200  xdtento.o [4]
  .text               ro code  0x080135c0    0x234  xstoxflt.o [3]
  .text               ro code  0x080137f4      0xc  xlocale_c.o [3]
  .text               ro code  0x08013800     0x20  DblCmpEq.o [4]
  .text               ro code  0x08013820     0x52  xdunscal.o [4]
  .text               ro code  0x08013872   0x1074  stm32l1xx_hal_pcd.o [1]
  .text               ro code  0x080148e8    0x198  usbd_conf.o [1]
  .text               ro code  0x08014a80    0x2c8  usbd_core.o [1]
  .text               ro code  0x08014d48    0x608  usbd_ctlreq.o [1]
  .text               ro code  0x08015350     0x90  usbd_ioreq.o [1]
  .text               ro code  0x080153e0    0x224  tasks.o [1]
  CODE                ro code  0x08015604     0x94  portasm.o [1]
  .text               ro code  0x08015698     0x40  list.o [1]
  .rodata             const    0x080156d8     0xc0  fix_fft.o [1]
  .text               ro code  0x08015798     0x84  stm32l1xx_it.o [1]
  .text               ro code  0x0801581c     0x10  cmsis_os.o [1]
  .text               ro code  0x0801582c     0x24  port.o [1]
  .text               ro code  0x08015850     0x64  system_stm32l1xx.o [1]
  .rodata             const    0x080158b4     0x5c  ErrorCodes.o [1]
  .rodata             const    0x08015910     0x48  parser.o [1]
  .rodata             const    0x08015958     0x48  parser.o [1]
  .rodata             const    0x080159a0     0x44  parser.o [1]
  .rodata             const    0x080159e4     0x44  parser.o [1]
  .rodata             const    0x08015a28     0x44  parser.o [1]
  .rodata             const    0x08015a6c     0x40  main.o [1]
  .rodata             const    0x08015aac     0x40  main.o [1]
  .rodata             const    0x08015aec     0x40  parser.o [1]
  .rodata             const    0x08015b2c     0x40  parser.o [1]
  .rodata             const    0x08015b6c     0x40  parser.o [1]
  .rodata             const    0x08015bac     0x40  parser.o [1]
  .rodata             const    0x08015bec     0x40  parser.o [1]
  .rodata             const    0x08015c2c     0x40  parser.o [1]
  .text               ro code  0x08015c6c     0x40  zero_init3.o [5]
  .rodata             const    0x08015cac     0x3c  parser.o [1]
  .rodata             const    0x08015ce8     0x3c  parser.o [1]
  .rodata             const    0x08015d24     0x3c  parser.o [1]
  .rodata             const    0x08015d60     0x3c  parser.o [1]
  .rodata             const    0x08015d9c     0x38  parser.o [1]
  .rodata             const    0x08015dd4     0x38  parser.o [1]
  .rodata             const    0x08015e0c     0x38  parser.o [1]
  .rodata             const    0x08015e44     0x38  parser.o [1]
  .rodata             const    0x08015e7c     0x38  parser.o [1]
  .text               ro code  0x08015eb4     0x38  packbits_init_single.o [5]
  .rodata             const    0x08015eec     0x34  main.o [1]
  .rodata             const    0x08015f20     0x34  parser.o [1]
  .rodata             const    0x08015f54     0x34  parser.o [1]
  .rodata             const    0x08015f88     0x34  parser.o [1]
  .rodata             const    0x08015fbc     0x34  parser.o [1]
  .rodata             const    0x08015ff0     0x30  parser.o [1]
  .rodata             const    0x08016020     0x30  parser.o [1]
  .rodata             const    0x08016050     0x30  parser.o [1]
  .rodata             const    0x08016080     0x30  parser.o [1]
  .rodata             const    0x080160b0     0x30  parser.o [1]
  .rodata             const    0x080160e0     0x30  parser.o [1]
  .rodata             const    0x08016110     0x30  parser.o [1]
  .rodata             const    0x08016140     0x30  parser.o [1]
  .rodata             const    0x08016170     0x2c  parser.o [1]
  .rodata             const    0x0801619c     0x2c  parser.o [1]
  .rodata             const    0x080161c8     0x2c  parser.o [1]
  .rodata             const    0x080161f4     0x2c  parser.o [1]
  .rodata             const    0x08016220     0x2c  parser.o [1]
  .rodata             const    0x0801624c     0x2c  parser.o [1]
  .rodata             const    0x08016278     0x2c  parser.o [1]
  .rodata             const    0x080162a4     0x2c  parser.o [1]
  .rodata             const    0x080162d0     0x2c  parser.o [1]
  .rodata             const    0x080162fc     0x2c  parser.o [1]
  .rodata             const    0x08016328     0x28  main.o [1]
  .rodata             const    0x08016350     0x28  main.o [1]
  .rodata             const    0x08016378     0x28  main.o [1]
  .rodata             const    0x080163a0     0x28  parser.o [1]
  .rodata             const    0x080163c8     0x28  parser.o [1]
  .rodata             const    0x080163f0     0x28  parser.o [1]
  .rodata             const    0x08016418     0x28  parser.o [1]
  .rodata             const    0x08016440     0x28  parser.o [1]
  .rodata             const    0x08016468     0x28  parser.o [1]
  .rodata             const    0x08016490     0x28  parser.o [1]
  .rodata             const    0x080164b8     0x28  parser.o [1]
  .rodata             const    0x080164e0     0x28  parser.o [1]
  .rodata             const    0x08016508     0x28  parser.o [1]
  .rodata             const    0x08016530     0x28  parser.o [1]
  .rodata             const    0x08016558     0x28  parser.o [1]
  .rodata             const    0x08016580     0x28  parser.o [1]
  .rodata             const    0x080165a8     0x28  parser.o [1]
  .rodata             const    0x080165d0     0x28  parser.o [1]
  .rodata             const    0x080165f8     0x28  parser.o [1]
  .rodata             const    0x08016620     0x28  parser.o [1]
  .rodata             const    0x08016648     0x28  parser.o [1]
  .rodata             const    0x08016670     0x28  parser.o [1]
  .rodata             const    0x08016698     0x28  parser.o [1]
  .rodata             const    0x080166c0     0x28  parser.o [1]
  .rodata             const    0x080166e8     0x28  parser.o [1]
  .rodata             const    0x08016710     0x28  parser.o [1]
  .rodata             const    0x08016738     0x28  parser.o [1]
  .rodata             const    0x08016760     0x28  parser.o [1]
  .rodata             const    0x08016788     0x28  parser.o [1]
  .rodata             const    0x080167b0     0x28  parser.o [1]
  .rodata             const    0x080167d8     0x28  parser.o [1]
  .rodata             const    0x08016800     0x28  parser.o [1]
  .rodata             const    0x08016828     0x28  parser.o [1]
  .rodata             const    0x08016850     0x28  parser.o [1]
  .rodata             const    0x08016878     0x28  parser.o [1]
  .rodata             const    0x080168a0     0x28  parser.o [1]
  .rodata             const    0x080168c8     0x28  parser.o [1]
  .text               ro code  0x080168f0     0x28  data_init.o [5]
  .rodata             const    0x08016918     0x24  parser.o [1]
  .rodata             const    0x0801693c     0x24  parser.o [1]
  .rodata             const    0x08016960     0x24  parser.o [1]
  .rodata             const    0x08016984     0x24  parser.o [1]
  .rodata             const    0x080169a8     0x24  parser.o [1]
  .rodata             const    0x080169cc     0x24  parser.o [1]
  .rodata             const    0x080169f0     0x24  parser.o [1]
  .rodata             const    0x08016a14     0x24  parser.o [1]
  .rodata             const    0x08016a38     0x24  parser.o [1]
  .rodata             const    0x08016a5c     0x24  parser.o [1]
  .rodata             const    0x08016a80     0x24  parser.o [1]
  .rodata             const    0x08016aa4     0x24  parser.o [1]
  .rodata             const    0x08016ac8     0x24  parser.o [1]
  .rodata             const    0x08016aec     0x24  parser.o [1]
  .iar.init_table     const    0x08016b10     0x30  - Linker created -
  .rodata             const    0x08016b40     0x20  app_data.o [1]
  .rodata             const    0x08016b60     0x20  app_data.o [1]
  .rodata             const    0x08016b80     0x20  app_data.o [1]
  .rodata             const    0x08016ba0     0x20  app_data.o [1]
  .rodata             const    0x08016bc0     0x20  app_data.o [1]
  .rodata             const    0x08016be0     0x20  app_data.o [1]
  .rodata             const    0x08016c00     0x20  app_data.o [1]
  .rodata             const    0x08016c20     0x20  app_data.o [1]
  .rodata             const    0x08016c40     0x20  app_data.o [1]
  .rodata             const    0x08016c60     0x20  app_data.o [1]
  .rodata             const    0x08016c80     0x20  app_data.o [1]
  .rodata             const    0x08016ca0     0x20  app_data.o [1]
  .rodata             const    0x08016cc0     0x20  app_data.o [1]
  .rodata             const    0x08016ce0     0x20  app_data.o [1]
  .rodata             const    0x08016d00     0x20  app_data.o [1]
  .rodata             const    0x08016d20     0x20  app_data.o [1]
  .rodata             const    0x08016d40     0x20  app_data.o [1]
  .rodata             const    0x08016d60     0x20  app_data.o [1]
  .rodata             const    0x08016d80     0x20  app_data.o [1]
  .rodata             const    0x08016da0     0x20  app_data.o [1]
  .rodata             const    0x08016dc0     0x20  app_data.o [1]
  .rodata             const    0x08016de0     0x20  app_data.o [1]
  .rodata             const    0x08016e00     0x20  app_data.o [1]
  .rodata             const    0x08016e20     0x20  app_data.o [1]
  .rodata             const    0x08016e40     0x20  app_data.o [1]
  .rodata             const    0x08016e60     0x20  app_data.o [1]
  .rodata             const    0x08016e80     0x20  app_data.o [1]
  .rodata             const    0x08016ea0     0x20  app_data.o [1]
  .rodata             const    0x08016ec0     0x20  app_data.o [1]
  .rodata             const    0x08016ee0     0x20  bgm111.o [1]
  .rodata             const    0x08016f00     0x20  bgm111.o [1]
  .rodata             const    0x08016f20     0x20  main.o [1]
  .rodata             const    0x08016f40     0x20  main.o [1]
  .rodata             const    0x08016f60     0x20  parser.o [1]
  .rodata             const    0x08016f80     0x20  parser.o [1]
  .rodata             const    0x08016fa0     0x20  parser.o [1]
  .rodata             const    0x08016fc0     0x20  parser.o [1]
  .rodata             const    0x08016fe0     0x20  parser.o [1]
  .rodata             const    0x08017000     0x20  parser.o [1]
  .rodata             const    0x08017020     0x20  parser.o [1]
  .rodata             const    0x08017040     0x20  parser.o [1]
  .rodata             const    0x08017060     0x20  parser.o [1]
  .rodata             const    0x08017080     0x20  parser.o [1]
  .rodata             const    0x080170a0     0x20  parser.o [1]
  .rodata             const    0x080170c0     0x20  parser.o [1]
  .rodata             const    0x080170e0     0x20  parser.o [1]
  .rodata             const    0x08017100     0x20  parser.o [1]
  .rodata             const    0x08017120     0x20  parser.o [1]
  .rodata             const    0x08017140     0x20  parser.o [1]
  .rodata             const    0x08017160     0x20  parser.o [1]
  .rodata             const    0x08017180     0x1c  bgm111.o [1]
  .rodata             const    0x0801719c     0x1c  bgm111.o [1]
  .rodata             const    0x080171b8     0x1c  bgm111.o [1]
  .rodata             const    0x080171d4     0x1c  ErrorCodes.o [1]
  .rodata             const    0x080171f0     0x1c  parser.o [1]
  .rodata             const    0x0801720c     0x1c  parser.o [1]
  .rodata             const    0x08017228     0x1c  parser.o [1]
  .rodata             const    0x08017244     0x1c  parser.o [1]
  .rodata             const    0x08017260     0x1c  parser.o [1]
  .rodata             const    0x0801727c     0x1c  parser.o [1]
  .rodata             const    0x08017298     0x1c  parser.o [1]
  .text               ro code  0x080172b4     0x1a  cmain.o [5]
  .text               ro code  0x080172ce      0x4  low_level_init.o [3]
  .text               ro code  0x080172d2      0x4  exit.o [3]
  .text               ro code  0x080172d8      0xa  cexit.o [5]
  .text               ro code  0x080172e4     0x14  exit.o [6]
  .rodata             const    0x080172f8     0x18  app_data.o [1]
  .rodata             const    0x08017310     0x18  bgm111.o [1]
  .rodata             const    0x08017328     0x18  parser.o [1]
  .rodata             const    0x08017340     0x18  parser.o [1]
  .rodata             const    0x08017358     0x18  parser.o [1]
  .rodata             const    0x08017370     0x18  parser.o [1]
  .rodata             const    0x08017388     0x18  parser.o [1]
  .rodata             const    0x080173a0     0x18  parser.o [1]
  .rodata             const    0x080173b8     0x18  parser.o [1]
  .rodata             const    0x080173d0     0x18  parser.o [1]
  .rodata             const    0x080173e8     0x18  parser.o [1]
  .rodata             const    0x08017400     0x18  parser.o [1]
  .rodata             const    0x08017418     0x18  parser.o [1]
  .rodata             const    0x08017430     0x18  parser.o [1]
  .rodata             const    0x08017448     0x18  parser.o [1]
  .rodata             const    0x08017460     0x18  parser.o [1]
  .rodata             const    0x08017478     0x18  parser.o [1]
  .rodata             const    0x08017490     0x18  parser.o [1]
  .rodata             const    0x080174a8     0x18  parser.o [1]
  .rodata             const    0x080174c0     0x18  parser.o [1]
  .rodata             const    0x080174d8     0x18  parser.o [1]
  .rodata             const    0x080174f0     0x18  parser.o [1]
  .rodata             const    0x08017508     0x18  parser.o [1]
  .rodata             const    0x08017520     0x18  parser.o [1]
  .rodata             const    0x08017538     0x18  parser.o [1]
  .rodata             const    0x08017550     0x18  parser.o [1]
  .rodata             const    0x08017568     0x18  parser.o [1]
  .rodata             const    0x08017580     0x18  parser.o [1]
  .rodata             const    0x08017598     0x18  parser.o [1]
  .rodata             const    0x080175b0     0x18  parser.o [1]
  .rodata             const    0x080175c8     0x18  parser.o [1]
  .rodata             const    0x080175e0     0x18  parser.o [1]
  .rodata             const    0x080175f8     0x18  parser.o [1]
  .rodata             const    0x08017610     0x18  parser.o [1]
  .rodata             const    0x08017628     0x18  parser.o [1]
  .rodata             const    0x08017640     0x18  parser.o [1]
  .rodata             const    0x08017658     0x18  parser.o [1]
  .rodata             const    0x08017670     0x18  parser.o [1]
  .rodata             const    0x08017688     0x18  parser.o [1]
  .rodata             const    0x080176a0     0x18  parser.o [1]
  .rodata             const    0x080176b8     0x18  parser.o [1]
  .rodata             const    0x080176d0     0x18  parser.o [1]
  .rodata             const    0x080176e8     0x18  parser.o [1]
  .rodata             const    0x08017700     0x18  parser.o [1]
  .rodata             const    0x08017718     0x18  parser.o [1]
  .rodata             const    0x08017730     0x18  parser.o [1]
  .rodata             const    0x08017748     0x18  parser.o [1]
  .rodata             const    0x08017760     0x18  parser.o [1]
  .rodata             const    0x08017778     0x18  parser.o [1]
  .rodata             const    0x08017790     0x18  parser.o [1]
  .rodata             const    0x080177a8     0x18  parser.o [1]
  .rodata             const    0x080177c0     0x14  app_data.o [1]
  .rodata             const    0x080177d4     0x14  app_data.o [1]
  .rodata             const    0x080177e8     0x14  app_data.o [1]
  .rodata             const    0x080177fc     0x14  app_data.o [1]
  .rodata             const    0x08017810     0x14  app_data.o [1]
  .rodata             const    0x08017824     0x14  app_data.o [1]
  .rodata             const    0x08017838     0x14  app_data.o [1]
  .rodata             const    0x0801784c     0x14  app_data.o [1]
  .rodata             const    0x08017860     0x14  app_data.o [1]
  .rodata             const    0x08017874     0x14  app_data.o [1]
  .rodata             const    0x08017888     0x14  app_data.o [1]
  .rodata             const    0x0801789c     0x14  app_data.o [1]
  .rodata             const    0x080178b0     0x14  app_data.o [1]
  .rodata             const    0x080178c4     0x14  app_data.o [1]
  .rodata             const    0x080178d8     0x14  app_data.o [1]
  .rodata             const    0x080178ec     0x14  app_data.o [1]
  .rodata             const    0x08017900     0x14  app_data.o [1]
  .rodata             const    0x08017914     0x14  app_data.o [1]
  .rodata             const    0x08017928     0x14  app_data.o [1]
  .rodata             const    0x0801793c     0x14  app_data.o [1]
  .rodata             const    0x08017950     0x14  app_data.o [1]
  .rodata             const    0x08017964     0x14  app_data.o [1]
  .rodata             const    0x08017978     0x14  app_data.o [1]
  .rodata             const    0x0801798c     0x14  app_data.o [1]
  .rodata             const    0x080179a0     0x14  app_data.o [1]
  .rodata             const    0x080179b4     0x14  app_data.o [1]
  .rodata             const    0x080179c8     0x14  app_data.o [1]
  .rodata             const    0x080179dc     0x14  app_data.o [1]
  .rodata             const    0x080179f0     0x14  bgm111.o [1]
  .rodata             const    0x08017a04     0x14  bgm111.o [1]
  .rodata             const    0x08017a18     0x14  bgm111.o [1]
  .rodata             const    0x08017a2c     0x14  bgm111.o [1]
  .rodata             const    0x08017a40     0x14  bgm111.o [1]
  .rodata             const    0x08017a54     0x14  Calibration.o [1]
  .rodata             const    0x08017a68     0x14  ErrorCodes.o [1]
  .rodata             const    0x08017a7c     0x14  gpio.o [1]
  .rodata             const    0x08017a90     0x14  parser.o [1]
  .rodata             const    0x08017aa4     0x14  parser.o [1]
  .rodata             const    0x08017ab8     0x14  parser.o [1]
  .rodata             const    0x08017acc     0x14  parser.o [1]
  .rodata             const    0x08017ae0     0x14  parser.o [1]
  .rodata             const    0x08017af4     0x14  parser.o [1]
  .rodata             const    0x08017b08     0x14  parser.o [1]
  .rodata             const    0x08017b1c     0x14  parser.o [1]
  .rodata             const    0x08017b30     0x14  parser.o [1]
  .rodata             const    0x08017b44     0x14  parser.o [1]
  .rodata             const    0x08017b58     0x14  parser.o [1]
  .rodata             const    0x08017b6c     0x14  parser.o [1]
  .rodata             const    0x08017b80     0x14  parser.o [1]
  .rodata             const    0x08017b94     0x14  parser.o [1]
  .rodata             const    0x08017ba8     0x10  app_data.o [1]
  .rodata             const    0x08017bb8     0x10  bgm111.o [1]
  .rodata             const    0x08017bc8     0x10  bgm111.o [1]
  .rodata             const    0x08017bd8     0x10  bgm111.o [1]
  .rodata             const    0x08017be8     0x10  bgm111.o [1]
  .rodata             const    0x08017bf8     0x10  bgm111.o [1]
  .rodata             const    0x08017c08     0x10  parser.o [1]
  .rodata             const    0x08017c18     0x10  parser.o [1]
  .rodata             const    0x08017c28     0x10  parser.o [1]
  .rodata             const    0x08017c38     0x10  parser.o [1]
  .rodata             const    0x08017c48     0x10  parser.o [1]
  .rodata             const    0x08017c58     0x10  system_stm32l1xx.o [1]
  .text               ro code  0x08017c68     0x10  startup_stm32l152xe.o [1]
  .rodata             const    0x08017c78      0xc  app_data.o [1]
  .rodata             const    0x08017c84      0xc  app_data.o [1]
  .rodata             const    0x08017c90      0xc  bgm111.o [1]
  .rodata             const    0x08017c9c      0xc  bgm111.o [1]
  .rodata             const    0x08017ca8      0xc  bgm111.o [1]
  .rodata             const    0x08017cb4      0xc  bgm111.o [1]
  .rodata             const    0x08017cc0      0xc  bgm111.o [1]
  .rodata             const    0x08017ccc      0xc  Calibration.o [1]
  .rodata             const    0x08017cd8      0xc  Calibration.o [1]
  .rodata             const    0x08017ce4      0xc  Calibration.o [1]
  .rodata             const    0x08017cf0      0xc  Calibration.o [1]
  .rodata             const    0x08017cfc      0xc  Calibration.o [1]
  .rodata             const    0x08017d08      0xc  Calibration.o [1]
  .rodata             const    0x08017d14      0xc  Calibration.o [1]
  .rodata             const    0x08017d20      0xc  Calibration.o [1]
  .rodata             const    0x08017d2c      0xc  Calibration.o [1]
  .rodata             const    0x08017d38      0xc  Calibration.o [1]
  .rodata             const    0x08017d44      0xc  Calibration.o [1]
  .rodata             const    0x08017d50      0xc  Calibration.o [1]
  .rodata             const    0x08017d5c      0xc  Calibration.o [1]
  .rodata             const    0x08017d68      0xc  Calibration.o [1]
  .rodata             const    0x08017d74      0xc  Calibration.o [1]
  .rodata             const    0x08017d80      0xc  Calibration.o [1]
  .rodata             const    0x08017d8c      0xc  Calibration.o [1]
  .rodata             const    0x08017d98      0xc  Calibration.o [1]
  .rodata             const    0x08017da4      0xc  Calibration.o [1]
  .rodata             const    0x08017db0      0xc  main.o [1]
  .rodata             const    0x08017dbc      0xc  parser.o [1]
  .rodata             const    0x08017dc8      0xc  parser.o [1]
  .rodata             const    0x08017dd4      0xc  parser.o [1]
  .rodata             const    0x08017de0      0xc  parser.o [1]
  .rodata             const    0x08017dec      0xc  parser.o [1]
  .rodata             const    0x08017df8      0xc  parser.o [1]
  .rodata             const    0x08017e04      0xc  parser.o [1]
  .rodata             const    0x08017e10      0xc  stm32l1xx_hal_rcc.o [1]
  .text               ro code  0x08017e1c      0xc  cstartup_M.o [5]
  .rodata             const    0x08017e28      0x8  app_data.o [1]
  .rodata             const    0x08017e30      0x8  app_data.o [1]
  .rodata             const    0x08017e38      0x8  app_data.o [1]
  .rodata             const    0x08017e40      0x8  app_data.o [1]
  .rodata             const    0x08017e48      0x8  barometer.o [1]
  .rodata             const    0x08017e50      0x8  barometer.o [1]
  .rodata             const    0x08017e58      0x8  barometer.o [1]
  .rodata             const    0x08017e60      0x8  barometer.o [1]
  .rodata             const    0x08017e68      0x8  bgm111.o [1]
  .rodata             const    0x08017e70      0x8  bgm111.o [1]
  .rodata             const    0x08017e78      0x8  bgm111.o [1]
  .rodata             const    0x08017e80      0x8  Calibration.o [1]
  .rodata             const    0x08017e88      0x8  Calibration.o [1]
  .rodata             const    0x08017e90      0x8  Calibration.o [1]
  .rodata             const    0x08017e98      0x8  Calibration.o [1]
  .rodata             const    0x08017ea0      0x8  ErrorCodes.o [1]
  .rodata             const    0x08017ea8      0x8  ErrorCodes.o [1]
  .rodata             const    0x08017eb0      0x8  ErrorCodes.o [1]
  .rodata             const    0x08017eb8      0x8  ErrorCodes.o [1]
  .rodata             const    0x08017ec0      0x8  ErrorCodes.o [1]
  .rodata             const    0x08017ec8      0x8  ErrorCodes.o [1]
  .rodata             const    0x08017ed0      0x8  ErrorCodes.o [1]
  .rodata             const    0x08017ed8      0x8  ErrorCodes.o [1]
  .rodata             const    0x08017ee0      0x8  ErrorCodes.o [1]
  .rodata             const    0x08017ee8      0x8  ErrorCodes.o [1]
  .rodata             const    0x08017ef0      0x8  ErrorCodes.o [1]
  .rodata             const    0x08017ef8      0x8  ErrorCodes.o [1]
  .rodata             const    0x08017f00      0x8  ErrorCodes.o [1]
  .rodata             const    0x08017f08      0x8  ErrorCodes.o [1]
  .rodata             const    0x08017f10      0x8  ErrorCodes.o [1]
  .rodata             const    0x08017f18      0x8  ErrorCodes.o [1]
  .rodata             const    0x08017f20      0x8  ErrorCodes.o [1]
  .rodata             const    0x08017f28      0x8  ErrorCodes.o [1]
  .rodata             const    0x08017f30      0x8  ErrorCodes.o [1]
  .rodata             const    0x08017f38      0x8  ErrorCodes.o [1]
  .rodata             const    0x08017f40      0x8  ErrorCodes.o [1]
  .rodata             const    0x08017f48      0x8  ErrorCodes.o [1]
  .rodata             const    0x08017f50      0x8  ErrorCodes.o [1]
  .rodata             const    0x08017f58      0x8  GridEye.o [1]
  .rodata             const    0x08017f60      0x8  GridEye.o [1]
  .rodata             const    0x08017f68      0x8  Humidity.o [1]
  .rodata             const    0x08017f70      0x8  Humidity.o [1]
  .rodata             const    0x08017f78      0x8  Humidity.o [1]
  .rodata             const    0x08017f80      0x8  main.o [1]
  .rodata             const    0x08017f88      0x8  main.o [1]
  .rodata             const    0x08017f90      0x8  parser.o [1]
  .rodata             const    0x08017f98      0x8  parser.o [1]
  .rodata             const    0x08017fa0      0x8  parser.o [1]
  .rodata             const    0x08017fa8      0x8  parser.o [1]
  .rodata             const    0x08017fb0      0x8  parser.o [1]
  .rodata             const    0x08017fb8      0x8  parser.o [1]
  .rodata             const    0x08017fc0      0x8  parser.o [1]
  .rodata             const    0x08017fc8      0x8  parser.o [1]
  .rodata             const    0x08017fd0      0x8  parser.o [1]
  .rodata             const    0x08017fd8      0x8  parser.o [1]
  .rodata             const    0x08017fe0      0x8  parser.o [1]
  .rodata             const    0x08017fe8      0x8  parser.o [1]
  .rodata             const    0x08017ff0      0x8  parser.o [1]
  .rodata             const    0x08017ff8      0x8  parser.o [1]
  .rodata             const    0x08018000      0x8  parser.o [1]
  .rodata             const    0x08018008      0x8  parser.o [1]
  .rodata             const    0x08018010      0x8  parser.o [1]
  .rodata             const    0x08018018      0x8  parser.o [1]
  .rodata             const    0x08018020      0x8  parser.o [1]
  .rodata             const    0x08018028      0x8  parser.o [1]
  .rodata             const    0x08018030      0x8  parser.o [1]
  .rodata             const    0x08018038      0x8  parser.o [1]
  .rodata             const    0x08018040      0x8  parser.o [1]
  .rodata             const    0x08018048      0x8  parser.o [1]
  .rodata             const    0x08018050      0x8  parser.o [1]
  .rodata             const    0x08018058      0x8  Rd_Sound.o [1]
  .rodata             const    0x08018060      0x8  RGBLight.o [1]
  .rodata             const    0x08018068      0x8  system_stm32l1xx.o [1]
  .rodata             const    0x08018070      0x8  Temperature.o [1]
  .rodata             const    0x08018078      0x8  Temperature.o [1]
  .rodata             const    0x08018080      0x8  VMonitor.o [1]
  .rodata             const    0x08018088      0x8  VMonitor.o [1]
  .rodata             const    0x08018090      0x8  VMonitor.o [1]
  .rodata             const    0x08018098      0x4  stm32l1xx_hal_rcc.o [1]
  .text               ro code  0x0801809c      0x4  startup_stm32l152xe.o [1]
  .text               ro code  0x080180a0      0x4  startup_stm32l152xe.o [1]
  .text               ro code  0x080180a4      0x4  startup_stm32l152xe.o [1]
  .text               ro code  0x080180a8      0x4  startup_stm32l152xe.o [1]
  .text               ro code  0x080180ac      0x4  startup_stm32l152xe.o [1]
  .text               ro code  0x080180b0      0x4  startup_stm32l152xe.o [1]
  .text               ro code  0x080180b4      0x4  startup_stm32l152xe.o [1]
  .text               ro code  0x080180b8      0x4  startup_stm32l152xe.o [1]
  .text               ro code  0x080180bc      0x4  startup_stm32l152xe.o [1]
  .text               ro code  0x080180c0      0x4  startup_stm32l152xe.o [1]
  .text               ro code  0x080180c4      0x4  startup_stm32l152xe.o [1]
  .text               ro code  0x080180c8      0x4  startup_stm32l152xe.o [1]
  .text               ro code  0x080180cc      0x4  startup_stm32l152xe.o [1]
  .text               ro code  0x080180d0      0x4  startup_stm32l152xe.o [1]
  .text               ro code  0x080180d4      0x4  startup_stm32l152xe.o [1]
  .text               ro code  0x080180d8      0x4  startup_stm32l152xe.o [1]
  .text               ro code  0x080180dc      0x4  startup_stm32l152xe.o [1]
  .text               ro code  0x080180e0      0x4  startup_stm32l152xe.o [1]
  .text               ro code  0x080180e4      0x4  startup_stm32l152xe.o [1]
  .text               ro code  0x080180e8      0x4  startup_stm32l152xe.o [1]
  .text               ro code  0x080180ec      0x4  startup_stm32l152xe.o [1]
  .text               ro code  0x080180f0      0x4  startup_stm32l152xe.o [1]
  .text               ro code  0x080180f4      0x4  startup_stm32l152xe.o [1]
  .text               ro code  0x080180f8      0x4  startup_stm32l152xe.o [1]
  .text               ro code  0x080180fc      0x4  startup_stm32l152xe.o [1]
  .text               ro code  0x08018100      0x4  startup_stm32l152xe.o [1]
  .text               ro code  0x08018104      0x4  startup_stm32l152xe.o [1]
  .text               ro code  0x08018108      0x4  startup_stm32l152xe.o [1]
  .text               ro code  0x0801810c      0x4  startup_stm32l152xe.o [1]
  .text               ro code  0x08018110      0x4  startup_stm32l152xe.o [1]
  .text               ro code  0x08018114      0x4  startup_stm32l152xe.o [1]
  .text               ro code  0x08018118      0x4  startup_stm32l152xe.o [1]
  .text               ro code  0x0801811c      0x4  startup_stm32l152xe.o [1]
  .text               ro code  0x08018120      0x4  startup_stm32l152xe.o [1]
  .text               ro code  0x08018124      0x4  startup_stm32l152xe.o [1]
  .text               ro code  0x08018128      0x4  startup_stm32l152xe.o [1]
  .text               ro code  0x0801812c      0x4  startup_stm32l152xe.o [1]
  .text               ro code  0x08018130      0x4  startup_stm32l152xe.o [1]
  .text               ro code  0x08018134      0x4  startup_stm32l152xe.o [1]
  .text               ro code  0x08018138      0x4  startup_stm32l152xe.o [1]
  .text               ro code  0x0801813c      0x4  startup_stm32l152xe.o [1]
  .text               ro code  0x08018140      0x4  startup_stm32l152xe.o [1]
  .text               ro code  0x08018144      0x4  startup_stm32l152xe.o [1]
  .text               ro code  0x08018148      0x4  startup_stm32l152xe.o [1]
  .text               ro code  0x0801814c      0x4  startup_stm32l152xe.o [1]
  .text               ro code  0x08018150      0x4  startup_stm32l152xe.o [1]
  .text               ro code  0x08018154      0x4  startup_stm32l152xe.o [1]
  .text               ro code  0x08018158      0x4  startup_stm32l152xe.o [1]
  .text               ro code  0x0801815c      0x4  startup_stm32l152xe.o [1]
  .text               ro code  0x08018160      0x4  startup_stm32l152xe.o [1]
  .rodata             const    0x08018164      0x0  zero_init3.o [5]
  .rodata             const    0x08018164      0x0  packbits_init_single.o [5]
  Initializer bytes   const    0x08018164     0x54  <for P2-1>
                             - 0x080181b8  0x18094

Absolute sections, part 1 of 2:               0x1c
  .bss                zero     0x08070000     0x1c  wwdg.o [1]
                             - 0x0807001c     0x1c

Absolute sections, part 2 of 2:               0xc8
  .bss                zero     0x08070100     0xc8  Calibration.o [1]
                             - 0x080701c8     0xc8

"P2", part 1 of 3:                           0x14c
  P2-1                         0x20000000    0x14c  <Init block>
    .data             inited   0x20000000      0xc  adc.o [1]
    .data             inited   0x2000000c      0x4  bgm111.o [1]
    .data             inited   0x20000010      0x4  bgm111.o [1]
    .data             inited   0x20000014     0x24  gpio.o [1]
    .data             inited   0x20000038      0x4  system_stm32l1xx.o [1]
    .data             inited   0x2000003c      0x4  tim.o [1]
    .data             inited   0x20000040      0x4  tim.o [1]
    .data             inited   0x20000044      0x4  tim.o [1]
    .data             inited   0x20000048      0x4  usart.o [1]
    __DLIB_PERTHREAD  inited   0x2000004c     0x88  localeconv.o [3]
    __DLIB_PERTHREAD  inited   0x200000d4      0x4  errno.o [3]
    __DLIB_PERTHREAD  inited   0x200000d8     0x74  setlocale.o [3]
                             - 0x2000014c    0x14c

"P2", part 2 of 3:                          0x1000
  CSTACK                       0x20000150   0x1000  <Block>
    CSTACK            uninit   0x20000150   0x1000  <Block tail>
  HEAP                         0x20001150      0x0  <Block>
                             - 0x20001150   0x1000

"P2", part 3 of 3:                          0x252c
  .bss                zero     0x20001150    0xf78  bgm111.o [1]
  .bss                zero     0x200020c8    0x324  bgm111.o [1]
  .bss                zero     0x200023ec    0x324  ErrorCodes.o [1]
  .bss                zero     0x20002710    0x248  app_data.o [1]
  .bss                zero     0x20002958    0x248  app_data.o [1]
  .bss                zero     0x20002ba0    0x220  usbd_conf.o [1]
  .bss                zero     0x20002dc0    0x1a0  bgm111.o [1]
  .bss                zero     0x20002f60     0xc8  Calibration.o [1]
  .bss                zero     0x20003028     0x8c  tasks.o [1]
  .bss                zero     0x200030b4     0x84  bgm111.o [1]
  .bss                zero     0x20003138     0x84  bgm111.o [1]
  .bss                zero     0x200031bc     0x80  Rd_Sound.o [1]
  .bss                zero     0x2000323c     0x80  Rd_Sound.o [1]
  .bss                zero     0x200032bc     0x80  Rd_Sound.o [1]
  .bss                zero     0x2000333c     0x54  adc.o [1]
  .bss                zero     0x20003390     0x40  usart.o [1]
  .bss                zero     0x200033d0     0x40  usart.o [1]
  .bss                zero     0x20003410     0x3c  i2c.o [1]
  .bss                zero     0x2000344c     0x38  adc.o [1]
  .bss                zero     0x20003484     0x38  stm32l1xx_hal_timebase_TIM.o [1]
  .bss                zero     0x200034bc     0x38  tim.o [1]
  .bss                zero     0x200034f4     0x38  tim.o [1]
  .bss                zero     0x2000352c     0x28  bgm111.o [1]
  .bss                zero     0x20003554     0x28  usart.o [1]
  .bss                zero     0x2000357c     0x1c  Flash.o [1]
  .bss                zero     0x20003598     0x1c  wwdg.o [1]
  .bss                zero     0x200035b4     0x18  stm32l1xx_hal_flash.o [1]
  .bss                zero     0x200035cc     0x14  wwdg.o [1]
  .bss                zero     0x200035e0      0xc  adc.o [1]
  .bss                zero     0x200035ec      0xc  app_data.o [1]
  .bss                zero     0x200035f8      0xc  Flash.o [1]
  .bss                zero     0x20003604      0x8  app_data.o [1]
  .bss                zero     0x2000360c      0x8  xxmemxmalloc.o [3]
  .bss                zero     0x20003614      0x4  bgm111.o [1]
  .bss                zero     0x20003618      0x4  bgm111.o [1]
  .bss                zero     0x2000361c      0x4  bgm111.o [1]
  .bss                zero     0x20003620      0x4  bgm111.o [1]
  .bss                zero     0x20003624      0x4  bgm111.o [1]
  .bss                zero     0x20003628      0x4  Flash.o [1]
  .bss                zero     0x2000362c      0x4  stm32l1xx_hal.o [1]
  .bss                zero     0x20003630      0x4  tasks.o [1]
  .bss                zero     0x20003634      0x4  tasks.o [1]
  .bss                zero     0x20003638      0x4  tasks.o [1]
  .bss                zero     0x2000363c      0x4  tasks.o [1]
  .bss                zero     0x20003640      0x4  tasks.o [1]
  .bss                zero     0x20003644      0x4  tasks.o [1]
  .bss                zero     0x20003648      0x4  tasks.o [1]
  .bss                zero     0x2000364c      0x4  tasks.o [1]
  .bss                zero     0x20003650      0x4  tasks.o [1]
  .bss                zero     0x20003654      0x4  tasks.o [1]
  .bss                zero     0x20003658      0x4  tasks.o [1]
  .bss                zero     0x2000365c      0x4  usart.o [1]
  .bss                zero     0x20003660      0x4  usart.o [1]
  .bss                zero     0x20003664      0x4  wwdg.o [1]
  .bss                zero     0x20003668      0x4  xgetmemchunk.o [3]
  .bss                zero     0x2000366c      0x2  app_data.o [1]
  .bss                zero     0x2000366e      0x2  app_data.o [1]
  .bss                zero     0x20003670      0x1  adc.o [1]
  .bss                zero     0x20003671      0x1  adc.o [1]
  .bss                zero     0x20003672      0x1  adc.o [1]
  .bss                zero     0x20003673      0x1  bgm111.o [1]
  .bss                zero     0x20003674      0x1  parser.o [1]
  .bss                zero     0x20003675      0x1  tim.o [1]
  .bss                zero     0x20003676      0x1  tim.o [1]
  .bss                zero     0x20003677      0x1  usart.o [1]
  .bss                zero     0x20003678      0x1  usart.o [1]
  .bss                zero     0x20003679      0x1  usart.o [1]
  .bss                zero     0x2000367a      0x1  usbd_ctlreq.o [1]
  .bss                zero     0x2000367b      0x1  wwdg.o [1]
                             - 0x2000367c   0x252c


*******************************************************************************
*** INIT TABLE
***

          Address     Size
          -------     ----
Zero (__iar_zero_init3)
    3 destination ranges, total size 0x2610:
          0x08070000    0x1c
          0x08070100    0xc8
          0x20001150  0x252c

Copy/packbits (__iar_packbits_init_single3)
    1 source range, total size 0x54 (25% of destination):
          0x08018164    0x54
    1 destination range, total size 0x14c:
          0x20000000   0x14c



*******************************************************************************
*** MODULE SUMMARY
***

    Module                        ro code  ro data  rw data  rw data
                                                              (abs)
    ------                        -------  -------  -------  -------
D:\GoogleDriveCLT\GoogleDrive\WeatherCloud\Roadboard\Software\Road-Board-December-2016N8\EWARM\Road Brd MSTR Rev L Long Always\Obj: [1]
    Calibration.o                     320      380      200      200
    ErrorCodes.o                      318      324      804
    Flash.o                           344                44
    GridEye.o                       6 828       16
    Humidity.o                      3 260       24
    RGBLight.o                        808        8
    Rd_Sound.o                        576        8      384
    Temperature.o                     692       16
    VMonitor.o                      2 164       24
    adc.o                             700        3      167
    app_data.o                      5 136    1 584    1 192
    barometer.o                       632       32
    bgm111.o                        2 156      438    5 513
    cmsis_os.o                         16
    dma.o                              48
    fix_fft.o                         456      192
    gecko_bglib.o                     432
    gpio.o                            452       29       36
    i2c.o                           1 248                60
    list.o                             64
    lps25hb.o                         584
    main.o                          1 694      392
    parser.o                       12 068    6 708        1
    port.o                             36
    portasm.o                         148
    startup_stm32l152xe.o             508
    stm32l1xx_hal.o                    72                 4
    stm32l1xx_hal_adc.o             2 090
    stm32l1xx_hal_cortex.o            432
    stm32l1xx_hal_dma.o             3 838
    stm32l1xx_hal_flash.o             408                24
    stm32l1xx_hal_flash_ex.o          204
    stm32l1xx_hal_gpio.o              888
    stm32l1xx_hal_i2c.o             4 120
    stm32l1xx_hal_msp.o               152
    stm32l1xx_hal_pcd.o             4 212
    stm32l1xx_hal_pwr_ex.o             16
    stm32l1xx_hal_rcc.o             3 284       16
    stm32l1xx_hal_tim.o               986
    stm32l1xx_hal_tim_ex.o             94
    stm32l1xx_hal_timebase_TIM.o      144                56
    stm32l1xx_hal_uart.o            2 284
    stm32l1xx_hal_wwdg.o              214
    stm32l1xx_it.o                    132
    system_stm32l1xx.o                100       25        4
    tasks.o                           548               184
    tim.o                             588        3      126
    usart.o                         1 212        1      183
    usbd_conf.o                       408               544
    usbd_core.o                       712
    usbd_ctlreq.o                   1 544                 1
    usbd_ioreq.o                      144
    wwdg.o                            452                53       28
    ----------------------------------------------------------------
    Total:                         70 966   10 223    9 580      228

command line: [2]
    ----------------------------------------------------------------
    Total:

dl7M_tlf.a: [3]
    atoi.o                              8
    div.o                              14
    errno.o                            12        1        4
    exit.o                              4
    isdigit.o                          10
    isxxx.o                            40
    localeconv.o                      108       34      136
    low_level_init.o                    4
    setlocale.o                        40       30      116
    sprintf.o                          52
    sscanf.o                           36
    strcat.o                           28
    strncmp.o                          44
    tolower.o                          20
    xencoding_sb.o                     96
    xgetmemchunk.o                     44                 4
    xlocale_c.o                        54
    xmbcurmax.o                        10
    xmbtowc.o                          32
    xprintffull.o                   4 510
    xscanffull.o                    3 312
    xsprout.o                          10
    xsscin.o                           30
    xstoflt.o                         464
    xstoll.o                          166
    xstopfx.o                         290
    xstoul.o                          408
    xstoull.o                         432
    xstoxflt.o                        564
    xtls.o                              2
    xwctob.o                           64
    xwctomb.o                          26
    xxmemxfree.o                      128
    xxmemxmalloc.o                    176                 8
    ----------------------------------------------------------------
    Total:                         11 238       65      268

m7M_tl.a: [4]
    DblAdd.o                          232
    DblCmpEq.o                         32
    DblCmpGe.o                         46
    DblCmpLe.o                         46
    DblDiv.o                          598
    DblMul.o                          418
    DblSub.o                          384
    DblToFlt.o                        144
    DblToI32.o                         88
    FltAdd.o                          132
    FltCmpGe.o                         36
    FltDiv.o                          252
    FltMul.o                          216
    FltSub.o                          214
    FltToDbl.o                         78
    FltToS32.o                         68
    I32ToDbl.o                         48
    I32ToFlt.o                         50
    ceil.o                             94
    modf.o                            184
    round.o                            68
    sqrt.o                            240
    xdint.o                           122
    xdnorm.o                           68
    xdscale.o                         268
    xdtento.o                         512
    xdunscal.o                         82
    xstold.o                          332
    ----------------------------------------------------------------
    Total:                          5 052

rt7M_tl.a: [5]
    ABImemcpy_unaligned.o             118
    ABImemset.o                        94
    I64DivMod.o                       238
    I64DivZer.o                         2
    cexit.o                            10
    cmain.o                            26
    cstartup_M.o                       12
    data_init.o                        40
    iarEdom.o                          12
    memchr.o                           88
    packbits_init_single.o             56
    strchr.o                           22
    strcmp_unaligned.o                 66
    strcpy_unaligned.o                 68
    strlen.o                           54
    strncpy_unaligned.o               108
    zero_init3.o                       64
    ----------------------------------------------------------------
    Total:                          1 078

shb_l.a: [6]
    exit.o                             20
    ----------------------------------------------------------------
    Total:                             20

    Gaps                               54
    Linker created                              48    4 096
--------------------------------------------------------------------
    Grand Total:                   88 408   10 336   13 944      228


*******************************************************************************
*** ENTRY LIST
***

Entry                      Address    Size  Type      Object
-----                      -------    ----  ----      ------
.iar.init_table$$Base   0x08016b10           --   Gb  - Linker created -
.iar.init_table$$Limit  0x08016b40           --   Gb  - Linker created -
?main                   0x080172b5          Code  Gb  cmain.o [5]
ADC_Channel             0x20003672     0x1  Data  Lc  adc.o [1]
ADC_Config              0x0800b147    0xbe  Code  Gb  adc.o [1]
ADC_ConversionStop_Disable
                        0x0801080d    0x4a  Code  Gb  stm32l1xx_hal_adc.o [1]
ADC_DMAConvCplt         0x08010859    0x6e  Code  Lc  stm32l1xx_hal_adc.o [1]
ADC_DMAError            0x080108d9    0x1e  Code  Lc  stm32l1xx_hal_adc.o [1]
ADC_DMAHalfConvCplt     0x080108c9     0xe  Code  Lc  stm32l1xx_hal_adc.o [1]
ADC_Enable              0x0801076f    0x72  Code  Gb  stm32l1xx_hal_adc.o [1]
AHBPrescTable           0x08017c58    0x10  Data  Gb  system_stm32l1xx.o [1]
APBPrescTable           0x08018068     0x8  Data  Gb  system_stm32l1xx.o [1]
BGM111_Connected        0x080038e5     0xa  Code  Gb  bgm111.o [1]
BGM111_DataConnected    0x080038ef     0xa  Code  Gb  bgm111.o [1]
BGM111_GetTackState     0x080039bf     0xa  Code  Gb  bgm111.o [1]
BGM111_Init             0x0800369b    0x32  Code  Gb  bgm111.o [1]
BGM111_LowLevel_Init    0x080035dd    0x48  Code  Gb  bgm111.o [1]
BGM111_Peek             0x08003691     0xa  Code  Gb  bgm111.o [1]
BGM111_ProcessInput     0x080036cd   0x20e  Code  Gb  bgm111.o [1]
BGM111_Ready            0x080038db     0xa  Code  Gb  bgm111.o [1]
BGM111_Receive          0x08003633    0x5e  Code  Gb  bgm111.o [1]
BGM111_SetSyncFlg       0x0800399f     0xa  Code  Gb  bgm111.o [1]
BGM111_SetTackState     0x080039c9     0xa  Code  Gb  bgm111.o [1]
BGM111_SyncModeTest     0x080038f9    0x82  Code  Gb  bgm111.o [1]
BGM111_SyncModeTestNoInc
                        0x0800397b    0x24  Code  Gb  bgm111.o [1]
BGM111_Transmit         0x08003a6d   0x11e  Code  Gb  bgm111.o [1]
BGM111_UART_IRQHandler  0x080039d3    0x90  Code  Gb  bgm111.o [1]
BGM111_cntrlSetSyncFlg  0x080039a9    0x16  Code  Gb  bgm111.o [1]
Bypass                  0x20003674     0x1  Data  Lc  parser.o [1]
CSTACK$$Base            0x20000150           --   Gb  - Linker created -
CSTACK$$Limit           0x20001150           --   Gb  - Linker created -
Cal_Save_Frames         0x20002f60    0xc8  Data  Lc  Calibration.o [1]
Calibration_HardFrames  0x08070100    0xc8  Data  Gb  Calibration.o [1]
Clear_Timer2_Flg        0x0800f2e5     0x8  Code  Gb  tim.o [1]
ClrAnalyticsRepeat      0x080055cd     0x8  Code  Gb  app_data.o [1]
ClrDataStructure        0x0800433d    0xa4  Code  Gb  app_data.o [1]
Clr_HeartBeat           0x080055c5     0x8  Code  Gb  app_data.o [1]
Clr_HrtBeat_Cnt         0x080055a7     0x8  Code  Gb  app_data.o [1]
CodesArray              0x080158b4    0x5c  Data  Gb  ErrorCodes.o [1]
DMA1_Channel1_IRQHandler
                        0x080157a1     0xa  Code  Gb  stm32l1xx_it.o [1]
DMA_SetConfig           0x080117d5    0x22  Code  Lc  stm32l1xx_hal_dma.o [1]
Error_Handler           0x0800a979    0x2e  Code  Gb  main.o [1]
FIX_MPY                 0x080117f7    0x1c  Code  Gb  fix_fft.o [1]
FLASH_PageErase         0x08012aeb    0x28  Code  Gb  stm32l1xx_hal_flash_ex.o [1]
FLASH_SetErrorCode      0x0801295f    0x6a  Code  Lc  stm32l1xx_hal_flash.o [1]
FLASH_WaitForLastOperation
                        0x080128fb    0x64  Code  Gb  stm32l1xx_hal_flash.o [1]
Get_DriverStates        0x080054a1    0x66  Code  Gb  app_data.o [1]
Get_DriverStatus        0x08005521    0x86  Code  Gb  app_data.o [1]
HAL_ADC_ConfigChannel   0x08010589   0x1e6  Code  Gb  stm32l1xx_hal_adc.o [1]
HAL_ADC_ConvCpltCallback
                        0x0800b283     0xe  Code  Gb  adc.o [1]
HAL_ADC_ConvHalfCpltCallback
                        0x0800b2c1     0x2  Code  Gb  adc.o [1]
HAL_ADC_DeInit          0x08010293   0x134  Code  Gb  stm32l1xx_hal_adc.o [1]
HAL_ADC_ErrorCallback   0x0800b2c3     0xa  Code  Gb  adc.o [1]
HAL_ADC_Init            0x080100cd   0x1c6  Code  Gb  stm32l1xx_hal_adc.o [1]
HAL_ADC_MspDeInit       0x0800b11f    0x28  Code  Gb  adc.o [1]
HAL_ADC_MspInit         0x0800b099    0x86  Code  Gb  adc.o [1]
HAL_ADC_Start           0x080103c7    0x88  Code  Gb  stm32l1xx_hal_adc.o [1]
HAL_ADC_Start_DMA       0x0801044f    0xcc  Code  Gb  stm32l1xx_hal_adc.o [1]
HAL_ADC_Stop_DMA        0x0801051b    0x6e  Code  Gb  stm32l1xx_hal_adc.o [1]
HAL_DMA_Abort           0x08010e33    0x54  Code  Gb  stm32l1xx_hal_dma.o [1]
HAL_DMA_DeInit          0x08010951   0x43e  Code  Gb  stm32l1xx_hal_dma.o [1]
HAL_DMA_IRQHandler      0x08010e8d   0x906  Code  Gb  stm32l1xx_hal_dma.o [1]
HAL_DMA_Init            0x080108f9    0x58  Code  Gb  stm32l1xx_hal_dma.o [1]
HAL_DMA_Start_IT        0x08010dc5    0x6e  Code  Gb  stm32l1xx_hal_dma.o [1]
HAL_Delay               0x0800cf89    0x1a  Code  Wk  stm32l1xx_hal.o [1]
HAL_FLASHEx_Erase       0x08012a51    0x9a  Code  Gb  stm32l1xx_hal_flash_ex.o [1]
HAL_FLASH_GetError      0x080128f5     0x6  Code  Gb  stm32l1xx_hal_flash.o [1]
HAL_FLASH_Lock          0x080128e5    0x10  Code  Gb  stm32l1xx_hal_flash.o [1]
HAL_FLASH_Program       0x08012859    0x5c  Code  Gb  stm32l1xx_hal_flash.o [1]
HAL_FLASH_Unlock        0x080128b5    0x30  Code  Gb  stm32l1xx_hal_flash.o [1]
HAL_GPIO_DeInit         0x0800ab7b   0x13c  Code  Gb  stm32l1xx_hal_gpio.o [1]
HAL_GPIO_Init           0x0800a9a9   0x1d2  Code  Gb  stm32l1xx_hal_gpio.o [1]
HAL_GPIO_ReadPin        0x0800acb7    0x18  Code  Gb  stm32l1xx_hal_gpio.o [1]
HAL_GPIO_TogglePin      0x0800ace3     0xa  Code  Gb  stm32l1xx_hal_gpio.o [1]
HAL_GPIO_WritePin       0x0800accf    0x14  Code  Gb  stm32l1xx_hal_gpio.o [1]
HAL_GetTick             0x0800cf83     0x6  Code  Wk  stm32l1xx_hal.o [1]
HAL_I2C_ER_IRQHandler   0x0800d931    0xce  Code  Gb  stm32l1xx_hal_i2c.o [1]
HAL_I2C_EV_IRQHandler   0x0800d7fd   0x134  Code  Gb  stm32l1xx_hal_i2c.o [1]
HAL_I2C_ErrorCallback   0x0800da0b     0x2  Code  Wk  stm32l1xx_hal_i2c.o [1]
HAL_I2C_GetError        0x0800da13     0x4  Code  Gb  stm32l1xx_hal_i2c.o [1]
HAL_I2C_GetState        0x0800da0d     0x6  Code  Gb  stm32l1xx_hal_i2c.o [1]
HAL_I2C_Init            0x0800d0ad   0x172  Code  Gb  stm32l1xx_hal_i2c.o [1]
HAL_I2C_MasterRxCpltCallback
                        0x0800da01     0x2  Code  Wk  stm32l1xx_hal_i2c.o [1]
HAL_I2C_MasterTxCpltCallback
                        0x0800d9ff     0x2  Code  Wk  stm32l1xx_hal_i2c.o [1]
HAL_I2C_Master_Receive  0x0800d357   0x256  Code  Gb  stm32l1xx_hal_i2c.o [1]
HAL_I2C_Master_Receive_IT
                        0x0800d693   0x14e  Code  Gb  stm32l1xx_hal_i2c.o [1]
HAL_I2C_Master_Transmit
                        0x0800d21f   0x138  Code  Gb  stm32l1xx_hal_i2c.o [1]
HAL_I2C_Master_Transmit_IT
                        0x0800d5ad    0xe6  Code  Gb  stm32l1xx_hal_i2c.o [1]
HAL_I2C_MemRxCpltCallback
                        0x0800da09     0x2  Code  Wk  stm32l1xx_hal_i2c.o [1]
HAL_I2C_MemTxCpltCallback
                        0x0800da07     0x2  Code  Wk  stm32l1xx_hal_i2c.o [1]
HAL_I2C_MspInit         0x08008eff    0x50  Code  Gb  i2c.o [1]
HAL_I2C_SlaveRxCpltCallback
                        0x0800da05     0x2  Code  Wk  stm32l1xx_hal_i2c.o [1]
HAL_I2C_SlaveTxCpltCallback
                        0x0800da03     0x2  Code  Wk  stm32l1xx_hal_i2c.o [1]
HAL_IncTick             0x0800cf77     0xc  Code  Wk  stm32l1xx_hal.o [1]
HAL_Init                0x0800cf61    0x16  Code  Gb  stm32l1xx_hal.o [1]
HAL_InitTick            0x0801224d    0x80  Code  Gb  stm32l1xx_hal_timebase_TIM.o [1]
HAL_MspInit             0x080122dd    0x98  Code  Gb  stm32l1xx_hal_msp.o [1]
HAL_NVIC_DisableIRQ     0x080096a5     0xe  Code  Gb  stm32l1xx_hal_cortex.o [1]
HAL_NVIC_EnableIRQ      0x08009697     0xe  Code  Gb  stm32l1xx_hal_cortex.o [1]
HAL_NVIC_SetPriority    0x08009671    0x26  Code  Gb  stm32l1xx_hal_cortex.o [1]
HAL_NVIC_SetPriorityGrouping
                        0x08009665     0xc  Code  Gb  stm32l1xx_hal_cortex.o [1]
HAL_NVIC_SystemReset    0x080096b3     0x8  Code  Gb  stm32l1xx_hal_cortex.o [1]
HAL_PCD_DataInStageCallback
                        0x08014921    0x20  Code  Gb  usbd_conf.o [1]
HAL_PCD_DataOutStageCallback
                        0x080148ff    0x22  Code  Gb  usbd_conf.o [1]
HAL_PCD_EP_ClrStall     0x080147dd   0x10a  Code  Gb  stm32l1xx_hal_pcd.o [1]
HAL_PCD_EP_Open         0x08013e8f   0x476  Code  Gb  stm32l1xx_hal_pcd.o [1]
HAL_PCD_EP_Receive      0x08014305   0x1ac  Code  Gb  stm32l1xx_hal_pcd.o [1]
HAL_PCD_EP_SetStall     0x080146ff    0xde  Code  Gb  stm32l1xx_hal_pcd.o [1]
HAL_PCD_EP_Transmit     0x080144b1   0x24e  Code  Gb  stm32l1xx_hal_pcd.o [1]
HAL_PCD_IRQHandler      0x08013d19   0x144  Code  Gb  stm32l1xx_hal_pcd.o [1]
HAL_PCD_ResetCallback   0x0801494f    0x2c  Code  Gb  usbd_conf.o [1]
HAL_PCD_ResumeCallback  0x0801499b     0xe  Code  Gb  usbd_conf.o [1]
HAL_PCD_SOFCallback     0x08014941     0xe  Code  Gb  usbd_conf.o [1]
HAL_PCD_SetAddress      0x08013e5d    0x32  Code  Gb  stm32l1xx_hal_pcd.o [1]
HAL_PCD_SetupStageCallback
                        0x080148e9    0x16  Code  Gb  usbd_conf.o [1]
HAL_PCD_SuspendCallback
                        0x0801497b    0x20  Code  Gb  usbd_conf.o [1]
HAL_PWREx_GetVoltageRange
                        0x08012f75     0xa  Code  Gb  stm32l1xx_hal_pwr_ex.o [1]
HAL_RCC_ClockConfig     0x0800fbf3   0x2a0  Code  Gb  stm32l1xx_hal_rcc.o [1]
HAL_RCC_GetClockConfig  0x0800ff99    0x3a  Code  Gb  stm32l1xx_hal_rcc.o [1]
HAL_RCC_GetHCLKFreq     0x0800ff3d     0x6  Code  Gb  stm32l1xx_hal_rcc.o [1]
HAL_RCC_GetPCLK1Freq    0x0800ff43    0x20  Code  Gb  stm32l1xx_hal_rcc.o [1]
HAL_RCC_GetPCLK2Freq    0x0800ff63    0x20  Code  Gb  stm32l1xx_hal_rcc.o [1]
HAL_RCC_GetSysClockFreq
                        0x0800fe93    0xaa  Code  Gb  stm32l1xx_hal_rcc.o [1]
HAL_RCC_OscConfig       0x0800f3c9   0x82a  Code  Gb  stm32l1xx_hal_rcc.o [1]
HAL_SYSTICK_CLKSourceConfig
                        0x080096c7    0x22  Code  Gb  stm32l1xx_hal_cortex.o [1]
HAL_SYSTICK_Config      0x080096bb     0xc  Code  Gb  stm32l1xx_hal_cortex.o [1]
HAL_TIMEx_MasterConfigSynchronization
                        0x08012f17    0x5e  Code  Gb  stm32l1xx_hal_tim_ex.o [1]
HAL_TIM_Base_Init       0x08012b3d    0x38  Code  Gb  stm32l1xx_hal_tim.o [1]
HAL_TIM_Base_MspInit    0x0800f247    0x48  Code  Gb  tim.o [1]
HAL_TIM_Base_Start_IT   0x08012b75    0x1e  Code  Gb  stm32l1xx_hal_tim.o [1]
HAL_TIM_ConfigClockSource
                        0x08012ccd   0x122  Code  Gb  stm32l1xx_hal_tim.o [1]
HAL_TIM_IC_CaptureCallback
                        0x08012df1     0x2  Code  Wk  stm32l1xx_hal_tim.o [1]
HAL_TIM_IRQHandler      0x08012b93   0x13a  Code  Gb  stm32l1xx_hal_tim.o [1]
HAL_TIM_OC_DelayElapsedCallback
                        0x08012def     0x2  Code  Wk  stm32l1xx_hal_tim.o [1]
HAL_TIM_PWM_PulseFinishedCallback
                        0x08012df3     0x2  Code  Wk  stm32l1xx_hal_tim.o [1]
HAL_TIM_PeriodElapsedCallback
                        0x0800f28f    0x56  Code  Gb  tim.o [1]
HAL_TIM_StartTimer2     0x0800f355    0x22  Code  Gb  tim.o [1]
HAL_TIM_StartTimer3     0x0800f377    0x12  Code  Gb  tim.o [1]
HAL_TIM_TriggerCallback
                        0x08012df5     0x2  Code  Wk  stm32l1xx_hal_tim.o [1]
HAL_UART_EnableBGM_RX   0x0800352f    0x32  Code  Gb  usart.o [1]
HAL_UART_EnableBGM_TXE  0x0800351d    0x12  Code  Gb  usart.o [1]
HAL_UART_ErrorCallback  0x0800351b     0x2  Code  Gb  usart.o [1]
HAL_UART_IRQHandler     0x08009c83   0x11a  Code  Gb  stm32l1xx_hal_uart.o [1]
HAL_UART_Init           0x08009a1d    0x72  Code  Gb  stm32l1xx_hal_uart.o [1]
HAL_UART_MspInit        0x08003193    0xba  Code  Gb  usart.o [1]
HAL_UART_Receive_IT     0x08009bfb    0x88  Code  Gb  stm32l1xx_hal_uart.o [1]
HAL_UART_RxCpltCallback
                        0x0800346b    0xb0  Code  Gb  usart.o [1]
HAL_UART_RxCpltCallback::len
                        0x20003660     0x4  Data  Lc  usart.o [1]
HAL_UART_RxCpltCallback::temp_ptr
                        0x2000365c     0x4  Data  Lc  usart.o [1]
HAL_UART_Transmit       0x08009a8f    0xfc  Code  Gb  stm32l1xx_hal_uart.o [1]
HAL_UART_Transmit_IT    0x08009b8b    0x70  Code  Gb  stm32l1xx_hal_uart.o [1]
HAL_UART_TxCpltCallback
                        0x0800342f    0x20  Code  Gb  usart.o [1]
HAL_WWDG_IRQHandler     0x0800f14f    0x2c  Code  Gb  stm32l1xx_hal_wwdg.o [1]
HAL_WWDG_Init           0x0800f0a5    0x4c  Code  Gb  stm32l1xx_hal_wwdg.o [1]
HAL_WWDG_MspInit        0x0800975b    0x26  Code  Gb  wwdg.o [1]
HAL_WWDG_Refresh        0x0800f121    0x2e  Code  Gb  stm32l1xx_hal_wwdg.o [1]
HAL_WWDG_Start_IT       0x0800f0f1    0x30  Code  Gb  stm32l1xx_hal_wwdg.o [1]
HAL_WWDG_WakeupCallback
[...]
Timr3Ready              0x20003676     0x1  Data  Gb  tim.o [1]
TmpData                 0x20002710   0x248  Data  Gb  app_data.o [1]
Tst_Bypass              0x08002f47     0x6  Code  Gb  parser.o [1]
Tst_HeartBeat           0x080055af     0x6  Code  Gb  app_data.o [1]
UART_EndTransmit_IT     0x08009f07    0x32  Code  Lc  stm32l1xx_hal_uart.o [1]
UART_Receive_IT         0x08009f39    0xc8  Code  Lc  stm32l1xx_hal_uart.o [1]
UART_SetConfig          0x0800a001   0x2fe  Code  Lc  stm32l1xx_hal_uart.o [1]
UART_Transmit_IT        0x08009e8b    0x7c  Code  Lc  stm32l1xx_hal_uart.o [1]
UART_WaitOnFlagUntilTimeout
                        0x08009d9d    0xee  Code  Lc  stm32l1xx_hal_uart.o [1]
USART2_IRQHandler       0x080157c9     0xa  Code  Gb  stm32l1xx_it.o [1]
USART3_IRQHandler       0x080157bf     0xa  Code  Gb  stm32l1xx_it.o [1]
USART_ReceiveData       0x08003b97     0xa  Code  Gb  bgm111.o [1]
USART_SendData          0x08003b8b     0xc  Code  Gb  bgm111.o [1]
USBD_ClrClassConfig     0x08014ab3    0x18  Code  Gb  usbd_core.o [1]
USBD_ClrFeature         0x080152d7    0x3a  Code  Lc  usbd_ctlreq.o [1]
USBD_CtlContinueRx      0x08015393    0x1a  Code  Gb  usbd_ioreq.o [1]
USBD_CtlContinueSendData
                        0x08015379    0x1a  Code  Gb  usbd_ioreq.o [1]
USBD_CtlError           0x08015339    0x18  Code  Gb  usbd_ctlreq.o [1]
USBD_CtlReceiveStatus   0x080153c7    0x1a  Code  Gb  usbd_ioreq.o [1]
USBD_CtlSendData        0x08015351    0x28  Code  Gb  usbd_ioreq.o [1]
USBD_CtlSendStatus      0x080153ad    0x1a  Code  Gb  usbd_ioreq.o [1]
USBD_GetConfig          0x08015229    0x4c  Code  Lc  usbd_ctlreq.o [1]
USBD_GetDescriptor      0x08014f85   0x164  Code  Lc  usbd_ctlreq.o [1]
USBD_GetStatus          0x08015275    0x3c  Code  Lc  usbd_ctlreq.o [1]
USBD_LL_ClearStallEP    0x080149e1    0x16  Code  Gb  usbd_conf.o [1]
USBD_LL_DataInStage     0x08014bd3    0xe2  Code  Gb  usbd_core.o [1]
USBD_LL_DataOutStage    0x08014b43    0x90  Code  Gb  usbd_core.o [1]
USBD_LL_IsStallEP       0x080149f7    0x30  Code  Gb  usbd_conf.o [1]
USBD_LL_OpenEP          0x080149a9    0x22  Code  Gb  usbd_conf.o [1]
USBD_LL_PrepareReceive  0x08014a5d    0x20  Code  Gb  usbd_conf.o [1]
USBD_LL_Reset           0x08014cb5    0x46  Code  Gb  usbd_core.o [1]
USBD_LL_Resume          0x08014d17     0xe  Code  Gb  usbd_core.o [1]
USBD_LL_SOF             0x08014d25    0x24  Code  Gb  usbd_core.o [1]
USBD_LL_SetSpeed        0x08014cfb     0x8  Code  Gb  usbd_core.o [1]
USBD_LL_SetUSBAddress   0x08014a27    0x16  Code  Gb  usbd_conf.o [1]
USBD_LL_SetupStage      0x08014acb    0x78  Code  Gb  usbd_core.o [1]
USBD_LL_StallEP         0x080149cb    0x16  Code  Gb  usbd_conf.o [1]
USBD_LL_Suspend         0x08014d03    0x14  Code  Gb  usbd_core.o [1]
USBD_LL_Transmit        0x08014a3d    0x20  Code  Gb  usbd_conf.o [1]
USBD_ParseSetupRequest  0x08015311    0x28  Code  Gb  usbd_ctlreq.o [1]
USBD_RunTestMode        0x08014a81     0x6  Code  Gb  usbd_core.o [1]
USBD_SetAddress         0x080150e9    0x60  Code  Lc  usbd_ctlreq.o [1]
USBD_SetClassConfig     0x08014a87    0x2c  Code  Gb  usbd_core.o [1]
USBD_SetConfig          0x08015149    0xda  Code  Lc  usbd_ctlreq.o [1]
USBD_SetConfig::cfgidx  0x2000367a     0x1  Data  Lc  usbd_ctlreq.o [1]
USBD_SetFeature         0x080152b1    0x26  Code  Lc  usbd_ctlreq.o [1]
USBD_StdDevReq          0x08014d49    0x7c  Code  Gb  usbd_ctlreq.o [1]
USBD_StdEPReq           0x08014e11   0x174  Code  Gb  usbd_ctlreq.o [1]
USBD_StdItfReq          0x08014dc5    0x4c  Code  Gb  usbd_ctlreq.o [1]
USB_LP_IRQHandler       0x080157ab     0xa  Code  Gb  stm32l1xx_it.o [1]
Uart2Ready              0x20003677     0x1  Data  Gb  usart.o [1]
Uart3Ready              0x20003678     0x1  Data  Gb  usart.o [1]
WWDG_IRQHandler         0x080097c9     0xa  Code  Gb  wwdg.o [1]
_EncodingSb_Mbtowc      0x08012fc7    0x30  Code  Gb  xencoding_sb.o [3]
_EncodingSb_Mbtowc::initial
                        0x08013004     0x8  Data  Lc  xencoding_sb.o [3]
_EncodingSb_Wctomb      0x08012fad    0x1a  Code  Gb  xencoding_sb.o [3]
_EncodingSb_Wctomb::initial
                        0x08012ffc     0x8  Data  Lc  xencoding_sb.o [3]
_GenldFull              0x0800c699   0x254  Code  Lc  xprintffull.o [3]
_GetN                   0x0800e0c5    0x22  Code  Lc  xscanffull.o [3]
_GetfldFull             0x0800e2e9   0x10a  Code  Lc  xscanffull.o [3]
_GetfloatFull           0x0800e8a7   0x4e8  Code  Lc  xscanffull.o [3]
_GetintFull             0x0800e6af   0x1f2  Code  Lc  xscanffull.o [3]
_GetstrFull             0x0800e3f5   0x2b4  Code  Lc  xscanffull.o [3]
_IsdstStr               0x200000dc     0x4  Data  Gb  setlocale.o [3]
_LdtobFull              0x0800c28d   0x406  Code  Lc  xprintffull.o [3]
_LitobFull              0x0800c183   0x10a  Code  Lc  xprintffull.o [3]
_LocaleC_isalpha        0x0801303d    0x16  Code  Gb  xlocale_c.o [3]
_LocaleC_isspace        0x08013053    0x14  Code  Gb  xlocale_c.o [3]
_LocaleC_tolower        0x080137f5     0xc  Code  Gb  xlocale_c.o [3]
_LocaleEncoding         0x08012f99     0xe  Code  Gb  setlocale.o [3]
_LocaleForCat           0x08012f85    0x14  Code  Gb  setlocale.o [3]
_LocaleReturnString     0x200000fc    0x50  Data  Lc  setlocale.o [3]
_Locale_Profile         0x200000e0    0x1c  Data  Gb  setlocale.o [3]
_Locale_aeabi_lconv     0x2000009c    0x38  Data  Gb  localeconv.o [3]
_Locale_lconv           0x2000004c    0x50  Data  Gb  localeconv.o [3]
_Mbtowc                 0x080118f9    0x20  Code  Gb  xmbtowc.o [3]
_PrintfFull             0x0800b799   0x658  Code  Gb  xprintffull.o [3]
_PutcharsFull           0x0800c8ed    0x2e  Code  Lc  xprintffull.o [3]
_PutstrFull             0x0800be77   0x306  Code  Lc  xprintffull.o [3]
_SProut                 0x0800941b     0xa  Code  Gb  xsprout.o [3]
_SScin                  0x0800307f    0x1e  Code  Gb  xsscin.o [3]
_ScanfFull              0x0800e101   0x1e2  Code  Gb  xscanffull.o [3]
_Stoflt                 0x08013189   0x1d0  Code  Gb  xstoflt.o [3]
_Stopfx                 0x08013067   0x122  Code  Gb  xstopfx.o [3]
_Stoxflt                0x080135c1   0x1fa  Code  Gb  xstoxflt.o [3]
_Stoxflt::digits        0x080137c4    0x18  Data  Lc  xstoxflt.o [3]
_Stoxflt::vals          0x080137dc    0x18  Data  Lc  xstoxflt.o [3]
_TzoneStr               0x200000d8     0x4  Data  Gb  setlocale.o [3]
_UngetN                 0x0800e0e7    0x1a  Code  Lc  xscanffull.o [3]
_Wctomb                 0x08011a45    0x1a  Code  Gb  xwctomb.o [3]
__aeabi_cdcmpeq         0x08013801          Code  Gb  DblCmpEq.o [4]
__aeabi_cdcmple         0x08011c8d          Code  Gb  DblCmpLe.o [4]
__aeabi_cdrcmple        0x08011cbd          Code  Gb  DblCmpGe.o [4]
__aeabi_cfrcmple        0x0800d059          Code  Gb  FltCmpGe.o [4]
__aeabi_d2f             0x0800b6c5          Code  Gb  DblToFlt.o [4]
__aeabi_d2iz            0x0800cd25          Code  Gb  DblToI32.o [4]
__aeabi_d2uiz           0x0800cd51          Code  Gb  DblToI32.o [4]
__aeabi_dadd            0x0800ce35          Code  Gb  DblAdd.o [4]
__aeabi_ddiv            0x08011f79          Code  Gb  DblDiv.o [4]
__aeabi_dmul            0x0800cb81          Code  Gb  DblMul.o [4]
__aeabi_dsub            0x08011df9          Code  Gb  DblSub.o [4]
__aeabi_errno_addr      0x08012b31     0x6  Code  Gb  errno.o [3]
__aeabi_f2d             0x080093a1          Code  Gb  FltToDbl.o [4]
__aeabi_f2iz            0x0800b755          Code  Gb  FltToS32.o [4]
__aeabi_fadd            0x0800b551          Code  Gb  FltAdd.o [4]
__aeabi_fdiv            0x08009921          Code  Gb  FltDiv.o [4]
__aeabi_fmul            0x0800b479          Code  Gb  FltMul.o [4]
__aeabi_i2d             0x0800d07d          Code  Gb  I32ToDbl.o [4]
__aeabi_i2f             0x080098ed          Code  Gb  I32ToFlt.o [4]
__aeabi_ldiv0           0x08013039          Code  Gb  I64DivZer.o [5]
__aeabi_ui2d            0x0800d091          Code  Gb  I32ToDbl.o [4]
__aeabi_ui2f            0x08009901          Code  Gb  I32ToFlt.o [4]
__aeabi_uldivmod        0x08011b59          Code  Gb  I64DivMod.o [5]
__cmain                 0x080172b5          Code  Gb  cmain.o [5]
__data_Aldata           0x2000360c     0x8  Data  Gb  xxmemxmalloc.o [3]
__data_GetMemChunk      0x0801300d    0x2c  Code  Gb  xgetmemchunk.o [3]
__data_GetMemChunk::start
                        0x20003668     0x4  Data  Lc  xgetmemchunk.o [3]
__exit                  0x080172e5    0x14  Code  Gb  exit.o [6]
__iar_Dint              0x080123d3    0x7a  Code  Gb  xdint.o [4]
__iar_Dnorm             0x08011c47    0x44  Code  Gb  xdnorm.o [4]
__iar_Dscale            0x08011ced   0x10c  Code  Gb  xdscale.o [4]
__iar_Dtentox           0x08013413   0x14e  Code  Gb  xdtento.o [4]
__iar_Dunscale          0x08013821    0x52  Code  Gb  xdunscal.o [4]
__iar_Errno             0x200000d4     0x4  Data  Gb  errno.o [3]
__iar_Locale_lconv_init
                        0x080121d1    0x3a  Code  Gb  localeconv.o [3]
__iar_Mbcurmax          0x08011989     0xa  Code  Gb  xmbcurmax.o [3]
__iar_Memchr            0x08011931          Code  Gb  memchr.o [5]
__iar_Memset_word       0x08012375          Code  Gb  ABImemset.o [5]
__iar_Stold             0x08012855     0x4  Code  Gb  xstold.o [4]
__iar_Stoldx            0x0801270d   0x13c  Code  Gb  xstold.o [4]
__iar_Stoll             0x08012557     0x4  Code  Gb  xstoll.o [3]
__iar_Stollx            0x080124b5    0xa2  Code  Gb  xstoll.o [3]
__iar_Stoul             0x0800f051     0x4  Code  Gb  xstoul.o [3]
__iar_Stoull            0x080126b9     0x4  Code  Gb  xstoull.o [3]
__iar_Stoullx           0x0801255d   0x156  Code  Gb  xstoull.o [3]
__iar_Stoulx            0x0800ef0d   0x13e  Code  Gb  xstoul.o [3]
__iar_Strchr            0x08011919          Code  Gb  strchr.o [5]
__iar_Wctob             0x0801244d    0x36  Code  Gb  xwctob.o [3]
__iar_ceil              0x080129f1          Code  Gb  ceil.o [4]
__iar_ceill             0x080129f1          Code  Gb  ceil.o [4]
__iar_d2uiz             0x0800cd5d          Code  Gb  DblToI32.o [4]
__iar_dadd              0x0800ce49          Code  Gb  DblAdd.o [4]
__iar_data_init3        0x080168f1    0x28  Code  Gb  data_init.o [5]
__iar_dlib_perthread_access
                        0x0801303b     0x2  Code  Gb  xtls.o [3]
__iar_dsub              0x08011e0d          Code  Gb  DblSub.o [4]
__iar_dsubStart         0x08011e1f          Code  Gb  DblSub.o [4]
__iar_edom              0x080118ed          Code  Gb  iarEdom.o [5]
__iar_fadd              0x0800b561          Code  Gb  FltAdd.o [4]
__iar_fsub              0x08011815          Code  Gb  FltSub.o [4]
__iar_fsubStart         0x08011825          Code  Gb  FltSub.o [4]
__iar_modf              0x0800cd8d          Code  Gb  modf.o [4]
__iar_modfl             0x0800cd8d          Code  Gb  modf.o [4]
__iar_packbits_init_single3
                        0x08015eb5    0x38  Code  Gb  packbits_init_single.o [5]
__iar_program_start     0x08017e1d          Code  Gb  cstartup_M.o [5]
__iar_sqrt              0x0800b5d5          Code  Gb  sqrt.o [4]
__iar_ui2d              0x0800d095          Code  Gb  I32ToDbl.o [4]
__iar_ui2f              0x08009905          Code  Gb  I32ToFlt.o [4]
__iar_unaligned___aeabi_memcpy
                        0x08011a61          Code  Gb  ABImemcpy_unaligned.o [5]
__iar_unaligned___aeabi_memcpy4
                        0x08011a81          Code  Gb  ABImemcpy_unaligned.o [5]
__iar_unaligned___aeabi_memcpy8
                        0x08011a81          Code  Gb  ABImemcpy_unaligned.o [5]
__iar_unaligned_strcmp  0x0800cf1d          Code  Gb  strcmp_unaligned.o [5]
__iar_unaligned_strcpy  0x0800309d          Code  Gb  strcpy_unaligned.o [5]
__iar_unaligned_strncpy
                        0x0800cfa9          Code  Gb  strncpy_unaligned.o [5]
__iar_zero_init3        0x08015c6d    0x40  Code  Gb  zero_init3.o [5]
__low_level_init        0x080172cf     0x4  Code  Gb  low_level_init.o [3]
__vector_table          0x08000000          Data  Gb  startup_stm32l152xe.o [1]
_call_main              0x080172c1          Code  Gb  cmain.o [5]
_exit                   0x080172d9          Code  Gb  cexit.o [5]
_gecko_cmd_msg          0x200030b4    0x84  Data  Gb  bgm111.o [1]
_gecko_rsp_msg          0x20003138    0x84  Data  Gb  bgm111.o [1]
_main                   0x080172cb          Code  Gb  cmain.o [5]
aPLLDivisionFactorTable
                        0x08018098     0x4  Data  Gb  stm32l1xx_hal_rcc.o [1]
aPLLMULFactorTable      0x08017e10     0xc  Data  Gb  stm32l1xx_hal_rcc.o [1]
adcActive               0x20003671     0x1  Data  Gb  adc.o [1]
analytics               0x20003604     0x8  Data  Lc  app_data.o [1]
atoi                    0x0800971f     0x8  Code  Gb  atoi.o [3]
bffr1Flag               0x20003679     0x1  Data  Lc  usart.o [1]
bglib_input             0x20003618     0x4  Data  Gb  bgm111.o [1]
bglib_output            0x20003614     0x4  Data  Gb  bgm111.o [1]
bglib_peek              0x2000361c     0x4  Data  Gb  bgm111.o [1]
bgm1data                0x20003554    0x28  Data  Lc  usart.o [1]
ble                     0x20002dc0   0x1a0  Data  Lc  bgm111.o [1]
blemsgs                 0x200020c8   0x324  Data  Lc  bgm111.o [1]
ceil                    0x080129f1          Code  Gb  ceil.o [4]
ceill                   0x080129f1          Code  Gb  ceil.o [4]
clrUsartState           0x0800344f    0x1c  Code  Gb  usart.o [1]
connection_cnt          0x2000366c     0x2  Data  Lc  app_data.o [1]
data                    0x20002958   0x248  Data  Gb  app_data.o [1]
delay_1ms               0x0800b001     0xe  Code  Gb  ErrorCodes.o [1]
digits                  0x0800f054    0x28  Data  Lc  xstoul.o [3]
digits                  0x080126bc    0x28  Data  Lc  xstoull.o [3]
div                     0x0801223d     0xe  Code  Gb  div.o [3]
dmul                    0x080133c1    0x52  Code  Lc  xdtento.o [4]
driver_list             0x200035ec     0xc  Data  Lc  app_data.o [1]
errStruct               0x200023ec   0x324  Data  Lc  ErrorCodes.o [1]
exit                    0x080172d3     0x4  Code  Gb  exit.o [3]
fi                      0x2000323c    0x80  Data  Lc  Rd_Sound.o [1]
fix_fft                 0x0800b2cd   0x1ac  Code  Gb  fix_fft.o [1]
fr                      0x200031bc    0x80  Data  Lc  Rd_Sound.o [1]
free                    0x08011ad9    0x7a  Code  Gb  xxmemxfree.o [3]
fs                      0x200032bc    0x80  Data  Lc  Rd_Sound.o [1]
gecko_cmd_le_gap_set_mode
                        0x0800359d    0x40  Code  Lc  bgm111.o [1]
gecko_cmd_msg           0x2000000c     0x4  Data  Gb  bgm111.o [1]
gecko_get_event         0x0800adfd    0x5e  Code  Gb  gecko_bglib.o [1]
gecko_handle_command    0x0800ae7f    0x30  Code  Gb  gecko_bglib.o [1]
gecko_peek_event        0x0800ae5b     0xa  Code  Gb  gecko_bglib.o [1]
gecko_queue             0x20001150   0xf78  Data  Gb  bgm111.o [1]
gecko_queue_r           0x20003624     0x4  Data  Gb  bgm111.o [1]
gecko_queue_w           0x20003620     0x4  Data  Gb  bgm111.o [1]
gecko_rsp_msg           0x20000010     0x4  Data  Gb  bgm111.o [1]
gecko_wait_message      0x0800ad21    0xdc  Code  Gb  gecko_bglib.o [1]
gecko_wait_response     0x0800ae65    0x1a  Code  Gb  gecko_bglib.o [1]
hadc                    0x2000333c    0x54  Data  Gb  adc.o [1]
hatoi                   0x08002eef    0x58  Code  Gb  parser.o [1]
hdma_adc                0x2000344c    0x38  Data  Gb  adc.o [1]
hi2c1                   0x20003410    0x3c  Data  Gb  i2c.o [1]
hpcd_USB_FS             0x20002ba0   0x220  Data  Gb  usbd_conf.o [1]
htim2                   0x200034bc    0x38  Data  Gb  tim.o [1]
htim3                   0x200034f4    0x38  Data  Gb  tim.o [1]
htim4                   0x20003484    0x38  Data  Gb  stm32l1xx_hal_timebase_TIM.o [1]
huart2                  0x20003390    0x40  Data  Gb  usart.o [1]
huart3                  0x200033d0    0x40  Data  Gb  usart.o [1]
hwwdg                   0x200035cc    0x14  Data  Gb  wwdg.o [1]
isHexNum                0x08002ea5    0x4a  Code  Gb  parser.o [1]
isalpha                 0x0801248d    0x14  Code  Gb  isxxx.o [3]
isdigit                 0x08009715     0xa  Code  Gb  isdigit.o [3]
isspace                 0x080124a1    0x14  Code  Gb  isxxx.o [3]
ledOffCnt               0x20000044     0x4  Data  Lc  tim.o [1]
localeconv              0x0801220b    0x16  Code  Gb  localeconv.o [3]
main                    0x0800a309   0x58a  Code  Gb  main.o [1]
malloc                  0x08011995    0xac  Code  Gb  xxmemxmalloc.o [3]
memchr                  0x08011931          Code  Gb  memchr.o [5]
modf                    0x0800cd7d          Code  Gb  modf.o [4]
modfl                   0x0800cd7d          Code  Gb  modf.o [4]
ndigs                   0x0800f07c    0x28  Data  Lc  xstoul.o [3]
ndigs                   0x080126e4    0x28  Data  Lc  xstoull.o [3]
osSystickHandler        0x0801581d    0x10  Code  Gb  cmsis_os.o [1]
pFlash                  0x200035b4    0x18  Data  Gb  stm32l1xx_hal_flash.o [1]
pows                    0x08013578    0x48  Data  Lc  xdtento.o [4]
prvResetNextTaskUnblockTime
                        0x08015595    0x28  Code  Lc  tasks.o [1]
pxCurrentTCB            0x20003630     0x4  Data  Gb  tasks.o [1]
pxDelayedTaskList       0x20003634     0x4  Data  Lc  tasks.o [1]
pxOverflowDelayedTaskList
                        0x20003638     0x4  Data  Lc  tasks.o [1]
pxReadyTasksLists       0x20003028    0x8c  Data  Lc  tasks.o [1]
round                   0x0800d015    0x44  Code  Gb  round.o [4]
sConfig                 0x200035e0     0xc  Data  Gb  adc.o [1]
saveLen                 0x20000048     0x4  Data  Lc  usart.o [1]
sprintf                 0x08004049    0x34  Code  Gb  sprintf.o [3]
sqrt                    0x0800b5d5          Code  Gb  sqrt.o [4]
sqrtl                   0x0800b5d5          Code  Gb  sqrt.o [4]
sscanf                  0x0800937d    0x24  Code  Gb  sscanf.o [3]
strcat                  0x0800407d    0x1c  Code  Gb  strcat.o [3]
strchr                  0x08011919          Code  Gb  strchr.o [5]
strlen                  0x08003049          Code  Gb  strlen.o [5]
strncmp                 0x080093ef    0x2c  Code  Gb  strncmp.o [3]
tolower                 0x08012b1d    0x14  Code  Gb  tolower.o [3]
ubSequenceCompleted     0x20003670     0x1  Data  Gb  adc.o [1]
ulPortSetInterruptMask  0x08015643          Code  Gb  portasm.o [1]
uwTick                  0x2000362c     0x4  Data  Lc  stm32l1xx_hal.o [1]
uxListRemove            0x080156b1    0x28  Code  Gb  list.o [1]
uxPendedTicks           0x20003648     0x4  Data  Lc  tasks.o [1]
uxSchedulerSuspended    0x20003658     0x4  Data  Lc  tasks.o [1]
uxTopReadyPriority      0x20003640     0x4  Data  Lc  tasks.o [1]
vListInsertEnd          0x08015699    0x18  Code  Gb  list.o [1]
vPortClearInterruptMask
                        0x08015651          Code  Gb  portasm.o [1]
vPortStartFirstTask     0x08015677          Code  Gb  portasm.o [1]
vTaskSwitchContext      0x08015515    0x6c  Code  Gb  tasks.o [1]
wwdg_HardFrames         0x08070000    0x1c  Data  Gb  wwdg.o [1]
wwdg_Save               0x20003664     0x4  Data  Lc  wwdg.o [1]
xNextTaskUnblockTime    0x20003654     0x4  Data  Lc  tasks.o [1]
xNumOfOverflows         0x20003650     0x4  Data  Lc  tasks.o [1]
xPortSysTickHandler     0x0801582d    0x1e  Code  Gb  port.o [1]
xSchedulerRunning       0x20003644     0x4  Data  Lc  tasks.o [1]
xTaskGetSchedulerState  0x080155bd    0x26  Code  Gb  tasks.o [1]
xTaskIncrementTick      0x080153e1   0x134  Code  Gb  tasks.o [1]
xTickCount              0x2000363c     0x4  Data  Lc  tasks.o [1]
xYieldPending           0x2000364c     0x4  Data  Lc  tasks.o [1]


[1] = D:\GoogleDriveCLT\GoogleDrive\WeatherCloud\Roadboard\Software\Road-Board-December-2016N8\EWARM\Road Brd MSTR Rev L Long Always\Obj
[2] = command line
[3] = dl7M_tlf.a
[4] = m7M_tl.a
[5] = rt7M_tl.a
[6] = shb_l.a

  88 408 bytes of readonly  code memory
  10 336 bytes of readonly  data memory
  13 944 bytes of readwrite data memory (+ 228 absolute)

Errors: none
Warnings: none
