###############################################################################
#
# IAR ELF Linker V7.60.2.11341/W32 for ARM                06/Jun/2017  14:53:35
# Copyright 2007-2016 IAR Systems AB.
#
#    Output file  =  
#        D:\GoogleDriveCLT\GoogleDrive\WeatherCloud\Roadboard\Software\Road-Board-December-2016\EWARM\Road
#        Brd MSTR Rev L Long Always\Exe\Road Board Rev K NUCLEO V1.1 Jul 12
#        2016.out
#    Map file     =  
#        D:\GoogleDriveCLT\GoogleDrive\WeatherCloud\Roadboard\Software\Road-Board-December-2016\EWARM\Road
#        Brd MSTR Rev L Long Always\List\Road Board Rev K NUCLEO V1.1 Jul 12
#        2016.map
#    Command line =  
#        "D:\GoogleDriveCLT\GoogleDrive\WeatherCloud\Roadboard\Software\Road-Board-December-2016\EWARM\Road
#        Brd MSTR Rev L Long Always\Obj\adc.o"
#        "D:\GoogleDriveCLT\GoogleDrive\WeatherCloud\Roadboard\Software\Road-Board-December-2016\EWARM\Road
#        Brd MSTR Rev L Long Always\Obj\app_data.o"
#        "D:\GoogleDriveCLT\GoogleDrive\WeatherCloud\Roadboard\Software\Road-Board-December-2016\EWARM\Road
#        Brd MSTR Rev L Long Always\Obj\barometer.o"
#        "D:\GoogleDriveCLT\GoogleDrive\WeatherCloud\Roadboard\Software\Road-Board-December-2016\EWARM\Road
#        Brd MSTR Rev L Long Always\Obj\bgm111.o"
#        "D:\GoogleDriveCLT\GoogleDrive\WeatherCloud\Roadboard\Software\Road-Board-December-2016\EWARM\Road
#        Brd MSTR Rev L Long Always\Obj\cmsis_os.o"
#        "D:\GoogleDriveCLT\GoogleDrive\WeatherCloud\Roadboard\Software\Road-Board-December-2016\EWARM\Road
#        Brd MSTR Rev L Long Always\Obj\croutine.o"
#        "D:\GoogleDriveCLT\GoogleDrive\WeatherCloud\Roadboard\Software\Road-Board-December-2016\EWARM\Road
#        Brd MSTR Rev L Long Always\Obj\dma.o"
#        "D:\GoogleDriveCLT\GoogleDrive\WeatherCloud\Roadboard\Software\Road-Board-December-2016\EWARM\Road
#        Brd MSTR Rev L Long Always\Obj\ErrorCodes.o"
#        "D:\GoogleDriveCLT\GoogleDrive\WeatherCloud\Roadboard\Software\Road-Board-December-2016\EWARM\Road
#        Brd MSTR Rev L Long Always\Obj\event_groups.o"
#        "D:\GoogleDriveCLT\GoogleDrive\WeatherCloud\Roadboard\Software\Road-Board-December-2016\EWARM\Road
#        Brd MSTR Rev L Long Always\Obj\fix_fft.o"
#        "D:\GoogleDriveCLT\GoogleDrive\WeatherCloud\Roadboard\Software\Road-Board-December-2016\EWARM\Road
#        Brd MSTR Rev L Long Always\Obj\Flash.o"
#        "D:\GoogleDriveCLT\GoogleDrive\WeatherCloud\Roadboard\Software\Road-Board-December-2016\EWARM\Road
#        Brd MSTR Rev L Long Always\Obj\freertos.o"
#        "D:\GoogleDriveCLT\GoogleDrive\WeatherCloud\Roadboard\Software\Road-Board-December-2016\EWARM\Road
#        Brd MSTR Rev L Long Always\Obj\gecko_bglib.o"
#        "D:\GoogleDriveCLT\GoogleDrive\WeatherCloud\Roadboard\Software\Road-Board-December-2016\EWARM\Road
#        Brd MSTR Rev L Long Always\Obj\gpio.o"
#        "D:\GoogleDriveCLT\GoogleDrive\WeatherCloud\Roadboard\Software\Road-Board-December-2016\EWARM\Road
#        Brd MSTR Rev L Long Always\Obj\GridEye.o"
#        "D:\GoogleDriveCLT\GoogleDrive\WeatherCloud\Roadboard\Software\Road-Board-December-2016\EWARM\Road
#        Brd MSTR Rev L Long Always\Obj\heap_4.o"
#        "D:\GoogleDriveCLT\GoogleDrive\WeatherCloud\Roadboard\Software\Road-Board-December-2016\EWARM\Road
#        Brd MSTR Rev L Long Always\Obj\Humidity.o"
#        "D:\GoogleDriveCLT\GoogleDrive\WeatherCloud\Roadboard\Software\Road-Board-December-2016\EWARM\Road
#        Brd MSTR Rev L Long Always\Obj\i2c.o"
#        "D:\GoogleDriveCLT\GoogleDrive\WeatherCloud\Roadboard\Software\Road-Board-December-2016\EWARM\Road
#        Brd MSTR Rev L Long Always\Obj\list.o"
#        "D:\GoogleDriveCLT\GoogleDrive\WeatherCloud\Roadboard\Software\Road-Board-December-2016\EWARM\Road
#        Brd MSTR Rev L Long Always\Obj\lps25hb.o"
#        "D:\GoogleDriveCLT\GoogleDrive\WeatherCloud\Roadboard\Software\Road-Board-December-2016\EWARM\Road
#        Brd MSTR Rev L Long Always\Obj\main.o"
#        "D:\GoogleDriveCLT\GoogleDrive\WeatherCloud\Roadboard\Software\Road-Board-December-2016\EWARM\Road
#        Brd MSTR Rev L Long Always\Obj\parser.o"
#        "D:\GoogleDriveCLT\GoogleDrive\WeatherCloud\Roadboard\Software\Road-Board-December-2016\EWARM\Road
#        Brd MSTR Rev L Long Always\Obj\port.o"
#        "D:\GoogleDriveCLT\GoogleDrive\WeatherCloud\Roadboard\Software\Road-Board-December-2016\EWARM\Road
#        Brd MSTR Rev L Long Always\Obj\portasm.o"
#        "D:\GoogleDriveCLT\GoogleDrive\WeatherCloud\Roadboard\Software\Road-Board-December-2016\EWARM\Road
#        Brd MSTR Rev L Long Always\Obj\queue.o"
#        "D:\GoogleDriveCLT\GoogleDrive\WeatherCloud\Roadboard\Software\Road-Board-December-2016\EWARM\Road
#        Brd MSTR Rev L Long Always\Obj\Rd_Sound.o"
#        "D:\GoogleDriveCLT\GoogleDrive\WeatherCloud\Roadboard\Software\Road-Board-December-2016\EWARM\Road
#        Brd MSTR Rev L Long Always\Obj\RGBLight.o"
#        "D:\GoogleDriveCLT\GoogleDrive\WeatherCloud\Roadboard\Software\Road-Board-December-2016\EWARM\Road
#        Brd MSTR Rev L Long Always\Obj\startup_stm32l152xe.o"
#        "D:\GoogleDriveCLT\GoogleDrive\WeatherCloud\Roadboard\Software\Road-Board-December-2016\EWARM\Road
#        Brd MSTR Rev L Long Always\Obj\stm32l1xx_hal.o"
#        "D:\GoogleDriveCLT\GoogleDrive\WeatherCloud\Roadboard\Software\Road-Board-December-2016\EWARM\Road
#        Brd MSTR Rev L Long Always\Obj\stm32l1xx_hal_adc.o"
#        "D:\GoogleDriveCLT\GoogleDrive\WeatherCloud\Roadboard\Software\Road-Board-December-2016\EWARM\Road
#        Brd MSTR Rev L Long Always\Obj\stm32l1xx_hal_adc_ex.o"
#        "D:\GoogleDriveCLT\GoogleDrive\WeatherCloud\Roadboard\Software\Road-Board-December-2016\EWARM\Road
#        Brd MSTR Rev L Long Always\Obj\stm32l1xx_hal_cortex.o"
#        "D:\GoogleDriveCLT\GoogleDrive\WeatherCloud\Roadboard\Software\Road-Board-December-2016\EWARM\Road
#        Brd MSTR Rev L Long Always\Obj\stm32l1xx_hal_dma.o"
#        "D:\GoogleDriveCLT\GoogleDrive\WeatherCloud\Roadboard\Software\Road-Board-December-2016\EWARM\Road
#        Brd MSTR Rev L Long Always\Obj\stm32l1xx_hal_flash.o"
#        "D:\GoogleDriveCLT\GoogleDrive\WeatherCloud\Roadboard\Software\Road-Board-December-2016\EWARM\Road
#        Brd MSTR Rev L Long Always\Obj\stm32l1xx_hal_flash_ex.o"
#        "D:\GoogleDriveCLT\GoogleDrive\WeatherCloud\Roadboard\Software\Road-Board-December-2016\EWARM\Road
#        Brd MSTR Rev L Long Always\Obj\stm32l1xx_hal_flash_ramfunc.o"
#        "D:\GoogleDriveCLT\GoogleDrive\WeatherCloud\Roadboard\Software\Road-Board-December-2016\EWARM\Road
#        Brd MSTR Rev L Long Always\Obj\stm32l1xx_hal_gpio.o"
#        "D:\GoogleDriveCLT\GoogleDrive\WeatherCloud\Roadboard\Software\Road-Board-December-2016\EWARM\Road
#        Brd MSTR Rev L Long Always\Obj\stm32l1xx_hal_i2c.o"
#        "D:\GoogleDriveCLT\GoogleDrive\WeatherCloud\Roadboard\Software\Road-Board-December-2016\EWARM\Road
#        Brd MSTR Rev L Long Always\Obj\stm32l1xx_hal_msp.o"
#        "D:\GoogleDriveCLT\GoogleDrive\WeatherCloud\Roadboard\Software\Road-Board-December-2016\EWARM\Road
#        Brd MSTR Rev L Long Always\Obj\stm32l1xx_hal_pcd.o"
#        "D:\GoogleDriveCLT\GoogleDrive\WeatherCloud\Roadboard\Software\Road-Board-December-2016\EWARM\Road
#        Brd MSTR Rev L Long Always\Obj\stm32l1xx_hal_pcd_ex.o"
#        "D:\GoogleDriveCLT\GoogleDrive\WeatherCloud\Roadboard\Software\Road-Board-December-2016\EWARM\Road
#        Brd MSTR Rev L Long Always\Obj\stm32l1xx_hal_pwr.o"
#        "D:\GoogleDriveCLT\GoogleDrive\WeatherCloud\Roadboard\Software\Road-Board-December-2016\EWARM\Road
#        Brd MSTR Rev L Long Always\Obj\stm32l1xx_hal_pwr_ex.o"
#        "D:\GoogleDriveCLT\GoogleDrive\WeatherCloud\Roadboard\Software\Road-Board-December-2016\EWARM\Road
#        Brd MSTR Rev L Long Always\Obj\stm32l1xx_hal_rcc.o"
#        "D:\GoogleDriveCLT\GoogleDrive\WeatherCloud\Roadboard\Software\Road-Board-December-2016\EWARM\Road
#        Brd MSTR Rev L Long Always\Obj\stm32l1xx_hal_rcc_ex.o"
#        "D:\GoogleDriveCLT\GoogleDrive\WeatherCloud\Roadboard\Software\Road-Board-December-2016\EWARM\Road
#        Brd MSTR Rev L Long Always\Obj\stm32l1xx_hal_tim.o"
#        "D:\GoogleDriveCLT\GoogleDrive\WeatherCloud\Roadboard\Software\Road-Board-December-2016\EWARM\Road
#        Brd MSTR Rev L Long Always\Obj\stm32l1xx_hal_tim_ex.o"
#        "D:\GoogleDriveCLT\GoogleDrive\WeatherCloud\Roadboard\Software\Road-Board-December-2016\EWARM\Road
#        Brd MSTR Rev L Long Always\Obj\stm32l1xx_hal_timebase_TIM.o"
#        "D:\GoogleDriveCLT\GoogleDrive\WeatherCloud\Roadboard\Software\Road-Board-December-2016\EWARM\Road
#        Brd MSTR Rev L Long Always\Obj\stm32l1xx_hal_uart.o"
#        "D:\GoogleDriveCLT\GoogleDrive\WeatherCloud\Roadboard\Software\Road-Board-December-2016\EWARM\Road
#        Brd MSTR Rev L Long Always\Obj\stm32l1xx_hal_wwdg.o"
#        "D:\GoogleDriveCLT\GoogleDrive\WeatherCloud\Roadboard\Software\Road-Board-December-2016\EWARM\Road
#        Brd MSTR Rev L Long Always\Obj\stm32l1xx_it.o"
#        "D:\GoogleDriveCLT\GoogleDrive\WeatherCloud\Roadboard\Software\Road-Board-December-2016\EWARM\Road
#        Brd MSTR Rev L Long Always\Obj\stm32l1xx_nucleo.o"
#        "D:\GoogleDriveCLT\GoogleDrive\WeatherCloud\Roadboard\Software\Road-Board-December-2016\EWARM\Road
#        Brd MSTR Rev L Long Always\Obj\system_stm32l1xx.o"
#        "D:\GoogleDriveCLT\GoogleDrive\WeatherCloud\Roadboard\Software\Road-Board-December-2016\EWARM\Road
#        Brd MSTR Rev L Long Always\Obj\tasks.o"
#        "D:\GoogleDriveCLT\GoogleDrive\WeatherCloud\Roadboard\Software\Road-Board-December-2016\EWARM\Road
#        Brd MSTR Rev L Long Always\Obj\Temperature.o"
#        "D:\GoogleDriveCLT\GoogleDrive\WeatherCloud\Roadboard\Software\Road-Board-December-2016\EWARM\Road
#        Brd MSTR Rev L Long Always\Obj\tim.o"
#        "D:\GoogleDriveCLT\GoogleDrive\WeatherCloud\Roadboard\Software\Road-Board-December-2016\EWARM\Road
#        Brd MSTR Rev L Long Always\Obj\timers.o"
#        "D:\GoogleDriveCLT\GoogleDrive\WeatherCloud\Roadboard\Software\Road-Board-December-2016\EWARM\Road
#        Brd MSTR Rev L Long Always\Obj\usart.o"
#        "D:\GoogleDriveCLT\GoogleDrive\WeatherCloud\Roadboard\Software\Road-Board-December-2016\EWARM\Road
#        Brd MSTR Rev L Long Always\Obj\usb_device.o"
#        "D:\GoogleDriveCLT\GoogleDrive\WeatherCloud\Roadboard\Software\Road-Board-December-2016\EWARM\Road
#        Brd MSTR Rev L Long Always\Obj\usbd_cdc.o"
#        "D:\GoogleDriveCLT\GoogleDrive\WeatherCloud\Roadboard\Software\Road-Board-December-2016\EWARM\Road
#        Brd MSTR Rev L Long Always\Obj\usbd_cdc_if.o"
#        "D:\GoogleDriveCLT\GoogleDrive\WeatherCloud\Roadboard\Software\Road-Board-December-2016\EWARM\Road
#        Brd MSTR Rev L Long Always\Obj\usbd_conf.o"
#        "D:\GoogleDriveCLT\GoogleDrive\WeatherCloud\Roadboard\Software\Road-Board-December-2016\EWARM\Road
#        Brd MSTR Rev L Long Always\Obj\usbd_core.o"
#        "D:\GoogleDriveCLT\GoogleDrive\WeatherCloud\Roadboard\Software\Road-Board-December-2016\EWARM\Road
#        Brd MSTR Rev L Long Always\Obj\usbd_ctlreq.o"
#        "D:\GoogleDriveCLT\GoogleDrive\WeatherCloud\Roadboard\Software\Road-Board-December-2016\EWARM\Road
#        Brd MSTR Rev L Long Always\Obj\usbd_desc.o"
#        "D:\GoogleDriveCLT\GoogleDrive\WeatherCloud\Roadboard\Software\Road-Board-December-2016\EWARM\Road
#        Brd MSTR Rev L Long Always\Obj\usbd_ioreq.o"
#        "D:\GoogleDriveCLT\GoogleDrive\WeatherCloud\Roadboard\Software\Road-Board-December-2016\EWARM\Road
#        Brd MSTR Rev L Long Always\Obj\VMonitor.o"
#        "D:\GoogleDriveCLT\GoogleDrive\WeatherCloud\Roadboard\Software\Road-Board-December-2016\EWARM\Road
#        Brd MSTR Rev L Long Always\Obj\wwdg.o" --redirect _Printf=_PrintfFull
#        --redirect _Scanf=_ScanfFull -o
#        "D:\GoogleDriveCLT\GoogleDrive\WeatherCloud\Roadboard\Software\Road-Board-December-2016\EWARM\Road
#        Brd MSTR Rev L Long Always\Exe\Road Board Rev K NUCLEO V1.1 Jul 12
#        2016.out" --map
#        "D:\GoogleDriveCLT\GoogleDrive\WeatherCloud\Roadboard\Software\Road-Board-December-2016\EWARM\Road
#        Brd MSTR Rev L Long Always\List\Road Board Rev K NUCLEO V1.1 Jul 12
#        2016.map" --config
#        D:\GoogleDriveCLT\GoogleDrive\WeatherCloud\Roadboard\Software\Road-Board-December-2016\EWARM/stm32l152xe_flash.icf
#        --semihosting --entry __iar_program_start --vfe
#
###############################################################################

*******************************************************************************
*** RUNTIME MODEL ATTRIBUTES
***

CppFlavor                     = *
__Heap_Handler                = Basic
__SystemLibrary               = DLib
__dlib_dynamic_initialization = normal


*******************************************************************************
*** PLACEMENT SUMMARY
***

"A1":  place at 0x08000000 { ro section .intvec };
"P1":  place in [from 0x08000000 to 0x0807ffff] { ro };
"P2":  place in [from 0x20000000 to 0x20013fff] { rw, block CSTACK, block HEAP };
initialize by copy { rw };

  Section             Kind        Address     Size  Object
  -------             ----        -------     ----  ------
"A1":                                        0x124
  .intvec             ro code  0x08000000    0x124  startup_stm32l152xe.o [1]
                             - 0x08000124    0x124

"P1":                                      0x12670
  .text               ro code  0x08000124   0x1ef4  parser.o [1]
  .text               ro code  0x08002018     0x36  strlen.o [5]
  .text               ro code  0x0800204e      0xa  xsprout.o [3]
  .text               ro code  0x08002058     0x44  strcpy_unaligned.o [5]
  .text               ro code  0x0800209c    0x4bc  usart.o [1]
  .text               ro code  0x08002558    0x6ac  bgm111.o [1]
  .text               ro code  0x08002c04    0x230  Rd_Sound.o [1]
  .text               ro code  0x08002e34     0x34  sprintf.o [3]
  .text               ro code  0x08002e68     0x1c  strcat.o [3]
  .text               ro code  0x08002e84    0x1f8  barometer.o [1]
  .text               ro code  0x0800307c    0xfcc  app_data.o [1]
  .text               ro code  0x08004048    0xd98  GridEye.o [1]
  .text               ro code  0x08004de0    0x4c0  VMonitor.o [1]
  .text               ro code  0x080052a0    0x6c8  Humidity.o [1]
  .text               ro code  0x08005968    0x16c  Temperature.o [1]
  .text               ro code  0x08005ad4    0x344  RGBLight.o [1]
  .text               ro code  0x08005e18    0x1c4  gpio.o [1]
  .text               ro code  0x08005fdc    0x4e0  i2c.o [1]
  .text               ro code  0x080064bc    0x1b0  stm32l1xx_hal_cortex.o [1]
  .text               ro code  0x0800666c    0x8ec  stm32l1xx_hal_uart.o [1]
  .text               ro code  0x08006f58    0x566  main.o [1]
  .text               ro code  0x080074c0    0x378  stm32l1xx_hal_gpio.o [1]
  .text               ro code  0x08007838    0x1b0  gecko_bglib.o [1]
  .text               ro code  0x080079e8    0x13e  ErrorCodes.o [1]
  .text               ro code  0x08007b26     0x2c  strncmp.o [3]
  .text               ro code  0x08007b54    0x2bc  adc.o [1]
  .text               ro code  0x08007e10    0x240  fix_fft.o [1]
  .text               ro code  0x08008050     0x30  I32ToDbl.o [4]
  .text               ro code  0x08008080     0xf0  sqrt.o [4]
  .text               ro code  0x08008170     0x90  DblToFlt.o [4]
  .text               ro code  0x08008200     0x44  FltToS32.o [4]
  .text               ro code  0x08008244   0x119e  xprintffull.o [3]
  .text               ro code  0x080093e4    0x248  lps25hb.o [1]
  .text               ro code  0x0800962c     0x4e  FltToDbl.o [4]
  .text               ro code  0x0800967c    0x1a2  DblMul.o [4]
  .text               ro code  0x08009820     0x58  DblToI32.o [4]
  .text               ro code  0x08009878     0xb8  modf.o [4]
  .text               ro code  0x08009930     0xd8  FltMul.o [4]
  .text               ro code  0x08009a08     0xe8  DblAdd.o [4]
  .text               ro code  0x08009af0    0x128  wwdg.o [1]
  .text               ro code  0x08009c18     0x42  strcmp_unaligned.o [5]
  .text               ro code  0x08009c5c     0x48  stm32l1xx_hal.o [1]
  .text               ro code  0x08009ca4     0x6c  strncpy_unaligned.o [5]
  .text               ro code  0x08009d10     0x32  I32ToFlt.o [4]
  .text               ro code  0x08009d44     0x44  round.o [4]
  .text               ro code  0x08009d88     0x24  FltCmpGe.o [4]
  .text               ro code  0x08009dac     0xfc  FltDiv.o [4]
  .text               ro code  0x08009ea8     0x84  FltAdd.o [4]
  .text               ro code  0x08009f2c   0x1018  stm32l1xx_hal_i2c.o [1]
  .text               ro code  0x0800af44    0xcd4  stm32l1xx_hal_rcc.o [1]
  .text               ro code  0x0800bc18     0x30  dma.o [1]
  .text               ro code  0x0800bc48    0x224  tim.o [1]
  .text               ro code  0x0800be6c    0x82a  stm32l1xx_hal_adc.o [1]
  .text               ro code  0x0800c698    0xefe  stm32l1xx_hal_dma.o [1]
  .text               ro code  0x0800d596     0x1c  fix_fft.o [1]
  .text               ro code  0x0800d5b4      0xc  iarEdom.o [5]
  .text               ro code  0x0800d5c0     0x20  xmbtowc.o [3]
  .text               ro code  0x0800d5e0     0x16  strchr.o [5]
  .text               ro code  0x0800d5f8     0x58  memchr.o [5]
  .text               ro code  0x0800d650      0xa  xmbcurmax.o [3]
  .text               ro code  0x0800d65c     0xb0  xxmemxmalloc.o [3]
  .text               ro code  0x0800d70c     0x1a  xwctomb.o [3]
  .text               ro code  0x0800d728     0x76  ABImemcpy_unaligned.o [5]
  .text               ro code  0x0800d7a0     0x80  xxmemxfree.o [3]
  .text               ro code  0x0800d820     0xee  I64DivMod.o [5]
  .text               ro code  0x0800d90e     0x44  xdnorm.o [4]
  .text               ro code  0x0800d954     0x2e  DblCmpLe.o [4]
  .text               ro code  0x0800d984     0x2e  DblCmpGe.o [4]
  .text               ro code  0x0800d9b4    0x10c  xdscale.o [4]
  .text               ro code  0x0800dac0    0x180  DblSub.o [4]
  .text               ro code  0x0800dc40    0x256  DblDiv.o [4]
  .text               ro code  0x0800de98     0x6c  localeconv.o [3]
  .text               ro code  0x0800df04      0xe  div.o [3]
  .text               ro code  0x0800df12     0xd6  stm32l1xx_hal_wwdg.o [1]
  .text               ro code  0x0800dfe8    0x158  Flash.o [1]
  .text               ro code  0x0800e140     0x90  stm32l1xx_hal_timebase_TIM.o [1]
  .text               ro code  0x0800e1d0     0x98  stm32l1xx_hal_msp.o [1]
  .text               ro code  0x0800e268     0x5e  ABImemset.o [5]
  .text               ro code  0x0800e2c6     0x7a  xdint.o [4]
  .text               ro code  0x0800e340     0xd6  FltSub.o [4]
  .text               ro code  0x0800e418     0x10  stm32l1xx_hal_pwr_ex.o [1]
  .text               ro code  0x0800e428    0x3da  stm32l1xx_hal_tim.o [1]
  .text               ro code  0x0800e802     0x5e  stm32l1xx_hal_tim_ex.o [1]
  .text               ro code  0x0800e860      0xc  errno.o [3]
  .text               ro code  0x0800e86c     0x14  setlocale.o [3]
  .text               ro code  0x0800e880     0x60  xencoding_sb.o [3]
  .text               ro code  0x0800e8e0     0x2c  xgetmemchunk.o [3]
  .text               ro code  0x0800e90c      0x2  I64DivZer.o [5]
  .text               ro code  0x0800e90e      0x2  xtls.o [3]
  .text               ro code  0x0800e910    0x198  stm32l1xx_hal_flash.o [1]
  .text               ro code  0x0800eaa8     0x5e  ceil.o [4]
  .text               ro code  0x0800eb08     0xcc  stm32l1xx_hal_flash_ex.o [1]
  .text               ro code  0x0800ebd4   0x1074  stm32l1xx_hal_pcd.o [1]
  .text               ro code  0x0800fc48    0x198  usbd_conf.o [1]
  .text               ro code  0x0800fde0    0x2c8  usbd_core.o [1]
  .text               ro code  0x080100a8    0x608  usbd_ctlreq.o [1]
  .text               ro code  0x080106b0     0x90  usbd_ioreq.o [1]
  .text               ro code  0x08010740    0x224  tasks.o [1]
  CODE                ro code  0x08010964     0x94  portasm.o [1]
  .text               ro code  0x080109f8     0x40  list.o [1]
  .text               ro code  0x08010a38     0x84  stm32l1xx_it.o [1]
  .text               ro code  0x08010abc     0x10  cmsis_os.o [1]
  .text               ro code  0x08010acc     0x24  port.o [1]
  .rodata             const    0x08010af0     0x80  fix_fft.o [1]
  .text               ro code  0x08010b70     0x64  system_stm32l1xx.o [1]
  .rodata             const    0x08010bd4     0x58  ErrorCodes.o [1]
  .rodata             const    0x08010c2c     0x48  parser.o [1]
  .rodata             const    0x08010c74     0x48  parser.o [1]
  .rodata             const    0x08010cbc     0x44  parser.o [1]
  .rodata             const    0x08010d00     0x44  parser.o [1]
  .rodata             const    0x08010d44     0x44  parser.o [1]
  .rodata             const    0x08010d88     0x40  main.o [1]
  .rodata             const    0x08010dc8     0x40  main.o [1]
  .rodata             const    0x08010e08     0x40  parser.o [1]
  .rodata             const    0x08010e48     0x40  parser.o [1]
  .rodata             const    0x08010e88     0x40  parser.o [1]
  .rodata             const    0x08010ec8     0x40  parser.o [1]
  .rodata             const    0x08010f08     0x40  parser.o [1]
  .rodata             const    0x08010f48     0x40  parser.o [1]
  .text               ro code  0x08010f88     0x40  zero_init3.o [5]
  .rodata             const    0x08010fc8     0x3c  parser.o [1]
  .rodata             const    0x08011004     0x3c  parser.o [1]
  .rodata             const    0x08011040     0x3c  parser.o [1]
  .rodata             const    0x0801107c     0x3c  parser.o [1]
  .rodata             const    0x080110b8     0x38  parser.o [1]
  .rodata             const    0x080110f0     0x38  parser.o [1]
  .rodata             const    0x08011128     0x38  parser.o [1]
  .rodata             const    0x08011160     0x38  parser.o [1]
  .rodata             const    0x08011198     0x38  parser.o [1]
  .text               ro code  0x080111d0     0x38  packbits_init_single.o [5]
  .rodata             const    0x08011208     0x34  main.o [1]
  .rodata             const    0x0801123c     0x34  parser.o [1]
  .rodata             const    0x08011270     0x34  parser.o [1]
  .rodata             const    0x080112a4     0x34  parser.o [1]
  .rodata             const    0x080112d8     0x34  parser.o [1]
  .rodata             const    0x0801130c     0x30  parser.o [1]
  .rodata             const    0x0801133c     0x30  parser.o [1]
  .rodata             const    0x0801136c     0x30  parser.o [1]
  .rodata             const    0x0801139c     0x30  parser.o [1]
  .rodata             const    0x080113cc     0x30  parser.o [1]
  .rodata             const    0x080113fc     0x2c  main.o [1]
  .rodata             const    0x08011428     0x2c  parser.o [1]
  .rodata             const    0x08011454     0x2c  parser.o [1]
  .rodata             const    0x08011480     0x2c  parser.o [1]
  .rodata             const    0x080114ac     0x2c  parser.o [1]
  .rodata             const    0x080114d8     0x2c  parser.o [1]
  .rodata             const    0x08011504     0x2c  parser.o [1]
  .rodata             const    0x08011530     0x2c  parser.o [1]
  .rodata             const    0x0801155c     0x2c  parser.o [1]
  .rodata             const    0x08011588     0x28  parser.o [1]
  .rodata             const    0x080115b0     0x28  parser.o [1]
  .rodata             const    0x080115d8     0x28  parser.o [1]
  .rodata             const    0x08011600     0x28  parser.o [1]
  .rodata             const    0x08011628     0x28  parser.o [1]
  .rodata             const    0x08011650     0x28  parser.o [1]
  .rodata             const    0x08011678     0x28  parser.o [1]
  .rodata             const    0x080116a0     0x28  parser.o [1]
  .rodata             const    0x080116c8     0x28  parser.o [1]
  .rodata             const    0x080116f0     0x28  parser.o [1]
  .rodata             const    0x08011718     0x28  parser.o [1]
  .rodata             const    0x08011740     0x28  parser.o [1]
  .rodata             const    0x08011768     0x28  parser.o [1]
  .rodata             const    0x08011790     0x28  parser.o [1]
  .rodata             const    0x080117b8     0x28  parser.o [1]
  .rodata             const    0x080117e0     0x28  parser.o [1]
  .rodata             const    0x08011808     0x28  parser.o [1]
  .rodata             const    0x08011830     0x28  parser.o [1]
  .rodata             const    0x08011858     0x28  parser.o [1]
  .rodata             const    0x08011880     0x28  parser.o [1]
  .rodata             const    0x080118a8     0x28  parser.o [1]
  .rodata             const    0x080118d0     0x28  parser.o [1]
  .rodata             const    0x080118f8     0x28  parser.o [1]
  .rodata             const    0x08011920     0x28  parser.o [1]
  .rodata             const    0x08011948     0x28  parser.o [1]
  .rodata             const    0x08011970     0x28  parser.o [1]
  .rodata             const    0x08011998     0x28  parser.o [1]
  .rodata             const    0x080119c0     0x28  parser.o [1]
  .rodata             const    0x080119e8     0x28  parser.o [1]
  .rodata             const    0x08011a10     0x28  parser.o [1]
  .rodata             const    0x08011a38     0x28  parser.o [1]
  .rodata             const    0x08011a60     0x28  parser.o [1]
  .rodata             const    0x08011a88     0x28  parser.o [1]
  .text               ro code  0x08011ab0     0x28  data_init.o [5]
  .rodata             const    0x08011ad8     0x24  parser.o [1]
  .rodata             const    0x08011afc     0x24  parser.o [1]
  .rodata             const    0x08011b20     0x24  parser.o [1]
  .rodata             const    0x08011b44     0x24  parser.o [1]
  .rodata             const    0x08011b68     0x24  parser.o [1]
  .rodata             const    0x08011b8c     0x24  parser.o [1]
  .rodata             const    0x08011bb0     0x24  parser.o [1]
  .rodata             const    0x08011bd4     0x24  parser.o [1]
  .iar.init_table     const    0x08011bf8     0x28  - Linker created -
  .rodata             const    0x08011c20     0x20  bgm111.o [1]
  .rodata             const    0x08011c40     0x20  parser.o [1]
  .rodata             const    0x08011c60     0x20  parser.o [1]
  .rodata             const    0x08011c80     0x20  parser.o [1]
  .rodata             const    0x08011ca0     0x20  parser.o [1]
  .rodata             const    0x08011cc0     0x20  parser.o [1]
  .rodata             const    0x08011ce0     0x20  parser.o [1]
  .rodata             const    0x08011d00     0x20  parser.o [1]
  .rodata             const    0x08011d20     0x20  parser.o [1]
  .rodata             const    0x08011d40     0x20  parser.o [1]
  .rodata             const    0x08011d60     0x20  parser.o [1]
  .rodata             const    0x08011d80     0x20  parser.o [1]
  .rodata             const    0x08011da0     0x1c  bgm111.o [1]
  .rodata             const    0x08011dbc     0x1c  bgm111.o [1]
  .rodata             const    0x08011dd8     0x1c  ErrorCodes.o [1]
  .rodata             const    0x08011df4     0x1c  parser.o [1]
  .rodata             const    0x08011e10     0x1c  parser.o [1]
  .rodata             const    0x08011e2c     0x1c  parser.o [1]
  .text               ro code  0x08011e48     0x1a  cmain.o [5]
  .text               ro code  0x08011e62      0x4  low_level_init.o [3]
  .text               ro code  0x08011e66      0x4  exit.o [3]
  .text               ro code  0x08011e6c      0xa  cexit.o [5]
  .text               ro code  0x08011e78     0x14  exit.o [6]
  .rodata             const    0x08011e8c     0x18  app_data.o [1]
  .rodata             const    0x08011ea4     0x18  app_data.o [1]
  .rodata             const    0x08011ebc     0x18  bgm111.o [1]
  .rodata             const    0x08011ed4     0x18  parser.o [1]
  .rodata             const    0x08011eec     0x18  parser.o [1]
  .rodata             const    0x08011f04     0x18  parser.o [1]
  .rodata             const    0x08011f1c     0x18  parser.o [1]
  .rodata             const    0x08011f34     0x18  parser.o [1]
  .rodata             const    0x08011f4c     0x18  parser.o [1]
  .rodata             const    0x08011f64     0x18  parser.o [1]
  .rodata             const    0x08011f7c     0x18  parser.o [1]
  .rodata             const    0x08011f94     0x18  parser.o [1]
  .rodata             const    0x08011fac     0x18  parser.o [1]
  .rodata             const    0x08011fc4     0x18  parser.o [1]
  .rodata             const    0x08011fdc     0x14  app_data.o [1]
  .rodata             const    0x08011ff0     0x14  app_data.o [1]
  .rodata             const    0x08012004     0x14  app_data.o [1]
  .rodata             const    0x08012018     0x14  app_data.o [1]
  .rodata             const    0x0801202c     0x14  app_data.o [1]
  .rodata             const    0x08012040     0x14  app_data.o [1]
  .rodata             const    0x08012054     0x14  app_data.o [1]
  .rodata             const    0x08012068     0x14  app_data.o [1]
  .rodata             const    0x0801207c     0x14  app_data.o [1]
  .rodata             const    0x08012090     0x14  app_data.o [1]
  .rodata             const    0x080120a4     0x14  app_data.o [1]
  .rodata             const    0x080120b8     0x14  app_data.o [1]
  .rodata             const    0x080120cc     0x14  app_data.o [1]
  .rodata             const    0x080120e0     0x14  app_data.o [1]
  .rodata             const    0x080120f4     0x14  app_data.o [1]
  .rodata             const    0x08012108     0x14  app_data.o [1]
  .rodata             const    0x0801211c     0x14  app_data.o [1]
  .rodata             const    0x08012130     0x14  app_data.o [1]
  .rodata             const    0x08012144     0x14  app_data.o [1]
  .rodata             const    0x08012158     0x14  app_data.o [1]
  .rodata             const    0x0801216c     0x14  app_data.o [1]
  .rodata             const    0x08012180     0x14  app_data.o [1]
  .rodata             const    0x08012194     0x14  app_data.o [1]
  .rodata             const    0x080121a8     0x14  app_data.o [1]
  .rodata             const    0x080121bc     0x14  app_data.o [1]
  .rodata             const    0x080121d0     0x14  app_data.o [1]
  .rodata             const    0x080121e4     0x14  app_data.o [1]
  .rodata             const    0x080121f8     0x14  app_data.o [1]
  .rodata             const    0x0801220c     0x14  app_data.o [1]
  .rodata             const    0x08012220     0x14  bgm111.o [1]
  .rodata             const    0x08012234     0x14  bgm111.o [1]
  .rodata             const    0x08012248     0x14  ErrorCodes.o [1]
  .rodata             const    0x0801225c     0x14  gpio.o [1]
  .rodata             const    0x08012270     0x14  parser.o [1]
  .rodata             const    0x08012284     0x14  parser.o [1]
  .rodata             const    0x08012298     0x14  parser.o [1]
  .rodata             const    0x080122ac     0x14  parser.o [1]
  .rodata             const    0x080122c0     0x14  parser.o [1]
  .rodata             const    0x080122d4     0x14  parser.o [1]
  .rodata             const    0x080122e8     0x14  parser.o [1]
  .rodata             const    0x080122fc     0x14  parser.o [1]
  .rodata             const    0x08012310     0x14  parser.o [1]
  .rodata             const    0x08012324     0x10  bgm111.o [1]
  .rodata             const    0x08012334     0x10  bgm111.o [1]
  .rodata             const    0x08012344     0x10  bgm111.o [1]
  .rodata             const    0x08012354     0x10  bgm111.o [1]
  .rodata             const    0x08012364     0x10  bgm111.o [1]
  .rodata             const    0x08012374     0x10  parser.o [1]
  .rodata             const    0x08012384     0x10  parser.o [1]
  .rodata             const    0x08012394     0x10  parser.o [1]
  .rodata             const    0x080123a4     0x10  parser.o [1]
  .rodata             const    0x080123b4     0x10  parser.o [1]
  .rodata             const    0x080123c4     0x10  parser.o [1]
  .rodata             const    0x080123d4     0x10  parser.o [1]
  .rodata             const    0x080123e4     0x10  system_stm32l1xx.o [1]
  .text               ro code  0x080123f4     0x10  startup_stm32l152xe.o [1]
  .rodata             const    0x08012404      0xc  app_data.o [1]
  .rodata             const    0x08012410      0xc  bgm111.o [1]
  .rodata             const    0x0801241c      0xc  bgm111.o [1]
  .rodata             const    0x08012428      0xc  bgm111.o [1]
  .rodata             const    0x08012434      0xc  bgm111.o [1]
  .rodata             const    0x08012440      0xc  bgm111.o [1]
  .rodata             const    0x0801244c      0xc  main.o [1]
  .rodata             const    0x08012458      0xc  parser.o [1]
  .rodata             const    0x08012464      0xc  parser.o [1]
  .rodata             const    0x08012470      0xc  parser.o [1]
  .rodata             const    0x0801247c      0xc  parser.o [1]
  .rodata             const    0x08012488      0xc  parser.o [1]
  .rodata             const    0x08012494      0xc  parser.o [1]
  .rodata             const    0x080124a0      0xc  parser.o [1]
  .rodata             const    0x080124ac      0xc  stm32l1xx_hal_rcc.o [1]
  .text               ro code  0x080124b8      0xc  cstartup_M.o [5]
  .rodata             const    0x080124c4      0x8  app_data.o [1]
  .rodata             const    0x080124cc      0x8  app_data.o [1]
  .rodata             const    0x080124d4      0x8  app_data.o [1]
  .rodata             const    0x080124dc      0x8  barometer.o [1]
  .rodata             const    0x080124e4      0x8  barometer.o [1]
  .rodata             const    0x080124ec      0x8  barometer.o [1]
  .rodata             const    0x080124f4      0x8  barometer.o [1]
  .rodata             const    0x080124fc      0x8  barometer.o [1]
  .rodata             const    0x08012504      0x8  bgm111.o [1]
  .rodata             const    0x0801250c      0x8  bgm111.o [1]
  .rodata             const    0x08012514      0x8  ErrorCodes.o [1]
  .rodata             const    0x0801251c      0x8  ErrorCodes.o [1]
  .rodata             const    0x08012524      0x8  ErrorCodes.o [1]
  .rodata             const    0x0801252c      0x8  ErrorCodes.o [1]
  .rodata             const    0x08012534      0x8  ErrorCodes.o [1]
  .rodata             const    0x0801253c      0x8  ErrorCodes.o [1]
  .rodata             const    0x08012544      0x8  ErrorCodes.o [1]
  .rodata             const    0x0801254c      0x8  ErrorCodes.o [1]
  .rodata             const    0x08012554      0x8  ErrorCodes.o [1]
  .rodata             const    0x0801255c      0x8  ErrorCodes.o [1]
  .rodata             const    0x08012564      0x8  ErrorCodes.o [1]
  .rodata             const    0x0801256c      0x8  ErrorCodes.o [1]
  .rodata             const    0x08012574      0x8  ErrorCodes.o [1]
  .rodata             const    0x0801257c      0x8  ErrorCodes.o [1]
  .rodata             const    0x08012584      0x8  ErrorCodes.o [1]
  .rodata             const    0x0801258c      0x8  ErrorCodes.o [1]
  .rodata             const    0x08012594      0x8  ErrorCodes.o [1]
  .rodata             const    0x0801259c      0x8  ErrorCodes.o [1]
  .rodata             const    0x080125a4      0x8  ErrorCodes.o [1]
  .rodata             const    0x080125ac      0x8  ErrorCodes.o [1]
  .rodata             const    0x080125b4      0x8  ErrorCodes.o [1]
  .rodata             const    0x080125bc      0x8  GridEye.o [1]
  .rodata             const    0x080125c4      0x8  GridEye.o [1]
  .rodata             const    0x080125cc      0x8  GridEye.o [1]
  .rodata             const    0x080125d4      0x8  Humidity.o [1]
  .rodata             const    0x080125dc      0x8  Humidity.o [1]
  .rodata             const    0x080125e4      0x8  Humidity.o [1]
  .rodata             const    0x080125ec      0x8  Humidity.o [1]
  .rodata             const    0x080125f4      0x8  main.o [1]
  .rodata             const    0x080125fc      0x8  parser.o [1]
  .rodata             const    0x08012604      0x8  parser.o [1]
  .rodata             const    0x0801260c      0x8  parser.o [1]
  .rodata             const    0x08012614      0x8  Rd_Sound.o [1]
  .rodata             const    0x0801261c      0x8  RGBLight.o [1]
  .rodata             const    0x08012624      0x8  RGBLight.o [1]
  .rodata             const    0x0801262c      0x8  system_stm32l1xx.o [1]
  .rodata             const    0x08012634      0x8  Temperature.o [1]
  .rodata             const    0x0801263c      0x8  Temperature.o [1]
  .rodata             const    0x08012644      0x8  Temperature.o [1]
  .rodata             const    0x0801264c      0x8  VMonitor.o [1]
  .rodata             const    0x08012654      0x8  VMonitor.o [1]
  .rodata             const    0x0801265c      0x8  VMonitor.o [1]
  .rodata             const    0x08012664      0x8  VMonitor.o [1]
  .rodata             const    0x0801266c      0x8  VMonitor.o [1]
  .rodata             const    0x08012674      0x4  stm32l1xx_hal_rcc.o [1]
  .text               ro code  0x08012678      0x4  startup_stm32l152xe.o [1]
  .text               ro code  0x0801267c      0x4  startup_stm32l152xe.o [1]
  .text               ro code  0x08012680      0x4  startup_stm32l152xe.o [1]
  .text               ro code  0x08012684      0x4  startup_stm32l152xe.o [1]
  .text               ro code  0x08012688      0x4  startup_stm32l152xe.o [1]
  .text               ro code  0x0801268c      0x4  startup_stm32l152xe.o [1]
  .text               ro code  0x08012690      0x4  startup_stm32l152xe.o [1]
  .text               ro code  0x08012694      0x4  startup_stm32l152xe.o [1]
  .text               ro code  0x08012698      0x4  startup_stm32l152xe.o [1]
  .text               ro code  0x0801269c      0x4  startup_stm32l152xe.o [1]
  .text               ro code  0x080126a0      0x4  startup_stm32l152xe.o [1]
  .text               ro code  0x080126a4      0x4  startup_stm32l152xe.o [1]
  .text               ro code  0x080126a8      0x4  startup_stm32l152xe.o [1]
  .text               ro code  0x080126ac      0x4  startup_stm32l152xe.o [1]
  .text               ro code  0x080126b0      0x4  startup_stm32l152xe.o [1]
  .text               ro code  0x080126b4      0x4  startup_stm32l152xe.o [1]
  .text               ro code  0x080126b8      0x4  startup_stm32l152xe.o [1]
  .text               ro code  0x080126bc      0x4  startup_stm32l152xe.o [1]
  .text               ro code  0x080126c0      0x4  startup_stm32l152xe.o [1]
  .text               ro code  0x080126c4      0x4  startup_stm32l152xe.o [1]
  .text               ro code  0x080126c8      0x4  startup_stm32l152xe.o [1]
  .text               ro code  0x080126cc      0x4  startup_stm32l152xe.o [1]
  .text               ro code  0x080126d0      0x4  startup_stm32l152xe.o [1]
  .text               ro code  0x080126d4      0x4  startup_stm32l152xe.o [1]
  .text               ro code  0x080126d8      0x4  startup_stm32l152xe.o [1]
  .text               ro code  0x080126dc      0x4  startup_stm32l152xe.o [1]
  .text               ro code  0x080126e0      0x4  startup_stm32l152xe.o [1]
  .text               ro code  0x080126e4      0x4  startup_stm32l152xe.o [1]
  .text               ro code  0x080126e8      0x4  startup_stm32l152xe.o [1]
  .text               ro code  0x080126ec      0x4  startup_stm32l152xe.o [1]
  .text               ro code  0x080126f0      0x4  startup_stm32l152xe.o [1]
  .text               ro code  0x080126f4      0x4  startup_stm32l152xe.o [1]
  .text               ro code  0x080126f8      0x4  startup_stm32l152xe.o [1]
  .text               ro code  0x080126fc      0x4  startup_stm32l152xe.o [1]
  .text               ro code  0x08012700      0x4  startup_stm32l152xe.o [1]
  .text               ro code  0x08012704      0x4  startup_stm32l152xe.o [1]
  .text               ro code  0x08012708      0x4  startup_stm32l152xe.o [1]
  .text               ro code  0x0801270c      0x4  startup_stm32l152xe.o [1]
  .text               ro code  0x08012710      0x4  startup_stm32l152xe.o [1]
  .text               ro code  0x08012714      0x4  startup_stm32l152xe.o [1]
  .text               ro code  0x08012718      0x4  startup_stm32l152xe.o [1]
  .text               ro code  0x0801271c      0x4  startup_stm32l152xe.o [1]
  .text               ro code  0x08012720      0x4  startup_stm32l152xe.o [1]
  .text               ro code  0x08012724      0x4  startup_stm32l152xe.o [1]
  .text               ro code  0x08012728      0x4  startup_stm32l152xe.o [1]
  .text               ro code  0x0801272c      0x4  startup_stm32l152xe.o [1]
  .text               ro code  0x08012730      0x4  startup_stm32l152xe.o [1]
  .text               ro code  0x08012734      0x4  startup_stm32l152xe.o [1]
  .text               ro code  0x08012738      0x4  startup_stm32l152xe.o [1]
  .text               ro code  0x0801273c      0x4  startup_stm32l152xe.o [1]
  .rodata             const    0x08012740      0x0  zero_init3.o [5]
  .rodata             const    0x08012740      0x0  packbits_init_single.o [5]
  Initializer bytes   const    0x08012740     0x54  <for P2-1>
                             - 0x08012794  0x12670

Absolute sections:                            0x10
  .bss                zero     0x08070000     0x10  wwdg.o [1]
                             - 0x08070010     0x10

"P2", part 1 of 3:                           0x14c
  P2-1                         0x20000000    0x14c  <Init block>
    .data             inited   0x20000000      0xc  adc.o [1]
    .data             inited   0x2000000c      0x4  bgm111.o [1]
    .data             inited   0x20000010      0x4  bgm111.o [1]
    .data             inited   0x20000014     0x24  gpio.o [1]
    .data             inited   0x20000038      0x4  system_stm32l1xx.o [1]
    .data             inited   0x2000003c      0x4  tim.o [1]
    .data             inited   0x20000040      0x4  tim.o [1]
    .data             inited   0x20000044      0x4  tim.o [1]
    .data             inited   0x20000048      0x4  usart.o [1]
    __DLIB_PERTHREAD  inited   0x2000004c     0x88  localeconv.o [3]
    __DLIB_PERTHREAD  inited   0x200000d4      0x4  errno.o [3]
    __DLIB_PERTHREAD  inited   0x200000d8     0x74  setlocale.o [3]
                             - 0x2000014c    0x14c

"P2", part 2 of 3:                          0x1000
  CSTACK                       0x20000150   0x1000  <Block>
    CSTACK            uninit   0x20000150   0x1000  <Block tail>
  HEAP                         0x20001150      0x0  <Block>
                             - 0x20001150   0x1000

"P2", part 3 of 3:                          0x2454
  .bss                zero     0x20001150    0xf78  bgm111.o [1]
  .bss                zero     0x200020c8    0x324  bgm111.o [1]
  .bss                zero     0x200023ec    0x324  ErrorCodes.o [1]
  .bss                zero     0x20002710    0x248  app_data.o [1]
  .bss                zero     0x20002958    0x248  app_data.o [1]
  .bss                zero     0x20002ba0    0x220  usbd_conf.o [1]
  .bss                zero     0x20002dc0    0x1a0  bgm111.o [1]
  .bss                zero     0x20002f60     0x8c  tasks.o [1]
  .bss                zero     0x20002fec     0x84  bgm111.o [1]
  .bss                zero     0x20003070     0x84  bgm111.o [1]
  .bss                zero     0x200030f4     0x80  Rd_Sound.o [1]
  .bss                zero     0x20003174     0x80  Rd_Sound.o [1]
  .bss                zero     0x200031f4     0x80  Rd_Sound.o [1]
  .bss                zero     0x20003274     0x54  adc.o [1]
  .bss                zero     0x200032c8     0x40  usart.o [1]
  .bss                zero     0x20003308     0x40  usart.o [1]
  .bss                zero     0x20003348     0x3c  i2c.o [1]
  .bss                zero     0x20003384     0x38  adc.o [1]
  .bss                zero     0x200033bc     0x38  stm32l1xx_hal_timebase_TIM.o [1]
  .bss                zero     0x200033f4     0x38  tim.o [1]
  .bss                zero     0x2000342c     0x38  tim.o [1]
  .bss                zero     0x20003464     0x28  bgm111.o [1]
  .bss                zero     0x2000348c     0x28  usart.o [1]
  .bss                zero     0x200034b4     0x1c  Flash.o [1]
  .bss                zero     0x200034d0     0x18  stm32l1xx_hal_flash.o [1]
  .bss                zero     0x200034e8     0x14  wwdg.o [1]
  .bss                zero     0x200034fc     0x10  wwdg.o [1]
  .bss                zero     0x2000350c      0xc  adc.o [1]
  .bss                zero     0x20003518      0xc  app_data.o [1]
  .bss                zero     0x20003524      0xc  Flash.o [1]
  .bss                zero     0x20003530      0x8  xxmemxmalloc.o [3]
  .bss                zero     0x20003538      0x4  app_data.o [1]
  .bss                zero     0x2000353c      0x4  bgm111.o [1]
  .bss                zero     0x20003540      0x4  bgm111.o [1]
  .bss                zero     0x20003544      0x4  bgm111.o [1]
  .bss                zero     0x20003548      0x4  bgm111.o [1]
  .bss                zero     0x2000354c      0x4  bgm111.o [1]
  .bss                zero     0x20003550      0x4  Flash.o [1]
  .bss                zero     0x20003554      0x4  stm32l1xx_hal.o [1]
  .bss                zero     0x20003558      0x4  tasks.o [1]
  .bss                zero     0x2000355c      0x4  tasks.o [1]
  .bss                zero     0x20003560      0x4  tasks.o [1]
  .bss                zero     0x20003564      0x4  tasks.o [1]
  .bss                zero     0x20003568      0x4  tasks.o [1]
  .bss                zero     0x2000356c      0x4  tasks.o [1]
  .bss                zero     0x20003570      0x4  tasks.o [1]
  .bss                zero     0x20003574      0x4  tasks.o [1]
  .bss                zero     0x20003578      0x4  tasks.o [1]
  .bss                zero     0x2000357c      0x4  tasks.o [1]
  .bss                zero     0x20003580      0x4  tasks.o [1]
  .bss                zero     0x20003584      0x4  usart.o [1]
  .bss                zero     0x20003588      0x4  usart.o [1]
  .bss                zero     0x2000358c      0x4  wwdg.o [1]
  .bss                zero     0x20003590      0x4  xgetmemchunk.o [3]
  .bss                zero     0x20003594      0x2  app_data.o [1]
  .bss                zero     0x20003596      0x2  app_data.o [1]
  .bss                zero     0x20003598      0x1  adc.o [1]
  .bss                zero     0x20003599      0x1  adc.o [1]
  .bss                zero     0x2000359a      0x1  adc.o [1]
  .bss                zero     0x2000359b      0x1  bgm111.o [1]
  .bss                zero     0x2000359c      0x1  parser.o [1]
  .bss                zero     0x2000359d      0x1  tim.o [1]
  .bss                zero     0x2000359e      0x1  tim.o [1]
  .bss                zero     0x2000359f      0x1  usart.o [1]
  .bss                zero     0x200035a0      0x1  usart.o [1]
  .bss                zero     0x200035a1      0x1  usart.o [1]
  .bss                zero     0x200035a2      0x1  usbd_ctlreq.o [1]
  .bss                zero     0x200035a3      0x1  wwdg.o [1]
                             - 0x200035a4   0x2454


*******************************************************************************
*** INIT TABLE
***

          Address     Size
          -------     ----
Zero (__iar_zero_init3)
    2 destination ranges, total size 0x2464:
          0x08070000    0x10
          0x20001150  0x2454

Copy/packbits (__iar_packbits_init_single3)
    1 source range, total size 0x54 (25% of destination):
          0x08012740    0x54
    1 destination range, total size 0x14c:
          0x20000000   0x14c



*******************************************************************************
*** MODULE SUMMARY
***

    Module                        ro code  ro data  rw data  rw data
                                                              (abs)
    ------                        -------  -------  -------  -------
D:\GoogleDriveCLT\GoogleDrive\WeatherCloud\Roadboard\Software\Road-Board-December-2016\EWARM\Road Brd MSTR Rev L Long Always\Obj: [1]
    ErrorCodes.o                      318      304      804
    Flash.o                           344                44
    GridEye.o                       3 480       24
    Humidity.o                      1 736       32
    RGBLight.o                        836       16
    Rd_Sound.o                        560        8      384
    Temperature.o                     364       24
    VMonitor.o                      1 216       40
    adc.o                             700        3      167
    app_data.o                      4 044      664    1 188
    barometer.o                       504       40
    bgm111.o                        1 708      310    5 513
    cmsis_os.o                         16
    dma.o                              48
    fix_fft.o                         604      128
    gecko_bglib.o                     432
    gpio.o                            452       29       36
    i2c.o                           1 248                60
    list.o                             64
    lps25hb.o                         584
    main.o                          1 382      244
    parser.o                        7 924    4 760        1
    port.o                             36
    portasm.o                         148
    startup_stm32l152xe.o             508
    stm32l1xx_hal.o                    72                 4
    stm32l1xx_hal_adc.o             2 090
    stm32l1xx_hal_cortex.o            432
    stm32l1xx_hal_dma.o             3 838
    stm32l1xx_hal_flash.o             408                24
    stm32l1xx_hal_flash_ex.o          204
    stm32l1xx_hal_gpio.o              888
    stm32l1xx_hal_i2c.o             4 120
    stm32l1xx_hal_msp.o               152
    stm32l1xx_hal_pcd.o             4 212
    stm32l1xx_hal_pwr_ex.o             16
    stm32l1xx_hal_rcc.o             3 284       16
    stm32l1xx_hal_tim.o               986
    stm32l1xx_hal_tim_ex.o             94
    stm32l1xx_hal_timebase_TIM.o      144                56
    stm32l1xx_hal_uart.o            2 284
    stm32l1xx_hal_wwdg.o              214
    stm32l1xx_it.o                    132
    system_stm32l1xx.o                100       25        4
    tasks.o                           548               184
    tim.o                             548        3      126
    usart.o                         1 212        1      183
    usbd_conf.o                       408               544
    usbd_core.o                       712
    usbd_ctlreq.o                   1 544                 1
    usbd_ioreq.o                      144
    wwdg.o                            296                41       16
    ----------------------------------------------------------------
    Total:                         58 338    6 671    9 364       16

command line: [2]
    ----------------------------------------------------------------
    Total:

dl7M_tlf.a: [3]
    div.o                              14
    errno.o                            12        1        4
    exit.o                              4
    localeconv.o                      108       34      136
    low_level_init.o                    4
    setlocale.o                        20       30      116
    sprintf.o                          52
    strcat.o                           28
    strncmp.o                          44
    xencoding_sb.o                     96
    xgetmemchunk.o                     44                 4
    xmbcurmax.o                        10
    xmbtowc.o                          32
    xprintffull.o                   4 510
    xsprout.o                          10
    xtls.o                              2
    xwctomb.o                          26
    xxmemxfree.o                      128
    xxmemxmalloc.o                    176                 8
    ----------------------------------------------------------------
    Total:                          5 320       65      268

m7M_tl.a: [4]
    DblAdd.o                          232
    DblCmpGe.o                         46
    DblCmpLe.o                         46
    DblDiv.o                          598
    DblMul.o                          418
    DblSub.o                          384
    DblToFlt.o                        144
    DblToI32.o                         88
    FltAdd.o                          132
    FltCmpGe.o                         36
    FltDiv.o                          252
    FltMul.o                          216
    FltSub.o                          214
    FltToDbl.o                         78
    FltToS32.o                         68
    I32ToDbl.o                         48
    I32ToFlt.o                         50
    ceil.o                             94
    modf.o                            184
    round.o                            68
    sqrt.o                            240
    xdint.o                           122
    xdnorm.o                           68
    xdscale.o                         268
    ----------------------------------------------------------------
    Total:                          4 094

rt7M_tl.a: [5]
    ABImemcpy_unaligned.o             118
    ABImemset.o                        94
    I64DivMod.o                       238
    I64DivZer.o                         2
    cexit.o                            10
    cmain.o                            26
    cstartup_M.o                       12
    data_init.o                        40
    iarEdom.o                          12
    memchr.o                           88
    packbits_init_single.o             56
    strchr.o                           22
    strcmp_unaligned.o                 66
    strcpy_unaligned.o                 68
    strlen.o                           54
    strncpy_unaligned.o               108
    zero_init3.o                       64
    ----------------------------------------------------------------
    Total:                          1 078

shb_l.a: [6]
    exit.o                             20
    ----------------------------------------------------------------
    Total:                             20

    Gaps                               42
    Linker created                              40    4 096
--------------------------------------------------------------------
    Grand Total:                   68 892    6 776   13 728       16


*******************************************************************************
*** ENTRY LIST
***

Entry                      Address    Size  Type      Object
-----                      -------    ----  ----      ------
.iar.init_table$$Base   0x08011bf8           --   Gb  - Linker created -
.iar.init_table$$Limit  0x08011c20           --   Gb  - Linker created -
?main                   0x08011e49          Code  Gb  cmain.o [5]
ADC_Channel             0x2000359a     0x1  Data  Lc  adc.o [1]
ADC_Config              0x08007c8b    0xbe  Code  Gb  adc.o [1]
ADC_ConversionStop_Disable
                        0x0800c5ad    0x4a  Code  Gb  stm32l1xx_hal_adc.o [1]
ADC_DMAConvCplt         0x0800c5f9    0x6e  Code  Lc  stm32l1xx_hal_adc.o [1]
ADC_DMAError            0x0800c679    0x1e  Code  Lc  stm32l1xx_hal_adc.o [1]
ADC_DMAHalfConvCplt     0x0800c669     0xe  Code  Lc  stm32l1xx_hal_adc.o [1]
ADC_Enable              0x0800c50f    0x72  Code  Gb  stm32l1xx_hal_adc.o [1]
AHBPrescTable           0x080123e4    0x10  Data  Gb  system_stm32l1xx.o [1]
APBPrescTable           0x0801262c     0x8  Data  Gb  system_stm32l1xx.o [1]
BGM111_Connected        0x0800287f     0x8  Code  Gb  bgm111.o [1]
BGM111_DataConnected    0x08002887     0x8  Code  Gb  bgm111.o [1]
BGM111_Init             0x08002639    0x32  Code  Gb  bgm111.o [1]
BGM111_LowLevel_Init    0x08002599    0x2a  Code  Gb  bgm111.o [1]
BGM111_Peek             0x0800262f     0xa  Code  Gb  bgm111.o [1]
BGM111_ProcessInput     0x0800266b   0x20c  Code  Gb  bgm111.o [1]
BGM111_Ready            0x08002877     0x8  Code  Gb  bgm111.o [1]
BGM111_Receive          0x080025d1    0x5e  Code  Gb  bgm111.o [1]
BGM111_Transmit         0x08002915   0x11e  Code  Gb  bgm111.o [1]
BGM111_UART_IRQHandler  0x0800288f    0x84  Code  Gb  bgm111.o [1]
Bypass                  0x2000359c     0x1  Data  Lc  parser.o [1]
CSTACK$$Base            0x20000150           --   Gb  - Linker created -
CSTACK$$Limit           0x20001150           --   Gb  - Linker created -
Clear_Timer2_Flg        0x0800bdb1     0x8  Code  Gb  tim.o [1]
Clr_HeartBeat           0x08003ec9     0x8  Code  Gb  app_data.o [1]
Clr_HrtBeat_Cnt         0x08003ead     0x8  Code  Gb  app_data.o [1]
CodesArray              0x08010bd4    0x58  Data  Gb  ErrorCodes.o [1]
DMA1_Channel1_IRQHandler
                        0x08010a41     0xa  Code  Gb  stm32l1xx_it.o [1]
DMA_SetConfig           0x0800d575    0x22  Code  Lc  stm32l1xx_hal_dma.o [1]
Error_Handler           0x08007491    0x2e  Code  Gb  main.o [1]
FIX_MPY                 0x0800d597    0x1c  Code  Gb  fix_fft.o [1]
FLASH_PageErase         0x0800eba3    0x28  Code  Gb  stm32l1xx_hal_flash_ex.o [1]
FLASH_SetErrorCode      0x0800ea17    0x6a  Code  Lc  stm32l1xx_hal_flash.o [1]
FLASH_WaitForLastOperation
                        0x0800e9b3    0x64  Code  Gb  stm32l1xx_hal_flash.o [1]
Get_DriverStates        0x08003dbd    0x5c  Code  Gb  app_data.o [1]
Get_DriverStatus        0x08003e35    0x78  Code  Gb  app_data.o [1]
HAL_ADC_ConfigChannel   0x0800c329   0x1e6  Code  Gb  stm32l1xx_hal_adc.o [1]
HAL_ADC_ConvCpltCallback
                        0x08007dc7     0xe  Code  Gb  adc.o [1]
HAL_ADC_ConvHalfCpltCallback
                        0x08007e05     0x2  Code  Gb  adc.o [1]
HAL_ADC_DeInit          0x0800c033   0x134  Code  Gb  stm32l1xx_hal_adc.o [1]
HAL_ADC_ErrorCallback   0x08007e07     0xa  Code  Gb  adc.o [1]
HAL_ADC_Init            0x0800be6d   0x1c6  Code  Gb  stm32l1xx_hal_adc.o [1]
HAL_ADC_MspDeInit       0x08007c63    0x28  Code  Gb  adc.o [1]
HAL_ADC_MspInit         0x08007bdd    0x86  Code  Gb  adc.o [1]
HAL_ADC_Start           0x0800c167    0x88  Code  Gb  stm32l1xx_hal_adc.o [1]
HAL_ADC_Start_DMA       0x0800c1ef    0xcc  Code  Gb  stm32l1xx_hal_adc.o [1]
HAL_ADC_Stop_DMA        0x0800c2bb    0x6e  Code  Gb  stm32l1xx_hal_adc.o [1]
HAL_DMA_Abort           0x0800cbd3    0x54  Code  Gb  stm32l1xx_hal_dma.o [1]
HAL_DMA_DeInit          0x0800c6f1   0x43e  Code  Gb  stm32l1xx_hal_dma.o [1]
HAL_DMA_IRQHandler      0x0800cc2d   0x906  Code  Gb  stm32l1xx_hal_dma.o [1]
HAL_DMA_Init            0x0800c699    0x58  Code  Gb  stm32l1xx_hal_dma.o [1]
HAL_DMA_Start_IT        0x0800cb65    0x6e  Code  Gb  stm32l1xx_hal_dma.o [1]
HAL_Delay               0x08009c85    0x1a  Code  Wk  stm32l1xx_hal.o [1]
HAL_FLASHEx_Erase       0x0800eb09    0x9a  Code  Gb  stm32l1xx_hal_flash_ex.o [1]
HAL_FLASH_GetError      0x0800e9ad     0x6  Code  Gb  stm32l1xx_hal_flash.o [1]
HAL_FLASH_Lock          0x0800e99d    0x10  Code  Gb  stm32l1xx_hal_flash.o [1]
HAL_FLASH_Program       0x0800e911    0x5c  Code  Gb  stm32l1xx_hal_flash.o [1]
HAL_FLASH_Unlock        0x0800e96d    0x30  Code  Gb  stm32l1xx_hal_flash.o [1]
HAL_GPIO_DeInit         0x08007693   0x13c  Code  Gb  stm32l1xx_hal_gpio.o [1]
HAL_GPIO_Init           0x080074c1   0x1d2  Code  Gb  stm32l1xx_hal_gpio.o [1]
HAL_GPIO_ReadPin        0x080077cf    0x18  Code  Gb  stm32l1xx_hal_gpio.o [1]
HAL_GPIO_TogglePin      0x080077fb     0xa  Code  Gb  stm32l1xx_hal_gpio.o [1]
HAL_GPIO_WritePin       0x080077e7    0x14  Code  Gb  stm32l1xx_hal_gpio.o [1]
HAL_GetTick             0x08009c7f     0x6  Code  Wk  stm32l1xx_hal.o [1]
HAL_I2C_ER_IRQHandler   0x0800a7b1    0xce  Code  Gb  stm32l1xx_hal_i2c.o [1]
HAL_I2C_EV_IRQHandler   0x0800a67d   0x134  Code  Gb  stm32l1xx_hal_i2c.o [1]
HAL_I2C_ErrorCallback   0x0800a88b     0x2  Code  Wk  stm32l1xx_hal_i2c.o [1]
HAL_I2C_GetError        0x0800a893     0x4  Code  Gb  stm32l1xx_hal_i2c.o [1]
HAL_I2C_GetState        0x0800a88d     0x6  Code  Gb  stm32l1xx_hal_i2c.o [1]
HAL_I2C_Init            0x08009f2d   0x172  Code  Gb  stm32l1xx_hal_i2c.o [1]
HAL_I2C_MasterRxCpltCallback
                        0x0800a881     0x2  Code  Wk  stm32l1xx_hal_i2c.o [1]
HAL_I2C_MasterTxCpltCallback
                        0x0800a87f     0x2  Code  Wk  stm32l1xx_hal_i2c.o [1]
HAL_I2C_Master_Receive  0x0800a1d7   0x256  Code  Gb  stm32l1xx_hal_i2c.o [1]
HAL_I2C_Master_Receive_IT
                        0x0800a513   0x14e  Code  Gb  stm32l1xx_hal_i2c.o [1]
HAL_I2C_Master_Transmit
                        0x0800a09f   0x138  Code  Gb  stm32l1xx_hal_i2c.o [1]
HAL_I2C_Master_Transmit_IT
                        0x0800a42d    0xe6  Code  Gb  stm32l1xx_hal_i2c.o [1]
HAL_I2C_MemRxCpltCallback
                        0x0800a889     0x2  Code  Wk  stm32l1xx_hal_i2c.o [1]
HAL_I2C_MemTxCpltCallback
                        0x0800a887     0x2  Code  Wk  stm32l1xx_hal_i2c.o [1]
HAL_I2C_MspInit         0x0800603f    0x50  Code  Gb  i2c.o [1]
HAL_I2C_SlaveRxCpltCallback
                        0x0800a885     0x2  Code  Wk  stm32l1xx_hal_i2c.o [1]
HAL_I2C_SlaveTxCpltCallback
                        0x0800a883     0x2  Code  Wk  stm32l1xx_hal_i2c.o [1]
HAL_IncTick             0x08009c73     0xc  Code  Wk  stm32l1xx_hal.o [1]
HAL_Init                0x08009c5d    0x16  Code  Gb  stm32l1xx_hal.o [1]
HAL_InitTick            0x0800e141    0x80  Code  Gb  stm32l1xx_hal_timebase_TIM.o [1]
HAL_MspInit             0x0800e1d1    0x98  Code  Gb  stm32l1xx_hal_msp.o [1]
HAL_NVIC_DisableIRQ     0x080065fd     0xe  Code  Gb  stm32l1xx_hal_cortex.o [1]
HAL_NVIC_EnableIRQ      0x080065ef     0xe  Code  Gb  stm32l1xx_hal_cortex.o [1]
HAL_NVIC_SetPriority    0x080065c9    0x26  Code  Gb  stm32l1xx_hal_cortex.o [1]
HAL_NVIC_SetPriorityGrouping
                        0x080065bd     0xc  Code  Gb  stm32l1xx_hal_cortex.o [1]
HAL_NVIC_SystemReset    0x0800660b     0x8  Code  Gb  stm32l1xx_hal_cortex.o [1]
HAL_PCD_DataInStageCallback
                        0x0800fc81    0x20  Code  Gb  usbd_conf.o [1]
HAL_PCD_DataOutStageCallback
                        0x0800fc5f    0x22  Code  Gb  usbd_conf.o [1]
HAL_PCD_EP_ClrStall     0x0800fb3f   0x10a  Code  Gb  stm32l1xx_hal_pcd.o [1]
HAL_PCD_EP_Open         0x0800f1f1   0x476  Code  Gb  stm32l1xx_hal_pcd.o [1]
HAL_PCD_EP_Receive      0x0800f667   0x1ac  Code  Gb  stm32l1xx_hal_pcd.o [1]
HAL_PCD_EP_SetStall     0x0800fa61    0xde  Code  Gb  stm32l1xx_hal_pcd.o [1]
HAL_PCD_EP_Transmit     0x0800f813   0x24e  Code  Gb  stm32l1xx_hal_pcd.o [1]
HAL_PCD_IRQHandler      0x0800f07b   0x144  Code  Gb  stm32l1xx_hal_pcd.o [1]
HAL_PCD_ResetCallback   0x0800fcaf    0x2c  Code  Gb  usbd_conf.o [1]
HAL_PCD_ResumeCallback  0x0800fcfb     0xe  Code  Gb  usbd_conf.o [1]
HAL_PCD_SOFCallback     0x0800fca1     0xe  Code  Gb  usbd_conf.o [1]
HAL_PCD_SetAddress      0x0800f1bf    0x32  Code  Gb  stm32l1xx_hal_pcd.o [1]
HAL_PCD_SetupStageCallback
                        0x0800fc49    0x16  Code  Gb  usbd_conf.o [1]
HAL_PCD_SuspendCallback
                        0x0800fcdb    0x20  Code  Gb  usbd_conf.o [1]
HAL_PWREx_GetVoltageRange
                        0x0800e419     0xa  Code  Gb  stm32l1xx_hal_pwr_ex.o [1]
HAL_RCC_ClockConfig     0x0800b76f   0x2a0  Code  Gb  stm32l1xx_hal_rcc.o [1]
HAL_RCC_GetClockConfig  0x0800bb15    0x3a  Code  Gb  stm32l1xx_hal_rcc.o [1]
HAL_RCC_GetHCLKFreq     0x0800bab9     0x6  Code  Gb  stm32l1xx_hal_rcc.o [1]
HAL_RCC_GetPCLK1Freq    0x0800babf    0x20  Code  Gb  stm32l1xx_hal_rcc.o [1]
HAL_RCC_GetPCLK2Freq    0x0800badf    0x20  Code  Gb  stm32l1xx_hal_rcc.o [1]
HAL_RCC_GetSysClockFreq
                        0x0800ba0f    0xaa  Code  Gb  stm32l1xx_hal_rcc.o [1]
HAL_RCC_OscConfig       0x0800af45   0x82a  Code  Gb  stm32l1xx_hal_rcc.o [1]
HAL_SYSTICK_CLKSourceConfig
                        0x0800661f    0x22  Code  Gb  stm32l1xx_hal_cortex.o [1]
HAL_SYSTICK_Config      0x08006613     0xc  Code  Gb  stm32l1xx_hal_cortex.o [1]
HAL_TIMEx_MasterConfigSynchronization
                        0x0800e803    0x5e  Code  Gb  stm32l1xx_hal_tim_ex.o [1]
HAL_TIM_Base_Init       0x0800e429    0x38  Code  Gb  stm32l1xx_hal_tim.o [1]
HAL_TIM_Base_MspInit    0x0800bd13    0x48  Code  Gb  tim.o [1]
HAL_TIM_Base_Start_IT   0x0800e461    0x1e  Code  Gb  stm32l1xx_hal_tim.o [1]
HAL_TIM_ConfigClockSource
                        0x0800e5b9   0x122  Code  Gb  stm32l1xx_hal_tim.o [1]
HAL_TIM_IC_CaptureCallback
                        0x0800e6dd     0x2  Code  Wk  stm32l1xx_hal_tim.o [1]
HAL_TIM_IRQHandler      0x0800e47f   0x13a  Code  Gb  stm32l1xx_hal_tim.o [1]
HAL_TIM_OC_DelayElapsedCallback
                        0x0800e6db     0x2  Code  Wk  stm32l1xx_hal_tim.o [1]
HAL_TIM_PWM_PulseFinishedCallback
                        0x0800e6df     0x2  Code  Wk  stm32l1xx_hal_tim.o [1]
HAL_TIM_PeriodElapsedCallback
                        0x0800bd5b    0x56  Code  Gb  tim.o [1]
HAL_TIM_StartTimer2     0x0800be1d    0x12  Code  Gb  tim.o [1]
HAL_TIM_StartTimer3     0x0800be2f    0x12  Code  Gb  tim.o [1]
HAL_TIM_TriggerCallback
                        0x0800e6e1     0x2  Code  Wk  stm32l1xx_hal_tim.o [1]
HAL_UART_EnableBGM_RX   0x080024eb    0x32  Code  Gb  usart.o [1]
HAL_UART_EnableBGM_TXE  0x080024d9    0x12  Code  Gb  usart.o [1]
HAL_UART_ErrorCallback  0x080024d7     0x2  Code  Gb  usart.o [1]
HAL_UART_IRQHandler     0x080068d3   0x11a  Code  Gb  stm32l1xx_hal_uart.o [1]
HAL_UART_Init           0x0800666d    0x72  Code  Gb  stm32l1xx_hal_uart.o [1]
HAL_UART_MspInit        0x0800214f    0xba  Code  Gb  usart.o [1]
HAL_UART_Receive_IT     0x0800684b    0x88  Code  Gb  stm32l1xx_hal_uart.o [1]
HAL_UART_RxCpltCallback
                        0x08002427    0xb0  Code  Gb  usart.o [1]
HAL_UART_RxCpltCallback::len
                        0x20003588     0x4  Data  Lc  usart.o [1]
HAL_UART_RxCpltCallback::temp_ptr
                        0x20003584     0x4  Data  Lc  usart.o [1]
HAL_UART_Transmit       0x080066df    0xfc  Code  Gb  stm32l1xx_hal_uart.o [1]
HAL_UART_Transmit_IT    0x080067db    0x70  Code  Gb  stm32l1xx_hal_uart.o [1]
HAL_UART_TxCpltCallback
                        0x080023eb    0x20  Code  Gb  usart.o [1]
HAL_WWDG_IRQHandler     0x0800dfbd    0x2c  Code  Gb  stm32l1xx_hal_wwdg.o [1]
HAL_WWDG_Init           0x0800df13    0x4c  Code  Gb  stm32l1xx_hal_wwdg.o [1]
HAL_WWDG_MspInit        0x08009b23    0x26  Code  Gb  wwdg.o [1]
HAL_WWDG_Refresh        0x0800df8f    0x2e  Code  Gb  stm32l1xx_hal_wwdg.o [1]
HAL_WWDG_Start_IT       0x0800df5f    0x30  Code  Gb  stm32l1xx_hal_wwdg.o [1]
HAL_WWDG_WakeupCallback
                        0x08009b79    0x18  Code  Gb  wwdg.o [1]
HAL_WWDG_WakeupCallback::OnceFlg
                        0x200035a3     0x1  Data  Lc  wwdg.o [1]
HEAP$$Base              0x20001150           --   Gb  - Linker created -
HEAP$$Limit             0x20001150           --   Gb  - Linker created -
HeartBeat_Cnt           0x20003596     0x2  Data  Lc  app_data.o [1]
I2C1_ER_IRQHandler      0x08010a7d     0xa  Code  Gb  stm32l1xx_it.o [1]
I2C1_EV_IRQHandler      0x08010a73     0xa  Code  Gb  stm32l1xx_it.o [1]
I2C_IsAcknowledgeFailed
                        0x0800af1b    0x2a  Code  Lc  stm32l1xx_hal_i2c.o [1]
I2C_MasterReceive_BTF   0x0800a99b    0xa6  Code  Lc  stm32l1xx_hal_i2c.o [1]
I2C_MasterReceive_RXNE  0x0800a91f    0x7c  Code  Lc  stm32l1xx_hal_i2c.o [1]
I2C_MasterRequestRead   0x0800abdd   0x106  Code  Lc  stm32l1xx_hal_i2c.o [1]
I2C_MasterRequestWrite  0x0800ab47    0x96  Code  Lc  stm32l1xx_hal_i2c.o [1]
I2C_MasterTransmit_BTF  0x0800a8c3    0x5c  Code  Lc  stm32l1xx_hal_i2c.o [1]
I2C_MasterTransmit_TXE  0x0800a897    0x2c  Code  Lc  stm32l1xx_hal_i2c.o [1]
I2C_SlaveReceive_BTF    0x0800aa9b    0x1e  Code  Lc  stm32l1xx_hal_i2c.o [1]
I2C_SlaveReceive_RXNE   0x0800aa7d    0x1e  Code  Lc  stm32l1xx_hal_i2c.o [1]
I2C_SlaveTransmit_BTF   0x0800aa5f    0x1e  Code  Lc  stm32l1xx_hal_i2c.o [1]
I2C_SlaveTransmit_TXE   0x0800aa41    0x1e  Code  Lc  stm32l1xx_hal_i2c.o [1]
I2C_Slave_ADDR          0x0800aab9    0x18  Code  Lc  stm32l1xx_hal_i2c.o [1]
I2C_Slave_AF            0x0800ab13    0x34  Code  Lc  stm32l1xx_hal_i2c.o [1]
I2C_Slave_STOPF         0x0800aad1    0x42  Code  Lc  stm32l1xx_hal_i2c.o [1]
I2C_WaitBusyFlag        0x08006335    0x12  Code  Gb  i2c.o [1]
I2C_WaitOnFlagUntilTimeout
                        0x0800aced    0xda  Code  Lc  stm32l1xx_hal_i2c.o [1]
I2C_WaitOnMasterAddressFlagUntilTimeout
                        0x0800adc7    0x9e  Code  Lc  stm32l1xx_hal_i2c.o [1]
I2C_WaitOnRXNEFlagUntilTimeout
                        0x0800aeb7    0x64  Code  Lc  stm32l1xx_hal_i2c.o [1]
I2C_WaitOnTXEFlagUntilTimeout
                        0x0800ae65    0x52  Code  Lc  stm32l1xx_hal_i2c.o [1]
InitSensors             0x0800307d    0x22  Code  Gb  app_data.o [1]
LPS25HB_GetPressure     0x08009541    0x2c  Code  Gb  lps25hb.o [1]
LPS25HB_GetTemperature  0x080095af    0x2e  Code  Gb  lps25hb.o [1]
LPS25HB_I2C_GetRawTemperature
                        0x0800956d     0xc  Code  Gb  lps25hb.o [1]
LPS25HB_I2C_ReadRawPressure
                        0x080094f7    0x4a  Code  Lc  lps25hb.o [1]
LPS25HB_I2C_ReadRawTemperature
                        0x08009579    0x36  Code  Lc  lps25hb.o [1]
LPS25HB_Init            0x080093e5   0x112  Code  Gb  lps25hb.o [1]
LPS25HB_PowerOn         0x080095dd    0x48  Code  Lc  lps25hb.o [1]
LoadInt                 0x080088b3    0x70  Code  Lc  xprintffull.o [3]
MX_ADC_Init             0x08007b55    0x88  Code  Gb  adc.o [1]
MX_DMA_Init             0x0800bc19    0x30  Code  Gb  dma.o [1]
MX_GPIO_Init            0x08005e19   0x13a  Code  Gb  gpio.o [1]
MX_I2C1_Init            0x08005fdd    0x62  Code  Gb  i2c.o [1]
MX_I2C1_Reset           0x0800608f    0x50  Code  Gb  i2c.o [1]
MX_TIM2_Init            0x0800bc49    0x66  Code  Gb  tim.o [1]
MX_TIM3_Init            0x0800bcaf    0x64  Code  Gb  tim.o [1]
MX_USART2_UART_Init     0x0800209d    0x58  Code  Gb  usart.o [1]
MX_USART3_UART_Init     0x080020f5    0x5a  Code  Gb  usart.o [1]
MX_WWDG_Init            0x08009af1    0x32  Code  Gb  wwdg.o [1]
ModuleArray             0x08011dd8    0x1c  Data  Gb  ErrorCodes.o [1]
NVIC_DisableIRQ         0x080064f9    0x14  Code  Lc  stm32l1xx_hal_cortex.o [1]
NVIC_EnableIRQ          0x080064e5    0x14  Code  Lc  stm32l1xx_hal_cortex.o [1]
NVIC_EncodePriority     0x08006533    0x3e  Code  Lc  stm32l1xx_hal_cortex.o [1]
NVIC_GetPriorityGrouping
                        0x080064db     0xa  Code  Lc  stm32l1xx_hal_cortex.o [1]
NVIC_SetPriority        0x0800650d    0x26  Code  Lc  stm32l1xx_hal_cortex.o [1]
NVIC_SetPriorityGrouping
                        0x080064bd    0x1e  Code  Lc  stm32l1xx_hal_cortex.o [1]
NVIC_SystemReset        0x08006571    0x1c  Code  Lc  stm32l1xx_hal_cortex.o [1]
NextBufIdx              0x080025c3     0xe  Code  Gb  bgm111.o [1]
PCD_EP_ISR_Handler      0x0800ebd5   0x43a  Code  Lc  stm32l1xx_hal_pcd.o [1]
PCD_ReadPMA             0x0800f04f    0x2c  Code  Lc  stm32l1xx_hal_pcd.o [1]
PCD_WritePMA            0x0800f00f    0x40  Code  Lc  stm32l1xx_hal_pcd.o [1]
PageError               0x20003550     0x4  Data  Gb  Flash.o [1]
PendSV_Handler          0x08010965          Code  Gb  portasm.o [1]
Proc_Timer2             0x0800bdc9    0x54  Code  Gb  tim.o [1]
ProcessSensorState      0x080030b3   0x96a  Code  Gb  app_data.o [1]
Process_RdSound         0x08003a35   0x170  Code  Gb  app_data.o [1]
RBIsBufFull             0x080079f7    0x1e  Code  Gb  ErrorCodes.o [1]
RBNextBufIdx            0x080079e9     0xe  Code  Gb  ErrorCodes.o [1]
RCC_SetFlashLatencyFromMSIRange
                        0x0800bb55    0x90  Code  Lc  stm32l1xx_hal_rcc.o [1]
RdBrdI2C_WaitOnFlagUntilTimeout
                        0x08006347    0xda  Code  Lc  i2c.o [1]
RdBrd_BlinkErrCd        0x08007ab5    0x4e  Code  Gb  ErrorCodes.o [1]
RdBrd_ErrCdLogErrCd     0x08007a15    0x8e  Code  Gb  ErrorCodes.o [1]
RdSndTickCnt            0x20000040     0x4  Data  Lc  tim.o [1]
Region$$Table$$Base     0x08011bf8           --   Gb  - Linker created -
Region$$Table$$Limit    0x08011c20           --   Gb  - Linker created -
Reset_DriverStates      0x08003d05    0x32  Code  Gb  app_data.o [1]
RoadBrdSnd_ClearImgnryBffr
                        0x08002c05    0x14  Code  Gb  Rd_Sound.o [1]
RoadBrdSnd_ClrBffrs     0x08002df9    0x20  Code  Gb  Rd_Sound.o [1]
RoadBrdSnd_DumpBin0     0x08002cef    0x40  Code  Gb  Rd_Sound.o [1]
RoadBrdSnd_DumpBin16    0x08002d2f    0x42  Code  Gb  Rd_Sound.o [1]
RoadBrdSnd_DumpBin32    0x08002d71    0x44  Code  Gb  Rd_Sound.o [1]
RoadBrdSnd_DumpBin48    0x08002db5    0x44  Code  Gb  Rd_Sound.o [1]
RoadBrdSnd_ProcessSound
                        0x08002c69    0x86  Code  Gb  Rd_Sound.o [1]
RoadBrdSnd_SampleSound  0x08002c1d    0x4c  Code  Gb  Rd_Sound.o [1]
RoadBrdSnd_getSaveBffr  0x08002c19     0x4  Code  Gb  Rd_Sound.o [1]
RoadBrd_ADC_PORT        0x20000000     0xc  Data  Gb  adc.o [1]
RoadBrd_ADC_Start       0x08007d49    0x6e  Code  Gb  adc.o [1]
RoadBrd_ADC_Status      0x08007db7    0x10  Code  Gb  adc.o [1]
RoadBrd_Baro_ReadPressure
                        0x08002ed9    0x88  Code  Gb  barometer.o [1]
RoadBrd_Baro_ReadTemp   0x08002f61    0xa6  Code  Gb  barometer.o [1]
RoadBrd_CoolEyeInit     0x08004049    0x6a  Code  Gb  GridEye.o [1]
RoadBrd_CoolEye_ReadValues
                        0x080040b5   0x5b8  Code  Gb  GridEye.o [1]
RoadBrd_Delay           0x0800632b     0xa  Code  Gb  i2c.o [1]
RoadBrd_Delay2          0x08007b03    0x16  Code  Gb  ErrorCodes.o [1]
RoadBrd_FlashRead       0x0800e121    0x20  Code  Gb  Flash.o [1]
RoadBrd_FlashWrite      0x0800dfe9   0x124  Code  Gb  Flash.o [1]
RoadBrd_FlashWrite::EraseInitStruct
                        0x20003524     0xc  Data  Lc  Flash.o [1]
RoadBrd_FlashWrite::OptionsBytesStruct
                        0x200034b4    0x1c  Data  Lc  Flash.o [1]
RoadBrd_GetBGPtr        0x08002321     0x6  Code  Gb  usart.o [1]
RoadBrd_GetBffrFlg      0x08002331     0x6  Code  Gb  usart.o [1]
RoadBrd_GridEyeInit     0x08004671    0xd6  Code  Gb  GridEye.o [1]
RoadBrd_GridEyeReset    0x08004747    0x96  Code  Gb  GridEye.o [1]
RoadBrd_GridEye_ReadValues
                        0x080047dd   0x5d0  Code  Gb  GridEye.o [1]
RoadBrd_HumidityInit    0x080052a1    0xa6  Code  Gb  Humidity.o [1]
RoadBrd_Humidity_ReadHumidity
                        0x08005347   0x2f8  Code  Gb  Humidity.o [1]
RoadBrd_Humidity_ReadTemperature
                        0x08005645   0x2f0  Code  Gb  Humidity.o [1]
RoadBrd_I2C_GetError    0x080062d9     0xa  Code  Gb  i2c.o [1]
RoadBrd_I2C_GetState    0x080062e3     0xa  Code  Gb  i2c.o [1]
RoadBrd_I2C_Master_CmdReceive
                        0x08006217    0x60  Code  Gb  i2c.o [1]
RoadBrd_I2C_Master_Receive
                        0x08006277    0x36  Code  Gb  i2c.o [1]
RoadBrd_I2C_Master_Receive_IT
                        0x080062ad    0x2c  Code  Gb  i2c.o [1]
RoadBrd_I2C_Master_Transmit
                        0x080061e1    0x36  Code  Gb  i2c.o [1]
RoadBrd_I2C_Master_Transmit_CMDData
                        0x08006147    0x6e  Code  Gb  i2c.o [1]
RoadBrd_I2C_Master_Transmit_CMDData_IT
                        0x080060df    0x68  Code  Gb  i2c.o [1]
RoadBrd_I2C_Master_Transmit_IT
                        0x080061b5    0x2c  Code  Gb  i2c.o [1]
RoadBrd_Init_Barometer  0x08002e85    0x54  Code  Gb  barometer.o [1]
RoadBrd_Init_VMonitor   0x08004de1    0xb6  Code  Gb  VMonitor.o [1]
RoadBrd_LED_On          0x08005f53    0x1c  Code  Gb  gpio.o [1]
RoadBrd_LED_PIN         0x0801225c    0x14  Data  Gb  gpio.o [1]
RoadBrd_LED_PORT        0x20000014    0x24  Data  Gb  gpio.o [1]
RoadBrd_LED_Toggle      0x08005f6f    0x1a  Code  Gb  gpio.o [1]
RoadBrd_ParseString     0x08000125  0x1d38  Code  Gb  parser.o [1]
RoadBrd_ProcessBGMChar  0x08002a53   0x108  Code  Gb  bgm111.o [1]
RoadBrd_ProcessBGMChar::in_ptr
                        0x2000359b     0x1  Data  Lc  bgm111.o [1]
RoadBrd_ProcessBGMChar::tempBffr2
                        0x20003464    0x28  Data  Lc  bgm111.o [1]
RoadBrd_RGBFullInit     0x08005b25    0x54  Code  Gb  RGBLight.o [1]
RoadBrd_RGBInit         0x08005ad5    0x50  Code  Gb  RGBLight.o [1]
RoadBrd_RGBReadID       0x08005bbd    0x96  Code  Gb  RGBLight.o [1]
RoadBrd_RGBReadStatus   0x08005c53    0x96  Code  Gb  RGBLight.o [1]
RoadBrd_RGBReadValues   0x08005ce9   0x120  Code  Gb  RGBLight.o [1]
RoadBrd_RGBReset        0x08005b79    0x44  Code  Gb  RGBLight.o [1]
RoadBrd_ReadTemp        0x08005969   0x16c  Code  Gb  Temperature.o [1]
RoadBrd_SetBffrFlg      0x08002327     0xa  Code  Gb  usart.o [1]
RoadBrd_TestI2C         0x08006421    0x8a  Code  Gb  i2c.o [1]
RoadBrd_TestandRead_Barometer
                        0x08003031    0x4c  Code  Gb  barometer.o [1]
RoadBrd_UART_Receive_IT
                        0x08002337    0x7a  Code  Gb  usart.o [1]
RoadBrd_UART_Transmit   0x08002209    0x90  Code  Gb  usart.o [1]
RoadBrd_UART_Transmit_IT
                        0x08002299    0x88  Code  Gb  usart.o [1]
RoadBrd_Uart_GetState   0x080023c9    0x22  Code  Gb  usart.o [1]
RoadBrd_Uart_Status     0x080023b1    0x18  Code  Gb  usart.o [1]
RoadBrd_VMonitor_RdCurrent
                        0x08004f83    0xec  Code  Gb  VMonitor.o [1]
RoadBrd_VMonitor_RdPower
                        0x0800506f    0xf4  Code  Gb  VMonitor.o [1]
RoadBrd_VMonitor_RdShntVltg
                        0x08004e97    0xec  Code  Gb  VMonitor.o [1]
RoadBrd_VMonitor_RdVoltage
                        0x08005169    0xf2  Code  Gb  VMonitor.o [1]
RoadBrd_WWDG_GetRefreshCnt
                        0x08009b6d     0xc  Code  Gb  wwdg.o [1]
RoadBrd_WWDG_InitializeFrmFlash
                        0x08009bc9    0x34  Code  Gb  wwdg.o [1]
RoadBrd_WWDG_Refresh    0x08009b53    0x1a  Code  Gb  wwdg.o [1]
RoadBrd_WWDG_Start      0x08009b49     0xa  Code  Gb  wwdg.o [1]
RoadBrd_WWDG_VerifyFrame
                        0x08009b9b    0x2e  Code  Gb  wwdg.o [1]
RoadBrd_WaitForState    0x080062ed    0x3e  Code  Gb  i2c.o [1]
RoadBrd_gpio_Off        0x08005fa5    0x1c  Code  Gb  gpio.o [1]
RoadBrd_gpio_On         0x08005f89    0x1c  Code  Gb  gpio.o [1]
SVC_Handler             0x080109b7          Code  Gb  portasm.o [1]
Save_Frames             0x200034fc    0x10  Data  Lc  wwdg.o [1]
SendApp_String          0x08003bd1    0x3a  Code  Gb  app_data.o [1]
SetDataReady            0x0800309f     0xa  Code  Gb  app_data.o [1]
Set_DriverStates        0x08003d55    0x58  Code  Gb  app_data.o [1]
Set_HeartBeat           0x08003ec1     0x8  Code  Gb  app_data.o [1]
Sinewave                0x08010af0    0x80  Data  Gb  fix_fft.o [1]
SnsrTickCnt             0x2000003c     0x4  Data  Lc  tim.o [1]
SysTick_Config          0x0800658d    0x30  Code  Lc  stm32l1xx_hal_cortex.o [1]
SysTick_Handler         0x08010a39     0x8  Code  Gb  stm32l1xx_it.o [1]
SystemClock_Config      0x080073bf    0xaa  Code  Gb  main.o [1]
SystemCoreClock         0x20000038     0x4  Data  Gb  system_stm32l1xx.o [1]
SystemInit              0x08010b71    0x4c  Code  Gb  system_stm32l1xx.o [1]
TIM2_IRQHandler         0x08010a87     0xa  Code  Gb  stm32l1xx_it.o [1]
TIM3_IRQHandler         0x08010a91     0xa  Code  Gb  stm32l1xx_it.o [1]
TIM4_IRQHandler         0x08010a55     0xa  Code  Gb  stm32l1xx_it.o [1]
TIM6_IRQHandler         0x080030a9     0xa  Code  Gb  app_data.o [1]
TIM_Base_SetConfig      0x0800e6e3    0x70  Code  Lc  stm32l1xx_hal_tim.o [1]
TIM_ETR_SetConfig       0x0800e7e7    0x1c  Code  Lc  stm32l1xx_hal_tim.o [1]
TIM_ITRx_SetConfig      0x0800e7cf    0x18  Code  Lc  stm32l1xx_hal_tim.o [1]
TIM_TI1_ConfigInputStage
                        0x0800e76d    0x30  Code  Lc  stm32l1xx_hal_tim.o [1]
TIM_TI2_ConfigInputStage
                        0x0800e79d    0x32  Code  Lc  stm32l1xx_hal_tim.o [1]
Test_Connection         0x08003c0b    0xee  Code  Gb  app_data.o [1]
Test_Timer2             0x0800bdb9    0x10  Code  Gb  tim.o [1]
Timr2Ready              0x2000359d     0x1  Data  Gb  tim.o [1]
Timr3Ready              0x2000359e     0x1  Data  Gb  tim.o [1]
TmpData                 0x20002710   0x248  Data  Gb  app_data.o [1]
Tst_Bypass              0x08001f27     0x6  Code  Gb  parser.o [1]
Tst_HeartBeat           0x08003eb5     0x6  Code  Gb  app_data.o [1]
UART_EndTransmit_IT     0x08006b57    0x32  Code  Lc  stm32l1xx_hal_uart.o [1]
UART_Receive_IT         0x08006b89    0xc8  Code  Lc  stm32l1xx_hal_uart.o [1]
UART_SetConfig          0x08006c51   0x2fe  Code  Lc  stm32l1xx_hal_uart.o [1]
UART_Transmit_IT        0x08006adb    0x7c  Code  Lc  stm32l1xx_hal_uart.o [1]
UART_WaitOnFlagUntilTimeout
                        0x080069ed    0xee  Code  Lc  stm32l1xx_hal_uart.o [1]
USART2_IRQHandler       0x08010a69     0xa  Code  Gb  stm32l1xx_it.o [1]
USART3_IRQHandler       0x08010a5f     0xa  Code  Gb  stm32l1xx_it.o [1]
USART_ReceiveData       0x08002a49     0xa  Code  Gb  bgm111.o [1]
USART_SendData          0x08002a3d     0xc  Code  Gb  bgm111.o [1]
USBD_ClrClassConfig     0x0800fe13    0x18  Code  Gb  usbd_core.o [1]
USBD_ClrFeature         0x08010637    0x3a  Code  Lc  usbd_ctlreq.o [1]
USBD_CtlContinueRx      0x080106f3    0x1a  Code  Gb  usbd_ioreq.o [1]
USBD_CtlContinueSendData
                        0x080106d9    0x1a  Code  Gb  usbd_ioreq.o [1]
USBD_CtlError           0x08010699    0x18  Code  Gb  usbd_ctlreq.o [1]
USBD_CtlReceiveStatus   0x08010727    0x1a  Code  Gb  usbd_ioreq.o [1]
USBD_CtlSendData        0x080106b1    0x28  Code  Gb  usbd_ioreq.o [1]
USBD_CtlSendStatus      0x0801070d    0x1a  Code  Gb  usbd_ioreq.o [1]
USBD_GetConfig          0x08010589    0x4c  Code  Lc  usbd_ctlreq.o [1]
USBD_GetDescriptor      0x080102e5   0x164  Code  Lc  usbd_ctlreq.o [1]
USBD_GetStatus          0x080105d5    0x3c  Code  Lc  usbd_ctlreq.o [1]
USBD_LL_ClearStallEP    0x0800fd41    0x16  Code  Gb  usbd_conf.o [1]
USBD_LL_DataInStage     0x0800ff33    0xe2  Code  Gb  usbd_core.o [1]
USBD_LL_DataOutStage    0x0800fea3    0x90  Code  Gb  usbd_core.o [1]
USBD_LL_IsStallEP       0x0800fd57    0x30  Code  Gb  usbd_conf.o [1]
USBD_LL_OpenEP          0x0800fd09    0x22  Code  Gb  usbd_conf.o [1]
USBD_LL_PrepareReceive  0x0800fdbd    0x20  Code  Gb  usbd_conf.o [1]
USBD_LL_Reset           0x08010015    0x46  Code  Gb  usbd_core.o [1]
USBD_LL_Resume          0x08010077     0xe  Code  Gb  usbd_core.o [1]
USBD_LL_SOF             0x08010085    0x24  Code  Gb  usbd_core.o [1]
USBD_LL_SetSpeed        0x0801005b     0x8  Code  Gb  usbd_core.o [1]
USBD_LL_SetUSBAddress   0x0800fd87    0x16  Code  Gb  usbd_conf.o [1]
USBD_LL_SetupStage      0x0800fe2b    0x78  Code  Gb  usbd_core.o [1]
USBD_LL_StallEP         0x0800fd2b    0x16  Code  Gb  usbd_conf.o [1]
USBD_LL_Suspend         0x08010063    0x14  Code  Gb  usbd_core.o [1]
USBD_LL_Transmit        0x0800fd9d    0x20  Code  Gb  usbd_conf.o [1]
USBD_ParseSetupRequest  0x08010671    0x28  Code  Gb  usbd_ctlreq.o [1]
USBD_RunTestMode        0x0800fde1     0x6  Code  Gb  usbd_core.o [1]
USBD_SetAddress         0x08010449    0x60  Code  Lc  usbd_ctlreq.o [1]
USBD_SetClassConfig     0x0800fde7    0x2c  Code  Gb  usbd_core.o [1]
USBD_SetConfig          0x080104a9    0xda  Code  Lc  usbd_ctlreq.o [1]
USBD_SetConfig::cfgidx  0x200035a2     0x1  Data  Lc  usbd_ctlreq.o [1]
USBD_SetFeature         0x08010611    0x26  Code  Lc  usbd_ctlreq.o [1]
USBD_StdDevReq          0x080100a9    0x7c  Code  Gb  usbd_ctlreq.o [1]
USBD_StdEPReq           0x08010171   0x174  Code  Gb  usbd_ctlreq.o [1]
USBD_StdItfReq          0x08010125    0x4c  Code  Gb  usbd_ctlreq.o [1]
USB_LP_IRQHandler       0x08010a4b     0xa  Code  Gb  stm32l1xx_it.o [1]
Uart2Ready              0x2000359f     0x1  Data  Gb  usart.o [1]
Uart3Ready              0x200035a0     0x1  Data  Gb  usart.o [1]
WWDG_IRQHandler         0x08009b91     0xa  Code  Gb  wwdg.o [1]
_EncodingSb_Mbtowc      0x0800e89b    0x30  Code  Gb  xencoding_sb.o [3]
_EncodingSb_Mbtowc::initial
                        0x0800e8d8     0x8  Data  Lc  xencoding_sb.o [3]
_EncodingSb_Wctomb      0x0800e881    0x1a  Code  Gb  xencoding_sb.o [3]
_EncodingSb_Wctomb::initial
                        0x0800e8d0     0x8  Data  Lc  xencoding_sb.o [3]
_GenldFull              0x08009145   0x254  Code  Lc  xprintffull.o [3]
_IsdstStr               0x200000dc     0x4  Data  Gb  setlocale.o [3]
_LdtobFull              0x08008d39   0x406  Code  Lc  xprintffull.o [3]
_LitobFull              0x08008c2f   0x10a  Code  Lc  xprintffull.o [3]
_LocaleEncoding         0x0800e86d     0xe  Code  Gb  setlocale.o [3]
_LocaleReturnString     0x200000fc    0x50  Data  Lc  setlocale.o [3]
_Locale_Profile         0x200000e0    0x1c  Data  Gb  setlocale.o [3]
_Locale_aeabi_lconv     0x2000009c    0x38  Data  Gb  localeconv.o [3]
_Locale_lconv           0x2000004c    0x50  Data  Gb  localeconv.o [3]
_Mbtowc                 0x0800d5c1    0x20  Code  Gb  xmbtowc.o [3]
_PrintfFull             0x08008245   0x658  Code  Gb  xprintffull.o [3]
_PutcharsFull           0x08009399    0x2e  Code  Lc  xprintffull.o [3]
_PutstrFull             0x08008923   0x306  Code  Lc  xprintffull.o [3]
_SProut                 0x0800204f     0xa  Code  Gb  xsprout.o [3]
_TzoneStr               0x200000d8     0x4  Data  Gb  setlocale.o [3]
_Wctomb                 0x0800d70d    0x1a  Code  Gb  xwctomb.o [3]
__aeabi_cdcmple         0x0800d955          Code  Gb  DblCmpLe.o [4]
__aeabi_cdrcmple        0x0800d985          Code  Gb  DblCmpGe.o [4]
__aeabi_cfrcmple        0x08009d89          Code  Gb  FltCmpGe.o [4]
__aeabi_d2f             0x08008171          Code  Gb  DblToFlt.o [4]
__aeabi_d2iz            0x08009821          Code  Gb  DblToI32.o [4]
__aeabi_d2uiz           0x0800984d          Code  Gb  DblToI32.o [4]
__aeabi_dadd            0x08009a09          Code  Gb  DblAdd.o [4]
__aeabi_ddiv            0x0800dc41          Code  Gb  DblDiv.o [4]
__aeabi_dmul            0x0800967d          Code  Gb  DblMul.o [4]
__aeabi_dsub            0x0800dac1          Code  Gb  DblSub.o [4]
__aeabi_errno_addr      0x0800e861     0x6  Code  Gb  errno.o [3]
__aeabi_f2d             0x0800962d          Code  Gb  FltToDbl.o [4]
__aeabi_f2iz            0x08008201          Code  Gb  FltToS32.o [4]
__aeabi_fadd            0x08009ea9          Code  Gb  FltAdd.o [4]
__aeabi_fdiv            0x08009dad          Code  Gb  FltDiv.o [4]
__aeabi_fmul            0x08009931          Code  Gb  FltMul.o [4]
__aeabi_i2d             0x08008051          Code  Gb  I32ToDbl.o [4]
__aeabi_i2f             0x08009d11          Code  Gb  I32ToFlt.o [4]
__aeabi_ldiv0           0x0800e90d          Code  Gb  I64DivZer.o [5]
__aeabi_ui2d            0x08008065          Code  Gb  I32ToDbl.o [4]
__aeabi_ui2f            0x08009d25          Code  Gb  I32ToFlt.o [4]
__aeabi_uldivmod        0x0800d821          Code  Gb  I64DivMod.o [5]
__cmain                 0x08011e49          Code  Gb  cmain.o [5]
__data_Aldata           0x20003530     0x8  Data  Gb  xxmemxmalloc.o [3]
__data_GetMemChunk      0x0800e8e1    0x2c  Code  Gb  xgetmemchunk.o [3]
__data_GetMemChunk::start
                        0x20003590     0x4  Data  Lc  xgetmemchunk.o [3]
__exit                  0x08011e79    0x14  Code  Gb  exit.o [6]
__iar_Dint              0x0800e2c7    0x7a  Code  Gb  xdint.o [4]
__iar_Dnorm             0x0800d90f    0x44  Code  Gb  xdnorm.o [4]
__iar_Dscale            0x0800d9b5   0x10c  Code  Gb  xdscale.o [4]
__iar_Errno             0x200000d4     0x4  Data  Gb  errno.o [3]
__iar_Locale_lconv_init
                        0x0800de99    0x3a  Code  Gb  localeconv.o [3]
__iar_Mbcurmax          0x0800d651     0xa  Code  Gb  xmbcurmax.o [3]
__iar_Memchr            0x0800d5f9          Code  Gb  memchr.o [5]
__iar_Memset_word       0x0800e269          Code  Gb  ABImemset.o [5]
__iar_Strchr            0x0800d5e1          Code  Gb  strchr.o [5]
__iar_ceil              0x0800eaa9          Code  Gb  ceil.o [4]
__iar_ceill             0x0800eaa9          Code  Gb  ceil.o [4]
__iar_d2uiz             0x08009859          Code  Gb  DblToI32.o [4]
__iar_dadd              0x08009a1d          Code  Gb  DblAdd.o [4]
__iar_data_init3        0x08011ab1    0x28  Code  Gb  data_init.o [5]
__iar_dlib_perthread_access
                        0x0800e90f     0x2  Code  Gb  xtls.o [3]
__iar_dsub              0x0800dad5          Code  Gb  DblSub.o [4]
__iar_dsubStart         0x0800dae7          Code  Gb  DblSub.o [4]
__iar_edom              0x0800d5b5          Code  Gb  iarEdom.o [5]
__iar_fadd              0x08009eb9          Code  Gb  FltAdd.o [4]
__iar_fsub              0x0800e341          Code  Gb  FltSub.o [4]
__iar_fsubStart         0x0800e351          Code  Gb  FltSub.o [4]
__iar_modf              0x08009889          Code  Gb  modf.o [4]
__iar_modfl             0x08009889          Code  Gb  modf.o [4]
__iar_packbits_init_single3
                        0x080111d1    0x38  Code  Gb  packbits_init_single.o [5]
__iar_program_start     0x080124b9          Code  Gb  cstartup_M.o [5]
__iar_sqrt              0x08008081          Code  Gb  sqrt.o [4]
__iar_ui2d              0x08008069          Code  Gb  I32ToDbl.o [4]
__iar_ui2f              0x08009d29          Code  Gb  I32ToFlt.o [4]
__iar_unaligned___aeabi_memcpy
                        0x0800d729          Code  Gb  ABImemcpy_unaligned.o [5]
__iar_unaligned___aeabi_memcpy4
                        0x0800d749          Code  Gb  ABImemcpy_unaligned.o [5]
__iar_unaligned___aeabi_memcpy8
                        0x0800d749          Code  Gb  ABImemcpy_unaligned.o [5]
__iar_unaligned_strcmp  0x08009c19          Code  Gb  strcmp_unaligned.o [5]
__iar_unaligned_strcpy  0x08002059          Code  Gb  strcpy_unaligned.o [5]
__iar_unaligned_strncpy
                        0x08009ca5          Code  Gb  strncpy_unaligned.o [5]
__iar_zero_init3        0x08010f89    0x40  Code  Gb  zero_init3.o [5]
__low_level_init        0x08011e63     0x4  Code  Gb  low_level_init.o [3]
__vector_table          0x08000000          Data  Gb  startup_stm32l152xe.o [1]
_call_main              0x08011e55          Code  Gb  cmain.o [5]
_exit                   0x08011e6d          Code  Gb  cexit.o [5]
_gecko_cmd_msg          0x20002fec    0x84  Data  Gb  bgm111.o [1]
_gecko_rsp_msg          0x20003070    0x84  Data  Gb  bgm111.o [1]
_main                   0x08011e5f          Code  Gb  cmain.o [5]
aPLLDivisionFactorTable
                        0x08012674     0x4  Data  Gb  stm32l1xx_hal_rcc.o [1]
aPLLMULFactorTable      0x080124ac     0xc  Data  Gb  stm32l1xx_hal_rcc.o [1]
adcActive               0x20003599     0x1  Data  Gb  adc.o [1]
analytics               0x20003538     0x4  Data  Lc  app_data.o [1]
bffr1Flag               0x200035a1     0x1  Data  Lc  usart.o [1]
bglib_input             0x20003540     0x4  Data  Gb  bgm111.o [1]
bglib_output            0x2000353c     0x4  Data  Gb  bgm111.o [1]
bglib_peek              0x20003544     0x4  Data  Gb  bgm111.o [1]
bgm1data                0x2000348c    0x28  Data  Lc  usart.o [1]
ble                     0x20002dc0   0x1a0  Data  Lc  bgm111.o [1]
blemsgs                 0x200020c8   0x324  Data  Lc  bgm111.o [1]
ceil                    0x0800eaa9          Code  Gb  ceil.o [4]
ceill                   0x0800eaa9          Code  Gb  ceil.o [4]
clrUsartState           0x0800240b    0x1c  Code  Gb  usart.o [1]
connection_cnt          0x20003594     0x2  Data  Lc  app_data.o [1]
data                    0x20002958   0x248  Data  Gb  app_data.o [1]
delay_1ms               0x08007b19     0xe  Code  Gb  ErrorCodes.o [1]
div                     0x0800df05     0xe  Code  Gb  div.o [3]
driver_list             0x20003518     0xc  Data  Lc  app_data.o [1]
errStruct               0x200023ec   0x324  Data  Lc  ErrorCodes.o [1]
exit                    0x08011e67     0x4  Code  Gb  exit.o [3]
fi                      0x20003174    0x80  Data  Lc  Rd_Sound.o [1]
fix_fft                 0x08007e11   0x23a  Code  Gb  fix_fft.o [1]
fr                      0x200030f4    0x80  Data  Lc  Rd_Sound.o [1]
free                    0x0800d7a1    0x7a  Code  Gb  xxmemxfree.o [3]
fs                      0x200031f4    0x80  Data  Lc  Rd_Sound.o [1]
gecko_cmd_le_gap_set_mode
                        0x08002559    0x40  Code  Lc  bgm111.o [1]
gecko_cmd_msg           0x2000000c     0x4  Data  Gb  bgm111.o [1]
gecko_get_event         0x08007915    0x5e  Code  Gb  gecko_bglib.o [1]
gecko_handle_command    0x08007997    0x30  Code  Gb  gecko_bglib.o [1]
gecko_peek_event        0x08007973     0xa  Code  Gb  gecko_bglib.o [1]
gecko_queue             0x20001150   0xf78  Data  Gb  bgm111.o [1]
gecko_queue_r           0x2000354c     0x4  Data  Gb  bgm111.o [1]
gecko_queue_w           0x20003548     0x4  Data  Gb  bgm111.o [1]
gecko_rsp_msg           0x20000010     0x4  Data  Gb  bgm111.o [1]
gecko_wait_message      0x08007839    0xdc  Code  Gb  gecko_bglib.o [1]
gecko_wait_response     0x0800797d    0x1a  Code  Gb  gecko_bglib.o [1]
hadc                    0x20003274    0x54  Data  Gb  adc.o [1]
hatoi                   0x08001ecf    0x58  Code  Gb  parser.o [1]
hdma_adc                0x20003384    0x38  Data  Gb  adc.o [1]
hi2c1                   0x20003348    0x3c  Data  Gb  i2c.o [1]
hpcd_USB_FS             0x20002ba0   0x220  Data  Gb  usbd_conf.o [1]
htim2                   0x200033f4    0x38  Data  Gb  tim.o [1]
htim3                   0x2000342c    0x38  Data  Gb  tim.o [1]
htim4                   0x200033bc    0x38  Data  Gb  stm32l1xx_hal_timebase_TIM.o [1]
huart2                  0x200032c8    0x40  Data  Gb  usart.o [1]
huart3                  0x20003308    0x40  Data  Gb  usart.o [1]
hwwdg                   0x200034e8    0x14  Data  Gb  wwdg.o [1]
isHexNum                0x08001e85    0x4a  Code  Gb  parser.o [1]
ledOffCnt               0x20000044     0x4  Data  Lc  tim.o [1]
localeconv              0x0800ded3    0x16  Code  Gb  localeconv.o [3]
main                    0x08006f59   0x466  Code  Gb  main.o [1]
malloc                  0x0800d65d    0xac  Code  Gb  xxmemxmalloc.o [3]
memchr                  0x0800d5f9          Code  Gb  memchr.o [5]
modf                    0x08009879          Code  Gb  modf.o [4]
modfl                   0x08009879          Code  Gb  modf.o [4]
osSystickHandler        0x08010abd    0x10  Code  Gb  cmsis_os.o [1]
pFlash                  0x200034d0    0x18  Data  Gb  stm32l1xx_hal_flash.o [1]
prvResetNextTaskUnblockTime
                        0x080108f5    0x28  Code  Lc  tasks.o [1]
pxCurrentTCB            0x20003558     0x4  Data  Gb  tasks.o [1]
pxDelayedTaskList       0x2000355c     0x4  Data  Lc  tasks.o [1]
pxOverflowDelayedTaskList
                        0x20003560     0x4  Data  Lc  tasks.o [1]
pxReadyTasksLists       0x20002f60    0x8c  Data  Lc  tasks.o [1]
round                   0x08009d45    0x44  Code  Gb  round.o [4]
sConfig                 0x2000350c     0xc  Data  Gb  adc.o [1]
saveLen                 0x20000048     0x4  Data  Lc  usart.o [1]
sprintf                 0x08002e35    0x34  Code  Gb  sprintf.o [3]
sqrt                    0x08008081          Code  Gb  sqrt.o [4]
sqrtl                   0x08008081          Code  Gb  sqrt.o [4]
strcat                  0x08002e69    0x1c  Code  Gb  strcat.o [3]
strchr                  0x0800d5e1          Code  Gb  strchr.o [5]
strlen                  0x08002019          Code  Gb  strlen.o [5]
strncmp                 0x08007b27    0x2c  Code  Gb  strncmp.o [3]
ubSequenceCompleted     0x20003598     0x1  Data  Gb  adc.o [1]
ulPortSetInterruptMask  0x080109a3          Code  Gb  portasm.o [1]
uwTick                  0x20003554     0x4  Data  Lc  stm32l1xx_hal.o [1]
uxListRemove            0x08010a11    0x28  Code  Gb  list.o [1]
uxPendedTicks           0x20003570     0x4  Data  Lc  tasks.o [1]
uxSchedulerSuspended    0x20003580     0x4  Data  Lc  tasks.o [1]
uxTopReadyPriority      0x20003568     0x4  Data  Lc  tasks.o [1]
vListInsertEnd          0x080109f9    0x18  Code  Gb  list.o [1]
vPortClearInterruptMask
                        0x080109b1          Code  Gb  portasm.o [1]
vPortStartFirstTask     0x080109d7          Code  Gb  portasm.o [1]
vTaskSwitchContext      0x08010875    0x6c  Code  Gb  tasks.o [1]
wwdg_HardFrames         0x08070000    0x10  Data  Gb  wwdg.o [1]
wwdg_Save               0x2000358c     0x4  Data  Lc  wwdg.o [1]
xNextTaskUnblockTime    0x2000357c     0x4  Data  Lc  tasks.o [1]
xNumOfOverflows         0x20003578     0x4  Data  Lc  tasks.o [1]
xPortSysTickHandler     0x08010acd    0x1e  Code  Gb  port.o [1]
xSchedulerRunning       0x2000356c     0x4  Data  Lc  tasks.o [1]
xTaskGetSchedulerState  0x0801091d    0x26  Code  Gb  tasks.o [1]
xTaskIncrementTick      0x08010741   0x134  Code  Gb  tasks.o [1]
xTickCount              0x20003564     0x4  Data  Lc  tasks.o [1]
xYieldPending           0x20003574     0x4  Data  Lc  tasks.o [1]


[1] = D:\GoogleDriveCLT\GoogleDrive\WeatherCloud\Roadboard\Software\Road-Board-December-2016\EWARM\Road Brd MSTR Rev L Long Always\Obj
[2] = command line
[3] = dl7M_tlf.a
[4] = m7M_tl.a
[5] = rt7M_tl.a
[6] = shb_l.a

  68 892 bytes of readonly  code memory
   6 776 bytes of readonly  data memory
  13 728 bytes of readwrite data memory (+ 16 absolute)

Errors: none
Warnings: none
