###############################################################################
#
# IAR ELF Linker V7.60.2.11341/W32 for ARM                18/Jul/2017  09:21:03
# Copyright 2007-2016 IAR Systems AB.
#
#    Output file  =  
#        D:\GoogleDriveCLT\GoogleDrive\WeatherCloud\Roadboard\Software\Road-Board-December-2016N8\EWARM\Road
#        Brd MSTR Rev L Long Always\Exe\Road Board Rev K NUCLEO V1.1 Jul 12
#        2016.out
#    Map file     =  
#        D:\GoogleDriveCLT\GoogleDrive\WeatherCloud\Roadboard\Software\Road-Board-December-2016N8\EWARM\Road
#        Brd MSTR Rev L Long Always\List\Road Board Rev K NUCLEO V1.1 Jul 12
#        2016.map
#    Command line =  
#        "D:\GoogleDriveCLT\GoogleDrive\WeatherCloud\Roadboard\Software\Road-Board-December-2016N8\EWARM\Road
#        Brd MSTR Rev L Long Always\Obj\adc.o"
#        "D:\GoogleDriveCLT\GoogleDrive\WeatherCloud\Roadboard\Software\Road-Board-December-2016N8\EWARM\Road
#        Brd MSTR Rev L Long Always\Obj\app_data.o"
#        "D:\GoogleDriveCLT\GoogleDrive\WeatherCloud\Roadboard\Software\Road-Board-December-2016N8\EWARM\Road
#        Brd MSTR Rev L Long Always\Obj\barometer.o"
#        "D:\GoogleDriveCLT\GoogleDrive\WeatherCloud\Roadboard\Software\Road-Board-December-2016N8\EWARM\Road
#        Brd MSTR Rev L Long Always\Obj\bgm111.o"
#        "D:\GoogleDriveCLT\GoogleDrive\WeatherCloud\Roadboard\Software\Road-Board-December-2016N8\EWARM\Road
#        Brd MSTR Rev L Long Always\Obj\Calibration.o"
#        "D:\GoogleDriveCLT\GoogleDrive\WeatherCloud\Roadboard\Software\Road-Board-December-2016N8\EWARM\Road
#        Brd MSTR Rev L Long Always\Obj\cmsis_os.o"
#        "D:\GoogleDriveCLT\GoogleDrive\WeatherCloud\Roadboard\Software\Road-Board-December-2016N8\EWARM\Road
#        Brd MSTR Rev L Long Always\Obj\croutine.o"
#        "D:\GoogleDriveCLT\GoogleDrive\WeatherCloud\Roadboard\Software\Road-Board-December-2016N8\EWARM\Road
#        Brd MSTR Rev L Long Always\Obj\dma.o"
#        "D:\GoogleDriveCLT\GoogleDrive\WeatherCloud\Roadboard\Software\Road-Board-December-2016N8\EWARM\Road
#        Brd MSTR Rev L Long Always\Obj\ErrorCodes.o"
#        "D:\GoogleDriveCLT\GoogleDrive\WeatherCloud\Roadboard\Software\Road-Board-December-2016N8\EWARM\Road
#        Brd MSTR Rev L Long Always\Obj\event_groups.o"
#        "D:\GoogleDriveCLT\GoogleDrive\WeatherCloud\Roadboard\Software\Road-Board-December-2016N8\EWARM\Road
#        Brd MSTR Rev L Long Always\Obj\fix_fft.o"
#        "D:\GoogleDriveCLT\GoogleDrive\WeatherCloud\Roadboard\Software\Road-Board-December-2016N8\EWARM\Road
#        Brd MSTR Rev L Long Always\Obj\Flash.o"
#        "D:\GoogleDriveCLT\GoogleDrive\WeatherCloud\Roadboard\Software\Road-Board-December-2016N8\EWARM\Road
#        Brd MSTR Rev L Long Always\Obj\freertos.o"
#        "D:\GoogleDriveCLT\GoogleDrive\WeatherCloud\Roadboard\Software\Road-Board-December-2016N8\EWARM\Road
#        Brd MSTR Rev L Long Always\Obj\gecko_bglib.o"
#        "D:\GoogleDriveCLT\GoogleDrive\WeatherCloud\Roadboard\Software\Road-Board-December-2016N8\EWARM\Road
#        Brd MSTR Rev L Long Always\Obj\gpio.o"
#        "D:\GoogleDriveCLT\GoogleDrive\WeatherCloud\Roadboard\Software\Road-Board-December-2016N8\EWARM\Road
#        Brd MSTR Rev L Long Always\Obj\GridEye.o"
#        "D:\GoogleDriveCLT\GoogleDrive\WeatherCloud\Roadboard\Software\Road-Board-December-2016N8\EWARM\Road
#        Brd MSTR Rev L Long Always\Obj\heap_4.o"
#        "D:\GoogleDriveCLT\GoogleDrive\WeatherCloud\Roadboard\Software\Road-Board-December-2016N8\EWARM\Road
#        Brd MSTR Rev L Long Always\Obj\Humidity.o"
#        "D:\GoogleDriveCLT\GoogleDrive\WeatherCloud\Roadboard\Software\Road-Board-December-2016N8\EWARM\Road
#        Brd MSTR Rev L Long Always\Obj\i2c.o"
#        "D:\GoogleDriveCLT\GoogleDrive\WeatherCloud\Roadboard\Software\Road-Board-December-2016N8\EWARM\Road
#        Brd MSTR Rev L Long Always\Obj\list.o"
#        "D:\GoogleDriveCLT\GoogleDrive\WeatherCloud\Roadboard\Software\Road-Board-December-2016N8\EWARM\Road
#        Brd MSTR Rev L Long Always\Obj\lps25hb.o"
#        "D:\GoogleDriveCLT\GoogleDrive\WeatherCloud\Roadboard\Software\Road-Board-December-2016N8\EWARM\Road
#        Brd MSTR Rev L Long Always\Obj\main.o"
#        "D:\GoogleDriveCLT\GoogleDrive\WeatherCloud\Roadboard\Software\Road-Board-December-2016N8\EWARM\Road
#        Brd MSTR Rev L Long Always\Obj\parser.o"
#        "D:\GoogleDriveCLT\GoogleDrive\WeatherCloud\Roadboard\Software\Road-Board-December-2016N8\EWARM\Road
#        Brd MSTR Rev L Long Always\Obj\port.o"
#        "D:\GoogleDriveCLT\GoogleDrive\WeatherCloud\Roadboard\Software\Road-Board-December-2016N8\EWARM\Road
#        Brd MSTR Rev L Long Always\Obj\portasm.o"
#        "D:\GoogleDriveCLT\GoogleDrive\WeatherCloud\Roadboard\Software\Road-Board-December-2016N8\EWARM\Road
#        Brd MSTR Rev L Long Always\Obj\queue.o"
#        "D:\GoogleDriveCLT\GoogleDrive\WeatherCloud\Roadboard\Software\Road-Board-December-2016N8\EWARM\Road
#        Brd MSTR Rev L Long Always\Obj\Rd_Sound.o"
#        "D:\GoogleDriveCLT\GoogleDrive\WeatherCloud\Roadboard\Software\Road-Board-December-2016N8\EWARM\Road
#        Brd MSTR Rev L Long Always\Obj\RGBLight.o"
#        "D:\GoogleDriveCLT\GoogleDrive\WeatherCloud\Roadboard\Software\Road-Board-December-2016N8\EWARM\Road
#        Brd MSTR Rev L Long Always\Obj\startup_stm32l152xe.o"
#        "D:\GoogleDriveCLT\GoogleDrive\WeatherCloud\Roadboard\Software\Road-Board-December-2016N8\EWARM\Road
#        Brd MSTR Rev L Long Always\Obj\stm32l1xx_hal.o"
#        "D:\GoogleDriveCLT\GoogleDrive\WeatherCloud\Roadboard\Software\Road-Board-December-2016N8\EWARM\Road
#        Brd MSTR Rev L Long Always\Obj\stm32l1xx_hal_adc.o"
#        "D:\GoogleDriveCLT\GoogleDrive\WeatherCloud\Roadboard\Software\Road-Board-December-2016N8\EWARM\Road
#        Brd MSTR Rev L Long Always\Obj\stm32l1xx_hal_adc_ex.o"
#        "D:\GoogleDriveCLT\GoogleDrive\WeatherCloud\Roadboard\Software\Road-Board-December-2016N8\EWARM\Road
#        Brd MSTR Rev L Long Always\Obj\stm32l1xx_hal_cortex.o"
#        "D:\GoogleDriveCLT\GoogleDrive\WeatherCloud\Roadboard\Software\Road-Board-December-2016N8\EWARM\Road
#        Brd MSTR Rev L Long Always\Obj\stm32l1xx_hal_dma.o"
#        "D:\GoogleDriveCLT\GoogleDrive\WeatherCloud\Roadboard\Software\Road-Board-December-2016N8\EWARM\Road
#        Brd MSTR Rev L Long Always\Obj\stm32l1xx_hal_flash.o"
#        "D:\GoogleDriveCLT\GoogleDrive\WeatherCloud\Roadboard\Software\Road-Board-December-2016N8\EWARM\Road
#        Brd MSTR Rev L Long Always\Obj\stm32l1xx_hal_flash_ex.o"
#        "D:\GoogleDriveCLT\GoogleDrive\WeatherCloud\Roadboard\Software\Road-Board-December-2016N8\EWARM\Road
#        Brd MSTR Rev L Long Always\Obj\stm32l1xx_hal_flash_ramfunc.o"
#        "D:\GoogleDriveCLT\GoogleDrive\WeatherCloud\Roadboard\Software\Road-Board-December-2016N8\EWARM\Road
#        Brd MSTR Rev L Long Always\Obj\stm32l1xx_hal_gpio.o"
#        "D:\GoogleDriveCLT\GoogleDrive\WeatherCloud\Roadboard\Software\Road-Board-December-2016N8\EWARM\Road
#        Brd MSTR Rev L Long Always\Obj\stm32l1xx_hal_i2c.o"
#        "D:\GoogleDriveCLT\GoogleDrive\WeatherCloud\Roadboard\Software\Road-Board-December-2016N8\EWARM\Road
#        Brd MSTR Rev L Long Always\Obj\stm32l1xx_hal_msp.o"
#        "D:\GoogleDriveCLT\GoogleDrive\WeatherCloud\Roadboard\Software\Road-Board-December-2016N8\EWARM\Road
#        Brd MSTR Rev L Long Always\Obj\stm32l1xx_hal_pcd.o"
#        "D:\GoogleDriveCLT\GoogleDrive\WeatherCloud\Roadboard\Software\Road-Board-December-2016N8\EWARM\Road
#        Brd MSTR Rev L Long Always\Obj\stm32l1xx_hal_pcd_ex.o"
#        "D:\GoogleDriveCLT\GoogleDrive\WeatherCloud\Roadboard\Software\Road-Board-December-2016N8\EWARM\Road
#        Brd MSTR Rev L Long Always\Obj\stm32l1xx_hal_pwr.o"
#        "D:\GoogleDriveCLT\GoogleDrive\WeatherCloud\Roadboard\Software\Road-Board-December-2016N8\EWARM\Road
#        Brd MSTR Rev L Long Always\Obj\stm32l1xx_hal_pwr_ex.o"
#        "D:\GoogleDriveCLT\GoogleDrive\WeatherCloud\Roadboard\Software\Road-Board-December-2016N8\EWARM\Road
#        Brd MSTR Rev L Long Always\Obj\stm32l1xx_hal_rcc.o"
#        "D:\GoogleDriveCLT\GoogleDrive\WeatherCloud\Roadboard\Software\Road-Board-December-2016N8\EWARM\Road
#        Brd MSTR Rev L Long Always\Obj\stm32l1xx_hal_rcc_ex.o"
#        "D:\GoogleDriveCLT\GoogleDrive\WeatherCloud\Roadboard\Software\Road-Board-December-2016N8\EWARM\Road
#        Brd MSTR Rev L Long Always\Obj\stm32l1xx_hal_tim.o"
#        "D:\GoogleDriveCLT\GoogleDrive\WeatherCloud\Roadboard\Software\Road-Board-December-2016N8\EWARM\Road
#        Brd MSTR Rev L Long Always\Obj\stm32l1xx_hal_tim_ex.o"
#        "D:\GoogleDriveCLT\GoogleDrive\WeatherCloud\Roadboard\Software\Road-Board-December-2016N8\EWARM\Road
#        Brd MSTR Rev L Long Always\Obj\stm32l1xx_hal_timebase_TIM.o"
#        "D:\GoogleDriveCLT\GoogleDrive\WeatherCloud\Roadboard\Software\Road-Board-December-2016N8\EWARM\Road
#        Brd MSTR Rev L Long Always\Obj\stm32l1xx_hal_uart.o"
#        "D:\GoogleDriveCLT\GoogleDrive\WeatherCloud\Roadboard\Software\Road-Board-December-2016N8\EWARM\Road
#        Brd MSTR Rev L Long Always\Obj\stm32l1xx_hal_wwdg.o"
#        "D:\GoogleDriveCLT\GoogleDrive\WeatherCloud\Roadboard\Software\Road-Board-December-2016N8\EWARM\Road
#        Brd MSTR Rev L Long Always\Obj\stm32l1xx_it.o"
#        "D:\GoogleDriveCLT\GoogleDrive\WeatherCloud\Roadboard\Software\Road-Board-December-2016N8\EWARM\Road
#        Brd MSTR Rev L Long Always\Obj\stm32l1xx_nucleo.o"
#        "D:\GoogleDriveCLT\GoogleDrive\WeatherCloud\Roadboard\Software\Road-Board-December-2016N8\EWARM\Road
#        Brd MSTR Rev L Long Always\Obj\system_stm32l1xx.o"
#        "D:\GoogleDriveCLT\GoogleDrive\WeatherCloud\Roadboard\Software\Road-Board-December-2016N8\EWARM\Road
#        Brd MSTR Rev L Long Always\Obj\tasks.o"
#        "D:\GoogleDriveCLT\GoogleDrive\WeatherCloud\Roadboard\Software\Road-Board-December-2016N8\EWARM\Road
#        Brd MSTR Rev L Long Always\Obj\Temperature.o"
#        "D:\GoogleDriveCLT\GoogleDrive\WeatherCloud\Roadboard\Software\Road-Board-December-2016N8\EWARM\Road
#        Brd MSTR Rev L Long Always\Obj\tim.o"
#        "D:\GoogleDriveCLT\GoogleDrive\WeatherCloud\Roadboard\Software\Road-Board-December-2016N8\EWARM\Road
#        Brd MSTR Rev L Long Always\Obj\timers.o"
#        "D:\GoogleDriveCLT\GoogleDrive\WeatherCloud\Roadboard\Software\Road-Board-December-2016N8\EWARM\Road
#        Brd MSTR Rev L Long Always\Obj\usart.o"
#        "D:\GoogleDriveCLT\GoogleDrive\WeatherCloud\Roadboard\Software\Road-Board-December-2016N8\EWARM\Road
#        Brd MSTR Rev L Long Always\Obj\usb_device.o"
#        "D:\GoogleDriveCLT\GoogleDrive\WeatherCloud\Roadboard\Software\Road-Board-December-2016N8\EWARM\Road
#        Brd MSTR Rev L Long Always\Obj\usbd_cdc.o"
#        "D:\GoogleDriveCLT\GoogleDrive\WeatherCloud\Roadboard\Software\Road-Board-December-2016N8\EWARM\Road
#        Brd MSTR Rev L Long Always\Obj\usbd_cdc_if.o"
#        "D:\GoogleDriveCLT\GoogleDrive\WeatherCloud\Roadboard\Software\Road-Board-December-2016N8\EWARM\Road
#        Brd MSTR Rev L Long Always\Obj\usbd_conf.o"
#        "D:\GoogleDriveCLT\GoogleDrive\WeatherCloud\Roadboard\Software\Road-Board-December-2016N8\EWARM\Road
#        Brd MSTR Rev L Long Always\Obj\usbd_core.o"
#        "D:\GoogleDriveCLT\GoogleDrive\WeatherCloud\Roadboard\Software\Road-Board-December-2016N8\EWARM\Road
#        Brd MSTR Rev L Long Always\Obj\usbd_ctlreq.o"
#        "D:\GoogleDriveCLT\GoogleDrive\WeatherCloud\Roadboard\Software\Road-Board-December-2016N8\EWARM\Road
#        Brd MSTR Rev L Long Always\Obj\usbd_desc.o"
#        "D:\GoogleDriveCLT\GoogleDrive\WeatherCloud\Roadboard\Software\Road-Board-December-2016N8\EWARM\Road
#        Brd MSTR Rev L Long Always\Obj\usbd_ioreq.o"
#        "D:\GoogleDriveCLT\GoogleDrive\WeatherCloud\Roadboard\Software\Road-Board-December-2016N8\EWARM\Road
#        Brd MSTR Rev L Long Always\Obj\VMonitor.o"
#        "D:\GoogleDriveCLT\GoogleDrive\WeatherCloud\Roadboard\Software\Road-Board-December-2016N8\EWARM\Road
#        Brd MSTR Rev L Long Always\Obj\wwdg.o" --redirect _Printf=_PrintfFull
#        --redirect _Scanf=_ScanfFull -o
#        "D:\GoogleDriveCLT\GoogleDrive\WeatherCloud\Roadboard\Software\Road-Board-December-2016N8\EWARM\Road
#        Brd MSTR Rev L Long Always\Exe\Road Board Rev K NUCLEO V1.1 Jul 12
#        2016.out" --map
#        "D:\GoogleDriveCLT\GoogleDrive\WeatherCloud\Roadboard\Software\Road-Board-December-2016N8\EWARM\Road
#        Brd MSTR Rev L Long Always\List\Road Board Rev K NUCLEO V1.1 Jul 12
#        2016.map" --config
#        D:\GoogleDriveCLT\GoogleDrive\WeatherCloud\Roadboard\Software\Road-Board-December-2016N8\EWARM/stm32l152xe_flash.icf
#        --semihosting --entry __iar_program_start --vfe
#
###############################################################################

*******************************************************************************
*** RUNTIME MODEL ATTRIBUTES
***

CppFlavor                     = *
__Heap_Handler                = Basic
__SystemLibrary               = DLib
__dlib_dynamic_initialization = normal


*******************************************************************************
*** PLACEMENT SUMMARY
***

"A1":  place at 0x08000000 { ro section .intvec };
"P1":  place in [from 0x08000000 to 0x0807ffff] { ro };
"P2":  place in [from 0x20000000 to 0x20013fff] { rw, block CSTACK, block HEAP };
initialize by copy { rw };

  Section             Kind        Address     Size  Object
  -------             ----        -------     ----  ------
"A1":                                        0x124
  .intvec             ro code  0x08000000    0x124  startup_stm32l152xe.o [1]
                             - 0x08000124    0x124

"P1":                                      0x16ff0
  .text               ro code  0x08000124   0x28d0  parser.o [1]
  .text               ro code  0x080029f4     0x36  strlen.o [5]
  .text               ro code  0x08002a2a     0x1e  xsscin.o [3]
  .text               ro code  0x08002a48     0x44  strcpy_unaligned.o [5]
  .text               ro code  0x08002a8c    0x4bc  usart.o [1]
  .text               ro code  0x08002f48    0x868  bgm111.o [1]
  .text               ro code  0x080037b0    0x264  Rd_Sound.o [1]
  .text               ro code  0x08003a14     0x34  sprintf.o [3]
  .text               ro code  0x08003a48     0x1c  strcat.o [3]
  .text               ro code  0x08003a64    0x288  barometer.o [1]
  .text               ro code  0x08003cec   0x1084  app_data.o [1]
  .text               ro code  0x08004d70   0x1be0  GridEye.o [1]
  .text               ro code  0x08006950    0x8dc  VMonitor.o [1]
  .text               ro code  0x0800722c    0xcf8  Humidity.o [1]
  .text               ro code  0x08007f24    0x2cc  Temperature.o [1]
  .text               ro code  0x080081f0    0x344  RGBLight.o [1]
  .text               ro code  0x08008534    0x1c4  gpio.o [1]
  .text               ro code  0x080086f8    0x4e0  i2c.o [1]
  .text               ro code  0x08008bd8     0x24  sscanf.o [3]
  .text               ro code  0x08008bfc     0x4e  FltToDbl.o [4]
  .text               ro code  0x08008c4a     0x2c  strncmp.o [3]
  .text               ro code  0x08008c76      0xa  xsprout.o [3]
  .text               ro code  0x08008c80     0xf0  Calibration.o [1]
  .text               ro code  0x08008d70    0x1b0  stm32l1xx_hal_cortex.o [1]
  .text               ro code  0x08008f20      0xa  isdigit.o [3]
  .text               ro code  0x08008f2a      0x8  atoi.o [3]
  .text               ro code  0x08008f34    0x194  wwdg.o [1]
  .text               ro code  0x080090c8     0x32  I32ToFlt.o [4]
  .text               ro code  0x080090fc     0xfc  FltDiv.o [4]
  .text               ro code  0x080091f8    0x8ec  stm32l1xx_hal_uart.o [1]
  .text               ro code  0x08009ae4    0x656  main.o [1]
  .text               ro code  0x0800a13c    0x378  stm32l1xx_hal_gpio.o [1]
  .text               ro code  0x0800a4b4    0x1b0  gecko_bglib.o [1]
  .text               ro code  0x0800a664    0x13e  ErrorCodes.o [1]
  .text               ro code  0x0800a7a4    0x2bc  adc.o [1]
  .text               ro code  0x0800aa60    0x1ac  fix_fft.o [1]
  .text               ro code  0x0800ac0c     0xd8  FltMul.o [4]
  .text               ro code  0x0800ace4     0x84  FltAdd.o [4]
  .text               ro code  0x0800ad68     0xf0  sqrt.o [4]
  .text               ro code  0x0800ae58     0x90  DblToFlt.o [4]
  .text               ro code  0x0800aee8     0x44  FltToS32.o [4]
  .text               ro code  0x0800af2c   0x119e  xprintffull.o [3]
  .text               ro code  0x0800c0cc    0x248  lps25hb.o [1]
  .text               ro code  0x0800c314    0x1a2  DblMul.o [4]
  .text               ro code  0x0800c4b8     0x58  DblToI32.o [4]
  .text               ro code  0x0800c510     0xb8  modf.o [4]
  .text               ro code  0x0800c5c8     0xe8  DblAdd.o [4]
  .text               ro code  0x0800c6b0     0x42  strcmp_unaligned.o [5]
  .text               ro code  0x0800c6f4     0x48  stm32l1xx_hal.o [1]
  .text               ro code  0x0800c73c     0x6c  strncpy_unaligned.o [5]
  .text               ro code  0x0800c7a8     0x44  round.o [4]
  .text               ro code  0x0800c7ec     0x30  I32ToDbl.o [4]
  .text               ro code  0x0800c81c     0x24  FltCmpGe.o [4]
  .text               ro code  0x0800c840   0x1018  stm32l1xx_hal_i2c.o [1]
  .text               ro code  0x0800d858    0xcf0  xscanffull.o [3]
  .text               ro code  0x0800e548    0x158  Flash.o [1]
  .text               ro code  0x0800e6a0    0x198  xstoul.o [3]
  .text               ro code  0x0800e838     0xd6  stm32l1xx_hal_wwdg.o [1]
  .text               ro code  0x0800e910    0x24c  tim.o [1]
  .text               ro code  0x0800eb5c    0xcd4  stm32l1xx_hal_rcc.o [1]
  .text               ro code  0x0800f830     0x30  dma.o [1]
  .text               ro code  0x0800f860    0x82a  stm32l1xx_hal_adc.o [1]
  .text               ro code  0x0801008c    0xefe  stm32l1xx_hal_dma.o [1]
  .text               ro code  0x08010f8a     0x1c  fix_fft.o [1]
  .text               ro code  0x08010fa8     0xd6  FltSub.o [4]
  .text               ro code  0x08011080      0xc  iarEdom.o [5]
  .text               ro code  0x0801108c     0x20  xmbtowc.o [3]
  .text               ro code  0x080110ac     0x16  strchr.o [5]
  .text               ro code  0x080110c4     0x58  memchr.o [5]
  .text               ro code  0x0801111c      0xa  xmbcurmax.o [3]
  .text               ro code  0x08011128     0xb0  xxmemxmalloc.o [3]
  .text               ro code  0x080111d8     0x1a  xwctomb.o [3]
  .text               ro code  0x080111f4     0x76  ABImemcpy_unaligned.o [5]
  .text               ro code  0x0801126c     0x80  xxmemxfree.o [3]
  .text               ro code  0x080112ec     0xee  I64DivMod.o [5]
  .text               ro code  0x080113da     0x44  xdnorm.o [4]
  .text               ro code  0x08011420     0x2e  DblCmpLe.o [4]
  .text               ro code  0x08011450     0x2e  DblCmpGe.o [4]
  .text               ro code  0x08011480    0x10c  xdscale.o [4]
  .text               ro code  0x0801158c    0x180  DblSub.o [4]
  .text               ro code  0x0801170c    0x256  DblDiv.o [4]
  .text               ro code  0x08011964     0x6c  localeconv.o [3]
  .text               ro code  0x080119d0      0xe  div.o [3]
  .text               ro code  0x080119e0     0x90  stm32l1xx_hal_timebase_TIM.o [1]
  .text               ro code  0x08011a70     0x98  stm32l1xx_hal_msp.o [1]
  .text               ro code  0x08011b08     0x5e  ABImemset.o [5]
  .text               ro code  0x08011b66     0x7a  xdint.o [4]
  .text               ro code  0x08011be0     0x40  xwctob.o [3]
  .text               ro code  0x08011c20     0x28  isxxx.o [3]
  .text               ro code  0x08011c48     0xa6  xstoll.o [3]
  .text               ro code  0x08011cf0    0x1b0  xstoull.o [3]
  .text               ro code  0x08011ea0    0x14c  xstold.o [4]
  .text               ro code  0x08011fec    0x198  stm32l1xx_hal_flash.o [1]
  .text               ro code  0x08012184     0x5e  ceil.o [4]
  .text               ro code  0x080121e4     0xcc  stm32l1xx_hal_flash_ex.o [1]
  .text               ro code  0x080122b0     0x14  tolower.o [3]
  .text               ro code  0x080122c4      0xc  errno.o [3]
  .text               ro code  0x080122d0    0x3da  stm32l1xx_hal_tim.o [1]
  .text               ro code  0x080126aa     0x5e  stm32l1xx_hal_tim_ex.o [1]
  .text               ro code  0x08012708     0x10  stm32l1xx_hal_pwr_ex.o [1]
  .text               ro code  0x08012718     0x28  setlocale.o [3]
  .text               ro code  0x08012740     0x60  xencoding_sb.o [3]
  .text               ro code  0x080127a0     0x2c  xgetmemchunk.o [3]
  .text               ro code  0x080127cc      0x2  I64DivZer.o [5]
  .text               ro code  0x080127ce      0x2  xtls.o [3]
  .text               ro code  0x080127d0     0x16  xlocale_c.o [3]
  .text               ro code  0x080127e6     0x14  xlocale_c.o [3]
  .text               ro code  0x080127fa    0x122  xstopfx.o [3]
  .text               ro code  0x0801291c    0x1d0  xstoflt.o [3]
  .text               ro code  0x08012af0    0x200  xdtento.o [4]
  .text               ro code  0x08012cf0    0x234  xstoxflt.o [3]
  .text               ro code  0x08012f24      0xc  xlocale_c.o [3]
  .text               ro code  0x08012f30     0x20  DblCmpEq.o [4]
  .text               ro code  0x08012f50     0x52  xdunscal.o [4]
  .text               ro code  0x08012fa2   0x1074  stm32l1xx_hal_pcd.o [1]
  .text               ro code  0x08014018    0x198  usbd_conf.o [1]
  .text               ro code  0x080141b0    0x2c8  usbd_core.o [1]
  .text               ro code  0x08014478    0x608  usbd_ctlreq.o [1]
  .text               ro code  0x08014a80     0x90  usbd_ioreq.o [1]
  .text               ro code  0x08014b10    0x224  tasks.o [1]
  CODE                ro code  0x08014d34     0x94  portasm.o [1]
  .text               ro code  0x08014dc8     0x40  list.o [1]
  .rodata             const    0x08014e08     0xc0  fix_fft.o [1]
  .text               ro code  0x08014ec8     0x84  stm32l1xx_it.o [1]
  .text               ro code  0x08014f4c     0x10  cmsis_os.o [1]
  .text               ro code  0x08014f5c     0x24  port.o [1]
  .text               ro code  0x08014f80     0x64  system_stm32l1xx.o [1]
  .rodata             const    0x08014fe4     0x5c  ErrorCodes.o [1]
  .rodata             const    0x08015040     0x48  parser.o [1]
  .rodata             const    0x08015088     0x48  parser.o [1]
  .rodata             const    0x080150d0     0x44  parser.o [1]
  .rodata             const    0x08015114     0x44  parser.o [1]
  .rodata             const    0x08015158     0x44  parser.o [1]
  .rodata             const    0x0801519c     0x40  main.o [1]
  .rodata             const    0x080151dc     0x40  main.o [1]
  .rodata             const    0x0801521c     0x40  parser.o [1]
  .rodata             const    0x0801525c     0x40  parser.o [1]
  .rodata             const    0x0801529c     0x40  parser.o [1]
  .rodata             const    0x080152dc     0x40  parser.o [1]
  .rodata             const    0x0801531c     0x40  parser.o [1]
  .rodata             const    0x0801535c     0x40  parser.o [1]
  .text               ro code  0x0801539c     0x40  zero_init3.o [5]
  .rodata             const    0x080153dc     0x3c  parser.o [1]
  .rodata             const    0x08015418     0x3c  parser.o [1]
  .rodata             const    0x08015454     0x3c  parser.o [1]
  .rodata             const    0x08015490     0x3c  parser.o [1]
  .rodata             const    0x080154cc     0x38  parser.o [1]
  .rodata             const    0x08015504     0x38  parser.o [1]
  .rodata             const    0x0801553c     0x38  parser.o [1]
  .rodata             const    0x08015574     0x38  parser.o [1]
  .rodata             const    0x080155ac     0x38  parser.o [1]
  .text               ro code  0x080155e4     0x38  packbits_init_single.o [5]
  .rodata             const    0x0801561c     0x34  main.o [1]
  .rodata             const    0x08015650     0x34  parser.o [1]
  .rodata             const    0x08015684     0x34  parser.o [1]
  .rodata             const    0x080156b8     0x34  parser.o [1]
  .rodata             const    0x080156ec     0x34  parser.o [1]
  .rodata             const    0x08015720     0x30  parser.o [1]
  .rodata             const    0x08015750     0x30  parser.o [1]
  .rodata             const    0x08015780     0x30  parser.o [1]
  .rodata             const    0x080157b0     0x30  parser.o [1]
  .rodata             const    0x080157e0     0x30  parser.o [1]
  .rodata             const    0x08015810     0x30  parser.o [1]
  .rodata             const    0x08015840     0x30  parser.o [1]
  .rodata             const    0x08015870     0x30  parser.o [1]
  .rodata             const    0x080158a0     0x2c  main.o [1]
  .rodata             const    0x080158cc     0x2c  parser.o [1]
  .rodata             const    0x080158f8     0x2c  parser.o [1]
  .rodata             const    0x08015924     0x2c  parser.o [1]
  .rodata             const    0x08015950     0x2c  parser.o [1]
  .rodata             const    0x0801597c     0x2c  parser.o [1]
  .rodata             const    0x080159a8     0x2c  parser.o [1]
  .rodata             const    0x080159d4     0x2c  parser.o [1]
  .rodata             const    0x08015a00     0x2c  parser.o [1]
  .rodata             const    0x08015a2c     0x2c  parser.o [1]
  .rodata             const    0x08015a58     0x2c  parser.o [1]
  .rodata             const    0x08015a84     0x28  main.o [1]
  .rodata             const    0x08015aac     0x28  main.o [1]
  .rodata             const    0x08015ad4     0x28  parser.o [1]
  .rodata             const    0x08015afc     0x28  parser.o [1]
  .rodata             const    0x08015b24     0x28  parser.o [1]
  .rodata             const    0x08015b4c     0x28  parser.o [1]
  .rodata             const    0x08015b74     0x28  parser.o [1]
  .rodata             const    0x08015b9c     0x28  parser.o [1]
  .rodata             const    0x08015bc4     0x28  parser.o [1]
  .rodata             const    0x08015bec     0x28  parser.o [1]
  .rodata             const    0x08015c14     0x28  parser.o [1]
  .rodata             const    0x08015c3c     0x28  parser.o [1]
  .rodata             const    0x08015c64     0x28  parser.o [1]
  .rodata             const    0x08015c8c     0x28  parser.o [1]
  .rodata             const    0x08015cb4     0x28  parser.o [1]
  .rodata             const    0x08015cdc     0x28  parser.o [1]
  .rodata             const    0x08015d04     0x28  parser.o [1]
  .rodata             const    0x08015d2c     0x28  parser.o [1]
  .rodata             const    0x08015d54     0x28  parser.o [1]
  .rodata             const    0x08015d7c     0x28  parser.o [1]
  .rodata             const    0x08015da4     0x28  parser.o [1]
  .rodata             const    0x08015dcc     0x28  parser.o [1]
  .rodata             const    0x08015df4     0x28  parser.o [1]
  .rodata             const    0x08015e1c     0x28  parser.o [1]
  .rodata             const    0x08015e44     0x28  parser.o [1]
  .rodata             const    0x08015e6c     0x28  parser.o [1]
  .rodata             const    0x08015e94     0x28  parser.o [1]
  .rodata             const    0x08015ebc     0x28  parser.o [1]
  .rodata             const    0x08015ee4     0x28  parser.o [1]
  .rodata             const    0x08015f0c     0x28  parser.o [1]
  .rodata             const    0x08015f34     0x28  parser.o [1]
  .text               ro code  0x08015f5c     0x28  data_init.o [5]
  .rodata             const    0x08015f84     0x24  parser.o [1]
  .rodata             const    0x08015fa8     0x24  parser.o [1]
  .rodata             const    0x08015fcc     0x24  parser.o [1]
  .rodata             const    0x08015ff0     0x24  parser.o [1]
  .rodata             const    0x08016014     0x24  parser.o [1]
  .rodata             const    0x08016038     0x24  parser.o [1]
  .rodata             const    0x0801605c     0x24  parser.o [1]
  .rodata             const    0x08016080     0x24  parser.o [1]
  .rodata             const    0x080160a4     0x24  parser.o [1]
  .rodata             const    0x080160c8     0x24  parser.o [1]
  .rodata             const    0x080160ec     0x24  parser.o [1]
  .rodata             const    0x08016110     0x24  parser.o [1]
  .iar.init_table     const    0x08016134     0x30  - Linker created -
  .rodata             const    0x08016164     0x20  app_data.o [1]
  .rodata             const    0x08016184     0x20  app_data.o [1]
  .rodata             const    0x080161a4     0x20  bgm111.o [1]
  .rodata             const    0x080161c4     0x20  bgm111.o [1]
  .rodata             const    0x080161e4     0x20  parser.o [1]
  .rodata             const    0x08016204     0x20  parser.o [1]
  .rodata             const    0x08016224     0x20  parser.o [1]
  .rodata             const    0x08016244     0x20  parser.o [1]
  .rodata             const    0x08016264     0x20  parser.o [1]
  .rodata             const    0x08016284     0x20  parser.o [1]
  .rodata             const    0x080162a4     0x20  parser.o [1]
  .rodata             const    0x080162c4     0x20  parser.o [1]
  .rodata             const    0x080162e4     0x20  parser.o [1]
  .rodata             const    0x08016304     0x20  parser.o [1]
  .rodata             const    0x08016324     0x20  parser.o [1]
  .rodata             const    0x08016344     0x20  parser.o [1]
  .rodata             const    0x08016364     0x1c  bgm111.o [1]
  .rodata             const    0x08016380     0x1c  bgm111.o [1]
  .rodata             const    0x0801639c     0x1c  bgm111.o [1]
  .rodata             const    0x080163b8     0x1c  ErrorCodes.o [1]
  .rodata             const    0x080163d4     0x1c  parser.o [1]
  .rodata             const    0x080163f0     0x1c  parser.o [1]
  .rodata             const    0x0801640c     0x1c  parser.o [1]
  .rodata             const    0x08016428     0x1c  parser.o [1]
  .rodata             const    0x08016444     0x1c  parser.o [1]
  .rodata             const    0x08016460     0x1c  parser.o [1]
  .rodata             const    0x0801647c     0x1c  parser.o [1]
  .text               ro code  0x08016498     0x1a  cmain.o [5]
  .text               ro code  0x080164b2      0x4  low_level_init.o [3]
  .text               ro code  0x080164b6      0x4  exit.o [3]
  .text               ro code  0x080164bc      0xa  cexit.o [5]
  .text               ro code  0x080164c8     0x14  exit.o [6]
  .rodata             const    0x080164dc     0x18  app_data.o [1]
  .rodata             const    0x080164f4     0x18  bgm111.o [1]
  .rodata             const    0x0801650c     0x18  parser.o [1]
  .rodata             const    0x08016524     0x18  parser.o [1]
  .rodata             const    0x0801653c     0x18  parser.o [1]
  .rodata             const    0x08016554     0x18  parser.o [1]
  .rodata             const    0x0801656c     0x18  parser.o [1]
  .rodata             const    0x08016584     0x18  parser.o [1]
  .rodata             const    0x0801659c     0x18  parser.o [1]
  .rodata             const    0x080165b4     0x18  parser.o [1]
  .rodata             const    0x080165cc     0x18  parser.o [1]
  .rodata             const    0x080165e4     0x18  parser.o [1]
  .rodata             const    0x080165fc     0x18  parser.o [1]
  .rodata             const    0x08016614     0x18  parser.o [1]
  .rodata             const    0x0801662c     0x18  parser.o [1]
  .rodata             const    0x08016644     0x18  parser.o [1]
  .rodata             const    0x0801665c     0x18  parser.o [1]
  .rodata             const    0x08016674     0x18  parser.o [1]
  .rodata             const    0x0801668c     0x18  parser.o [1]
  .rodata             const    0x080166a4     0x18  parser.o [1]
  .rodata             const    0x080166bc     0x18  parser.o [1]
  .rodata             const    0x080166d4     0x18  parser.o [1]
  .rodata             const    0x080166ec     0x18  parser.o [1]
  .rodata             const    0x08016704     0x18  parser.o [1]
  .rodata             const    0x0801671c     0x18  parser.o [1]
  .rodata             const    0x08016734     0x18  parser.o [1]
  .rodata             const    0x0801674c     0x18  parser.o [1]
  .rodata             const    0x08016764     0x18  parser.o [1]
  .rodata             const    0x0801677c     0x18  parser.o [1]
  .rodata             const    0x08016794     0x18  parser.o [1]
  .rodata             const    0x080167ac     0x18  parser.o [1]
  .rodata             const    0x080167c4     0x18  parser.o [1]
  .rodata             const    0x080167dc     0x18  parser.o [1]
  .rodata             const    0x080167f4     0x14  app_data.o [1]
  .rodata             const    0x08016808     0x14  app_data.o [1]
  .rodata             const    0x0801681c     0x14  app_data.o [1]
  .rodata             const    0x08016830     0x14  app_data.o [1]
  .rodata             const    0x08016844     0x14  app_data.o [1]
  .rodata             const    0x08016858     0x14  app_data.o [1]
  .rodata             const    0x0801686c     0x14  app_data.o [1]
  .rodata             const    0x08016880     0x14  app_data.o [1]
  .rodata             const    0x08016894     0x14  app_data.o [1]
  .rodata             const    0x080168a8     0x14  app_data.o [1]
  .rodata             const    0x080168bc     0x14  app_data.o [1]
  .rodata             const    0x080168d0     0x14  app_data.o [1]
  .rodata             const    0x080168e4     0x14  app_data.o [1]
  .rodata             const    0x080168f8     0x14  app_data.o [1]
  .rodata             const    0x0801690c     0x14  app_data.o [1]
  .rodata             const    0x08016920     0x14  app_data.o [1]
  .rodata             const    0x08016934     0x14  app_data.o [1]
  .rodata             const    0x08016948     0x14  app_data.o [1]
  .rodata             const    0x0801695c     0x14  app_data.o [1]
  .rodata             const    0x08016970     0x14  app_data.o [1]
  .rodata             const    0x08016984     0x14  app_data.o [1]
  .rodata             const    0x08016998     0x14  app_data.o [1]
  .rodata             const    0x080169ac     0x14  app_data.o [1]
  .rodata             const    0x080169c0     0x14  app_data.o [1]
  .rodata             const    0x080169d4     0x14  app_data.o [1]
  .rodata             const    0x080169e8     0x14  app_data.o [1]
  .rodata             const    0x080169fc     0x14  app_data.o [1]
  .rodata             const    0x08016a10     0x14  app_data.o [1]
  .rodata             const    0x08016a24     0x14  bgm111.o [1]
  .rodata             const    0x08016a38     0x14  bgm111.o [1]
  .rodata             const    0x08016a4c     0x14  bgm111.o [1]
  .rodata             const    0x08016a60     0x14  bgm111.o [1]
  .rodata             const    0x08016a74     0x14  bgm111.o [1]
  .rodata             const    0x08016a88     0x14  Calibration.o [1]
  .rodata             const    0x08016a9c     0x14  ErrorCodes.o [1]
  .rodata             const    0x08016ab0     0x14  gpio.o [1]
  .rodata             const    0x08016ac4     0x14  parser.o [1]
  .rodata             const    0x08016ad8     0x14  parser.o [1]
  .rodata             const    0x08016aec     0x14  parser.o [1]
  .rodata             const    0x08016b00     0x14  parser.o [1]
  .rodata             const    0x08016b14     0x14  parser.o [1]
  .rodata             const    0x08016b28     0x14  parser.o [1]
  .rodata             const    0x08016b3c     0x14  parser.o [1]
  .rodata             const    0x08016b50     0x14  parser.o [1]
  .rodata             const    0x08016b64     0x14  parser.o [1]
  .rodata             const    0x08016b78     0x14  parser.o [1]
  .rodata             const    0x08016b8c     0x14  parser.o [1]
  .rodata             const    0x08016ba0     0x14  parser.o [1]
  .rodata             const    0x08016bb4     0x14  parser.o [1]
  .rodata             const    0x08016bc8     0x10  app_data.o [1]
  .rodata             const    0x08016bd8     0x10  app_data.o [1]
  .rodata             const    0x08016be8     0x10  bgm111.o [1]
  .rodata             const    0x08016bf8     0x10  bgm111.o [1]
  .rodata             const    0x08016c08     0x10  bgm111.o [1]
  .rodata             const    0x08016c18     0x10  bgm111.o [1]
  .rodata             const    0x08016c28     0x10  bgm111.o [1]
  .rodata             const    0x08016c38     0x10  main.o [1]
  .rodata             const    0x08016c48     0x10  parser.o [1]
  .rodata             const    0x08016c58     0x10  parser.o [1]
  .rodata             const    0x08016c68     0x10  parser.o [1]
  .rodata             const    0x08016c78     0x10  parser.o [1]
  .rodata             const    0x08016c88     0x10  parser.o [1]
  .rodata             const    0x08016c98     0x10  system_stm32l1xx.o [1]
  .text               ro code  0x08016ca8     0x10  startup_stm32l152xe.o [1]
  .rodata             const    0x08016cb8      0xc  app_data.o [1]
  .rodata             const    0x08016cc4      0xc  bgm111.o [1]
  .rodata             const    0x08016cd0      0xc  bgm111.o [1]
  .rodata             const    0x08016cdc      0xc  bgm111.o [1]
  .rodata             const    0x08016ce8      0xc  bgm111.o [1]
  .rodata             const    0x08016cf4      0xc  bgm111.o [1]
  .rodata             const    0x08016d00      0xc  parser.o [1]
  .rodata             const    0x08016d0c      0xc  parser.o [1]
  .rodata             const    0x08016d18      0xc  parser.o [1]
  .rodata             const    0x08016d24      0xc  parser.o [1]
  .rodata             const    0x08016d30      0xc  parser.o [1]
  .rodata             const    0x08016d3c      0xc  parser.o [1]
  .rodata             const    0x08016d48      0xc  parser.o [1]
  .rodata             const    0x08016d54      0xc  stm32l1xx_hal_rcc.o [1]
  .text               ro code  0x08016d60      0xc  cstartup_M.o [5]
  .rodata             const    0x08016d6c      0x8  app_data.o [1]
  .rodata             const    0x08016d74      0x8  app_data.o [1]
  .rodata             const    0x08016d7c      0x8  app_data.o [1]
  .rodata             const    0x08016d84      0x8  app_data.o [1]
  .rodata             const    0x08016d8c      0x8  barometer.o [1]
  .rodata             const    0x08016d94      0x8  barometer.o [1]
  .rodata             const    0x08016d9c      0x8  barometer.o [1]
  .rodata             const    0x08016da4      0x8  barometer.o [1]
  .rodata             const    0x08016dac      0x8  barometer.o [1]
  .rodata             const    0x08016db4      0x8  bgm111.o [1]
  .rodata             const    0x08016dbc      0x8  bgm111.o [1]
  .rodata             const    0x08016dc4      0x8  bgm111.o [1]
  .rodata             const    0x08016dcc      0x8  ErrorCodes.o [1]
  .rodata             const    0x08016dd4      0x8  ErrorCodes.o [1]
  .rodata             const    0x08016ddc      0x8  ErrorCodes.o [1]
  .rodata             const    0x08016de4      0x8  ErrorCodes.o [1]
  .rodata             const    0x08016dec      0x8  ErrorCodes.o [1]
  .rodata             const    0x08016df4      0x8  ErrorCodes.o [1]
  .rodata             const    0x08016dfc      0x8  ErrorCodes.o [1]
  .rodata             const    0x08016e04      0x8  ErrorCodes.o [1]
  .rodata             const    0x08016e0c      0x8  ErrorCodes.o [1]
  .rodata             const    0x08016e14      0x8  ErrorCodes.o [1]
  .rodata             const    0x08016e1c      0x8  ErrorCodes.o [1]
  .rodata             const    0x08016e24      0x8  ErrorCodes.o [1]
  .rodata             const    0x08016e2c      0x8  ErrorCodes.o [1]
  .rodata             const    0x08016e34      0x8  ErrorCodes.o [1]
  .rodata             const    0x08016e3c      0x8  ErrorCodes.o [1]
  .rodata             const    0x08016e44      0x8  ErrorCodes.o [1]
  .rodata             const    0x08016e4c      0x8  ErrorCodes.o [1]
  .rodata             const    0x08016e54      0x8  ErrorCodes.o [1]
  .rodata             const    0x08016e5c      0x8  ErrorCodes.o [1]
  .rodata             const    0x08016e64      0x8  ErrorCodes.o [1]
  .rodata             const    0x08016e6c      0x8  ErrorCodes.o [1]
  .rodata             const    0x08016e74      0x8  ErrorCodes.o [1]
  .rodata             const    0x08016e7c      0x8  ErrorCodes.o [1]
  .rodata             const    0x08016e84      0x8  GridEye.o [1]
  .rodata             const    0x08016e8c      0x8  GridEye.o [1]
  .rodata             const    0x08016e94      0x8  GridEye.o [1]
  .rodata             const    0x08016e9c      0x8  Humidity.o [1]
  .rodata             const    0x08016ea4      0x8  Humidity.o [1]
  .rodata             const    0x08016eac      0x8  Humidity.o [1]
  .rodata             const    0x08016eb4      0x8  Humidity.o [1]
  .rodata             const    0x08016ebc      0x8  main.o [1]
  .rodata             const    0x08016ec4      0x8  main.o [1]
  .rodata             const    0x08016ecc      0x8  parser.o [1]
  .rodata             const    0x08016ed4      0x8  parser.o [1]
  .rodata             const    0x08016edc      0x8  parser.o [1]
  .rodata             const    0x08016ee4      0x8  parser.o [1]
  .rodata             const    0x08016eec      0x8  parser.o [1]
  .rodata             const    0x08016ef4      0x8  parser.o [1]
  .rodata             const    0x08016efc      0x8  parser.o [1]
  .rodata             const    0x08016f04      0x8  parser.o [1]
  .rodata             const    0x08016f0c      0x8  parser.o [1]
  .rodata             const    0x08016f14      0x8  parser.o [1]
  .rodata             const    0x08016f1c      0x8  parser.o [1]
  .rodata             const    0x08016f24      0x8  parser.o [1]
  .rodata             const    0x08016f2c      0x8  parser.o [1]
  .rodata             const    0x08016f34      0x8  parser.o [1]
  .rodata             const    0x08016f3c      0x8  parser.o [1]
  .rodata             const    0x08016f44      0x8  parser.o [1]
  .rodata             const    0x08016f4c      0x8  parser.o [1]
  .rodata             const    0x08016f54      0x8  parser.o [1]
  .rodata             const    0x08016f5c      0x8  parser.o [1]
  .rodata             const    0x08016f64      0x8  parser.o [1]
  .rodata             const    0x08016f6c      0x8  parser.o [1]
  .rodata             const    0x08016f74      0x8  parser.o [1]
  .rodata             const    0x08016f7c      0x8  parser.o [1]
  .rodata             const    0x08016f84      0x8  parser.o [1]
  .rodata             const    0x08016f8c      0x8  parser.o [1]
  .rodata             const    0x08016f94      0x8  Rd_Sound.o [1]
  .rodata             const    0x08016f9c      0x8  RGBLight.o [1]
  .rodata             const    0x08016fa4      0x8  RGBLight.o [1]
  .rodata             const    0x08016fac      0x8  system_stm32l1xx.o [1]
  .rodata             const    0x08016fb4      0x8  Temperature.o [1]
  .rodata             const    0x08016fbc      0x8  Temperature.o [1]
  .rodata             const    0x08016fc4      0x8  Temperature.o [1]
  .rodata             const    0x08016fcc      0x8  VMonitor.o [1]
  .rodata             const    0x08016fd4      0x8  VMonitor.o [1]
  .rodata             const    0x08016fdc      0x8  VMonitor.o [1]
  .rodata             const    0x08016fe4      0x8  VMonitor.o [1]
  .rodata             const    0x08016fec      0x8  VMonitor.o [1]
  .rodata             const    0x08016ff4      0x4  stm32l1xx_hal_rcc.o [1]
  .text               ro code  0x08016ff8      0x4  startup_stm32l152xe.o [1]
  .text               ro code  0x08016ffc      0x4  startup_stm32l152xe.o [1]
  .text               ro code  0x08017000      0x4  startup_stm32l152xe.o [1]
  .text               ro code  0x08017004      0x4  startup_stm32l152xe.o [1]
  .text               ro code  0x08017008      0x4  startup_stm32l152xe.o [1]
  .text               ro code  0x0801700c      0x4  startup_stm32l152xe.o [1]
  .text               ro code  0x08017010      0x4  startup_stm32l152xe.o [1]
  .text               ro code  0x08017014      0x4  startup_stm32l152xe.o [1]
  .text               ro code  0x08017018      0x4  startup_stm32l152xe.o [1]
  .text               ro code  0x0801701c      0x4  startup_stm32l152xe.o [1]
  .text               ro code  0x08017020      0x4  startup_stm32l152xe.o [1]
  .text               ro code  0x08017024      0x4  startup_stm32l152xe.o [1]
  .text               ro code  0x08017028      0x4  startup_stm32l152xe.o [1]
  .text               ro code  0x0801702c      0x4  startup_stm32l152xe.o [1]
  .text               ro code  0x08017030      0x4  startup_stm32l152xe.o [1]
  .text               ro code  0x08017034      0x4  startup_stm32l152xe.o [1]
  .text               ro code  0x08017038      0x4  startup_stm32l152xe.o [1]
  .text               ro code  0x0801703c      0x4  startup_stm32l152xe.o [1]
  .text               ro code  0x08017040      0x4  startup_stm32l152xe.o [1]
  .text               ro code  0x08017044      0x4  startup_stm32l152xe.o [1]
  .text               ro code  0x08017048      0x4  startup_stm32l152xe.o [1]
  .text               ro code  0x0801704c      0x4  startup_stm32l152xe.o [1]
  .text               ro code  0x08017050      0x4  startup_stm32l152xe.o [1]
  .text               ro code  0x08017054      0x4  startup_stm32l152xe.o [1]
  .text               ro code  0x08017058      0x4  startup_stm32l152xe.o [1]
  .text               ro code  0x0801705c      0x4  startup_stm32l152xe.o [1]
  .text               ro code  0x08017060      0x4  startup_stm32l152xe.o [1]
  .text               ro code  0x08017064      0x4  startup_stm32l152xe.o [1]
  .text               ro code  0x08017068      0x4  startup_stm32l152xe.o [1]
  .text               ro code  0x0801706c      0x4  startup_stm32l152xe.o [1]
  .text               ro code  0x08017070      0x4  startup_stm32l152xe.o [1]
  .text               ro code  0x08017074      0x4  startup_stm32l152xe.o [1]
  .text               ro code  0x08017078      0x4  startup_stm32l152xe.o [1]
  .text               ro code  0x0801707c      0x4  startup_stm32l152xe.o [1]
  .text               ro code  0x08017080      0x4  startup_stm32l152xe.o [1]
  .text               ro code  0x08017084      0x4  startup_stm32l152xe.o [1]
  .text               ro code  0x08017088      0x4  startup_stm32l152xe.o [1]
  .text               ro code  0x0801708c      0x4  startup_stm32l152xe.o [1]
  .text               ro code  0x08017090      0x4  startup_stm32l152xe.o [1]
  .text               ro code  0x08017094      0x4  startup_stm32l152xe.o [1]
  .text               ro code  0x08017098      0x4  startup_stm32l152xe.o [1]
  .text               ro code  0x0801709c      0x4  startup_stm32l152xe.o [1]
  .text               ro code  0x080170a0      0x4  startup_stm32l152xe.o [1]
  .text               ro code  0x080170a4      0x4  startup_stm32l152xe.o [1]
  .text               ro code  0x080170a8      0x4  startup_stm32l152xe.o [1]
  .text               ro code  0x080170ac      0x4  startup_stm32l152xe.o [1]
  .text               ro code  0x080170b0      0x4  startup_stm32l152xe.o [1]
  .text               ro code  0x080170b4      0x4  startup_stm32l152xe.o [1]
  .text               ro code  0x080170b8      0x4  startup_stm32l152xe.o [1]
  .text               ro code  0x080170bc      0x4  startup_stm32l152xe.o [1]
  .rodata             const    0x080170c0      0x0  zero_init3.o [5]
  .rodata             const    0x080170c0      0x0  packbits_init_single.o [5]
  Initializer bytes   const    0x080170c0     0x54  <for P2-1>
                             - 0x08017114  0x16ff0

Absolute sections, part 1 of 2:               0x18
  .bss                zero     0x08070000     0x18  wwdg.o [1]
                             - 0x08070018     0x18

Absolute sections, part 2 of 2:               0xc8
  .bss                zero     0x08070100     0xc8  Calibration.o [1]
                             - 0x080701c8     0xc8

"P2", part 1 of 3:                           0x14c
  P2-1                         0x20000000    0x14c  <Init block>
    .data             inited   0x20000000      0xc  adc.o [1]
    .data             inited   0x2000000c      0x4  bgm111.o [1]
    .data             inited   0x20000010      0x4  bgm111.o [1]
    .data             inited   0x20000014     0x24  gpio.o [1]
    .data             inited   0x20000038      0x4  system_stm32l1xx.o [1]
    .data             inited   0x2000003c      0x4  tim.o [1]
    .data             inited   0x20000040      0x4  tim.o [1]
    .data             inited   0x20000044      0x4  tim.o [1]
    .data             inited   0x20000048      0x4  usart.o [1]
    __DLIB_PERTHREAD  inited   0x2000004c     0x88  localeconv.o [3]
    __DLIB_PERTHREAD  inited   0x200000d4      0x4  errno.o [3]
    __DLIB_PERTHREAD  inited   0x200000d8     0x74  setlocale.o [3]
                             - 0x2000014c    0x14c

"P2", part 2 of 3:                          0x1000
  CSTACK                       0x20000150   0x1000  <Block>
    CSTACK            uninit   0x20000150   0x1000  <Block tail>
  HEAP                         0x20001150      0x0  <Block>
                             - 0x20001150   0x1000

"P2", part 3 of 3:                          0x2524
  .bss                zero     0x20001150    0xf78  bgm111.o [1]
  .bss                zero     0x200020c8    0x324  bgm111.o [1]
  .bss                zero     0x200023ec    0x324  ErrorCodes.o [1]
  .bss                zero     0x20002710    0x248  app_data.o [1]
  .bss                zero     0x20002958    0x248  app_data.o [1]
  .bss                zero     0x20002ba0    0x220  usbd_conf.o [1]
  .bss                zero     0x20002dc0    0x1a0  bgm111.o [1]
  .bss                zero     0x20002f60     0xc8  Calibration.o [1]
  .bss                zero     0x20003028     0x8c  tasks.o [1]
  .bss                zero     0x200030b4     0x84  bgm111.o [1]
  .bss                zero     0x20003138     0x84  bgm111.o [1]
  .bss                zero     0x200031bc     0x80  Rd_Sound.o [1]
  .bss                zero     0x2000323c     0x80  Rd_Sound.o [1]
  .bss                zero     0x200032bc     0x80  Rd_Sound.o [1]
  .bss                zero     0x2000333c     0x54  adc.o [1]
  .bss                zero     0x20003390     0x40  usart.o [1]
  .bss                zero     0x200033d0     0x40  usart.o [1]
  .bss                zero     0x20003410     0x3c  i2c.o [1]
  .bss                zero     0x2000344c     0x38  adc.o [1]
  .bss                zero     0x20003484     0x38  stm32l1xx_hal_timebase_TIM.o [1]
  .bss                zero     0x200034bc     0x38  tim.o [1]
  .bss                zero     0x200034f4     0x38  tim.o [1]
  .bss                zero     0x2000352c     0x28  bgm111.o [1]
  .bss                zero     0x20003554     0x28  usart.o [1]
  .bss                zero     0x2000357c     0x1c  Flash.o [1]
  .bss                zero     0x20003598     0x18  stm32l1xx_hal_flash.o [1]
  .bss                zero     0x200035b0     0x18  wwdg.o [1]
  .bss                zero     0x200035c8     0x14  wwdg.o [1]
  .bss                zero     0x200035dc      0xc  adc.o [1]
  .bss                zero     0x200035e8      0xc  app_data.o [1]
  .bss                zero     0x200035f4      0xc  Flash.o [1]
  .bss                zero     0x20003600      0x8  xxmemxmalloc.o [3]
  .bss                zero     0x20003608      0x4  app_data.o [1]
  .bss                zero     0x2000360c      0x4  bgm111.o [1]
  .bss                zero     0x20003610      0x4  bgm111.o [1]
  .bss                zero     0x20003614      0x4  bgm111.o [1]
  .bss                zero     0x20003618      0x4  bgm111.o [1]
  .bss                zero     0x2000361c      0x4  bgm111.o [1]
  .bss                zero     0x20003620      0x4  Flash.o [1]
  .bss                zero     0x20003624      0x4  stm32l1xx_hal.o [1]
  .bss                zero     0x20003628      0x4  tasks.o [1]
  .bss                zero     0x2000362c      0x4  tasks.o [1]
  .bss                zero     0x20003630      0x4  tasks.o [1]
  .bss                zero     0x20003634      0x4  tasks.o [1]
  .bss                zero     0x20003638      0x4  tasks.o [1]
  .bss                zero     0x2000363c      0x4  tasks.o [1]
  .bss                zero     0x20003640      0x4  tasks.o [1]
  .bss                zero     0x20003644      0x4  tasks.o [1]
  .bss                zero     0x20003648      0x4  tasks.o [1]
  .bss                zero     0x2000364c      0x4  tasks.o [1]
  .bss                zero     0x20003650      0x4  tasks.o [1]
  .bss                zero     0x20003654      0x4  usart.o [1]
  .bss                zero     0x20003658      0x4  usart.o [1]
  .bss                zero     0x2000365c      0x4  wwdg.o [1]
  .bss                zero     0x20003660      0x4  xgetmemchunk.o [3]
  .bss                zero     0x20003664      0x2  app_data.o [1]
  .bss                zero     0x20003666      0x2  app_data.o [1]
  .bss                zero     0x20003668      0x1  adc.o [1]
  .bss                zero     0x20003669      0x1  adc.o [1]
  .bss                zero     0x2000366a      0x1  adc.o [1]
  .bss                zero     0x2000366b      0x1  bgm111.o [1]
  .bss                zero     0x2000366c      0x1  parser.o [1]
  .bss                zero     0x2000366d      0x1  tim.o [1]
  .bss                zero     0x2000366e      0x1  tim.o [1]
  .bss                zero     0x2000366f      0x1  usart.o [1]
  .bss                zero     0x20003670      0x1  usart.o [1]
  .bss                zero     0x20003671      0x1  usart.o [1]
  .bss                zero     0x20003672      0x1  usbd_ctlreq.o [1]
  .bss                zero     0x20003673      0x1  wwdg.o [1]
                             - 0x20003674   0x2524


*******************************************************************************
*** INIT TABLE
***

          Address     Size
          -------     ----
Zero (__iar_zero_init3)
    3 destination ranges, total size 0x2604:
          0x08070000    0x18
          0x08070100    0xc8
          0x20001150  0x2524

Copy/packbits (__iar_packbits_init_single3)
    1 source range, total size 0x54 (25% of destination):
          0x080170c0    0x54
    1 destination range, total size 0x14c:
          0x20000000   0x14c



*******************************************************************************
*** MODULE SUMMARY
***

    Module                        ro code  ro data  rw data  rw data
                                                              (abs)
    ------                        -------  -------  -------  -------
D:\GoogleDriveCLT\GoogleDrive\WeatherCloud\Roadboard\Software\Road-Board-December-2016N8\EWARM\Road Brd MSTR Rev L Long Always\Obj: [1]
    Calibration.o                     240       20      200      200
    ErrorCodes.o                      318      324      804
    Flash.o                           344                44
    GridEye.o                       7 136       24
    Humidity.o                      3 320       32
    RGBLight.o                        836       16
    Rd_Sound.o                        612        8      384
    Temperature.o                     716       24
    VMonitor.o                      2 268       40
    adc.o                             700        3      167
    app_data.o                      4 228      724    1 188
    barometer.o                       648       40
    bgm111.o                        2 152      438    5 513
    cmsis_os.o                         16
    dma.o                              48
    fix_fft.o                         456      192
    gecko_bglib.o                     432
    gpio.o                            452       29       36
    i2c.o                           1 248                60
    list.o                             64
    lps25hb.o                         584
    main.o                          1 622      336
    parser.o                       10 448    5 824        1
    port.o                             36
    portasm.o                         148
    startup_stm32l152xe.o             508
    stm32l1xx_hal.o                    72                 4
    stm32l1xx_hal_adc.o             2 090
    stm32l1xx_hal_cortex.o            432
    stm32l1xx_hal_dma.o             3 838
    stm32l1xx_hal_flash.o             408                24
    stm32l1xx_hal_flash_ex.o          204
    stm32l1xx_hal_gpio.o              888
    stm32l1xx_hal_i2c.o             4 120
    stm32l1xx_hal_msp.o               152
    stm32l1xx_hal_pcd.o             4 212
    stm32l1xx_hal_pwr_ex.o             16
    stm32l1xx_hal_rcc.o             3 284       16
    stm32l1xx_hal_tim.o               986
    stm32l1xx_hal_tim_ex.o             94
    stm32l1xx_hal_timebase_TIM.o      144                56
    stm32l1xx_hal_uart.o            2 284
    stm32l1xx_hal_wwdg.o              214
    stm32l1xx_it.o                    132
    system_stm32l1xx.o                100       25        4
    tasks.o                           548               184
    tim.o                             588        3      126
    usart.o                         1 212        1      183
    usbd_conf.o                       408               544
    usbd_core.o                       712
    usbd_ctlreq.o                   1 544                 1
    usbd_ioreq.o                      144
    wwdg.o                            404                49       24
    ----------------------------------------------------------------
    Total:                         68 810    8 119    9 572      224

command line: [2]
    ----------------------------------------------------------------
    Total:

dl7M_tlf.a: [3]
    atoi.o                              8
    div.o                              14
    errno.o                            12        1        4
    exit.o                              4
    isdigit.o                          10
    isxxx.o                            40
    localeconv.o                      108       34      136
    low_level_init.o                    4
    setlocale.o                        40       30      116
    sprintf.o                          52
    sscanf.o                           36
    strcat.o                           28
    strncmp.o                          44
    tolower.o                          20
    xencoding_sb.o                     96
    xgetmemchunk.o                     44                 4
    xlocale_c.o                        54
    xmbcurmax.o                        10
    xmbtowc.o                          32
    xprintffull.o                   4 510
    xscanffull.o                    3 312
    xsprout.o                          10
    xsscin.o                           30
    xstoflt.o                         464
    xstoll.o                          166
    xstopfx.o                         290
    xstoul.o                          408
    xstoull.o                         432
    xstoxflt.o                        564
    xtls.o                              2
    xwctob.o                           64
    xwctomb.o                          26
    xxmemxfree.o                      128
    xxmemxmalloc.o                    176                 8
    ----------------------------------------------------------------
    Total:                         11 238       65      268

m7M_tl.a: [4]
    DblAdd.o                          232
    DblCmpEq.o                         32
    DblCmpGe.o                         46
    DblCmpLe.o                         46
    DblDiv.o                          598
    DblMul.o                          418
    DblSub.o                          384
    DblToFlt.o                        144
    DblToI32.o                         88
    FltAdd.o                          132
    FltCmpGe.o                         36
    FltDiv.o                          252
    FltMul.o                          216
    FltSub.o                          214
    FltToDbl.o                         78
    FltToS32.o                         68
    I32ToDbl.o                         48
    I32ToFlt.o                         50
    ceil.o                             94
    modf.o                            184
    round.o                            68
    sqrt.o                            240
    xdint.o                           122
    xdnorm.o                           68
    xdscale.o                         268
    xdtento.o                         512
    xdunscal.o                         82
    xstold.o                          332
    ----------------------------------------------------------------
    Total:                          5 052

rt7M_tl.a: [5]
    ABImemcpy_unaligned.o             118
    ABImemset.o                        94
    I64DivMod.o                       238
    I64DivZer.o                         2
    cexit.o                            10
    cmain.o                            26
    cstartup_M.o                       12
    data_init.o                        40
    iarEdom.o                          12
    memchr.o                           88
    packbits_init_single.o             56
    strchr.o                           22
    strcmp_unaligned.o                 66
    strcpy_unaligned.o                 68
    strlen.o                           54
    strncpy_unaligned.o               108
    zero_init3.o                       64
    ----------------------------------------------------------------
    Total:                          1 078

shb_l.a: [6]
    exit.o                             20
    ----------------------------------------------------------------
    Total:                             20

    Gaps                               54
    Linker created                              48    4 096
--------------------------------------------------------------------
    Grand Total:                   86 252    8 232   13 936      224


*******************************************************************************
*** ENTRY LIST
***

Entry                      Address    Size  Type      Object
-----                      -------    ----  ----      ------
.iar.init_table$$Base   0x08016134           --   Gb  - Linker created -
.iar.init_table$$Limit  0x08016164           --   Gb  - Linker created -
?main                   0x08016499          Code  Gb  cmain.o [5]
ADC_Channel             0x2000366a     0x1  Data  Lc  adc.o [1]
ADC_Config              0x0800a8db    0xbe  Code  Gb  adc.o [1]
ADC_ConversionStop_Disable
                        0x0800ffa1    0x4a  Code  Gb  stm32l1xx_hal_adc.o [1]
ADC_DMAConvCplt         0x0800ffed    0x6e  Code  Lc  stm32l1xx_hal_adc.o [1]
ADC_DMAError            0x0801006d    0x1e  Code  Lc  stm32l1xx_hal_adc.o [1]
ADC_DMAHalfConvCplt     0x0801005d     0xe  Code  Lc  stm32l1xx_hal_adc.o [1]
ADC_Enable              0x0800ff03    0x72  Code  Gb  stm32l1xx_hal_adc.o [1]
AHBPrescTable           0x08016c98    0x10  Data  Gb  system_stm32l1xx.o [1]
APBPrescTable           0x08016fac     0x8  Data  Gb  system_stm32l1xx.o [1]
BGM111_Connected        0x08003291     0xa  Code  Gb  bgm111.o [1]
BGM111_DataConnected    0x0800329b     0xa  Code  Gb  bgm111.o [1]
BGM111_GetTackState     0x0800336b     0xa  Code  Gb  bgm111.o [1]
BGM111_Init             0x08003047    0x32  Code  Gb  bgm111.o [1]
BGM111_LowLevel_Init    0x08002f89    0x48  Code  Gb  bgm111.o [1]
BGM111_Peek             0x0800303d     0xa  Code  Gb  bgm111.o [1]
BGM111_ProcessInput     0x08003079   0x20e  Code  Gb  bgm111.o [1]
BGM111_Ready            0x08003287     0xa  Code  Gb  bgm111.o [1]
BGM111_Receive          0x08002fdf    0x5e  Code  Gb  bgm111.o [1]
BGM111_SetSyncFlg       0x0800334b     0xa  Code  Gb  bgm111.o [1]
BGM111_SetTackState     0x08003375     0xa  Code  Gb  bgm111.o [1]
BGM111_SyncModeTest     0x080032a5    0x82  Code  Gb  bgm111.o [1]
BGM111_SyncModeTestNoInc
                        0x08003327    0x24  Code  Gb  bgm111.o [1]
BGM111_Transmit         0x08003419   0x11e  Code  Gb  bgm111.o [1]
BGM111_UART_IRQHandler  0x0800337f    0x90  Code  Gb  bgm111.o [1]
BGM111_cntrlSetSyncFlg  0x08003355    0x16  Code  Gb  bgm111.o [1]
Bypass                  0x2000366c     0x1  Data  Lc  parser.o [1]
CSTACK$$Base            0x20000150           --   Gb  - Linker created -
CSTACK$$Limit           0x20001150           --   Gb  - Linker created -
Cal_Save_Frames         0x20002f60    0xc8  Data  Lc  Calibration.o [1]
Calibration_HardFrames  0x08070100    0xc8  Data  Gb  Calibration.o [1]
Clear_Timer2_Flg        0x0800ea79     0x8  Code  Gb  tim.o [1]
ClrDataStructure        0x08003d11    0xb0  Code  Gb  app_data.o [1]
Clr_HeartBeat           0x08004c0d     0x8  Code  Gb  app_data.o [1]
Clr_HrtBeat_Cnt         0x08004bf3     0x8  Code  Gb  app_data.o [1]
CodesArray              0x08014fe4    0x5c  Data  Gb  ErrorCodes.o [1]
DMA1_Channel1_IRQHandler
                        0x08014ed1     0xa  Code  Gb  stm32l1xx_it.o [1]
DMA_SetConfig           0x08010f69    0x22  Code  Lc  stm32l1xx_hal_dma.o [1]
Error_Handler           0x0800a10d    0x2e  Code  Gb  main.o [1]
FIX_MPY                 0x08010f8b    0x1c  Code  Gb  fix_fft.o [1]
FLASH_PageErase         0x0801227f    0x28  Code  Gb  stm32l1xx_hal_flash_ex.o [1]
FLASH_SetErrorCode      0x080120f3    0x6a  Code  Lc  stm32l1xx_hal_flash.o [1]
FLASH_WaitForLastOperation
                        0x0801208f    0x64  Code  Gb  stm32l1xx_hal_flash.o [1]
Get_DriverStates        0x08004ae9    0x66  Code  Gb  app_data.o [1]
Get_DriverStatus        0x08004b6d    0x86  Code  Gb  app_data.o [1]
HAL_ADC_ConfigChannel   0x0800fd1d   0x1e6  Code  Gb  stm32l1xx_hal_adc.o [1]
HAL_ADC_ConvCpltCallback
                        0x0800aa17     0xe  Code  Gb  adc.o [1]
HAL_ADC_ConvHalfCpltCallback
                        0x0800aa55     0x2  Code  Gb  adc.o [1]
HAL_ADC_DeInit          0x0800fa27   0x134  Code  Gb  stm32l1xx_hal_adc.o [1]
HAL_ADC_ErrorCallback   0x0800aa57     0xa  Code  Gb  adc.o [1]
HAL_ADC_Init            0x0800f861   0x1c6  Code  Gb  stm32l1xx_hal_adc.o [1]
HAL_ADC_MspDeInit       0x0800a8b3    0x28  Code  Gb  adc.o [1]
HAL_ADC_MspInit         0x0800a82d    0x86  Code  Gb  adc.o [1]
HAL_ADC_Start           0x0800fb5b    0x88  Code  Gb  stm32l1xx_hal_adc.o [1]
HAL_ADC_Start_DMA       0x0800fbe3    0xcc  Code  Gb  stm32l1xx_hal_adc.o [1]
HAL_ADC_Stop_DMA        0x0800fcaf    0x6e  Code  Gb  stm32l1xx_hal_adc.o [1]
HAL_DMA_Abort           0x080105c7    0x54  Code  Gb  stm32l1xx_hal_dma.o [1]
HAL_DMA_DeInit          0x080100e5   0x43e  Code  Gb  stm32l1xx_hal_dma.o [1]
HAL_DMA_IRQHandler      0x08010621   0x906  Code  Gb  stm32l1xx_hal_dma.o [1]
HAL_DMA_Init            0x0801008d    0x58  Code  Gb  stm32l1xx_hal_dma.o [1]
HAL_DMA_Start_IT        0x08010559    0x6e  Code  Gb  stm32l1xx_hal_dma.o [1]
HAL_Delay               0x0800c71d    0x1a  Code  Wk  stm32l1xx_hal.o [1]
HAL_FLASHEx_Erase       0x080121e5    0x9a  Code  Gb  stm32l1xx_hal_flash_ex.o [1]
HAL_FLASH_GetError      0x08012089     0x6  Code  Gb  stm32l1xx_hal_flash.o [1]
HAL_FLASH_Lock          0x08012079    0x10  Code  Gb  stm32l1xx_hal_flash.o [1]
HAL_FLASH_Program       0x08011fed    0x5c  Code  Gb  stm32l1xx_hal_flash.o [1]
HAL_FLASH_Unlock        0x08012049    0x30  Code  Gb  stm32l1xx_hal_flash.o [1]
HAL_GPIO_DeInit         0x0800a30f   0x13c  Code  Gb  stm32l1xx_hal_gpio.o [1]
HAL_GPIO_Init           0x0800a13d   0x1d2  Code  Gb  stm32l1xx_hal_gpio.o [1]
HAL_GPIO_ReadPin        0x0800a44b    0x18  Code  Gb  stm32l1xx_hal_gpio.o [1]
HAL_GPIO_TogglePin      0x0800a477     0xa  Code  Gb  stm32l1xx_hal_gpio.o [1]
HAL_GPIO_WritePin       0x0800a463    0x14  Code  Gb  stm32l1xx_hal_gpio.o [1]
HAL_GetTick             0x0800c717     0x6  Code  Wk  stm32l1xx_hal.o [1]
HAL_I2C_ER_IRQHandler   0x0800d0c5    0xce  Code  Gb  stm32l1xx_hal_i2c.o [1]
HAL_I2C_EV_IRQHandler   0x0800cf91   0x134  Code  Gb  stm32l1xx_hal_i2c.o [1]
HAL_I2C_ErrorCallback   0x0800d19f     0x2  Code  Wk  stm32l1xx_hal_i2c.o [1]
HAL_I2C_GetError        0x0800d1a7     0x4  Code  Gb  stm32l1xx_hal_i2c.o [1]
HAL_I2C_GetState        0x0800d1a1     0x6  Code  Gb  stm32l1xx_hal_i2c.o [1]
HAL_I2C_Init            0x0800c841   0x172  Code  Gb  stm32l1xx_hal_i2c.o [1]
HAL_I2C_MasterRxCpltCallback
                        0x0800d195     0x2  Code  Wk  stm32l1xx_hal_i2c.o [1]
HAL_I2C_MasterTxCpltCallback
                        0x0800d193     0x2  Code  Wk  stm32l1xx_hal_i2c.o [1]
HAL_I2C_Master_Receive  0x0800caeb   0x256  Code  Gb  stm32l1xx_hal_i2c.o [1]
HAL_I2C_Master_Receive_IT
                        0x0800ce27   0x14e  Code  Gb  stm32l1xx_hal_i2c.o [1]
HAL_I2C_Master_Transmit
                        0x0800c9b3   0x138  Code  Gb  stm32l1xx_hal_i2c.o [1]
HAL_I2C_Master_Transmit_IT
                        0x0800cd41    0xe6  Code  Gb  stm32l1xx_hal_i2c.o [1]
HAL_I2C_MemRxCpltCallback
                        0x0800d19d     0x2  Code  Wk  stm32l1xx_hal_i2c.o [1]
HAL_I2C_MemTxCpltCallback
                        0x0800d19b     0x2  Code  Wk  stm32l1xx_hal_i2c.o [1]
HAL_I2C_MspInit         0x0800875b    0x50  Code  Gb  i2c.o [1]
HAL_I2C_SlaveRxCpltCallback
                        0x0800d199     0x2  Code  Wk  stm32l1xx_hal_i2c.o [1]
HAL_I2C_SlaveTxCpltCallback
                        0x0800d197     0x2  Code  Wk  stm32l1xx_hal_i2c.o [1]
HAL_IncTick             0x0800c70b     0xc  Code  Wk  stm32l1xx_hal.o [1]
HAL_Init                0x0800c6f5    0x16  Code  Gb  stm32l1xx_hal.o [1]
HAL_InitTick            0x080119e1    0x80  Code  Gb  stm32l1xx_hal_timebase_TIM.o [1]
HAL_MspInit             0x08011a71    0x98  Code  Gb  stm32l1xx_hal_msp.o [1]
HAL_NVIC_DisableIRQ     0x08008eb1     0xe  Code  Gb  stm32l1xx_hal_cortex.o [1]
HAL_NVIC_EnableIRQ      0x08008ea3     0xe  Code  Gb  stm32l1xx_hal_cortex.o [1]
HAL_NVIC_SetPriority    0x08008e7d    0x26  Code  Gb  stm32l1xx_hal_cortex.o [1]
HAL_NVIC_SetPriorityGrouping
                        0x08008e71     0xc  Code  Gb  stm32l1xx_hal_cortex.o [1]
HAL_NVIC_SystemReset    0x08008ebf     0x8  Code  Gb  stm32l1xx_hal_cortex.o [1]
HAL_PCD_DataInStageCallback
                        0x08014051    0x20  Code  Gb  usbd_conf.o [1]
HAL_PCD_DataOutStageCallback
                        0x0801402f    0x22  Code  Gb  usbd_conf.o [1]
HAL_PCD_EP_ClrStall     0x08013f0d   0x10a  Code  Gb  stm32l1xx_hal_pcd.o [1]
HAL_PCD_EP_Open         0x080135bf   0x476  Code  Gb  stm32l1xx_hal_pcd.o [1]
HAL_PCD_EP_Receive      0x08013a35   0x1ac  Code  Gb  stm32l1xx_hal_pcd.o [1]
HAL_PCD_EP_SetStall     0x08013e2f    0xde  Code  Gb  stm32l1xx_hal_pcd.o [1]
HAL_PCD_EP_Transmit     0x08013be1   0x24e  Code  Gb  stm32l1xx_hal_pcd.o [1]
HAL_PCD_IRQHandler      0x08013449   0x144  Code  Gb  stm32l1xx_hal_pcd.o [1]
HAL_PCD_ResetCallback   0x0801407f    0x2c  Code  Gb  usbd_conf.o [1]
HAL_PCD_ResumeCallback  0x080140cb     0xe  Code  Gb  usbd_conf.o [1]
HAL_PCD_SOFCallback     0x08014071     0xe  Code  Gb  usbd_conf.o [1]
HAL_PCD_SetAddress      0x0801358d    0x32  Code  Gb  stm32l1xx_hal_pcd.o [1]
HAL_PCD_SetupStageCallback
                        0x08014019    0x16  Code  Gb  usbd_conf.o [1]
HAL_PCD_SuspendCallback
                        0x080140ab    0x20  Code  Gb  usbd_conf.o [1]
HAL_PWREx_GetVoltageRange
                        0x08012709     0xa  Code  Gb  stm32l1xx_hal_pwr_ex.o [1]
HAL_RCC_ClockConfig     0x0800f387   0x2a0  Code  Gb  stm32l1xx_hal_rcc.o [1]
HAL_RCC_GetClockConfig  0x0800f72d    0x3a  Code  Gb  stm32l1xx_hal_rcc.o [1]
HAL_RCC_GetHCLKFreq     0x0800f6d1     0x6  Code  Gb  stm32l1xx_hal_rcc.o [1]
HAL_RCC_GetPCLK1Freq    0x0800f6d7    0x20  Code  Gb  stm32l1xx_hal_rcc.o [1]
HAL_RCC_GetPCLK2Freq    0x0800f6f7    0x20  Code  Gb  stm32l1xx_hal_rcc.o [1]
HAL_RCC_GetSysClockFreq
                        0x0800f627    0xaa  Code  Gb  stm32l1xx_hal_rcc.o [1]
HAL_RCC_OscConfig       0x0800eb5d   0x82a  Code  Gb  stm32l1xx_hal_rcc.o [1]
HAL_SYSTICK_CLKSourceConfig
                        0x08008ed3    0x22  Code  Gb  stm32l1xx_hal_cortex.o [1]
HAL_SYSTICK_Config      0x08008ec7     0xc  Code  Gb  stm32l1xx_hal_cortex.o [1]
HAL_TIMEx_MasterConfigSynchronization
                        0x080126ab    0x5e  Code  Gb  stm32l1xx_hal_tim_ex.o [1]
HAL_TIM_Base_Init       0x080122d1    0x38  Code  Gb  stm32l1xx_hal_tim.o [1]
HAL_TIM_Base_MspInit    0x0800e9db    0x48  Code  Gb  tim.o [1]
HAL_TIM_Base_Start_IT   0x08012309    0x1e  Code  Gb  stm32l1xx_hal_tim.o [1]
HAL_TIM_ConfigClockSource
                        0x08012461   0x122  Code  Gb  stm32l1xx_hal_tim.o [1]
HAL_TIM_IC_CaptureCallback
                        0x08012585     0x2  Code  Wk  stm32l1xx_hal_tim.o [1]
HAL_TIM_IRQHandler      0x08012327   0x13a  Code  Gb  stm32l1xx_hal_tim.o [1]
HAL_TIM_OC_DelayElapsedCallback
                        0x08012583     0x2  Code  Wk  stm32l1xx_hal_tim.o [1]
HAL_TIM_PWM_PulseFinishedCallback
                        0x08012587     0x2  Code  Wk  stm32l1xx_hal_tim.o [1]
HAL_TIM_PeriodElapsedCallback
                        0x0800ea23    0x56  Code  Gb  tim.o [1]
HAL_TIM_StartTimer2     0x0800eae9    0x22  Code  Gb  tim.o [1]
HAL_TIM_StartTimer3     0x0800eb0b    0x12  Code  Gb  tim.o [1]
HAL_TIM_TriggerCallback
                        0x08012589     0x2  Code  Wk  stm32l1xx_hal_tim.o [1]
HAL_UART_EnableBGM_RX   0x08002edb    0x32  Code  Gb  usart.o [1]
HAL_UART_EnableBGM_TXE  0x08002ec9    0x12  Code  Gb  usart.o [1]
HAL_UART_ErrorCallback  0x08002ec7     0x2  Code  Gb  usart.o [1]
HAL_UART_IRQHandler     0x0800945f   0x11a  Code  Gb  stm32l1xx_hal_uart.o [1]
HAL_UART_Init           0x080091f9    0x72  Code  Gb  stm32l1xx_hal_uart.o [1]
HAL_UART_MspInit        0x08002b3f    0xba  Code  Gb  usart.o [1]
HAL_UART_Receive_IT     0x080093d7    0x88  Code  Gb  stm32l1xx_hal_uart.o [1]
HAL_UART_RxCpltCallback
                        0x08002e17    0xb0  Code  Gb  usart.o [1]
HAL_UART_RxCpltCallback::len
                        0x20003658     0x4  Data  Lc  usart.o [1]
HAL_UART_RxCpltCallback::temp_ptr
                        0x20003654     0x4  Data  Lc  usart.o [1]
HAL_UART_Transmit       0x0800926b    0xfc  Code  Gb  stm32l1xx_hal_uart.o [1]
HAL_UART_Transmit_IT    0x08009367    0x70  Code  Gb  stm32l1xx_hal_uart.o [1]
HAL_UART_TxCpltCallback
                        0x08002ddb    0x20  Code  Gb  usart.o [1]
HAL_WWDG_IRQHandler     0x0800e8e3    0x2c  Code  Gb  stm32l1xx_hal_wwdg.o [1]
HAL_WWDG_Init           0x0800e839    0x4c  Code  Gb  stm32l1xx_hal_wwdg.o [1]
HAL_WWDG_MspInit        0x08008f67    0x26  Code  Gb  wwdg.o [1]
HAL_WWDG_Refresh        0x0800e8b5    0x2e  Code  Gb  stm32l1xx_hal_wwdg.o [1]
HAL_WWDG_Start_IT       0x0800e885    0x30  Code  Gb  stm32l1xx_hal_wwdg.o [1]
HAL_WWDG_WakeupCallback
                        0x08008fbd    0x18  Code  Gb  wwdg.o [1]
HAL_WWDG_WakeupCallback::OnceFlg
                        0x20003673     0x1  Data  Lc  wwdg.o [1]
HEAP$$Base              0x20001150           --   Gb  - Linker created -
HEAP$$Limit             0x20001150           --   Gb  - Linker created -
HeartBeat_Cnt           0x20003666     0x2  Data  Lc  app_data.o [1]
I2C1_ER_IRQHandler      0x08014f0d     0xa  Code  Gb  stm32l1xx_it.o [1]
I2C1_EV_IRQHandler      0x08014f03     0xa  Code  Gb  stm32l1xx_it.o [1]
I2C_IsAcknowledgeFailed
                        0x0800d82f    0x2a  Code  Lc  stm32l1xx_hal_i2c.o [1]
I2C_MasterReceive_BTF   0x0800d2af    0xa6  Code  Lc  stm32l1xx_hal_i2c.o [1]
I2C_MasterReceive_RXNE  0x0800d233    0x7c  Code  Lc  stm32l1xx_hal_i2c.o [1]
I2C_MasterRequestRead   0x0800d4f1   0x106  Code  Lc  stm32l1xx_hal_i2c.o [1]
I2C_MasterRequestWrite  0x0800d45b    0x96  Code  Lc  stm32l1xx_hal_i2c.o [1]
I2C_MasterTransmit_BTF  0x0800d1d7    0x5c  Code  Lc  stm32l1xx_hal_i2c.o [1]
I2C_MasterTransmit_TXE  0x0800d1ab    0x2c  Code  Lc  stm32l1xx_hal_i2c.o [1]
I2C_SlaveReceive_BTF    0x0800d3af    0x1e  Code  Lc  stm32l1xx_hal_i2c.o [1]
I2C_SlaveReceive_RXNE   0x0800d391    0x1e  Code  Lc  stm32l1xx_hal_i2c.o [1]
I2C_SlaveTransmit_BTF   0x0800d373    0x1e  Code  Lc  stm32l1xx_hal_i2c.o [1]
I2C_SlaveTransmit_TXE   0x0800d355    0x1e  Code  Lc  stm32l1xx_hal_i2c.o [1]
I2C_Slave_ADDR          0x0800d3cd    0x18  Code  Lc  stm32l1xx_hal_i2c.o [1]
I2C_Slave_AF            0x0800d427    0x34  Code  Lc  stm32l1xx_hal_i2c.o [1]
I2C_Slave_STOPF         0x0800d3e5    0x42  Code  Lc  stm32l1xx_hal_i2c.o [1]
I2C_WaitBusyFlag        0x08008a51    0x12  Code  Gb  i2c.o [1]
I2C_WaitOnFlagUntilTimeout
                        0x0800d601    0xda  Code  Lc  stm32l1xx_hal_i2c.o [1]
I2C_WaitOnMasterAddressFlagUntilTimeout
                        0x0800d6db    0x9e  Code  Lc  stm32l1xx_hal_i2c.o [1]
I2C_WaitOnRXNEFlagUntilTimeout
                        0x0800d7cb    0x64  Code  Lc  stm32l1xx_hal_i2c.o [1]
I2C_WaitOnTXEFlagUntilTimeout
                        0x0800d779    0x52  Code  Lc  stm32l1xx_hal_i2c.o [1]
InitSensors             0x08003ced    0x24  Code  Gb  app_data.o [1]
LPS25HB_GetPressure     0x0800c229    0x2c  Code  Gb  lps25hb.o [1]
LPS25HB_GetTemperature  0x0800c297    0x2e  Code  Gb  lps25hb.o [1]
LPS25HB_I2C_GetRawTemperature
                        0x0800c255     0xc  Code  Gb  lps25hb.o [1]
LPS25HB_I2C_ReadRawPressure
                        0x0800c1df    0x4a  Code  Lc  lps25hb.o [1]
LPS25HB_I2C_ReadRawTemperature
                        0x0800c261    0x36  Code  Lc  lps25hb.o [1]
LPS25HB_Init            0x0800c0cd   0x112  Code  Gb  lps25hb.o [1]
LPS25HB_PowerOn         0x0800c2c5    0x48  Code  Lc  lps25hb.o [1]
LoadInt                 0x0800b59b    0x70  Code  Lc  xprintffull.o [3]
MX_ADC_Init             0x0800a7a5    0x88  Code  Gb  adc.o [1]
MX_DMA_Init             0x0800f831    0x30  Code  Gb  dma.o [1]
MX_GPIO_Init            0x08008535   0x13a  Code  Gb  gpio.o [1]
MX_I2C1_Init            0x080086f9    0x62  Code  Gb  i2c.o [1]
MX_I2C1_Reset           0x080087ab    0x50  Code  Gb  i2c.o [1]
MX_TIM2_Init            0x0800e911    0x66  Code  Gb  tim.o [1]
MX_TIM3_Init            0x0800e977    0x64  Code  Gb  tim.o [1]
MX_USART2_UART_Init     0x08002a8d    0x58  Code  Gb  usart.o [1]
MX_USART3_UART_Init     0x08002ae5    0x5a  Code  Gb  usart.o [1]
MX_WWDG_Init            0x08008f35    0x32  Code  Gb  wwdg.o [1]
ModuleArray             0x080163b8    0x1c  Data  Gb  ErrorCodes.o [1]
NVIC_DisableIRQ         0x08008dad    0x14  Code  Lc  stm32l1xx_hal_cortex.o [1]
NVIC_EnableIRQ          0x08008d99    0x14  Code  Lc  stm32l1xx_hal_cortex.o [1]
NVIC_EncodePriority     0x08008de7    0x3e  Code  Lc  stm32l1xx_hal_cortex.o [1]
NVIC_GetPriorityGrouping
                        0x08008d8f     0xa  Code  Lc  stm32l1xx_hal_cortex.o [1]
NVIC_SetPriority        0x08008dc1    0x26  Code  Lc  stm32l1xx_hal_cortex.o [1]
NVIC_SetPriorityGrouping
                        0x08008d71    0x1e  Code  Lc  stm32l1xx_hal_cortex.o [1]
NVIC_SystemReset        0x08008e25    0x1c  Code  Lc  stm32l1xx_hal_cortex.o [1]
NextBufIdx              0x08002fd1     0xe  Code  Gb  bgm111.o [1]
PCD_EP_ISR_Handler      0x08012fa3   0x43a  Code  Lc  stm32l1xx_hal_pcd.o [1]
PCD_ReadPMA             0x0801341d    0x2c  Code  Lc  stm32l1xx_hal_pcd.o [1]
PCD_WritePMA            0x080133dd    0x40  Code  Lc  stm32l1xx_hal_pcd.o [1]
PageError               0x20003620     0x4  Data  Gb  Flash.o [1]
PendSV_Handler          0x08014d35          Code  Gb  portasm.o [1]
Proc_Timer2             0x0800ea91    0x58  Code  Gb  tim.o [1]
ProcessSensorState      0x08003e15   0x954  Code  Gb  app_data.o [1]
Process_RdSound         0x080047ad   0x1c8  Code  Gb  app_data.o [1]
RBIsBufFull             0x0800a673    0x1e  Code  Gb  ErrorCodes.o [1]
RBNextBufIdx            0x0800a665     0xe  Code  Gb  ErrorCodes.o [1]
RCC_SetFlashLatencyFromMSIRange
                        0x0800f76d    0x90  Code  Lc  stm32l1xx_hal_rcc.o [1]
RdBrdI2C_WaitOnFlagUntilTimeout
                        0x08008a63    0xda  Code  Lc  i2c.o [1]
RdBrd_BlinkErrCd        0x0800a731    0x4e  Code  Gb  ErrorCodes.o [1]
[...]
Timr3Ready              0x2000366e     0x1  Data  Gb  tim.o [1]
TmpData                 0x20002710   0x248  Data  Gb  app_data.o [1]
Tst_Bypass              0x080028a3     0x6  Code  Gb  parser.o [1]
Tst_HeartBeat           0x08004bfb     0x6  Code  Gb  app_data.o [1]
UART_EndTransmit_IT     0x080096e3    0x32  Code  Lc  stm32l1xx_hal_uart.o [1]
UART_Receive_IT         0x08009715    0xc8  Code  Lc  stm32l1xx_hal_uart.o [1]
UART_SetConfig          0x080097dd   0x2fe  Code  Lc  stm32l1xx_hal_uart.o [1]
UART_Transmit_IT        0x08009667    0x7c  Code  Lc  stm32l1xx_hal_uart.o [1]
UART_WaitOnFlagUntilTimeout
                        0x08009579    0xee  Code  Lc  stm32l1xx_hal_uart.o [1]
USART2_IRQHandler       0x08014ef9     0xa  Code  Gb  stm32l1xx_it.o [1]
USART3_IRQHandler       0x08014eef     0xa  Code  Gb  stm32l1xx_it.o [1]
USART_ReceiveData       0x08003543     0xa  Code  Gb  bgm111.o [1]
USART_SendData          0x08003537     0xc  Code  Gb  bgm111.o [1]
USBD_ClrClassConfig     0x080141e3    0x18  Code  Gb  usbd_core.o [1]
USBD_ClrFeature         0x08014a07    0x3a  Code  Lc  usbd_ctlreq.o [1]
USBD_CtlContinueRx      0x08014ac3    0x1a  Code  Gb  usbd_ioreq.o [1]
USBD_CtlContinueSendData
                        0x08014aa9    0x1a  Code  Gb  usbd_ioreq.o [1]
USBD_CtlError           0x08014a69    0x18  Code  Gb  usbd_ctlreq.o [1]
USBD_CtlReceiveStatus   0x08014af7    0x1a  Code  Gb  usbd_ioreq.o [1]
USBD_CtlSendData        0x08014a81    0x28  Code  Gb  usbd_ioreq.o [1]
USBD_CtlSendStatus      0x08014add    0x1a  Code  Gb  usbd_ioreq.o [1]
USBD_GetConfig          0x08014959    0x4c  Code  Lc  usbd_ctlreq.o [1]
USBD_GetDescriptor      0x080146b5   0x164  Code  Lc  usbd_ctlreq.o [1]
USBD_GetStatus          0x080149a5    0x3c  Code  Lc  usbd_ctlreq.o [1]
USBD_LL_ClearStallEP    0x08014111    0x16  Code  Gb  usbd_conf.o [1]
USBD_LL_DataInStage     0x08014303    0xe2  Code  Gb  usbd_core.o [1]
USBD_LL_DataOutStage    0x08014273    0x90  Code  Gb  usbd_core.o [1]
USBD_LL_IsStallEP       0x08014127    0x30  Code  Gb  usbd_conf.o [1]
USBD_LL_OpenEP          0x080140d9    0x22  Code  Gb  usbd_conf.o [1]
USBD_LL_PrepareReceive  0x0801418d    0x20  Code  Gb  usbd_conf.o [1]
USBD_LL_Reset           0x080143e5    0x46  Code  Gb  usbd_core.o [1]
USBD_LL_Resume          0x08014447     0xe  Code  Gb  usbd_core.o [1]
USBD_LL_SOF             0x08014455    0x24  Code  Gb  usbd_core.o [1]
USBD_LL_SetSpeed        0x0801442b     0x8  Code  Gb  usbd_core.o [1]
USBD_LL_SetUSBAddress   0x08014157    0x16  Code  Gb  usbd_conf.o [1]
USBD_LL_SetupStage      0x080141fb    0x78  Code  Gb  usbd_core.o [1]
USBD_LL_StallEP         0x080140fb    0x16  Code  Gb  usbd_conf.o [1]
USBD_LL_Suspend         0x08014433    0x14  Code  Gb  usbd_core.o [1]
USBD_LL_Transmit        0x0801416d    0x20  Code  Gb  usbd_conf.o [1]
USBD_ParseSetupRequest  0x08014a41    0x28  Code  Gb  usbd_ctlreq.o [1]
USBD_RunTestMode        0x080141b1     0x6  Code  Gb  usbd_core.o [1]
USBD_SetAddress         0x08014819    0x60  Code  Lc  usbd_ctlreq.o [1]
USBD_SetClassConfig     0x080141b7    0x2c  Code  Gb  usbd_core.o [1]
USBD_SetConfig          0x08014879    0xda  Code  Lc  usbd_ctlreq.o [1]
USBD_SetConfig::cfgidx  0x20003672     0x1  Data  Lc  usbd_ctlreq.o [1]
USBD_SetFeature         0x080149e1    0x26  Code  Lc  usbd_ctlreq.o [1]
USBD_StdDevReq          0x08014479    0x7c  Code  Gb  usbd_ctlreq.o [1]
USBD_StdEPReq           0x08014541   0x174  Code  Gb  usbd_ctlreq.o [1]
USBD_StdItfReq          0x080144f5    0x4c  Code  Gb  usbd_ctlreq.o [1]
USB_LP_IRQHandler       0x08014edb     0xa  Code  Gb  stm32l1xx_it.o [1]
Uart2Ready              0x2000366f     0x1  Data  Gb  usart.o [1]
Uart3Ready              0x20003670     0x1  Data  Gb  usart.o [1]
WWDG_IRQHandler         0x08008fd5     0xa  Code  Gb  wwdg.o [1]
_EncodingSb_Mbtowc      0x0801275b    0x30  Code  Gb  xencoding_sb.o [3]
_EncodingSb_Mbtowc::initial
                        0x08012798     0x8  Data  Lc  xencoding_sb.o [3]
_EncodingSb_Wctomb      0x08012741    0x1a  Code  Gb  xencoding_sb.o [3]
_EncodingSb_Wctomb::initial
                        0x08012790     0x8  Data  Lc  xencoding_sb.o [3]
_GenldFull              0x0800be2d   0x254  Code  Lc  xprintffull.o [3]
_GetN                   0x0800d859    0x22  Code  Lc  xscanffull.o [3]
_GetfldFull             0x0800da7d   0x10a  Code  Lc  xscanffull.o [3]
_GetfloatFull           0x0800e03b   0x4e8  Code  Lc  xscanffull.o [3]
_GetintFull             0x0800de43   0x1f2  Code  Lc  xscanffull.o [3]
_GetstrFull             0x0800db89   0x2b4  Code  Lc  xscanffull.o [3]
_IsdstStr               0x200000dc     0x4  Data  Gb  setlocale.o [3]
_LdtobFull              0x0800ba21   0x406  Code  Lc  xprintffull.o [3]
_LitobFull              0x0800b917   0x10a  Code  Lc  xprintffull.o [3]
_LocaleC_isalpha        0x080127d1    0x16  Code  Gb  xlocale_c.o [3]
_LocaleC_isspace        0x080127e7    0x14  Code  Gb  xlocale_c.o [3]
_LocaleC_tolower        0x08012f25     0xc  Code  Gb  xlocale_c.o [3]
_LocaleEncoding         0x0801272d     0xe  Code  Gb  setlocale.o [3]
_LocaleForCat           0x08012719    0x14  Code  Gb  setlocale.o [3]
_LocaleReturnString     0x200000fc    0x50  Data  Lc  setlocale.o [3]
_Locale_Profile         0x200000e0    0x1c  Data  Gb  setlocale.o [3]
_Locale_aeabi_lconv     0x2000009c    0x38  Data  Gb  localeconv.o [3]
_Locale_lconv           0x2000004c    0x50  Data  Gb  localeconv.o [3]
_Mbtowc                 0x0801108d    0x20  Code  Gb  xmbtowc.o [3]
_PrintfFull             0x0800af2d   0x658  Code  Gb  xprintffull.o [3]
_PutcharsFull           0x0800c081    0x2e  Code  Lc  xprintffull.o [3]
_PutstrFull             0x0800b60b   0x306  Code  Lc  xprintffull.o [3]
_SProut                 0x08008c77     0xa  Code  Gb  xsprout.o [3]
_SScin                  0x08002a2b    0x1e  Code  Gb  xsscin.o [3]
_ScanfFull              0x0800d895   0x1e2  Code  Gb  xscanffull.o [3]
_Stoflt                 0x0801291d   0x1d0  Code  Gb  xstoflt.o [3]
_Stopfx                 0x080127fb   0x122  Code  Gb  xstopfx.o [3]
_Stoxflt                0x08012cf1   0x1fa  Code  Gb  xstoxflt.o [3]
_Stoxflt::digits        0x08012ef4    0x18  Data  Lc  xstoxflt.o [3]
_Stoxflt::vals          0x08012f0c    0x18  Data  Lc  xstoxflt.o [3]
_TzoneStr               0x200000d8     0x4  Data  Gb  setlocale.o [3]
_UngetN                 0x0800d87b    0x1a  Code  Lc  xscanffull.o [3]
_Wctomb                 0x080111d9    0x1a  Code  Gb  xwctomb.o [3]
__aeabi_cdcmpeq         0x08012f31          Code  Gb  DblCmpEq.o [4]
__aeabi_cdcmple         0x08011421          Code  Gb  DblCmpLe.o [4]
__aeabi_cdrcmple        0x08011451          Code  Gb  DblCmpGe.o [4]
__aeabi_cfrcmple        0x0800c81d          Code  Gb  FltCmpGe.o [4]
__aeabi_d2f             0x0800ae59          Code  Gb  DblToFlt.o [4]
__aeabi_d2iz            0x0800c4b9          Code  Gb  DblToI32.o [4]
__aeabi_d2uiz           0x0800c4e5          Code  Gb  DblToI32.o [4]
__aeabi_dadd            0x0800c5c9          Code  Gb  DblAdd.o [4]
__aeabi_ddiv            0x0801170d          Code  Gb  DblDiv.o [4]
__aeabi_dmul            0x0800c315          Code  Gb  DblMul.o [4]
__aeabi_dsub            0x0801158d          Code  Gb  DblSub.o [4]
__aeabi_errno_addr      0x080122c5     0x6  Code  Gb  errno.o [3]
__aeabi_f2d             0x08008bfd          Code  Gb  FltToDbl.o [4]
__aeabi_f2iz            0x0800aee9          Code  Gb  FltToS32.o [4]
__aeabi_fadd            0x0800ace5          Code  Gb  FltAdd.o [4]
__aeabi_fdiv            0x080090fd          Code  Gb  FltDiv.o [4]
__aeabi_fmul            0x0800ac0d          Code  Gb  FltMul.o [4]
__aeabi_i2d             0x0800c7ed          Code  Gb  I32ToDbl.o [4]
__aeabi_i2f             0x080090c9          Code  Gb  I32ToFlt.o [4]
__aeabi_ldiv0           0x080127cd          Code  Gb  I64DivZer.o [5]
__aeabi_ui2d            0x0800c801          Code  Gb  I32ToDbl.o [4]
__aeabi_ui2f            0x080090dd          Code  Gb  I32ToFlt.o [4]
__aeabi_uldivmod        0x080112ed          Code  Gb  I64DivMod.o [5]
__cmain                 0x08016499          Code  Gb  cmain.o [5]
__data_Aldata           0x20003600     0x8  Data  Gb  xxmemxmalloc.o [3]
__data_GetMemChunk      0x080127a1    0x2c  Code  Gb  xgetmemchunk.o [3]
__data_GetMemChunk::start
                        0x20003660     0x4  Data  Lc  xgetmemchunk.o [3]
__exit                  0x080164c9    0x14  Code  Gb  exit.o [6]
__iar_Dint              0x08011b67    0x7a  Code  Gb  xdint.o [4]
__iar_Dnorm             0x080113db    0x44  Code  Gb  xdnorm.o [4]
__iar_Dscale            0x08011481   0x10c  Code  Gb  xdscale.o [4]
__iar_Dtentox           0x08012b43   0x14e  Code  Gb  xdtento.o [4]
__iar_Dunscale          0x08012f51    0x52  Code  Gb  xdunscal.o [4]
__iar_Errno             0x200000d4     0x4  Data  Gb  errno.o [3]
__iar_Locale_lconv_init
                        0x08011965    0x3a  Code  Gb  localeconv.o [3]
__iar_Mbcurmax          0x0801111d     0xa  Code  Gb  xmbcurmax.o [3]
__iar_Memchr            0x080110c5          Code  Gb  memchr.o [5]
__iar_Memset_word       0x08011b09          Code  Gb  ABImemset.o [5]
__iar_Stold             0x08011fe9     0x4  Code  Gb  xstold.o [4]
__iar_Stoldx            0x08011ea1   0x13c  Code  Gb  xstold.o [4]
__iar_Stoll             0x08011ceb     0x4  Code  Gb  xstoll.o [3]
__iar_Stollx            0x08011c49    0xa2  Code  Gb  xstoll.o [3]
__iar_Stoul             0x0800e7e5     0x4  Code  Gb  xstoul.o [3]
__iar_Stoull            0x08011e4d     0x4  Code  Gb  xstoull.o [3]
__iar_Stoullx           0x08011cf1   0x156  Code  Gb  xstoull.o [3]
__iar_Stoulx            0x0800e6a1   0x13e  Code  Gb  xstoul.o [3]
__iar_Strchr            0x080110ad          Code  Gb  strchr.o [5]
__iar_Wctob             0x08011be1    0x36  Code  Gb  xwctob.o [3]
__iar_ceil              0x08012185          Code  Gb  ceil.o [4]
__iar_ceill             0x08012185          Code  Gb  ceil.o [4]
__iar_d2uiz             0x0800c4f1          Code  Gb  DblToI32.o [4]
__iar_dadd              0x0800c5dd          Code  Gb  DblAdd.o [4]
__iar_data_init3        0x08015f5d    0x28  Code  Gb  data_init.o [5]
__iar_dlib_perthread_access
                        0x080127cf     0x2  Code  Gb  xtls.o [3]
__iar_dsub              0x080115a1          Code  Gb  DblSub.o [4]
__iar_dsubStart         0x080115b3          Code  Gb  DblSub.o [4]
__iar_edom              0x08011081          Code  Gb  iarEdom.o [5]
__iar_fadd              0x0800acf5          Code  Gb  FltAdd.o [4]
__iar_fsub              0x08010fa9          Code  Gb  FltSub.o [4]
__iar_fsubStart         0x08010fb9          Code  Gb  FltSub.o [4]
__iar_modf              0x0800c521          Code  Gb  modf.o [4]
__iar_modfl             0x0800c521          Code  Gb  modf.o [4]
__iar_packbits_init_single3
                        0x080155e5    0x38  Code  Gb  packbits_init_single.o [5]
__iar_program_start     0x08016d61          Code  Gb  cstartup_M.o [5]
__iar_sqrt              0x0800ad69          Code  Gb  sqrt.o [4]
__iar_ui2d              0x0800c805          Code  Gb  I32ToDbl.o [4]
__iar_ui2f              0x080090e1          Code  Gb  I32ToFlt.o [4]
__iar_unaligned___aeabi_memcpy
                        0x080111f5          Code  Gb  ABImemcpy_unaligned.o [5]
__iar_unaligned___aeabi_memcpy4
                        0x08011215          Code  Gb  ABImemcpy_unaligned.o [5]
__iar_unaligned___aeabi_memcpy8
                        0x08011215          Code  Gb  ABImemcpy_unaligned.o [5]
__iar_unaligned_strcmp  0x0800c6b1          Code  Gb  strcmp_unaligned.o [5]
__iar_unaligned_strcpy  0x08002a49          Code  Gb  strcpy_unaligned.o [5]
__iar_unaligned_strncpy
                        0x0800c73d          Code  Gb  strncpy_unaligned.o [5]
__iar_zero_init3        0x0801539d    0x40  Code  Gb  zero_init3.o [5]
__low_level_init        0x080164b3     0x4  Code  Gb  low_level_init.o [3]
__vector_table          0x08000000          Data  Gb  startup_stm32l152xe.o [1]
_call_main              0x080164a5          Code  Gb  cmain.o [5]
_exit                   0x080164bd          Code  Gb  cexit.o [5]
_gecko_cmd_msg          0x200030b4    0x84  Data  Gb  bgm111.o [1]
_gecko_rsp_msg          0x20003138    0x84  Data  Gb  bgm111.o [1]
_main                   0x080164af          Code  Gb  cmain.o [5]
aPLLDivisionFactorTable
                        0x08016ff4     0x4  Data  Gb  stm32l1xx_hal_rcc.o [1]
aPLLMULFactorTable      0x08016d54     0xc  Data  Gb  stm32l1xx_hal_rcc.o [1]
adcActive               0x20003669     0x1  Data  Gb  adc.o [1]
analytics               0x20003608     0x4  Data  Lc  app_data.o [1]
atoi                    0x08008f2b     0x8  Code  Gb  atoi.o [3]
bffr1Flag               0x20003671     0x1  Data  Lc  usart.o [1]
bglib_input             0x20003610     0x4  Data  Gb  bgm111.o [1]
bglib_output            0x2000360c     0x4  Data  Gb  bgm111.o [1]
bglib_peek              0x20003614     0x4  Data  Gb  bgm111.o [1]
bgm1data                0x20003554    0x28  Data  Lc  usart.o [1]
ble                     0x20002dc0   0x1a0  Data  Lc  bgm111.o [1]
blemsgs                 0x200020c8   0x324  Data  Lc  bgm111.o [1]
ceil                    0x08012185          Code  Gb  ceil.o [4]
ceill                   0x08012185          Code  Gb  ceil.o [4]
clrUsartState           0x08002dfb    0x1c  Code  Gb  usart.o [1]
connection_cnt          0x20003664     0x2  Data  Lc  app_data.o [1]
data                    0x20002958   0x248  Data  Gb  app_data.o [1]
delay_1ms               0x0800a795     0xe  Code  Gb  ErrorCodes.o [1]
digits                  0x0800e7e8    0x28  Data  Lc  xstoul.o [3]
digits                  0x08011e50    0x28  Data  Lc  xstoull.o [3]
div                     0x080119d1     0xe  Code  Gb  div.o [3]
dmul                    0x08012af1    0x52  Code  Lc  xdtento.o [4]
driver_list             0x200035e8     0xc  Data  Lc  app_data.o [1]
errStruct               0x200023ec   0x324  Data  Lc  ErrorCodes.o [1]
exit                    0x080164b7     0x4  Code  Gb  exit.o [3]
fi                      0x2000323c    0x80  Data  Lc  Rd_Sound.o [1]
fix_fft                 0x0800aa61   0x1ac  Code  Gb  fix_fft.o [1]
fr                      0x200031bc    0x80  Data  Lc  Rd_Sound.o [1]
free                    0x0801126d    0x7a  Code  Gb  xxmemxfree.o [3]
fs                      0x200032bc    0x80  Data  Lc  Rd_Sound.o [1]
gecko_cmd_le_gap_set_mode
                        0x08002f49    0x40  Code  Lc  bgm111.o [1]
gecko_cmd_msg           0x2000000c     0x4  Data  Gb  bgm111.o [1]
gecko_get_event         0x0800a591    0x5e  Code  Gb  gecko_bglib.o [1]
gecko_handle_command    0x0800a613    0x30  Code  Gb  gecko_bglib.o [1]
gecko_peek_event        0x0800a5ef     0xa  Code  Gb  gecko_bglib.o [1]
gecko_queue             0x20001150   0xf78  Data  Gb  bgm111.o [1]
gecko_queue_r           0x2000361c     0x4  Data  Gb  bgm111.o [1]
gecko_queue_w           0x20003618     0x4  Data  Gb  bgm111.o [1]
gecko_rsp_msg           0x20000010     0x4  Data  Gb  bgm111.o [1]
gecko_wait_message      0x0800a4b5    0xdc  Code  Gb  gecko_bglib.o [1]
gecko_wait_response     0x0800a5f9    0x1a  Code  Gb  gecko_bglib.o [1]
hadc                    0x2000333c    0x54  Data  Gb  adc.o [1]
hatoi                   0x0800284b    0x58  Code  Gb  parser.o [1]
hdma_adc                0x2000344c    0x38  Data  Gb  adc.o [1]
hi2c1                   0x20003410    0x3c  Data  Gb  i2c.o [1]
hpcd_USB_FS             0x20002ba0   0x220  Data  Gb  usbd_conf.o [1]
htim2                   0x200034bc    0x38  Data  Gb  tim.o [1]
htim3                   0x200034f4    0x38  Data  Gb  tim.o [1]
htim4                   0x20003484    0x38  Data  Gb  stm32l1xx_hal_timebase_TIM.o [1]
huart2                  0x20003390    0x40  Data  Gb  usart.o [1]
huart3                  0x200033d0    0x40  Data  Gb  usart.o [1]
hwwdg                   0x200035c8    0x14  Data  Gb  wwdg.o [1]
isHexNum                0x08002801    0x4a  Code  Gb  parser.o [1]
isalpha                 0x08011c21    0x14  Code  Gb  isxxx.o [3]
isdigit                 0x08008f21     0xa  Code  Gb  isdigit.o [3]
isspace                 0x08011c35    0x14  Code  Gb  isxxx.o [3]
ledOffCnt               0x20000044     0x4  Data  Lc  tim.o [1]
localeconv              0x0801199f    0x16  Code  Gb  localeconv.o [3]
main                    0x08009ae5   0x548  Code  Gb  main.o [1]
malloc                  0x08011129    0xac  Code  Gb  xxmemxmalloc.o [3]
memchr                  0x080110c5          Code  Gb  memchr.o [5]
modf                    0x0800c511          Code  Gb  modf.o [4]
modfl                   0x0800c511          Code  Gb  modf.o [4]
ndigs                   0x0800e810    0x28  Data  Lc  xstoul.o [3]
ndigs                   0x08011e78    0x28  Data  Lc  xstoull.o [3]
osSystickHandler        0x08014f4d    0x10  Code  Gb  cmsis_os.o [1]
pFlash                  0x20003598    0x18  Data  Gb  stm32l1xx_hal_flash.o [1]
pows                    0x08012ca8    0x48  Data  Lc  xdtento.o [4]
prvResetNextTaskUnblockTime
                        0x08014cc5    0x28  Code  Lc  tasks.o [1]
pxCurrentTCB            0x20003628     0x4  Data  Gb  tasks.o [1]
pxDelayedTaskList       0x2000362c     0x4  Data  Lc  tasks.o [1]
pxOverflowDelayedTaskList
                        0x20003630     0x4  Data  Lc  tasks.o [1]
pxReadyTasksLists       0x20003028    0x8c  Data  Lc  tasks.o [1]
round                   0x0800c7a9    0x44  Code  Gb  round.o [4]
sConfig                 0x200035dc     0xc  Data  Gb  adc.o [1]
saveLen                 0x20000048     0x4  Data  Lc  usart.o [1]
sprintf                 0x08003a15    0x34  Code  Gb  sprintf.o [3]
sqrt                    0x0800ad69          Code  Gb  sqrt.o [4]
sqrtl                   0x0800ad69          Code  Gb  sqrt.o [4]
sscanf                  0x08008bd9    0x24  Code  Gb  sscanf.o [3]
strcat                  0x08003a49    0x1c  Code  Gb  strcat.o [3]
strchr                  0x080110ad          Code  Gb  strchr.o [5]
strlen                  0x080029f5          Code  Gb  strlen.o [5]
strncmp                 0x08008c4b    0x2c  Code  Gb  strncmp.o [3]
tolower                 0x080122b1    0x14  Code  Gb  tolower.o [3]
ubSequenceCompleted     0x20003668     0x1  Data  Gb  adc.o [1]
ulPortSetInterruptMask  0x08014d73          Code  Gb  portasm.o [1]
uwTick                  0x20003624     0x4  Data  Lc  stm32l1xx_hal.o [1]
uxListRemove            0x08014de1    0x28  Code  Gb  list.o [1]
uxPendedTicks           0x20003640     0x4  Data  Lc  tasks.o [1]
uxSchedulerSuspended    0x20003650     0x4  Data  Lc  tasks.o [1]
uxTopReadyPriority      0x20003638     0x4  Data  Lc  tasks.o [1]
vListInsertEnd          0x08014dc9    0x18  Code  Gb  list.o [1]
vPortClearInterruptMask
                        0x08014d81          Code  Gb  portasm.o [1]
vPortStartFirstTask     0x08014da7          Code  Gb  portasm.o [1]
vTaskSwitchContext      0x08014c45    0x6c  Code  Gb  tasks.o [1]
wwdg_HardFrames         0x08070000    0x18  Data  Gb  wwdg.o [1]
wwdg_Save               0x2000365c     0x4  Data  Lc  wwdg.o [1]
xNextTaskUnblockTime    0x2000364c     0x4  Data  Lc  tasks.o [1]
xNumOfOverflows         0x20003648     0x4  Data  Lc  tasks.o [1]
xPortSysTickHandler     0x08014f5d    0x1e  Code  Gb  port.o [1]
xSchedulerRunning       0x2000363c     0x4  Data  Lc  tasks.o [1]
xTaskGetSchedulerState  0x08014ced    0x26  Code  Gb  tasks.o [1]
xTaskIncrementTick      0x08014b11   0x134  Code  Gb  tasks.o [1]
xTickCount              0x20003634     0x4  Data  Lc  tasks.o [1]
xYieldPending           0x20003644     0x4  Data  Lc  tasks.o [1]


[1] = D:\GoogleDriveCLT\GoogleDrive\WeatherCloud\Roadboard\Software\Road-Board-December-2016N8\EWARM\Road Brd MSTR Rev L Long Always\Obj
[2] = command line
[3] = dl7M_tlf.a
[4] = m7M_tl.a
[5] = rt7M_tl.a
[6] = shb_l.a

  86 252 bytes of readonly  code memory
   8 232 bytes of readonly  data memory
  13 936 bytes of readwrite data memory (+ 224 absolute)

Errors: none
Warnings: none
