###############################################################################
#
# IAR ELF Linker V7.60.2.11341/W32 for ARM                31/Jul/2017  08:12:39
# Copyright 2007-2016 IAR Systems AB.
#
#    Output file  =  
#        D:\GoogleDriveCLT\GoogleDrive\WeatherCloud\Roadboard\Software\Road-Board-December-2016N8\EWARM\Road
#        Brd MSTR Rev L Long Always\Exe\Road Board Rev K NUCLEO V1.1 Jul 12
#        2016.out
#    Map file     =  
#        D:\GoogleDriveCLT\GoogleDrive\WeatherCloud\Roadboard\Software\Road-Board-December-2016N8\EWARM\Road
#        Brd MSTR Rev L Long Always\List\Road Board Rev K NUCLEO V1.1 Jul 12
#        2016.map
#    Command line =  
#        "D:\GoogleDriveCLT\GoogleDrive\WeatherCloud\Roadboard\Software\Road-Board-December-2016N8\EWARM\Road
#        Brd MSTR Rev L Long Always\Obj\adc.o"
#        "D:\GoogleDriveCLT\GoogleDrive\WeatherCloud\Roadboard\Software\Road-Board-December-2016N8\EWARM\Road
#        Brd MSTR Rev L Long Always\Obj\app_data.o"
#        "D:\GoogleDriveCLT\GoogleDrive\WeatherCloud\Roadboard\Software\Road-Board-December-2016N8\EWARM\Road
#        Brd MSTR Rev L Long Always\Obj\barometer.o"
#        "D:\GoogleDriveCLT\GoogleDrive\WeatherCloud\Roadboard\Software\Road-Board-December-2016N8\EWARM\Road
#        Brd MSTR Rev L Long Always\Obj\bgm111.o"
#        "D:\GoogleDriveCLT\GoogleDrive\WeatherCloud\Roadboard\Software\Road-Board-December-2016N8\EWARM\Road
#        Brd MSTR Rev L Long Always\Obj\Calibration.o"
#        "D:\GoogleDriveCLT\GoogleDrive\WeatherCloud\Roadboard\Software\Road-Board-December-2016N8\EWARM\Road
#        Brd MSTR Rev L Long Always\Obj\cmsis_os.o"
#        "D:\GoogleDriveCLT\GoogleDrive\WeatherCloud\Roadboard\Software\Road-Board-December-2016N8\EWARM\Road
#        Brd MSTR Rev L Long Always\Obj\croutine.o"
#        "D:\GoogleDriveCLT\GoogleDrive\WeatherCloud\Roadboard\Software\Road-Board-December-2016N8\EWARM\Road
#        Brd MSTR Rev L Long Always\Obj\dma.o"
#        "D:\GoogleDriveCLT\GoogleDrive\WeatherCloud\Roadboard\Software\Road-Board-December-2016N8\EWARM\Road
#        Brd MSTR Rev L Long Always\Obj\ErrorCodes.o"
#        "D:\GoogleDriveCLT\GoogleDrive\WeatherCloud\Roadboard\Software\Road-Board-December-2016N8\EWARM\Road
#        Brd MSTR Rev L Long Always\Obj\event_groups.o"
#        "D:\GoogleDriveCLT\GoogleDrive\WeatherCloud\Roadboard\Software\Road-Board-December-2016N8\EWARM\Road
#        Brd MSTR Rev L Long Always\Obj\fix_fft.o"
#        "D:\GoogleDriveCLT\GoogleDrive\WeatherCloud\Roadboard\Software\Road-Board-December-2016N8\EWARM\Road
#        Brd MSTR Rev L Long Always\Obj\Flash.o"
#        "D:\GoogleDriveCLT\GoogleDrive\WeatherCloud\Roadboard\Software\Road-Board-December-2016N8\EWARM\Road
#        Brd MSTR Rev L Long Always\Obj\freertos.o"
#        "D:\GoogleDriveCLT\GoogleDrive\WeatherCloud\Roadboard\Software\Road-Board-December-2016N8\EWARM\Road
#        Brd MSTR Rev L Long Always\Obj\gecko_bglib.o"
#        "D:\GoogleDriveCLT\GoogleDrive\WeatherCloud\Roadboard\Software\Road-Board-December-2016N8\EWARM\Road
#        Brd MSTR Rev L Long Always\Obj\gpio.o"
#        "D:\GoogleDriveCLT\GoogleDrive\WeatherCloud\Roadboard\Software\Road-Board-December-2016N8\EWARM\Road
#        Brd MSTR Rev L Long Always\Obj\GridEye.o"
#        "D:\GoogleDriveCLT\GoogleDrive\WeatherCloud\Roadboard\Software\Road-Board-December-2016N8\EWARM\Road
#        Brd MSTR Rev L Long Always\Obj\heap_4.o"
#        "D:\GoogleDriveCLT\GoogleDrive\WeatherCloud\Roadboard\Software\Road-Board-December-2016N8\EWARM\Road
#        Brd MSTR Rev L Long Always\Obj\Humidity.o"
#        "D:\GoogleDriveCLT\GoogleDrive\WeatherCloud\Roadboard\Software\Road-Board-December-2016N8\EWARM\Road
#        Brd MSTR Rev L Long Always\Obj\i2c.o"
#        "D:\GoogleDriveCLT\GoogleDrive\WeatherCloud\Roadboard\Software\Road-Board-December-2016N8\EWARM\Road
#        Brd MSTR Rev L Long Always\Obj\list.o"
#        "D:\GoogleDriveCLT\GoogleDrive\WeatherCloud\Roadboard\Software\Road-Board-December-2016N8\EWARM\Road
#        Brd MSTR Rev L Long Always\Obj\lps25hb.o"
#        "D:\GoogleDriveCLT\GoogleDrive\WeatherCloud\Roadboard\Software\Road-Board-December-2016N8\EWARM\Road
#        Brd MSTR Rev L Long Always\Obj\main.o"
#        "D:\GoogleDriveCLT\GoogleDrive\WeatherCloud\Roadboard\Software\Road-Board-December-2016N8\EWARM\Road
#        Brd MSTR Rev L Long Always\Obj\parser.o"
#        "D:\GoogleDriveCLT\GoogleDrive\WeatherCloud\Roadboard\Software\Road-Board-December-2016N8\EWARM\Road
#        Brd MSTR Rev L Long Always\Obj\port.o"
#        "D:\GoogleDriveCLT\GoogleDrive\WeatherCloud\Roadboard\Software\Road-Board-December-2016N8\EWARM\Road
#        Brd MSTR Rev L Long Always\Obj\portasm.o"
#        "D:\GoogleDriveCLT\GoogleDrive\WeatherCloud\Roadboard\Software\Road-Board-December-2016N8\EWARM\Road
#        Brd MSTR Rev L Long Always\Obj\queue.o"
#        "D:\GoogleDriveCLT\GoogleDrive\WeatherCloud\Roadboard\Software\Road-Board-December-2016N8\EWARM\Road
#        Brd MSTR Rev L Long Always\Obj\Rd_Sound.o"
#        "D:\GoogleDriveCLT\GoogleDrive\WeatherCloud\Roadboard\Software\Road-Board-December-2016N8\EWARM\Road
#        Brd MSTR Rev L Long Always\Obj\RGBLight.o"
#        "D:\GoogleDriveCLT\GoogleDrive\WeatherCloud\Roadboard\Software\Road-Board-December-2016N8\EWARM\Road
#        Brd MSTR Rev L Long Always\Obj\startup_stm32l152xe.o"
#        "D:\GoogleDriveCLT\GoogleDrive\WeatherCloud\Roadboard\Software\Road-Board-December-2016N8\EWARM\Road
#        Brd MSTR Rev L Long Always\Obj\stm32l1xx_hal.o"
#        "D:\GoogleDriveCLT\GoogleDrive\WeatherCloud\Roadboard\Software\Road-Board-December-2016N8\EWARM\Road
#        Brd MSTR Rev L Long Always\Obj\stm32l1xx_hal_adc.o"
#        "D:\GoogleDriveCLT\GoogleDrive\WeatherCloud\Roadboard\Software\Road-Board-December-2016N8\EWARM\Road
#        Brd MSTR Rev L Long Always\Obj\stm32l1xx_hal_adc_ex.o"
#        "D:\GoogleDriveCLT\GoogleDrive\WeatherCloud\Roadboard\Software\Road-Board-December-2016N8\EWARM\Road
#        Brd MSTR Rev L Long Always\Obj\stm32l1xx_hal_cortex.o"
#        "D:\GoogleDriveCLT\GoogleDrive\WeatherCloud\Roadboard\Software\Road-Board-December-2016N8\EWARM\Road
#        Brd MSTR Rev L Long Always\Obj\stm32l1xx_hal_dma.o"
#        "D:\GoogleDriveCLT\GoogleDrive\WeatherCloud\Roadboard\Software\Road-Board-December-2016N8\EWARM\Road
#        Brd MSTR Rev L Long Always\Obj\stm32l1xx_hal_flash.o"
#        "D:\GoogleDriveCLT\GoogleDrive\WeatherCloud\Roadboard\Software\Road-Board-December-2016N8\EWARM\Road
#        Brd MSTR Rev L Long Always\Obj\stm32l1xx_hal_flash_ex.o"
#        "D:\GoogleDriveCLT\GoogleDrive\WeatherCloud\Roadboard\Software\Road-Board-December-2016N8\EWARM\Road
#        Brd MSTR Rev L Long Always\Obj\stm32l1xx_hal_flash_ramfunc.o"
#        "D:\GoogleDriveCLT\GoogleDrive\WeatherCloud\Roadboard\Software\Road-Board-December-2016N8\EWARM\Road
#        Brd MSTR Rev L Long Always\Obj\stm32l1xx_hal_gpio.o"
#        "D:\GoogleDriveCLT\GoogleDrive\WeatherCloud\Roadboard\Software\Road-Board-December-2016N8\EWARM\Road
#        Brd MSTR Rev L Long Always\Obj\stm32l1xx_hal_i2c.o"
#        "D:\GoogleDriveCLT\GoogleDrive\WeatherCloud\Roadboard\Software\Road-Board-December-2016N8\EWARM\Road
#        Brd MSTR Rev L Long Always\Obj\stm32l1xx_hal_msp.o"
#        "D:\GoogleDriveCLT\GoogleDrive\WeatherCloud\Roadboard\Software\Road-Board-December-2016N8\EWARM\Road
#        Brd MSTR Rev L Long Always\Obj\stm32l1xx_hal_pcd.o"
#        "D:\GoogleDriveCLT\GoogleDrive\WeatherCloud\Roadboard\Software\Road-Board-December-2016N8\EWARM\Road
#        Brd MSTR Rev L Long Always\Obj\stm32l1xx_hal_pcd_ex.o"
#        "D:\GoogleDriveCLT\GoogleDrive\WeatherCloud\Roadboard\Software\Road-Board-December-2016N8\EWARM\Road
#        Brd MSTR Rev L Long Always\Obj\stm32l1xx_hal_pwr.o"
#        "D:\GoogleDriveCLT\GoogleDrive\WeatherCloud\Roadboard\Software\Road-Board-December-2016N8\EWARM\Road
#        Brd MSTR Rev L Long Always\Obj\stm32l1xx_hal_pwr_ex.o"
#        "D:\GoogleDriveCLT\GoogleDrive\WeatherCloud\Roadboard\Software\Road-Board-December-2016N8\EWARM\Road
#        Brd MSTR Rev L Long Always\Obj\stm32l1xx_hal_rcc.o"
#        "D:\GoogleDriveCLT\GoogleDrive\WeatherCloud\Roadboard\Software\Road-Board-December-2016N8\EWARM\Road
#        Brd MSTR Rev L Long Always\Obj\stm32l1xx_hal_rcc_ex.o"
#        "D:\GoogleDriveCLT\GoogleDrive\WeatherCloud\Roadboard\Software\Road-Board-December-2016N8\EWARM\Road
#        Brd MSTR Rev L Long Always\Obj\stm32l1xx_hal_tim.o"
#        "D:\GoogleDriveCLT\GoogleDrive\WeatherCloud\Roadboard\Software\Road-Board-December-2016N8\EWARM\Road
#        Brd MSTR Rev L Long Always\Obj\stm32l1xx_hal_tim_ex.o"
#        "D:\GoogleDriveCLT\GoogleDrive\WeatherCloud\Roadboard\Software\Road-Board-December-2016N8\EWARM\Road
#        Brd MSTR Rev L Long Always\Obj\stm32l1xx_hal_timebase_TIM.o"
#        "D:\GoogleDriveCLT\GoogleDrive\WeatherCloud\Roadboard\Software\Road-Board-December-2016N8\EWARM\Road
#        Brd MSTR Rev L Long Always\Obj\stm32l1xx_hal_uart.o"
#        "D:\GoogleDriveCLT\GoogleDrive\WeatherCloud\Roadboard\Software\Road-Board-December-2016N8\EWARM\Road
#        Brd MSTR Rev L Long Always\Obj\stm32l1xx_hal_wwdg.o"
#        "D:\GoogleDriveCLT\GoogleDrive\WeatherCloud\Roadboard\Software\Road-Board-December-2016N8\EWARM\Road
#        Brd MSTR Rev L Long Always\Obj\stm32l1xx_it.o"
#        "D:\GoogleDriveCLT\GoogleDrive\WeatherCloud\Roadboard\Software\Road-Board-December-2016N8\EWARM\Road
#        Brd MSTR Rev L Long Always\Obj\stm32l1xx_nucleo.o"
#        "D:\GoogleDriveCLT\GoogleDrive\WeatherCloud\Roadboard\Software\Road-Board-December-2016N8\EWARM\Road
#        Brd MSTR Rev L Long Always\Obj\system_stm32l1xx.o"
#        "D:\GoogleDriveCLT\GoogleDrive\WeatherCloud\Roadboard\Software\Road-Board-December-2016N8\EWARM\Road
#        Brd MSTR Rev L Long Always\Obj\tasks.o"
#        "D:\GoogleDriveCLT\GoogleDrive\WeatherCloud\Roadboard\Software\Road-Board-December-2016N8\EWARM\Road
#        Brd MSTR Rev L Long Always\Obj\Temperature.o"
#        "D:\GoogleDriveCLT\GoogleDrive\WeatherCloud\Roadboard\Software\Road-Board-December-2016N8\EWARM\Road
#        Brd MSTR Rev L Long Always\Obj\tim.o"
#        "D:\GoogleDriveCLT\GoogleDrive\WeatherCloud\Roadboard\Software\Road-Board-December-2016N8\EWARM\Road
#        Brd MSTR Rev L Long Always\Obj\timers.o"
#        "D:\GoogleDriveCLT\GoogleDrive\WeatherCloud\Roadboard\Software\Road-Board-December-2016N8\EWARM\Road
#        Brd MSTR Rev L Long Always\Obj\usart.o"
#        "D:\GoogleDriveCLT\GoogleDrive\WeatherCloud\Roadboard\Software\Road-Board-December-2016N8\EWARM\Road
#        Brd MSTR Rev L Long Always\Obj\usb_device.o"
#        "D:\GoogleDriveCLT\GoogleDrive\WeatherCloud\Roadboard\Software\Road-Board-December-2016N8\EWARM\Road
#        Brd MSTR Rev L Long Always\Obj\usbd_cdc.o"
#        "D:\GoogleDriveCLT\GoogleDrive\WeatherCloud\Roadboard\Software\Road-Board-December-2016N8\EWARM\Road
#        Brd MSTR Rev L Long Always\Obj\usbd_cdc_if.o"
#        "D:\GoogleDriveCLT\GoogleDrive\WeatherCloud\Roadboard\Software\Road-Board-December-2016N8\EWARM\Road
#        Brd MSTR Rev L Long Always\Obj\usbd_conf.o"
#        "D:\GoogleDriveCLT\GoogleDrive\WeatherCloud\Roadboard\Software\Road-Board-December-2016N8\EWARM\Road
#        Brd MSTR Rev L Long Always\Obj\usbd_core.o"
#        "D:\GoogleDriveCLT\GoogleDrive\WeatherCloud\Roadboard\Software\Road-Board-December-2016N8\EWARM\Road
#        Brd MSTR Rev L Long Always\Obj\usbd_ctlreq.o"
#        "D:\GoogleDriveCLT\GoogleDrive\WeatherCloud\Roadboard\Software\Road-Board-December-2016N8\EWARM\Road
#        Brd MSTR Rev L Long Always\Obj\usbd_desc.o"
#        "D:\GoogleDriveCLT\GoogleDrive\WeatherCloud\Roadboard\Software\Road-Board-December-2016N8\EWARM\Road
#        Brd MSTR Rev L Long Always\Obj\usbd_ioreq.o"
#        "D:\GoogleDriveCLT\GoogleDrive\WeatherCloud\Roadboard\Software\Road-Board-December-2016N8\EWARM\Road
#        Brd MSTR Rev L Long Always\Obj\VMonitor.o"
#        "D:\GoogleDriveCLT\GoogleDrive\WeatherCloud\Roadboard\Software\Road-Board-December-2016N8\EWARM\Road
#        Brd MSTR Rev L Long Always\Obj\wwdg.o" --redirect _Printf=_PrintfFull
#        --redirect _Scanf=_ScanfFull -o
#        "D:\GoogleDriveCLT\GoogleDrive\WeatherCloud\Roadboard\Software\Road-Board-December-2016N8\EWARM\Road
#        Brd MSTR Rev L Long Always\Exe\Road Board Rev K NUCLEO V1.1 Jul 12
#        2016.out" --map
#        "D:\GoogleDriveCLT\GoogleDrive\WeatherCloud\Roadboard\Software\Road-Board-December-2016N8\EWARM\Road
#        Brd MSTR Rev L Long Always\List\Road Board Rev K NUCLEO V1.1 Jul 12
#        2016.map" --config
#        D:\GoogleDriveCLT\GoogleDrive\WeatherCloud\Roadboard\Software\Road-Board-December-2016N8\EWARM/stm32l152xe_flash.icf
#        --semihosting --entry __iar_program_start --vfe
#
###############################################################################

*******************************************************************************
*** RUNTIME MODEL ATTRIBUTES
***

CppFlavor                     = *
__Heap_Handler                = Basic
__SystemLibrary               = DLib
__dlib_dynamic_initialization = normal


*******************************************************************************
*** PLACEMENT SUMMARY
***

"A1":  place at 0x08000000 { ro section .intvec };
"P1":  place in [from 0x08000000 to 0x0807ffff] { ro };
"P2":  place in [from 0x20000000 to 0x20013fff] { rw, block CSTACK, block HEAP };
initialize by copy { rw };

  Section             Kind        Address     Size  Object
  -------             ----        -------     ----  ------
"A1":                                        0x124
  .intvec             ro code  0x08000000    0x124  startup_stm32l152xe.o [1]
                             - 0x08000124    0x124

"P1":                                      0x17bb0
  .text               ro code  0x08000124   0x2eb4  parser.o [1]
  .text               ro code  0x08002fd8     0x36  strlen.o [5]
  .text               ro code  0x0800300e     0x1e  xsscin.o [3]
  .text               ro code  0x0800302c     0x44  strcpy_unaligned.o [5]
  .text               ro code  0x08003070    0x4bc  usart.o [1]
  .text               ro code  0x0800352c    0x86c  bgm111.o [1]
  .text               ro code  0x08003d98    0x264  Rd_Sound.o [1]
  .text               ro code  0x08003ffc     0x34  sprintf.o [3]
  .text               ro code  0x08004030     0x1c  strcat.o [3]
  .text               ro code  0x0800404c    0x288  barometer.o [1]
  .text               ro code  0x080042d4   0x1068  app_data.o [1]
  .text               ro code  0x0800533c   0x1c3c  GridEye.o [1]
  .text               ro code  0x08006f78    0x8dc  VMonitor.o [1]
  .text               ro code  0x08007854    0xcf8  Humidity.o [1]
  .text               ro code  0x0800854c    0x2cc  Temperature.o [1]
  .text               ro code  0x08008818    0x344  RGBLight.o [1]
  .text               ro code  0x08008b5c    0x1c4  gpio.o [1]
  .text               ro code  0x08008d20    0x4e0  i2c.o [1]
  .text               ro code  0x08009200     0x24  sscanf.o [3]
  .text               ro code  0x08009224     0x4e  FltToDbl.o [4]
  .text               ro code  0x08009272     0x2c  strncmp.o [3]
  .text               ro code  0x0800929e      0xa  xsprout.o [3]
  .text               ro code  0x080092a8    0x140  Calibration.o [1]
  .text               ro code  0x080093e8    0x1b0  stm32l1xx_hal_cortex.o [1]
  .text               ro code  0x08009598      0xa  isdigit.o [3]
  .text               ro code  0x080095a2      0x8  atoi.o [3]
  .text               ro code  0x080095ac    0x194  wwdg.o [1]
  .text               ro code  0x08009740     0x32  I32ToFlt.o [4]
  .text               ro code  0x08009774     0xfc  FltDiv.o [4]
  .text               ro code  0x08009870    0x8ec  stm32l1xx_hal_uart.o [1]
  .text               ro code  0x0800a15c    0x656  main.o [1]
  .text               ro code  0x0800a7b4    0x378  stm32l1xx_hal_gpio.o [1]
  .text               ro code  0x0800ab2c    0x1b0  gecko_bglib.o [1]
  .text               ro code  0x0800acdc    0x13e  ErrorCodes.o [1]
  .text               ro code  0x0800ae1c    0x2bc  adc.o [1]
  .text               ro code  0x0800b0d8    0x1ac  fix_fft.o [1]
  .text               ro code  0x0800b284     0xd8  FltMul.o [4]
  .text               ro code  0x0800b35c     0x84  FltAdd.o [4]
  .text               ro code  0x0800b3e0     0xf0  sqrt.o [4]
  .text               ro code  0x0800b4d0     0x90  DblToFlt.o [4]
  .text               ro code  0x0800b560     0x44  FltToS32.o [4]
  .text               ro code  0x0800b5a4   0x119e  xprintffull.o [3]
  .text               ro code  0x0800c744    0x248  lps25hb.o [1]
  .text               ro code  0x0800c98c    0x1a2  DblMul.o [4]
  .text               ro code  0x0800cb30     0x58  DblToI32.o [4]
  .text               ro code  0x0800cb88     0xb8  modf.o [4]
  .text               ro code  0x0800cc40     0xe8  DblAdd.o [4]
  .text               ro code  0x0800cd28     0x42  strcmp_unaligned.o [5]
  .text               ro code  0x0800cd6c     0x48  stm32l1xx_hal.o [1]
  .text               ro code  0x0800cdb4     0x6c  strncpy_unaligned.o [5]
  .text               ro code  0x0800ce20     0x44  round.o [4]
  .text               ro code  0x0800ce64     0x30  I32ToDbl.o [4]
  .text               ro code  0x0800ce94     0x24  FltCmpGe.o [4]
  .text               ro code  0x0800ceb8   0x1018  stm32l1xx_hal_i2c.o [1]
  .text               ro code  0x0800ded0    0xcf0  xscanffull.o [3]
  .text               ro code  0x0800ebc0    0x158  Flash.o [1]
  .text               ro code  0x0800ed18    0x198  xstoul.o [3]
  .text               ro code  0x0800eeb0     0xd6  stm32l1xx_hal_wwdg.o [1]
  .text               ro code  0x0800ef88    0x24c  tim.o [1]
  .text               ro code  0x0800f1d4    0xcd4  stm32l1xx_hal_rcc.o [1]
  .text               ro code  0x0800fea8     0x30  dma.o [1]
  .text               ro code  0x0800fed8    0x82a  stm32l1xx_hal_adc.o [1]
  .text               ro code  0x08010704    0xefe  stm32l1xx_hal_dma.o [1]
  .text               ro code  0x08011602     0x1c  fix_fft.o [1]
  .text               ro code  0x08011620     0xd6  FltSub.o [4]
  .text               ro code  0x080116f8      0xc  iarEdom.o [5]
  .text               ro code  0x08011704     0x20  xmbtowc.o [3]
  .text               ro code  0x08011724     0x16  strchr.o [5]
  .text               ro code  0x0801173c     0x58  memchr.o [5]
  .text               ro code  0x08011794      0xa  xmbcurmax.o [3]
  .text               ro code  0x080117a0     0xb0  xxmemxmalloc.o [3]
  .text               ro code  0x08011850     0x1a  xwctomb.o [3]
  .text               ro code  0x0801186c     0x76  ABImemcpy_unaligned.o [5]
  .text               ro code  0x080118e4     0x80  xxmemxfree.o [3]
  .text               ro code  0x08011964     0xee  I64DivMod.o [5]
  .text               ro code  0x08011a52     0x44  xdnorm.o [4]
  .text               ro code  0x08011a98     0x2e  DblCmpLe.o [4]
  .text               ro code  0x08011ac8     0x2e  DblCmpGe.o [4]
  .text               ro code  0x08011af8    0x10c  xdscale.o [4]
  .text               ro code  0x08011c04    0x180  DblSub.o [4]
  .text               ro code  0x08011d84    0x256  DblDiv.o [4]
  .text               ro code  0x08011fdc     0x6c  localeconv.o [3]
  .text               ro code  0x08012048      0xe  div.o [3]
  .text               ro code  0x08012058     0x90  stm32l1xx_hal_timebase_TIM.o [1]
  .text               ro code  0x080120e8     0x98  stm32l1xx_hal_msp.o [1]
  .text               ro code  0x08012180     0x5e  ABImemset.o [5]
  .text               ro code  0x080121de     0x7a  xdint.o [4]
  .text               ro code  0x08012258     0x40  xwctob.o [3]
  .text               ro code  0x08012298     0x28  isxxx.o [3]
  .text               ro code  0x080122c0     0xa6  xstoll.o [3]
  .text               ro code  0x08012368    0x1b0  xstoull.o [3]
  .text               ro code  0x08012518    0x14c  xstold.o [4]
  .text               ro code  0x08012664    0x198  stm32l1xx_hal_flash.o [1]
  .text               ro code  0x080127fc     0x5e  ceil.o [4]
  .text               ro code  0x0801285c     0xcc  stm32l1xx_hal_flash_ex.o [1]
  .text               ro code  0x08012928     0x14  tolower.o [3]
  .text               ro code  0x0801293c      0xc  errno.o [3]
  .text               ro code  0x08012948    0x3da  stm32l1xx_hal_tim.o [1]
  .text               ro code  0x08012d22     0x5e  stm32l1xx_hal_tim_ex.o [1]
  .text               ro code  0x08012d80     0x10  stm32l1xx_hal_pwr_ex.o [1]
  .text               ro code  0x08012d90     0x28  setlocale.o [3]
  .text               ro code  0x08012db8     0x60  xencoding_sb.o [3]
  .text               ro code  0x08012e18     0x2c  xgetmemchunk.o [3]
  .text               ro code  0x08012e44      0x2  I64DivZer.o [5]
  .text               ro code  0x08012e46      0x2  xtls.o [3]
  .text               ro code  0x08012e48     0x16  xlocale_c.o [3]
  .text               ro code  0x08012e5e     0x14  xlocale_c.o [3]
  .text               ro code  0x08012e72    0x122  xstopfx.o [3]
  .text               ro code  0x08012f94    0x1d0  xstoflt.o [3]
  .text               ro code  0x08013168    0x200  xdtento.o [4]
  .text               ro code  0x08013368    0x234  xstoxflt.o [3]
  .text               ro code  0x0801359c      0xc  xlocale_c.o [3]
  .text               ro code  0x080135a8     0x20  DblCmpEq.o [4]
  .text               ro code  0x080135c8     0x52  xdunscal.o [4]
  .text               ro code  0x0801361a   0x1074  stm32l1xx_hal_pcd.o [1]
  .text               ro code  0x08014690    0x198  usbd_conf.o [1]
  .text               ro code  0x08014828    0x2c8  usbd_core.o [1]
  .text               ro code  0x08014af0    0x608  usbd_ctlreq.o [1]
  .text               ro code  0x080150f8     0x90  usbd_ioreq.o [1]
  .text               ro code  0x08015188    0x224  tasks.o [1]
  CODE                ro code  0x080153ac     0x94  portasm.o [1]
  .text               ro code  0x08015440     0x40  list.o [1]
  .rodata             const    0x08015480     0xc0  fix_fft.o [1]
  .text               ro code  0x08015540     0x84  stm32l1xx_it.o [1]
  .text               ro code  0x080155c4     0x10  cmsis_os.o [1]
  .text               ro code  0x080155d4     0x24  port.o [1]
  .rodata             const    0x080155f8     0x64  Calibration.o [1]
  .text               ro code  0x0801565c     0x64  system_stm32l1xx.o [1]
  .rodata             const    0x080156c0     0x5c  ErrorCodes.o [1]
  .rodata             const    0x0801571c     0x48  parser.o [1]
  .rodata             const    0x08015764     0x48  parser.o [1]
  .rodata             const    0x080157ac     0x44  parser.o [1]
  .rodata             const    0x080157f0     0x44  parser.o [1]
  .rodata             const    0x08015834     0x44  parser.o [1]
  .rodata             const    0x08015878     0x40  main.o [1]
  .rodata             const    0x080158b8     0x40  main.o [1]
  .rodata             const    0x080158f8     0x40  parser.o [1]
  .rodata             const    0x08015938     0x40  parser.o [1]
  .rodata             const    0x08015978     0x40  parser.o [1]
  .rodata             const    0x080159b8     0x40  parser.o [1]
  .rodata             const    0x080159f8     0x40  parser.o [1]
  .rodata             const    0x08015a38     0x40  parser.o [1]
  .text               ro code  0x08015a78     0x40  zero_init3.o [5]
  .rodata             const    0x08015ab8     0x3c  parser.o [1]
  .rodata             const    0x08015af4     0x3c  parser.o [1]
  .rodata             const    0x08015b30     0x3c  parser.o [1]
  .rodata             const    0x08015b6c     0x3c  parser.o [1]
  .rodata             const    0x08015ba8     0x38  parser.o [1]
  .rodata             const    0x08015be0     0x38  parser.o [1]
  .rodata             const    0x08015c18     0x38  parser.o [1]
  .rodata             const    0x08015c50     0x38  parser.o [1]
  .rodata             const    0x08015c88     0x38  parser.o [1]
  .text               ro code  0x08015cc0     0x38  packbits_init_single.o [5]
  .rodata             const    0x08015cf8     0x34  main.o [1]
  .rodata             const    0x08015d2c     0x34  parser.o [1]
  .rodata             const    0x08015d60     0x34  parser.o [1]
  .rodata             const    0x08015d94     0x34  parser.o [1]
  .rodata             const    0x08015dc8     0x34  parser.o [1]
  .rodata             const    0x08015dfc     0x30  parser.o [1]
  .rodata             const    0x08015e2c     0x30  parser.o [1]
  .rodata             const    0x08015e5c     0x30  parser.o [1]
  .rodata             const    0x08015e8c     0x30  parser.o [1]
  .rodata             const    0x08015ebc     0x30  parser.o [1]
  .rodata             const    0x08015eec     0x30  parser.o [1]
  .rodata             const    0x08015f1c     0x30  parser.o [1]
  .rodata             const    0x08015f4c     0x30  parser.o [1]
  .rodata             const    0x08015f7c     0x2c  main.o [1]
  .rodata             const    0x08015fa8     0x2c  parser.o [1]
  .rodata             const    0x08015fd4     0x2c  parser.o [1]
  .rodata             const    0x08016000     0x2c  parser.o [1]
  .rodata             const    0x0801602c     0x2c  parser.o [1]
  .rodata             const    0x08016058     0x2c  parser.o [1]
  .rodata             const    0x08016084     0x2c  parser.o [1]
  .rodata             const    0x080160b0     0x2c  parser.o [1]
  .rodata             const    0x080160dc     0x2c  parser.o [1]
  .rodata             const    0x08016108     0x2c  parser.o [1]
  .rodata             const    0x08016134     0x2c  parser.o [1]
  .rodata             const    0x08016160     0x28  main.o [1]
  .rodata             const    0x08016188     0x28  main.o [1]
  .rodata             const    0x080161b0     0x28  parser.o [1]
  .rodata             const    0x080161d8     0x28  parser.o [1]
  .rodata             const    0x08016200     0x28  parser.o [1]
  .rodata             const    0x08016228     0x28  parser.o [1]
  .rodata             const    0x08016250     0x28  parser.o [1]
  .rodata             const    0x08016278     0x28  parser.o [1]
  .rodata             const    0x080162a0     0x28  parser.o [1]
  .rodata             const    0x080162c8     0x28  parser.o [1]
  .rodata             const    0x080162f0     0x28  parser.o [1]
  .rodata             const    0x08016318     0x28  parser.o [1]
  .rodata             const    0x08016340     0x28  parser.o [1]
  .rodata             const    0x08016368     0x28  parser.o [1]
  .rodata             const    0x08016390     0x28  parser.o [1]
  .rodata             const    0x080163b8     0x28  parser.o [1]
  .rodata             const    0x080163e0     0x28  parser.o [1]
  .rodata             const    0x08016408     0x28  parser.o [1]
  .rodata             const    0x08016430     0x28  parser.o [1]
  .rodata             const    0x08016458     0x28  parser.o [1]
  .rodata             const    0x08016480     0x28  parser.o [1]
  .rodata             const    0x080164a8     0x28  parser.o [1]
  .rodata             const    0x080164d0     0x28  parser.o [1]
  .rodata             const    0x080164f8     0x28  parser.o [1]
  .rodata             const    0x08016520     0x28  parser.o [1]
  .rodata             const    0x08016548     0x28  parser.o [1]
  .rodata             const    0x08016570     0x28  parser.o [1]
  .rodata             const    0x08016598     0x28  parser.o [1]
  .rodata             const    0x080165c0     0x28  parser.o [1]
  .rodata             const    0x080165e8     0x28  parser.o [1]
  .rodata             const    0x08016610     0x28  parser.o [1]
  .rodata             const    0x08016638     0x28  parser.o [1]
  .text               ro code  0x08016660     0x28  data_init.o [5]
  .rodata             const    0x08016688     0x24  parser.o [1]
  .rodata             const    0x080166ac     0x24  parser.o [1]
  .rodata             const    0x080166d0     0x24  parser.o [1]
  .rodata             const    0x080166f4     0x24  parser.o [1]
  .rodata             const    0x08016718     0x24  parser.o [1]
  .rodata             const    0x0801673c     0x24  parser.o [1]
  .rodata             const    0x08016760     0x24  parser.o [1]
  .rodata             const    0x08016784     0x24  parser.o [1]
  .rodata             const    0x080167a8     0x24  parser.o [1]
  .rodata             const    0x080167cc     0x24  parser.o [1]
  .rodata             const    0x080167f0     0x24  parser.o [1]
  .rodata             const    0x08016814     0x24  parser.o [1]
  .rodata             const    0x08016838     0x24  parser.o [1]
  .rodata             const    0x0801685c     0x24  parser.o [1]
  .iar.init_table     const    0x08016880     0x30  - Linker created -
  .rodata             const    0x080168b0     0x20  app_data.o [1]
  .rodata             const    0x080168d0     0x20  app_data.o [1]
  .rodata             const    0x080168f0     0x20  app_data.o [1]
  .rodata             const    0x08016910     0x20  app_data.o [1]
  .rodata             const    0x08016930     0x20  app_data.o [1]
  .rodata             const    0x08016950     0x20  app_data.o [1]
  .rodata             const    0x08016970     0x20  app_data.o [1]
  .rodata             const    0x08016990     0x20  app_data.o [1]
  .rodata             const    0x080169b0     0x20  app_data.o [1]
  .rodata             const    0x080169d0     0x20  app_data.o [1]
  .rodata             const    0x080169f0     0x20  app_data.o [1]
  .rodata             const    0x08016a10     0x20  app_data.o [1]
  .rodata             const    0x08016a30     0x20  app_data.o [1]
  .rodata             const    0x08016a50     0x20  app_data.o [1]
  .rodata             const    0x08016a70     0x20  app_data.o [1]
  .rodata             const    0x08016a90     0x20  bgm111.o [1]
  .rodata             const    0x08016ab0     0x20  bgm111.o [1]
  .rodata             const    0x08016ad0     0x20  parser.o [1]
  .rodata             const    0x08016af0     0x20  parser.o [1]
  .rodata             const    0x08016b10     0x20  parser.o [1]
  .rodata             const    0x08016b30     0x20  parser.o [1]
  .rodata             const    0x08016b50     0x20  parser.o [1]
  .rodata             const    0x08016b70     0x20  parser.o [1]
  .rodata             const    0x08016b90     0x20  parser.o [1]
  .rodata             const    0x08016bb0     0x20  parser.o [1]
  .rodata             const    0x08016bd0     0x20  parser.o [1]
  .rodata             const    0x08016bf0     0x20  parser.o [1]
  .rodata             const    0x08016c10     0x20  parser.o [1]
  .rodata             const    0x08016c30     0x20  parser.o [1]
  .rodata             const    0x08016c50     0x20  parser.o [1]
  .rodata             const    0x08016c70     0x20  parser.o [1]
  .rodata             const    0x08016c90     0x20  parser.o [1]
  .rodata             const    0x08016cb0     0x20  parser.o [1]
  .rodata             const    0x08016cd0     0x20  parser.o [1]
  .rodata             const    0x08016cf0     0x1c  app_data.o [1]
  .rodata             const    0x08016d0c     0x1c  app_data.o [1]
  .rodata             const    0x08016d28     0x1c  app_data.o [1]
  .rodata             const    0x08016d44     0x1c  app_data.o [1]
  .rodata             const    0x08016d60     0x1c  app_data.o [1]
  .rodata             const    0x08016d7c     0x1c  app_data.o [1]
  .rodata             const    0x08016d98     0x1c  app_data.o [1]
  .rodata             const    0x08016db4     0x1c  app_data.o [1]
  .rodata             const    0x08016dd0     0x1c  app_data.o [1]
  .rodata             const    0x08016dec     0x1c  app_data.o [1]
  .rodata             const    0x08016e08     0x1c  app_data.o [1]
  .rodata             const    0x08016e24     0x1c  app_data.o [1]
  .rodata             const    0x08016e40     0x1c  app_data.o [1]
  .rodata             const    0x08016e5c     0x1c  app_data.o [1]
  .rodata             const    0x08016e78     0x1c  bgm111.o [1]
  .rodata             const    0x08016e94     0x1c  bgm111.o [1]
  .rodata             const    0x08016eb0     0x1c  bgm111.o [1]
  .rodata             const    0x08016ecc     0x1c  ErrorCodes.o [1]
  .rodata             const    0x08016ee8     0x1c  parser.o [1]
  .rodata             const    0x08016f04     0x1c  parser.o [1]
  .rodata             const    0x08016f20     0x1c  parser.o [1]
  .rodata             const    0x08016f3c     0x1c  parser.o [1]
  .rodata             const    0x08016f58     0x1c  parser.o [1]
  .rodata             const    0x08016f74     0x1c  parser.o [1]
  .rodata             const    0x08016f90     0x1c  parser.o [1]
  .text               ro code  0x08016fac     0x1a  cmain.o [5]
  .text               ro code  0x08016fc6      0x4  low_level_init.o [3]
  .text               ro code  0x08016fca      0x4  exit.o [3]
  .text               ro code  0x08016fd0      0xa  cexit.o [5]
  .text               ro code  0x08016fdc     0x14  exit.o [6]
  .rodata             const    0x08016ff0     0x18  app_data.o [1]
  .rodata             const    0x08017008     0x18  bgm111.o [1]
  .rodata             const    0x08017020     0x18  parser.o [1]
  .rodata             const    0x08017038     0x18  parser.o [1]
  .rodata             const    0x08017050     0x18  parser.o [1]
  .rodata             const    0x08017068     0x18  parser.o [1]
  .rodata             const    0x08017080     0x18  parser.o [1]
  .rodata             const    0x08017098     0x18  parser.o [1]
  .rodata             const    0x080170b0     0x18  parser.o [1]
  .rodata             const    0x080170c8     0x18  parser.o [1]
  .rodata             const    0x080170e0     0x18  parser.o [1]
  .rodata             const    0x080170f8     0x18  parser.o [1]
  .rodata             const    0x08017110     0x18  parser.o [1]
  .rodata             const    0x08017128     0x18  parser.o [1]
  .rodata             const    0x08017140     0x18  parser.o [1]
  .rodata             const    0x08017158     0x18  parser.o [1]
  .rodata             const    0x08017170     0x18  parser.o [1]
  .rodata             const    0x08017188     0x18  parser.o [1]
  .rodata             const    0x080171a0     0x18  parser.o [1]
  .rodata             const    0x080171b8     0x18  parser.o [1]
  .rodata             const    0x080171d0     0x18  parser.o [1]
  .rodata             const    0x080171e8     0x18  parser.o [1]
  .rodata             const    0x08017200     0x18  parser.o [1]
  .rodata             const    0x08017218     0x18  parser.o [1]
  .rodata             const    0x08017230     0x18  parser.o [1]
  .rodata             const    0x08017248     0x18  parser.o [1]
  .rodata             const    0x08017260     0x18  parser.o [1]
  .rodata             const    0x08017278     0x18  parser.o [1]
  .rodata             const    0x08017290     0x18  parser.o [1]
  .rodata             const    0x080172a8     0x18  parser.o [1]
  .rodata             const    0x080172c0     0x18  parser.o [1]
  .rodata             const    0x080172d8     0x18  parser.o [1]
  .rodata             const    0x080172f0     0x18  parser.o [1]
  .rodata             const    0x08017308     0x18  parser.o [1]
  .rodata             const    0x08017320     0x18  parser.o [1]
  .rodata             const    0x08017338     0x18  parser.o [1]
  .rodata             const    0x08017350     0x18  parser.o [1]
  .rodata             const    0x08017368     0x18  parser.o [1]
  .rodata             const    0x08017380     0x18  parser.o [1]
  .rodata             const    0x08017398     0x18  parser.o [1]
  .rodata             const    0x080173b0     0x18  parser.o [1]
  .rodata             const    0x080173c8     0x18  parser.o [1]
  .rodata             const    0x080173e0     0x18  parser.o [1]
  .rodata             const    0x080173f8     0x18  parser.o [1]
  .rodata             const    0x08017410     0x18  parser.o [1]
  .rodata             const    0x08017428     0x18  parser.o [1]
  .rodata             const    0x08017440     0x18  parser.o [1]
  .rodata             const    0x08017458     0x18  parser.o [1]
  .rodata             const    0x08017470     0x18  parser.o [1]
  .rodata             const    0x08017488     0x18  parser.o [1]
  .rodata             const    0x080174a0     0x18  parser.o [1]
  .rodata             const    0x080174b8     0x14  app_data.o [1]
  .rodata             const    0x080174cc     0x14  bgm111.o [1]
  .rodata             const    0x080174e0     0x14  bgm111.o [1]
  .rodata             const    0x080174f4     0x14  bgm111.o [1]
  .rodata             const    0x08017508     0x14  bgm111.o [1]
  .rodata             const    0x0801751c     0x14  bgm111.o [1]
  .rodata             const    0x08017530     0x14  Calibration.o [1]
  .rodata             const    0x08017544     0x14  ErrorCodes.o [1]
  .rodata             const    0x08017558     0x14  gpio.o [1]
  .rodata             const    0x0801756c     0x14  parser.o [1]
  .rodata             const    0x08017580     0x14  parser.o [1]
  .rodata             const    0x08017594     0x14  parser.o [1]
  .rodata             const    0x080175a8     0x14  parser.o [1]
  .rodata             const    0x080175bc     0x14  parser.o [1]
  .rodata             const    0x080175d0     0x14  parser.o [1]
  .rodata             const    0x080175e4     0x14  parser.o [1]
  .rodata             const    0x080175f8     0x14  parser.o [1]
  .rodata             const    0x0801760c     0x14  parser.o [1]
  .rodata             const    0x08017620     0x14  parser.o [1]
  .rodata             const    0x08017634     0x14  parser.o [1]
  .rodata             const    0x08017648     0x14  parser.o [1]
  .rodata             const    0x0801765c     0x14  parser.o [1]
  .rodata             const    0x08017670     0x14  parser.o [1]
  .rodata             const    0x08017684     0x10  app_data.o [1]
  .rodata             const    0x08017694     0x10  app_data.o [1]
  .rodata             const    0x080176a4     0x10  bgm111.o [1]
  .rodata             const    0x080176b4     0x10  bgm111.o [1]
  .rodata             const    0x080176c4     0x10  bgm111.o [1]
  .rodata             const    0x080176d4     0x10  bgm111.o [1]
  .rodata             const    0x080176e4     0x10  bgm111.o [1]
  .rodata             const    0x080176f4     0x10  main.o [1]
  .rodata             const    0x08017704     0x10  parser.o [1]
  .rodata             const    0x08017714     0x10  parser.o [1]
  .rodata             const    0x08017724     0x10  parser.o [1]
  .rodata             const    0x08017734     0x10  parser.o [1]
  .rodata             const    0x08017744     0x10  parser.o [1]
  .rodata             const    0x08017754     0x10  system_stm32l1xx.o [1]
  .text               ro code  0x08017764     0x10  startup_stm32l152xe.o [1]
  .rodata             const    0x08017774      0xc  app_data.o [1]
  .rodata             const    0x08017780      0xc  bgm111.o [1]
  .rodata             const    0x0801778c      0xc  bgm111.o [1]
  .rodata             const    0x08017798      0xc  bgm111.o [1]
  .rodata             const    0x080177a4      0xc  bgm111.o [1]
  .rodata             const    0x080177b0      0xc  bgm111.o [1]
  .rodata             const    0x080177bc      0xc  Calibration.o [1]
  .rodata             const    0x080177c8      0xc  Calibration.o [1]
  .rodata             const    0x080177d4      0xc  Calibration.o [1]
  .rodata             const    0x080177e0      0xc  Calibration.o [1]
  .rodata             const    0x080177ec      0xc  Calibration.o [1]
  .rodata             const    0x080177f8      0xc  Calibration.o [1]
  .rodata             const    0x08017804      0xc  Calibration.o [1]
  .rodata             const    0x08017810      0xc  Calibration.o [1]
  .rodata             const    0x0801781c      0xc  Calibration.o [1]
  .rodata             const    0x08017828      0xc  Calibration.o [1]
  .rodata             const    0x08017834      0xc  Calibration.o [1]
  .rodata             const    0x08017840      0xc  Calibration.o [1]
  .rodata             const    0x0801784c      0xc  Calibration.o [1]
  .rodata             const    0x08017858      0xc  Calibration.o [1]
  .rodata             const    0x08017864      0xc  Calibration.o [1]
  .rodata             const    0x08017870      0xc  Calibration.o [1]
  .rodata             const    0x0801787c      0xc  Calibration.o [1]
  .rodata             const    0x08017888      0xc  Calibration.o [1]
  .rodata             const    0x08017894      0xc  Calibration.o [1]
  .rodata             const    0x080178a0      0xc  parser.o [1]
  .rodata             const    0x080178ac      0xc  parser.o [1]
  .rodata             const    0x080178b8      0xc  parser.o [1]
  .rodata             const    0x080178c4      0xc  parser.o [1]
  .rodata             const    0x080178d0      0xc  parser.o [1]
  .rodata             const    0x080178dc      0xc  parser.o [1]
  .rodata             const    0x080178e8      0xc  parser.o [1]
  .rodata             const    0x080178f4      0xc  stm32l1xx_hal_rcc.o [1]
  .text               ro code  0x08017900      0xc  cstartup_M.o [5]
  .rodata             const    0x0801790c      0x8  app_data.o [1]
  .rodata             const    0x08017914      0x8  app_data.o [1]
  .rodata             const    0x0801791c      0x8  app_data.o [1]
  .rodata             const    0x08017924      0x8  app_data.o [1]
  .rodata             const    0x0801792c      0x8  barometer.o [1]
  .rodata             const    0x08017934      0x8  barometer.o [1]
  .rodata             const    0x0801793c      0x8  barometer.o [1]
  .rodata             const    0x08017944      0x8  barometer.o [1]
  .rodata             const    0x0801794c      0x8  barometer.o [1]
  .rodata             const    0x08017954      0x8  bgm111.o [1]
  .rodata             const    0x0801795c      0x8  bgm111.o [1]
  .rodata             const    0x08017964      0x8  bgm111.o [1]
  .rodata             const    0x0801796c      0x8  Calibration.o [1]
  .rodata             const    0x08017974      0x8  Calibration.o [1]
  .rodata             const    0x0801797c      0x8  Calibration.o [1]
  .rodata             const    0x08017984      0x8  Calibration.o [1]
  .rodata             const    0x0801798c      0x8  ErrorCodes.o [1]
  .rodata             const    0x08017994      0x8  ErrorCodes.o [1]
  .rodata             const    0x0801799c      0x8  ErrorCodes.o [1]
  .rodata             const    0x080179a4      0x8  ErrorCodes.o [1]
  .rodata             const    0x080179ac      0x8  ErrorCodes.o [1]
  .rodata             const    0x080179b4      0x8  ErrorCodes.o [1]
  .rodata             const    0x080179bc      0x8  ErrorCodes.o [1]
  .rodata             const    0x080179c4      0x8  ErrorCodes.o [1]
  .rodata             const    0x080179cc      0x8  ErrorCodes.o [1]
  .rodata             const    0x080179d4      0x8  ErrorCodes.o [1]
  .rodata             const    0x080179dc      0x8  ErrorCodes.o [1]
  .rodata             const    0x080179e4      0x8  ErrorCodes.o [1]
  .rodata             const    0x080179ec      0x8  ErrorCodes.o [1]
  .rodata             const    0x080179f4      0x8  ErrorCodes.o [1]
  .rodata             const    0x080179fc      0x8  ErrorCodes.o [1]
  .rodata             const    0x08017a04      0x8  ErrorCodes.o [1]
  .rodata             const    0x08017a0c      0x8  ErrorCodes.o [1]
  .rodata             const    0x08017a14      0x8  ErrorCodes.o [1]
  .rodata             const    0x08017a1c      0x8  ErrorCodes.o [1]
  .rodata             const    0x08017a24      0x8  ErrorCodes.o [1]
  .rodata             const    0x08017a2c      0x8  ErrorCodes.o [1]
  .rodata             const    0x08017a34      0x8  ErrorCodes.o [1]
  .rodata             const    0x08017a3c      0x8  ErrorCodes.o [1]
  .rodata             const    0x08017a44      0x8  GridEye.o [1]
  .rodata             const    0x08017a4c      0x8  GridEye.o [1]
  .rodata             const    0x08017a54      0x8  GridEye.o [1]
  .rodata             const    0x08017a5c      0x8  Humidity.o [1]
  .rodata             const    0x08017a64      0x8  Humidity.o [1]
  .rodata             const    0x08017a6c      0x8  Humidity.o [1]
  .rodata             const    0x08017a74      0x8  Humidity.o [1]
  .rodata             const    0x08017a7c      0x8  main.o [1]
  .rodata             const    0x08017a84      0x8  main.o [1]
  .rodata             const    0x08017a8c      0x8  parser.o [1]
  .rodata             const    0x08017a94      0x8  parser.o [1]
  .rodata             const    0x08017a9c      0x8  parser.o [1]
  .rodata             const    0x08017aa4      0x8  parser.o [1]
  .rodata             const    0x08017aac      0x8  parser.o [1]
  .rodata             const    0x08017ab4      0x8  parser.o [1]
  .rodata             const    0x08017abc      0x8  parser.o [1]
  .rodata             const    0x08017ac4      0x8  parser.o [1]
  .rodata             const    0x08017acc      0x8  parser.o [1]
  .rodata             const    0x08017ad4      0x8  parser.o [1]
  .rodata             const    0x08017adc      0x8  parser.o [1]
  .rodata             const    0x08017ae4      0x8  parser.o [1]
  .rodata             const    0x08017aec      0x8  parser.o [1]
  .rodata             const    0x08017af4      0x8  parser.o [1]
  .rodata             const    0x08017afc      0x8  parser.o [1]
  .rodata             const    0x08017b04      0x8  parser.o [1]
  .rodata             const    0x08017b0c      0x8  parser.o [1]
  .rodata             const    0x08017b14      0x8  parser.o [1]
  .rodata             const    0x08017b1c      0x8  parser.o [1]
  .rodata             const    0x08017b24      0x8  parser.o [1]
  .rodata             const    0x08017b2c      0x8  parser.o [1]
  .rodata             const    0x08017b34      0x8  parser.o [1]
  .rodata             const    0x08017b3c      0x8  parser.o [1]
  .rodata             const    0x08017b44      0x8  parser.o [1]
  .rodata             const    0x08017b4c      0x8  parser.o [1]
  .rodata             const    0x08017b54      0x8  Rd_Sound.o [1]
  .rodata             const    0x08017b5c      0x8  RGBLight.o [1]
  .rodata             const    0x08017b64      0x8  RGBLight.o [1]
  .rodata             const    0x08017b6c      0x8  system_stm32l1xx.o [1]
  .rodata             const    0x08017b74      0x8  Temperature.o [1]
  .rodata             const    0x08017b7c      0x8  Temperature.o [1]
  .rodata             const    0x08017b84      0x8  Temperature.o [1]
  .rodata             const    0x08017b8c      0x8  VMonitor.o [1]
  .rodata             const    0x08017b94      0x8  VMonitor.o [1]
  .rodata             const    0x08017b9c      0x8  VMonitor.o [1]
  .rodata             const    0x08017ba4      0x8  VMonitor.o [1]
  .rodata             const    0x08017bac      0x8  VMonitor.o [1]
  .rodata             const    0x08017bb4      0x4  stm32l1xx_hal_rcc.o [1]
  .text               ro code  0x08017bb8      0x4  startup_stm32l152xe.o [1]
  .text               ro code  0x08017bbc      0x4  startup_stm32l152xe.o [1]
  .text               ro code  0x08017bc0      0x4  startup_stm32l152xe.o [1]
  .text               ro code  0x08017bc4      0x4  startup_stm32l152xe.o [1]
  .text               ro code  0x08017bc8      0x4  startup_stm32l152xe.o [1]
  .text               ro code  0x08017bcc      0x4  startup_stm32l152xe.o [1]
  .text               ro code  0x08017bd0      0x4  startup_stm32l152xe.o [1]
  .text               ro code  0x08017bd4      0x4  startup_stm32l152xe.o [1]
  .text               ro code  0x08017bd8      0x4  startup_stm32l152xe.o [1]
  .text               ro code  0x08017bdc      0x4  startup_stm32l152xe.o [1]
  .text               ro code  0x08017be0      0x4  startup_stm32l152xe.o [1]
  .text               ro code  0x08017be4      0x4  startup_stm32l152xe.o [1]
  .text               ro code  0x08017be8      0x4  startup_stm32l152xe.o [1]
  .text               ro code  0x08017bec      0x4  startup_stm32l152xe.o [1]
  .text               ro code  0x08017bf0      0x4  startup_stm32l152xe.o [1]
  .text               ro code  0x08017bf4      0x4  startup_stm32l152xe.o [1]
  .text               ro code  0x08017bf8      0x4  startup_stm32l152xe.o [1]
  .text               ro code  0x08017bfc      0x4  startup_stm32l152xe.o [1]
  .text               ro code  0x08017c00      0x4  startup_stm32l152xe.o [1]
  .text               ro code  0x08017c04      0x4  startup_stm32l152xe.o [1]
  .text               ro code  0x08017c08      0x4  startup_stm32l152xe.o [1]
  .text               ro code  0x08017c0c      0x4  startup_stm32l152xe.o [1]
  .text               ro code  0x08017c10      0x4  startup_stm32l152xe.o [1]
  .text               ro code  0x08017c14      0x4  startup_stm32l152xe.o [1]
  .text               ro code  0x08017c18      0x4  startup_stm32l152xe.o [1]
  .text               ro code  0x08017c1c      0x4  startup_stm32l152xe.o [1]
  .text               ro code  0x08017c20      0x4  startup_stm32l152xe.o [1]
  .text               ro code  0x08017c24      0x4  startup_stm32l152xe.o [1]
  .text               ro code  0x08017c28      0x4  startup_stm32l152xe.o [1]
  .text               ro code  0x08017c2c      0x4  startup_stm32l152xe.o [1]
  .text               ro code  0x08017c30      0x4  startup_stm32l152xe.o [1]
  .text               ro code  0x08017c34      0x4  startup_stm32l152xe.o [1]
  .text               ro code  0x08017c38      0x4  startup_stm32l152xe.o [1]
  .text               ro code  0x08017c3c      0x4  startup_stm32l152xe.o [1]
  .text               ro code  0x08017c40      0x4  startup_stm32l152xe.o [1]
  .text               ro code  0x08017c44      0x4  startup_stm32l152xe.o [1]
  .text               ro code  0x08017c48      0x4  startup_stm32l152xe.o [1]
  .text               ro code  0x08017c4c      0x4  startup_stm32l152xe.o [1]
  .text               ro code  0x08017c50      0x4  startup_stm32l152xe.o [1]
  .text               ro code  0x08017c54      0x4  startup_stm32l152xe.o [1]
  .text               ro code  0x08017c58      0x4  startup_stm32l152xe.o [1]
  .text               ro code  0x08017c5c      0x4  startup_stm32l152xe.o [1]
  .text               ro code  0x08017c60      0x4  startup_stm32l152xe.o [1]
  .text               ro code  0x08017c64      0x4  startup_stm32l152xe.o [1]
  .text               ro code  0x08017c68      0x4  startup_stm32l152xe.o [1]
  .text               ro code  0x08017c6c      0x4  startup_stm32l152xe.o [1]
  .text               ro code  0x08017c70      0x4  startup_stm32l152xe.o [1]
  .text               ro code  0x08017c74      0x4  startup_stm32l152xe.o [1]
  .text               ro code  0x08017c78      0x4  startup_stm32l152xe.o [1]
  .text               ro code  0x08017c7c      0x4  startup_stm32l152xe.o [1]
  .rodata             const    0x08017c80      0x0  zero_init3.o [5]
  .rodata             const    0x08017c80      0x0  packbits_init_single.o [5]
  Initializer bytes   const    0x08017c80     0x54  <for P2-1>
                             - 0x08017cd4  0x17bb0

Absolute sections, part 1 of 2:               0x18
  .bss                zero     0x08070000     0x18  wwdg.o [1]
                             - 0x08070018     0x18

Absolute sections, part 2 of 2:               0xc8
  .bss                zero     0x08070100     0xc8  Calibration.o [1]
                             - 0x080701c8     0xc8

"P2", part 1 of 3:                           0x14c
  P2-1                         0x20000000    0x14c  <Init block>
    .data             inited   0x20000000      0xc  adc.o [1]
    .data             inited   0x2000000c      0x4  bgm111.o [1]
    .data             inited   0x20000010      0x4  bgm111.o [1]
    .data             inited   0x20000014     0x24  gpio.o [1]
    .data             inited   0x20000038      0x4  system_stm32l1xx.o [1]
    .data             inited   0x2000003c      0x4  tim.o [1]
    .data             inited   0x20000040      0x4  tim.o [1]
    .data             inited   0x20000044      0x4  tim.o [1]
    .data             inited   0x20000048      0x4  usart.o [1]
    __DLIB_PERTHREAD  inited   0x2000004c     0x88  localeconv.o [3]
    __DLIB_PERTHREAD  inited   0x200000d4      0x4  errno.o [3]
    __DLIB_PERTHREAD  inited   0x200000d8     0x74  setlocale.o [3]
                             - 0x2000014c    0x14c

"P2", part 2 of 3:                          0x1000
  CSTACK                       0x20000150   0x1000  <Block>
    CSTACK            uninit   0x20000150   0x1000  <Block tail>
  HEAP                         0x20001150      0x0  <Block>
                             - 0x20001150   0x1000

"P2", part 3 of 3:                          0x2528
  .bss                zero     0x20001150    0xf78  bgm111.o [1]
  .bss                zero     0x200020c8    0x324  bgm111.o [1]
  .bss                zero     0x200023ec    0x324  ErrorCodes.o [1]
  .bss                zero     0x20002710    0x248  app_data.o [1]
  .bss                zero     0x20002958    0x248  app_data.o [1]
  .bss                zero     0x20002ba0    0x220  usbd_conf.o [1]
  .bss                zero     0x20002dc0    0x1a0  bgm111.o [1]
  .bss                zero     0x20002f60     0xc8  Calibration.o [1]
  .bss                zero     0x20003028     0x8c  tasks.o [1]
  .bss                zero     0x200030b4     0x84  bgm111.o [1]
  .bss                zero     0x20003138     0x84  bgm111.o [1]
  .bss                zero     0x200031bc     0x80  Rd_Sound.o [1]
  .bss                zero     0x2000323c     0x80  Rd_Sound.o [1]
  .bss                zero     0x200032bc     0x80  Rd_Sound.o [1]
  .bss                zero     0x2000333c     0x54  adc.o [1]
  .bss                zero     0x20003390     0x40  usart.o [1]
  .bss                zero     0x200033d0     0x40  usart.o [1]
  .bss                zero     0x20003410     0x3c  i2c.o [1]
  .bss                zero     0x2000344c     0x38  adc.o [1]
  .bss                zero     0x20003484     0x38  stm32l1xx_hal_timebase_TIM.o [1]
  .bss                zero     0x200034bc     0x38  tim.o [1]
  .bss                zero     0x200034f4     0x38  tim.o [1]
  .bss                zero     0x2000352c     0x28  bgm111.o [1]
  .bss                zero     0x20003554     0x28  usart.o [1]
  .bss                zero     0x2000357c     0x1c  Flash.o [1]
  .bss                zero     0x20003598     0x18  stm32l1xx_hal_flash.o [1]
  .bss                zero     0x200035b0     0x18  wwdg.o [1]
  .bss                zero     0x200035c8     0x14  wwdg.o [1]
  .bss                zero     0x200035dc      0xc  adc.o [1]
  .bss                zero     0x200035e8      0xc  app_data.o [1]
  .bss                zero     0x200035f4      0xc  Flash.o [1]
  .bss                zero     0x20003600      0x8  app_data.o [1]
  .bss                zero     0x20003608      0x8  xxmemxmalloc.o [3]
  .bss                zero     0x20003610      0x4  bgm111.o [1]
  .bss                zero     0x20003614      0x4  bgm111.o [1]
  .bss                zero     0x20003618      0x4  bgm111.o [1]
  .bss                zero     0x2000361c      0x4  bgm111.o [1]
  .bss                zero     0x20003620      0x4  bgm111.o [1]
  .bss                zero     0x20003624      0x4  Flash.o [1]
  .bss                zero     0x20003628      0x4  stm32l1xx_hal.o [1]
  .bss                zero     0x2000362c      0x4  tasks.o [1]
  .bss                zero     0x20003630      0x4  tasks.o [1]
  .bss                zero     0x20003634      0x4  tasks.o [1]
  .bss                zero     0x20003638      0x4  tasks.o [1]
  .bss                zero     0x2000363c      0x4  tasks.o [1]
  .bss                zero     0x20003640      0x4  tasks.o [1]
  .bss                zero     0x20003644      0x4  tasks.o [1]
  .bss                zero     0x20003648      0x4  tasks.o [1]
  .bss                zero     0x2000364c      0x4  tasks.o [1]
  .bss                zero     0x20003650      0x4  tasks.o [1]
  .bss                zero     0x20003654      0x4  tasks.o [1]
  .bss                zero     0x20003658      0x4  usart.o [1]
  .bss                zero     0x2000365c      0x4  usart.o [1]
  .bss                zero     0x20003660      0x4  wwdg.o [1]
  .bss                zero     0x20003664      0x4  xgetmemchunk.o [3]
  .bss                zero     0x20003668      0x2  app_data.o [1]
  .bss                zero     0x2000366a      0x2  app_data.o [1]
  .bss                zero     0x2000366c      0x1  adc.o [1]
  .bss                zero     0x2000366d      0x1  adc.o [1]
  .bss                zero     0x2000366e      0x1  adc.o [1]
  .bss                zero     0x2000366f      0x1  bgm111.o [1]
  .bss                zero     0x20003670      0x1  parser.o [1]
  .bss                zero     0x20003671      0x1  tim.o [1]
  .bss                zero     0x20003672      0x1  tim.o [1]
  .bss                zero     0x20003673      0x1  usart.o [1]
  .bss                zero     0x20003674      0x1  usart.o [1]
  .bss                zero     0x20003675      0x1  usart.o [1]
  .bss                zero     0x20003676      0x1  usbd_ctlreq.o [1]
  .bss                zero     0x20003677      0x1  wwdg.o [1]
                             - 0x20003678   0x2528


*******************************************************************************
*** INIT TABLE
***

          Address     Size
          -------     ----
Zero (__iar_zero_init3)
    3 destination ranges, total size 0x2608:
          0x08070000    0x18
          0x08070100    0xc8
          0x20001150  0x2528

Copy/packbits (__iar_packbits_init_single3)
    1 source range, total size 0x54 (25% of destination):
          0x08017c80    0x54
    1 destination range, total size 0x14c:
          0x20000000   0x14c



*******************************************************************************
*** MODULE SUMMARY
***

    Module                        ro code  ro data  rw data  rw data
                                                              (abs)
    ------                        -------  -------  -------  -------
D:\GoogleDriveCLT\GoogleDrive\WeatherCloud\Roadboard\Software\Road-Board-December-2016N8\EWARM\Road Brd MSTR Rev L Long Always\Obj: [1]
    Calibration.o                     320      380      200      200
    ErrorCodes.o                      318      324      804
    Flash.o                           344                44
    GridEye.o                       7 228       24
    Humidity.o                      3 320       32
    RGBLight.o                        836       16
    Rd_Sound.o                        612        8      384
    Temperature.o                     716       24
    VMonitor.o                      2 268       40
    adc.o                             700        3      167
    app_data.o                      4 200      992    1 192
    barometer.o                       648       40
    bgm111.o                        2 156      438    5 513
    cmsis_os.o                         16
    dma.o                              48
    fix_fft.o                         456      192
    gecko_bglib.o                     432
    gpio.o                            452       29       36
    i2c.o                           1 248                60
    list.o                             64
    lps25hb.o                         584
    main.o                          1 622      336
    parser.o                       11 956    6 548        1
    port.o                             36
    portasm.o                         148
    startup_stm32l152xe.o             508
    stm32l1xx_hal.o                    72                 4
    stm32l1xx_hal_adc.o             2 090
    stm32l1xx_hal_cortex.o            432
    stm32l1xx_hal_dma.o             3 838
    stm32l1xx_hal_flash.o             408                24
    stm32l1xx_hal_flash_ex.o          204
    stm32l1xx_hal_gpio.o              888
    stm32l1xx_hal_i2c.o             4 120
    stm32l1xx_hal_msp.o               152
    stm32l1xx_hal_pcd.o             4 212
    stm32l1xx_hal_pwr_ex.o             16
    stm32l1xx_hal_rcc.o             3 284       16
    stm32l1xx_hal_tim.o               986
    stm32l1xx_hal_tim_ex.o             94
    stm32l1xx_hal_timebase_TIM.o      144                56
    stm32l1xx_hal_uart.o            2 284
    stm32l1xx_hal_wwdg.o              214
    stm32l1xx_it.o                    132
    system_stm32l1xx.o                100       25        4
    tasks.o                           548               184
    tim.o                             588        3      126
    usart.o                         1 212        1      183
    usbd_conf.o                       408               544
    usbd_core.o                       712
    usbd_ctlreq.o                   1 544                 1
    usbd_ioreq.o                      144
    wwdg.o                            404                49       24
    ----------------------------------------------------------------
    Total:                         70 466    9 471    9 576      224

command line: [2]
    ----------------------------------------------------------------
    Total:

dl7M_tlf.a: [3]
    atoi.o                              8
    div.o                              14
    errno.o                            12        1        4
    exit.o                              4
    isdigit.o                          10
    isxxx.o                            40
    localeconv.o                      108       34      136
    low_level_init.o                    4
    setlocale.o                        40       30      116
    sprintf.o                          52
    sscanf.o                           36
    strcat.o                           28
    strncmp.o                          44
    tolower.o                          20
    xencoding_sb.o                     96
    xgetmemchunk.o                     44                 4
    xlocale_c.o                        54
    xmbcurmax.o                        10
    xmbtowc.o                          32
    xprintffull.o                   4 510
    xscanffull.o                    3 312
    xsprout.o                          10
    xsscin.o                           30
    xstoflt.o                         464
    xstoll.o                          166
    xstopfx.o                         290
    xstoul.o                          408
    xstoull.o                         432
    xstoxflt.o                        564
    xtls.o                              2
    xwctob.o                           64
    xwctomb.o                          26
    xxmemxfree.o                      128
    xxmemxmalloc.o                    176                 8
    ----------------------------------------------------------------
    Total:                         11 238       65      268

m7M_tl.a: [4]
    DblAdd.o                          232
    DblCmpEq.o                         32
    DblCmpGe.o                         46
    DblCmpLe.o                         46
    DblDiv.o                          598
    DblMul.o                          418
    DblSub.o                          384
    DblToFlt.o                        144
    DblToI32.o                         88
    FltAdd.o                          132
    FltCmpGe.o                         36
    FltDiv.o                          252
    FltMul.o                          216
    FltSub.o                          214
    FltToDbl.o                         78
    FltToS32.o                         68
    I32ToDbl.o                         48
    I32ToFlt.o                         50
    ceil.o                             94
    modf.o                            184
    round.o                            68
    sqrt.o                            240
    xdint.o                           122
    xdnorm.o                           68
    xdscale.o                         268
    xdtento.o                         512
    xdunscal.o                         82
    xstold.o                          332
    ----------------------------------------------------------------
    Total:                          5 052

rt7M_tl.a: [5]
    ABImemcpy_unaligned.o             118
    ABImemset.o                        94
    I64DivMod.o                       238
    I64DivZer.o                         2
    cexit.o                            10
    cmain.o                            26
    cstartup_M.o                       12
    data_init.o                        40
    iarEdom.o                          12
    memchr.o                           88
    packbits_init_single.o             56
    strchr.o                           22
    strcmp_unaligned.o                 66
    strcpy_unaligned.o                 68
    strlen.o                           54
    strncpy_unaligned.o               108
    zero_init3.o                       64
    ----------------------------------------------------------------
    Total:                          1 078

shb_l.a: [6]
    exit.o                             20
    ----------------------------------------------------------------
    Total:                             20

    Gaps                               54
    Linker created                              48    4 096
--------------------------------------------------------------------
    Grand Total:                   87 908    9 584   13 940      224


*******************************************************************************
*** ENTRY LIST
***

Entry                      Address    Size  Type      Object
-----                      -------    ----  ----      ------
.iar.init_table$$Base   0x08016880           --   Gb  - Linker created -
.iar.init_table$$Limit  0x080168b0           --   Gb  - Linker created -
?main                   0x08016fad          Code  Gb  cmain.o [5]
ADC_Channel             0x2000366e     0x1  Data  Lc  adc.o [1]
ADC_Config              0x0800af53    0xbe  Code  Gb  adc.o [1]
ADC_ConversionStop_Disable
                        0x08010619    0x4a  Code  Gb  stm32l1xx_hal_adc.o [1]
ADC_DMAConvCplt         0x08010665    0x6e  Code  Lc  stm32l1xx_hal_adc.o [1]
ADC_DMAError            0x080106e5    0x1e  Code  Lc  stm32l1xx_hal_adc.o [1]
ADC_DMAHalfConvCplt     0x080106d5     0xe  Code  Lc  stm32l1xx_hal_adc.o [1]
ADC_Enable              0x0801057b    0x72  Code  Gb  stm32l1xx_hal_adc.o [1]
AHBPrescTable           0x08017754    0x10  Data  Gb  system_stm32l1xx.o [1]
APBPrescTable           0x08017b6c     0x8  Data  Gb  system_stm32l1xx.o [1]
BGM111_Connected        0x08003875     0xa  Code  Gb  bgm111.o [1]
BGM111_DataConnected    0x0800387f     0xa  Code  Gb  bgm111.o [1]
BGM111_GetTackState     0x0800394f     0xa  Code  Gb  bgm111.o [1]
BGM111_Init             0x0800362b    0x32  Code  Gb  bgm111.o [1]
BGM111_LowLevel_Init    0x0800356d    0x48  Code  Gb  bgm111.o [1]
BGM111_Peek             0x08003621     0xa  Code  Gb  bgm111.o [1]
BGM111_ProcessInput     0x0800365d   0x20e  Code  Gb  bgm111.o [1]
BGM111_Ready            0x0800386b     0xa  Code  Gb  bgm111.o [1]
BGM111_Receive          0x080035c3    0x5e  Code  Gb  bgm111.o [1]
BGM111_SetSyncFlg       0x0800392f     0xa  Code  Gb  bgm111.o [1]
BGM111_SetTackState     0x08003959     0xa  Code  Gb  bgm111.o [1]
BGM111_SyncModeTest     0x08003889    0x82  Code  Gb  bgm111.o [1]
BGM111_SyncModeTestNoInc
                        0x0800390b    0x24  Code  Gb  bgm111.o [1]
BGM111_Transmit         0x080039fd   0x11e  Code  Gb  bgm111.o [1]
BGM111_UART_IRQHandler  0x08003963    0x90  Code  Gb  bgm111.o [1]
BGM111_cntrlSetSyncFlg  0x08003939    0x16  Code  Gb  bgm111.o [1]
Bypass                  0x20003670     0x1  Data  Lc  parser.o [1]
CSTACK$$Base            0x20000150           --   Gb  - Linker created -
CSTACK$$Limit           0x20001150           --   Gb  - Linker created -
Cal_Save_Frames         0x20002f60    0xc8  Data  Lc  Calibration.o [1]
Calibration_HardFrames  0x08070100    0xc8  Data  Gb  Calibration.o [1]
Clear_Timer2_Flg        0x0800f0f1     0x8  Code  Gb  tim.o [1]
ClrAnalyticsRepeat      0x080051f9     0x8  Code  Gb  app_data.o [1]
ClrDataStructure        0x08004301    0xe0  Code  Gb  app_data.o [1]
Clr_HeartBeat           0x080051f1     0x8  Code  Gb  app_data.o [1]
Clr_HrtBeat_Cnt         0x080051d7     0x8  Code  Gb  app_data.o [1]
CodesArray              0x080156c0    0x5c  Data  Gb  ErrorCodes.o [1]
DMA1_Channel1_IRQHandler
                        0x08015549     0xa  Code  Gb  stm32l1xx_it.o [1]
DMA_SetConfig           0x080115e1    0x22  Code  Lc  stm32l1xx_hal_dma.o [1]
Error_Handler           0x0800a785    0x2e  Code  Gb  main.o [1]
FIX_MPY                 0x08011603    0x1c  Code  Gb  fix_fft.o [1]
FLASH_PageErase         0x080128f7    0x28  Code  Gb  stm32l1xx_hal_flash_ex.o [1]
FLASH_SetErrorCode      0x0801276b    0x6a  Code  Lc  stm32l1xx_hal_flash.o [1]
FLASH_WaitForLastOperation
                        0x08012707    0x64  Code  Gb  stm32l1xx_hal_flash.o [1]
Get_DriverStates        0x080050c5    0x66  Code  Gb  app_data.o [1]
Get_DriverStatus        0x08005151    0x86  Code  Gb  app_data.o [1]
HAL_ADC_ConfigChannel   0x08010395   0x1e6  Code  Gb  stm32l1xx_hal_adc.o [1]
HAL_ADC_ConvCpltCallback
                        0x0800b08f     0xe  Code  Gb  adc.o [1]
HAL_ADC_ConvHalfCpltCallback
                        0x0800b0cd     0x2  Code  Gb  adc.o [1]
HAL_ADC_DeInit          0x0801009f   0x134  Code  Gb  stm32l1xx_hal_adc.o [1]
HAL_ADC_ErrorCallback   0x0800b0cf     0xa  Code  Gb  adc.o [1]
HAL_ADC_Init            0x0800fed9   0x1c6  Code  Gb  stm32l1xx_hal_adc.o [1]
HAL_ADC_MspDeInit       0x0800af2b    0x28  Code  Gb  adc.o [1]
HAL_ADC_MspInit         0x0800aea5    0x86  Code  Gb  adc.o [1]
HAL_ADC_Start           0x080101d3    0x88  Code  Gb  stm32l1xx_hal_adc.o [1]
HAL_ADC_Start_DMA       0x0801025b    0xcc  Code  Gb  stm32l1xx_hal_adc.o [1]
HAL_ADC_Stop_DMA        0x08010327    0x6e  Code  Gb  stm32l1xx_hal_adc.o [1]
HAL_DMA_Abort           0x08010c3f    0x54  Code  Gb  stm32l1xx_hal_dma.o [1]
HAL_DMA_DeInit          0x0801075d   0x43e  Code  Gb  stm32l1xx_hal_dma.o [1]
HAL_DMA_IRQHandler      0x08010c99   0x906  Code  Gb  stm32l1xx_hal_dma.o [1]
HAL_DMA_Init            0x08010705    0x58  Code  Gb  stm32l1xx_hal_dma.o [1]
HAL_DMA_Start_IT        0x08010bd1    0x6e  Code  Gb  stm32l1xx_hal_dma.o [1]
HAL_Delay               0x0800cd95    0x1a  Code  Wk  stm32l1xx_hal.o [1]
HAL_FLASHEx_Erase       0x0801285d    0x9a  Code  Gb  stm32l1xx_hal_flash_ex.o [1]
HAL_FLASH_GetError      0x08012701     0x6  Code  Gb  stm32l1xx_hal_flash.o [1]
HAL_FLASH_Lock          0x080126f1    0x10  Code  Gb  stm32l1xx_hal_flash.o [1]
HAL_FLASH_Program       0x08012665    0x5c  Code  Gb  stm32l1xx_hal_flash.o [1]
HAL_FLASH_Unlock        0x080126c1    0x30  Code  Gb  stm32l1xx_hal_flash.o [1]
HAL_GPIO_DeInit         0x0800a987   0x13c  Code  Gb  stm32l1xx_hal_gpio.o [1]
HAL_GPIO_Init           0x0800a7b5   0x1d2  Code  Gb  stm32l1xx_hal_gpio.o [1]
HAL_GPIO_ReadPin        0x0800aac3    0x18  Code  Gb  stm32l1xx_hal_gpio.o [1]
HAL_GPIO_TogglePin      0x0800aaef     0xa  Code  Gb  stm32l1xx_hal_gpio.o [1]
HAL_GPIO_WritePin       0x0800aadb    0x14  Code  Gb  stm32l1xx_hal_gpio.o [1]
HAL_GetTick             0x0800cd8f     0x6  Code  Wk  stm32l1xx_hal.o [1]
HAL_I2C_ER_IRQHandler   0x0800d73d    0xce  Code  Gb  stm32l1xx_hal_i2c.o [1]
HAL_I2C_EV_IRQHandler   0x0800d609   0x134  Code  Gb  stm32l1xx_hal_i2c.o [1]
HAL_I2C_ErrorCallback   0x0800d817     0x2  Code  Wk  stm32l1xx_hal_i2c.o [1]
HAL_I2C_GetError        0x0800d81f     0x4  Code  Gb  stm32l1xx_hal_i2c.o [1]
HAL_I2C_GetState        0x0800d819     0x6  Code  Gb  stm32l1xx_hal_i2c.o [1]
HAL_I2C_Init            0x0800ceb9   0x172  Code  Gb  stm32l1xx_hal_i2c.o [1]
HAL_I2C_MasterRxCpltCallback
                        0x0800d80d     0x2  Code  Wk  stm32l1xx_hal_i2c.o [1]
HAL_I2C_MasterTxCpltCallback
                        0x0800d80b     0x2  Code  Wk  stm32l1xx_hal_i2c.o [1]
HAL_I2C_Master_Receive  0x0800d163   0x256  Code  Gb  stm32l1xx_hal_i2c.o [1]
HAL_I2C_Master_Receive_IT
                        0x0800d49f   0x14e  Code  Gb  stm32l1xx_hal_i2c.o [1]
HAL_I2C_Master_Transmit
                        0x0800d02b   0x138  Code  Gb  stm32l1xx_hal_i2c.o [1]
HAL_I2C_Master_Transmit_IT
                        0x0800d3b9    0xe6  Code  Gb  stm32l1xx_hal_i2c.o [1]
HAL_I2C_MemRxCpltCallback
                        0x0800d815     0x2  Code  Wk  stm32l1xx_hal_i2c.o [1]
HAL_I2C_MemTxCpltCallback
                        0x0800d813     0x2  Code  Wk  stm32l1xx_hal_i2c.o [1]
HAL_I2C_MspInit         0x08008d83    0x50  Code  Gb  i2c.o [1]
HAL_I2C_SlaveRxCpltCallback
                        0x0800d811     0x2  Code  Wk  stm32l1xx_hal_i2c.o [1]
HAL_I2C_SlaveTxCpltCallback
                        0x0800d80f     0x2  Code  Wk  stm32l1xx_hal_i2c.o [1]
HAL_IncTick             0x0800cd83     0xc  Code  Wk  stm32l1xx_hal.o [1]
HAL_Init                0x0800cd6d    0x16  Code  Gb  stm32l1xx_hal.o [1]
HAL_InitTick            0x08012059    0x80  Code  Gb  stm32l1xx_hal_timebase_TIM.o [1]
HAL_MspInit             0x080120e9    0x98  Code  Gb  stm32l1xx_hal_msp.o [1]
HAL_NVIC_DisableIRQ     0x08009529     0xe  Code  Gb  stm32l1xx_hal_cortex.o [1]
HAL_NVIC_EnableIRQ      0x0800951b     0xe  Code  Gb  stm32l1xx_hal_cortex.o [1]
HAL_NVIC_SetPriority    0x080094f5    0x26  Code  Gb  stm32l1xx_hal_cortex.o [1]
HAL_NVIC_SetPriorityGrouping
                        0x080094e9     0xc  Code  Gb  stm32l1xx_hal_cortex.o [1]
HAL_NVIC_SystemReset    0x08009537     0x8  Code  Gb  stm32l1xx_hal_cortex.o [1]
HAL_PCD_DataInStageCallback
                        0x080146c9    0x20  Code  Gb  usbd_conf.o [1]
HAL_PCD_DataOutStageCallback
                        0x080146a7    0x22  Code  Gb  usbd_conf.o [1]
HAL_PCD_EP_ClrStall     0x08014585   0x10a  Code  Gb  stm32l1xx_hal_pcd.o [1]
HAL_PCD_EP_Open         0x08013c37   0x476  Code  Gb  stm32l1xx_hal_pcd.o [1]
HAL_PCD_EP_Receive      0x080140ad   0x1ac  Code  Gb  stm32l1xx_hal_pcd.o [1]
HAL_PCD_EP_SetStall     0x080144a7    0xde  Code  Gb  stm32l1xx_hal_pcd.o [1]
HAL_PCD_EP_Transmit     0x08014259   0x24e  Code  Gb  stm32l1xx_hal_pcd.o [1]
HAL_PCD_IRQHandler      0x08013ac1   0x144  Code  Gb  stm32l1xx_hal_pcd.o [1]
HAL_PCD_ResetCallback   0x080146f7    0x2c  Code  Gb  usbd_conf.o [1]
HAL_PCD_ResumeCallback  0x08014743     0xe  Code  Gb  usbd_conf.o [1]
HAL_PCD_SOFCallback     0x080146e9     0xe  Code  Gb  usbd_conf.o [1]
HAL_PCD_SetAddress      0x08013c05    0x32  Code  Gb  stm32l1xx_hal_pcd.o [1]
HAL_PCD_SetupStageCallback
                        0x08014691    0x16  Code  Gb  usbd_conf.o [1]
HAL_PCD_SuspendCallback
                        0x08014723    0x20  Code  Gb  usbd_conf.o [1]
HAL_PWREx_GetVoltageRange
                        0x08012d81     0xa  Code  Gb  stm32l1xx_hal_pwr_ex.o [1]
HAL_RCC_ClockConfig     0x0800f9ff   0x2a0  Code  Gb  stm32l1xx_hal_rcc.o [1]
HAL_RCC_GetClockConfig  0x0800fda5    0x3a  Code  Gb  stm32l1xx_hal_rcc.o [1]
HAL_RCC_GetHCLKFreq     0x0800fd49     0x6  Code  Gb  stm32l1xx_hal_rcc.o [1]
HAL_RCC_GetPCLK1Freq    0x0800fd4f    0x20  Code  Gb  stm32l1xx_hal_rcc.o [1]
HAL_RCC_GetPCLK2Freq    0x0800fd6f    0x20  Code  Gb  stm32l1xx_hal_rcc.o [1]
HAL_RCC_GetSysClockFreq
                        0x0800fc9f    0xaa  Code  Gb  stm32l1xx_hal_rcc.o [1]
HAL_RCC_OscConfig       0x0800f1d5   0x82a  Code  Gb  stm32l1xx_hal_rcc.o [1]
HAL_SYSTICK_CLKSourceConfig
                        0x0800954b    0x22  Code  Gb  stm32l1xx_hal_cortex.o [1]
HAL_SYSTICK_Config      0x0800953f     0xc  Code  Gb  stm32l1xx_hal_cortex.o [1]
HAL_TIMEx_MasterConfigSynchronization
                        0x08012d23    0x5e  Code  Gb  stm32l1xx_hal_tim_ex.o [1]
HAL_TIM_Base_Init       0x08012949    0x38  Code  Gb  stm32l1xx_hal_tim.o [1]
HAL_TIM_Base_MspInit    0x0800f053    0x48  Code  Gb  tim.o [1]
HAL_TIM_Base_Start_IT   0x08012981    0x1e  Code  Gb  stm32l1xx_hal_tim.o [1]
HAL_TIM_ConfigClockSource
                        0x08012ad9   0x122  Code  Gb  stm32l1xx_hal_tim.o [1]
HAL_TIM_IC_CaptureCallback
                        0x08012bfd     0x2  Code  Wk  stm32l1xx_hal_tim.o [1]
HAL_TIM_IRQHandler      0x0801299f   0x13a  Code  Gb  stm32l1xx_hal_tim.o [1]
HAL_TIM_OC_DelayElapsedCallback
                        0x08012bfb     0x2  Code  Wk  stm32l1xx_hal_tim.o [1]
HAL_TIM_PWM_PulseFinishedCallback
                        0x08012bff     0x2  Code  Wk  stm32l1xx_hal_tim.o [1]
HAL_TIM_PeriodElapsedCallback
                        0x0800f09b    0x56  Code  Gb  tim.o [1]
HAL_TIM_StartTimer2     0x0800f161    0x22  Code  Gb  tim.o [1]
HAL_TIM_StartTimer3     0x0800f183    0x12  Code  Gb  tim.o [1]
HAL_TIM_TriggerCallback
                        0x08012c01     0x2  Code  Wk  stm32l1xx_hal_tim.o [1]
HAL_UART_EnableBGM_RX   0x080034bf    0x32  Code  Gb  usart.o [1]
HAL_UART_EnableBGM_TXE  0x080034ad    0x12  Code  Gb  usart.o [1]
HAL_UART_ErrorCallback  0x080034ab     0x2  Code  Gb  usart.o [1]
HAL_UART_IRQHandler     0x08009ad7   0x11a  Code  Gb  stm32l1xx_hal_uart.o [1]
HAL_UART_Init           0x08009871    0x72  Code  Gb  stm32l1xx_hal_uart.o [1]
HAL_UART_MspInit        0x08003123    0xba  Code  Gb  usart.o [1]
HAL_UART_Receive_IT     0x08009a4f    0x88  Code  Gb  stm32l1xx_hal_uart.o [1]
HAL_UART_RxCpltCallback
                        0x080033fb    0xb0  Code  Gb  usart.o [1]
HAL_UART_RxCpltCallback::len
                        0x2000365c     0x4  Data  Lc  usart.o [1]
HAL_UART_RxCpltCallback::temp_ptr
                        0x20003658     0x4  Data  Lc  usart.o [1]
HAL_UART_Transmit       0x080098e3    0xfc  Code  Gb  stm32l1xx_hal_uart.o [1]
HAL_UART_Transmit_IT    0x080099df    0x70  Code  Gb  stm32l1xx_hal_uart.o [1]
HAL_UART_TxCpltCallback
                        0x080033bf    0x20  Code  Gb  usart.o [1]
HAL_WWDG_IRQHandler     0x0800ef5b    0x2c  Code  Gb  stm32l1xx_hal_wwdg.o [1]
HAL_WWDG_Init           0x0800eeb1    0x4c  Code  Gb  stm32l1xx_hal_wwdg.o [1]
HAL_WWDG_MspInit        0x080095df    0x26  Code  Gb  wwdg.o [1]
HAL_WWDG_Refresh        0x0800ef2d    0x2e  Code  Gb  stm32l1xx_hal_wwdg.o [1]
HAL_WWDG_Start_IT       0x0800eefd    0x30  Code  Gb  stm32l1xx_hal_wwdg.o [1]
HAL_WWDG_WakeupCallback
                        0x08009635    0x18  Code  Gb  wwdg.o [1]
HAL_WWDG_WakeupCallback::OnceFlg
                        0x20003677     0x1  Data  Lc  wwdg.o [1]
HEAP$$Base              0x20001150           --   Gb  - Linker created -
HEAP$$Limit             0x20001150           --   Gb  - Linker created -
HeartBeat_Cnt           0x2000366a     0x2  Data  Lc  app_data.o [1]
I2C1_ER_IRQHandler      0x08015585     0xa  Code  Gb  stm32l1xx_it.o [1]
I2C1_EV_IRQHandler      0x0801557b     0xa  Code  Gb  stm32l1xx_it.o [1]
I2C_IsAcknowledgeFailed
                        0x0800dea7    0x2a  Code  Lc  stm32l1xx_hal_i2c.o [1]
I2C_MasterReceive_BTF   0x0800d927    0xa6  Code  Lc  stm32l1xx_hal_i2c.o [1]
I2C_MasterReceive_RXNE  0x0800d8ab    0x7c  Code  Lc  stm32l1xx_hal_i2c.o [1]
I2C_MasterRequestRead   0x0800db69   0x106  Code  Lc  stm32l1xx_hal_i2c.o [1]
I2C_MasterRequestWrite  0x0800dad3    0x96  Code  Lc  stm32l1xx_hal_i2c.o [1]
I2C_MasterTransmit_BTF  0x0800d84f    0x5c  Code  Lc  stm32l1xx_hal_i2c.o [1]
I2C_MasterTransmit_TXE  0x0800d823    0x2c  Code  Lc  stm32l1xx_hal_i2c.o [1]
I2C_SlaveReceive_BTF    0x0800da27    0x1e  Code  Lc  stm32l1xx_hal_i2c.o [1]
I2C_SlaveReceive_RXNE   0x0800da09    0x1e  Code  Lc  stm32l1xx_hal_i2c.o [1]
I2C_SlaveTransmit_BTF   0x0800d9eb    0x1e  Code  Lc  stm32l1xx_hal_i2c.o [1]
I2C_SlaveTransmit_TXE   0x0800d9cd    0x1e  Code  Lc  stm32l1xx_hal_i2c.o [1]
I2C_Slave_ADDR          0x0800da45    0x18  Code  Lc  stm32l1xx_hal_i2c.o [1]
I2C_Slave_AF            0x0800da9f    0x34  Code  Lc  stm32l1xx_hal_i2c.o [1]
I2C_Slave_STOPF         0x0800da5d    0x42  Code  Lc  stm32l1xx_hal_i2c.o [1]
I2C_WaitBusyFlag        0x08009079    0x12  Code  Gb  i2c.o [1]
I2C_WaitOnFlagUntilTimeout
[...]
Timr3Ready              0x20003672     0x1  Data  Gb  tim.o [1]
TmpData                 0x20002710   0x248  Data  Gb  app_data.o [1]
Tst_Bypass              0x08002ed7     0x6  Code  Gb  parser.o [1]
Tst_HeartBeat           0x080051df     0x6  Code  Gb  app_data.o [1]
UART_EndTransmit_IT     0x08009d5b    0x32  Code  Lc  stm32l1xx_hal_uart.o [1]
UART_Receive_IT         0x08009d8d    0xc8  Code  Lc  stm32l1xx_hal_uart.o [1]
UART_SetConfig          0x08009e55   0x2fe  Code  Lc  stm32l1xx_hal_uart.o [1]
UART_Transmit_IT        0x08009cdf    0x7c  Code  Lc  stm32l1xx_hal_uart.o [1]
UART_WaitOnFlagUntilTimeout
                        0x08009bf1    0xee  Code  Lc  stm32l1xx_hal_uart.o [1]
USART2_IRQHandler       0x08015571     0xa  Code  Gb  stm32l1xx_it.o [1]
USART3_IRQHandler       0x08015567     0xa  Code  Gb  stm32l1xx_it.o [1]
USART_ReceiveData       0x08003b27     0xa  Code  Gb  bgm111.o [1]
USART_SendData          0x08003b1b     0xc  Code  Gb  bgm111.o [1]
USBD_ClrClassConfig     0x0801485b    0x18  Code  Gb  usbd_core.o [1]
USBD_ClrFeature         0x0801507f    0x3a  Code  Lc  usbd_ctlreq.o [1]
USBD_CtlContinueRx      0x0801513b    0x1a  Code  Gb  usbd_ioreq.o [1]
USBD_CtlContinueSendData
                        0x08015121    0x1a  Code  Gb  usbd_ioreq.o [1]
USBD_CtlError           0x080150e1    0x18  Code  Gb  usbd_ctlreq.o [1]
USBD_CtlReceiveStatus   0x0801516f    0x1a  Code  Gb  usbd_ioreq.o [1]
USBD_CtlSendData        0x080150f9    0x28  Code  Gb  usbd_ioreq.o [1]
USBD_CtlSendStatus      0x08015155    0x1a  Code  Gb  usbd_ioreq.o [1]
USBD_GetConfig          0x08014fd1    0x4c  Code  Lc  usbd_ctlreq.o [1]
USBD_GetDescriptor      0x08014d2d   0x164  Code  Lc  usbd_ctlreq.o [1]
USBD_GetStatus          0x0801501d    0x3c  Code  Lc  usbd_ctlreq.o [1]
USBD_LL_ClearStallEP    0x08014789    0x16  Code  Gb  usbd_conf.o [1]
USBD_LL_DataInStage     0x0801497b    0xe2  Code  Gb  usbd_core.o [1]
USBD_LL_DataOutStage    0x080148eb    0x90  Code  Gb  usbd_core.o [1]
USBD_LL_IsStallEP       0x0801479f    0x30  Code  Gb  usbd_conf.o [1]
USBD_LL_OpenEP          0x08014751    0x22  Code  Gb  usbd_conf.o [1]
USBD_LL_PrepareReceive  0x08014805    0x20  Code  Gb  usbd_conf.o [1]
USBD_LL_Reset           0x08014a5d    0x46  Code  Gb  usbd_core.o [1]
USBD_LL_Resume          0x08014abf     0xe  Code  Gb  usbd_core.o [1]
USBD_LL_SOF             0x08014acd    0x24  Code  Gb  usbd_core.o [1]
USBD_LL_SetSpeed        0x08014aa3     0x8  Code  Gb  usbd_core.o [1]
USBD_LL_SetUSBAddress   0x080147cf    0x16  Code  Gb  usbd_conf.o [1]
USBD_LL_SetupStage      0x08014873    0x78  Code  Gb  usbd_core.o [1]
USBD_LL_StallEP         0x08014773    0x16  Code  Gb  usbd_conf.o [1]
USBD_LL_Suspend         0x08014aab    0x14  Code  Gb  usbd_core.o [1]
USBD_LL_Transmit        0x080147e5    0x20  Code  Gb  usbd_conf.o [1]
USBD_ParseSetupRequest  0x080150b9    0x28  Code  Gb  usbd_ctlreq.o [1]
USBD_RunTestMode        0x08014829     0x6  Code  Gb  usbd_core.o [1]
USBD_SetAddress         0x08014e91    0x60  Code  Lc  usbd_ctlreq.o [1]
USBD_SetClassConfig     0x0801482f    0x2c  Code  Gb  usbd_core.o [1]
USBD_SetConfig          0x08014ef1    0xda  Code  Lc  usbd_ctlreq.o [1]
USBD_SetConfig::cfgidx  0x20003676     0x1  Data  Lc  usbd_ctlreq.o [1]
USBD_SetFeature         0x08015059    0x26  Code  Lc  usbd_ctlreq.o [1]
USBD_StdDevReq          0x08014af1    0x7c  Code  Gb  usbd_ctlreq.o [1]
USBD_StdEPReq           0x08014bb9   0x174  Code  Gb  usbd_ctlreq.o [1]
USBD_StdItfReq          0x08014b6d    0x4c  Code  Gb  usbd_ctlreq.o [1]
USB_LP_IRQHandler       0x08015553     0xa  Code  Gb  stm32l1xx_it.o [1]
Uart2Ready              0x20003673     0x1  Data  Gb  usart.o [1]
Uart3Ready              0x20003674     0x1  Data  Gb  usart.o [1]
WWDG_IRQHandler         0x0800964d     0xa  Code  Gb  wwdg.o [1]
_EncodingSb_Mbtowc      0x08012dd3    0x30  Code  Gb  xencoding_sb.o [3]
_EncodingSb_Mbtowc::initial
                        0x08012e10     0x8  Data  Lc  xencoding_sb.o [3]
_EncodingSb_Wctomb      0x08012db9    0x1a  Code  Gb  xencoding_sb.o [3]
_EncodingSb_Wctomb::initial
                        0x08012e08     0x8  Data  Lc  xencoding_sb.o [3]
_GenldFull              0x0800c4a5   0x254  Code  Lc  xprintffull.o [3]
_GetN                   0x0800ded1    0x22  Code  Lc  xscanffull.o [3]
_GetfldFull             0x0800e0f5   0x10a  Code  Lc  xscanffull.o [3]
_GetfloatFull           0x0800e6b3   0x4e8  Code  Lc  xscanffull.o [3]
_GetintFull             0x0800e4bb   0x1f2  Code  Lc  xscanffull.o [3]
_GetstrFull             0x0800e201   0x2b4  Code  Lc  xscanffull.o [3]
_IsdstStr               0x200000dc     0x4  Data  Gb  setlocale.o [3]
_LdtobFull              0x0800c099   0x406  Code  Lc  xprintffull.o [3]
_LitobFull              0x0800bf8f   0x10a  Code  Lc  xprintffull.o [3]
_LocaleC_isalpha        0x08012e49    0x16  Code  Gb  xlocale_c.o [3]
_LocaleC_isspace        0x08012e5f    0x14  Code  Gb  xlocale_c.o [3]
_LocaleC_tolower        0x0801359d     0xc  Code  Gb  xlocale_c.o [3]
_LocaleEncoding         0x08012da5     0xe  Code  Gb  setlocale.o [3]
_LocaleForCat           0x08012d91    0x14  Code  Gb  setlocale.o [3]
_LocaleReturnString     0x200000fc    0x50  Data  Lc  setlocale.o [3]
_Locale_Profile         0x200000e0    0x1c  Data  Gb  setlocale.o [3]
_Locale_aeabi_lconv     0x2000009c    0x38  Data  Gb  localeconv.o [3]
_Locale_lconv           0x2000004c    0x50  Data  Gb  localeconv.o [3]
_Mbtowc                 0x08011705    0x20  Code  Gb  xmbtowc.o [3]
_PrintfFull             0x0800b5a5   0x658  Code  Gb  xprintffull.o [3]
_PutcharsFull           0x0800c6f9    0x2e  Code  Lc  xprintffull.o [3]
_PutstrFull             0x0800bc83   0x306  Code  Lc  xprintffull.o [3]
_SProut                 0x0800929f     0xa  Code  Gb  xsprout.o [3]
_SScin                  0x0800300f    0x1e  Code  Gb  xsscin.o [3]
_ScanfFull              0x0800df0d   0x1e2  Code  Gb  xscanffull.o [3]
_Stoflt                 0x08012f95   0x1d0  Code  Gb  xstoflt.o [3]
_Stopfx                 0x08012e73   0x122  Code  Gb  xstopfx.o [3]
_Stoxflt                0x08013369   0x1fa  Code  Gb  xstoxflt.o [3]
_Stoxflt::digits        0x0801356c    0x18  Data  Lc  xstoxflt.o [3]
_Stoxflt::vals          0x08013584    0x18  Data  Lc  xstoxflt.o [3]
_TzoneStr               0x200000d8     0x4  Data  Gb  setlocale.o [3]
_UngetN                 0x0800def3    0x1a  Code  Lc  xscanffull.o [3]
_Wctomb                 0x08011851    0x1a  Code  Gb  xwctomb.o [3]
__aeabi_cdcmpeq         0x080135a9          Code  Gb  DblCmpEq.o [4]
__aeabi_cdcmple         0x08011a99          Code  Gb  DblCmpLe.o [4]
__aeabi_cdrcmple        0x08011ac9          Code  Gb  DblCmpGe.o [4]
__aeabi_cfrcmple        0x0800ce95          Code  Gb  FltCmpGe.o [4]
__aeabi_d2f             0x0800b4d1          Code  Gb  DblToFlt.o [4]
__aeabi_d2iz            0x0800cb31          Code  Gb  DblToI32.o [4]
__aeabi_d2uiz           0x0800cb5d          Code  Gb  DblToI32.o [4]
__aeabi_dadd            0x0800cc41          Code  Gb  DblAdd.o [4]
__aeabi_ddiv            0x08011d85          Code  Gb  DblDiv.o [4]
__aeabi_dmul            0x0800c98d          Code  Gb  DblMul.o [4]
__aeabi_dsub            0x08011c05          Code  Gb  DblSub.o [4]
__aeabi_errno_addr      0x0801293d     0x6  Code  Gb  errno.o [3]
__aeabi_f2d             0x08009225          Code  Gb  FltToDbl.o [4]
__aeabi_f2iz            0x0800b561          Code  Gb  FltToS32.o [4]
__aeabi_fadd            0x0800b35d          Code  Gb  FltAdd.o [4]
__aeabi_fdiv            0x08009775          Code  Gb  FltDiv.o [4]
__aeabi_fmul            0x0800b285          Code  Gb  FltMul.o [4]
__aeabi_i2d             0x0800ce65          Code  Gb  I32ToDbl.o [4]
__aeabi_i2f             0x08009741          Code  Gb  I32ToFlt.o [4]
__aeabi_ldiv0           0x08012e45          Code  Gb  I64DivZer.o [5]
__aeabi_ui2d            0x0800ce79          Code  Gb  I32ToDbl.o [4]
__aeabi_ui2f            0x08009755          Code  Gb  I32ToFlt.o [4]
__aeabi_uldivmod        0x08011965          Code  Gb  I64DivMod.o [5]
__cmain                 0x08016fad          Code  Gb  cmain.o [5]
__data_Aldata           0x20003608     0x8  Data  Gb  xxmemxmalloc.o [3]
__data_GetMemChunk      0x08012e19    0x2c  Code  Gb  xgetmemchunk.o [3]
__data_GetMemChunk::start
                        0x20003664     0x4  Data  Lc  xgetmemchunk.o [3]
__exit                  0x08016fdd    0x14  Code  Gb  exit.o [6]
__iar_Dint              0x080121df    0x7a  Code  Gb  xdint.o [4]
__iar_Dnorm             0x08011a53    0x44  Code  Gb  xdnorm.o [4]
__iar_Dscale            0x08011af9   0x10c  Code  Gb  xdscale.o [4]
__iar_Dtentox           0x080131bb   0x14e  Code  Gb  xdtento.o [4]
__iar_Dunscale          0x080135c9    0x52  Code  Gb  xdunscal.o [4]
__iar_Errno             0x200000d4     0x4  Data  Gb  errno.o [3]
__iar_Locale_lconv_init
                        0x08011fdd    0x3a  Code  Gb  localeconv.o [3]
__iar_Mbcurmax          0x08011795     0xa  Code  Gb  xmbcurmax.o [3]
__iar_Memchr            0x0801173d          Code  Gb  memchr.o [5]
__iar_Memset_word       0x08012181          Code  Gb  ABImemset.o [5]
__iar_Stold             0x08012661     0x4  Code  Gb  xstold.o [4]
__iar_Stoldx            0x08012519   0x13c  Code  Gb  xstold.o [4]
__iar_Stoll             0x08012363     0x4  Code  Gb  xstoll.o [3]
__iar_Stollx            0x080122c1    0xa2  Code  Gb  xstoll.o [3]
__iar_Stoul             0x0800ee5d     0x4  Code  Gb  xstoul.o [3]
__iar_Stoull            0x080124c5     0x4  Code  Gb  xstoull.o [3]
__iar_Stoullx           0x08012369   0x156  Code  Gb  xstoull.o [3]
__iar_Stoulx            0x0800ed19   0x13e  Code  Gb  xstoul.o [3]
__iar_Strchr            0x08011725          Code  Gb  strchr.o [5]
__iar_Wctob             0x08012259    0x36  Code  Gb  xwctob.o [3]
__iar_ceil              0x080127fd          Code  Gb  ceil.o [4]
__iar_ceill             0x080127fd          Code  Gb  ceil.o [4]
__iar_d2uiz             0x0800cb69          Code  Gb  DblToI32.o [4]
__iar_dadd              0x0800cc55          Code  Gb  DblAdd.o [4]
__iar_data_init3        0x08016661    0x28  Code  Gb  data_init.o [5]
__iar_dlib_perthread_access
                        0x08012e47     0x2  Code  Gb  xtls.o [3]
__iar_dsub              0x08011c19          Code  Gb  DblSub.o [4]
__iar_dsubStart         0x08011c2b          Code  Gb  DblSub.o [4]
__iar_edom              0x080116f9          Code  Gb  iarEdom.o [5]
__iar_fadd              0x0800b36d          Code  Gb  FltAdd.o [4]
__iar_fsub              0x08011621          Code  Gb  FltSub.o [4]
__iar_fsubStart         0x08011631          Code  Gb  FltSub.o [4]
__iar_modf              0x0800cb99          Code  Gb  modf.o [4]
__iar_modfl             0x0800cb99          Code  Gb  modf.o [4]
__iar_packbits_init_single3
                        0x08015cc1    0x38  Code  Gb  packbits_init_single.o [5]
__iar_program_start     0x08017901          Code  Gb  cstartup_M.o [5]
__iar_sqrt              0x0800b3e1          Code  Gb  sqrt.o [4]
__iar_ui2d              0x0800ce7d          Code  Gb  I32ToDbl.o [4]
__iar_ui2f              0x08009759          Code  Gb  I32ToFlt.o [4]
__iar_unaligned___aeabi_memcpy
                        0x0801186d          Code  Gb  ABImemcpy_unaligned.o [5]
__iar_unaligned___aeabi_memcpy4
                        0x0801188d          Code  Gb  ABImemcpy_unaligned.o [5]
__iar_unaligned___aeabi_memcpy8
                        0x0801188d          Code  Gb  ABImemcpy_unaligned.o [5]
__iar_unaligned_strcmp  0x0800cd29          Code  Gb  strcmp_unaligned.o [5]
__iar_unaligned_strcpy  0x0800302d          Code  Gb  strcpy_unaligned.o [5]
__iar_unaligned_strncpy
                        0x0800cdb5          Code  Gb  strncpy_unaligned.o [5]
__iar_zero_init3        0x08015a79    0x40  Code  Gb  zero_init3.o [5]
__low_level_init        0x08016fc7     0x4  Code  Gb  low_level_init.o [3]
__vector_table          0x08000000          Data  Gb  startup_stm32l152xe.o [1]
_call_main              0x08016fb9          Code  Gb  cmain.o [5]
_exit                   0x08016fd1          Code  Gb  cexit.o [5]
_gecko_cmd_msg          0x200030b4    0x84  Data  Gb  bgm111.o [1]
_gecko_rsp_msg          0x20003138    0x84  Data  Gb  bgm111.o [1]
_main                   0x08016fc3          Code  Gb  cmain.o [5]
aPLLDivisionFactorTable
                        0x08017bb4     0x4  Data  Gb  stm32l1xx_hal_rcc.o [1]
aPLLMULFactorTable      0x080178f4     0xc  Data  Gb  stm32l1xx_hal_rcc.o [1]
adcActive               0x2000366d     0x1  Data  Gb  adc.o [1]
analytics               0x20003600     0x8  Data  Lc  app_data.o [1]
atoi                    0x080095a3     0x8  Code  Gb  atoi.o [3]
bffr1Flag               0x20003675     0x1  Data  Lc  usart.o [1]
bglib_input             0x20003614     0x4  Data  Gb  bgm111.o [1]
bglib_output            0x20003610     0x4  Data  Gb  bgm111.o [1]
bglib_peek              0x20003618     0x4  Data  Gb  bgm111.o [1]
bgm1data                0x20003554    0x28  Data  Lc  usart.o [1]
ble                     0x20002dc0   0x1a0  Data  Lc  bgm111.o [1]
blemsgs                 0x200020c8   0x324  Data  Lc  bgm111.o [1]
ceil                    0x080127fd          Code  Gb  ceil.o [4]
ceill                   0x080127fd          Code  Gb  ceil.o [4]
clrUsartState           0x080033df    0x1c  Code  Gb  usart.o [1]
connection_cnt          0x20003668     0x2  Data  Lc  app_data.o [1]
data                    0x20002958   0x248  Data  Gb  app_data.o [1]
delay_1ms               0x0800ae0d     0xe  Code  Gb  ErrorCodes.o [1]
digits                  0x0800ee60    0x28  Data  Lc  xstoul.o [3]
digits                  0x080124c8    0x28  Data  Lc  xstoull.o [3]
div                     0x08012049     0xe  Code  Gb  div.o [3]
dmul                    0x08013169    0x52  Code  Lc  xdtento.o [4]
driver_list             0x200035e8     0xc  Data  Lc  app_data.o [1]
errStruct               0x200023ec   0x324  Data  Lc  ErrorCodes.o [1]
exit                    0x08016fcb     0x4  Code  Gb  exit.o [3]
fi                      0x2000323c    0x80  Data  Lc  Rd_Sound.o [1]
fix_fft                 0x0800b0d9   0x1ac  Code  Gb  fix_fft.o [1]
fr                      0x200031bc    0x80  Data  Lc  Rd_Sound.o [1]
free                    0x080118e5    0x7a  Code  Gb  xxmemxfree.o [3]
fs                      0x200032bc    0x80  Data  Lc  Rd_Sound.o [1]
gecko_cmd_le_gap_set_mode
                        0x0800352d    0x40  Code  Lc  bgm111.o [1]
gecko_cmd_msg           0x2000000c     0x4  Data  Gb  bgm111.o [1]
gecko_get_event         0x0800ac09    0x5e  Code  Gb  gecko_bglib.o [1]
gecko_handle_command    0x0800ac8b    0x30  Code  Gb  gecko_bglib.o [1]
gecko_peek_event        0x0800ac67     0xa  Code  Gb  gecko_bglib.o [1]
gecko_queue             0x20001150   0xf78  Data  Gb  bgm111.o [1]
gecko_queue_r           0x20003620     0x4  Data  Gb  bgm111.o [1]
gecko_queue_w           0x2000361c     0x4  Data  Gb  bgm111.o [1]
gecko_rsp_msg           0x20000010     0x4  Data  Gb  bgm111.o [1]
gecko_wait_message      0x0800ab2d    0xdc  Code  Gb  gecko_bglib.o [1]
gecko_wait_response     0x0800ac71    0x1a  Code  Gb  gecko_bglib.o [1]
hadc                    0x2000333c    0x54  Data  Gb  adc.o [1]
hatoi                   0x08002e7f    0x58  Code  Gb  parser.o [1]
hdma_adc                0x2000344c    0x38  Data  Gb  adc.o [1]
hi2c1                   0x20003410    0x3c  Data  Gb  i2c.o [1]
hpcd_USB_FS             0x20002ba0   0x220  Data  Gb  usbd_conf.o [1]
htim2                   0x200034bc    0x38  Data  Gb  tim.o [1]
htim3                   0x200034f4    0x38  Data  Gb  tim.o [1]
htim4                   0x20003484    0x38  Data  Gb  stm32l1xx_hal_timebase_TIM.o [1]
huart2                  0x20003390    0x40  Data  Gb  usart.o [1]
huart3                  0x200033d0    0x40  Data  Gb  usart.o [1]
hwwdg                   0x200035c8    0x14  Data  Gb  wwdg.o [1]
isHexNum                0x08002e35    0x4a  Code  Gb  parser.o [1]
isalpha                 0x08012299    0x14  Code  Gb  isxxx.o [3]
isdigit                 0x08009599     0xa  Code  Gb  isdigit.o [3]
isspace                 0x080122ad    0x14  Code  Gb  isxxx.o [3]
ledOffCnt               0x20000044     0x4  Data  Lc  tim.o [1]
localeconv              0x08012017    0x16  Code  Gb  localeconv.o [3]
main                    0x0800a15d   0x548  Code  Gb  main.o [1]
malloc                  0x080117a1    0xac  Code  Gb  xxmemxmalloc.o [3]
memchr                  0x0801173d          Code  Gb  memchr.o [5]
modf                    0x0800cb89          Code  Gb  modf.o [4]
modfl                   0x0800cb89          Code  Gb  modf.o [4]
ndigs                   0x0800ee88    0x28  Data  Lc  xstoul.o [3]
ndigs                   0x080124f0    0x28  Data  Lc  xstoull.o [3]
osSystickHandler        0x080155c5    0x10  Code  Gb  cmsis_os.o [1]
pFlash                  0x20003598    0x18  Data  Gb  stm32l1xx_hal_flash.o [1]
pows                    0x08013320    0x48  Data  Lc  xdtento.o [4]
prvResetNextTaskUnblockTime
                        0x0801533d    0x28  Code  Lc  tasks.o [1]
pxCurrentTCB            0x2000362c     0x4  Data  Gb  tasks.o [1]
pxDelayedTaskList       0x20003630     0x4  Data  Lc  tasks.o [1]
pxOverflowDelayedTaskList
                        0x20003634     0x4  Data  Lc  tasks.o [1]
pxReadyTasksLists       0x20003028    0x8c  Data  Lc  tasks.o [1]
round                   0x0800ce21    0x44  Code  Gb  round.o [4]
sConfig                 0x200035dc     0xc  Data  Gb  adc.o [1]
saveLen                 0x20000048     0x4  Data  Lc  usart.o [1]
sprintf                 0x08003ffd    0x34  Code  Gb  sprintf.o [3]
sqrt                    0x0800b3e1          Code  Gb  sqrt.o [4]
sqrtl                   0x0800b3e1          Code  Gb  sqrt.o [4]
sscanf                  0x08009201    0x24  Code  Gb  sscanf.o [3]
strcat                  0x08004031    0x1c  Code  Gb  strcat.o [3]
strchr                  0x08011725          Code  Gb  strchr.o [5]
strlen                  0x08002fd9          Code  Gb  strlen.o [5]
strncmp                 0x08009273    0x2c  Code  Gb  strncmp.o [3]
tolower                 0x08012929    0x14  Code  Gb  tolower.o [3]
ubSequenceCompleted     0x2000366c     0x1  Data  Gb  adc.o [1]
ulPortSetInterruptMask  0x080153eb          Code  Gb  portasm.o [1]
uwTick                  0x20003628     0x4  Data  Lc  stm32l1xx_hal.o [1]
uxListRemove            0x08015459    0x28  Code  Gb  list.o [1]
uxPendedTicks           0x20003644     0x4  Data  Lc  tasks.o [1]
uxSchedulerSuspended    0x20003654     0x4  Data  Lc  tasks.o [1]
uxTopReadyPriority      0x2000363c     0x4  Data  Lc  tasks.o [1]
vListInsertEnd          0x08015441    0x18  Code  Gb  list.o [1]
vPortClearInterruptMask
                        0x080153f9          Code  Gb  portasm.o [1]
vPortStartFirstTask     0x0801541f          Code  Gb  portasm.o [1]
vTaskSwitchContext      0x080152bd    0x6c  Code  Gb  tasks.o [1]
wwdg_HardFrames         0x08070000    0x18  Data  Gb  wwdg.o [1]
wwdg_Save               0x20003660     0x4  Data  Lc  wwdg.o [1]
xNextTaskUnblockTime    0x20003650     0x4  Data  Lc  tasks.o [1]
xNumOfOverflows         0x2000364c     0x4  Data  Lc  tasks.o [1]
xPortSysTickHandler     0x080155d5    0x1e  Code  Gb  port.o [1]
xSchedulerRunning       0x20003640     0x4  Data  Lc  tasks.o [1]
xTaskGetSchedulerState  0x08015365    0x26  Code  Gb  tasks.o [1]
xTaskIncrementTick      0x08015189   0x134  Code  Gb  tasks.o [1]
xTickCount              0x20003638     0x4  Data  Lc  tasks.o [1]
xYieldPending           0x20003648     0x4  Data  Lc  tasks.o [1]


[1] = D:\GoogleDriveCLT\GoogleDrive\WeatherCloud\Roadboard\Software\Road-Board-December-2016N8\EWARM\Road Brd MSTR Rev L Long Always\Obj
[2] = command line
[3] = dl7M_tlf.a
[4] = m7M_tl.a
[5] = rt7M_tl.a
[6] = shb_l.a

  87 908 bytes of readonly  code memory
   9 584 bytes of readonly  data memory
  13 940 bytes of readwrite data memory (+ 224 absolute)

Errors: none
Warnings: none
