###############################################################################
#
# IAR ELF Linker V7.60.2.11341/W32 for ARM                19/Jul/2017  10:02:52
# Copyright 2007-2016 IAR Systems AB.
#
#    Output file  =  
#        D:\GoogleDriveCLT\GoogleDrive\WeatherCloud\Roadboard\Software\Road-Board-December-2016N8\EWARM\Road
#        Brd MSTR Rev L Long Always\Exe\Road Board Rev K NUCLEO V1.1 Jul 12
#        2016.out
#    Map file     =  
#        D:\GoogleDriveCLT\GoogleDrive\WeatherCloud\Roadboard\Software\Road-Board-December-2016N8\EWARM\Road
#        Brd MSTR Rev L Long Always\List\Road Board Rev K NUCLEO V1.1 Jul 12
#        2016.map
#    Command line =  
#        "D:\GoogleDriveCLT\GoogleDrive\WeatherCloud\Roadboard\Software\Road-Board-December-2016N8\EWARM\Road
#        Brd MSTR Rev L Long Always\Obj\adc.o"
#        "D:\GoogleDriveCLT\GoogleDrive\WeatherCloud\Roadboard\Software\Road-Board-December-2016N8\EWARM\Road
#        Brd MSTR Rev L Long Always\Obj\app_data.o"
#        "D:\GoogleDriveCLT\GoogleDrive\WeatherCloud\Roadboard\Software\Road-Board-December-2016N8\EWARM\Road
#        Brd MSTR Rev L Long Always\Obj\barometer.o"
#        "D:\GoogleDriveCLT\GoogleDrive\WeatherCloud\Roadboard\Software\Road-Board-December-2016N8\EWARM\Road
#        Brd MSTR Rev L Long Always\Obj\bgm111.o"
#        "D:\GoogleDriveCLT\GoogleDrive\WeatherCloud\Roadboard\Software\Road-Board-December-2016N8\EWARM\Road
#        Brd MSTR Rev L Long Always\Obj\Calibration.o"
#        "D:\GoogleDriveCLT\GoogleDrive\WeatherCloud\Roadboard\Software\Road-Board-December-2016N8\EWARM\Road
#        Brd MSTR Rev L Long Always\Obj\cmsis_os.o"
#        "D:\GoogleDriveCLT\GoogleDrive\WeatherCloud\Roadboard\Software\Road-Board-December-2016N8\EWARM\Road
#        Brd MSTR Rev L Long Always\Obj\croutine.o"
#        "D:\GoogleDriveCLT\GoogleDrive\WeatherCloud\Roadboard\Software\Road-Board-December-2016N8\EWARM\Road
#        Brd MSTR Rev L Long Always\Obj\dma.o"
#        "D:\GoogleDriveCLT\GoogleDrive\WeatherCloud\Roadboard\Software\Road-Board-December-2016N8\EWARM\Road
#        Brd MSTR Rev L Long Always\Obj\ErrorCodes.o"
#        "D:\GoogleDriveCLT\GoogleDrive\WeatherCloud\Roadboard\Software\Road-Board-December-2016N8\EWARM\Road
#        Brd MSTR Rev L Long Always\Obj\event_groups.o"
#        "D:\GoogleDriveCLT\GoogleDrive\WeatherCloud\Roadboard\Software\Road-Board-December-2016N8\EWARM\Road
#        Brd MSTR Rev L Long Always\Obj\fix_fft.o"
#        "D:\GoogleDriveCLT\GoogleDrive\WeatherCloud\Roadboard\Software\Road-Board-December-2016N8\EWARM\Road
#        Brd MSTR Rev L Long Always\Obj\Flash.o"
#        "D:\GoogleDriveCLT\GoogleDrive\WeatherCloud\Roadboard\Software\Road-Board-December-2016N8\EWARM\Road
#        Brd MSTR Rev L Long Always\Obj\freertos.o"
#        "D:\GoogleDriveCLT\GoogleDrive\WeatherCloud\Roadboard\Software\Road-Board-December-2016N8\EWARM\Road
#        Brd MSTR Rev L Long Always\Obj\gecko_bglib.o"
#        "D:\GoogleDriveCLT\GoogleDrive\WeatherCloud\Roadboard\Software\Road-Board-December-2016N8\EWARM\Road
#        Brd MSTR Rev L Long Always\Obj\gpio.o"
#        "D:\GoogleDriveCLT\GoogleDrive\WeatherCloud\Roadboard\Software\Road-Board-December-2016N8\EWARM\Road
#        Brd MSTR Rev L Long Always\Obj\GridEye.o"
#        "D:\GoogleDriveCLT\GoogleDrive\WeatherCloud\Roadboard\Software\Road-Board-December-2016N8\EWARM\Road
#        Brd MSTR Rev L Long Always\Obj\heap_4.o"
#        "D:\GoogleDriveCLT\GoogleDrive\WeatherCloud\Roadboard\Software\Road-Board-December-2016N8\EWARM\Road
#        Brd MSTR Rev L Long Always\Obj\Humidity.o"
#        "D:\GoogleDriveCLT\GoogleDrive\WeatherCloud\Roadboard\Software\Road-Board-December-2016N8\EWARM\Road
#        Brd MSTR Rev L Long Always\Obj\i2c.o"
#        "D:\GoogleDriveCLT\GoogleDrive\WeatherCloud\Roadboard\Software\Road-Board-December-2016N8\EWARM\Road
#        Brd MSTR Rev L Long Always\Obj\list.o"
#        "D:\GoogleDriveCLT\GoogleDrive\WeatherCloud\Roadboard\Software\Road-Board-December-2016N8\EWARM\Road
#        Brd MSTR Rev L Long Always\Obj\lps25hb.o"
#        "D:\GoogleDriveCLT\GoogleDrive\WeatherCloud\Roadboard\Software\Road-Board-December-2016N8\EWARM\Road
#        Brd MSTR Rev L Long Always\Obj\main.o"
#        "D:\GoogleDriveCLT\GoogleDrive\WeatherCloud\Roadboard\Software\Road-Board-December-2016N8\EWARM\Road
#        Brd MSTR Rev L Long Always\Obj\parser.o"
#        "D:\GoogleDriveCLT\GoogleDrive\WeatherCloud\Roadboard\Software\Road-Board-December-2016N8\EWARM\Road
#        Brd MSTR Rev L Long Always\Obj\port.o"
#        "D:\GoogleDriveCLT\GoogleDrive\WeatherCloud\Roadboard\Software\Road-Board-December-2016N8\EWARM\Road
#        Brd MSTR Rev L Long Always\Obj\portasm.o"
#        "D:\GoogleDriveCLT\GoogleDrive\WeatherCloud\Roadboard\Software\Road-Board-December-2016N8\EWARM\Road
#        Brd MSTR Rev L Long Always\Obj\queue.o"
#        "D:\GoogleDriveCLT\GoogleDrive\WeatherCloud\Roadboard\Software\Road-Board-December-2016N8\EWARM\Road
#        Brd MSTR Rev L Long Always\Obj\Rd_Sound.o"
#        "D:\GoogleDriveCLT\GoogleDrive\WeatherCloud\Roadboard\Software\Road-Board-December-2016N8\EWARM\Road
#        Brd MSTR Rev L Long Always\Obj\RGBLight.o"
#        "D:\GoogleDriveCLT\GoogleDrive\WeatherCloud\Roadboard\Software\Road-Board-December-2016N8\EWARM\Road
#        Brd MSTR Rev L Long Always\Obj\startup_stm32l152xe.o"
#        "D:\GoogleDriveCLT\GoogleDrive\WeatherCloud\Roadboard\Software\Road-Board-December-2016N8\EWARM\Road
#        Brd MSTR Rev L Long Always\Obj\stm32l1xx_hal.o"
#        "D:\GoogleDriveCLT\GoogleDrive\WeatherCloud\Roadboard\Software\Road-Board-December-2016N8\EWARM\Road
#        Brd MSTR Rev L Long Always\Obj\stm32l1xx_hal_adc.o"
#        "D:\GoogleDriveCLT\GoogleDrive\WeatherCloud\Roadboard\Software\Road-Board-December-2016N8\EWARM\Road
#        Brd MSTR Rev L Long Always\Obj\stm32l1xx_hal_adc_ex.o"
#        "D:\GoogleDriveCLT\GoogleDrive\WeatherCloud\Roadboard\Software\Road-Board-December-2016N8\EWARM\Road
#        Brd MSTR Rev L Long Always\Obj\stm32l1xx_hal_cortex.o"
#        "D:\GoogleDriveCLT\GoogleDrive\WeatherCloud\Roadboard\Software\Road-Board-December-2016N8\EWARM\Road
#        Brd MSTR Rev L Long Always\Obj\stm32l1xx_hal_dma.o"
#        "D:\GoogleDriveCLT\GoogleDrive\WeatherCloud\Roadboard\Software\Road-Board-December-2016N8\EWARM\Road
#        Brd MSTR Rev L Long Always\Obj\stm32l1xx_hal_flash.o"
#        "D:\GoogleDriveCLT\GoogleDrive\WeatherCloud\Roadboard\Software\Road-Board-December-2016N8\EWARM\Road
#        Brd MSTR Rev L Long Always\Obj\stm32l1xx_hal_flash_ex.o"
#        "D:\GoogleDriveCLT\GoogleDrive\WeatherCloud\Roadboard\Software\Road-Board-December-2016N8\EWARM\Road
#        Brd MSTR Rev L Long Always\Obj\stm32l1xx_hal_flash_ramfunc.o"
#        "D:\GoogleDriveCLT\GoogleDrive\WeatherCloud\Roadboard\Software\Road-Board-December-2016N8\EWARM\Road
#        Brd MSTR Rev L Long Always\Obj\stm32l1xx_hal_gpio.o"
#        "D:\GoogleDriveCLT\GoogleDrive\WeatherCloud\Roadboard\Software\Road-Board-December-2016N8\EWARM\Road
#        Brd MSTR Rev L Long Always\Obj\stm32l1xx_hal_i2c.o"
#        "D:\GoogleDriveCLT\GoogleDrive\WeatherCloud\Roadboard\Software\Road-Board-December-2016N8\EWARM\Road
#        Brd MSTR Rev L Long Always\Obj\stm32l1xx_hal_msp.o"
#        "D:\GoogleDriveCLT\GoogleDrive\WeatherCloud\Roadboard\Software\Road-Board-December-2016N8\EWARM\Road
#        Brd MSTR Rev L Long Always\Obj\stm32l1xx_hal_pcd.o"
#        "D:\GoogleDriveCLT\GoogleDrive\WeatherCloud\Roadboard\Software\Road-Board-December-2016N8\EWARM\Road
#        Brd MSTR Rev L Long Always\Obj\stm32l1xx_hal_pcd_ex.o"
#        "D:\GoogleDriveCLT\GoogleDrive\WeatherCloud\Roadboard\Software\Road-Board-December-2016N8\EWARM\Road
#        Brd MSTR Rev L Long Always\Obj\stm32l1xx_hal_pwr.o"
#        "D:\GoogleDriveCLT\GoogleDrive\WeatherCloud\Roadboard\Software\Road-Board-December-2016N8\EWARM\Road
#        Brd MSTR Rev L Long Always\Obj\stm32l1xx_hal_pwr_ex.o"
#        "D:\GoogleDriveCLT\GoogleDrive\WeatherCloud\Roadboard\Software\Road-Board-December-2016N8\EWARM\Road
#        Brd MSTR Rev L Long Always\Obj\stm32l1xx_hal_rcc.o"
#        "D:\GoogleDriveCLT\GoogleDrive\WeatherCloud\Roadboard\Software\Road-Board-December-2016N8\EWARM\Road
#        Brd MSTR Rev L Long Always\Obj\stm32l1xx_hal_rcc_ex.o"
#        "D:\GoogleDriveCLT\GoogleDrive\WeatherCloud\Roadboard\Software\Road-Board-December-2016N8\EWARM\Road
#        Brd MSTR Rev L Long Always\Obj\stm32l1xx_hal_tim.o"
#        "D:\GoogleDriveCLT\GoogleDrive\WeatherCloud\Roadboard\Software\Road-Board-December-2016N8\EWARM\Road
#        Brd MSTR Rev L Long Always\Obj\stm32l1xx_hal_tim_ex.o"
#        "D:\GoogleDriveCLT\GoogleDrive\WeatherCloud\Roadboard\Software\Road-Board-December-2016N8\EWARM\Road
#        Brd MSTR Rev L Long Always\Obj\stm32l1xx_hal_timebase_TIM.o"
#        "D:\GoogleDriveCLT\GoogleDrive\WeatherCloud\Roadboard\Software\Road-Board-December-2016N8\EWARM\Road
#        Brd MSTR Rev L Long Always\Obj\stm32l1xx_hal_uart.o"
#        "D:\GoogleDriveCLT\GoogleDrive\WeatherCloud\Roadboard\Software\Road-Board-December-2016N8\EWARM\Road
#        Brd MSTR Rev L Long Always\Obj\stm32l1xx_hal_wwdg.o"
#        "D:\GoogleDriveCLT\GoogleDrive\WeatherCloud\Roadboard\Software\Road-Board-December-2016N8\EWARM\Road
#        Brd MSTR Rev L Long Always\Obj\stm32l1xx_it.o"
#        "D:\GoogleDriveCLT\GoogleDrive\WeatherCloud\Roadboard\Software\Road-Board-December-2016N8\EWARM\Road
#        Brd MSTR Rev L Long Always\Obj\stm32l1xx_nucleo.o"
#        "D:\GoogleDriveCLT\GoogleDrive\WeatherCloud\Roadboard\Software\Road-Board-December-2016N8\EWARM\Road
#        Brd MSTR Rev L Long Always\Obj\system_stm32l1xx.o"
#        "D:\GoogleDriveCLT\GoogleDrive\WeatherCloud\Roadboard\Software\Road-Board-December-2016N8\EWARM\Road
#        Brd MSTR Rev L Long Always\Obj\tasks.o"
#        "D:\GoogleDriveCLT\GoogleDrive\WeatherCloud\Roadboard\Software\Road-Board-December-2016N8\EWARM\Road
#        Brd MSTR Rev L Long Always\Obj\Temperature.o"
#        "D:\GoogleDriveCLT\GoogleDrive\WeatherCloud\Roadboard\Software\Road-Board-December-2016N8\EWARM\Road
#        Brd MSTR Rev L Long Always\Obj\tim.o"
#        "D:\GoogleDriveCLT\GoogleDrive\WeatherCloud\Roadboard\Software\Road-Board-December-2016N8\EWARM\Road
#        Brd MSTR Rev L Long Always\Obj\timers.o"
#        "D:\GoogleDriveCLT\GoogleDrive\WeatherCloud\Roadboard\Software\Road-Board-December-2016N8\EWARM\Road
#        Brd MSTR Rev L Long Always\Obj\usart.o"
#        "D:\GoogleDriveCLT\GoogleDrive\WeatherCloud\Roadboard\Software\Road-Board-December-2016N8\EWARM\Road
#        Brd MSTR Rev L Long Always\Obj\usb_device.o"
#        "D:\GoogleDriveCLT\GoogleDrive\WeatherCloud\Roadboard\Software\Road-Board-December-2016N8\EWARM\Road
#        Brd MSTR Rev L Long Always\Obj\usbd_cdc.o"
#        "D:\GoogleDriveCLT\GoogleDrive\WeatherCloud\Roadboard\Software\Road-Board-December-2016N8\EWARM\Road
#        Brd MSTR Rev L Long Always\Obj\usbd_cdc_if.o"
#        "D:\GoogleDriveCLT\GoogleDrive\WeatherCloud\Roadboard\Software\Road-Board-December-2016N8\EWARM\Road
#        Brd MSTR Rev L Long Always\Obj\usbd_conf.o"
#        "D:\GoogleDriveCLT\GoogleDrive\WeatherCloud\Roadboard\Software\Road-Board-December-2016N8\EWARM\Road
#        Brd MSTR Rev L Long Always\Obj\usbd_core.o"
#        "D:\GoogleDriveCLT\GoogleDrive\WeatherCloud\Roadboard\Software\Road-Board-December-2016N8\EWARM\Road
#        Brd MSTR Rev L Long Always\Obj\usbd_ctlreq.o"
#        "D:\GoogleDriveCLT\GoogleDrive\WeatherCloud\Roadboard\Software\Road-Board-December-2016N8\EWARM\Road
#        Brd MSTR Rev L Long Always\Obj\usbd_desc.o"
#        "D:\GoogleDriveCLT\GoogleDrive\WeatherCloud\Roadboard\Software\Road-Board-December-2016N8\EWARM\Road
#        Brd MSTR Rev L Long Always\Obj\usbd_ioreq.o"
#        "D:\GoogleDriveCLT\GoogleDrive\WeatherCloud\Roadboard\Software\Road-Board-December-2016N8\EWARM\Road
#        Brd MSTR Rev L Long Always\Obj\VMonitor.o"
#        "D:\GoogleDriveCLT\GoogleDrive\WeatherCloud\Roadboard\Software\Road-Board-December-2016N8\EWARM\Road
#        Brd MSTR Rev L Long Always\Obj\wwdg.o" --redirect _Printf=_PrintfFull
#        --redirect _Scanf=_ScanfFull -o
#        "D:\GoogleDriveCLT\GoogleDrive\WeatherCloud\Roadboard\Software\Road-Board-December-2016N8\EWARM\Road
#        Brd MSTR Rev L Long Always\Exe\Road Board Rev K NUCLEO V1.1 Jul 12
#        2016.out" --map
#        "D:\GoogleDriveCLT\GoogleDrive\WeatherCloud\Roadboard\Software\Road-Board-December-2016N8\EWARM\Road
#        Brd MSTR Rev L Long Always\List\Road Board Rev K NUCLEO V1.1 Jul 12
#        2016.map" --config
#        D:\GoogleDriveCLT\GoogleDrive\WeatherCloud\Roadboard\Software\Road-Board-December-2016N8\EWARM/stm32l152xe_flash.icf
#        --semihosting --entry __iar_program_start --vfe
#
###############################################################################

*******************************************************************************
*** RUNTIME MODEL ATTRIBUTES
***

CppFlavor                     = *
__Heap_Handler                = Basic
__SystemLibrary               = DLib
__dlib_dynamic_initialization = normal


*******************************************************************************
*** PLACEMENT SUMMARY
***

"A1":  place at 0x08000000 { ro section .intvec };
"P1":  place in [from 0x08000000 to 0x0807ffff] { ro };
"P2":  place in [from 0x20000000 to 0x20013fff] { rw, block CSTACK, block HEAP };
initialize by copy { rw };

  Section             Kind        Address     Size  Object
  -------             ----        -------     ----  ------
"A1":                                        0x124
  .intvec             ro code  0x08000000    0x124  startup_stm32l152xe.o [1]
                             - 0x08000124    0x124

"P1":                                      0x17a60
  .text               ro code  0x08000124   0x2eb4  parser.o [1]
  .text               ro code  0x08002fd8     0x36  strlen.o [5]
  .text               ro code  0x0800300e     0x1e  xsscin.o [3]
  .text               ro code  0x0800302c     0x44  strcpy_unaligned.o [5]
  .text               ro code  0x08003070    0x4bc  usart.o [1]
  .text               ro code  0x0800352c    0x868  bgm111.o [1]
  .text               ro code  0x08003d94    0x264  Rd_Sound.o [1]
  .text               ro code  0x08003ff8     0x34  sprintf.o [3]
  .text               ro code  0x0800402c     0x1c  strcat.o [3]
  .text               ro code  0x08004048    0x288  barometer.o [1]
  .text               ro code  0x080042d0   0x1084  app_data.o [1]
  .text               ro code  0x08005354   0x1be0  GridEye.o [1]
  .text               ro code  0x08006f34    0x8dc  VMonitor.o [1]
  .text               ro code  0x08007810    0xcf8  Humidity.o [1]
  .text               ro code  0x08008508    0x2cc  Temperature.o [1]
  .text               ro code  0x080087d4    0x344  RGBLight.o [1]
  .text               ro code  0x08008b18    0x1c4  gpio.o [1]
  .text               ro code  0x08008cdc    0x4e0  i2c.o [1]
  .text               ro code  0x080091bc     0x24  sscanf.o [3]
  .text               ro code  0x080091e0     0x4e  FltToDbl.o [4]
  .text               ro code  0x0800922e     0x2c  strncmp.o [3]
  .text               ro code  0x0800925a      0xa  xsprout.o [3]
  .text               ro code  0x08009264    0x140  Calibration.o [1]
  .text               ro code  0x080093a4    0x1b0  stm32l1xx_hal_cortex.o [1]
  .text               ro code  0x08009554      0xa  isdigit.o [3]
  .text               ro code  0x0800955e      0x8  atoi.o [3]
  .text               ro code  0x08009568    0x194  wwdg.o [1]
  .text               ro code  0x080096fc     0x32  I32ToFlt.o [4]
  .text               ro code  0x08009730     0xfc  FltDiv.o [4]
  .text               ro code  0x0800982c    0x8ec  stm32l1xx_hal_uart.o [1]
  .text               ro code  0x0800a118    0x656  main.o [1]
  .text               ro code  0x0800a770    0x378  stm32l1xx_hal_gpio.o [1]
  .text               ro code  0x0800aae8    0x1b0  gecko_bglib.o [1]
  .text               ro code  0x0800ac98    0x13e  ErrorCodes.o [1]
  .text               ro code  0x0800add8    0x2bc  adc.o [1]
  .text               ro code  0x0800b094    0x1ac  fix_fft.o [1]
  .text               ro code  0x0800b240     0xd8  FltMul.o [4]
  .text               ro code  0x0800b318     0x84  FltAdd.o [4]
  .text               ro code  0x0800b39c     0xf0  sqrt.o [4]
  .text               ro code  0x0800b48c     0x90  DblToFlt.o [4]
  .text               ro code  0x0800b51c     0x44  FltToS32.o [4]
  .text               ro code  0x0800b560   0x119e  xprintffull.o [3]
  .text               ro code  0x0800c700    0x248  lps25hb.o [1]
  .text               ro code  0x0800c948    0x1a2  DblMul.o [4]
  .text               ro code  0x0800caec     0x58  DblToI32.o [4]
  .text               ro code  0x0800cb44     0xb8  modf.o [4]
  .text               ro code  0x0800cbfc     0xe8  DblAdd.o [4]
  .text               ro code  0x0800cce4     0x42  strcmp_unaligned.o [5]
  .text               ro code  0x0800cd28     0x48  stm32l1xx_hal.o [1]
  .text               ro code  0x0800cd70     0x6c  strncpy_unaligned.o [5]
  .text               ro code  0x0800cddc     0x44  round.o [4]
  .text               ro code  0x0800ce20     0x30  I32ToDbl.o [4]
  .text               ro code  0x0800ce50     0x24  FltCmpGe.o [4]
  .text               ro code  0x0800ce74   0x1018  stm32l1xx_hal_i2c.o [1]
  .text               ro code  0x0800de8c    0xcf0  xscanffull.o [3]
  .text               ro code  0x0800eb7c    0x158  Flash.o [1]
  .text               ro code  0x0800ecd4    0x198  xstoul.o [3]
  .text               ro code  0x0800ee6c     0xd6  stm32l1xx_hal_wwdg.o [1]
  .text               ro code  0x0800ef44    0x24c  tim.o [1]
  .text               ro code  0x0800f190    0xcd4  stm32l1xx_hal_rcc.o [1]
  .text               ro code  0x0800fe64     0x30  dma.o [1]
  .text               ro code  0x0800fe94    0x82a  stm32l1xx_hal_adc.o [1]
  .text               ro code  0x080106c0    0xefe  stm32l1xx_hal_dma.o [1]
  .text               ro code  0x080115be     0x1c  fix_fft.o [1]
  .text               ro code  0x080115dc     0xd6  FltSub.o [4]
  .text               ro code  0x080116b4      0xc  iarEdom.o [5]
  .text               ro code  0x080116c0     0x20  xmbtowc.o [3]
  .text               ro code  0x080116e0     0x16  strchr.o [5]
  .text               ro code  0x080116f8     0x58  memchr.o [5]
  .text               ro code  0x08011750      0xa  xmbcurmax.o [3]
  .text               ro code  0x0801175c     0xb0  xxmemxmalloc.o [3]
  .text               ro code  0x0801180c     0x1a  xwctomb.o [3]
  .text               ro code  0x08011828     0x76  ABImemcpy_unaligned.o [5]
  .text               ro code  0x080118a0     0x80  xxmemxfree.o [3]
  .text               ro code  0x08011920     0xee  I64DivMod.o [5]
  .text               ro code  0x08011a0e     0x44  xdnorm.o [4]
  .text               ro code  0x08011a54     0x2e  DblCmpLe.o [4]
  .text               ro code  0x08011a84     0x2e  DblCmpGe.o [4]
  .text               ro code  0x08011ab4    0x10c  xdscale.o [4]
  .text               ro code  0x08011bc0    0x180  DblSub.o [4]
  .text               ro code  0x08011d40    0x256  DblDiv.o [4]
  .text               ro code  0x08011f98     0x6c  localeconv.o [3]
  .text               ro code  0x08012004      0xe  div.o [3]
  .text               ro code  0x08012014     0x90  stm32l1xx_hal_timebase_TIM.o [1]
  .text               ro code  0x080120a4     0x98  stm32l1xx_hal_msp.o [1]
  .text               ro code  0x0801213c     0x5e  ABImemset.o [5]
  .text               ro code  0x0801219a     0x7a  xdint.o [4]
  .text               ro code  0x08012214     0x40  xwctob.o [3]
  .text               ro code  0x08012254     0x28  isxxx.o [3]
  .text               ro code  0x0801227c     0xa6  xstoll.o [3]
  .text               ro code  0x08012324    0x1b0  xstoull.o [3]
  .text               ro code  0x080124d4    0x14c  xstold.o [4]
  .text               ro code  0x08012620    0x198  stm32l1xx_hal_flash.o [1]
  .text               ro code  0x080127b8     0x5e  ceil.o [4]
  .text               ro code  0x08012818     0xcc  stm32l1xx_hal_flash_ex.o [1]
  .text               ro code  0x080128e4     0x14  tolower.o [3]
  .text               ro code  0x080128f8      0xc  errno.o [3]
  .text               ro code  0x08012904    0x3da  stm32l1xx_hal_tim.o [1]
  .text               ro code  0x08012cde     0x5e  stm32l1xx_hal_tim_ex.o [1]
  .text               ro code  0x08012d3c     0x10  stm32l1xx_hal_pwr_ex.o [1]
  .text               ro code  0x08012d4c     0x28  setlocale.o [3]
  .text               ro code  0x08012d74     0x60  xencoding_sb.o [3]
  .text               ro code  0x08012dd4     0x2c  xgetmemchunk.o [3]
  .text               ro code  0x08012e00      0x2  I64DivZer.o [5]
  .text               ro code  0x08012e02      0x2  xtls.o [3]
  .text               ro code  0x08012e04     0x16  xlocale_c.o [3]
  .text               ro code  0x08012e1a     0x14  xlocale_c.o [3]
  .text               ro code  0x08012e2e    0x122  xstopfx.o [3]
  .text               ro code  0x08012f50    0x1d0  xstoflt.o [3]
  .rodata             const    0x08013120     0x64  Calibration.o [1]
  .text               ro code  0x08013188    0x200  xdtento.o [4]
  .text               ro code  0x08013388    0x234  xstoxflt.o [3]
  .text               ro code  0x080135bc      0xc  xlocale_c.o [3]
  .text               ro code  0x080135c8     0x20  DblCmpEq.o [4]
  .text               ro code  0x080135e8     0x52  xdunscal.o [4]
  .text               ro code  0x0801363a   0x1074  stm32l1xx_hal_pcd.o [1]
  .text               ro code  0x080146b0    0x198  usbd_conf.o [1]
  .text               ro code  0x08014848    0x2c8  usbd_core.o [1]
  .text               ro code  0x08014b10    0x608  usbd_ctlreq.o [1]
  .text               ro code  0x08015118     0x90  usbd_ioreq.o [1]
  .text               ro code  0x080151a8    0x224  tasks.o [1]
  CODE                ro code  0x080153cc     0x94  portasm.o [1]
  .text               ro code  0x08015460     0x40  list.o [1]
  .rodata             const    0x080154a0     0xc0  fix_fft.o [1]
  .text               ro code  0x08015560     0x84  stm32l1xx_it.o [1]
  .text               ro code  0x080155e4     0x10  cmsis_os.o [1]
  .text               ro code  0x080155f4     0x24  port.o [1]
  .text               ro code  0x08015618     0x64  system_stm32l1xx.o [1]
  .rodata             const    0x0801567c     0x5c  ErrorCodes.o [1]
  .rodata             const    0x080156d8     0x48  parser.o [1]
  .rodata             const    0x08015720     0x48  parser.o [1]
  .rodata             const    0x08015768     0x44  parser.o [1]
  .rodata             const    0x080157ac     0x44  parser.o [1]
  .rodata             const    0x080157f0     0x44  parser.o [1]
  .rodata             const    0x08015834     0x40  main.o [1]
  .rodata             const    0x08015874     0x40  main.o [1]
  .rodata             const    0x080158b4     0x40  parser.o [1]
  .rodata             const    0x080158f4     0x40  parser.o [1]
  .rodata             const    0x08015934     0x40  parser.o [1]
  .rodata             const    0x08015974     0x40  parser.o [1]
  .rodata             const    0x080159b4     0x40  parser.o [1]
  .rodata             const    0x080159f4     0x40  parser.o [1]
  .text               ro code  0x08015a34     0x40  zero_init3.o [5]
  .rodata             const    0x08015a74     0x3c  parser.o [1]
  .rodata             const    0x08015ab0     0x3c  parser.o [1]
  .rodata             const    0x08015aec     0x3c  parser.o [1]
  .rodata             const    0x08015b28     0x3c  parser.o [1]
  .rodata             const    0x08015b64     0x38  parser.o [1]
  .rodata             const    0x08015b9c     0x38  parser.o [1]
  .rodata             const    0x08015bd4     0x38  parser.o [1]
  .rodata             const    0x08015c0c     0x38  parser.o [1]
  .rodata             const    0x08015c44     0x38  parser.o [1]
  .text               ro code  0x08015c7c     0x38  packbits_init_single.o [5]
  .rodata             const    0x08015cb4     0x34  main.o [1]
  .rodata             const    0x08015ce8     0x34  parser.o [1]
  .rodata             const    0x08015d1c     0x34  parser.o [1]
  .rodata             const    0x08015d50     0x34  parser.o [1]
  .rodata             const    0x08015d84     0x34  parser.o [1]
  .rodata             const    0x08015db8     0x30  parser.o [1]
  .rodata             const    0x08015de8     0x30  parser.o [1]
  .rodata             const    0x08015e18     0x30  parser.o [1]
  .rodata             const    0x08015e48     0x30  parser.o [1]
  .rodata             const    0x08015e78     0x30  parser.o [1]
  .rodata             const    0x08015ea8     0x30  parser.o [1]
  .rodata             const    0x08015ed8     0x30  parser.o [1]
  .rodata             const    0x08015f08     0x30  parser.o [1]
  .rodata             const    0x08015f38     0x2c  main.o [1]
  .rodata             const    0x08015f64     0x2c  parser.o [1]
  .rodata             const    0x08015f90     0x2c  parser.o [1]
  .rodata             const    0x08015fbc     0x2c  parser.o [1]
  .rodata             const    0x08015fe8     0x2c  parser.o [1]
  .rodata             const    0x08016014     0x2c  parser.o [1]
  .rodata             const    0x08016040     0x2c  parser.o [1]
  .rodata             const    0x0801606c     0x2c  parser.o [1]
  .rodata             const    0x08016098     0x2c  parser.o [1]
  .rodata             const    0x080160c4     0x2c  parser.o [1]
  .rodata             const    0x080160f0     0x2c  parser.o [1]
  .rodata             const    0x0801611c     0x28  main.o [1]
  .rodata             const    0x08016144     0x28  main.o [1]
  .rodata             const    0x0801616c     0x28  parser.o [1]
  .rodata             const    0x08016194     0x28  parser.o [1]
  .rodata             const    0x080161bc     0x28  parser.o [1]
  .rodata             const    0x080161e4     0x28  parser.o [1]
  .rodata             const    0x0801620c     0x28  parser.o [1]
  .rodata             const    0x08016234     0x28  parser.o [1]
  .rodata             const    0x0801625c     0x28  parser.o [1]
  .rodata             const    0x08016284     0x28  parser.o [1]
  .rodata             const    0x080162ac     0x28  parser.o [1]
  .rodata             const    0x080162d4     0x28  parser.o [1]
  .rodata             const    0x080162fc     0x28  parser.o [1]
  .rodata             const    0x08016324     0x28  parser.o [1]
  .rodata             const    0x0801634c     0x28  parser.o [1]
  .rodata             const    0x08016374     0x28  parser.o [1]
  .rodata             const    0x0801639c     0x28  parser.o [1]
  .rodata             const    0x080163c4     0x28  parser.o [1]
  .rodata             const    0x080163ec     0x28  parser.o [1]
  .rodata             const    0x08016414     0x28  parser.o [1]
  .rodata             const    0x0801643c     0x28  parser.o [1]
  .rodata             const    0x08016464     0x28  parser.o [1]
  .rodata             const    0x0801648c     0x28  parser.o [1]
  .rodata             const    0x080164b4     0x28  parser.o [1]
  .rodata             const    0x080164dc     0x28  parser.o [1]
  .rodata             const    0x08016504     0x28  parser.o [1]
  .rodata             const    0x0801652c     0x28  parser.o [1]
  .rodata             const    0x08016554     0x28  parser.o [1]
  .rodata             const    0x0801657c     0x28  parser.o [1]
  .rodata             const    0x080165a4     0x28  parser.o [1]
  .rodata             const    0x080165cc     0x28  parser.o [1]
  .rodata             const    0x080165f4     0x28  parser.o [1]
  .text               ro code  0x0801661c     0x28  data_init.o [5]
  .rodata             const    0x08016644     0x24  parser.o [1]
  .rodata             const    0x08016668     0x24  parser.o [1]
  .rodata             const    0x0801668c     0x24  parser.o [1]
  .rodata             const    0x080166b0     0x24  parser.o [1]
  .rodata             const    0x080166d4     0x24  parser.o [1]
  .rodata             const    0x080166f8     0x24  parser.o [1]
  .rodata             const    0x0801671c     0x24  parser.o [1]
  .rodata             const    0x08016740     0x24  parser.o [1]
  .rodata             const    0x08016764     0x24  parser.o [1]
  .rodata             const    0x08016788     0x24  parser.o [1]
  .rodata             const    0x080167ac     0x24  parser.o [1]
  .rodata             const    0x080167d0     0x24  parser.o [1]
  .rodata             const    0x080167f4     0x24  parser.o [1]
  .rodata             const    0x08016818     0x24  parser.o [1]
  .iar.init_table     const    0x0801683c     0x30  - Linker created -
  .rodata             const    0x0801686c     0x20  app_data.o [1]
  .rodata             const    0x0801688c     0x20  app_data.o [1]
  .rodata             const    0x080168ac     0x20  bgm111.o [1]
  .rodata             const    0x080168cc     0x20  bgm111.o [1]
  .rodata             const    0x080168ec     0x20  parser.o [1]
  .rodata             const    0x0801690c     0x20  parser.o [1]
  .rodata             const    0x0801692c     0x20  parser.o [1]
  .rodata             const    0x0801694c     0x20  parser.o [1]
  .rodata             const    0x0801696c     0x20  parser.o [1]
  .rodata             const    0x0801698c     0x20  parser.o [1]
  .rodata             const    0x080169ac     0x20  parser.o [1]
  .rodata             const    0x080169cc     0x20  parser.o [1]
  .rodata             const    0x080169ec     0x20  parser.o [1]
  .rodata             const    0x08016a0c     0x20  parser.o [1]
  .rodata             const    0x08016a2c     0x20  parser.o [1]
  .rodata             const    0x08016a4c     0x20  parser.o [1]
  .rodata             const    0x08016a6c     0x20  parser.o [1]
  .rodata             const    0x08016a8c     0x20  parser.o [1]
  .rodata             const    0x08016aac     0x20  parser.o [1]
  .rodata             const    0x08016acc     0x20  parser.o [1]
  .rodata             const    0x08016aec     0x20  parser.o [1]
  .rodata             const    0x08016b0c     0x1c  bgm111.o [1]
  .rodata             const    0x08016b28     0x1c  bgm111.o [1]
  .rodata             const    0x08016b44     0x1c  bgm111.o [1]
  .rodata             const    0x08016b60     0x1c  ErrorCodes.o [1]
  .rodata             const    0x08016b7c     0x1c  parser.o [1]
  .rodata             const    0x08016b98     0x1c  parser.o [1]
  .rodata             const    0x08016bb4     0x1c  parser.o [1]
  .rodata             const    0x08016bd0     0x1c  parser.o [1]
  .rodata             const    0x08016bec     0x1c  parser.o [1]
  .rodata             const    0x08016c08     0x1c  parser.o [1]
  .rodata             const    0x08016c24     0x1c  parser.o [1]
  .text               ro code  0x08016c40     0x1a  cmain.o [5]
  .text               ro code  0x08016c5a      0x4  low_level_init.o [3]
  .text               ro code  0x08016c5e      0x4  exit.o [3]
  .text               ro code  0x08016c64      0xa  cexit.o [5]
  .text               ro code  0x08016c70     0x14  exit.o [6]
  .rodata             const    0x08016c84     0x18  app_data.o [1]
  .rodata             const    0x08016c9c     0x18  bgm111.o [1]
  .rodata             const    0x08016cb4     0x18  parser.o [1]
  .rodata             const    0x08016ccc     0x18  parser.o [1]
  .rodata             const    0x08016ce4     0x18  parser.o [1]
  .rodata             const    0x08016cfc     0x18  parser.o [1]
  .rodata             const    0x08016d14     0x18  parser.o [1]
  .rodata             const    0x08016d2c     0x18  parser.o [1]
  .rodata             const    0x08016d44     0x18  parser.o [1]
  .rodata             const    0x08016d5c     0x18  parser.o [1]
  .rodata             const    0x08016d74     0x18  parser.o [1]
  .rodata             const    0x08016d8c     0x18  parser.o [1]
  .rodata             const    0x08016da4     0x18  parser.o [1]
  .rodata             const    0x08016dbc     0x18  parser.o [1]
  .rodata             const    0x08016dd4     0x18  parser.o [1]
  .rodata             const    0x08016dec     0x18  parser.o [1]
  .rodata             const    0x08016e04     0x18  parser.o [1]
  .rodata             const    0x08016e1c     0x18  parser.o [1]
  .rodata             const    0x08016e34     0x18  parser.o [1]
  .rodata             const    0x08016e4c     0x18  parser.o [1]
  .rodata             const    0x08016e64     0x18  parser.o [1]
  .rodata             const    0x08016e7c     0x18  parser.o [1]
  .rodata             const    0x08016e94     0x18  parser.o [1]
  .rodata             const    0x08016eac     0x18  parser.o [1]
  .rodata             const    0x08016ec4     0x18  parser.o [1]
  .rodata             const    0x08016edc     0x18  parser.o [1]
  .rodata             const    0x08016ef4     0x18  parser.o [1]
  .rodata             const    0x08016f0c     0x18  parser.o [1]
  .rodata             const    0x08016f24     0x18  parser.o [1]
  .rodata             const    0x08016f3c     0x18  parser.o [1]
  .rodata             const    0x08016f54     0x18  parser.o [1]
  .rodata             const    0x08016f6c     0x18  parser.o [1]
  .rodata             const    0x08016f84     0x18  parser.o [1]
  .rodata             const    0x08016f9c     0x18  parser.o [1]
  .rodata             const    0x08016fb4     0x18  parser.o [1]
  .rodata             const    0x08016fcc     0x18  parser.o [1]
  .rodata             const    0x08016fe4     0x18  parser.o [1]
  .rodata             const    0x08016ffc     0x18  parser.o [1]
  .rodata             const    0x08017014     0x18  parser.o [1]
  .rodata             const    0x0801702c     0x18  parser.o [1]
  .rodata             const    0x08017044     0x18  parser.o [1]
  .rodata             const    0x0801705c     0x18  parser.o [1]
  .rodata             const    0x08017074     0x18  parser.o [1]
  .rodata             const    0x0801708c     0x18  parser.o [1]
  .rodata             const    0x080170a4     0x18  parser.o [1]
  .rodata             const    0x080170bc     0x18  parser.o [1]
  .rodata             const    0x080170d4     0x18  parser.o [1]
  .rodata             const    0x080170ec     0x18  parser.o [1]
  .rodata             const    0x08017104     0x18  parser.o [1]
  .rodata             const    0x0801711c     0x18  parser.o [1]
  .rodata             const    0x08017134     0x18  parser.o [1]
  .rodata             const    0x0801714c     0x14  app_data.o [1]
  .rodata             const    0x08017160     0x14  app_data.o [1]
  .rodata             const    0x08017174     0x14  app_data.o [1]
  .rodata             const    0x08017188     0x14  app_data.o [1]
  .rodata             const    0x0801719c     0x14  app_data.o [1]
  .rodata             const    0x080171b0     0x14  app_data.o [1]
  .rodata             const    0x080171c4     0x14  app_data.o [1]
  .rodata             const    0x080171d8     0x14  app_data.o [1]
  .rodata             const    0x080171ec     0x14  app_data.o [1]
  .rodata             const    0x08017200     0x14  app_data.o [1]
  .rodata             const    0x08017214     0x14  app_data.o [1]
  .rodata             const    0x08017228     0x14  app_data.o [1]
  .rodata             const    0x0801723c     0x14  app_data.o [1]
  .rodata             const    0x08017250     0x14  app_data.o [1]
  .rodata             const    0x08017264     0x14  app_data.o [1]
  .rodata             const    0x08017278     0x14  app_data.o [1]
  .rodata             const    0x0801728c     0x14  app_data.o [1]
  .rodata             const    0x080172a0     0x14  app_data.o [1]
  .rodata             const    0x080172b4     0x14  app_data.o [1]
  .rodata             const    0x080172c8     0x14  app_data.o [1]
  .rodata             const    0x080172dc     0x14  app_data.o [1]
  .rodata             const    0x080172f0     0x14  app_data.o [1]
  .rodata             const    0x08017304     0x14  app_data.o [1]
  .rodata             const    0x08017318     0x14  app_data.o [1]
  .rodata             const    0x0801732c     0x14  app_data.o [1]
  .rodata             const    0x08017340     0x14  app_data.o [1]
  .rodata             const    0x08017354     0x14  app_data.o [1]
  .rodata             const    0x08017368     0x14  app_data.o [1]
  .rodata             const    0x0801737c     0x14  bgm111.o [1]
  .rodata             const    0x08017390     0x14  bgm111.o [1]
  .rodata             const    0x080173a4     0x14  bgm111.o [1]
  .rodata             const    0x080173b8     0x14  bgm111.o [1]
  .rodata             const    0x080173cc     0x14  bgm111.o [1]
  .rodata             const    0x080173e0     0x14  Calibration.o [1]
  .rodata             const    0x080173f4     0x14  ErrorCodes.o [1]
  .rodata             const    0x08017408     0x14  gpio.o [1]
  .rodata             const    0x0801741c     0x14  parser.o [1]
  .rodata             const    0x08017430     0x14  parser.o [1]
  .rodata             const    0x08017444     0x14  parser.o [1]
  .rodata             const    0x08017458     0x14  parser.o [1]
  .rodata             const    0x0801746c     0x14  parser.o [1]
  .rodata             const    0x08017480     0x14  parser.o [1]
  .rodata             const    0x08017494     0x14  parser.o [1]
  .rodata             const    0x080174a8     0x14  parser.o [1]
  .rodata             const    0x080174bc     0x14  parser.o [1]
  .rodata             const    0x080174d0     0x14  parser.o [1]
  .rodata             const    0x080174e4     0x14  parser.o [1]
  .rodata             const    0x080174f8     0x14  parser.o [1]
  .rodata             const    0x0801750c     0x14  parser.o [1]
  .rodata             const    0x08017520     0x14  parser.o [1]
  .rodata             const    0x08017534     0x10  app_data.o [1]
  .rodata             const    0x08017544     0x10  app_data.o [1]
  .rodata             const    0x08017554     0x10  bgm111.o [1]
  .rodata             const    0x08017564     0x10  bgm111.o [1]
  .rodata             const    0x08017574     0x10  bgm111.o [1]
  .rodata             const    0x08017584     0x10  bgm111.o [1]
  .rodata             const    0x08017594     0x10  bgm111.o [1]
  .rodata             const    0x080175a4     0x10  main.o [1]
  .rodata             const    0x080175b4     0x10  parser.o [1]
  .rodata             const    0x080175c4     0x10  parser.o [1]
  .rodata             const    0x080175d4     0x10  parser.o [1]
  .rodata             const    0x080175e4     0x10  parser.o [1]
  .rodata             const    0x080175f4     0x10  parser.o [1]
  .rodata             const    0x08017604     0x10  system_stm32l1xx.o [1]
  .text               ro code  0x08017614     0x10  startup_stm32l152xe.o [1]
  .rodata             const    0x08017624      0xc  app_data.o [1]
  .rodata             const    0x08017630      0xc  bgm111.o [1]
  .rodata             const    0x0801763c      0xc  bgm111.o [1]
  .rodata             const    0x08017648      0xc  bgm111.o [1]
  .rodata             const    0x08017654      0xc  bgm111.o [1]
  .rodata             const    0x08017660      0xc  bgm111.o [1]
  .rodata             const    0x0801766c      0xc  Calibration.o [1]
  .rodata             const    0x08017678      0xc  Calibration.o [1]
  .rodata             const    0x08017684      0xc  Calibration.o [1]
  .rodata             const    0x08017690      0xc  Calibration.o [1]
  .rodata             const    0x0801769c      0xc  Calibration.o [1]
  .rodata             const    0x080176a8      0xc  Calibration.o [1]
  .rodata             const    0x080176b4      0xc  Calibration.o [1]
  .rodata             const    0x080176c0      0xc  Calibration.o [1]
  .rodata             const    0x080176cc      0xc  Calibration.o [1]
  .rodata             const    0x080176d8      0xc  Calibration.o [1]
  .rodata             const    0x080176e4      0xc  Calibration.o [1]
  .rodata             const    0x080176f0      0xc  Calibration.o [1]
  .rodata             const    0x080176fc      0xc  Calibration.o [1]
  .rodata             const    0x08017708      0xc  Calibration.o [1]
  .rodata             const    0x08017714      0xc  Calibration.o [1]
  .rodata             const    0x08017720      0xc  Calibration.o [1]
  .rodata             const    0x0801772c      0xc  Calibration.o [1]
  .rodata             const    0x08017738      0xc  Calibration.o [1]
  .rodata             const    0x08017744      0xc  Calibration.o [1]
  .rodata             const    0x08017750      0xc  parser.o [1]
  .rodata             const    0x0801775c      0xc  parser.o [1]
  .rodata             const    0x08017768      0xc  parser.o [1]
  .rodata             const    0x08017774      0xc  parser.o [1]
  .rodata             const    0x08017780      0xc  parser.o [1]
  .rodata             const    0x0801778c      0xc  parser.o [1]
  .rodata             const    0x08017798      0xc  parser.o [1]
  .rodata             const    0x080177a4      0xc  stm32l1xx_hal_rcc.o [1]
  .text               ro code  0x080177b0      0xc  cstartup_M.o [5]
  .rodata             const    0x080177bc      0x8  app_data.o [1]
  .rodata             const    0x080177c4      0x8  app_data.o [1]
  .rodata             const    0x080177cc      0x8  app_data.o [1]
  .rodata             const    0x080177d4      0x8  app_data.o [1]
  .rodata             const    0x080177dc      0x8  barometer.o [1]
  .rodata             const    0x080177e4      0x8  barometer.o [1]
  .rodata             const    0x080177ec      0x8  barometer.o [1]
  .rodata             const    0x080177f4      0x8  barometer.o [1]
  .rodata             const    0x080177fc      0x8  barometer.o [1]
  .rodata             const    0x08017804      0x8  bgm111.o [1]
  .rodata             const    0x0801780c      0x8  bgm111.o [1]
  .rodata             const    0x08017814      0x8  bgm111.o [1]
  .rodata             const    0x0801781c      0x8  Calibration.o [1]
  .rodata             const    0x08017824      0x8  Calibration.o [1]
  .rodata             const    0x0801782c      0x8  Calibration.o [1]
  .rodata             const    0x08017834      0x8  Calibration.o [1]
  .rodata             const    0x0801783c      0x8  ErrorCodes.o [1]
  .rodata             const    0x08017844      0x8  ErrorCodes.o [1]
  .rodata             const    0x0801784c      0x8  ErrorCodes.o [1]
  .rodata             const    0x08017854      0x8  ErrorCodes.o [1]
  .rodata             const    0x0801785c      0x8  ErrorCodes.o [1]
  .rodata             const    0x08017864      0x8  ErrorCodes.o [1]
  .rodata             const    0x0801786c      0x8  ErrorCodes.o [1]
  .rodata             const    0x08017874      0x8  ErrorCodes.o [1]
  .rodata             const    0x0801787c      0x8  ErrorCodes.o [1]
  .rodata             const    0x08017884      0x8  ErrorCodes.o [1]
  .rodata             const    0x0801788c      0x8  ErrorCodes.o [1]
  .rodata             const    0x08017894      0x8  ErrorCodes.o [1]
  .rodata             const    0x0801789c      0x8  ErrorCodes.o [1]
  .rodata             const    0x080178a4      0x8  ErrorCodes.o [1]
  .rodata             const    0x080178ac      0x8  ErrorCodes.o [1]
  .rodata             const    0x080178b4      0x8  ErrorCodes.o [1]
  .rodata             const    0x080178bc      0x8  ErrorCodes.o [1]
  .rodata             const    0x080178c4      0x8  ErrorCodes.o [1]
  .rodata             const    0x080178cc      0x8  ErrorCodes.o [1]
  .rodata             const    0x080178d4      0x8  ErrorCodes.o [1]
  .rodata             const    0x080178dc      0x8  ErrorCodes.o [1]
  .rodata             const    0x080178e4      0x8  ErrorCodes.o [1]
  .rodata             const    0x080178ec      0x8  ErrorCodes.o [1]
  .rodata             const    0x080178f4      0x8  GridEye.o [1]
  .rodata             const    0x080178fc      0x8  GridEye.o [1]
  .rodata             const    0x08017904      0x8  GridEye.o [1]
  .rodata             const    0x0801790c      0x8  Humidity.o [1]
  .rodata             const    0x08017914      0x8  Humidity.o [1]
  .rodata             const    0x0801791c      0x8  Humidity.o [1]
  .rodata             const    0x08017924      0x8  Humidity.o [1]
  .rodata             const    0x0801792c      0x8  main.o [1]
  .rodata             const    0x08017934      0x8  main.o [1]
  .rodata             const    0x0801793c      0x8  parser.o [1]
  .rodata             const    0x08017944      0x8  parser.o [1]
  .rodata             const    0x0801794c      0x8  parser.o [1]
  .rodata             const    0x08017954      0x8  parser.o [1]
  .rodata             const    0x0801795c      0x8  parser.o [1]
  .rodata             const    0x08017964      0x8  parser.o [1]
  .rodata             const    0x0801796c      0x8  parser.o [1]
  .rodata             const    0x08017974      0x8  parser.o [1]
  .rodata             const    0x0801797c      0x8  parser.o [1]
  .rodata             const    0x08017984      0x8  parser.o [1]
  .rodata             const    0x0801798c      0x8  parser.o [1]
  .rodata             const    0x08017994      0x8  parser.o [1]
  .rodata             const    0x0801799c      0x8  parser.o [1]
  .rodata             const    0x080179a4      0x8  parser.o [1]
  .rodata             const    0x080179ac      0x8  parser.o [1]
  .rodata             const    0x080179b4      0x8  parser.o [1]
  .rodata             const    0x080179bc      0x8  parser.o [1]
  .rodata             const    0x080179c4      0x8  parser.o [1]
  .rodata             const    0x080179cc      0x8  parser.o [1]
  .rodata             const    0x080179d4      0x8  parser.o [1]
  .rodata             const    0x080179dc      0x8  parser.o [1]
  .rodata             const    0x080179e4      0x8  parser.o [1]
  .rodata             const    0x080179ec      0x8  parser.o [1]
  .rodata             const    0x080179f4      0x8  parser.o [1]
  .rodata             const    0x080179fc      0x8  parser.o [1]
  .rodata             const    0x08017a04      0x8  Rd_Sound.o [1]
  .rodata             const    0x08017a0c      0x8  RGBLight.o [1]
  .rodata             const    0x08017a14      0x8  RGBLight.o [1]
  .rodata             const    0x08017a1c      0x8  system_stm32l1xx.o [1]
  .rodata             const    0x08017a24      0x8  Temperature.o [1]
  .rodata             const    0x08017a2c      0x8  Temperature.o [1]
  .rodata             const    0x08017a34      0x8  Temperature.o [1]
  .rodata             const    0x08017a3c      0x8  VMonitor.o [1]
  .rodata             const    0x08017a44      0x8  VMonitor.o [1]
  .rodata             const    0x08017a4c      0x8  VMonitor.o [1]
  .rodata             const    0x08017a54      0x8  VMonitor.o [1]
  .rodata             const    0x08017a5c      0x8  VMonitor.o [1]
  .rodata             const    0x08017a64      0x4  stm32l1xx_hal_rcc.o [1]
  .text               ro code  0x08017a68      0x4  startup_stm32l152xe.o [1]
  .text               ro code  0x08017a6c      0x4  startup_stm32l152xe.o [1]
  .text               ro code  0x08017a70      0x4  startup_stm32l152xe.o [1]
  .text               ro code  0x08017a74      0x4  startup_stm32l152xe.o [1]
  .text               ro code  0x08017a78      0x4  startup_stm32l152xe.o [1]
  .text               ro code  0x08017a7c      0x4  startup_stm32l152xe.o [1]
  .text               ro code  0x08017a80      0x4  startup_stm32l152xe.o [1]
  .text               ro code  0x08017a84      0x4  startup_stm32l152xe.o [1]
  .text               ro code  0x08017a88      0x4  startup_stm32l152xe.o [1]
  .text               ro code  0x08017a8c      0x4  startup_stm32l152xe.o [1]
  .text               ro code  0x08017a90      0x4  startup_stm32l152xe.o [1]
  .text               ro code  0x08017a94      0x4  startup_stm32l152xe.o [1]
  .text               ro code  0x08017a98      0x4  startup_stm32l152xe.o [1]
  .text               ro code  0x08017a9c      0x4  startup_stm32l152xe.o [1]
  .text               ro code  0x08017aa0      0x4  startup_stm32l152xe.o [1]
  .text               ro code  0x08017aa4      0x4  startup_stm32l152xe.o [1]
  .text               ro code  0x08017aa8      0x4  startup_stm32l152xe.o [1]
  .text               ro code  0x08017aac      0x4  startup_stm32l152xe.o [1]
  .text               ro code  0x08017ab0      0x4  startup_stm32l152xe.o [1]
  .text               ro code  0x08017ab4      0x4  startup_stm32l152xe.o [1]
  .text               ro code  0x08017ab8      0x4  startup_stm32l152xe.o [1]
  .text               ro code  0x08017abc      0x4  startup_stm32l152xe.o [1]
  .text               ro code  0x08017ac0      0x4  startup_stm32l152xe.o [1]
  .text               ro code  0x08017ac4      0x4  startup_stm32l152xe.o [1]
  .text               ro code  0x08017ac8      0x4  startup_stm32l152xe.o [1]
  .text               ro code  0x08017acc      0x4  startup_stm32l152xe.o [1]
  .text               ro code  0x08017ad0      0x4  startup_stm32l152xe.o [1]
  .text               ro code  0x08017ad4      0x4  startup_stm32l152xe.o [1]
  .text               ro code  0x08017ad8      0x4  startup_stm32l152xe.o [1]
  .text               ro code  0x08017adc      0x4  startup_stm32l152xe.o [1]
  .text               ro code  0x08017ae0      0x4  startup_stm32l152xe.o [1]
  .text               ro code  0x08017ae4      0x4  startup_stm32l152xe.o [1]
  .text               ro code  0x08017ae8      0x4  startup_stm32l152xe.o [1]
  .text               ro code  0x08017aec      0x4  startup_stm32l152xe.o [1]
  .text               ro code  0x08017af0      0x4  startup_stm32l152xe.o [1]
  .text               ro code  0x08017af4      0x4  startup_stm32l152xe.o [1]
  .text               ro code  0x08017af8      0x4  startup_stm32l152xe.o [1]
  .text               ro code  0x08017afc      0x4  startup_stm32l152xe.o [1]
  .text               ro code  0x08017b00      0x4  startup_stm32l152xe.o [1]
  .text               ro code  0x08017b04      0x4  startup_stm32l152xe.o [1]
  .text               ro code  0x08017b08      0x4  startup_stm32l152xe.o [1]
  .text               ro code  0x08017b0c      0x4  startup_stm32l152xe.o [1]
  .text               ro code  0x08017b10      0x4  startup_stm32l152xe.o [1]
  .text               ro code  0x08017b14      0x4  startup_stm32l152xe.o [1]
  .text               ro code  0x08017b18      0x4  startup_stm32l152xe.o [1]
  .text               ro code  0x08017b1c      0x4  startup_stm32l152xe.o [1]
  .text               ro code  0x08017b20      0x4  startup_stm32l152xe.o [1]
  .text               ro code  0x08017b24      0x4  startup_stm32l152xe.o [1]
  .text               ro code  0x08017b28      0x4  startup_stm32l152xe.o [1]
  .text               ro code  0x08017b2c      0x4  startup_stm32l152xe.o [1]
  .rodata             const    0x08017b30      0x0  zero_init3.o [5]
  .rodata             const    0x08017b30      0x0  packbits_init_single.o [5]
  Initializer bytes   const    0x08017b30     0x54  <for P2-1>
                             - 0x08017b84  0x17a60

Absolute sections, part 1 of 2:               0x18
  .bss                zero     0x08070000     0x18  wwdg.o [1]
                             - 0x08070018     0x18

Absolute sections, part 2 of 2:               0xc8
  .bss                zero     0x08070100     0xc8  Calibration.o [1]
                             - 0x080701c8     0xc8

"P2", part 1 of 3:                           0x14c
  P2-1                         0x20000000    0x14c  <Init block>
    .data             inited   0x20000000      0xc  adc.o [1]
    .data             inited   0x2000000c      0x4  bgm111.o [1]
    .data             inited   0x20000010      0x4  bgm111.o [1]
    .data             inited   0x20000014     0x24  gpio.o [1]
    .data             inited   0x20000038      0x4  system_stm32l1xx.o [1]
    .data             inited   0x2000003c      0x4  tim.o [1]
    .data             inited   0x20000040      0x4  tim.o [1]
    .data             inited   0x20000044      0x4  tim.o [1]
    .data             inited   0x20000048      0x4  usart.o [1]
    __DLIB_PERTHREAD  inited   0x2000004c     0x88  localeconv.o [3]
    __DLIB_PERTHREAD  inited   0x200000d4      0x4  errno.o [3]
    __DLIB_PERTHREAD  inited   0x200000d8     0x74  setlocale.o [3]
                             - 0x2000014c    0x14c

"P2", part 2 of 3:                          0x1000
  CSTACK                       0x20000150   0x1000  <Block>
    CSTACK            uninit   0x20000150   0x1000  <Block tail>
  HEAP                         0x20001150      0x0  <Block>
                             - 0x20001150   0x1000

"P2", part 3 of 3:                          0x2524
  .bss                zero     0x20001150    0xf78  bgm111.o [1]
  .bss                zero     0x200020c8    0x324  bgm111.o [1]
  .bss                zero     0x200023ec    0x324  ErrorCodes.o [1]
  .bss                zero     0x20002710    0x248  app_data.o [1]
  .bss                zero     0x20002958    0x248  app_data.o [1]
  .bss                zero     0x20002ba0    0x220  usbd_conf.o [1]
  .bss                zero     0x20002dc0    0x1a0  bgm111.o [1]
  .bss                zero     0x20002f60     0xc8  Calibration.o [1]
  .bss                zero     0x20003028     0x8c  tasks.o [1]
  .bss                zero     0x200030b4     0x84  bgm111.o [1]
  .bss                zero     0x20003138     0x84  bgm111.o [1]
  .bss                zero     0x200031bc     0x80  Rd_Sound.o [1]
  .bss                zero     0x2000323c     0x80  Rd_Sound.o [1]
  .bss                zero     0x200032bc     0x80  Rd_Sound.o [1]
  .bss                zero     0x2000333c     0x54  adc.o [1]
  .bss                zero     0x20003390     0x40  usart.o [1]
  .bss                zero     0x200033d0     0x40  usart.o [1]
  .bss                zero     0x20003410     0x3c  i2c.o [1]
  .bss                zero     0x2000344c     0x38  adc.o [1]
  .bss                zero     0x20003484     0x38  stm32l1xx_hal_timebase_TIM.o [1]
  .bss                zero     0x200034bc     0x38  tim.o [1]
  .bss                zero     0x200034f4     0x38  tim.o [1]
  .bss                zero     0x2000352c     0x28  bgm111.o [1]
  .bss                zero     0x20003554     0x28  usart.o [1]
  .bss                zero     0x2000357c     0x1c  Flash.o [1]
  .bss                zero     0x20003598     0x18  stm32l1xx_hal_flash.o [1]
  .bss                zero     0x200035b0     0x18  wwdg.o [1]
  .bss                zero     0x200035c8     0x14  wwdg.o [1]
  .bss                zero     0x200035dc      0xc  adc.o [1]
  .bss                zero     0x200035e8      0xc  app_data.o [1]
  .bss                zero     0x200035f4      0xc  Flash.o [1]
  .bss                zero     0x20003600      0x8  xxmemxmalloc.o [3]
  .bss                zero     0x20003608      0x4  app_data.o [1]
  .bss                zero     0x2000360c      0x4  bgm111.o [1]
  .bss                zero     0x20003610      0x4  bgm111.o [1]
  .bss                zero     0x20003614      0x4  bgm111.o [1]
  .bss                zero     0x20003618      0x4  bgm111.o [1]
  .bss                zero     0x2000361c      0x4  bgm111.o [1]
  .bss                zero     0x20003620      0x4  Flash.o [1]
  .bss                zero     0x20003624      0x4  stm32l1xx_hal.o [1]
  .bss                zero     0x20003628      0x4  tasks.o [1]
  .bss                zero     0x2000362c      0x4  tasks.o [1]
  .bss                zero     0x20003630      0x4  tasks.o [1]
  .bss                zero     0x20003634      0x4  tasks.o [1]
  .bss                zero     0x20003638      0x4  tasks.o [1]
  .bss                zero     0x2000363c      0x4  tasks.o [1]
  .bss                zero     0x20003640      0x4  tasks.o [1]
  .bss                zero     0x20003644      0x4  tasks.o [1]
  .bss                zero     0x20003648      0x4  tasks.o [1]
  .bss                zero     0x2000364c      0x4  tasks.o [1]
  .bss                zero     0x20003650      0x4  tasks.o [1]
  .bss                zero     0x20003654      0x4  usart.o [1]
  .bss                zero     0x20003658      0x4  usart.o [1]
  .bss                zero     0x2000365c      0x4  wwdg.o [1]
  .bss                zero     0x20003660      0x4  xgetmemchunk.o [3]
  .bss                zero     0x20003664      0x2  app_data.o [1]
  .bss                zero     0x20003666      0x2  app_data.o [1]
  .bss                zero     0x20003668      0x1  adc.o [1]
  .bss                zero     0x20003669      0x1  adc.o [1]
  .bss                zero     0x2000366a      0x1  adc.o [1]
  .bss                zero     0x2000366b      0x1  bgm111.o [1]
  .bss                zero     0x2000366c      0x1  parser.o [1]
  .bss                zero     0x2000366d      0x1  tim.o [1]
  .bss                zero     0x2000366e      0x1  tim.o [1]
  .bss                zero     0x2000366f      0x1  usart.o [1]
  .bss                zero     0x20003670      0x1  usart.o [1]
  .bss                zero     0x20003671      0x1  usart.o [1]
  .bss                zero     0x20003672      0x1  usbd_ctlreq.o [1]
  .bss                zero     0x20003673      0x1  wwdg.o [1]
                             - 0x20003674   0x2524


*******************************************************************************
*** INIT TABLE
***

          Address     Size
          -------     ----
Zero (__iar_zero_init3)
    3 destination ranges, total size 0x2604:
          0x08070000    0x18
          0x08070100    0xc8
          0x20001150  0x2524

Copy/packbits (__iar_packbits_init_single3)
    1 source range, total size 0x54 (25% of destination):
          0x08017b30    0x54
    1 destination range, total size 0x14c:
          0x20000000   0x14c



*******************************************************************************
*** MODULE SUMMARY
***

    Module                        ro code  ro data  rw data  rw data
                                                              (abs)
    ------                        -------  -------  -------  -------
D:\GoogleDriveCLT\GoogleDrive\WeatherCloud\Roadboard\Software\Road-Board-December-2016N8\EWARM\Road Brd MSTR Rev L Long Always\Obj: [1]
    Calibration.o                     320      380      200      200
    ErrorCodes.o                      318      324      804
    Flash.o                           344                44
    GridEye.o                       7 136       24
    Humidity.o                      3 320       32
    RGBLight.o                        836       16
    Rd_Sound.o                        612        8      384
    Temperature.o                     716       24
    VMonitor.o                      2 268       40
    adc.o                             700        3      167
    app_data.o                      4 228      724    1 188
    barometer.o                       648       40
    bgm111.o                        2 152      438    5 513
    cmsis_os.o                         16
    dma.o                              48
    fix_fft.o                         456      192
    gecko_bglib.o                     432
    gpio.o                            452       29       36
    i2c.o                           1 248                60
    list.o                             64
    lps25hb.o                         584
    main.o                          1 622      336
    parser.o                       11 956    6 548        1
    port.o                             36
    portasm.o                         148
    startup_stm32l152xe.o             508
    stm32l1xx_hal.o                    72                 4
    stm32l1xx_hal_adc.o             2 090
    stm32l1xx_hal_cortex.o            432
    stm32l1xx_hal_dma.o             3 838
    stm32l1xx_hal_flash.o             408                24
    stm32l1xx_hal_flash_ex.o          204
    stm32l1xx_hal_gpio.o              888
    stm32l1xx_hal_i2c.o             4 120
    stm32l1xx_hal_msp.o               152
    stm32l1xx_hal_pcd.o             4 212
    stm32l1xx_hal_pwr_ex.o             16
    stm32l1xx_hal_rcc.o             3 284       16
    stm32l1xx_hal_tim.o               986
    stm32l1xx_hal_tim_ex.o             94
    stm32l1xx_hal_timebase_TIM.o      144                56
    stm32l1xx_hal_uart.o            2 284
    stm32l1xx_hal_wwdg.o              214
    stm32l1xx_it.o                    132
    system_stm32l1xx.o                100       25        4
    tasks.o                           548               184
    tim.o                             588        3      126
    usart.o                         1 212        1      183
    usbd_conf.o                       408               544
    usbd_core.o                       712
    usbd_ctlreq.o                   1 544                 1
    usbd_ioreq.o                      144
    wwdg.o                            404                49       24
    ----------------------------------------------------------------
    Total:                         70 398    9 203    9 572      224

command line: [2]
    ----------------------------------------------------------------
    Total:

dl7M_tlf.a: [3]
    atoi.o                              8
    div.o                              14
    errno.o                            12        1        4
    exit.o                              4
    isdigit.o                          10
    isxxx.o                            40
    localeconv.o                      108       34      136
    low_level_init.o                    4
    setlocale.o                        40       30      116
    sprintf.o                          52
    sscanf.o                           36
    strcat.o                           28
    strncmp.o                          44
    tolower.o                          20
    xencoding_sb.o                     96
    xgetmemchunk.o                     44                 4
    xlocale_c.o                        54
    xmbcurmax.o                        10
    xmbtowc.o                          32
    xprintffull.o                   4 510
    xscanffull.o                    3 312
    xsprout.o                          10
    xsscin.o                           30
    xstoflt.o                         464
    xstoll.o                          166
    xstopfx.o                         290
    xstoul.o                          408
    xstoull.o                         432
    xstoxflt.o                        564
    xtls.o                              2
    xwctob.o                           64
    xwctomb.o                          26
    xxmemxfree.o                      128
    xxmemxmalloc.o                    176                 8
    ----------------------------------------------------------------
    Total:                         11 238       65      268

m7M_tl.a: [4]
    DblAdd.o                          232
    DblCmpEq.o                         32
    DblCmpGe.o                         46
    DblCmpLe.o                         46
    DblDiv.o                          598
    DblMul.o                          418
    DblSub.o                          384
    DblToFlt.o                        144
    DblToI32.o                         88
    FltAdd.o                          132
    FltCmpGe.o                         36
    FltDiv.o                          252
    FltMul.o                          216
    FltSub.o                          214
    FltToDbl.o                         78
    FltToS32.o                         68
    I32ToDbl.o                         48
    I32ToFlt.o                         50
    ceil.o                             94
    modf.o                            184
    round.o                            68
    sqrt.o                            240
    xdint.o                           122
    xdnorm.o                           68
    xdscale.o                         268
    xdtento.o                         512
    xdunscal.o                         82
    xstold.o                          332
    ----------------------------------------------------------------
    Total:                          5 052

rt7M_tl.a: [5]
    ABImemcpy_unaligned.o             118
    ABImemset.o                        94
    I64DivMod.o                       238
    I64DivZer.o                         2
    cexit.o                            10
    cmain.o                            26
    cstartup_M.o                       12
    data_init.o                        40
    iarEdom.o                          12
    memchr.o                           88
    packbits_init_single.o             56
    strchr.o                           22
    strcmp_unaligned.o                 66
    strcpy_unaligned.o                 68
    strlen.o                           54
    strncpy_unaligned.o               108
    zero_init3.o                       64
    ----------------------------------------------------------------
    Total:                          1 078

shb_l.a: [6]
    exit.o                             20
    ----------------------------------------------------------------
    Total:                             20

    Gaps                               54
    Linker created                              48    4 096
--------------------------------------------------------------------
    Grand Total:                   87 840    9 316   13 936      224


*******************************************************************************
*** ENTRY LIST
***

Entry                      Address    Size  Type      Object
-----                      -------    ----  ----      ------
.iar.init_table$$Base   0x0801683c           --   Gb  - Linker created -
.iar.init_table$$Limit  0x0801686c           --   Gb  - Linker created -
?main                   0x08016c41          Code  Gb  cmain.o [5]
ADC_Channel             0x2000366a     0x1  Data  Lc  adc.o [1]
ADC_Config              0x0800af0f    0xbe  Code  Gb  adc.o [1]
ADC_ConversionStop_Disable
                        0x080105d5    0x4a  Code  Gb  stm32l1xx_hal_adc.o [1]
ADC_DMAConvCplt         0x08010621    0x6e  Code  Lc  stm32l1xx_hal_adc.o [1]
ADC_DMAError            0x080106a1    0x1e  Code  Lc  stm32l1xx_hal_adc.o [1]
ADC_DMAHalfConvCplt     0x08010691     0xe  Code  Lc  stm32l1xx_hal_adc.o [1]
ADC_Enable              0x08010537    0x72  Code  Gb  stm32l1xx_hal_adc.o [1]
AHBPrescTable           0x08017604    0x10  Data  Gb  system_stm32l1xx.o [1]
APBPrescTable           0x08017a1c     0x8  Data  Gb  system_stm32l1xx.o [1]
BGM111_Connected        0x08003875     0xa  Code  Gb  bgm111.o [1]
BGM111_DataConnected    0x0800387f     0xa  Code  Gb  bgm111.o [1]
BGM111_GetTackState     0x0800394f     0xa  Code  Gb  bgm111.o [1]
BGM111_Init             0x0800362b    0x32  Code  Gb  bgm111.o [1]
BGM111_LowLevel_Init    0x0800356d    0x48  Code  Gb  bgm111.o [1]
BGM111_Peek             0x08003621     0xa  Code  Gb  bgm111.o [1]
BGM111_ProcessInput     0x0800365d   0x20e  Code  Gb  bgm111.o [1]
BGM111_Ready            0x0800386b     0xa  Code  Gb  bgm111.o [1]
BGM111_Receive          0x080035c3    0x5e  Code  Gb  bgm111.o [1]
BGM111_SetSyncFlg       0x0800392f     0xa  Code  Gb  bgm111.o [1]
BGM111_SetTackState     0x08003959     0xa  Code  Gb  bgm111.o [1]
BGM111_SyncModeTest     0x08003889    0x82  Code  Gb  bgm111.o [1]
BGM111_SyncModeTestNoInc
                        0x0800390b    0x24  Code  Gb  bgm111.o [1]
BGM111_Transmit         0x080039fd   0x11e  Code  Gb  bgm111.o [1]
BGM111_UART_IRQHandler  0x08003963    0x90  Code  Gb  bgm111.o [1]
BGM111_cntrlSetSyncFlg  0x08003939    0x16  Code  Gb  bgm111.o [1]
Bypass                  0x2000366c     0x1  Data  Lc  parser.o [1]
CSTACK$$Base            0x20000150           --   Gb  - Linker created -
CSTACK$$Limit           0x20001150           --   Gb  - Linker created -
Cal_Save_Frames         0x20002f60    0xc8  Data  Lc  Calibration.o [1]
Calibration_HardFrames  0x08070100    0xc8  Data  Gb  Calibration.o [1]
Clear_Timer2_Flg        0x0800f0ad     0x8  Code  Gb  tim.o [1]
ClrDataStructure        0x080042f5    0xb0  Code  Gb  app_data.o [1]
Clr_HeartBeat           0x080051f1     0x8  Code  Gb  app_data.o [1]
Clr_HrtBeat_Cnt         0x080051d7     0x8  Code  Gb  app_data.o [1]
CodesArray              0x0801567c    0x5c  Data  Gb  ErrorCodes.o [1]
DMA1_Channel1_IRQHandler
                        0x08015569     0xa  Code  Gb  stm32l1xx_it.o [1]
DMA_SetConfig           0x0801159d    0x22  Code  Lc  stm32l1xx_hal_dma.o [1]
Error_Handler           0x0800a741    0x2e  Code  Gb  main.o [1]
FIX_MPY                 0x080115bf    0x1c  Code  Gb  fix_fft.o [1]
FLASH_PageErase         0x080128b3    0x28  Code  Gb  stm32l1xx_hal_flash_ex.o [1]
FLASH_SetErrorCode      0x08012727    0x6a  Code  Lc  stm32l1xx_hal_flash.o [1]
FLASH_WaitForLastOperation
                        0x080126c3    0x64  Code  Gb  stm32l1xx_hal_flash.o [1]
Get_DriverStates        0x080050cd    0x66  Code  Gb  app_data.o [1]
Get_DriverStatus        0x08005151    0x86  Code  Gb  app_data.o [1]
HAL_ADC_ConfigChannel   0x08010351   0x1e6  Code  Gb  stm32l1xx_hal_adc.o [1]
HAL_ADC_ConvCpltCallback
                        0x0800b04b     0xe  Code  Gb  adc.o [1]
HAL_ADC_ConvHalfCpltCallback
                        0x0800b089     0x2  Code  Gb  adc.o [1]
HAL_ADC_DeInit          0x0801005b   0x134  Code  Gb  stm32l1xx_hal_adc.o [1]
HAL_ADC_ErrorCallback   0x0800b08b     0xa  Code  Gb  adc.o [1]
HAL_ADC_Init            0x0800fe95   0x1c6  Code  Gb  stm32l1xx_hal_adc.o [1]
HAL_ADC_MspDeInit       0x0800aee7    0x28  Code  Gb  adc.o [1]
HAL_ADC_MspInit         0x0800ae61    0x86  Code  Gb  adc.o [1]
HAL_ADC_Start           0x0801018f    0x88  Code  Gb  stm32l1xx_hal_adc.o [1]
HAL_ADC_Start_DMA       0x08010217    0xcc  Code  Gb  stm32l1xx_hal_adc.o [1]
HAL_ADC_Stop_DMA        0x080102e3    0x6e  Code  Gb  stm32l1xx_hal_adc.o [1]
HAL_DMA_Abort           0x08010bfb    0x54  Code  Gb  stm32l1xx_hal_dma.o [1]
HAL_DMA_DeInit          0x08010719   0x43e  Code  Gb  stm32l1xx_hal_dma.o [1]
HAL_DMA_IRQHandler      0x08010c55   0x906  Code  Gb  stm32l1xx_hal_dma.o [1]
HAL_DMA_Init            0x080106c1    0x58  Code  Gb  stm32l1xx_hal_dma.o [1]
HAL_DMA_Start_IT        0x08010b8d    0x6e  Code  Gb  stm32l1xx_hal_dma.o [1]
HAL_Delay               0x0800cd51    0x1a  Code  Wk  stm32l1xx_hal.o [1]
HAL_FLASHEx_Erase       0x08012819    0x9a  Code  Gb  stm32l1xx_hal_flash_ex.o [1]
HAL_FLASH_GetError      0x080126bd     0x6  Code  Gb  stm32l1xx_hal_flash.o [1]
HAL_FLASH_Lock          0x080126ad    0x10  Code  Gb  stm32l1xx_hal_flash.o [1]
HAL_FLASH_Program       0x08012621    0x5c  Code  Gb  stm32l1xx_hal_flash.o [1]
HAL_FLASH_Unlock        0x0801267d    0x30  Code  Gb  stm32l1xx_hal_flash.o [1]
HAL_GPIO_DeInit         0x0800a943   0x13c  Code  Gb  stm32l1xx_hal_gpio.o [1]
HAL_GPIO_Init           0x0800a771   0x1d2  Code  Gb  stm32l1xx_hal_gpio.o [1]
HAL_GPIO_ReadPin        0x0800aa7f    0x18  Code  Gb  stm32l1xx_hal_gpio.o [1]
HAL_GPIO_TogglePin      0x0800aaab     0xa  Code  Gb  stm32l1xx_hal_gpio.o [1]
HAL_GPIO_WritePin       0x0800aa97    0x14  Code  Gb  stm32l1xx_hal_gpio.o [1]
HAL_GetTick             0x0800cd4b     0x6  Code  Wk  stm32l1xx_hal.o [1]
HAL_I2C_ER_IRQHandler   0x0800d6f9    0xce  Code  Gb  stm32l1xx_hal_i2c.o [1]
HAL_I2C_EV_IRQHandler   0x0800d5c5   0x134  Code  Gb  stm32l1xx_hal_i2c.o [1]
HAL_I2C_ErrorCallback   0x0800d7d3     0x2  Code  Wk  stm32l1xx_hal_i2c.o [1]
HAL_I2C_GetError        0x0800d7db     0x4  Code  Gb  stm32l1xx_hal_i2c.o [1]
HAL_I2C_GetState        0x0800d7d5     0x6  Code  Gb  stm32l1xx_hal_i2c.o [1]
HAL_I2C_Init            0x0800ce75   0x172  Code  Gb  stm32l1xx_hal_i2c.o [1]
HAL_I2C_MasterRxCpltCallback
                        0x0800d7c9     0x2  Code  Wk  stm32l1xx_hal_i2c.o [1]
HAL_I2C_MasterTxCpltCallback
                        0x0800d7c7     0x2  Code  Wk  stm32l1xx_hal_i2c.o [1]
HAL_I2C_Master_Receive  0x0800d11f   0x256  Code  Gb  stm32l1xx_hal_i2c.o [1]
HAL_I2C_Master_Receive_IT
                        0x0800d45b   0x14e  Code  Gb  stm32l1xx_hal_i2c.o [1]
HAL_I2C_Master_Transmit
                        0x0800cfe7   0x138  Code  Gb  stm32l1xx_hal_i2c.o [1]
HAL_I2C_Master_Transmit_IT
                        0x0800d375    0xe6  Code  Gb  stm32l1xx_hal_i2c.o [1]
HAL_I2C_MemRxCpltCallback
                        0x0800d7d1     0x2  Code  Wk  stm32l1xx_hal_i2c.o [1]
HAL_I2C_MemTxCpltCallback
                        0x0800d7cf     0x2  Code  Wk  stm32l1xx_hal_i2c.o [1]
HAL_I2C_MspInit         0x08008d3f    0x50  Code  Gb  i2c.o [1]
HAL_I2C_SlaveRxCpltCallback
                        0x0800d7cd     0x2  Code  Wk  stm32l1xx_hal_i2c.o [1]
HAL_I2C_SlaveTxCpltCallback
                        0x0800d7cb     0x2  Code  Wk  stm32l1xx_hal_i2c.o [1]
HAL_IncTick             0x0800cd3f     0xc  Code  Wk  stm32l1xx_hal.o [1]
HAL_Init                0x0800cd29    0x16  Code  Gb  stm32l1xx_hal.o [1]
HAL_InitTick            0x08012015    0x80  Code  Gb  stm32l1xx_hal_timebase_TIM.o [1]
HAL_MspInit             0x080120a5    0x98  Code  Gb  stm32l1xx_hal_msp.o [1]
HAL_NVIC_DisableIRQ     0x080094e5     0xe  Code  Gb  stm32l1xx_hal_cortex.o [1]
HAL_NVIC_EnableIRQ      0x080094d7     0xe  Code  Gb  stm32l1xx_hal_cortex.o [1]
HAL_NVIC_SetPriority    0x080094b1    0x26  Code  Gb  stm32l1xx_hal_cortex.o [1]
HAL_NVIC_SetPriorityGrouping
                        0x080094a5     0xc  Code  Gb  stm32l1xx_hal_cortex.o [1]
HAL_NVIC_SystemReset    0x080094f3     0x8  Code  Gb  stm32l1xx_hal_cortex.o [1]
HAL_PCD_DataInStageCallback
                        0x080146e9    0x20  Code  Gb  usbd_conf.o [1]
HAL_PCD_DataOutStageCallback
                        0x080146c7    0x22  Code  Gb  usbd_conf.o [1]
HAL_PCD_EP_ClrStall     0x080145a5   0x10a  Code  Gb  stm32l1xx_hal_pcd.o [1]
HAL_PCD_EP_Open         0x08013c57   0x476  Code  Gb  stm32l1xx_hal_pcd.o [1]
HAL_PCD_EP_Receive      0x080140cd   0x1ac  Code  Gb  stm32l1xx_hal_pcd.o [1]
HAL_PCD_EP_SetStall     0x080144c7    0xde  Code  Gb  stm32l1xx_hal_pcd.o [1]
HAL_PCD_EP_Transmit     0x08014279   0x24e  Code  Gb  stm32l1xx_hal_pcd.o [1]
HAL_PCD_IRQHandler      0x08013ae1   0x144  Code  Gb  stm32l1xx_hal_pcd.o [1]
HAL_PCD_ResetCallback   0x08014717    0x2c  Code  Gb  usbd_conf.o [1]
HAL_PCD_ResumeCallback  0x08014763     0xe  Code  Gb  usbd_conf.o [1]
HAL_PCD_SOFCallback     0x08014709     0xe  Code  Gb  usbd_conf.o [1]
HAL_PCD_SetAddress      0x08013c25    0x32  Code  Gb  stm32l1xx_hal_pcd.o [1]
HAL_PCD_SetupStageCallback
                        0x080146b1    0x16  Code  Gb  usbd_conf.o [1]
HAL_PCD_SuspendCallback
                        0x08014743    0x20  Code  Gb  usbd_conf.o [1]
HAL_PWREx_GetVoltageRange
                        0x08012d3d     0xa  Code  Gb  stm32l1xx_hal_pwr_ex.o [1]
HAL_RCC_ClockConfig     0x0800f9bb   0x2a0  Code  Gb  stm32l1xx_hal_rcc.o [1]
HAL_RCC_GetClockConfig  0x0800fd61    0x3a  Code  Gb  stm32l1xx_hal_rcc.o [1]
HAL_RCC_GetHCLKFreq     0x0800fd05     0x6  Code  Gb  stm32l1xx_hal_rcc.o [1]
HAL_RCC_GetPCLK1Freq    0x0800fd0b    0x20  Code  Gb  stm32l1xx_hal_rcc.o [1]
HAL_RCC_GetPCLK2Freq    0x0800fd2b    0x20  Code  Gb  stm32l1xx_hal_rcc.o [1]
HAL_RCC_GetSysClockFreq
                        0x0800fc5b    0xaa  Code  Gb  stm32l1xx_hal_rcc.o [1]
HAL_RCC_OscConfig       0x0800f191   0x82a  Code  Gb  stm32l1xx_hal_rcc.o [1]
HAL_SYSTICK_CLKSourceConfig
                        0x08009507    0x22  Code  Gb  stm32l1xx_hal_cortex.o [1]
HAL_SYSTICK_Config      0x080094fb     0xc  Code  Gb  stm32l1xx_hal_cortex.o [1]
HAL_TIMEx_MasterConfigSynchronization
                        0x08012cdf    0x5e  Code  Gb  stm32l1xx_hal_tim_ex.o [1]
HAL_TIM_Base_Init       0x08012905    0x38  Code  Gb  stm32l1xx_hal_tim.o [1]
HAL_TIM_Base_MspInit    0x0800f00f    0x48  Code  Gb  tim.o [1]
HAL_TIM_Base_Start_IT   0x0801293d    0x1e  Code  Gb  stm32l1xx_hal_tim.o [1]
HAL_TIM_ConfigClockSource
                        0x08012a95   0x122  Code  Gb  stm32l1xx_hal_tim.o [1]
HAL_TIM_IC_CaptureCallback
                        0x08012bb9     0x2  Code  Wk  stm32l1xx_hal_tim.o [1]
HAL_TIM_IRQHandler      0x0801295b   0x13a  Code  Gb  stm32l1xx_hal_tim.o [1]
HAL_TIM_OC_DelayElapsedCallback
                        0x08012bb7     0x2  Code  Wk  stm32l1xx_hal_tim.o [1]
HAL_TIM_PWM_PulseFinishedCallback
                        0x08012bbb     0x2  Code  Wk  stm32l1xx_hal_tim.o [1]
HAL_TIM_PeriodElapsedCallback
                        0x0800f057    0x56  Code  Gb  tim.o [1]
HAL_TIM_StartTimer2     0x0800f11d    0x22  Code  Gb  tim.o [1]
HAL_TIM_StartTimer3     0x0800f13f    0x12  Code  Gb  tim.o [1]
HAL_TIM_TriggerCallback
                        0x08012bbd     0x2  Code  Wk  stm32l1xx_hal_tim.o [1]
HAL_UART_EnableBGM_RX   0x080034bf    0x32  Code  Gb  usart.o [1]
HAL_UART_EnableBGM_TXE  0x080034ad    0x12  Code  Gb  usart.o [1]
HAL_UART_ErrorCallback  0x080034ab     0x2  Code  Gb  usart.o [1]
HAL_UART_IRQHandler     0x08009a93   0x11a  Code  Gb  stm32l1xx_hal_uart.o [1]
HAL_UART_Init           0x0800982d    0x72  Code  Gb  stm32l1xx_hal_uart.o [1]
HAL_UART_MspInit        0x08003123    0xba  Code  Gb  usart.o [1]
HAL_UART_Receive_IT     0x08009a0b    0x88  Code  Gb  stm32l1xx_hal_uart.o [1]
HAL_UART_RxCpltCallback
                        0x080033fb    0xb0  Code  Gb  usart.o [1]
HAL_UART_RxCpltCallback::len
                        0x20003658     0x4  Data  Lc  usart.o [1]
HAL_UART_RxCpltCallback::temp_ptr
                        0x20003654     0x4  Data  Lc  usart.o [1]
HAL_UART_Transmit       0x0800989f    0xfc  Code  Gb  stm32l1xx_hal_uart.o [1]
HAL_UART_Transmit_IT    0x0800999b    0x70  Code  Gb  stm32l1xx_hal_uart.o [1]
HAL_UART_TxCpltCallback
                        0x080033bf    0x20  Code  Gb  usart.o [1]
HAL_WWDG_IRQHandler     0x0800ef17    0x2c  Code  Gb  stm32l1xx_hal_wwdg.o [1]
HAL_WWDG_Init           0x0800ee6d    0x4c  Code  Gb  stm32l1xx_hal_wwdg.o [1]
HAL_WWDG_MspInit        0x0800959b    0x26  Code  Gb  wwdg.o [1]
HAL_WWDG_Refresh        0x0800eee9    0x2e  Code  Gb  stm32l1xx_hal_wwdg.o [1]
HAL_WWDG_Start_IT       0x0800eeb9    0x30  Code  Gb  stm32l1xx_hal_wwdg.o [1]
HAL_WWDG_WakeupCallback
                        0x080095f1    0x18  Code  Gb  wwdg.o [1]
HAL_WWDG_WakeupCallback::OnceFlg
                        0x20003673     0x1  Data  Lc  wwdg.o [1]
HEAP$$Base              0x20001150           --   Gb  - Linker created -
HEAP$$Limit             0x20001150           --   Gb  - Linker created -
HeartBeat_Cnt           0x20003666     0x2  Data  Lc  app_data.o [1]
I2C1_ER_IRQHandler      0x080155a5     0xa  Code  Gb  stm32l1xx_it.o [1]
I2C1_EV_IRQHandler      0x0801559b     0xa  Code  Gb  stm32l1xx_it.o [1]
I2C_IsAcknowledgeFailed
                        0x0800de63    0x2a  Code  Lc  stm32l1xx_hal_i2c.o [1]
I2C_MasterReceive_BTF   0x0800d8e3    0xa6  Code  Lc  stm32l1xx_hal_i2c.o [1]
I2C_MasterReceive_RXNE  0x0800d867    0x7c  Code  Lc  stm32l1xx_hal_i2c.o [1]
I2C_MasterRequestRead   0x0800db25   0x106  Code  Lc  stm32l1xx_hal_i2c.o [1]
I2C_MasterRequestWrite  0x0800da8f    0x96  Code  Lc  stm32l1xx_hal_i2c.o [1]
I2C_MasterTransmit_BTF  0x0800d80b    0x5c  Code  Lc  stm32l1xx_hal_i2c.o [1]
I2C_MasterTransmit_TXE  0x0800d7df    0x2c  Code  Lc  stm32l1xx_hal_i2c.o [1]
I2C_SlaveReceive_BTF    0x0800d9e3    0x1e  Code  Lc  stm32l1xx_hal_i2c.o [1]
I2C_SlaveReceive_RXNE   0x0800d9c5    0x1e  Code  Lc  stm32l1xx_hal_i2c.o [1]
I2C_SlaveTransmit_BTF   0x0800d9a7    0x1e  Code  Lc  stm32l1xx_hal_i2c.o [1]
I2C_SlaveTransmit_TXE   0x0800d989    0x1e  Code  Lc  stm32l1xx_hal_i2c.o [1]
I2C_Slave_ADDR          0x0800da01    0x18  Code  Lc  stm32l1xx_hal_i2c.o [1]
I2C_Slave_AF            0x0800da5b    0x34  Code  Lc  stm32l1xx_hal_i2c.o [1]
I2C_Slave_STOPF         0x0800da19    0x42  Code  Lc  stm32l1xx_hal_i2c.o [1]
I2C_WaitBusyFlag        0x08009035    0x12  Code  Gb  i2c.o [1]
I2C_WaitOnFlagUntilTimeout
                        0x0800dc35    0xda  Code  Lc  stm32l1xx_hal_i2c.o [1]
[...]
Timr3Ready              0x2000366e     0x1  Data  Gb  tim.o [1]
TmpData                 0x20002710   0x248  Data  Gb  app_data.o [1]
Tst_Bypass              0x08002ed7     0x6  Code  Gb  parser.o [1]
Tst_HeartBeat           0x080051df     0x6  Code  Gb  app_data.o [1]
UART_EndTransmit_IT     0x08009d17    0x32  Code  Lc  stm32l1xx_hal_uart.o [1]
UART_Receive_IT         0x08009d49    0xc8  Code  Lc  stm32l1xx_hal_uart.o [1]
UART_SetConfig          0x08009e11   0x2fe  Code  Lc  stm32l1xx_hal_uart.o [1]
UART_Transmit_IT        0x08009c9b    0x7c  Code  Lc  stm32l1xx_hal_uart.o [1]
UART_WaitOnFlagUntilTimeout
                        0x08009bad    0xee  Code  Lc  stm32l1xx_hal_uart.o [1]
USART2_IRQHandler       0x08015591     0xa  Code  Gb  stm32l1xx_it.o [1]
USART3_IRQHandler       0x08015587     0xa  Code  Gb  stm32l1xx_it.o [1]
USART_ReceiveData       0x08003b27     0xa  Code  Gb  bgm111.o [1]
USART_SendData          0x08003b1b     0xc  Code  Gb  bgm111.o [1]
USBD_ClrClassConfig     0x0801487b    0x18  Code  Gb  usbd_core.o [1]
USBD_ClrFeature         0x0801509f    0x3a  Code  Lc  usbd_ctlreq.o [1]
USBD_CtlContinueRx      0x0801515b    0x1a  Code  Gb  usbd_ioreq.o [1]
USBD_CtlContinueSendData
                        0x08015141    0x1a  Code  Gb  usbd_ioreq.o [1]
USBD_CtlError           0x08015101    0x18  Code  Gb  usbd_ctlreq.o [1]
USBD_CtlReceiveStatus   0x0801518f    0x1a  Code  Gb  usbd_ioreq.o [1]
USBD_CtlSendData        0x08015119    0x28  Code  Gb  usbd_ioreq.o [1]
USBD_CtlSendStatus      0x08015175    0x1a  Code  Gb  usbd_ioreq.o [1]
USBD_GetConfig          0x08014ff1    0x4c  Code  Lc  usbd_ctlreq.o [1]
USBD_GetDescriptor      0x08014d4d   0x164  Code  Lc  usbd_ctlreq.o [1]
USBD_GetStatus          0x0801503d    0x3c  Code  Lc  usbd_ctlreq.o [1]
USBD_LL_ClearStallEP    0x080147a9    0x16  Code  Gb  usbd_conf.o [1]
USBD_LL_DataInStage     0x0801499b    0xe2  Code  Gb  usbd_core.o [1]
USBD_LL_DataOutStage    0x0801490b    0x90  Code  Gb  usbd_core.o [1]
USBD_LL_IsStallEP       0x080147bf    0x30  Code  Gb  usbd_conf.o [1]
USBD_LL_OpenEP          0x08014771    0x22  Code  Gb  usbd_conf.o [1]
USBD_LL_PrepareReceive  0x08014825    0x20  Code  Gb  usbd_conf.o [1]
USBD_LL_Reset           0x08014a7d    0x46  Code  Gb  usbd_core.o [1]
USBD_LL_Resume          0x08014adf     0xe  Code  Gb  usbd_core.o [1]
USBD_LL_SOF             0x08014aed    0x24  Code  Gb  usbd_core.o [1]
USBD_LL_SetSpeed        0x08014ac3     0x8  Code  Gb  usbd_core.o [1]
USBD_LL_SetUSBAddress   0x080147ef    0x16  Code  Gb  usbd_conf.o [1]
USBD_LL_SetupStage      0x08014893    0x78  Code  Gb  usbd_core.o [1]
USBD_LL_StallEP         0x08014793    0x16  Code  Gb  usbd_conf.o [1]
USBD_LL_Suspend         0x08014acb    0x14  Code  Gb  usbd_core.o [1]
USBD_LL_Transmit        0x08014805    0x20  Code  Gb  usbd_conf.o [1]
USBD_ParseSetupRequest  0x080150d9    0x28  Code  Gb  usbd_ctlreq.o [1]
USBD_RunTestMode        0x08014849     0x6  Code  Gb  usbd_core.o [1]
USBD_SetAddress         0x08014eb1    0x60  Code  Lc  usbd_ctlreq.o [1]
USBD_SetClassConfig     0x0801484f    0x2c  Code  Gb  usbd_core.o [1]
USBD_SetConfig          0x08014f11    0xda  Code  Lc  usbd_ctlreq.o [1]
USBD_SetConfig::cfgidx  0x20003672     0x1  Data  Lc  usbd_ctlreq.o [1]
USBD_SetFeature         0x08015079    0x26  Code  Lc  usbd_ctlreq.o [1]
USBD_StdDevReq          0x08014b11    0x7c  Code  Gb  usbd_ctlreq.o [1]
USBD_StdEPReq           0x08014bd9   0x174  Code  Gb  usbd_ctlreq.o [1]
USBD_StdItfReq          0x08014b8d    0x4c  Code  Gb  usbd_ctlreq.o [1]
USB_LP_IRQHandler       0x08015573     0xa  Code  Gb  stm32l1xx_it.o [1]
Uart2Ready              0x2000366f     0x1  Data  Gb  usart.o [1]
Uart3Ready              0x20003670     0x1  Data  Gb  usart.o [1]
WWDG_IRQHandler         0x08009609     0xa  Code  Gb  wwdg.o [1]
_EncodingSb_Mbtowc      0x08012d8f    0x30  Code  Gb  xencoding_sb.o [3]
_EncodingSb_Mbtowc::initial
                        0x08012dcc     0x8  Data  Lc  xencoding_sb.o [3]
_EncodingSb_Wctomb      0x08012d75    0x1a  Code  Gb  xencoding_sb.o [3]
_EncodingSb_Wctomb::initial
                        0x08012dc4     0x8  Data  Lc  xencoding_sb.o [3]
_GenldFull              0x0800c461   0x254  Code  Lc  xprintffull.o [3]
_GetN                   0x0800de8d    0x22  Code  Lc  xscanffull.o [3]
_GetfldFull             0x0800e0b1   0x10a  Code  Lc  xscanffull.o [3]
_GetfloatFull           0x0800e66f   0x4e8  Code  Lc  xscanffull.o [3]
_GetintFull             0x0800e477   0x1f2  Code  Lc  xscanffull.o [3]
_GetstrFull             0x0800e1bd   0x2b4  Code  Lc  xscanffull.o [3]
_IsdstStr               0x200000dc     0x4  Data  Gb  setlocale.o [3]
_LdtobFull              0x0800c055   0x406  Code  Lc  xprintffull.o [3]
_LitobFull              0x0800bf4b   0x10a  Code  Lc  xprintffull.o [3]
_LocaleC_isalpha        0x08012e05    0x16  Code  Gb  xlocale_c.o [3]
_LocaleC_isspace        0x08012e1b    0x14  Code  Gb  xlocale_c.o [3]
_LocaleC_tolower        0x080135bd     0xc  Code  Gb  xlocale_c.o [3]
_LocaleEncoding         0x08012d61     0xe  Code  Gb  setlocale.o [3]
_LocaleForCat           0x08012d4d    0x14  Code  Gb  setlocale.o [3]
_LocaleReturnString     0x200000fc    0x50  Data  Lc  setlocale.o [3]
_Locale_Profile         0x200000e0    0x1c  Data  Gb  setlocale.o [3]
_Locale_aeabi_lconv     0x2000009c    0x38  Data  Gb  localeconv.o [3]
_Locale_lconv           0x2000004c    0x50  Data  Gb  localeconv.o [3]
_Mbtowc                 0x080116c1    0x20  Code  Gb  xmbtowc.o [3]
_PrintfFull             0x0800b561   0x658  Code  Gb  xprintffull.o [3]
_PutcharsFull           0x0800c6b5    0x2e  Code  Lc  xprintffull.o [3]
_PutstrFull             0x0800bc3f   0x306  Code  Lc  xprintffull.o [3]
_SProut                 0x0800925b     0xa  Code  Gb  xsprout.o [3]
_SScin                  0x0800300f    0x1e  Code  Gb  xsscin.o [3]
_ScanfFull              0x0800dec9   0x1e2  Code  Gb  xscanffull.o [3]
_Stoflt                 0x08012f51   0x1d0  Code  Gb  xstoflt.o [3]
_Stopfx                 0x08012e2f   0x122  Code  Gb  xstopfx.o [3]
_Stoxflt                0x08013389   0x1fa  Code  Gb  xstoxflt.o [3]
_Stoxflt::digits        0x0801358c    0x18  Data  Lc  xstoxflt.o [3]
_Stoxflt::vals          0x080135a4    0x18  Data  Lc  xstoxflt.o [3]
_TzoneStr               0x200000d8     0x4  Data  Gb  setlocale.o [3]
_UngetN                 0x0800deaf    0x1a  Code  Lc  xscanffull.o [3]
_Wctomb                 0x0801180d    0x1a  Code  Gb  xwctomb.o [3]
__aeabi_cdcmpeq         0x080135c9          Code  Gb  DblCmpEq.o [4]
__aeabi_cdcmple         0x08011a55          Code  Gb  DblCmpLe.o [4]
__aeabi_cdrcmple        0x08011a85          Code  Gb  DblCmpGe.o [4]
__aeabi_cfrcmple        0x0800ce51          Code  Gb  FltCmpGe.o [4]
__aeabi_d2f             0x0800b48d          Code  Gb  DblToFlt.o [4]
__aeabi_d2iz            0x0800caed          Code  Gb  DblToI32.o [4]
__aeabi_d2uiz           0x0800cb19          Code  Gb  DblToI32.o [4]
__aeabi_dadd            0x0800cbfd          Code  Gb  DblAdd.o [4]
__aeabi_ddiv            0x08011d41          Code  Gb  DblDiv.o [4]
__aeabi_dmul            0x0800c949          Code  Gb  DblMul.o [4]
__aeabi_dsub            0x08011bc1          Code  Gb  DblSub.o [4]
__aeabi_errno_addr      0x080128f9     0x6  Code  Gb  errno.o [3]
__aeabi_f2d             0x080091e1          Code  Gb  FltToDbl.o [4]
__aeabi_f2iz            0x0800b51d          Code  Gb  FltToS32.o [4]
__aeabi_fadd            0x0800b319          Code  Gb  FltAdd.o [4]
__aeabi_fdiv            0x08009731          Code  Gb  FltDiv.o [4]
__aeabi_fmul            0x0800b241          Code  Gb  FltMul.o [4]
__aeabi_i2d             0x0800ce21          Code  Gb  I32ToDbl.o [4]
__aeabi_i2f             0x080096fd          Code  Gb  I32ToFlt.o [4]
__aeabi_ldiv0           0x08012e01          Code  Gb  I64DivZer.o [5]
__aeabi_ui2d            0x0800ce35          Code  Gb  I32ToDbl.o [4]
__aeabi_ui2f            0x08009711          Code  Gb  I32ToFlt.o [4]
__aeabi_uldivmod        0x08011921          Code  Gb  I64DivMod.o [5]
__cmain                 0x08016c41          Code  Gb  cmain.o [5]
__data_Aldata           0x20003600     0x8  Data  Gb  xxmemxmalloc.o [3]
__data_GetMemChunk      0x08012dd5    0x2c  Code  Gb  xgetmemchunk.o [3]
__data_GetMemChunk::start
                        0x20003660     0x4  Data  Lc  xgetmemchunk.o [3]
__exit                  0x08016c71    0x14  Code  Gb  exit.o [6]
__iar_Dint              0x0801219b    0x7a  Code  Gb  xdint.o [4]
__iar_Dnorm             0x08011a0f    0x44  Code  Gb  xdnorm.o [4]
__iar_Dscale            0x08011ab5   0x10c  Code  Gb  xdscale.o [4]
__iar_Dtentox           0x080131db   0x14e  Code  Gb  xdtento.o [4]
__iar_Dunscale          0x080135e9    0x52  Code  Gb  xdunscal.o [4]
__iar_Errno             0x200000d4     0x4  Data  Gb  errno.o [3]
__iar_Locale_lconv_init
                        0x08011f99    0x3a  Code  Gb  localeconv.o [3]
__iar_Mbcurmax          0x08011751     0xa  Code  Gb  xmbcurmax.o [3]
__iar_Memchr            0x080116f9          Code  Gb  memchr.o [5]
__iar_Memset_word       0x0801213d          Code  Gb  ABImemset.o [5]
__iar_Stold             0x0801261d     0x4  Code  Gb  xstold.o [4]
__iar_Stoldx            0x080124d5   0x13c  Code  Gb  xstold.o [4]
__iar_Stoll             0x0801231f     0x4  Code  Gb  xstoll.o [3]
__iar_Stollx            0x0801227d    0xa2  Code  Gb  xstoll.o [3]
__iar_Stoul             0x0800ee19     0x4  Code  Gb  xstoul.o [3]
__iar_Stoull            0x08012481     0x4  Code  Gb  xstoull.o [3]
__iar_Stoullx           0x08012325   0x156  Code  Gb  xstoull.o [3]
__iar_Stoulx            0x0800ecd5   0x13e  Code  Gb  xstoul.o [3]
__iar_Strchr            0x080116e1          Code  Gb  strchr.o [5]
__iar_Wctob             0x08012215    0x36  Code  Gb  xwctob.o [3]
__iar_ceil              0x080127b9          Code  Gb  ceil.o [4]
__iar_ceill             0x080127b9          Code  Gb  ceil.o [4]
__iar_d2uiz             0x0800cb25          Code  Gb  DblToI32.o [4]
__iar_dadd              0x0800cc11          Code  Gb  DblAdd.o [4]
__iar_data_init3        0x0801661d    0x28  Code  Gb  data_init.o [5]
__iar_dlib_perthread_access
                        0x08012e03     0x2  Code  Gb  xtls.o [3]
__iar_dsub              0x08011bd5          Code  Gb  DblSub.o [4]
__iar_dsubStart         0x08011be7          Code  Gb  DblSub.o [4]
__iar_edom              0x080116b5          Code  Gb  iarEdom.o [5]
__iar_fadd              0x0800b329          Code  Gb  FltAdd.o [4]
__iar_fsub              0x080115dd          Code  Gb  FltSub.o [4]
__iar_fsubStart         0x080115ed          Code  Gb  FltSub.o [4]
__iar_modf              0x0800cb55          Code  Gb  modf.o [4]
__iar_modfl             0x0800cb55          Code  Gb  modf.o [4]
__iar_packbits_init_single3
                        0x08015c7d    0x38  Code  Gb  packbits_init_single.o [5]
__iar_program_start     0x080177b1          Code  Gb  cstartup_M.o [5]
__iar_sqrt              0x0800b39d          Code  Gb  sqrt.o [4]
__iar_ui2d              0x0800ce39          Code  Gb  I32ToDbl.o [4]
__iar_ui2f              0x08009715          Code  Gb  I32ToFlt.o [4]
__iar_unaligned___aeabi_memcpy
                        0x08011829          Code  Gb  ABImemcpy_unaligned.o [5]
__iar_unaligned___aeabi_memcpy4
                        0x08011849          Code  Gb  ABImemcpy_unaligned.o [5]
__iar_unaligned___aeabi_memcpy8
                        0x08011849          Code  Gb  ABImemcpy_unaligned.o [5]
__iar_unaligned_strcmp  0x0800cce5          Code  Gb  strcmp_unaligned.o [5]
__iar_unaligned_strcpy  0x0800302d          Code  Gb  strcpy_unaligned.o [5]
__iar_unaligned_strncpy
                        0x0800cd71          Code  Gb  strncpy_unaligned.o [5]
__iar_zero_init3        0x08015a35    0x40  Code  Gb  zero_init3.o [5]
__low_level_init        0x08016c5b     0x4  Code  Gb  low_level_init.o [3]
__vector_table          0x08000000          Data  Gb  startup_stm32l152xe.o [1]
_call_main              0x08016c4d          Code  Gb  cmain.o [5]
_exit                   0x08016c65          Code  Gb  cexit.o [5]
_gecko_cmd_msg          0x200030b4    0x84  Data  Gb  bgm111.o [1]
_gecko_rsp_msg          0x20003138    0x84  Data  Gb  bgm111.o [1]
_main                   0x08016c57          Code  Gb  cmain.o [5]
aPLLDivisionFactorTable
                        0x08017a64     0x4  Data  Gb  stm32l1xx_hal_rcc.o [1]
aPLLMULFactorTable      0x080177a4     0xc  Data  Gb  stm32l1xx_hal_rcc.o [1]
adcActive               0x20003669     0x1  Data  Gb  adc.o [1]
analytics               0x20003608     0x4  Data  Lc  app_data.o [1]
atoi                    0x0800955f     0x8  Code  Gb  atoi.o [3]
bffr1Flag               0x20003671     0x1  Data  Lc  usart.o [1]
bglib_input             0x20003610     0x4  Data  Gb  bgm111.o [1]
bglib_output            0x2000360c     0x4  Data  Gb  bgm111.o [1]
bglib_peek              0x20003614     0x4  Data  Gb  bgm111.o [1]
bgm1data                0x20003554    0x28  Data  Lc  usart.o [1]
ble                     0x20002dc0   0x1a0  Data  Lc  bgm111.o [1]
blemsgs                 0x200020c8   0x324  Data  Lc  bgm111.o [1]
ceil                    0x080127b9          Code  Gb  ceil.o [4]
ceill                   0x080127b9          Code  Gb  ceil.o [4]
clrUsartState           0x080033df    0x1c  Code  Gb  usart.o [1]
connection_cnt          0x20003664     0x2  Data  Lc  app_data.o [1]
data                    0x20002958   0x248  Data  Gb  app_data.o [1]
delay_1ms               0x0800adc9     0xe  Code  Gb  ErrorCodes.o [1]
digits                  0x0800ee1c    0x28  Data  Lc  xstoul.o [3]
digits                  0x08012484    0x28  Data  Lc  xstoull.o [3]
div                     0x08012005     0xe  Code  Gb  div.o [3]
dmul                    0x08013189    0x52  Code  Lc  xdtento.o [4]
driver_list             0x200035e8     0xc  Data  Lc  app_data.o [1]
errStruct               0x200023ec   0x324  Data  Lc  ErrorCodes.o [1]
exit                    0x08016c5f     0x4  Code  Gb  exit.o [3]
fi                      0x2000323c    0x80  Data  Lc  Rd_Sound.o [1]
fix_fft                 0x0800b095   0x1ac  Code  Gb  fix_fft.o [1]
fr                      0x200031bc    0x80  Data  Lc  Rd_Sound.o [1]
free                    0x080118a1    0x7a  Code  Gb  xxmemxfree.o [3]
fs                      0x200032bc    0x80  Data  Lc  Rd_Sound.o [1]
gecko_cmd_le_gap_set_mode
                        0x0800352d    0x40  Code  Lc  bgm111.o [1]
gecko_cmd_msg           0x2000000c     0x4  Data  Gb  bgm111.o [1]
gecko_get_event         0x0800abc5    0x5e  Code  Gb  gecko_bglib.o [1]
gecko_handle_command    0x0800ac47    0x30  Code  Gb  gecko_bglib.o [1]
gecko_peek_event        0x0800ac23     0xa  Code  Gb  gecko_bglib.o [1]
gecko_queue             0x20001150   0xf78  Data  Gb  bgm111.o [1]
gecko_queue_r           0x2000361c     0x4  Data  Gb  bgm111.o [1]
gecko_queue_w           0x20003618     0x4  Data  Gb  bgm111.o [1]
gecko_rsp_msg           0x20000010     0x4  Data  Gb  bgm111.o [1]
gecko_wait_message      0x0800aae9    0xdc  Code  Gb  gecko_bglib.o [1]
gecko_wait_response     0x0800ac2d    0x1a  Code  Gb  gecko_bglib.o [1]
hadc                    0x2000333c    0x54  Data  Gb  adc.o [1]
hatoi                   0x08002e7f    0x58  Code  Gb  parser.o [1]
hdma_adc                0x2000344c    0x38  Data  Gb  adc.o [1]
hi2c1                   0x20003410    0x3c  Data  Gb  i2c.o [1]
hpcd_USB_FS             0x20002ba0   0x220  Data  Gb  usbd_conf.o [1]
htim2                   0x200034bc    0x38  Data  Gb  tim.o [1]
htim3                   0x200034f4    0x38  Data  Gb  tim.o [1]
htim4                   0x20003484    0x38  Data  Gb  stm32l1xx_hal_timebase_TIM.o [1]
huart2                  0x20003390    0x40  Data  Gb  usart.o [1]
huart3                  0x200033d0    0x40  Data  Gb  usart.o [1]
hwwdg                   0x200035c8    0x14  Data  Gb  wwdg.o [1]
isHexNum                0x08002e35    0x4a  Code  Gb  parser.o [1]
isalpha                 0x08012255    0x14  Code  Gb  isxxx.o [3]
isdigit                 0x08009555     0xa  Code  Gb  isdigit.o [3]
isspace                 0x08012269    0x14  Code  Gb  isxxx.o [3]
ledOffCnt               0x20000044     0x4  Data  Lc  tim.o [1]
localeconv              0x08011fd3    0x16  Code  Gb  localeconv.o [3]
main                    0x0800a119   0x548  Code  Gb  main.o [1]
malloc                  0x0801175d    0xac  Code  Gb  xxmemxmalloc.o [3]
memchr                  0x080116f9          Code  Gb  memchr.o [5]
modf                    0x0800cb45          Code  Gb  modf.o [4]
modfl                   0x0800cb45          Code  Gb  modf.o [4]
ndigs                   0x0800ee44    0x28  Data  Lc  xstoul.o [3]
ndigs                   0x080124ac    0x28  Data  Lc  xstoull.o [3]
osSystickHandler        0x080155e5    0x10  Code  Gb  cmsis_os.o [1]
pFlash                  0x20003598    0x18  Data  Gb  stm32l1xx_hal_flash.o [1]
pows                    0x08013340    0x48  Data  Lc  xdtento.o [4]
prvResetNextTaskUnblockTime
                        0x0801535d    0x28  Code  Lc  tasks.o [1]
pxCurrentTCB            0x20003628     0x4  Data  Gb  tasks.o [1]
pxDelayedTaskList       0x2000362c     0x4  Data  Lc  tasks.o [1]
pxOverflowDelayedTaskList
                        0x20003630     0x4  Data  Lc  tasks.o [1]
pxReadyTasksLists       0x20003028    0x8c  Data  Lc  tasks.o [1]
round                   0x0800cddd    0x44  Code  Gb  round.o [4]
sConfig                 0x200035dc     0xc  Data  Gb  adc.o [1]
saveLen                 0x20000048     0x4  Data  Lc  usart.o [1]
sprintf                 0x08003ff9    0x34  Code  Gb  sprintf.o [3]
sqrt                    0x0800b39d          Code  Gb  sqrt.o [4]
sqrtl                   0x0800b39d          Code  Gb  sqrt.o [4]
sscanf                  0x080091bd    0x24  Code  Gb  sscanf.o [3]
strcat                  0x0800402d    0x1c  Code  Gb  strcat.o [3]
strchr                  0x080116e1          Code  Gb  strchr.o [5]
strlen                  0x08002fd9          Code  Gb  strlen.o [5]
strncmp                 0x0800922f    0x2c  Code  Gb  strncmp.o [3]
tolower                 0x080128e5    0x14  Code  Gb  tolower.o [3]
ubSequenceCompleted     0x20003668     0x1  Data  Gb  adc.o [1]
ulPortSetInterruptMask  0x0801540b          Code  Gb  portasm.o [1]
uwTick                  0x20003624     0x4  Data  Lc  stm32l1xx_hal.o [1]
uxListRemove            0x08015479    0x28  Code  Gb  list.o [1]
uxPendedTicks           0x20003640     0x4  Data  Lc  tasks.o [1]
uxSchedulerSuspended    0x20003650     0x4  Data  Lc  tasks.o [1]
uxTopReadyPriority      0x20003638     0x4  Data  Lc  tasks.o [1]
vListInsertEnd          0x08015461    0x18  Code  Gb  list.o [1]
vPortClearInterruptMask
                        0x08015419          Code  Gb  portasm.o [1]
vPortStartFirstTask     0x0801543f          Code  Gb  portasm.o [1]
vTaskSwitchContext      0x080152dd    0x6c  Code  Gb  tasks.o [1]
wwdg_HardFrames         0x08070000    0x18  Data  Gb  wwdg.o [1]
wwdg_Save               0x2000365c     0x4  Data  Lc  wwdg.o [1]
xNextTaskUnblockTime    0x2000364c     0x4  Data  Lc  tasks.o [1]
xNumOfOverflows         0x20003648     0x4  Data  Lc  tasks.o [1]
xPortSysTickHandler     0x080155f5    0x1e  Code  Gb  port.o [1]
xSchedulerRunning       0x2000363c     0x4  Data  Lc  tasks.o [1]
xTaskGetSchedulerState  0x08015385    0x26  Code  Gb  tasks.o [1]
xTaskIncrementTick      0x080151a9   0x134  Code  Gb  tasks.o [1]
xTickCount              0x20003634     0x4  Data  Lc  tasks.o [1]
xYieldPending           0x20003644     0x4  Data  Lc  tasks.o [1]


[1] = D:\GoogleDriveCLT\GoogleDrive\WeatherCloud\Roadboard\Software\Road-Board-December-2016N8\EWARM\Road Brd MSTR Rev L Long Always\Obj
[2] = command line
[3] = dl7M_tlf.a
[4] = m7M_tl.a
[5] = rt7M_tl.a
[6] = shb_l.a

  87 840 bytes of readonly  code memory
   9 316 bytes of readonly  data memory
  13 936 bytes of readwrite data memory (+ 224 absolute)

Errors: none
Warnings: none
