###############################################################################
#
# IAR ELF Linker V7.60.2.11341/W32 for ARM                07/May/2017  16:42:25
# Copyright 2007-2016 IAR Systems AB.
#
#    Output file  =  
#        D:\GoogleDriveCLT\GoogleDrive\WeatherCloud\Roadboard\Software\Road-Board-December-2016\EWARM\Road
#        Brd MSTR Rev L Long Always\Exe\Road Board Rev K NUCLEO V1.1 Jul 12
#        2016.out
#    Map file     =  
#        D:\GoogleDriveCLT\GoogleDrive\WeatherCloud\Roadboard\Software\Road-Board-December-2016\EWARM\Road
#        Brd MSTR Rev L Long Always\List\Road Board Rev K NUCLEO V1.1 Jul 12
#        2016.map
#    Command line =  
#        "D:\GoogleDriveCLT\GoogleDrive\WeatherCloud\Roadboard\Software\Road-Board-December-2016\EWARM\Road
#        Brd MSTR Rev L Long Always\Obj\adc.o"
#        "D:\GoogleDriveCLT\GoogleDrive\WeatherCloud\Roadboard\Software\Road-Board-December-2016\EWARM\Road
#        Brd MSTR Rev L Long Always\Obj\app_data.o"
#        "D:\GoogleDriveCLT\GoogleDrive\WeatherCloud\Roadboard\Software\Road-Board-December-2016\EWARM\Road
#        Brd MSTR Rev L Long Always\Obj\barometer.o"
#        "D:\GoogleDriveCLT\GoogleDrive\WeatherCloud\Roadboard\Software\Road-Board-December-2016\EWARM\Road
#        Brd MSTR Rev L Long Always\Obj\bgm111.o"
#        "D:\GoogleDriveCLT\GoogleDrive\WeatherCloud\Roadboard\Software\Road-Board-December-2016\EWARM\Road
#        Brd MSTR Rev L Long Always\Obj\cmsis_os.o"
#        "D:\GoogleDriveCLT\GoogleDrive\WeatherCloud\Roadboard\Software\Road-Board-December-2016\EWARM\Road
#        Brd MSTR Rev L Long Always\Obj\croutine.o"
#        "D:\GoogleDriveCLT\GoogleDrive\WeatherCloud\Roadboard\Software\Road-Board-December-2016\EWARM\Road
#        Brd MSTR Rev L Long Always\Obj\dma.o"
#        "D:\GoogleDriveCLT\GoogleDrive\WeatherCloud\Roadboard\Software\Road-Board-December-2016\EWARM\Road
#        Brd MSTR Rev L Long Always\Obj\ErrorCodes.o"
#        "D:\GoogleDriveCLT\GoogleDrive\WeatherCloud\Roadboard\Software\Road-Board-December-2016\EWARM\Road
#        Brd MSTR Rev L Long Always\Obj\event_groups.o"
#        "D:\GoogleDriveCLT\GoogleDrive\WeatherCloud\Roadboard\Software\Road-Board-December-2016\EWARM\Road
#        Brd MSTR Rev L Long Always\Obj\fix_fft.o"
#        "D:\GoogleDriveCLT\GoogleDrive\WeatherCloud\Roadboard\Software\Road-Board-December-2016\EWARM\Road
#        Brd MSTR Rev L Long Always\Obj\freertos.o"
#        "D:\GoogleDriveCLT\GoogleDrive\WeatherCloud\Roadboard\Software\Road-Board-December-2016\EWARM\Road
#        Brd MSTR Rev L Long Always\Obj\gecko_bglib.o"
#        "D:\GoogleDriveCLT\GoogleDrive\WeatherCloud\Roadboard\Software\Road-Board-December-2016\EWARM\Road
#        Brd MSTR Rev L Long Always\Obj\gpio.o"
#        "D:\GoogleDriveCLT\GoogleDrive\WeatherCloud\Roadboard\Software\Road-Board-December-2016\EWARM\Road
#        Brd MSTR Rev L Long Always\Obj\GridEye.o"
#        "D:\GoogleDriveCLT\GoogleDrive\WeatherCloud\Roadboard\Software\Road-Board-December-2016\EWARM\Road
#        Brd MSTR Rev L Long Always\Obj\heap_4.o"
#        "D:\GoogleDriveCLT\GoogleDrive\WeatherCloud\Roadboard\Software\Road-Board-December-2016\EWARM\Road
#        Brd MSTR Rev L Long Always\Obj\Humidity.o"
#        "D:\GoogleDriveCLT\GoogleDrive\WeatherCloud\Roadboard\Software\Road-Board-December-2016\EWARM\Road
#        Brd MSTR Rev L Long Always\Obj\i2c.o"
#        "D:\GoogleDriveCLT\GoogleDrive\WeatherCloud\Roadboard\Software\Road-Board-December-2016\EWARM\Road
#        Brd MSTR Rev L Long Always\Obj\list.o"
#        "D:\GoogleDriveCLT\GoogleDrive\WeatherCloud\Roadboard\Software\Road-Board-December-2016\EWARM\Road
#        Brd MSTR Rev L Long Always\Obj\lps25hb.o"
#        "D:\GoogleDriveCLT\GoogleDrive\WeatherCloud\Roadboard\Software\Road-Board-December-2016\EWARM\Road
#        Brd MSTR Rev L Long Always\Obj\main.o"
#        "D:\GoogleDriveCLT\GoogleDrive\WeatherCloud\Roadboard\Software\Road-Board-December-2016\EWARM\Road
#        Brd MSTR Rev L Long Always\Obj\parser.o"
#        "D:\GoogleDriveCLT\GoogleDrive\WeatherCloud\Roadboard\Software\Road-Board-December-2016\EWARM\Road
#        Brd MSTR Rev L Long Always\Obj\port.o"
#        "D:\GoogleDriveCLT\GoogleDrive\WeatherCloud\Roadboard\Software\Road-Board-December-2016\EWARM\Road
#        Brd MSTR Rev L Long Always\Obj\portasm.o"
#        "D:\GoogleDriveCLT\GoogleDrive\WeatherCloud\Roadboard\Software\Road-Board-December-2016\EWARM\Road
#        Brd MSTR Rev L Long Always\Obj\queue.o"
#        "D:\GoogleDriveCLT\GoogleDrive\WeatherCloud\Roadboard\Software\Road-Board-December-2016\EWARM\Road
#        Brd MSTR Rev L Long Always\Obj\Rd_Sound.o"
#        "D:\GoogleDriveCLT\GoogleDrive\WeatherCloud\Roadboard\Software\Road-Board-December-2016\EWARM\Road
#        Brd MSTR Rev L Long Always\Obj\RGBLight.o"
#        "D:\GoogleDriveCLT\GoogleDrive\WeatherCloud\Roadboard\Software\Road-Board-December-2016\EWARM\Road
#        Brd MSTR Rev L Long Always\Obj\startup_stm32l152xe.o"
#        "D:\GoogleDriveCLT\GoogleDrive\WeatherCloud\Roadboard\Software\Road-Board-December-2016\EWARM\Road
#        Brd MSTR Rev L Long Always\Obj\stm32l1xx_hal.o"
#        "D:\GoogleDriveCLT\GoogleDrive\WeatherCloud\Roadboard\Software\Road-Board-December-2016\EWARM\Road
#        Brd MSTR Rev L Long Always\Obj\stm32l1xx_hal_adc.o"
#        "D:\GoogleDriveCLT\GoogleDrive\WeatherCloud\Roadboard\Software\Road-Board-December-2016\EWARM\Road
#        Brd MSTR Rev L Long Always\Obj\stm32l1xx_hal_adc_ex.o"
#        "D:\GoogleDriveCLT\GoogleDrive\WeatherCloud\Roadboard\Software\Road-Board-December-2016\EWARM\Road
#        Brd MSTR Rev L Long Always\Obj\stm32l1xx_hal_cortex.o"
#        "D:\GoogleDriveCLT\GoogleDrive\WeatherCloud\Roadboard\Software\Road-Board-December-2016\EWARM\Road
#        Brd MSTR Rev L Long Always\Obj\stm32l1xx_hal_dma.o"
#        "D:\GoogleDriveCLT\GoogleDrive\WeatherCloud\Roadboard\Software\Road-Board-December-2016\EWARM\Road
#        Brd MSTR Rev L Long Always\Obj\stm32l1xx_hal_flash.o"
#        "D:\GoogleDriveCLT\GoogleDrive\WeatherCloud\Roadboard\Software\Road-Board-December-2016\EWARM\Road
#        Brd MSTR Rev L Long Always\Obj\stm32l1xx_hal_flash_ex.o"
#        "D:\GoogleDriveCLT\GoogleDrive\WeatherCloud\Roadboard\Software\Road-Board-December-2016\EWARM\Road
#        Brd MSTR Rev L Long Always\Obj\stm32l1xx_hal_flash_ramfunc.o"
#        "D:\GoogleDriveCLT\GoogleDrive\WeatherCloud\Roadboard\Software\Road-Board-December-2016\EWARM\Road
#        Brd MSTR Rev L Long Always\Obj\stm32l1xx_hal_gpio.o"
#        "D:\GoogleDriveCLT\GoogleDrive\WeatherCloud\Roadboard\Software\Road-Board-December-2016\EWARM\Road
#        Brd MSTR Rev L Long Always\Obj\stm32l1xx_hal_i2c.o"
#        "D:\GoogleDriveCLT\GoogleDrive\WeatherCloud\Roadboard\Software\Road-Board-December-2016\EWARM\Road
#        Brd MSTR Rev L Long Always\Obj\stm32l1xx_hal_msp.o"
#        "D:\GoogleDriveCLT\GoogleDrive\WeatherCloud\Roadboard\Software\Road-Board-December-2016\EWARM\Road
#        Brd MSTR Rev L Long Always\Obj\stm32l1xx_hal_pcd.o"
#        "D:\GoogleDriveCLT\GoogleDrive\WeatherCloud\Roadboard\Software\Road-Board-December-2016\EWARM\Road
#        Brd MSTR Rev L Long Always\Obj\stm32l1xx_hal_pcd_ex.o"
#        "D:\GoogleDriveCLT\GoogleDrive\WeatherCloud\Roadboard\Software\Road-Board-December-2016\EWARM\Road
#        Brd MSTR Rev L Long Always\Obj\stm32l1xx_hal_pwr.o"
#        "D:\GoogleDriveCLT\GoogleDrive\WeatherCloud\Roadboard\Software\Road-Board-December-2016\EWARM\Road
#        Brd MSTR Rev L Long Always\Obj\stm32l1xx_hal_pwr_ex.o"
#        "D:\GoogleDriveCLT\GoogleDrive\WeatherCloud\Roadboard\Software\Road-Board-December-2016\EWARM\Road
#        Brd MSTR Rev L Long Always\Obj\stm32l1xx_hal_rcc.o"
#        "D:\GoogleDriveCLT\GoogleDrive\WeatherCloud\Roadboard\Software\Road-Board-December-2016\EWARM\Road
#        Brd MSTR Rev L Long Always\Obj\stm32l1xx_hal_rcc_ex.o"
#        "D:\GoogleDriveCLT\GoogleDrive\WeatherCloud\Roadboard\Software\Road-Board-December-2016\EWARM\Road
#        Brd MSTR Rev L Long Always\Obj\stm32l1xx_hal_tim.o"
#        "D:\GoogleDriveCLT\GoogleDrive\WeatherCloud\Roadboard\Software\Road-Board-December-2016\EWARM\Road
#        Brd MSTR Rev L Long Always\Obj\stm32l1xx_hal_tim_ex.o"
#        "D:\GoogleDriveCLT\GoogleDrive\WeatherCloud\Roadboard\Software\Road-Board-December-2016\EWARM\Road
#        Brd MSTR Rev L Long Always\Obj\stm32l1xx_hal_timebase_TIM.o"
#        "D:\GoogleDriveCLT\GoogleDrive\WeatherCloud\Roadboard\Software\Road-Board-December-2016\EWARM\Road
#        Brd MSTR Rev L Long Always\Obj\stm32l1xx_hal_uart.o"
#        "D:\GoogleDriveCLT\GoogleDrive\WeatherCloud\Roadboard\Software\Road-Board-December-2016\EWARM\Road
#        Brd MSTR Rev L Long Always\Obj\stm32l1xx_hal_wwdg.o"
#        "D:\GoogleDriveCLT\GoogleDrive\WeatherCloud\Roadboard\Software\Road-Board-December-2016\EWARM\Road
#        Brd MSTR Rev L Long Always\Obj\stm32l1xx_it.o"
#        "D:\GoogleDriveCLT\GoogleDrive\WeatherCloud\Roadboard\Software\Road-Board-December-2016\EWARM\Road
#        Brd MSTR Rev L Long Always\Obj\stm32l1xx_nucleo.o"
#        "D:\GoogleDriveCLT\GoogleDrive\WeatherCloud\Roadboard\Software\Road-Board-December-2016\EWARM\Road
#        Brd MSTR Rev L Long Always\Obj\system_stm32l1xx.o"
#        "D:\GoogleDriveCLT\GoogleDrive\WeatherCloud\Roadboard\Software\Road-Board-December-2016\EWARM\Road
#        Brd MSTR Rev L Long Always\Obj\tasks.o"
#        "D:\GoogleDriveCLT\GoogleDrive\WeatherCloud\Roadboard\Software\Road-Board-December-2016\EWARM\Road
#        Brd MSTR Rev L Long Always\Obj\Temperature.o"
#        "D:\GoogleDriveCLT\GoogleDrive\WeatherCloud\Roadboard\Software\Road-Board-December-2016\EWARM\Road
#        Brd MSTR Rev L Long Always\Obj\tim.o"
#        "D:\GoogleDriveCLT\GoogleDrive\WeatherCloud\Roadboard\Software\Road-Board-December-2016\EWARM\Road
#        Brd MSTR Rev L Long Always\Obj\timers.o"
#        "D:\GoogleDriveCLT\GoogleDrive\WeatherCloud\Roadboard\Software\Road-Board-December-2016\EWARM\Road
#        Brd MSTR Rev L Long Always\Obj\usart.o"
#        "D:\GoogleDriveCLT\GoogleDrive\WeatherCloud\Roadboard\Software\Road-Board-December-2016\EWARM\Road
#        Brd MSTR Rev L Long Always\Obj\usb_device.o"
#        "D:\GoogleDriveCLT\GoogleDrive\WeatherCloud\Roadboard\Software\Road-Board-December-2016\EWARM\Road
#        Brd MSTR Rev L Long Always\Obj\usbd_cdc.o"
#        "D:\GoogleDriveCLT\GoogleDrive\WeatherCloud\Roadboard\Software\Road-Board-December-2016\EWARM\Road
#        Brd MSTR Rev L Long Always\Obj\usbd_cdc_if.o"
#        "D:\GoogleDriveCLT\GoogleDrive\WeatherCloud\Roadboard\Software\Road-Board-December-2016\EWARM\Road
#        Brd MSTR Rev L Long Always\Obj\usbd_conf.o"
#        "D:\GoogleDriveCLT\GoogleDrive\WeatherCloud\Roadboard\Software\Road-Board-December-2016\EWARM\Road
#        Brd MSTR Rev L Long Always\Obj\usbd_core.o"
#        "D:\GoogleDriveCLT\GoogleDrive\WeatherCloud\Roadboard\Software\Road-Board-December-2016\EWARM\Road
#        Brd MSTR Rev L Long Always\Obj\usbd_ctlreq.o"
#        "D:\GoogleDriveCLT\GoogleDrive\WeatherCloud\Roadboard\Software\Road-Board-December-2016\EWARM\Road
#        Brd MSTR Rev L Long Always\Obj\usbd_desc.o"
#        "D:\GoogleDriveCLT\GoogleDrive\WeatherCloud\Roadboard\Software\Road-Board-December-2016\EWARM\Road
#        Brd MSTR Rev L Long Always\Obj\usbd_ioreq.o"
#        "D:\GoogleDriveCLT\GoogleDrive\WeatherCloud\Roadboard\Software\Road-Board-December-2016\EWARM\Road
#        Brd MSTR Rev L Long Always\Obj\VMonitor.o"
#        "D:\GoogleDriveCLT\GoogleDrive\WeatherCloud\Roadboard\Software\Road-Board-December-2016\EWARM\Road
#        Brd MSTR Rev L Long Always\Obj\wwdg.o" --redirect _Printf=_PrintfFull
#        --redirect _Scanf=_ScanfFull -o
#        "D:\GoogleDriveCLT\GoogleDrive\WeatherCloud\Roadboard\Software\Road-Board-December-2016\EWARM\Road
#        Brd MSTR Rev L Long Always\Exe\Road Board Rev K NUCLEO V1.1 Jul 12
#        2016.out" --map
#        "D:\GoogleDriveCLT\GoogleDrive\WeatherCloud\Roadboard\Software\Road-Board-December-2016\EWARM\Road
#        Brd MSTR Rev L Long Always\List\Road Board Rev K NUCLEO V1.1 Jul 12
#        2016.map" --config
#        D:\GoogleDriveCLT\GoogleDrive\WeatherCloud\Roadboard\Software\Road-Board-December-2016\EWARM/stm32l152xe_flash.icf
#        --semihosting --entry __iar_program_start --vfe
#
###############################################################################

*******************************************************************************
*** RUNTIME MODEL ATTRIBUTES
***

CppFlavor                     = *
__Heap_Handler                = Basic
__SystemLibrary               = DLib
__dlib_dynamic_initialization = normal


*******************************************************************************
*** PLACEMENT SUMMARY
***

"A1":  place at 0x08000000 { ro section .intvec };
"P1":  place in [from 0x08000000 to 0x0807ffff] { ro };
"P2":  place in [from 0x20000000 to 0x20013fff] { rw, block CSTACK, block HEAP };
initialize by copy { rw };

  Section             Kind        Address     Size  Object
  -------             ----        -------     ----  ------
"A1":                                        0x124
  .intvec             ro code  0x08000000    0x124  startup_stm32l152xe.o [1]
                             - 0x08000124    0x124

"P1":                                      0x11c50
  .text               ro code  0x08000124   0x1e56  parser.o [1]
  .text               ro code  0x08001f7a      0xa  xsprout.o [3]
  .text               ro code  0x08001f84     0x36  strlen.o [5]
  .text               ro code  0x08001fbc    0x230  Rd_Sound.o [1]
  .text               ro code  0x080021ec     0x44  strcpy_unaligned.o [5]
  .text               ro code  0x08002230    0x4bc  usart.o [1]
  .text               ro code  0x080026ec     0x34  sprintf.o [3]
  .text               ro code  0x08002720     0x1c  strcat.o [3]
  .text               ro code  0x0800273c    0x1f8  barometer.o [1]
  .text               ro code  0x08002934    0xf38  app_data.o [1]
  .text               ro code  0x0800386c    0xd98  GridEye.o [1]
  .text               ro code  0x08004604    0x4c0  VMonitor.o [1]
  .text               ro code  0x08004ac4    0x6c8  Humidity.o [1]
  .text               ro code  0x0800518c    0x16c  Temperature.o [1]
  .text               ro code  0x080052f8    0x344  RGBLight.o [1]
  .text               ro code  0x0800563c    0x1c4  gpio.o [1]
  .text               ro code  0x08005800    0x4dc  i2c.o [1]
  .text               ro code  0x08005cdc    0x11a  ErrorCodes.o [1]
  .text               ro code  0x08005df8    0x1b0  stm32l1xx_hal_cortex.o [1]
  .text               ro code  0x08005fa8    0x2bc  adc.o [1]
  .text               ro code  0x08006264    0x240  fix_fft.o [1]
  .text               ro code  0x080064a4     0x30  I32ToDbl.o [4]
  .text               ro code  0x080064d4     0xf0  sqrt.o [4]
  .text               ro code  0x080065c4     0x90  DblToFlt.o [4]
  .text               ro code  0x08006654     0x44  FltToS32.o [4]
  .text               ro code  0x08006698    0x8e8  stm32l1xx_hal_uart.o [1]
  .text               ro code  0x08006f80    0x49e  main.o [1]
  .text               ro code  0x08007420    0x378  stm32l1xx_hal_gpio.o [1]
  .text               ro code  0x08007798    0x878  bgm111.o [1]
  .text               ro code  0x08008010   0x119e  xprintffull.o [3]
  .text               ro code  0x080091b0    0x248  lps25hb.o [1]
  .text               ro code  0x080093f8     0x4e  FltToDbl.o [4]
  .text               ro code  0x08009448    0x1a2  DblMul.o [4]
  .text               ro code  0x080095ec     0x58  DblToI32.o [4]
  .text               ro code  0x08009644     0xb8  modf.o [4]
  .text               ro code  0x080096fc     0xd8  FltMul.o [4]
  .text               ro code  0x080097d4     0xe8  DblAdd.o [4]
  .text               ro code  0x080098bc     0x42  strcmp_unaligned.o [5]
  .text               ro code  0x08009900     0x48  stm32l1xx_hal.o [1]
  .text               ro code  0x08009948     0x6c  strncpy_unaligned.o [5]
  .text               ro code  0x080099b4     0x32  I32ToFlt.o [4]
  .text               ro code  0x080099e8     0x44  round.o [4]
  .text               ro code  0x08009a2c     0x24  FltCmpGe.o [4]
  .text               ro code  0x08009a50     0xfc  FltDiv.o [4]
  .text               ro code  0x08009b4c     0x84  FltAdd.o [4]
  .text               ro code  0x08009bd0   0x1018  stm32l1xx_hal_i2c.o [1]
  .text               ro code  0x0800abe8    0x82a  stm32l1xx_hal_adc.o [1]
  .text               ro code  0x0800b414    0xefe  stm32l1xx_hal_dma.o [1]
  .text               ro code  0x0800c312     0x1c  fix_fft.o [1]
  .text               ro code  0x0800c330      0xc  iarEdom.o [5]
  .text               ro code  0x0800c33c    0xcd4  stm32l1xx_hal_rcc.o [1]
  .text               ro code  0x0800d010     0x30  dma.o [1]
  .text               ro code  0x0800d040    0x224  tim.o [1]
  .text               ro code  0x0800d264    0x1ac  gecko_bglib.o [1]
  .text               ro code  0x0800d410     0x76  ABImemcpy_unaligned.o [5]
  .text               ro code  0x0800d486     0x20  xmbtowc.o [3]
  .text               ro code  0x0800d4a8     0x16  strchr.o [5]
  .text               ro code  0x0800d4c0     0x58  memchr.o [5]
  .text               ro code  0x0800d518      0xa  xmbcurmax.o [3]
  .text               ro code  0x0800d524     0xb0  xxmemxmalloc.o [3]
  .text               ro code  0x0800d5d4     0x1a  xwctomb.o [3]
  .text               ro code  0x0800d5f0     0x80  xxmemxfree.o [3]
  .text               ro code  0x0800d670     0xee  I64DivMod.o [5]
  .text               ro code  0x0800d75e     0x44  xdnorm.o [4]
  .text               ro code  0x0800d7a4     0x2e  DblCmpLe.o [4]
  .text               ro code  0x0800d7d4     0x2e  DblCmpGe.o [4]
  .text               ro code  0x0800d804    0x10c  xdscale.o [4]
  .text               ro code  0x0800d910    0x180  DblSub.o [4]
  .text               ro code  0x0800da90    0x256  DblDiv.o [4]
  .text               ro code  0x0800dce8     0x6c  localeconv.o [3]
  .text               ro code  0x0800dd54      0xe  div.o [3]
  .text               ro code  0x0800dd64     0x90  stm32l1xx_hal_timebase_TIM.o [1]
  .text               ro code  0x0800ddf4     0x98  stm32l1xx_hal_msp.o [1]
  .text               ro code  0x0800de8c     0x5e  ABImemset.o [5]
  .text               ro code  0x0800deea     0x7a  xdint.o [4]
  .text               ro code  0x0800df64     0xd6  FltSub.o [4]
  .text               ro code  0x0800e03c      0xc  errno.o [3]
  .text               ro code  0x0800e048     0x10  stm32l1xx_hal_pwr_ex.o [1]
  .text               ro code  0x0800e058    0x3da  stm32l1xx_hal_tim.o [1]
  .text               ro code  0x0800e432     0x5e  stm32l1xx_hal_tim_ex.o [1]
  .text               ro code  0x0800e490     0x14  setlocale.o [3]
  .text               ro code  0x0800e4a4     0x60  xencoding_sb.o [3]
  .text               ro code  0x0800e504     0x2c  xgetmemchunk.o [3]
  .text               ro code  0x0800e530      0x2  I64DivZer.o [5]
  .text               ro code  0x0800e532      0x2  xtls.o [3]
  .text               ro code  0x0800e534   0x1074  stm32l1xx_hal_pcd.o [1]
  .text               ro code  0x0800f5a8    0x198  usbd_conf.o [1]
  .text               ro code  0x0800f740    0x2c8  usbd_core.o [1]
  .text               ro code  0x0800fa08    0x608  usbd_ctlreq.o [1]
  .text               ro code  0x08010010     0x90  usbd_ioreq.o [1]
  .text               ro code  0x080100a0    0x224  tasks.o [1]
  CODE                ro code  0x080102c4     0x94  portasm.o [1]
  .text               ro code  0x08010358     0x40  list.o [1]
  .text               ro code  0x08010398     0x84  stm32l1xx_it.o [1]
  .text               ro code  0x0801041c     0x10  cmsis_os.o [1]
  .text               ro code  0x0801042c     0x24  port.o [1]
  .rodata             const    0x08010450     0x80  fix_fft.o [1]
  .text               ro code  0x080104d0     0x64  system_stm32l1xx.o [1]
  .rodata             const    0x08010534     0x48  ErrorCodes.o [1]
  .rodata             const    0x0801057c     0x48  parser.o [1]
  .rodata             const    0x080105c4     0x48  parser.o [1]
  .rodata             const    0x0801060c     0x44  parser.o [1]
  .rodata             const    0x08010650     0x44  parser.o [1]
  .rodata             const    0x08010694     0x44  parser.o [1]
  .rodata             const    0x080106d8     0x40  main.o [1]
  .rodata             const    0x08010718     0x40  main.o [1]
  .rodata             const    0x08010758     0x40  parser.o [1]
  .rodata             const    0x08010798     0x40  parser.o [1]
  .rodata             const    0x080107d8     0x40  parser.o [1]
  .rodata             const    0x08010818     0x40  parser.o [1]
  .rodata             const    0x08010858     0x40  parser.o [1]
  .rodata             const    0x08010898     0x40  parser.o [1]
  .text               ro code  0x080108d8     0x40  zero_init3.o [5]
  .rodata             const    0x08010918     0x3c  parser.o [1]
  .rodata             const    0x08010954     0x3c  parser.o [1]
  .rodata             const    0x08010990     0x3c  parser.o [1]
  .rodata             const    0x080109cc     0x3c  parser.o [1]
  .rodata             const    0x08010a08     0x38  parser.o [1]
  .rodata             const    0x08010a40     0x38  parser.o [1]
  .rodata             const    0x08010a78     0x38  parser.o [1]
  .rodata             const    0x08010ab0     0x38  parser.o [1]
  .text               ro code  0x08010ae8     0x38  packbits_init_single.o [5]
  .rodata             const    0x08010b20     0x34  main.o [1]
  .rodata             const    0x08010b54     0x34  parser.o [1]
  .rodata             const    0x08010b88     0x34  parser.o [1]
  .rodata             const    0x08010bbc     0x34  parser.o [1]
  .rodata             const    0x08010bf0     0x34  parser.o [1]
  .rodata             const    0x08010c24     0x30  parser.o [1]
  .rodata             const    0x08010c54     0x30  parser.o [1]
  .rodata             const    0x08010c84     0x30  parser.o [1]
  .rodata             const    0x08010cb4     0x30  parser.o [1]
  .rodata             const    0x08010ce4     0x30  parser.o [1]
  .rodata             const    0x08010d14     0x2c  main.o [1]
  .rodata             const    0x08010d40     0x2c  parser.o [1]
  .rodata             const    0x08010d6c     0x2c  parser.o [1]
  .rodata             const    0x08010d98     0x2c  parser.o [1]
  .rodata             const    0x08010dc4     0x2c  parser.o [1]
  .rodata             const    0x08010df0     0x2c  parser.o [1]
  .rodata             const    0x08010e1c     0x2c  parser.o [1]
  .rodata             const    0x08010e48     0x2c  parser.o [1]
  .rodata             const    0x08010e74     0x2c  parser.o [1]
  .rodata             const    0x08010ea0     0x28  parser.o [1]
  .rodata             const    0x08010ec8     0x28  parser.o [1]
  .rodata             const    0x08010ef0     0x28  parser.o [1]
  .rodata             const    0x08010f18     0x28  parser.o [1]
  .rodata             const    0x08010f40     0x28  parser.o [1]
  .rodata             const    0x08010f68     0x28  parser.o [1]
  .rodata             const    0x08010f90     0x28  parser.o [1]
  .rodata             const    0x08010fb8     0x28  parser.o [1]
  .rodata             const    0x08010fe0     0x28  parser.o [1]
  .rodata             const    0x08011008     0x28  parser.o [1]
  .rodata             const    0x08011030     0x28  parser.o [1]
  .rodata             const    0x08011058     0x28  parser.o [1]
  .rodata             const    0x08011080     0x28  parser.o [1]
  .rodata             const    0x080110a8     0x28  parser.o [1]
  .rodata             const    0x080110d0     0x28  parser.o [1]
  .rodata             const    0x080110f8     0x28  parser.o [1]
  .rodata             const    0x08011120     0x28  parser.o [1]
  .rodata             const    0x08011148     0x28  parser.o [1]
  .rodata             const    0x08011170     0x28  parser.o [1]
  .rodata             const    0x08011198     0x28  parser.o [1]
  .rodata             const    0x080111c0     0x28  parser.o [1]
  .rodata             const    0x080111e8     0x28  parser.o [1]
  .rodata             const    0x08011210     0x28  parser.o [1]
  .rodata             const    0x08011238     0x28  parser.o [1]
  .rodata             const    0x08011260     0x28  parser.o [1]
  .rodata             const    0x08011288     0x28  parser.o [1]
  .rodata             const    0x080112b0     0x28  parser.o [1]
  .rodata             const    0x080112d8     0x28  parser.o [1]
  .rodata             const    0x08011300     0x28  parser.o [1]
  .rodata             const    0x08011328     0x28  parser.o [1]
  .rodata             const    0x08011350     0x28  parser.o [1]
  .rodata             const    0x08011378     0x28  parser.o [1]
  .rodata             const    0x080113a0     0x28  parser.o [1]
  .text               ro code  0x080113c8     0x28  data_init.o [5]
  .rodata             const    0x080113f0     0x24  parser.o [1]
  .rodata             const    0x08011414     0x24  parser.o [1]
  .rodata             const    0x08011438     0x24  parser.o [1]
  .rodata             const    0x0801145c     0x24  parser.o [1]
  .rodata             const    0x08011480     0x24  parser.o [1]
  .rodata             const    0x080114a4     0x24  parser.o [1]
  .rodata             const    0x080114c8     0x24  parser.o [1]
  .rodata             const    0x080114ec     0x24  parser.o [1]
  .iar.init_table     const    0x08011510     0x20  - Linker created -
  .rodata             const    0x08011530     0x20  bgm111.o [1]
  .rodata             const    0x08011550     0x20  parser.o [1]
  .rodata             const    0x08011570     0x20  parser.o [1]
  .rodata             const    0x08011590     0x20  parser.o [1]
  .rodata             const    0x080115b0     0x20  parser.o [1]
  .rodata             const    0x080115d0     0x20  parser.o [1]
  .rodata             const    0x080115f0     0x20  parser.o [1]
  .rodata             const    0x08011610     0x20  parser.o [1]
  .rodata             const    0x08011630     0x20  parser.o [1]
  .rodata             const    0x08011650     0x20  parser.o [1]
  .rodata             const    0x08011670     0x20  parser.o [1]
  .rodata             const    0x08011690     0x20  parser.o [1]
  .rodata             const    0x080116b0     0x1c  app_data.o [1]
  .rodata             const    0x080116cc     0x1c  bgm111.o [1]
  .rodata             const    0x080116e8     0x1c  ErrorCodes.o [1]
  .rodata             const    0x08011704     0x1c  parser.o [1]
  .text               ro code  0x08011720     0x1a  cmain.o [5]
  .text               ro code  0x0801173a      0x4  low_level_init.o [3]
  .text               ro code  0x0801173e      0x4  exit.o [3]
  .text               ro code  0x08011744      0xa  cexit.o [5]
  .text               ro code  0x08011750     0x14  exit.o [6]
  .rodata             const    0x08011764     0x18  app_data.o [1]
  .rodata             const    0x0801177c     0x18  parser.o [1]
  .rodata             const    0x08011794     0x18  parser.o [1]
  .rodata             const    0x080117ac     0x18  parser.o [1]
  .rodata             const    0x080117c4     0x18  parser.o [1]
  .rodata             const    0x080117dc     0x18  parser.o [1]
  .rodata             const    0x080117f4     0x18  parser.o [1]
  .rodata             const    0x0801180c     0x18  parser.o [1]
  .rodata             const    0x08011824     0x18  parser.o [1]
  .rodata             const    0x0801183c     0x18  parser.o [1]
  .rodata             const    0x08011854     0x18  parser.o [1]
  .rodata             const    0x0801186c     0x18  parser.o [1]
  .rodata             const    0x08011884     0x14  app_data.o [1]
  .rodata             const    0x08011898     0x14  ErrorCodes.o [1]
  .rodata             const    0x080118ac     0x14  gpio.o [1]
  .rodata             const    0x080118c0     0x14  parser.o [1]
  .rodata             const    0x080118d4     0x14  parser.o [1]
  .rodata             const    0x080118e8     0x14  parser.o [1]
  .rodata             const    0x080118fc     0x14  parser.o [1]
  .rodata             const    0x08011910     0x14  parser.o [1]
  .rodata             const    0x08011924     0x14  parser.o [1]
  .rodata             const    0x08011938     0x14  parser.o [1]
  .rodata             const    0x0801194c     0x14  parser.o [1]
  .rodata             const    0x08011960     0x14  parser.o [1]
  .rodata             const    0x08011974     0x10  app_data.o [1]
  .rodata             const    0x08011984     0x10  bgm111.o [1]
  .rodata             const    0x08011994     0x10  bgm111.o [1]
  .rodata             const    0x080119a4     0x10  parser.o [1]
  .rodata             const    0x080119b4     0x10  parser.o [1]
  .rodata             const    0x080119c4     0x10  parser.o [1]
  .rodata             const    0x080119d4     0x10  parser.o [1]
  .rodata             const    0x080119e4     0x10  parser.o [1]
  .rodata             const    0x080119f4     0x10  parser.o [1]
  .rodata             const    0x08011a04     0x10  parser.o [1]
  .rodata             const    0x08011a14     0x10  system_stm32l1xx.o [1]
  .text               ro code  0x08011a24     0x10  startup_stm32l152xe.o [1]
  .rodata             const    0x08011a34      0xc  app_data.o [1]
  .rodata             const    0x08011a40      0xc  bgm111.o [1]
  .rodata             const    0x08011a4c      0xc  bgm111.o [1]
  .rodata             const    0x08011a58      0xc  main.o [1]
  .rodata             const    0x08011a64      0xc  parser.o [1]
  .rodata             const    0x08011a70      0xc  parser.o [1]
  .rodata             const    0x08011a7c      0xc  parser.o [1]
  .rodata             const    0x08011a88      0xc  parser.o [1]
  .rodata             const    0x08011a94      0xc  parser.o [1]
  .rodata             const    0x08011aa0      0xc  parser.o [1]
  .rodata             const    0x08011aac      0xc  parser.o [1]
  .rodata             const    0x08011ab8      0xc  stm32l1xx_hal_rcc.o [1]
  .text               ro code  0x08011ac4      0xc  cstartup_M.o [5]
  .rodata             const    0x08011ad0      0x8  barometer.o [1]
  .rodata             const    0x08011ad8      0x8  barometer.o [1]
  .rodata             const    0x08011ae0      0x8  barometer.o [1]
  .rodata             const    0x08011ae8      0x8  barometer.o [1]
  .rodata             const    0x08011af0      0x8  barometer.o [1]
  .rodata             const    0x08011af8      0x8  ErrorCodes.o [1]
  .rodata             const    0x08011b00      0x8  ErrorCodes.o [1]
  .rodata             const    0x08011b08      0x8  ErrorCodes.o [1]
  .rodata             const    0x08011b10      0x8  ErrorCodes.o [1]
  .rodata             const    0x08011b18      0x8  ErrorCodes.o [1]
  .rodata             const    0x08011b20      0x8  ErrorCodes.o [1]
  .rodata             const    0x08011b28      0x8  ErrorCodes.o [1]
  .rodata             const    0x08011b30      0x8  ErrorCodes.o [1]
  .rodata             const    0x08011b38      0x8  ErrorCodes.o [1]
  .rodata             const    0x08011b40      0x8  ErrorCodes.o [1]
  .rodata             const    0x08011b48      0x8  ErrorCodes.o [1]
  .rodata             const    0x08011b50      0x8  ErrorCodes.o [1]
  .rodata             const    0x08011b58      0x8  ErrorCodes.o [1]
  .rodata             const    0x08011b60      0x8  ErrorCodes.o [1]
  .rodata             const    0x08011b68      0x8  ErrorCodes.o [1]
  .rodata             const    0x08011b70      0x8  ErrorCodes.o [1]
  .rodata             const    0x08011b78      0x8  ErrorCodes.o [1]
  .rodata             const    0x08011b80      0x8  ErrorCodes.o [1]
  .rodata             const    0x08011b88      0x8  ErrorCodes.o [1]
  .rodata             const    0x08011b90      0x8  GridEye.o [1]
  .rodata             const    0x08011b98      0x8  GridEye.o [1]
  .rodata             const    0x08011ba0      0x8  GridEye.o [1]
  .rodata             const    0x08011ba8      0x8  Humidity.o [1]
  .rodata             const    0x08011bb0      0x8  Humidity.o [1]
  .rodata             const    0x08011bb8      0x8  Humidity.o [1]
  .rodata             const    0x08011bc0      0x8  Humidity.o [1]
  .rodata             const    0x08011bc8      0x8  main.o [1]
  .rodata             const    0x08011bd0      0x8  main.o [1]
  .rodata             const    0x08011bd8      0x8  parser.o [1]
  .rodata             const    0x08011be0      0x8  parser.o [1]
  .rodata             const    0x08011be8      0x8  parser.o [1]
  .rodata             const    0x08011bf0      0x8  Rd_Sound.o [1]
  .rodata             const    0x08011bf8      0x8  RGBLight.o [1]
  .rodata             const    0x08011c00      0x8  RGBLight.o [1]
  .rodata             const    0x08011c08      0x8  system_stm32l1xx.o [1]
  .rodata             const    0x08011c10      0x8  Temperature.o [1]
  .rodata             const    0x08011c18      0x8  Temperature.o [1]
  .rodata             const    0x08011c20      0x8  Temperature.o [1]
  .rodata             const    0x08011c28      0x8  VMonitor.o [1]
  .rodata             const    0x08011c30      0x8  VMonitor.o [1]
  .rodata             const    0x08011c38      0x8  VMonitor.o [1]
  .rodata             const    0x08011c40      0x8  VMonitor.o [1]
  .rodata             const    0x08011c48      0x8  VMonitor.o [1]
  .rodata             const    0x08011c50      0x4  stm32l1xx_hal_rcc.o [1]
  .text               ro code  0x08011c54      0x4  startup_stm32l152xe.o [1]
  .text               ro code  0x08011c58      0x4  startup_stm32l152xe.o [1]
  .text               ro code  0x08011c5c      0x4  startup_stm32l152xe.o [1]
  .text               ro code  0x08011c60      0x4  startup_stm32l152xe.o [1]
  .text               ro code  0x08011c64      0x4  startup_stm32l152xe.o [1]
  .text               ro code  0x08011c68      0x4  startup_stm32l152xe.o [1]
  .text               ro code  0x08011c6c      0x4  startup_stm32l152xe.o [1]
  .text               ro code  0x08011c70      0x4  startup_stm32l152xe.o [1]
  .text               ro code  0x08011c74      0x4  startup_stm32l152xe.o [1]
  .text               ro code  0x08011c78      0x4  startup_stm32l152xe.o [1]
  .text               ro code  0x08011c7c      0x4  startup_stm32l152xe.o [1]
  .text               ro code  0x08011c80      0x4  startup_stm32l152xe.o [1]
  .text               ro code  0x08011c84      0x4  startup_stm32l152xe.o [1]
  .text               ro code  0x08011c88      0x4  startup_stm32l152xe.o [1]
  .text               ro code  0x08011c8c      0x4  startup_stm32l152xe.o [1]
  .text               ro code  0x08011c90      0x4  startup_stm32l152xe.o [1]
  .text               ro code  0x08011c94      0x4  startup_stm32l152xe.o [1]
  .text               ro code  0x08011c98      0x4  startup_stm32l152xe.o [1]
  .text               ro code  0x08011c9c      0x4  startup_stm32l152xe.o [1]
  .text               ro code  0x08011ca0      0x4  startup_stm32l152xe.o [1]
  .text               ro code  0x08011ca4      0x4  startup_stm32l152xe.o [1]
  .text               ro code  0x08011ca8      0x4  startup_stm32l152xe.o [1]
  .text               ro code  0x08011cac      0x4  startup_stm32l152xe.o [1]
  .text               ro code  0x08011cb0      0x4  startup_stm32l152xe.o [1]
  .text               ro code  0x08011cb4      0x4  startup_stm32l152xe.o [1]
  .text               ro code  0x08011cb8      0x4  startup_stm32l152xe.o [1]
  .text               ro code  0x08011cbc      0x4  startup_stm32l152xe.o [1]
  .text               ro code  0x08011cc0      0x4  startup_stm32l152xe.o [1]
  .text               ro code  0x08011cc4      0x4  startup_stm32l152xe.o [1]
  .text               ro code  0x08011cc8      0x4  startup_stm32l152xe.o [1]
  .text               ro code  0x08011ccc      0x4  startup_stm32l152xe.o [1]
  .text               ro code  0x08011cd0      0x4  startup_stm32l152xe.o [1]
  .text               ro code  0x08011cd4      0x4  startup_stm32l152xe.o [1]
  .text               ro code  0x08011cd8      0x4  startup_stm32l152xe.o [1]
  .text               ro code  0x08011cdc      0x4  startup_stm32l152xe.o [1]
  .text               ro code  0x08011ce0      0x4  startup_stm32l152xe.o [1]
  .text               ro code  0x08011ce4      0x4  startup_stm32l152xe.o [1]
  .text               ro code  0x08011ce8      0x4  startup_stm32l152xe.o [1]
  .text               ro code  0x08011cec      0x4  startup_stm32l152xe.o [1]
  .text               ro code  0x08011cf0      0x4  startup_stm32l152xe.o [1]
  .text               ro code  0x08011cf4      0x4  startup_stm32l152xe.o [1]
  .text               ro code  0x08011cf8      0x4  startup_stm32l152xe.o [1]
  .text               ro code  0x08011cfc      0x4  startup_stm32l152xe.o [1]
  .text               ro code  0x08011d00      0x4  startup_stm32l152xe.o [1]
  .text               ro code  0x08011d04      0x4  startup_stm32l152xe.o [1]
  .text               ro code  0x08011d08      0x4  startup_stm32l152xe.o [1]
  .text               ro code  0x08011d0c      0x4  startup_stm32l152xe.o [1]
  .text               ro code  0x08011d10      0x4  startup_stm32l152xe.o [1]
  .text               ro code  0x08011d14      0x4  startup_stm32l152xe.o [1]
  .text               ro code  0x08011d18      0x4  startup_stm32l152xe.o [1]
  .text               ro code  0x08011d1c      0x4  startup_stm32l152xe.o [1]
  .rodata             const    0x08011d20      0x0  zero_init3.o [5]
  .rodata             const    0x08011d20      0x0  packbits_init_single.o [5]
  Initializer bytes   const    0x08011d20     0x54  <for P2-1>
                             - 0x08011d74  0x11c50

"P2", part 1 of 3:                           0x14c
  P2-1                         0x20000000    0x14c  <Init block>
    .data             inited   0x20000000      0xc  adc.o [1]
    .data             inited   0x2000000c      0x4  bgm111.o [1]
    .data             inited   0x20000010      0x4  bgm111.o [1]
    .data             inited   0x20000014     0x24  gpio.o [1]
    .data             inited   0x20000038      0x4  system_stm32l1xx.o [1]
    .data             inited   0x2000003c      0x4  tim.o [1]
    .data             inited   0x20000040      0x4  tim.o [1]
    .data             inited   0x20000044      0x4  tim.o [1]
    .data             inited   0x20000048      0x4  usart.o [1]
    __DLIB_PERTHREAD  inited   0x2000004c     0x88  localeconv.o [3]
    __DLIB_PERTHREAD  inited   0x200000d4      0x4  errno.o [3]
    __DLIB_PERTHREAD  inited   0x200000d8     0x74  setlocale.o [3]
                             - 0x2000014c    0x14c

"P2", part 2 of 3:                          0x1000
  CSTACK                       0x20000150   0x1000  <Block>
    CSTACK            uninit   0x20000150   0x1000  <Block tail>
  HEAP                         0x20001150      0x0  <Block>
                             - 0x20001150   0x1000

"P2", part 3 of 3:                          0x23b8
  .bss                zero     0x20001150    0xf78  bgm111.o [1]
  .bss                zero     0x200020c8    0x324  bgm111.o [1]
  .bss                zero     0x200023ec    0x324  ErrorCodes.o [1]
  .bss                zero     0x20002710    0x248  app_data.o [1]
  .bss                zero     0x20002958    0x248  app_data.o [1]
  .bss                zero     0x20002ba0    0x220  usbd_conf.o [1]
  .bss                zero     0x20002dc0    0x19c  bgm111.o [1]
  .bss                zero     0x20002f5c     0x8c  tasks.o [1]
  .bss                zero     0x20002fe8     0x84  bgm111.o [1]
  .bss                zero     0x2000306c     0x84  bgm111.o [1]
  .bss                zero     0x200030f0     0x80  Rd_Sound.o [1]
  .bss                zero     0x20003170     0x80  Rd_Sound.o [1]
  .bss                zero     0x200031f0     0x80  Rd_Sound.o [1]
  .bss                zero     0x20003270     0x54  adc.o [1]
  .bss                zero     0x200032c4     0x40  usart.o [1]
  .bss                zero     0x20003304     0x40  usart.o [1]
  .bss                zero     0x20003344     0x3c  i2c.o [1]
  .bss                zero     0x20003380     0x38  adc.o [1]
  .bss                zero     0x200033b8     0x38  stm32l1xx_hal_timebase_TIM.o [1]
  .bss                zero     0x200033f0     0x38  tim.o [1]
  .bss                zero     0x20003428     0x38  tim.o [1]
  .bss                zero     0x20003460     0x28  usart.o [1]
  .bss                zero     0x20003488      0xc  adc.o [1]
  .bss                zero     0x20003494      0x8  app_data.o [1]
  .bss                zero     0x2000349c      0x8  xxmemxmalloc.o [3]
  .bss                zero     0x200034a4      0x4  app_data.o [1]
  .bss                zero     0x200034a8      0x4  bgm111.o [1]
  .bss                zero     0x200034ac      0x4  bgm111.o [1]
  .bss                zero     0x200034b0      0x4  bgm111.o [1]
  .bss                zero     0x200034b4      0x4  bgm111.o [1]
  .bss                zero     0x200034b8      0x4  bgm111.o [1]
  .bss                zero     0x200034bc      0x4  stm32l1xx_hal.o [1]
  .bss                zero     0x200034c0      0x4  tasks.o [1]
  .bss                zero     0x200034c4      0x4  tasks.o [1]
  .bss                zero     0x200034c8      0x4  tasks.o [1]
  .bss                zero     0x200034cc      0x4  tasks.o [1]
  .bss                zero     0x200034d0      0x4  tasks.o [1]
  .bss                zero     0x200034d4      0x4  tasks.o [1]
  .bss                zero     0x200034d8      0x4  tasks.o [1]
  .bss                zero     0x200034dc      0x4  tasks.o [1]
  .bss                zero     0x200034e0      0x4  tasks.o [1]
  .bss                zero     0x200034e4      0x4  tasks.o [1]
  .bss                zero     0x200034e8      0x4  tasks.o [1]
  .bss                zero     0x200034ec      0x4  usart.o [1]
  .bss                zero     0x200034f0      0x4  usart.o [1]
  .bss                zero     0x200034f4      0x4  xgetmemchunk.o [3]
  .bss                zero     0x200034f8      0x2  app_data.o [1]
  .bss                zero     0x200034fa      0x2  app_data.o [1]
  .bss                zero     0x200034fc      0x1  adc.o [1]
  .bss                zero     0x200034fd      0x1  adc.o [1]
  .bss                zero     0x200034fe      0x1  adc.o [1]
  .bss                zero     0x200034ff      0x1  bgm111.o [1]
  .bss                zero     0x20003500      0x1  bgm111.o [1]
  .bss                zero     0x20003501      0x1  bgm111.o [1]
  .bss                zero     0x20003502      0x1  tim.o [1]
  .bss                zero     0x20003503      0x1  tim.o [1]
  .bss                zero     0x20003504      0x1  usart.o [1]
  .bss                zero     0x20003505      0x1  usart.o [1]
  .bss                zero     0x20003506      0x1  usart.o [1]
  .bss                zero     0x20003507      0x1  usbd_ctlreq.o [1]
                             - 0x20003508   0x23b8


*******************************************************************************
*** INIT TABLE
***

          Address     Size
          -------     ----
Zero (__iar_zero_init3)
    1 destination range, total size 0x23b8:
          0x20001150  0x23b8

Copy/packbits (__iar_packbits_init_single3)
    1 source range, total size 0x54 (25% of destination):
          0x08011d20    0x54
    1 destination range, total size 0x14c:
          0x20000000   0x14c



*******************************************************************************
*** MODULE SUMMARY
***

    Module                        ro code  ro data  rw data
    ------                        -------  -------  -------
D:\GoogleDriveCLT\GoogleDrive\WeatherCloud\Roadboard\Software\Road-Board-December-2016\EWARM\Road Brd MSTR Rev L Long Always\Obj: [1]
    ErrorCodes.o                      282      272      804
    GridEye.o                       3 480       24
    Humidity.o                      1 736       32
    RGBLight.o                        836       16
    Rd_Sound.o                        560        8      384
    Temperature.o                     364       24
    VMonitor.o                      1 216       40
    adc.o                             700        3      167
    app_data.o                      3 896      100    1 184
    barometer.o                       504       40
    bgm111.o                        2 168      118    5 471
    cmsis_os.o                         16
    dma.o                              48
    fix_fft.o                         604      128
    gecko_bglib.o                     428
    gpio.o                            452       29       36
    i2c.o                           1 244                60
    list.o                             64
    lps25hb.o                         584
    main.o                          1 182      252
    parser.o                        7 766    4 648
    port.o                             36
    portasm.o                         148
    startup_stm32l152xe.o             512
    stm32l1xx_hal.o                    72                 4
    stm32l1xx_hal_adc.o             2 090
    stm32l1xx_hal_cortex.o            432
    stm32l1xx_hal_dma.o             3 838
    stm32l1xx_hal_gpio.o              888
    stm32l1xx_hal_i2c.o             4 120
    stm32l1xx_hal_msp.o               152
    stm32l1xx_hal_pcd.o             4 212
    stm32l1xx_hal_pwr_ex.o             16
    stm32l1xx_hal_rcc.o             3 284       16
    stm32l1xx_hal_tim.o               986
    stm32l1xx_hal_tim_ex.o             94
    stm32l1xx_hal_timebase_TIM.o      144                56
    stm32l1xx_hal_uart.o            2 280
    stm32l1xx_it.o                    132
    system_stm32l1xx.o                100       25        4
    tasks.o                           548               184
    tim.o                             548        3      126
    usart.o                         1 212        1      183
    usbd_conf.o                       408               544
    usbd_core.o                       712
    usbd_ctlreq.o                   1 544                 1
    usbd_ioreq.o                      144
    -------------------------------------------------------
    Total:                         56 782    5 779    9 208

command line: [2]
    -------------------------------------------------------
    Total:

dl7M_tlf.a: [3]
    div.o                              14
    errno.o                            12        1        4
    exit.o                              4
    localeconv.o                      108       34      136
    low_level_init.o                    4
    setlocale.o                        20       30      116
    sprintf.o                          52
    strcat.o                           28
    xencoding_sb.o                     96
    xgetmemchunk.o                     44                 4
    xmbcurmax.o                        10
    xmbtowc.o                          32
    xprintffull.o                   4 510
    xsprout.o                          10
    xtls.o                              2
    xwctomb.o                          26
    xxmemxfree.o                      128
    xxmemxmalloc.o                    176                 8
    -------------------------------------------------------
    Total:                          5 276       65      268

m7M_tl.a: [4]
    DblAdd.o                          232
    DblCmpGe.o                         46
    DblCmpLe.o                         46
    DblDiv.o                          598
    DblMul.o                          418
    DblSub.o                          384
    DblToFlt.o                        144
    DblToI32.o                         88
    FltAdd.o                          132
    FltCmpGe.o                         36
    FltDiv.o                          252
    FltMul.o                          216
    FltSub.o                          214
    FltToDbl.o                         78
    FltToS32.o                         68
    I32ToDbl.o                         48
    I32ToFlt.o                         50
    modf.o                            184
    round.o                            68
    sqrt.o                            240
    xdint.o                           122
    xdnorm.o                           68
    xdscale.o                         268
    -------------------------------------------------------
    Total:                          4 000

rt7M_tl.a: [5]
    ABImemcpy_unaligned.o             118
    ABImemset.o                        94
    I64DivMod.o                       238
    I64DivZer.o                         2
    cexit.o                            10
    cmain.o                            26
    cstartup_M.o                       12
    data_init.o                        40
    iarEdom.o                          12
    memchr.o                           88
    packbits_init_single.o             56
    strchr.o                           22
    strcmp_unaligned.o                 66
    strcpy_unaligned.o                 68
    strlen.o                           54
    strncpy_unaligned.o               108
    zero_init3.o                       64
    -------------------------------------------------------
    Total:                          1 078

shb_l.a: [6]
    exit.o                             20
    -------------------------------------------------------
    Total:                             20

    Gaps                               44
    Linker created                              32    4 096
-----------------------------------------------------------
    Grand Total:                   67 200    5 876   13 572


*******************************************************************************
*** ENTRY LIST
***

Entry                      Address    Size  Type      Object
-----                      -------    ----  ----      ------
.iar.init_table$$Base   0x08011510           --   Gb  - Linker created -
.iar.init_table$$Limit  0x08011530           --   Gb  - Linker created -
?main                   0x08011721          Code  Gb  cmain.o [5]
ADC_Channel             0x200034fe     0x1  Data  Lc  adc.o [1]
ADC_Config              0x080060df    0xbe  Code  Gb  adc.o [1]
ADC_ConversionStop_Disable
                        0x0800b329    0x4a  Code  Gb  stm32l1xx_hal_adc.o [1]
ADC_DMAConvCplt         0x0800b375    0x6e  Code  Lc  stm32l1xx_hal_adc.o [1]
ADC_DMAError            0x0800b3f5    0x1e  Code  Lc  stm32l1xx_hal_adc.o [1]
ADC_DMAHalfConvCplt     0x0800b3e5     0xe  Code  Lc  stm32l1xx_hal_adc.o [1]
ADC_Enable              0x0800b28b    0x72  Code  Gb  stm32l1xx_hal_adc.o [1]
AHBPrescTable           0x08011a14    0x10  Data  Gb  system_stm32l1xx.o [1]
APBPrescTable           0x08011c08     0x8  Data  Gb  system_stm32l1xx.o [1]
BGM111_Connected        0x08007bf1     0xa  Code  Gb  bgm111.o [1]
BGM111_Init             0x08007993    0x32  Code  Gb  bgm111.o [1]
BGM111_LowLevel_Init    0x080078b3    0x20  Code  Gb  bgm111.o [1]
BGM111_Peek             0x08007989     0xa  Code  Gb  bgm111.o [1]
BGM111_ProcessInput     0x080079c5   0x1f8  Code  Gb  bgm111.o [1]
BGM111_Ready            0x08007be7     0xa  Code  Gb  bgm111.o [1]
BGM111_Receive          0x0800792b    0x5e  Code  Gb  bgm111.o [1]
BGM111_Transmit         0x08007c8d   0x11e  Code  Gb  bgm111.o [1]
BGM111_UART_IRQHandler  0x08007bfb    0x92  Code  Gb  bgm111.o [1]
BGM111_WriteCharacteristic
                        0x08007bbd    0x2a  Code  Gb  bgm111.o [1]
BufFree                 0x08007911    0x1a  Code  Gb  bgm111.o [1]
BufUsed                 0x080078ff    0x12  Code  Gb  bgm111.o [1]
CSTACK$$Base            0x20000150           --   Gb  - Linker created -
CSTACK$$Limit           0x20001150           --   Gb  - Linker created -
Clear_Timer2_Flg        0x0800d1a9     0x8  Code  Gb  tim.o [1]
Clr_HeartBeat           0x0800373d     0x8  Code  Gb  app_data.o [1]
Clr_HrtBeat_Cnt         0x0800371b     0x8  Code  Gb  app_data.o [1]
CodesArray              0x08010534    0x48  Data  Gb  ErrorCodes.o [1]
DMA1_Channel1_IRQHandler
                        0x080103a1     0xa  Code  Gb  stm32l1xx_it.o [1]
DMA_SetConfig           0x0800c2f1    0x22  Code  Lc  stm32l1xx_hal_dma.o [1]
Error_Handler           0x080073f1    0x2e  Code  Gb  main.o [1]
FIX_MPY                 0x0800c313    0x1c  Code  Gb  fix_fft.o [1]
Get_DriverStates        0x08003649    0x54  Code  Gb  app_data.o [1]
Get_DriverStatus        0x080036b1    0x6a  Code  Gb  app_data.o [1]
HAL_ADC_ConfigChannel   0x0800b0a5   0x1e6  Code  Gb  stm32l1xx_hal_adc.o [1]
HAL_ADC_ConvCpltCallback
                        0x0800621b     0xe  Code  Gb  adc.o [1]
HAL_ADC_ConvHalfCpltCallback
                        0x08006259     0x2  Code  Gb  adc.o [1]
HAL_ADC_DeInit          0x0800adaf   0x134  Code  Gb  stm32l1xx_hal_adc.o [1]
HAL_ADC_ErrorCallback   0x0800625b     0xa  Code  Gb  adc.o [1]
HAL_ADC_Init            0x0800abe9   0x1c6  Code  Gb  stm32l1xx_hal_adc.o [1]
HAL_ADC_MspDeInit       0x080060b7    0x28  Code  Gb  adc.o [1]
HAL_ADC_MspInit         0x08006031    0x86  Code  Gb  adc.o [1]
HAL_ADC_Start           0x0800aee3    0x88  Code  Gb  stm32l1xx_hal_adc.o [1]
HAL_ADC_Start_DMA       0x0800af6b    0xcc  Code  Gb  stm32l1xx_hal_adc.o [1]
HAL_ADC_Stop_DMA        0x0800b037    0x6e  Code  Gb  stm32l1xx_hal_adc.o [1]
HAL_DMA_Abort           0x0800b94f    0x54  Code  Gb  stm32l1xx_hal_dma.o [1]
HAL_DMA_DeInit          0x0800b46d   0x43e  Code  Gb  stm32l1xx_hal_dma.o [1]
HAL_DMA_IRQHandler      0x0800b9a9   0x906  Code  Gb  stm32l1xx_hal_dma.o [1]
HAL_DMA_Init            0x0800b415    0x58  Code  Gb  stm32l1xx_hal_dma.o [1]
HAL_DMA_Start_IT        0x0800b8e1    0x6e  Code  Gb  stm32l1xx_hal_dma.o [1]
HAL_Delay               0x08009929    0x1a  Code  Wk  stm32l1xx_hal.o [1]
HAL_GPIO_DeInit         0x080075f3   0x13c  Code  Gb  stm32l1xx_hal_gpio.o [1]
HAL_GPIO_Init           0x08007421   0x1d2  Code  Gb  stm32l1xx_hal_gpio.o [1]
HAL_GPIO_ReadPin        0x0800772f    0x18  Code  Gb  stm32l1xx_hal_gpio.o [1]
HAL_GPIO_TogglePin      0x0800775b     0xa  Code  Gb  stm32l1xx_hal_gpio.o [1]
HAL_GPIO_WritePin       0x08007747    0x14  Code  Gb  stm32l1xx_hal_gpio.o [1]
HAL_GetTick             0x08009923     0x6  Code  Wk  stm32l1xx_hal.o [1]
HAL_I2C_ER_IRQHandler   0x0800a455    0xce  Code  Gb  stm32l1xx_hal_i2c.o [1]
HAL_I2C_EV_IRQHandler   0x0800a321   0x134  Code  Gb  stm32l1xx_hal_i2c.o [1]
HAL_I2C_ErrorCallback   0x0800a52f     0x2  Code  Wk  stm32l1xx_hal_i2c.o [1]
HAL_I2C_GetError        0x0800a537     0x4  Code  Gb  stm32l1xx_hal_i2c.o [1]
HAL_I2C_GetState        0x0800a531     0x6  Code  Gb  stm32l1xx_hal_i2c.o [1]
HAL_I2C_Init            0x08009bd1   0x172  Code  Gb  stm32l1xx_hal_i2c.o [1]
HAL_I2C_MasterRxCpltCallback
                        0x0800a525     0x2  Code  Wk  stm32l1xx_hal_i2c.o [1]
HAL_I2C_MasterTxCpltCallback
                        0x0800a523     0x2  Code  Wk  stm32l1xx_hal_i2c.o [1]
HAL_I2C_Master_Receive  0x08009e7b   0x256  Code  Gb  stm32l1xx_hal_i2c.o [1]
HAL_I2C_Master_Receive_IT
                        0x0800a1b7   0x14e  Code  Gb  stm32l1xx_hal_i2c.o [1]
HAL_I2C_Master_Transmit
                        0x08009d43   0x138  Code  Gb  stm32l1xx_hal_i2c.o [1]
HAL_I2C_Master_Transmit_IT
                        0x0800a0d1    0xe6  Code  Gb  stm32l1xx_hal_i2c.o [1]
HAL_I2C_MemRxCpltCallback
                        0x0800a52d     0x2  Code  Wk  stm32l1xx_hal_i2c.o [1]
HAL_I2C_MemTxCpltCallback
                        0x0800a52b     0x2  Code  Wk  stm32l1xx_hal_i2c.o [1]
HAL_I2C_MspInit         0x08005863    0x50  Code  Gb  i2c.o [1]
HAL_I2C_SlaveRxCpltCallback
                        0x0800a529     0x2  Code  Wk  stm32l1xx_hal_i2c.o [1]
HAL_I2C_SlaveTxCpltCallback
                        0x0800a527     0x2  Code  Wk  stm32l1xx_hal_i2c.o [1]
HAL_IncTick             0x08009917     0xc  Code  Wk  stm32l1xx_hal.o [1]
HAL_Init                0x08009901    0x16  Code  Gb  stm32l1xx_hal.o [1]
HAL_InitTick            0x0800dd65    0x80  Code  Gb  stm32l1xx_hal_timebase_TIM.o [1]
HAL_MspInit             0x0800ddf5    0x98  Code  Gb  stm32l1xx_hal_msp.o [1]
HAL_NVIC_DisableIRQ     0x08005f39     0xe  Code  Gb  stm32l1xx_hal_cortex.o [1]
HAL_NVIC_EnableIRQ      0x08005f2b     0xe  Code  Gb  stm32l1xx_hal_cortex.o [1]
HAL_NVIC_SetPriority    0x08005f05    0x26  Code  Gb  stm32l1xx_hal_cortex.o [1]
HAL_NVIC_SetPriorityGrouping
                        0x08005ef9     0xc  Code  Gb  stm32l1xx_hal_cortex.o [1]
HAL_NVIC_SystemReset    0x08005f47     0x8  Code  Gb  stm32l1xx_hal_cortex.o [1]
HAL_PCD_DataInStageCallback
                        0x0800f5e1    0x20  Code  Gb  usbd_conf.o [1]
HAL_PCD_DataOutStageCallback
                        0x0800f5bf    0x22  Code  Gb  usbd_conf.o [1]
HAL_PCD_EP_ClrStall     0x0800f49f   0x10a  Code  Gb  stm32l1xx_hal_pcd.o [1]
HAL_PCD_EP_Open         0x0800eb51   0x476  Code  Gb  stm32l1xx_hal_pcd.o [1]
HAL_PCD_EP_Receive      0x0800efc7   0x1ac  Code  Gb  stm32l1xx_hal_pcd.o [1]
HAL_PCD_EP_SetStall     0x0800f3c1    0xde  Code  Gb  stm32l1xx_hal_pcd.o [1]
HAL_PCD_EP_Transmit     0x0800f173   0x24e  Code  Gb  stm32l1xx_hal_pcd.o [1]
HAL_PCD_IRQHandler      0x0800e9db   0x144  Code  Gb  stm32l1xx_hal_pcd.o [1]
HAL_PCD_ResetCallback   0x0800f60f    0x2c  Code  Gb  usbd_conf.o [1]
HAL_PCD_ResumeCallback  0x0800f65b     0xe  Code  Gb  usbd_conf.o [1]
HAL_PCD_SOFCallback     0x0800f601     0xe  Code  Gb  usbd_conf.o [1]
HAL_PCD_SetAddress      0x0800eb1f    0x32  Code  Gb  stm32l1xx_hal_pcd.o [1]
HAL_PCD_SetupStageCallback
                        0x0800f5a9    0x16  Code  Gb  usbd_conf.o [1]
HAL_PCD_SuspendCallback
                        0x0800f63b    0x20  Code  Gb  usbd_conf.o [1]
HAL_PWREx_GetVoltageRange
                        0x0800e049     0xa  Code  Gb  stm32l1xx_hal_pwr_ex.o [1]
HAL_RCC_ClockConfig     0x0800cb67   0x2a0  Code  Gb  stm32l1xx_hal_rcc.o [1]
HAL_RCC_GetClockConfig  0x0800cf0d    0x3a  Code  Gb  stm32l1xx_hal_rcc.o [1]
HAL_RCC_GetHCLKFreq     0x0800ceb1     0x6  Code  Gb  stm32l1xx_hal_rcc.o [1]
HAL_RCC_GetPCLK1Freq    0x0800ceb7    0x20  Code  Gb  stm32l1xx_hal_rcc.o [1]
HAL_RCC_GetPCLK2Freq    0x0800ced7    0x20  Code  Gb  stm32l1xx_hal_rcc.o [1]
HAL_RCC_GetSysClockFreq
                        0x0800ce07    0xaa  Code  Gb  stm32l1xx_hal_rcc.o [1]
HAL_RCC_OscConfig       0x0800c33d   0x82a  Code  Gb  stm32l1xx_hal_rcc.o [1]
HAL_SYSTICK_CLKSourceConfig
                        0x08005f5b    0x22  Code  Gb  stm32l1xx_hal_cortex.o [1]
HAL_SYSTICK_Config      0x08005f4f     0xc  Code  Gb  stm32l1xx_hal_cortex.o [1]
HAL_TIMEx_MasterConfigSynchronization
                        0x0800e433    0x5e  Code  Gb  stm32l1xx_hal_tim_ex.o [1]
HAL_TIM_Base_Init       0x0800e059    0x38  Code  Gb  stm32l1xx_hal_tim.o [1]
HAL_TIM_Base_MspInit    0x0800d10b    0x48  Code  Gb  tim.o [1]
HAL_TIM_Base_Start_IT   0x0800e091    0x1e  Code  Gb  stm32l1xx_hal_tim.o [1]
HAL_TIM_ConfigClockSource
                        0x0800e1e9   0x122  Code  Gb  stm32l1xx_hal_tim.o [1]
HAL_TIM_IC_CaptureCallback
                        0x0800e30d     0x2  Code  Wk  stm32l1xx_hal_tim.o [1]
HAL_TIM_IRQHandler      0x0800e0af   0x13a  Code  Gb  stm32l1xx_hal_tim.o [1]
HAL_TIM_OC_DelayElapsedCallback
                        0x0800e30b     0x2  Code  Wk  stm32l1xx_hal_tim.o [1]
HAL_TIM_PWM_PulseFinishedCallback
                        0x0800e30f     0x2  Code  Wk  stm32l1xx_hal_tim.o [1]
HAL_TIM_PeriodElapsedCallback
                        0x0800d153    0x56  Code  Gb  tim.o [1]
HAL_TIM_StartTimer2     0x0800d215    0x12  Code  Gb  tim.o [1]
HAL_TIM_StartTimer3     0x0800d227    0x12  Code  Gb  tim.o [1]
HAL_TIM_TriggerCallback
                        0x0800e311     0x2  Code  Wk  stm32l1xx_hal_tim.o [1]
HAL_UART_EnableBGM_RX   0x0800267f    0x32  Code  Gb  usart.o [1]
HAL_UART_EnableBGM_TXE  0x0800266d    0x12  Code  Gb  usart.o [1]
HAL_UART_ErrorCallback  0x0800266b     0x2  Code  Gb  usart.o [1]
HAL_UART_IRQHandler     0x080068ff   0x11a  Code  Gb  stm32l1xx_hal_uart.o [1]
HAL_UART_Init           0x08006699    0x72  Code  Gb  stm32l1xx_hal_uart.o [1]
HAL_UART_MspInit        0x080022e3    0xba  Code  Gb  usart.o [1]
HAL_UART_Receive_IT     0x08006877    0x88  Code  Gb  stm32l1xx_hal_uart.o [1]
HAL_UART_RxCpltCallback
                        0x080025bb    0xb0  Code  Gb  usart.o [1]
HAL_UART_RxCpltCallback::len
                        0x200034f0     0x4  Data  Lc  usart.o [1]
HAL_UART_RxCpltCallback::temp_ptr
                        0x200034ec     0x4  Data  Lc  usart.o [1]
HAL_UART_Transmit       0x0800670b    0xfc  Code  Gb  stm32l1xx_hal_uart.o [1]
HAL_UART_Transmit_IT    0x08006807    0x70  Code  Gb  stm32l1xx_hal_uart.o [1]
HAL_UART_TxCpltCallback
                        0x0800257f    0x20  Code  Gb  usart.o [1]
HEAP$$Base              0x20001150           --   Gb  - Linker created -
HEAP$$Limit             0x20001150           --   Gb  - Linker created -
HeartBeat_Cnt           0x200034fa     0x2  Data  Lc  app_data.o [1]
I2C1_ER_IRQHandler      0x080103dd     0xa  Code  Gb  stm32l1xx_it.o [1]
I2C1_EV_IRQHandler      0x080103d3     0xa  Code  Gb  stm32l1xx_it.o [1]
I2C_IsAcknowledgeFailed
                        0x0800abbf    0x2a  Code  Lc  stm32l1xx_hal_i2c.o [1]
I2C_MasterReceive_BTF   0x0800a63f    0xa6  Code  Lc  stm32l1xx_hal_i2c.o [1]
I2C_MasterReceive_RXNE  0x0800a5c3    0x7c  Code  Lc  stm32l1xx_hal_i2c.o [1]
I2C_MasterRequestRead   0x0800a881   0x106  Code  Lc  stm32l1xx_hal_i2c.o [1]
I2C_MasterRequestWrite  0x0800a7eb    0x96  Code  Lc  stm32l1xx_hal_i2c.o [1]
I2C_MasterTransmit_BTF  0x0800a567    0x5c  Code  Lc  stm32l1xx_hal_i2c.o [1]
I2C_MasterTransmit_TXE  0x0800a53b    0x2c  Code  Lc  stm32l1xx_hal_i2c.o [1]
I2C_SlaveReceive_BTF    0x0800a73f    0x1e  Code  Lc  stm32l1xx_hal_i2c.o [1]
I2C_SlaveReceive_RXNE   0x0800a721    0x1e  Code  Lc  stm32l1xx_hal_i2c.o [1]
I2C_SlaveTransmit_BTF   0x0800a703    0x1e  Code  Lc  stm32l1xx_hal_i2c.o [1]
I2C_SlaveTransmit_TXE   0x0800a6e5    0x1e  Code  Lc  stm32l1xx_hal_i2c.o [1]
I2C_Slave_ADDR          0x0800a75d    0x18  Code  Lc  stm32l1xx_hal_i2c.o [1]
I2C_Slave_AF            0x0800a7b7    0x34  Code  Lc  stm32l1xx_hal_i2c.o [1]
I2C_Slave_STOPF         0x0800a775    0x42  Code  Lc  stm32l1xx_hal_i2c.o [1]
I2C_WaitBusyFlag        0x08005b55    0x12  Code  Gb  i2c.o [1]
I2C_WaitOnFlagUntilTimeout
                        0x0800a991    0xda  Code  Lc  stm32l1xx_hal_i2c.o [1]
I2C_WaitOnMasterAddressFlagUntilTimeout
                        0x0800aa6b    0x9e  Code  Lc  stm32l1xx_hal_i2c.o [1]
I2C_WaitOnRXNEFlagUntilTimeout
                        0x0800ab5b    0x64  Code  Lc  stm32l1xx_hal_i2c.o [1]
I2C_WaitOnTXEFlagUntilTimeout
                        0x0800ab09    0x52  Code  Lc  stm32l1xx_hal_i2c.o [1]
InitSensors             0x08002935    0x22  Code  Gb  app_data.o [1]
IsBufFull               0x080078e1    0x1e  Code  Gb  bgm111.o [1]
LPS25HB_GetPressure     0x0800930d    0x2c  Code  Gb  lps25hb.o [1]
LPS25HB_GetTemperature  0x0800937b    0x2e  Code  Gb  lps25hb.o [1]
LPS25HB_I2C_GetRawTemperature
                        0x08009339     0xc  Code  Gb  lps25hb.o [1]
LPS25HB_I2C_ReadRawPressure
                        0x080092c3    0x4a  Code  Lc  lps25hb.o [1]
LPS25HB_I2C_ReadRawTemperature
                        0x08009345    0x36  Code  Lc  lps25hb.o [1]
LPS25HB_Init            0x080091b1   0x112  Code  Gb  lps25hb.o [1]
LPS25HB_PowerOn         0x080093a9    0x48  Code  Lc  lps25hb.o [1]
LoadInt                 0x0800867f    0x70  Code  Lc  xprintffull.o [3]
MX_ADC_Init             0x08005fa9    0x88  Code  Gb  adc.o [1]
MX_DMA_Init             0x0800d011    0x30  Code  Gb  dma.o [1]
MX_GPIO_Init            0x0800563d   0x13a  Code  Gb  gpio.o [1]
MX_I2C1_Init            0x08005801    0x62  Code  Gb  i2c.o [1]
MX_I2C1_Reset           0x080058b3    0x50  Code  Gb  i2c.o [1]
MX_TIM2_Init            0x0800d041    0x66  Code  Gb  tim.o [1]
MX_TIM3_Init            0x0800d0a7    0x64  Code  Gb  tim.o [1]
MX_USART2_UART_Init     0x08002231    0x58  Code  Gb  usart.o [1]
MX_USART3_UART_Init     0x08002289    0x5a  Code  Gb  usart.o [1]
ModuleArray             0x080116e8    0x1c  Data  Gb  ErrorCodes.o [1]
NVIC_DisableIRQ         0x08005e35    0x14  Code  Lc  stm32l1xx_hal_cortex.o [1]
NVIC_EnableIRQ          0x08005e21    0x14  Code  Lc  stm32l1xx_hal_cortex.o [1]
NVIC_EncodePriority     0x08005e6f    0x3e  Code  Lc  stm32l1xx_hal_cortex.o [1]
NVIC_GetPriorityGrouping
                        0x08005e17     0xa  Code  Lc  stm32l1xx_hal_cortex.o [1]
NVIC_SetPriority        0x08005e49    0x26  Code  Lc  stm32l1xx_hal_cortex.o [1]
NVIC_SetPriorityGrouping
                        0x08005df9    0x1e  Code  Lc  stm32l1xx_hal_cortex.o [1]
NVIC_SystemReset        0x08005ead    0x1c  Code  Lc  stm32l1xx_hal_cortex.o [1]
NextBufIdx              0x080078d3     0xe  Code  Gb  bgm111.o [1]
PCD_EP_ISR_Handler      0x0800e535   0x43a  Code  Lc  stm32l1xx_hal_pcd.o [1]
PCD_ReadPMA             0x0800e9af    0x2c  Code  Lc  stm32l1xx_hal_pcd.o [1]
PCD_WritePMA            0x0800e96f    0x40  Code  Lc  stm32l1xx_hal_pcd.o [1]
PendSV_Handler          0x080102c5          Code  Gb  portasm.o [1]
Proc_Timer2             0x0800d1c1    0x54  Code  Gb  tim.o [1]
ProcessSensorState      0x0800296b   0x9b6  Code  Gb  app_data.o [1]
Process_RdSound         0x08003321    0xf2  Code  Gb  app_data.o [1]
RBIsBufFull             0x08005ceb    0x1e  Code  Gb  ErrorCodes.o [1]
RBNextBufIdx            0x08005cdd     0xe  Code  Gb  ErrorCodes.o [1]
RCC_SetFlashLatencyFromMSIRange
                        0x0800cf4d    0x90  Code  Lc  stm32l1xx_hal_rcc.o [1]
RdBrdI2C_WaitOnFlagUntilTimeout
                        0x08005b67    0xda  Code  Lc  i2c.o [1]
RdBrd_BlinkErrCd        0x08005da9    0x4e  Code  Gb  ErrorCodes.o [1]
RdBrd_ErrCdLogErrCd     0x08005d09    0x8e  Code  Gb  ErrorCodes.o [1]
RdSndTickCnt            0x20000040     0x4  Data  Lc  tim.o [1]
Region$$Table$$Base     0x08011510           --   Gb  - Linker created -
Region$$Table$$Limit    0x08011530           --   Gb  - Linker created -
Reset_DriverStates      0x08003599    0x32  Code  Gb  app_data.o [1]
RoadBrdSnd_ClearImgnryBffr
                        0x08001fbd    0x14  Code  Gb  Rd_Sound.o [1]
RoadBrdSnd_ClrBffrs     0x080021b1    0x20  Code  Gb  Rd_Sound.o [1]
RoadBrdSnd_DumpBin0     0x080020a7    0x40  Code  Gb  Rd_Sound.o [1]
RoadBrdSnd_DumpBin16    0x080020e7    0x42  Code  Gb  Rd_Sound.o [1]
RoadBrdSnd_DumpBin32    0x08002129    0x44  Code  Gb  Rd_Sound.o [1]
RoadBrdSnd_DumpBin48    0x0800216d    0x44  Code  Gb  Rd_Sound.o [1]
RoadBrdSnd_ProcessSound
                        0x08002021    0x86  Code  Gb  Rd_Sound.o [1]
RoadBrdSnd_SampleSound  0x08001fd5    0x4c  Code  Gb  Rd_Sound.o [1]
RoadBrdSnd_getSaveBffr  0x08001fd1     0x4  Code  Gb  Rd_Sound.o [1]
RoadBrd_ADC_PORT        0x20000000     0xc  Data  Gb  adc.o [1]
RoadBrd_ADC_Start       0x0800619d    0x6e  Code  Gb  adc.o [1]
RoadBrd_ADC_Status      0x0800620b    0x10  Code  Gb  adc.o [1]
RoadBrd_Baro_ReadPressure
                        0x08002791    0x88  Code  Gb  barometer.o [1]
RoadBrd_Baro_ReadTemp   0x08002819    0xa6  Code  Gb  barometer.o [1]
RoadBrd_CoolEyeInit     0x0800386d    0x6a  Code  Gb  GridEye.o [1]
RoadBrd_CoolEye_ReadValues
                        0x080038d9   0x5b8  Code  Gb  GridEye.o [1]
RoadBrd_Delay           0x08005b4b     0xa  Code  Gb  i2c.o [1]
RoadBrd_GetBGPtr        0x080024b5     0x6  Code  Gb  usart.o [1]
RoadBrd_GetBffrFlg      0x080024c5     0x6  Code  Gb  usart.o [1]
RoadBrd_GridEyeInit     0x08003e95    0xd6  Code  Gb  GridEye.o [1]
RoadBrd_GridEyeReset    0x08003f6b    0x96  Code  Gb  GridEye.o [1]
RoadBrd_GridEye_ReadValues
                        0x08004001   0x5d0  Code  Gb  GridEye.o [1]
RoadBrd_HumidityInit    0x08004ac5    0xa6  Code  Gb  Humidity.o [1]
RoadBrd_Humidity_ReadHumidity
                        0x08004b6b   0x2f8  Code  Gb  Humidity.o [1]
RoadBrd_Humidity_ReadTemperature
                        0x08004e69   0x2f0  Code  Gb  Humidity.o [1]
RoadBrd_I2C_GetError    0x08005afd     0xa  Code  Gb  i2c.o [1]
RoadBrd_I2C_GetState    0x08005b07     0xa  Code  Gb  i2c.o [1]
RoadBrd_I2C_Master_CmdReceive
                        0x08005a3b    0x60  Code  Gb  i2c.o [1]
RoadBrd_I2C_Master_Receive
                        0x08005a9b    0x36  Code  Gb  i2c.o [1]
RoadBrd_I2C_Master_Receive_IT
                        0x08005ad1    0x2c  Code  Gb  i2c.o [1]
RoadBrd_I2C_Master_Transmit
                        0x08005a05    0x36  Code  Gb  i2c.o [1]
RoadBrd_I2C_Master_Transmit_CMDData
                        0x0800596b    0x6e  Code  Gb  i2c.o [1]
RoadBrd_I2C_Master_Transmit_CMDData_IT
                        0x08005903    0x68  Code  Gb  i2c.o [1]
RoadBrd_I2C_Master_Transmit_IT
                        0x080059d9    0x2c  Code  Gb  i2c.o [1]
RoadBrd_Init_Barometer  0x0800273d    0x54  Code  Gb  barometer.o [1]
RoadBrd_Init_VMonitor   0x08004605    0xb6  Code  Gb  VMonitor.o [1]
RoadBrd_LED_On          0x08005777    0x1c  Code  Gb  gpio.o [1]
RoadBrd_LED_PIN         0x080118ac    0x14  Data  Gb  gpio.o [1]
RoadBrd_LED_PORT        0x20000014    0x24  Data  Gb  gpio.o [1]
RoadBrd_LED_Toggle      0x08005793    0x1a  Code  Gb  gpio.o [1]
RoadBrd_ParseString     0x08000125  0x1cb8  Code  Gb  parser.o [1]
RoadBrd_ProcessBGMChar  0x08007dcb   0x1c4  Code  Gb  bgm111.o [1]
RoadBrd_ProcessBGMChar::header_cnt
                        0x200034ff     0x1  Data  Lc  bgm111.o [1]
RoadBrd_ProcessBGMChar::payload_cnt
                        0x20003500     0x1  Data  Lc  bgm111.o [1]
RoadBrd_ProcessBGMChar::payload_len
                        0x20003501     0x1  Data  Lc  bgm111.o [1]
RoadBrd_RGBFullInit     0x08005349    0x54  Code  Gb  RGBLight.o [1]
RoadBrd_RGBInit         0x080052f9    0x50  Code  Gb  RGBLight.o [1]
RoadBrd_RGBReadID       0x080053e1    0x96  Code  Gb  RGBLight.o [1]
RoadBrd_RGBReadStatus   0x08005477    0x96  Code  Gb  RGBLight.o [1]
RoadBrd_RGBReadValues   0x0800550d   0x120  Code  Gb  RGBLight.o [1]
RoadBrd_RGBReset        0x0800539d    0x44  Code  Gb  RGBLight.o [1]
RoadBrd_ReadTemp        0x0800518d   0x16c  Code  Gb  Temperature.o [1]
RoadBrd_SetBffrFlg      0x080024bb     0xa  Code  Gb  usart.o [1]
RoadBrd_TestI2C         0x08005c41    0x8a  Code  Gb  i2c.o [1]
RoadBrd_TestandRead_Barometer
                        0x080028e9    0x4c  Code  Gb  barometer.o [1]
RoadBrd_UART_Receive_IT
                        0x080024cb    0x7a  Code  Gb  usart.o [1]
RoadBrd_UART_Transmit   0x0800239d    0x90  Code  Gb  usart.o [1]
RoadBrd_UART_Transmit_IT
                        0x0800242d    0x88  Code  Gb  usart.o [1]
RoadBrd_Uart_GetState   0x0800255d    0x22  Code  Gb  usart.o [1]
RoadBrd_Uart_Status     0x08002545    0x18  Code  Gb  usart.o [1]
RoadBrd_VMonitor_RdCurrent
                        0x080047a7    0xec  Code  Gb  VMonitor.o [1]
RoadBrd_VMonitor_RdPower
                        0x08004893    0xf4  Code  Gb  VMonitor.o [1]
RoadBrd_VMonitor_RdShntVltg
                        0x080046bb    0xec  Code  Gb  VMonitor.o [1]
RoadBrd_VMonitor_RdVoltage
                        0x0800498d    0xf2  Code  Gb  VMonitor.o [1]
RoadBrd_WaitForState    0x08005b11    0x3a  Code  Gb  i2c.o [1]
RoadBrd_gpio_Off        0x080057c9    0x1c  Code  Gb  gpio.o [1]
RoadBrd_gpio_On         0x080057ad    0x1c  Code  Gb  gpio.o [1]
SVC_Handler             0x08010317          Code  Gb  portasm.o [1]
SendApp_String          0x0800343d    0x5e  Code  Gb  app_data.o [1]
SetDataReady            0x08002957     0xa  Code  Gb  app_data.o [1]
Set_DriverStates        0x080035e5    0x50  Code  Gb  app_data.o [1]
Set_HeartBeat           0x08003729     0x8  Code  Gb  app_data.o [1]
Sinewave                0x08010450    0x80  Data  Gb  fix_fft.o [1]
SnsrTickCnt             0x2000003c     0x4  Data  Lc  tim.o [1]
SysTick_Config          0x08005ec9    0x30  Code  Lc  stm32l1xx_hal_cortex.o [1]
SysTick_Handler         0x08010399     0x8  Code  Gb  stm32l1xx_it.o [1]
SystemClock_Config      0x0800731f    0xaa  Code  Gb  main.o [1]
SystemCoreClock         0x20000038     0x4  Data  Gb  system_stm32l1xx.o [1]
SystemInit              0x080104d1    0x4c  Code  Gb  system_stm32l1xx.o [1]
TIM2_IRQHandler         0x080103e7     0xa  Code  Gb  stm32l1xx_it.o [1]
TIM3_IRQHandler         0x080103f1     0xa  Code  Gb  stm32l1xx_it.o [1]
TIM4_IRQHandler         0x080103b5     0xa  Code  Gb  stm32l1xx_it.o [1]
TIM6_IRQHandler         0x08002961     0xa  Code  Gb  app_data.o [1]
TIM_Base_SetConfig      0x0800e313    0x70  Code  Lc  stm32l1xx_hal_tim.o [1]
TIM_ETR_SetConfig       0x0800e417    0x1c  Code  Lc  stm32l1xx_hal_tim.o [1]
TIM_ITRx_SetConfig      0x0800e3ff    0x18  Code  Lc  stm32l1xx_hal_tim.o [1]
TIM_TI1_ConfigInputStage
                        0x0800e39d    0x30  Code  Lc  stm32l1xx_hal_tim.o [1]
TIM_TI2_ConfigInputStage
                        0x0800e3cd    0x32  Code  Lc  stm32l1xx_hal_tim.o [1]
Test_Connection         0x0800349b    0xfe  Code  Gb  app_data.o [1]
Test_Timer2             0x0800d1b1    0x10  Code  Gb  tim.o [1]
Timr2Ready              0x20003502     0x1  Data  Gb  tim.o [1]
Timr3Ready              0x20003503     0x1  Data  Gb  tim.o [1]
TmpData                 0x20002710   0x248  Data  Gb  app_data.o [1]
Tst_HeartBeat           0x08003723     0x6  Code  Gb  app_data.o [1]
UART_EndTransmit_IT     0x08006b7f    0x32  Code  Lc  stm32l1xx_hal_uart.o [1]
UART_Receive_IT         0x08006bb1    0xc8  Code  Lc  stm32l1xx_hal_uart.o [1]
UART_SetConfig          0x08006c79   0x2fe  Code  Lc  stm32l1xx_hal_uart.o [1]
UART_Transmit_IT        0x08006b03    0x7c  Code  Lc  stm32l1xx_hal_uart.o [1]
UART_WaitOnFlagUntilTimeout
                        0x08006a19    0xea  Code  Lc  stm32l1xx_hal_uart.o [1]
USART2_IRQHandler       0x080103c9     0xa  Code  Gb  stm32l1xx_it.o [1]
USART3_IRQHandler       0x080103bf     0xa  Code  Gb  stm32l1xx_it.o [1]
USART_ReceiveData       0x08007dc1     0xa  Code  Gb  bgm111.o [1]
USART_SendData          0x08007db5     0xc  Code  Gb  bgm111.o [1]
USBD_ClrClassConfig     0x0800f773    0x18  Code  Gb  usbd_core.o [1]
USBD_ClrFeature         0x0800ff97    0x3a  Code  Lc  usbd_ctlreq.o [1]
USBD_CtlContinueRx      0x08010053    0x1a  Code  Gb  usbd_ioreq.o [1]
USBD_CtlContinueSendData
                        0x08010039    0x1a  Code  Gb  usbd_ioreq.o [1]
USBD_CtlError           0x0800fff9    0x18  Code  Gb  usbd_ctlreq.o [1]
USBD_CtlReceiveStatus   0x08010087    0x1a  Code  Gb  usbd_ioreq.o [1]
USBD_CtlSendData        0x08010011    0x28  Code  Gb  usbd_ioreq.o [1]
USBD_CtlSendStatus      0x0801006d    0x1a  Code  Gb  usbd_ioreq.o [1]
USBD_GetConfig          0x0800fee9    0x4c  Code  Lc  usbd_ctlreq.o [1]
USBD_GetDescriptor      0x0800fc45   0x164  Code  Lc  usbd_ctlreq.o [1]
USBD_GetStatus          0x0800ff35    0x3c  Code  Lc  usbd_ctlreq.o [1]
USBD_LL_ClearStallEP    0x0800f6a1    0x16  Code  Gb  usbd_conf.o [1]
USBD_LL_DataInStage     0x0800f893    0xe2  Code  Gb  usbd_core.o [1]
USBD_LL_DataOutStage    0x0800f803    0x90  Code  Gb  usbd_core.o [1]
USBD_LL_IsStallEP       0x0800f6b7    0x30  Code  Gb  usbd_conf.o [1]
USBD_LL_OpenEP          0x0800f669    0x22  Code  Gb  usbd_conf.o [1]
USBD_LL_PrepareReceive  0x0800f71d    0x20  Code  Gb  usbd_conf.o [1]
USBD_LL_Reset           0x0800f975    0x46  Code  Gb  usbd_core.o [1]
USBD_LL_Resume          0x0800f9d7     0xe  Code  Gb  usbd_core.o [1]
USBD_LL_SOF             0x0800f9e5    0x24  Code  Gb  usbd_core.o [1]
USBD_LL_SetSpeed        0x0800f9bb     0x8  Code  Gb  usbd_core.o [1]
USBD_LL_SetUSBAddress   0x0800f6e7    0x16  Code  Gb  usbd_conf.o [1]
USBD_LL_SetupStage      0x0800f78b    0x78  Code  Gb  usbd_core.o [1]
USBD_LL_StallEP         0x0800f68b    0x16  Code  Gb  usbd_conf.o [1]
USBD_LL_Suspend         0x0800f9c3    0x14  Code  Gb  usbd_core.o [1]
USBD_LL_Transmit        0x0800f6fd    0x20  Code  Gb  usbd_conf.o [1]
USBD_ParseSetupRequest  0x0800ffd1    0x28  Code  Gb  usbd_ctlreq.o [1]
USBD_RunTestMode        0x0800f741     0x6  Code  Gb  usbd_core.o [1]
USBD_SetAddress         0x0800fda9    0x60  Code  Lc  usbd_ctlreq.o [1]
USBD_SetClassConfig     0x0800f747    0x2c  Code  Gb  usbd_core.o [1]
USBD_SetConfig          0x0800fe09    0xda  Code  Lc  usbd_ctlreq.o [1]
USBD_SetConfig::cfgidx  0x20003507     0x1  Data  Lc  usbd_ctlreq.o [1]
USBD_SetFeature         0x0800ff71    0x26  Code  Lc  usbd_ctlreq.o [1]
USBD_StdDevReq          0x0800fa09    0x7c  Code  Gb  usbd_ctlreq.o [1]
USBD_StdEPReq           0x0800fad1   0x174  Code  Gb  usbd_ctlreq.o [1]
USBD_StdItfReq          0x0800fa85    0x4c  Code  Gb  usbd_ctlreq.o [1]
USB_LP_IRQHandler       0x080103ab     0xa  Code  Gb  stm32l1xx_it.o [1]
Uart2Ready              0x20003504     0x1  Data  Gb  usart.o [1]
Uart3Ready              0x20003505     0x1  Data  Gb  usart.o [1]
_EncodingSb_Mbtowc      0x0800e4bf    0x30  Code  Gb  xencoding_sb.o [3]
_EncodingSb_Mbtowc::initial
                        0x0800e4fc     0x8  Data  Lc  xencoding_sb.o [3]
_EncodingSb_Wctomb      0x0800e4a5    0x1a  Code  Gb  xencoding_sb.o [3]
_EncodingSb_Wctomb::initial
                        0x0800e4f4     0x8  Data  Lc  xencoding_sb.o [3]
_GenldFull              0x08008f11   0x254  Code  Lc  xprintffull.o [3]
_IsdstStr               0x200000dc     0x4  Data  Gb  setlocale.o [3]
_LdtobFull              0x08008b05   0x406  Code  Lc  xprintffull.o [3]
_LitobFull              0x080089fb   0x10a  Code  Lc  xprintffull.o [3]
_LocaleEncoding         0x0800e491     0xe  Code  Gb  setlocale.o [3]
_LocaleReturnString     0x200000fc    0x50  Data  Lc  setlocale.o [3]
_Locale_Profile         0x200000e0    0x1c  Data  Gb  setlocale.o [3]
_Locale_aeabi_lconv     0x2000009c    0x38  Data  Gb  localeconv.o [3]
_Locale_lconv           0x2000004c    0x50  Data  Gb  localeconv.o [3]
_Mbtowc                 0x0800d487    0x20  Code  Gb  xmbtowc.o [3]
_PrintfFull             0x08008011   0x658  Code  Gb  xprintffull.o [3]
_PutcharsFull           0x08009165    0x2e  Code  Lc  xprintffull.o [3]
_PutstrFull             0x080086ef   0x306  Code  Lc  xprintffull.o [3]
_SProut                 0x08001f7b     0xa  Code  Gb  xsprout.o [3]
_TzoneStr               0x200000d8     0x4  Data  Gb  setlocale.o [3]
_Wctomb                 0x0800d5d5    0x1a  Code  Gb  xwctomb.o [3]
__aeabi_cdcmple         0x0800d7a5          Code  Gb  DblCmpLe.o [4]
__aeabi_cdrcmple        0x0800d7d5          Code  Gb  DblCmpGe.o [4]
__aeabi_cfrcmple        0x08009a2d          Code  Gb  FltCmpGe.o [4]
__aeabi_d2f             0x080065c5          Code  Gb  DblToFlt.o [4]
__aeabi_d2iz            0x080095ed          Code  Gb  DblToI32.o [4]
__aeabi_d2uiz           0x08009619          Code  Gb  DblToI32.o [4]
__aeabi_dadd            0x080097d5          Code  Gb  DblAdd.o [4]
__aeabi_ddiv            0x0800da91          Code  Gb  DblDiv.o [4]
__aeabi_dmul            0x08009449          Code  Gb  DblMul.o [4]
__aeabi_dsub            0x0800d911          Code  Gb  DblSub.o [4]
__aeabi_errno_addr      0x0800e03d     0x6  Code  Gb  errno.o [3]
__aeabi_f2d             0x080093f9          Code  Gb  FltToDbl.o [4]
__aeabi_f2iz            0x08006655          Code  Gb  FltToS32.o [4]
__aeabi_fadd            0x08009b4d          Code  Gb  FltAdd.o [4]
__aeabi_fdiv            0x08009a51          Code  Gb  FltDiv.o [4]
__aeabi_fmul            0x080096fd          Code  Gb  FltMul.o [4]
__aeabi_i2d             0x080064a5          Code  Gb  I32ToDbl.o [4]
__aeabi_i2f             0x080099b5          Code  Gb  I32ToFlt.o [4]
__aeabi_ldiv0           0x0800e531          Code  Gb  I64DivZer.o [5]
__aeabi_ui2d            0x080064b9          Code  Gb  I32ToDbl.o [4]
__aeabi_ui2f            0x080099c9          Code  Gb  I32ToFlt.o [4]
__aeabi_uldivmod        0x0800d671          Code  Gb  I64DivMod.o [5]
__cmain                 0x08011721          Code  Gb  cmain.o [5]
__data_Aldata           0x2000349c     0x8  Data  Gb  xxmemxmalloc.o [3]
__data_GetMemChunk      0x0800e505    0x2c  Code  Gb  xgetmemchunk.o [3]
__data_GetMemChunk::start
                        0x200034f4     0x4  Data  Lc  xgetmemchunk.o [3]
__exit                  0x08011751    0x14  Code  Gb  exit.o [6]
__iar_Dint              0x0800deeb    0x7a  Code  Gb  xdint.o [4]
__iar_Dnorm             0x0800d75f    0x44  Code  Gb  xdnorm.o [4]
__iar_Dscale            0x0800d805   0x10c  Code  Gb  xdscale.o [4]
__iar_Errno             0x200000d4     0x4  Data  Gb  errno.o [3]
__iar_Locale_lconv_init
                        0x0800dce9    0x3a  Code  Gb  localeconv.o [3]
__iar_Mbcurmax          0x0800d519     0xa  Code  Gb  xmbcurmax.o [3]
__iar_Memchr            0x0800d4c1          Code  Gb  memchr.o [5]
__iar_Memset_word       0x0800de8d          Code  Gb  ABImemset.o [5]
__iar_Strchr            0x0800d4a9          Code  Gb  strchr.o [5]
__iar_d2uiz             0x08009625          Code  Gb  DblToI32.o [4]
__iar_dadd              0x080097e9          Code  Gb  DblAdd.o [4]
__iar_data_init3        0x080113c9    0x28  Code  Gb  data_init.o [5]
__iar_dlib_perthread_access
                        0x0800e533     0x2  Code  Gb  xtls.o [3]
__iar_dsub              0x0800d925          Code  Gb  DblSub.o [4]
__iar_dsubStart         0x0800d937          Code  Gb  DblSub.o [4]
__iar_edom              0x0800c331          Code  Gb  iarEdom.o [5]
__iar_fadd              0x08009b5d          Code  Gb  FltAdd.o [4]
__iar_fsub              0x0800df65          Code  Gb  FltSub.o [4]
__iar_fsubStart         0x0800df75          Code  Gb  FltSub.o [4]
__iar_modf              0x08009655          Code  Gb  modf.o [4]
__iar_modfl             0x08009655          Code  Gb  modf.o [4]
__iar_packbits_init_single3
                        0x08010ae9    0x38  Code  Gb  packbits_init_single.o [5]
__iar_program_start     0x08011ac5          Code  Gb  cstartup_M.o [5]
__iar_sqrt              0x080064d5          Code  Gb  sqrt.o [4]
__iar_ui2d              0x080064bd          Code  Gb  I32ToDbl.o [4]
__iar_ui2f              0x080099cd          Code  Gb  I32ToFlt.o [4]
__iar_unaligned___aeabi_memcpy
                        0x0800d411          Code  Gb  ABImemcpy_unaligned.o [5]
__iar_unaligned___aeabi_memcpy4
                        0x0800d431          Code  Gb  ABImemcpy_unaligned.o [5]
__iar_unaligned___aeabi_memcpy8
                        0x0800d431          Code  Gb  ABImemcpy_unaligned.o [5]
__iar_unaligned_strcmp  0x080098bd          Code  Gb  strcmp_unaligned.o [5]
__iar_unaligned_strcpy  0x080021ed          Code  Gb  strcpy_unaligned.o [5]
__iar_unaligned_strncpy
                        0x08009949          Code  Gb  strncpy_unaligned.o [5]
__iar_zero_init3        0x080108d9    0x40  Code  Gb  zero_init3.o [5]
__low_level_init        0x0801173b     0x4  Code  Gb  low_level_init.o [3]
__vector_table          0x08000000          Data  Gb  startup_stm32l152xe.o [1]
_call_main              0x0801172d          Code  Gb  cmain.o [5]
_exit                   0x08011745          Code  Gb  cexit.o [5]
_gecko_cmd_msg          0x20002fe8    0x84  Data  Gb  bgm111.o [1]
_gecko_rsp_msg          0x2000306c    0x84  Data  Gb  bgm111.o [1]
_main                   0x08011737          Code  Gb  cmain.o [5]
aPLLDivisionFactorTable
                        0x08011c50     0x4  Data  Gb  stm32l1xx_hal_rcc.o [1]
aPLLMULFactorTable      0x08011ab8     0xc  Data  Gb  stm32l1xx_hal_rcc.o [1]
adcActive               0x200034fd     0x1  Data  Gb  adc.o [1]
analytics               0x200034a4     0x4  Data  Lc  app_data.o [1]
bffr1Flag               0x20003506     0x1  Data  Lc  usart.o [1]
bglib_input             0x200034ac     0x4  Data  Gb  bgm111.o [1]
bglib_output            0x200034a8     0x4  Data  Gb  bgm111.o [1]
bglib_peek              0x200034b0     0x4  Data  Gb  bgm111.o [1]
bgm1data                0x20003460    0x28  Data  Lc  usart.o [1]
ble                     0x20002dc0   0x19c  Data  Lc  bgm111.o [1]
blemsgs                 0x200020c8   0x324  Data  Lc  bgm111.o [1]
clrUsartState           0x0800259f    0x1c  Code  Gb  usart.o [1]
connection_cnt          0x200034f8     0x2  Data  Lc  app_data.o [1]
data                    0x20002958   0x248  Data  Gb  app_data.o [1]
div                     0x0800dd55     0xe  Code  Gb  div.o [3]
driver_list             0x20003494     0x8  Data  Lc  app_data.o [1]
errStruct               0x200023ec   0x324  Data  Lc  ErrorCodes.o [1]
exit                    0x0801173f     0x4  Code  Gb  exit.o [3]
fi                      0x20003170    0x80  Data  Lc  Rd_Sound.o [1]
fix_fft                 0x08006265   0x23a  Code  Gb  fix_fft.o [1]
fr                      0x200030f0    0x80  Data  Lc  Rd_Sound.o [1]
free                    0x0800d5f1    0x7a  Code  Gb  xxmemxfree.o [3]
fs                      0x200031f0    0x80  Data  Lc  Rd_Sound.o [1]
gecko_cmd_gatt_server_send_characteristic_notification
                        0x08007845    0x6e  Code  Lc  bgm111.o [1]
gecko_cmd_gatt_server_write_attribute_value
                        0x080077d9    0x6c  Code  Lc  bgm111.o [1]
gecko_cmd_le_gap_set_mode
                        0x08007799    0x40  Code  Lc  bgm111.o [1]
gecko_cmd_msg           0x2000000c     0x4  Data  Gb  bgm111.o [1]
gecko_get_event         0x0800d341    0x5e  Code  Gb  gecko_bglib.o [1]
gecko_handle_command    0x0800d3bf    0x30  Code  Gb  gecko_bglib.o [1]
gecko_peek_event        0x0800d39f     0xa  Code  Gb  gecko_bglib.o [1]
gecko_queue             0x20001150   0xf78  Data  Gb  bgm111.o [1]
gecko_queue_r           0x200034b8     0x4  Data  Gb  bgm111.o [1]
gecko_queue_w           0x200034b4     0x4  Data  Gb  bgm111.o [1]
gecko_rsp_msg           0x20000010     0x4  Data  Gb  bgm111.o [1]
gecko_wait_message      0x0800d265    0xdc  Code  Gb  gecko_bglib.o [1]
gecko_wait_response     0x0800d3a9    0x16  Code  Gb  gecko_bglib.o [1]
hadc                    0x20003270    0x54  Data  Gb  adc.o [1]
hatoi                   0x08001f23    0x58  Code  Gb  parser.o [1]
hdma_adc                0x20003380    0x38  Data  Gb  adc.o [1]
hi2c1                   0x20003344    0x3c  Data  Gb  i2c.o [1]
hpcd_USB_FS             0x20002ba0   0x220  Data  Gb  usbd_conf.o [1]
htim2                   0x200033f0    0x38  Data  Gb  tim.o [1]
htim3                   0x20003428    0x38  Data  Gb  tim.o [1]
htim4                   0x200033b8    0x38  Data  Gb  stm32l1xx_hal_timebase_TIM.o [1]
huart2                  0x200032c4    0x40  Data  Gb  usart.o [1]
huart3                  0x20003304    0x40  Data  Gb  usart.o [1]
isHexNum                0x08001ed9    0x4a  Code  Gb  parser.o [1]
ledOffCnt               0x20000044     0x4  Data  Lc  tim.o [1]
localeconv              0x0800dd23    0x16  Code  Gb  localeconv.o [3]
main                    0x08006f81   0x39e  Code  Gb  main.o [1]
malloc                  0x0800d525    0xac  Code  Gb  xxmemxmalloc.o [3]
memchr                  0x0800d4c1          Code  Gb  memchr.o [5]
modf                    0x08009645          Code  Gb  modf.o [4]
modfl                   0x08009645          Code  Gb  modf.o [4]
osSystickHandler        0x0801041d    0x10  Code  Gb  cmsis_os.o [1]
prvResetNextTaskUnblockTime
                        0x08010255    0x28  Code  Lc  tasks.o [1]
pxCurrentTCB            0x200034c0     0x4  Data  Gb  tasks.o [1]
pxDelayedTaskList       0x200034c4     0x4  Data  Lc  tasks.o [1]
pxOverflowDelayedTaskList
                        0x200034c8     0x4  Data  Lc  tasks.o [1]
pxReadyTasksLists       0x20002f5c    0x8c  Data  Lc  tasks.o [1]
round                   0x080099e9    0x44  Code  Gb  round.o [4]
sConfig                 0x20003488     0xc  Data  Gb  adc.o [1]
saveLen                 0x20000048     0x4  Data  Lc  usart.o [1]
sprintf                 0x080026ed    0x34  Code  Gb  sprintf.o [3]
sqrt                    0x080064d5          Code  Gb  sqrt.o [4]
sqrtl                   0x080064d5          Code  Gb  sqrt.o [4]
strcat                  0x08002721    0x1c  Code  Gb  strcat.o [3]
strchr                  0x0800d4a9          Code  Gb  strchr.o [5]
strlen                  0x08001f85          Code  Gb  strlen.o [5]
ubSequenceCompleted     0x200034fc     0x1  Data  Gb  adc.o [1]
ulPortSetInterruptMask  0x08010303          Code  Gb  portasm.o [1]
uwTick                  0x200034bc     0x4  Data  Lc  stm32l1xx_hal.o [1]
uxListRemove            0x08010371    0x28  Code  Gb  list.o [1]
uxPendedTicks           0x200034d8     0x4  Data  Lc  tasks.o [1]
uxSchedulerSuspended    0x200034e8     0x4  Data  Lc  tasks.o [1]
uxTopReadyPriority      0x200034d0     0x4  Data  Lc  tasks.o [1]
vListInsertEnd          0x08010359    0x18  Code  Gb  list.o [1]
vPortClearInterruptMask
                        0x08010311          Code  Gb  portasm.o [1]
vPortStartFirstTask     0x08010337          Code  Gb  portasm.o [1]
vTaskSwitchContext      0x080101d5    0x6c  Code  Gb  tasks.o [1]
xNextTaskUnblockTime    0x200034e4     0x4  Data  Lc  tasks.o [1]
xNumOfOverflows         0x200034e0     0x4  Data  Lc  tasks.o [1]
xPortSysTickHandler     0x0801042d    0x1e  Code  Gb  port.o [1]
xSchedulerRunning       0x200034d4     0x4  Data  Lc  tasks.o [1]
xTaskGetSchedulerState  0x0801027d    0x26  Code  Gb  tasks.o [1]
xTaskIncrementTick      0x080100a1   0x134  Code  Gb  tasks.o [1]
xTickCount              0x200034cc     0x4  Data  Lc  tasks.o [1]
xYieldPending           0x200034dc     0x4  Data  Lc  tasks.o [1]


[1] = D:\GoogleDriveCLT\GoogleDrive\WeatherCloud\Roadboard\Software\Road-Board-December-2016\EWARM\Road Brd MSTR Rev L Long Always\Obj
[2] = command line
[3] = dl7M_tlf.a
[4] = m7M_tl.a
[5] = rt7M_tl.a
[6] = shb_l.a

  67 200 bytes of readonly  code memory
   5 876 bytes of readonly  data memory
  13 572 bytes of readwrite data memory

Errors: none
Warnings: none
