###############################################################################
#
# IAR ELF Linker V7.60.2.11341/W32 for ARM                10/May/2017  06:59:30
# Copyright 2007-2016 IAR Systems AB.
#
#    Output file  =  
#        D:\GoogleDriveCLT\GoogleDrive\WeatherCloud\Roadboard\Software\Road-Board-December-2016\EWARM\Road
#        Brd MSTR Rev L Long Always\Exe\Road Board Rev K NUCLEO V1.1 Jul 12
#        2016.out
#    Map file     =  
#        D:\GoogleDriveCLT\GoogleDrive\WeatherCloud\Roadboard\Software\Road-Board-December-2016\EWARM\Road
#        Brd MSTR Rev L Long Always\List\Road Board Rev K NUCLEO V1.1 Jul 12
#        2016.map
#    Command line =  
#        "D:\GoogleDriveCLT\GoogleDrive\WeatherCloud\Roadboard\Software\Road-Board-December-2016\EWARM\Road
#        Brd MSTR Rev L Long Always\Obj\adc.o"
#        "D:\GoogleDriveCLT\GoogleDrive\WeatherCloud\Roadboard\Software\Road-Board-December-2016\EWARM\Road
#        Brd MSTR Rev L Long Always\Obj\app_data.o"
#        "D:\GoogleDriveCLT\GoogleDrive\WeatherCloud\Roadboard\Software\Road-Board-December-2016\EWARM\Road
#        Brd MSTR Rev L Long Always\Obj\barometer.o"
#        "D:\GoogleDriveCLT\GoogleDrive\WeatherCloud\Roadboard\Software\Road-Board-December-2016\EWARM\Road
#        Brd MSTR Rev L Long Always\Obj\bgm111.o"
#        "D:\GoogleDriveCLT\GoogleDrive\WeatherCloud\Roadboard\Software\Road-Board-December-2016\EWARM\Road
#        Brd MSTR Rev L Long Always\Obj\cmsis_os.o"
#        "D:\GoogleDriveCLT\GoogleDrive\WeatherCloud\Roadboard\Software\Road-Board-December-2016\EWARM\Road
#        Brd MSTR Rev L Long Always\Obj\croutine.o"
#        "D:\GoogleDriveCLT\GoogleDrive\WeatherCloud\Roadboard\Software\Road-Board-December-2016\EWARM\Road
#        Brd MSTR Rev L Long Always\Obj\dma.o"
#        "D:\GoogleDriveCLT\GoogleDrive\WeatherCloud\Roadboard\Software\Road-Board-December-2016\EWARM\Road
#        Brd MSTR Rev L Long Always\Obj\ErrorCodes.o"
#        "D:\GoogleDriveCLT\GoogleDrive\WeatherCloud\Roadboard\Software\Road-Board-December-2016\EWARM\Road
#        Brd MSTR Rev L Long Always\Obj\event_groups.o"
#        "D:\GoogleDriveCLT\GoogleDrive\WeatherCloud\Roadboard\Software\Road-Board-December-2016\EWARM\Road
#        Brd MSTR Rev L Long Always\Obj\fix_fft.o"
#        "D:\GoogleDriveCLT\GoogleDrive\WeatherCloud\Roadboard\Software\Road-Board-December-2016\EWARM\Road
#        Brd MSTR Rev L Long Always\Obj\freertos.o"
#        "D:\GoogleDriveCLT\GoogleDrive\WeatherCloud\Roadboard\Software\Road-Board-December-2016\EWARM\Road
#        Brd MSTR Rev L Long Always\Obj\gecko_bglib.o"
#        "D:\GoogleDriveCLT\GoogleDrive\WeatherCloud\Roadboard\Software\Road-Board-December-2016\EWARM\Road
#        Brd MSTR Rev L Long Always\Obj\gpio.o"
#        "D:\GoogleDriveCLT\GoogleDrive\WeatherCloud\Roadboard\Software\Road-Board-December-2016\EWARM\Road
#        Brd MSTR Rev L Long Always\Obj\GridEye.o"
#        "D:\GoogleDriveCLT\GoogleDrive\WeatherCloud\Roadboard\Software\Road-Board-December-2016\EWARM\Road
#        Brd MSTR Rev L Long Always\Obj\heap_4.o"
#        "D:\GoogleDriveCLT\GoogleDrive\WeatherCloud\Roadboard\Software\Road-Board-December-2016\EWARM\Road
#        Brd MSTR Rev L Long Always\Obj\Humidity.o"
#        "D:\GoogleDriveCLT\GoogleDrive\WeatherCloud\Roadboard\Software\Road-Board-December-2016\EWARM\Road
#        Brd MSTR Rev L Long Always\Obj\i2c.o"
#        "D:\GoogleDriveCLT\GoogleDrive\WeatherCloud\Roadboard\Software\Road-Board-December-2016\EWARM\Road
#        Brd MSTR Rev L Long Always\Obj\list.o"
#        "D:\GoogleDriveCLT\GoogleDrive\WeatherCloud\Roadboard\Software\Road-Board-December-2016\EWARM\Road
#        Brd MSTR Rev L Long Always\Obj\lps25hb.o"
#        "D:\GoogleDriveCLT\GoogleDrive\WeatherCloud\Roadboard\Software\Road-Board-December-2016\EWARM\Road
#        Brd MSTR Rev L Long Always\Obj\main.o"
#        "D:\GoogleDriveCLT\GoogleDrive\WeatherCloud\Roadboard\Software\Road-Board-December-2016\EWARM\Road
#        Brd MSTR Rev L Long Always\Obj\parser.o"
#        "D:\GoogleDriveCLT\GoogleDrive\WeatherCloud\Roadboard\Software\Road-Board-December-2016\EWARM\Road
#        Brd MSTR Rev L Long Always\Obj\port.o"
#        "D:\GoogleDriveCLT\GoogleDrive\WeatherCloud\Roadboard\Software\Road-Board-December-2016\EWARM\Road
#        Brd MSTR Rev L Long Always\Obj\portasm.o"
#        "D:\GoogleDriveCLT\GoogleDrive\WeatherCloud\Roadboard\Software\Road-Board-December-2016\EWARM\Road
#        Brd MSTR Rev L Long Always\Obj\queue.o"
#        "D:\GoogleDriveCLT\GoogleDrive\WeatherCloud\Roadboard\Software\Road-Board-December-2016\EWARM\Road
#        Brd MSTR Rev L Long Always\Obj\Rd_Sound.o"
#        "D:\GoogleDriveCLT\GoogleDrive\WeatherCloud\Roadboard\Software\Road-Board-December-2016\EWARM\Road
#        Brd MSTR Rev L Long Always\Obj\RGBLight.o"
#        "D:\GoogleDriveCLT\GoogleDrive\WeatherCloud\Roadboard\Software\Road-Board-December-2016\EWARM\Road
#        Brd MSTR Rev L Long Always\Obj\startup_stm32l152xe.o"
#        "D:\GoogleDriveCLT\GoogleDrive\WeatherCloud\Roadboard\Software\Road-Board-December-2016\EWARM\Road
#        Brd MSTR Rev L Long Always\Obj\stm32l1xx_hal.o"
#        "D:\GoogleDriveCLT\GoogleDrive\WeatherCloud\Roadboard\Software\Road-Board-December-2016\EWARM\Road
#        Brd MSTR Rev L Long Always\Obj\stm32l1xx_hal_adc.o"
#        "D:\GoogleDriveCLT\GoogleDrive\WeatherCloud\Roadboard\Software\Road-Board-December-2016\EWARM\Road
#        Brd MSTR Rev L Long Always\Obj\stm32l1xx_hal_adc_ex.o"
#        "D:\GoogleDriveCLT\GoogleDrive\WeatherCloud\Roadboard\Software\Road-Board-December-2016\EWARM\Road
#        Brd MSTR Rev L Long Always\Obj\stm32l1xx_hal_cortex.o"
#        "D:\GoogleDriveCLT\GoogleDrive\WeatherCloud\Roadboard\Software\Road-Board-December-2016\EWARM\Road
#        Brd MSTR Rev L Long Always\Obj\stm32l1xx_hal_dma.o"
#        "D:\GoogleDriveCLT\GoogleDrive\WeatherCloud\Roadboard\Software\Road-Board-December-2016\EWARM\Road
#        Brd MSTR Rev L Long Always\Obj\stm32l1xx_hal_flash.o"
#        "D:\GoogleDriveCLT\GoogleDrive\WeatherCloud\Roadboard\Software\Road-Board-December-2016\EWARM\Road
#        Brd MSTR Rev L Long Always\Obj\stm32l1xx_hal_flash_ex.o"
#        "D:\GoogleDriveCLT\GoogleDrive\WeatherCloud\Roadboard\Software\Road-Board-December-2016\EWARM\Road
#        Brd MSTR Rev L Long Always\Obj\stm32l1xx_hal_flash_ramfunc.o"
#        "D:\GoogleDriveCLT\GoogleDrive\WeatherCloud\Roadboard\Software\Road-Board-December-2016\EWARM\Road
#        Brd MSTR Rev L Long Always\Obj\stm32l1xx_hal_gpio.o"
#        "D:\GoogleDriveCLT\GoogleDrive\WeatherCloud\Roadboard\Software\Road-Board-December-2016\EWARM\Road
#        Brd MSTR Rev L Long Always\Obj\stm32l1xx_hal_i2c.o"
#        "D:\GoogleDriveCLT\GoogleDrive\WeatherCloud\Roadboard\Software\Road-Board-December-2016\EWARM\Road
#        Brd MSTR Rev L Long Always\Obj\stm32l1xx_hal_msp.o"
#        "D:\GoogleDriveCLT\GoogleDrive\WeatherCloud\Roadboard\Software\Road-Board-December-2016\EWARM\Road
#        Brd MSTR Rev L Long Always\Obj\stm32l1xx_hal_pcd.o"
#        "D:\GoogleDriveCLT\GoogleDrive\WeatherCloud\Roadboard\Software\Road-Board-December-2016\EWARM\Road
#        Brd MSTR Rev L Long Always\Obj\stm32l1xx_hal_pcd_ex.o"
#        "D:\GoogleDriveCLT\GoogleDrive\WeatherCloud\Roadboard\Software\Road-Board-December-2016\EWARM\Road
#        Brd MSTR Rev L Long Always\Obj\stm32l1xx_hal_pwr.o"
#        "D:\GoogleDriveCLT\GoogleDrive\WeatherCloud\Roadboard\Software\Road-Board-December-2016\EWARM\Road
#        Brd MSTR Rev L Long Always\Obj\stm32l1xx_hal_pwr_ex.o"
#        "D:\GoogleDriveCLT\GoogleDrive\WeatherCloud\Roadboard\Software\Road-Board-December-2016\EWARM\Road
#        Brd MSTR Rev L Long Always\Obj\stm32l1xx_hal_rcc.o"
#        "D:\GoogleDriveCLT\GoogleDrive\WeatherCloud\Roadboard\Software\Road-Board-December-2016\EWARM\Road
#        Brd MSTR Rev L Long Always\Obj\stm32l1xx_hal_rcc_ex.o"
#        "D:\GoogleDriveCLT\GoogleDrive\WeatherCloud\Roadboard\Software\Road-Board-December-2016\EWARM\Road
#        Brd MSTR Rev L Long Always\Obj\stm32l1xx_hal_tim.o"
#        "D:\GoogleDriveCLT\GoogleDrive\WeatherCloud\Roadboard\Software\Road-Board-December-2016\EWARM\Road
#        Brd MSTR Rev L Long Always\Obj\stm32l1xx_hal_tim_ex.o"
#        "D:\GoogleDriveCLT\GoogleDrive\WeatherCloud\Roadboard\Software\Road-Board-December-2016\EWARM\Road
#        Brd MSTR Rev L Long Always\Obj\stm32l1xx_hal_timebase_TIM.o"
#        "D:\GoogleDriveCLT\GoogleDrive\WeatherCloud\Roadboard\Software\Road-Board-December-2016\EWARM\Road
#        Brd MSTR Rev L Long Always\Obj\stm32l1xx_hal_uart.o"
#        "D:\GoogleDriveCLT\GoogleDrive\WeatherCloud\Roadboard\Software\Road-Board-December-2016\EWARM\Road
#        Brd MSTR Rev L Long Always\Obj\stm32l1xx_hal_wwdg.o"
#        "D:\GoogleDriveCLT\GoogleDrive\WeatherCloud\Roadboard\Software\Road-Board-December-2016\EWARM\Road
#        Brd MSTR Rev L Long Always\Obj\stm32l1xx_it.o"
#        "D:\GoogleDriveCLT\GoogleDrive\WeatherCloud\Roadboard\Software\Road-Board-December-2016\EWARM\Road
#        Brd MSTR Rev L Long Always\Obj\stm32l1xx_nucleo.o"
#        "D:\GoogleDriveCLT\GoogleDrive\WeatherCloud\Roadboard\Software\Road-Board-December-2016\EWARM\Road
#        Brd MSTR Rev L Long Always\Obj\system_stm32l1xx.o"
#        "D:\GoogleDriveCLT\GoogleDrive\WeatherCloud\Roadboard\Software\Road-Board-December-2016\EWARM\Road
#        Brd MSTR Rev L Long Always\Obj\tasks.o"
#        "D:\GoogleDriveCLT\GoogleDrive\WeatherCloud\Roadboard\Software\Road-Board-December-2016\EWARM\Road
#        Brd MSTR Rev L Long Always\Obj\Temperature.o"
#        "D:\GoogleDriveCLT\GoogleDrive\WeatherCloud\Roadboard\Software\Road-Board-December-2016\EWARM\Road
#        Brd MSTR Rev L Long Always\Obj\tim.o"
#        "D:\GoogleDriveCLT\GoogleDrive\WeatherCloud\Roadboard\Software\Road-Board-December-2016\EWARM\Road
#        Brd MSTR Rev L Long Always\Obj\timers.o"
#        "D:\GoogleDriveCLT\GoogleDrive\WeatherCloud\Roadboard\Software\Road-Board-December-2016\EWARM\Road
#        Brd MSTR Rev L Long Always\Obj\usart.o"
#        "D:\GoogleDriveCLT\GoogleDrive\WeatherCloud\Roadboard\Software\Road-Board-December-2016\EWARM\Road
#        Brd MSTR Rev L Long Always\Obj\usb_device.o"
#        "D:\GoogleDriveCLT\GoogleDrive\WeatherCloud\Roadboard\Software\Road-Board-December-2016\EWARM\Road
#        Brd MSTR Rev L Long Always\Obj\usbd_cdc.o"
#        "D:\GoogleDriveCLT\GoogleDrive\WeatherCloud\Roadboard\Software\Road-Board-December-2016\EWARM\Road
#        Brd MSTR Rev L Long Always\Obj\usbd_cdc_if.o"
#        "D:\GoogleDriveCLT\GoogleDrive\WeatherCloud\Roadboard\Software\Road-Board-December-2016\EWARM\Road
#        Brd MSTR Rev L Long Always\Obj\usbd_conf.o"
#        "D:\GoogleDriveCLT\GoogleDrive\WeatherCloud\Roadboard\Software\Road-Board-December-2016\EWARM\Road
#        Brd MSTR Rev L Long Always\Obj\usbd_core.o"
#        "D:\GoogleDriveCLT\GoogleDrive\WeatherCloud\Roadboard\Software\Road-Board-December-2016\EWARM\Road
#        Brd MSTR Rev L Long Always\Obj\usbd_ctlreq.o"
#        "D:\GoogleDriveCLT\GoogleDrive\WeatherCloud\Roadboard\Software\Road-Board-December-2016\EWARM\Road
#        Brd MSTR Rev L Long Always\Obj\usbd_desc.o"
#        "D:\GoogleDriveCLT\GoogleDrive\WeatherCloud\Roadboard\Software\Road-Board-December-2016\EWARM\Road
#        Brd MSTR Rev L Long Always\Obj\usbd_ioreq.o"
#        "D:\GoogleDriveCLT\GoogleDrive\WeatherCloud\Roadboard\Software\Road-Board-December-2016\EWARM\Road
#        Brd MSTR Rev L Long Always\Obj\VMonitor.o"
#        "D:\GoogleDriveCLT\GoogleDrive\WeatherCloud\Roadboard\Software\Road-Board-December-2016\EWARM\Road
#        Brd MSTR Rev L Long Always\Obj\wwdg.o" --redirect _Printf=_PrintfFull
#        --redirect _Scanf=_ScanfFull -o
#        "D:\GoogleDriveCLT\GoogleDrive\WeatherCloud\Roadboard\Software\Road-Board-December-2016\EWARM\Road
#        Brd MSTR Rev L Long Always\Exe\Road Board Rev K NUCLEO V1.1 Jul 12
#        2016.out" --map
#        "D:\GoogleDriveCLT\GoogleDrive\WeatherCloud\Roadboard\Software\Road-Board-December-2016\EWARM\Road
#        Brd MSTR Rev L Long Always\List\Road Board Rev K NUCLEO V1.1 Jul 12
#        2016.map" --config
#        D:\GoogleDriveCLT\GoogleDrive\WeatherCloud\Roadboard\Software\Road-Board-December-2016\EWARM/stm32l152xe_flash.icf
#        --semihosting --entry __iar_program_start --vfe
#
###############################################################################

*******************************************************************************
*** RUNTIME MODEL ATTRIBUTES
***

CppFlavor                     = *
__Heap_Handler                = Basic
__SystemLibrary               = DLib
__dlib_dynamic_initialization = normal


*******************************************************************************
*** PLACEMENT SUMMARY
***

"A1":  place at 0x08000000 { ro section .intvec };
"P1":  place in [from 0x08000000 to 0x0807ffff] { ro };
"P2":  place in [from 0x20000000 to 0x20013fff] { rw, block CSTACK, block HEAP };
initialize by copy { rw };

  Section             Kind        Address     Size  Object
  -------             ----        -------     ----  ------
"A1":                                        0x124
  .intvec             ro code  0x08000000    0x124  startup_stm32l152xe.o [1]
                             - 0x08000124    0x124

"P1":                                      0x11e0c
  .text               ro code  0x08000124   0x1e56  parser.o [1]
  .text               ro code  0x08001f7a      0xa  xsprout.o [3]
  .text               ro code  0x08001f84     0x36  strlen.o [5]
  .text               ro code  0x08001fbc    0x230  Rd_Sound.o [1]
  .text               ro code  0x080021ec     0x44  strcpy_unaligned.o [5]
  .text               ro code  0x08002230    0x4bc  usart.o [1]
  .text               ro code  0x080026ec     0x34  sprintf.o [3]
  .text               ro code  0x08002720     0x1c  strcat.o [3]
  .text               ro code  0x0800273c    0x1f8  barometer.o [1]
  .text               ro code  0x08002934    0xf3c  app_data.o [1]
  .text               ro code  0x08003870    0xd98  GridEye.o [1]
  .text               ro code  0x08004608    0x4c0  VMonitor.o [1]
  .text               ro code  0x08004ac8    0x6c8  Humidity.o [1]
  .text               ro code  0x08005190    0x16c  Temperature.o [1]
  .text               ro code  0x080052fc    0x344  RGBLight.o [1]
  .text               ro code  0x08005640    0x1c4  gpio.o [1]
  .text               ro code  0x08005804    0x4dc  i2c.o [1]
  .text               ro code  0x08005ce0    0x11a  ErrorCodes.o [1]
  .text               ro code  0x08005dfc    0x1b0  stm32l1xx_hal_cortex.o [1]
  .text               ro code  0x08005fac    0x2bc  adc.o [1]
  .text               ro code  0x08006268    0x240  fix_fft.o [1]
  .text               ro code  0x080064a8     0x30  I32ToDbl.o [4]
  .text               ro code  0x080064d8     0xf0  sqrt.o [4]
  .text               ro code  0x080065c8     0x90  DblToFlt.o [4]
  .text               ro code  0x08006658     0x44  FltToS32.o [4]
  .text               ro code  0x0800669c    0x8e8  stm32l1xx_hal_uart.o [1]
  .text               ro code  0x08006f84    0x4c6  main.o [1]
  .text               ro code  0x0800744c    0x378  stm32l1xx_hal_gpio.o [1]
  .text               ro code  0x080077c4    0x878  bgm111.o [1]
  .text               ro code  0x0800803c   0x119e  xprintffull.o [3]
  .text               ro code  0x080091dc    0x248  lps25hb.o [1]
  .text               ro code  0x08009424     0x4e  FltToDbl.o [4]
  .text               ro code  0x08009474    0x1a2  DblMul.o [4]
  .text               ro code  0x08009618     0x58  DblToI32.o [4]
  .text               ro code  0x08009670     0xb8  modf.o [4]
  .text               ro code  0x08009728     0xd8  FltMul.o [4]
  .text               ro code  0x08009800     0xe8  DblAdd.o [4]
  .text               ro code  0x080098e8     0xc0  wwdg.o [1]
  .text               ro code  0x080099a8     0x42  strcmp_unaligned.o [5]
  .text               ro code  0x080099ec     0x48  stm32l1xx_hal.o [1]
  .text               ro code  0x08009a34     0x6c  strncpy_unaligned.o [5]
  .text               ro code  0x08009aa0     0x32  I32ToFlt.o [4]
  .text               ro code  0x08009ad4     0x44  round.o [4]
  .text               ro code  0x08009b18     0x24  FltCmpGe.o [4]
  .text               ro code  0x08009b3c     0xfc  FltDiv.o [4]
  .text               ro code  0x08009c38     0x84  FltAdd.o [4]
  .text               ro code  0x08009cbc   0x1018  stm32l1xx_hal_i2c.o [1]
  .text               ro code  0x0800acd4    0x82a  stm32l1xx_hal_adc.o [1]
  .text               ro code  0x0800b500    0xefe  stm32l1xx_hal_dma.o [1]
  .text               ro code  0x0800c3fe     0x1c  fix_fft.o [1]
  .text               ro code  0x0800c41c      0xc  iarEdom.o [5]
  .text               ro code  0x0800c428    0xcd4  stm32l1xx_hal_rcc.o [1]
  .text               ro code  0x0800d0fc     0x30  dma.o [1]
  .text               ro code  0x0800d12c    0x224  tim.o [1]
  .text               ro code  0x0800d350    0x1ac  gecko_bglib.o [1]
  .text               ro code  0x0800d4fc     0x76  ABImemcpy_unaligned.o [5]
  .text               ro code  0x0800d572     0x20  xmbtowc.o [3]
  .text               ro code  0x0800d594     0x16  strchr.o [5]
  .text               ro code  0x0800d5ac     0x58  memchr.o [5]
  .text               ro code  0x0800d604      0xa  xmbcurmax.o [3]
  .text               ro code  0x0800d610     0xb0  xxmemxmalloc.o [3]
  .text               ro code  0x0800d6c0     0x1a  xwctomb.o [3]
  .text               ro code  0x0800d6dc     0x80  xxmemxfree.o [3]
  .text               ro code  0x0800d75c     0xee  I64DivMod.o [5]
  .text               ro code  0x0800d84a     0x44  xdnorm.o [4]
  .text               ro code  0x0800d890     0x2e  DblCmpLe.o [4]
  .text               ro code  0x0800d8c0     0x2e  DblCmpGe.o [4]
  .text               ro code  0x0800d8f0    0x10c  xdscale.o [4]
  .text               ro code  0x0800d9fc    0x180  DblSub.o [4]
  .text               ro code  0x0800db7c    0x256  DblDiv.o [4]
  .text               ro code  0x0800ddd4     0x6c  localeconv.o [3]
  .text               ro code  0x0800de40      0xe  div.o [3]
  .text               ro code  0x0800de4e     0xd6  stm32l1xx_hal_wwdg.o [1]
  .text               ro code  0x0800df24     0x90  stm32l1xx_hal_timebase_TIM.o [1]
  .text               ro code  0x0800dfb4     0x98  stm32l1xx_hal_msp.o [1]
  .text               ro code  0x0800e04c     0x5e  ABImemset.o [5]
  .text               ro code  0x0800e0aa     0x7a  xdint.o [4]
  .text               ro code  0x0800e124     0xd6  FltSub.o [4]
  .text               ro code  0x0800e1fc      0xc  errno.o [3]
  .text               ro code  0x0800e208     0x10  stm32l1xx_hal_pwr_ex.o [1]
  .text               ro code  0x0800e218    0x3da  stm32l1xx_hal_tim.o [1]
  .text               ro code  0x0800e5f2     0x5e  stm32l1xx_hal_tim_ex.o [1]
  .text               ro code  0x0800e650     0x14  setlocale.o [3]
  .text               ro code  0x0800e664     0x60  xencoding_sb.o [3]
  .text               ro code  0x0800e6c4     0x2c  xgetmemchunk.o [3]
  .text               ro code  0x0800e6f0      0x2  I64DivZer.o [5]
  .text               ro code  0x0800e6f2      0x2  xtls.o [3]
  .text               ro code  0x0800e6f4   0x1074  stm32l1xx_hal_pcd.o [1]
  .text               ro code  0x0800f768    0x198  usbd_conf.o [1]
  .text               ro code  0x0800f900    0x2c8  usbd_core.o [1]
  .text               ro code  0x0800fbc8    0x608  usbd_ctlreq.o [1]
  .text               ro code  0x080101d0     0x90  usbd_ioreq.o [1]
  .text               ro code  0x08010260    0x224  tasks.o [1]
  CODE                ro code  0x08010484     0x94  portasm.o [1]
  .text               ro code  0x08010518     0x40  list.o [1]
  .text               ro code  0x08010558     0x84  stm32l1xx_it.o [1]
  .text               ro code  0x080105dc     0x10  cmsis_os.o [1]
  .text               ro code  0x080105ec     0x24  port.o [1]
  .rodata             const    0x08010610     0x80  fix_fft.o [1]
  .text               ro code  0x08010690     0x64  system_stm32l1xx.o [1]
  .rodata             const    0x080106f4     0x48  ErrorCodes.o [1]
  .rodata             const    0x0801073c     0x48  parser.o [1]
  .rodata             const    0x08010784     0x48  parser.o [1]
  .rodata             const    0x080107cc     0x44  parser.o [1]
  .rodata             const    0x08010810     0x44  parser.o [1]
  .rodata             const    0x08010854     0x44  parser.o [1]
  .rodata             const    0x08010898     0x40  main.o [1]
  .rodata             const    0x080108d8     0x40  main.o [1]
  .rodata             const    0x08010918     0x40  parser.o [1]
  .rodata             const    0x08010958     0x40  parser.o [1]
  .rodata             const    0x08010998     0x40  parser.o [1]
  .rodata             const    0x080109d8     0x40  parser.o [1]
  .rodata             const    0x08010a18     0x40  parser.o [1]
  .rodata             const    0x08010a58     0x40  parser.o [1]
  .text               ro code  0x08010a98     0x40  zero_init3.o [5]
  .rodata             const    0x08010ad8     0x3c  parser.o [1]
  .rodata             const    0x08010b14     0x3c  parser.o [1]
  .rodata             const    0x08010b50     0x3c  parser.o [1]
  .rodata             const    0x08010b8c     0x3c  parser.o [1]
  .rodata             const    0x08010bc8     0x38  parser.o [1]
  .rodata             const    0x08010c00     0x38  parser.o [1]
  .rodata             const    0x08010c38     0x38  parser.o [1]
  .rodata             const    0x08010c70     0x38  parser.o [1]
  .text               ro code  0x08010ca8     0x38  packbits_init_single.o [5]
  .rodata             const    0x08010ce0     0x34  main.o [1]
  .rodata             const    0x08010d14     0x34  parser.o [1]
  .rodata             const    0x08010d48     0x34  parser.o [1]
  .rodata             const    0x08010d7c     0x34  parser.o [1]
  .rodata             const    0x08010db0     0x34  parser.o [1]
  .rodata             const    0x08010de4     0x30  parser.o [1]
  .rodata             const    0x08010e14     0x30  parser.o [1]
  .rodata             const    0x08010e44     0x30  parser.o [1]
  .rodata             const    0x08010e74     0x30  parser.o [1]
  .rodata             const    0x08010ea4     0x30  parser.o [1]
  .rodata             const    0x08010ed4     0x2c  main.o [1]
  .rodata             const    0x08010f00     0x2c  parser.o [1]
  .rodata             const    0x08010f2c     0x2c  parser.o [1]
  .rodata             const    0x08010f58     0x2c  parser.o [1]
  .rodata             const    0x08010f84     0x2c  parser.o [1]
  .rodata             const    0x08010fb0     0x2c  parser.o [1]
  .rodata             const    0x08010fdc     0x2c  parser.o [1]
  .rodata             const    0x08011008     0x2c  parser.o [1]
  .rodata             const    0x08011034     0x2c  parser.o [1]
  .rodata             const    0x08011060     0x28  parser.o [1]
  .rodata             const    0x08011088     0x28  parser.o [1]
  .rodata             const    0x080110b0     0x28  parser.o [1]
  .rodata             const    0x080110d8     0x28  parser.o [1]
  .rodata             const    0x08011100     0x28  parser.o [1]
  .rodata             const    0x08011128     0x28  parser.o [1]
  .rodata             const    0x08011150     0x28  parser.o [1]
  .rodata             const    0x08011178     0x28  parser.o [1]
  .rodata             const    0x080111a0     0x28  parser.o [1]
  .rodata             const    0x080111c8     0x28  parser.o [1]
  .rodata             const    0x080111f0     0x28  parser.o [1]
  .rodata             const    0x08011218     0x28  parser.o [1]
  .rodata             const    0x08011240     0x28  parser.o [1]
  .rodata             const    0x08011268     0x28  parser.o [1]
  .rodata             const    0x08011290     0x28  parser.o [1]
  .rodata             const    0x080112b8     0x28  parser.o [1]
  .rodata             const    0x080112e0     0x28  parser.o [1]
  .rodata             const    0x08011308     0x28  parser.o [1]
  .rodata             const    0x08011330     0x28  parser.o [1]
  .rodata             const    0x08011358     0x28  parser.o [1]
  .rodata             const    0x08011380     0x28  parser.o [1]
  .rodata             const    0x080113a8     0x28  parser.o [1]
  .rodata             const    0x080113d0     0x28  parser.o [1]
  .rodata             const    0x080113f8     0x28  parser.o [1]
  .rodata             const    0x08011420     0x28  parser.o [1]
  .rodata             const    0x08011448     0x28  parser.o [1]
  .rodata             const    0x08011470     0x28  parser.o [1]
  .rodata             const    0x08011498     0x28  parser.o [1]
  .rodata             const    0x080114c0     0x28  parser.o [1]
  .rodata             const    0x080114e8     0x28  parser.o [1]
  .rodata             const    0x08011510     0x28  parser.o [1]
  .rodata             const    0x08011538     0x28  parser.o [1]
  .rodata             const    0x08011560     0x28  parser.o [1]
  .text               ro code  0x08011588     0x28  data_init.o [5]
  .rodata             const    0x080115b0     0x24  parser.o [1]
  .rodata             const    0x080115d4     0x24  parser.o [1]
  .rodata             const    0x080115f8     0x24  parser.o [1]
  .rodata             const    0x0801161c     0x24  parser.o [1]
  .rodata             const    0x08011640     0x24  parser.o [1]
  .rodata             const    0x08011664     0x24  parser.o [1]
  .rodata             const    0x08011688     0x24  parser.o [1]
  .rodata             const    0x080116ac     0x24  parser.o [1]
  .iar.init_table     const    0x080116d0     0x20  - Linker created -
  .rodata             const    0x080116f0     0x20  bgm111.o [1]
  .rodata             const    0x08011710     0x20  parser.o [1]
  .rodata             const    0x08011730     0x20  parser.o [1]
  .rodata             const    0x08011750     0x20  parser.o [1]
  .rodata             const    0x08011770     0x20  parser.o [1]
  .rodata             const    0x08011790     0x20  parser.o [1]
  .rodata             const    0x080117b0     0x20  parser.o [1]
  .rodata             const    0x080117d0     0x20  parser.o [1]
  .rodata             const    0x080117f0     0x20  parser.o [1]
  .rodata             const    0x08011810     0x20  parser.o [1]
  .rodata             const    0x08011830     0x20  parser.o [1]
  .rodata             const    0x08011850     0x20  parser.o [1]
  .rodata             const    0x08011870     0x1c  app_data.o [1]
  .rodata             const    0x0801188c     0x1c  bgm111.o [1]
  .rodata             const    0x080118a8     0x1c  ErrorCodes.o [1]
  .rodata             const    0x080118c4     0x1c  parser.o [1]
  .text               ro code  0x080118e0     0x1a  cmain.o [5]
  .text               ro code  0x080118fa      0x4  low_level_init.o [3]
  .text               ro code  0x080118fe      0x4  exit.o [3]
  .text               ro code  0x08011904      0xa  cexit.o [5]
  .text               ro code  0x08011910     0x14  exit.o [6]
  .rodata             const    0x08011924     0x18  app_data.o [1]
  .rodata             const    0x0801193c     0x18  parser.o [1]
  .rodata             const    0x08011954     0x18  parser.o [1]
  .rodata             const    0x0801196c     0x18  parser.o [1]
  .rodata             const    0x08011984     0x18  parser.o [1]
  .rodata             const    0x0801199c     0x18  parser.o [1]
  .rodata             const    0x080119b4     0x18  parser.o [1]
  .rodata             const    0x080119cc     0x18  parser.o [1]
  .rodata             const    0x080119e4     0x18  parser.o [1]
  .rodata             const    0x080119fc     0x18  parser.o [1]
  .rodata             const    0x08011a14     0x18  parser.o [1]
  .rodata             const    0x08011a2c     0x18  parser.o [1]
  .rodata             const    0x08011a44     0x14  app_data.o [1]
  .rodata             const    0x08011a58     0x14  ErrorCodes.o [1]
  .rodata             const    0x08011a6c     0x14  gpio.o [1]
  .rodata             const    0x08011a80     0x14  parser.o [1]
  .rodata             const    0x08011a94     0x14  parser.o [1]
  .rodata             const    0x08011aa8     0x14  parser.o [1]
  .rodata             const    0x08011abc     0x14  parser.o [1]
  .rodata             const    0x08011ad0     0x14  parser.o [1]
  .rodata             const    0x08011ae4     0x14  parser.o [1]
  .rodata             const    0x08011af8     0x14  parser.o [1]
  .rodata             const    0x08011b0c     0x14  parser.o [1]
  .rodata             const    0x08011b20     0x14  parser.o [1]
  .rodata             const    0x08011b34     0x10  app_data.o [1]
  .rodata             const    0x08011b44     0x10  bgm111.o [1]
  .rodata             const    0x08011b54     0x10  bgm111.o [1]
  .rodata             const    0x08011b64     0x10  parser.o [1]
  .rodata             const    0x08011b74     0x10  parser.o [1]
  .rodata             const    0x08011b84     0x10  parser.o [1]
  .rodata             const    0x08011b94     0x10  parser.o [1]
  .rodata             const    0x08011ba4     0x10  parser.o [1]
  .rodata             const    0x08011bb4     0x10  parser.o [1]
  .rodata             const    0x08011bc4     0x10  parser.o [1]
  .rodata             const    0x08011bd4     0x10  system_stm32l1xx.o [1]
  .text               ro code  0x08011be4     0x10  startup_stm32l152xe.o [1]
  .rodata             const    0x08011bf4      0xc  app_data.o [1]
  .rodata             const    0x08011c00      0xc  bgm111.o [1]
  .rodata             const    0x08011c0c      0xc  bgm111.o [1]
  .rodata             const    0x08011c18      0xc  main.o [1]
  .rodata             const    0x08011c24      0xc  parser.o [1]
  .rodata             const    0x08011c30      0xc  parser.o [1]
  .rodata             const    0x08011c3c      0xc  parser.o [1]
  .rodata             const    0x08011c48      0xc  parser.o [1]
  .rodata             const    0x08011c54      0xc  parser.o [1]
  .rodata             const    0x08011c60      0xc  parser.o [1]
  .rodata             const    0x08011c6c      0xc  parser.o [1]
  .rodata             const    0x08011c78      0xc  stm32l1xx_hal_rcc.o [1]
  .text               ro code  0x08011c84      0xc  cstartup_M.o [5]
  .rodata             const    0x08011c90      0x8  barometer.o [1]
  .rodata             const    0x08011c98      0x8  barometer.o [1]
  .rodata             const    0x08011ca0      0x8  barometer.o [1]
  .rodata             const    0x08011ca8      0x8  barometer.o [1]
  .rodata             const    0x08011cb0      0x8  barometer.o [1]
  .rodata             const    0x08011cb8      0x8  ErrorCodes.o [1]
  .rodata             const    0x08011cc0      0x8  ErrorCodes.o [1]
  .rodata             const    0x08011cc8      0x8  ErrorCodes.o [1]
  .rodata             const    0x08011cd0      0x8  ErrorCodes.o [1]
  .rodata             const    0x08011cd8      0x8  ErrorCodes.o [1]
  .rodata             const    0x08011ce0      0x8  ErrorCodes.o [1]
  .rodata             const    0x08011ce8      0x8  ErrorCodes.o [1]
  .rodata             const    0x08011cf0      0x8  ErrorCodes.o [1]
  .rodata             const    0x08011cf8      0x8  ErrorCodes.o [1]
  .rodata             const    0x08011d00      0x8  ErrorCodes.o [1]
  .rodata             const    0x08011d08      0x8  ErrorCodes.o [1]
  .rodata             const    0x08011d10      0x8  ErrorCodes.o [1]
  .rodata             const    0x08011d18      0x8  ErrorCodes.o [1]
  .rodata             const    0x08011d20      0x8  ErrorCodes.o [1]
  .rodata             const    0x08011d28      0x8  ErrorCodes.o [1]
  .rodata             const    0x08011d30      0x8  ErrorCodes.o [1]
  .rodata             const    0x08011d38      0x8  ErrorCodes.o [1]
  .rodata             const    0x08011d40      0x8  ErrorCodes.o [1]
  .rodata             const    0x08011d48      0x8  ErrorCodes.o [1]
  .rodata             const    0x08011d50      0x8  GridEye.o [1]
  .rodata             const    0x08011d58      0x8  GridEye.o [1]
  .rodata             const    0x08011d60      0x8  GridEye.o [1]
  .rodata             const    0x08011d68      0x8  Humidity.o [1]
  .rodata             const    0x08011d70      0x8  Humidity.o [1]
  .rodata             const    0x08011d78      0x8  Humidity.o [1]
  .rodata             const    0x08011d80      0x8  Humidity.o [1]
  .rodata             const    0x08011d88      0x8  main.o [1]
  .rodata             const    0x08011d90      0x8  main.o [1]
  .rodata             const    0x08011d98      0x8  parser.o [1]
  .rodata             const    0x08011da0      0x8  parser.o [1]
  .rodata             const    0x08011da8      0x8  parser.o [1]
  .rodata             const    0x08011db0      0x8  Rd_Sound.o [1]
  .rodata             const    0x08011db8      0x8  RGBLight.o [1]
  .rodata             const    0x08011dc0      0x8  RGBLight.o [1]
  .rodata             const    0x08011dc8      0x8  system_stm32l1xx.o [1]
  .rodata             const    0x08011dd0      0x8  Temperature.o [1]
  .rodata             const    0x08011dd8      0x8  Temperature.o [1]
  .rodata             const    0x08011de0      0x8  Temperature.o [1]
  .rodata             const    0x08011de8      0x8  VMonitor.o [1]
  .rodata             const    0x08011df0      0x8  VMonitor.o [1]
  .rodata             const    0x08011df8      0x8  VMonitor.o [1]
  .rodata             const    0x08011e00      0x8  VMonitor.o [1]
  .rodata             const    0x08011e08      0x8  VMonitor.o [1]
  .rodata             const    0x08011e10      0x4  stm32l1xx_hal_rcc.o [1]
  .text               ro code  0x08011e14      0x4  startup_stm32l152xe.o [1]
  .text               ro code  0x08011e18      0x4  startup_stm32l152xe.o [1]
  .text               ro code  0x08011e1c      0x4  startup_stm32l152xe.o [1]
  .text               ro code  0x08011e20      0x4  startup_stm32l152xe.o [1]
  .text               ro code  0x08011e24      0x4  startup_stm32l152xe.o [1]
  .text               ro code  0x08011e28      0x4  startup_stm32l152xe.o [1]
  .text               ro code  0x08011e2c      0x4  startup_stm32l152xe.o [1]
  .text               ro code  0x08011e30      0x4  startup_stm32l152xe.o [1]
  .text               ro code  0x08011e34      0x4  startup_stm32l152xe.o [1]
  .text               ro code  0x08011e38      0x4  startup_stm32l152xe.o [1]
  .text               ro code  0x08011e3c      0x4  startup_stm32l152xe.o [1]
  .text               ro code  0x08011e40      0x4  startup_stm32l152xe.o [1]
  .text               ro code  0x08011e44      0x4  startup_stm32l152xe.o [1]
  .text               ro code  0x08011e48      0x4  startup_stm32l152xe.o [1]
  .text               ro code  0x08011e4c      0x4  startup_stm32l152xe.o [1]
  .text               ro code  0x08011e50      0x4  startup_stm32l152xe.o [1]
  .text               ro code  0x08011e54      0x4  startup_stm32l152xe.o [1]
  .text               ro code  0x08011e58      0x4  startup_stm32l152xe.o [1]
  .text               ro code  0x08011e5c      0x4  startup_stm32l152xe.o [1]
  .text               ro code  0x08011e60      0x4  startup_stm32l152xe.o [1]
  .text               ro code  0x08011e64      0x4  startup_stm32l152xe.o [1]
  .text               ro code  0x08011e68      0x4  startup_stm32l152xe.o [1]
  .text               ro code  0x08011e6c      0x4  startup_stm32l152xe.o [1]
  .text               ro code  0x08011e70      0x4  startup_stm32l152xe.o [1]
  .text               ro code  0x08011e74      0x4  startup_stm32l152xe.o [1]
  .text               ro code  0x08011e78      0x4  startup_stm32l152xe.o [1]
  .text               ro code  0x08011e7c      0x4  startup_stm32l152xe.o [1]
  .text               ro code  0x08011e80      0x4  startup_stm32l152xe.o [1]
  .text               ro code  0x08011e84      0x4  startup_stm32l152xe.o [1]
  .text               ro code  0x08011e88      0x4  startup_stm32l152xe.o [1]
  .text               ro code  0x08011e8c      0x4  startup_stm32l152xe.o [1]
  .text               ro code  0x08011e90      0x4  startup_stm32l152xe.o [1]
  .text               ro code  0x08011e94      0x4  startup_stm32l152xe.o [1]
  .text               ro code  0x08011e98      0x4  startup_stm32l152xe.o [1]
  .text               ro code  0x08011e9c      0x4  startup_stm32l152xe.o [1]
  .text               ro code  0x08011ea0      0x4  startup_stm32l152xe.o [1]
  .text               ro code  0x08011ea4      0x4  startup_stm32l152xe.o [1]
  .text               ro code  0x08011ea8      0x4  startup_stm32l152xe.o [1]
  .text               ro code  0x08011eac      0x4  startup_stm32l152xe.o [1]
  .text               ro code  0x08011eb0      0x4  startup_stm32l152xe.o [1]
  .text               ro code  0x08011eb4      0x4  startup_stm32l152xe.o [1]
  .text               ro code  0x08011eb8      0x4  startup_stm32l152xe.o [1]
  .text               ro code  0x08011ebc      0x4  startup_stm32l152xe.o [1]
  .text               ro code  0x08011ec0      0x4  startup_stm32l152xe.o [1]
  .text               ro code  0x08011ec4      0x4  startup_stm32l152xe.o [1]
  .text               ro code  0x08011ec8      0x4  startup_stm32l152xe.o [1]
  .text               ro code  0x08011ecc      0x4  startup_stm32l152xe.o [1]
  .text               ro code  0x08011ed0      0x4  startup_stm32l152xe.o [1]
  .text               ro code  0x08011ed4      0x4  startup_stm32l152xe.o [1]
  .text               ro code  0x08011ed8      0x4  startup_stm32l152xe.o [1]
  .rodata             const    0x08011edc      0x0  zero_init3.o [5]
  .rodata             const    0x08011edc      0x0  packbits_init_single.o [5]
  Initializer bytes   const    0x08011edc     0x54  <for P2-1>
                             - 0x08011f30  0x11e0c

"P2", part 1 of 3:                           0x14c
  P2-1                         0x20000000    0x14c  <Init block>
    .data             inited   0x20000000      0xc  adc.o [1]
    .data             inited   0x2000000c      0x4  bgm111.o [1]
    .data             inited   0x20000010      0x4  bgm111.o [1]
    .data             inited   0x20000014     0x24  gpio.o [1]
    .data             inited   0x20000038      0x4  system_stm32l1xx.o [1]
    .data             inited   0x2000003c      0x4  tim.o [1]
    .data             inited   0x20000040      0x4  tim.o [1]
    .data             inited   0x20000044      0x4  tim.o [1]
    .data             inited   0x20000048      0x4  usart.o [1]
    __DLIB_PERTHREAD  inited   0x2000004c     0x88  localeconv.o [3]
    __DLIB_PERTHREAD  inited   0x200000d4      0x4  errno.o [3]
    __DLIB_PERTHREAD  inited   0x200000d8     0x74  setlocale.o [3]
                             - 0x2000014c    0x14c

"P2", part 2 of 3:                          0x1000
  CSTACK                       0x20000150   0x1000  <Block>
    CSTACK            uninit   0x20000150   0x1000  <Block tail>
  HEAP                         0x20001150      0x0  <Block>
                             - 0x20001150   0x1000

"P2", part 3 of 3:                          0x23d4
  .bss                zero     0x20001150    0xf78  bgm111.o [1]
  .bss                zero     0x200020c8    0x324  bgm111.o [1]
  .bss                zero     0x200023ec    0x324  ErrorCodes.o [1]
  .bss                zero     0x20002710    0x248  app_data.o [1]
  .bss                zero     0x20002958    0x248  app_data.o [1]
  .bss                zero     0x20002ba0    0x220  usbd_conf.o [1]
  .bss                zero     0x20002dc0    0x19c  bgm111.o [1]
  .bss                zero     0x20002f5c     0x8c  tasks.o [1]
  .bss                zero     0x20002fe8     0x84  bgm111.o [1]
  .bss                zero     0x2000306c     0x84  bgm111.o [1]
  .bss                zero     0x200030f0     0x80  Rd_Sound.o [1]
  .bss                zero     0x20003170     0x80  Rd_Sound.o [1]
  .bss                zero     0x200031f0     0x80  Rd_Sound.o [1]
  .bss                zero     0x20003270     0x54  adc.o [1]
  .bss                zero     0x200032c4     0x40  usart.o [1]
  .bss                zero     0x20003304     0x40  usart.o [1]
  .bss                zero     0x20003344     0x3c  i2c.o [1]
  .bss                zero     0x20003380     0x38  adc.o [1]
  .bss                zero     0x200033b8     0x38  stm32l1xx_hal_timebase_TIM.o [1]
  .bss                zero     0x200033f0     0x38  tim.o [1]
  .bss                zero     0x20003428     0x38  tim.o [1]
  .bss                zero     0x20003460     0x28  usart.o [1]
  .bss                zero     0x20003488     0x14  wwdg.o [1]
  .bss                zero     0x2000349c      0xc  adc.o [1]
  .bss                zero     0x200034a8      0x8  app_data.o [1]
  .bss                zero     0x200034b0      0x8  xxmemxmalloc.o [3]
  .bss                zero     0x200034b8      0x4  app_data.o [1]
  .bss                zero     0x200034bc      0x4  bgm111.o [1]
  .bss                zero     0x200034c0      0x4  bgm111.o [1]
  .bss                zero     0x200034c4      0x4  bgm111.o [1]
  .bss                zero     0x200034c8      0x4  bgm111.o [1]
  .bss                zero     0x200034cc      0x4  bgm111.o [1]
  .bss                zero     0x200034d0      0x4  stm32l1xx_hal.o [1]
  .bss                zero     0x200034d4      0x4  tasks.o [1]
  .bss                zero     0x200034d8      0x4  tasks.o [1]
  .bss                zero     0x200034dc      0x4  tasks.o [1]
  .bss                zero     0x200034e0      0x4  tasks.o [1]
  .bss                zero     0x200034e4      0x4  tasks.o [1]
  .bss                zero     0x200034e8      0x4  tasks.o [1]
  .bss                zero     0x200034ec      0x4  tasks.o [1]
  .bss                zero     0x200034f0      0x4  tasks.o [1]
  .bss                zero     0x200034f4      0x4  tasks.o [1]
  .bss                zero     0x200034f8      0x4  tasks.o [1]
  .bss                zero     0x200034fc      0x4  tasks.o [1]
  .bss                zero     0x20003500      0x4  usart.o [1]
  .bss                zero     0x20003504      0x4  usart.o [1]
  .bss                zero     0x20003508      0x4  wwdg.o [1]
  .bss                zero     0x2000350c      0x4  xgetmemchunk.o [3]
  .bss                zero     0x20003510      0x2  app_data.o [1]
  .bss                zero     0x20003512      0x2  app_data.o [1]
  .bss                zero     0x20003514      0x1  adc.o [1]
  .bss                zero     0x20003515      0x1  adc.o [1]
  .bss                zero     0x20003516      0x1  adc.o [1]
  .bss                zero     0x20003517      0x1  bgm111.o [1]
  .bss                zero     0x20003518      0x1  bgm111.o [1]
  .bss                zero     0x20003519      0x1  bgm111.o [1]
  .bss                zero     0x2000351a      0x1  tim.o [1]
  .bss                zero     0x2000351b      0x1  tim.o [1]
  .bss                zero     0x2000351c      0x1  usart.o [1]
  .bss                zero     0x2000351d      0x1  usart.o [1]
  .bss                zero     0x2000351e      0x1  usart.o [1]
  .bss                zero     0x2000351f      0x1  usbd_ctlreq.o [1]
  .bss                zero     0x20003520      0x1  wwdg.o [1]
                             - 0x20003521   0x23d1


*******************************************************************************
*** INIT TABLE
***

          Address     Size
          -------     ----
Zero (__iar_zero_init3)
    1 destination range, total size 0x23d1:
          0x20001150  0x23d1

Copy/packbits (__iar_packbits_init_single3)
    1 source range, total size 0x54 (25% of destination):
          0x08011edc    0x54
    1 destination range, total size 0x14c:
          0x20000000   0x14c



*******************************************************************************
*** MODULE SUMMARY
***

    Module                        ro code  ro data  rw data
    ------                        -------  -------  -------
D:\GoogleDriveCLT\GoogleDrive\WeatherCloud\Roadboard\Software\Road-Board-December-2016\EWARM\Road Brd MSTR Rev L Long Always\Obj: [1]
    ErrorCodes.o                      282      272      804
    GridEye.o                       3 480       24
    Humidity.o                      1 736       32
    RGBLight.o                        836       16
    Rd_Sound.o                        560        8      384
    Temperature.o                     364       24
    VMonitor.o                      1 216       40
    adc.o                             700        3      167
    app_data.o                      3 900      100    1 184
    barometer.o                       504       40
    bgm111.o                        2 168      118    5 471
    cmsis_os.o                         16
    dma.o                              48
    fix_fft.o                         604      128
    gecko_bglib.o                     428
    gpio.o                            452       29       36
    i2c.o                           1 244                60
    list.o                             64
    lps25hb.o                         584
    main.o                          1 222      252
    parser.o                        7 766    4 648
    port.o                             36
    portasm.o                         148
    startup_stm32l152xe.o             508
    stm32l1xx_hal.o                    72                 4
    stm32l1xx_hal_adc.o             2 090
    stm32l1xx_hal_cortex.o            432
    stm32l1xx_hal_dma.o             3 838
    stm32l1xx_hal_gpio.o              888
    stm32l1xx_hal_i2c.o             4 120
    stm32l1xx_hal_msp.o               152
    stm32l1xx_hal_pcd.o             4 212
    stm32l1xx_hal_pwr_ex.o             16
    stm32l1xx_hal_rcc.o             3 284       16
    stm32l1xx_hal_tim.o               986
    stm32l1xx_hal_tim_ex.o             94
    stm32l1xx_hal_timebase_TIM.o      144                56
    stm32l1xx_hal_uart.o            2 280
    stm32l1xx_hal_wwdg.o              214
    stm32l1xx_it.o                    132
    system_stm32l1xx.o                100       25        4
    tasks.o                           548               184
    tim.o                             548        3      126
    usart.o                         1 212        1      183
    usbd_conf.o                       408               544
    usbd_core.o                       712
    usbd_ctlreq.o                   1 544                 1
    usbd_ioreq.o                      144
    wwdg.o                            192                25
    -------------------------------------------------------
    Total:                         57 228    5 779    9 233

command line: [2]
    -------------------------------------------------------
    Total:

dl7M_tlf.a: [3]
    div.o                              14
    errno.o                            12        1        4
    exit.o                              4
    localeconv.o                      108       34      136
    low_level_init.o                    4
    setlocale.o                        20       30      116
    sprintf.o                          52
    strcat.o                           28
    xencoding_sb.o                     96
    xgetmemchunk.o                     44                 4
    xmbcurmax.o                        10
    xmbtowc.o                          32
    xprintffull.o                   4 510
    xsprout.o                          10
    xtls.o                              2
    xwctomb.o                          26
    xxmemxfree.o                      128
    xxmemxmalloc.o                    176                 8
    -------------------------------------------------------
    Total:                          5 276       65      268

m7M_tl.a: [4]
    DblAdd.o                          232
    DblCmpGe.o                         46
    DblCmpLe.o                         46
    DblDiv.o                          598
    DblMul.o                          418
    DblSub.o                          384
    DblToFlt.o                        144
    DblToI32.o                         88
    FltAdd.o                          132
    FltCmpGe.o                         36
    FltDiv.o                          252
    FltMul.o                          216
    FltSub.o                          214
    FltToDbl.o                         78
    FltToS32.o                         68
    I32ToDbl.o                         48
    I32ToFlt.o                         50
    modf.o                            184
    round.o                            68
    sqrt.o                            240
    xdint.o                           122
    xdnorm.o                           68
    xdscale.o                         268
    -------------------------------------------------------
    Total:                          4 000

rt7M_tl.a: [5]
    ABImemcpy_unaligned.o             118
    ABImemset.o                        94
    I64DivMod.o                       238
    I64DivZer.o                         2
    cexit.o                            10
    cmain.o                            26
    cstartup_M.o                       12
    data_init.o                        40
    iarEdom.o                          12
    memchr.o                           88
    packbits_init_single.o             56
    strchr.o                           22
    strcmp_unaligned.o                 66
    strcpy_unaligned.o                 68
    strlen.o                           54
    strncpy_unaligned.o               108
    zero_init3.o                       64
    -------------------------------------------------------
    Total:                          1 078

shb_l.a: [6]
    exit.o                             20
    -------------------------------------------------------
    Total:                             20

    Gaps                               42
    Linker created                              32    4 096
-----------------------------------------------------------
    Grand Total:                   67 644    5 876   13 597


*******************************************************************************
*** ENTRY LIST
***

Entry                      Address    Size  Type      Object
-----                      -------    ----  ----      ------
.iar.init_table$$Base   0x080116d0           --   Gb  - Linker created -
.iar.init_table$$Limit  0x080116f0           --   Gb  - Linker created -
?main                   0x080118e1          Code  Gb  cmain.o [5]
ADC_Channel             0x20003516     0x1  Data  Lc  adc.o [1]
ADC_Config              0x080060e3    0xbe  Code  Gb  adc.o [1]
ADC_ConversionStop_Disable
                        0x0800b415    0x4a  Code  Gb  stm32l1xx_hal_adc.o [1]
ADC_DMAConvCplt         0x0800b461    0x6e  Code  Lc  stm32l1xx_hal_adc.o [1]
ADC_DMAError            0x0800b4e1    0x1e  Code  Lc  stm32l1xx_hal_adc.o [1]
ADC_DMAHalfConvCplt     0x0800b4d1     0xe  Code  Lc  stm32l1xx_hal_adc.o [1]
ADC_Enable              0x0800b377    0x72  Code  Gb  stm32l1xx_hal_adc.o [1]
AHBPrescTable           0x08011bd4    0x10  Data  Gb  system_stm32l1xx.o [1]
APBPrescTable           0x08011dc8     0x8  Data  Gb  system_stm32l1xx.o [1]
BGM111_Connected        0x08007c1d     0xa  Code  Gb  bgm111.o [1]
BGM111_Init             0x080079bf    0x32  Code  Gb  bgm111.o [1]
BGM111_LowLevel_Init    0x080078df    0x20  Code  Gb  bgm111.o [1]
BGM111_Peek             0x080079b5     0xa  Code  Gb  bgm111.o [1]
BGM111_ProcessInput     0x080079f1   0x1f8  Code  Gb  bgm111.o [1]
BGM111_Ready            0x08007c13     0xa  Code  Gb  bgm111.o [1]
BGM111_Receive          0x08007957    0x5e  Code  Gb  bgm111.o [1]
BGM111_Transmit         0x08007cb9   0x11e  Code  Gb  bgm111.o [1]
BGM111_UART_IRQHandler  0x08007c27    0x92  Code  Gb  bgm111.o [1]
BGM111_WriteCharacteristic
                        0x08007be9    0x2a  Code  Gb  bgm111.o [1]
BufFree                 0x0800793d    0x1a  Code  Gb  bgm111.o [1]
BufUsed                 0x0800792b    0x12  Code  Gb  bgm111.o [1]
CSTACK$$Base            0x20000150           --   Gb  - Linker created -
CSTACK$$Limit           0x20001150           --   Gb  - Linker created -
Clear_Timer2_Flg        0x0800d295     0x8  Code  Gb  tim.o [1]
Clr_HeartBeat           0x08003741     0x8  Code  Gb  app_data.o [1]
Clr_HrtBeat_Cnt         0x0800371f     0x8  Code  Gb  app_data.o [1]
CodesArray              0x080106f4    0x48  Data  Gb  ErrorCodes.o [1]
DMA1_Channel1_IRQHandler
                        0x08010561     0xa  Code  Gb  stm32l1xx_it.o [1]
DMA_SetConfig           0x0800c3dd    0x22  Code  Lc  stm32l1xx_hal_dma.o [1]
Error_Handler           0x0800741d    0x2e  Code  Gb  main.o [1]
FIX_MPY                 0x0800c3ff    0x1c  Code  Gb  fix_fft.o [1]
Get_DriverStates        0x0800364d    0x54  Code  Gb  app_data.o [1]
Get_DriverStatus        0x080036b5    0x6a  Code  Gb  app_data.o [1]
HAL_ADC_ConfigChannel   0x0800b191   0x1e6  Code  Gb  stm32l1xx_hal_adc.o [1]
HAL_ADC_ConvCpltCallback
                        0x0800621f     0xe  Code  Gb  adc.o [1]
HAL_ADC_ConvHalfCpltCallback
                        0x0800625d     0x2  Code  Gb  adc.o [1]
HAL_ADC_DeInit          0x0800ae9b   0x134  Code  Gb  stm32l1xx_hal_adc.o [1]
HAL_ADC_ErrorCallback   0x0800625f     0xa  Code  Gb  adc.o [1]
HAL_ADC_Init            0x0800acd5   0x1c6  Code  Gb  stm32l1xx_hal_adc.o [1]
HAL_ADC_MspDeInit       0x080060bb    0x28  Code  Gb  adc.o [1]
HAL_ADC_MspInit         0x08006035    0x86  Code  Gb  adc.o [1]
HAL_ADC_Start           0x0800afcf    0x88  Code  Gb  stm32l1xx_hal_adc.o [1]
HAL_ADC_Start_DMA       0x0800b057    0xcc  Code  Gb  stm32l1xx_hal_adc.o [1]
HAL_ADC_Stop_DMA        0x0800b123    0x6e  Code  Gb  stm32l1xx_hal_adc.o [1]
HAL_DMA_Abort           0x0800ba3b    0x54  Code  Gb  stm32l1xx_hal_dma.o [1]
HAL_DMA_DeInit          0x0800b559   0x43e  Code  Gb  stm32l1xx_hal_dma.o [1]
HAL_DMA_IRQHandler      0x0800ba95   0x906  Code  Gb  stm32l1xx_hal_dma.o [1]
HAL_DMA_Init            0x0800b501    0x58  Code  Gb  stm32l1xx_hal_dma.o [1]
HAL_DMA_Start_IT        0x0800b9cd    0x6e  Code  Gb  stm32l1xx_hal_dma.o [1]
HAL_Delay               0x08009a15    0x1a  Code  Wk  stm32l1xx_hal.o [1]
HAL_GPIO_DeInit         0x0800761f   0x13c  Code  Gb  stm32l1xx_hal_gpio.o [1]
HAL_GPIO_Init           0x0800744d   0x1d2  Code  Gb  stm32l1xx_hal_gpio.o [1]
HAL_GPIO_ReadPin        0x0800775b    0x18  Code  Gb  stm32l1xx_hal_gpio.o [1]
HAL_GPIO_TogglePin      0x08007787     0xa  Code  Gb  stm32l1xx_hal_gpio.o [1]
HAL_GPIO_WritePin       0x08007773    0x14  Code  Gb  stm32l1xx_hal_gpio.o [1]
HAL_GetTick             0x08009a0f     0x6  Code  Wk  stm32l1xx_hal.o [1]
HAL_I2C_ER_IRQHandler   0x0800a541    0xce  Code  Gb  stm32l1xx_hal_i2c.o [1]
HAL_I2C_EV_IRQHandler   0x0800a40d   0x134  Code  Gb  stm32l1xx_hal_i2c.o [1]
HAL_I2C_ErrorCallback   0x0800a61b     0x2  Code  Wk  stm32l1xx_hal_i2c.o [1]
HAL_I2C_GetError        0x0800a623     0x4  Code  Gb  stm32l1xx_hal_i2c.o [1]
HAL_I2C_GetState        0x0800a61d     0x6  Code  Gb  stm32l1xx_hal_i2c.o [1]
HAL_I2C_Init            0x08009cbd   0x172  Code  Gb  stm32l1xx_hal_i2c.o [1]
HAL_I2C_MasterRxCpltCallback
                        0x0800a611     0x2  Code  Wk  stm32l1xx_hal_i2c.o [1]
HAL_I2C_MasterTxCpltCallback
                        0x0800a60f     0x2  Code  Wk  stm32l1xx_hal_i2c.o [1]
HAL_I2C_Master_Receive  0x08009f67   0x256  Code  Gb  stm32l1xx_hal_i2c.o [1]
HAL_I2C_Master_Receive_IT
                        0x0800a2a3   0x14e  Code  Gb  stm32l1xx_hal_i2c.o [1]
HAL_I2C_Master_Transmit
                        0x08009e2f   0x138  Code  Gb  stm32l1xx_hal_i2c.o [1]
HAL_I2C_Master_Transmit_IT
                        0x0800a1bd    0xe6  Code  Gb  stm32l1xx_hal_i2c.o [1]
HAL_I2C_MemRxCpltCallback
                        0x0800a619     0x2  Code  Wk  stm32l1xx_hal_i2c.o [1]
HAL_I2C_MemTxCpltCallback
                        0x0800a617     0x2  Code  Wk  stm32l1xx_hal_i2c.o [1]
HAL_I2C_MspInit         0x08005867    0x50  Code  Gb  i2c.o [1]
HAL_I2C_SlaveRxCpltCallback
                        0x0800a615     0x2  Code  Wk  stm32l1xx_hal_i2c.o [1]
HAL_I2C_SlaveTxCpltCallback
                        0x0800a613     0x2  Code  Wk  stm32l1xx_hal_i2c.o [1]
HAL_IncTick             0x08009a03     0xc  Code  Wk  stm32l1xx_hal.o [1]
HAL_Init                0x080099ed    0x16  Code  Gb  stm32l1xx_hal.o [1]
HAL_InitTick            0x0800df25    0x80  Code  Gb  stm32l1xx_hal_timebase_TIM.o [1]
HAL_MspInit             0x0800dfb5    0x98  Code  Gb  stm32l1xx_hal_msp.o [1]
HAL_NVIC_DisableIRQ     0x08005f3d     0xe  Code  Gb  stm32l1xx_hal_cortex.o [1]
HAL_NVIC_EnableIRQ      0x08005f2f     0xe  Code  Gb  stm32l1xx_hal_cortex.o [1]
HAL_NVIC_SetPriority    0x08005f09    0x26  Code  Gb  stm32l1xx_hal_cortex.o [1]
HAL_NVIC_SetPriorityGrouping
                        0x08005efd     0xc  Code  Gb  stm32l1xx_hal_cortex.o [1]
HAL_NVIC_SystemReset    0x08005f4b     0x8  Code  Gb  stm32l1xx_hal_cortex.o [1]
HAL_PCD_DataInStageCallback
                        0x0800f7a1    0x20  Code  Gb  usbd_conf.o [1]
HAL_PCD_DataOutStageCallback
                        0x0800f77f    0x22  Code  Gb  usbd_conf.o [1]
HAL_PCD_EP_ClrStall     0x0800f65f   0x10a  Code  Gb  stm32l1xx_hal_pcd.o [1]
HAL_PCD_EP_Open         0x0800ed11   0x476  Code  Gb  stm32l1xx_hal_pcd.o [1]
HAL_PCD_EP_Receive      0x0800f187   0x1ac  Code  Gb  stm32l1xx_hal_pcd.o [1]
HAL_PCD_EP_SetStall     0x0800f581    0xde  Code  Gb  stm32l1xx_hal_pcd.o [1]
HAL_PCD_EP_Transmit     0x0800f333   0x24e  Code  Gb  stm32l1xx_hal_pcd.o [1]
HAL_PCD_IRQHandler      0x0800eb9b   0x144  Code  Gb  stm32l1xx_hal_pcd.o [1]
HAL_PCD_ResetCallback   0x0800f7cf    0x2c  Code  Gb  usbd_conf.o [1]
HAL_PCD_ResumeCallback  0x0800f81b     0xe  Code  Gb  usbd_conf.o [1]
HAL_PCD_SOFCallback     0x0800f7c1     0xe  Code  Gb  usbd_conf.o [1]
HAL_PCD_SetAddress      0x0800ecdf    0x32  Code  Gb  stm32l1xx_hal_pcd.o [1]
HAL_PCD_SetupStageCallback
                        0x0800f769    0x16  Code  Gb  usbd_conf.o [1]
HAL_PCD_SuspendCallback
                        0x0800f7fb    0x20  Code  Gb  usbd_conf.o [1]
HAL_PWREx_GetVoltageRange
                        0x0800e209     0xa  Code  Gb  stm32l1xx_hal_pwr_ex.o [1]
HAL_RCC_ClockConfig     0x0800cc53   0x2a0  Code  Gb  stm32l1xx_hal_rcc.o [1]
HAL_RCC_GetClockConfig  0x0800cff9    0x3a  Code  Gb  stm32l1xx_hal_rcc.o [1]
HAL_RCC_GetHCLKFreq     0x0800cf9d     0x6  Code  Gb  stm32l1xx_hal_rcc.o [1]
HAL_RCC_GetPCLK1Freq    0x0800cfa3    0x20  Code  Gb  stm32l1xx_hal_rcc.o [1]
HAL_RCC_GetPCLK2Freq    0x0800cfc3    0x20  Code  Gb  stm32l1xx_hal_rcc.o [1]
HAL_RCC_GetSysClockFreq
                        0x0800cef3    0xaa  Code  Gb  stm32l1xx_hal_rcc.o [1]
HAL_RCC_OscConfig       0x0800c429   0x82a  Code  Gb  stm32l1xx_hal_rcc.o [1]
HAL_SYSTICK_CLKSourceConfig
                        0x08005f5f    0x22  Code  Gb  stm32l1xx_hal_cortex.o [1]
HAL_SYSTICK_Config      0x08005f53     0xc  Code  Gb  stm32l1xx_hal_cortex.o [1]
HAL_TIMEx_MasterConfigSynchronization
                        0x0800e5f3    0x5e  Code  Gb  stm32l1xx_hal_tim_ex.o [1]
HAL_TIM_Base_Init       0x0800e219    0x38  Code  Gb  stm32l1xx_hal_tim.o [1]
HAL_TIM_Base_MspInit    0x0800d1f7    0x48  Code  Gb  tim.o [1]
HAL_TIM_Base_Start_IT   0x0800e251    0x1e  Code  Gb  stm32l1xx_hal_tim.o [1]
HAL_TIM_ConfigClockSource
                        0x0800e3a9   0x122  Code  Gb  stm32l1xx_hal_tim.o [1]
HAL_TIM_IC_CaptureCallback
                        0x0800e4cd     0x2  Code  Wk  stm32l1xx_hal_tim.o [1]
HAL_TIM_IRQHandler      0x0800e26f   0x13a  Code  Gb  stm32l1xx_hal_tim.o [1]
HAL_TIM_OC_DelayElapsedCallback
                        0x0800e4cb     0x2  Code  Wk  stm32l1xx_hal_tim.o [1]
HAL_TIM_PWM_PulseFinishedCallback
                        0x0800e4cf     0x2  Code  Wk  stm32l1xx_hal_tim.o [1]
HAL_TIM_PeriodElapsedCallback
                        0x0800d23f    0x56  Code  Gb  tim.o [1]
HAL_TIM_StartTimer2     0x0800d301    0x12  Code  Gb  tim.o [1]
HAL_TIM_StartTimer3     0x0800d313    0x12  Code  Gb  tim.o [1]
HAL_TIM_TriggerCallback
                        0x0800e4d1     0x2  Code  Wk  stm32l1xx_hal_tim.o [1]
HAL_UART_EnableBGM_RX   0x0800267f    0x32  Code  Gb  usart.o [1]
HAL_UART_EnableBGM_TXE  0x0800266d    0x12  Code  Gb  usart.o [1]
HAL_UART_ErrorCallback  0x0800266b     0x2  Code  Gb  usart.o [1]
HAL_UART_IRQHandler     0x08006903   0x11a  Code  Gb  stm32l1xx_hal_uart.o [1]
HAL_UART_Init           0x0800669d    0x72  Code  Gb  stm32l1xx_hal_uart.o [1]
HAL_UART_MspInit        0x080022e3    0xba  Code  Gb  usart.o [1]
HAL_UART_Receive_IT     0x0800687b    0x88  Code  Gb  stm32l1xx_hal_uart.o [1]
HAL_UART_RxCpltCallback
                        0x080025bb    0xb0  Code  Gb  usart.o [1]
HAL_UART_RxCpltCallback::len
                        0x20003504     0x4  Data  Lc  usart.o [1]
HAL_UART_RxCpltCallback::temp_ptr
                        0x20003500     0x4  Data  Lc  usart.o [1]
HAL_UART_Transmit       0x0800670f    0xfc  Code  Gb  stm32l1xx_hal_uart.o [1]
HAL_UART_Transmit_IT    0x0800680b    0x70  Code  Gb  stm32l1xx_hal_uart.o [1]
HAL_UART_TxCpltCallback
                        0x0800257f    0x20  Code  Gb  usart.o [1]
HAL_WWDG_IRQHandler     0x0800def9    0x2c  Code  Gb  stm32l1xx_hal_wwdg.o [1]
HAL_WWDG_Init           0x0800de4f    0x4c  Code  Gb  stm32l1xx_hal_wwdg.o [1]
HAL_WWDG_MspInit        0x0800991b    0x26  Code  Gb  wwdg.o [1]
HAL_WWDG_Refresh        0x0800decb    0x2e  Code  Gb  stm32l1xx_hal_wwdg.o [1]
HAL_WWDG_Start_IT       0x0800de9b    0x30  Code  Gb  stm32l1xx_hal_wwdg.o [1]
HAL_WWDG_WakeupCallback
                        0x08009971    0x18  Code  Gb  wwdg.o [1]
HAL_WWDG_WakeupCallback::OnceFlg
                        0x20003520     0x1  Data  Lc  wwdg.o [1]
HEAP$$Base              0x20001150           --   Gb  - Linker created -
HEAP$$Limit             0x20001150           --   Gb  - Linker created -
HeartBeat_Cnt           0x20003512     0x2  Data  Lc  app_data.o [1]
I2C1_ER_IRQHandler      0x0801059d     0xa  Code  Gb  stm32l1xx_it.o [1]
I2C1_EV_IRQHandler      0x08010593     0xa  Code  Gb  stm32l1xx_it.o [1]
I2C_IsAcknowledgeFailed
                        0x0800acab    0x2a  Code  Lc  stm32l1xx_hal_i2c.o [1]
I2C_MasterReceive_BTF   0x0800a72b    0xa6  Code  Lc  stm32l1xx_hal_i2c.o [1]
I2C_MasterReceive_RXNE  0x0800a6af    0x7c  Code  Lc  stm32l1xx_hal_i2c.o [1]
I2C_MasterRequestRead   0x0800a96d   0x106  Code  Lc  stm32l1xx_hal_i2c.o [1]
I2C_MasterRequestWrite  0x0800a8d7    0x96  Code  Lc  stm32l1xx_hal_i2c.o [1]
I2C_MasterTransmit_BTF  0x0800a653    0x5c  Code  Lc  stm32l1xx_hal_i2c.o [1]
I2C_MasterTransmit_TXE  0x0800a627    0x2c  Code  Lc  stm32l1xx_hal_i2c.o [1]
I2C_SlaveReceive_BTF    0x0800a82b    0x1e  Code  Lc  stm32l1xx_hal_i2c.o [1]
I2C_SlaveReceive_RXNE   0x0800a80d    0x1e  Code  Lc  stm32l1xx_hal_i2c.o [1]
I2C_SlaveTransmit_BTF   0x0800a7ef    0x1e  Code  Lc  stm32l1xx_hal_i2c.o [1]
I2C_SlaveTransmit_TXE   0x0800a7d1    0x1e  Code  Lc  stm32l1xx_hal_i2c.o [1]
I2C_Slave_ADDR          0x0800a849    0x18  Code  Lc  stm32l1xx_hal_i2c.o [1]
I2C_Slave_AF            0x0800a8a3    0x34  Code  Lc  stm32l1xx_hal_i2c.o [1]
I2C_Slave_STOPF         0x0800a861    0x42  Code  Lc  stm32l1xx_hal_i2c.o [1]
I2C_WaitBusyFlag        0x08005b59    0x12  Code  Gb  i2c.o [1]
I2C_WaitOnFlagUntilTimeout
                        0x0800aa7d    0xda  Code  Lc  stm32l1xx_hal_i2c.o [1]
I2C_WaitOnMasterAddressFlagUntilTimeout
                        0x0800ab57    0x9e  Code  Lc  stm32l1xx_hal_i2c.o [1]
I2C_WaitOnRXNEFlagUntilTimeout
                        0x0800ac47    0x64  Code  Lc  stm32l1xx_hal_i2c.o [1]
I2C_WaitOnTXEFlagUntilTimeout
                        0x0800abf5    0x52  Code  Lc  stm32l1xx_hal_i2c.o [1]
InitSensors             0x08002935    0x22  Code  Gb  app_data.o [1]
IsBufFull               0x0800790d    0x1e  Code  Gb  bgm111.o [1]
LPS25HB_GetPressure     0x08009339    0x2c  Code  Gb  lps25hb.o [1]
LPS25HB_GetTemperature  0x080093a7    0x2e  Code  Gb  lps25hb.o [1]
LPS25HB_I2C_GetRawTemperature
                        0x08009365     0xc  Code  Gb  lps25hb.o [1]
LPS25HB_I2C_ReadRawPressure
                        0x080092ef    0x4a  Code  Lc  lps25hb.o [1]
LPS25HB_I2C_ReadRawTemperature
                        0x08009371    0x36  Code  Lc  lps25hb.o [1]
LPS25HB_Init            0x080091dd   0x112  Code  Gb  lps25hb.o [1]
LPS25HB_PowerOn         0x080093d5    0x48  Code  Lc  lps25hb.o [1]
LoadInt                 0x080086ab    0x70  Code  Lc  xprintffull.o [3]
MX_ADC_Init             0x08005fad    0x88  Code  Gb  adc.o [1]
MX_DMA_Init             0x0800d0fd    0x30  Code  Gb  dma.o [1]
MX_GPIO_Init            0x08005641   0x13a  Code  Gb  gpio.o [1]
MX_I2C1_Init            0x08005805    0x62  Code  Gb  i2c.o [1]
MX_I2C1_Reset           0x080058b7    0x50  Code  Gb  i2c.o [1]
MX_TIM2_Init            0x0800d12d    0x66  Code  Gb  tim.o [1]
MX_TIM3_Init            0x0800d193    0x64  Code  Gb  tim.o [1]
MX_USART2_UART_Init     0x08002231    0x58  Code  Gb  usart.o [1]
MX_USART3_UART_Init     0x08002289    0x5a  Code  Gb  usart.o [1]
MX_WWDG_Init            0x080098e9    0x32  Code  Gb  wwdg.o [1]
ModuleArray             0x080118a8    0x1c  Data  Gb  ErrorCodes.o [1]
NVIC_DisableIRQ         0x08005e39    0x14  Code  Lc  stm32l1xx_hal_cortex.o [1]
NVIC_EnableIRQ          0x08005e25    0x14  Code  Lc  stm32l1xx_hal_cortex.o [1]
NVIC_EncodePriority     0x08005e73    0x3e  Code  Lc  stm32l1xx_hal_cortex.o [1]
NVIC_GetPriorityGrouping
                        0x08005e1b     0xa  Code  Lc  stm32l1xx_hal_cortex.o [1]
NVIC_SetPriority        0x08005e4d    0x26  Code  Lc  stm32l1xx_hal_cortex.o [1]
NVIC_SetPriorityGrouping
                        0x08005dfd    0x1e  Code  Lc  stm32l1xx_hal_cortex.o [1]
NVIC_SystemReset        0x08005eb1    0x1c  Code  Lc  stm32l1xx_hal_cortex.o [1]
NextBufIdx              0x080078ff     0xe  Code  Gb  bgm111.o [1]
PCD_EP_ISR_Handler      0x0800e6f5   0x43a  Code  Lc  stm32l1xx_hal_pcd.o [1]
PCD_ReadPMA             0x0800eb6f    0x2c  Code  Lc  stm32l1xx_hal_pcd.o [1]
PCD_WritePMA            0x0800eb2f    0x40  Code  Lc  stm32l1xx_hal_pcd.o [1]
PendSV_Handler          0x08010485          Code  Gb  portasm.o [1]
Proc_Timer2             0x0800d2ad    0x54  Code  Gb  tim.o [1]
ProcessSensorState      0x0800296b   0x9ba  Code  Gb  app_data.o [1]
Process_RdSound         0x08003325    0xf2  Code  Gb  app_data.o [1]
RBIsBufFull             0x08005cef    0x1e  Code  Gb  ErrorCodes.o [1]
RBNextBufIdx            0x08005ce1     0xe  Code  Gb  ErrorCodes.o [1]
RCC_SetFlashLatencyFromMSIRange
                        0x0800d039    0x90  Code  Lc  stm32l1xx_hal_rcc.o [1]
RdBrdI2C_WaitOnFlagUntilTimeout
                        0x08005b6b    0xda  Code  Lc  i2c.o [1]
RdBrd_BlinkErrCd        0x08005dad    0x4e  Code  Gb  ErrorCodes.o [1]
RdBrd_ErrCdLogErrCd     0x08005d0d    0x8e  Code  Gb  ErrorCodes.o [1]
RdSndTickCnt            0x20000040     0x4  Data  Lc  tim.o [1]
Region$$Table$$Base     0x080116d0           --   Gb  - Linker created -
Region$$Table$$Limit    0x080116f0           --   Gb  - Linker created -
Reset_DriverStates      0x0800359d    0x32  Code  Gb  app_data.o [1]
RoadBrdSnd_ClearImgnryBffr
                        0x08001fbd    0x14  Code  Gb  Rd_Sound.o [1]
RoadBrdSnd_ClrBffrs     0x080021b1    0x20  Code  Gb  Rd_Sound.o [1]
RoadBrdSnd_DumpBin0     0x080020a7    0x40  Code  Gb  Rd_Sound.o [1]
RoadBrdSnd_DumpBin16    0x080020e7    0x42  Code  Gb  Rd_Sound.o [1]
RoadBrdSnd_DumpBin32    0x08002129    0x44  Code  Gb  Rd_Sound.o [1]
RoadBrdSnd_DumpBin48    0x0800216d    0x44  Code  Gb  Rd_Sound.o [1]
RoadBrdSnd_ProcessSound
                        0x08002021    0x86  Code  Gb  Rd_Sound.o [1]
RoadBrdSnd_SampleSound  0x08001fd5    0x4c  Code  Gb  Rd_Sound.o [1]
RoadBrdSnd_getSaveBffr  0x08001fd1     0x4  Code  Gb  Rd_Sound.o [1]
RoadBrd_ADC_PORT        0x20000000     0xc  Data  Gb  adc.o [1]
RoadBrd_ADC_Start       0x080061a1    0x6e  Code  Gb  adc.o [1]
RoadBrd_ADC_Status      0x0800620f    0x10  Code  Gb  adc.o [1]
RoadBrd_Baro_ReadPressure
                        0x08002791    0x88  Code  Gb  barometer.o [1]
RoadBrd_Baro_ReadTemp   0x08002819    0xa6  Code  Gb  barometer.o [1]
RoadBrd_CoolEyeInit     0x08003871    0x6a  Code  Gb  GridEye.o [1]
RoadBrd_CoolEye_ReadValues
                        0x080038dd   0x5b8  Code  Gb  GridEye.o [1]
RoadBrd_Delay           0x08005b4f     0xa  Code  Gb  i2c.o [1]
RoadBrd_GetBGPtr        0x080024b5     0x6  Code  Gb  usart.o [1]
RoadBrd_GetBffrFlg      0x080024c5     0x6  Code  Gb  usart.o [1]
RoadBrd_GridEyeInit     0x08003e99    0xd6  Code  Gb  GridEye.o [1]
RoadBrd_GridEyeReset    0x08003f6f    0x96  Code  Gb  GridEye.o [1]
RoadBrd_GridEye_ReadValues
                        0x08004005   0x5d0  Code  Gb  GridEye.o [1]
RoadBrd_HumidityInit    0x08004ac9    0xa6  Code  Gb  Humidity.o [1]
RoadBrd_Humidity_ReadHumidity
                        0x08004b6f   0x2f8  Code  Gb  Humidity.o [1]
RoadBrd_Humidity_ReadTemperature
                        0x08004e6d   0x2f0  Code  Gb  Humidity.o [1]
RoadBrd_I2C_GetError    0x08005b01     0xa  Code  Gb  i2c.o [1]
RoadBrd_I2C_GetState    0x08005b0b     0xa  Code  Gb  i2c.o [1]
RoadBrd_I2C_Master_CmdReceive
                        0x08005a3f    0x60  Code  Gb  i2c.o [1]
RoadBrd_I2C_Master_Receive
                        0x08005a9f    0x36  Code  Gb  i2c.o [1]
RoadBrd_I2C_Master_Receive_IT
                        0x08005ad5    0x2c  Code  Gb  i2c.o [1]
RoadBrd_I2C_Master_Transmit
                        0x08005a09    0x36  Code  Gb  i2c.o [1]
RoadBrd_I2C_Master_Transmit_CMDData
                        0x0800596f    0x6e  Code  Gb  i2c.o [1]
RoadBrd_I2C_Master_Transmit_CMDData_IT
                        0x08005907    0x68  Code  Gb  i2c.o [1]
RoadBrd_I2C_Master_Transmit_IT
                        0x080059dd    0x2c  Code  Gb  i2c.o [1]
RoadBrd_Init_Barometer  0x0800273d    0x54  Code  Gb  barometer.o [1]
RoadBrd_Init_VMonitor   0x08004609    0xb6  Code  Gb  VMonitor.o [1]
RoadBrd_LED_On          0x0800577b    0x1c  Code  Gb  gpio.o [1]
RoadBrd_LED_PIN         0x08011a6c    0x14  Data  Gb  gpio.o [1]
RoadBrd_LED_PORT        0x20000014    0x24  Data  Gb  gpio.o [1]
RoadBrd_LED_Toggle      0x08005797    0x1a  Code  Gb  gpio.o [1]
RoadBrd_ParseString     0x08000125  0x1cb8  Code  Gb  parser.o [1]
RoadBrd_ProcessBGMChar  0x08007df7   0x1c4  Code  Gb  bgm111.o [1]
RoadBrd_ProcessBGMChar::header_cnt
                        0x20003517     0x1  Data  Lc  bgm111.o [1]
RoadBrd_ProcessBGMChar::payload_cnt
                        0x20003518     0x1  Data  Lc  bgm111.o [1]
RoadBrd_ProcessBGMChar::payload_len
                        0x20003519     0x1  Data  Lc  bgm111.o [1]
RoadBrd_RGBFullInit     0x0800534d    0x54  Code  Gb  RGBLight.o [1]
RoadBrd_RGBInit         0x080052fd    0x50  Code  Gb  RGBLight.o [1]
RoadBrd_RGBReadID       0x080053e5    0x96  Code  Gb  RGBLight.o [1]
RoadBrd_RGBReadStatus   0x0800547b    0x96  Code  Gb  RGBLight.o [1]
RoadBrd_RGBReadValues   0x08005511   0x120  Code  Gb  RGBLight.o [1]
RoadBrd_RGBReset        0x080053a1    0x44  Code  Gb  RGBLight.o [1]
RoadBrd_ReadTemp        0x08005191   0x16c  Code  Gb  Temperature.o [1]
RoadBrd_SetBffrFlg      0x080024bb     0xa  Code  Gb  usart.o [1]
RoadBrd_TestI2C         0x08005c45    0x8a  Code  Gb  i2c.o [1]
RoadBrd_TestandRead_Barometer
                        0x080028e9    0x4c  Code  Gb  barometer.o [1]
RoadBrd_UART_Receive_IT
                        0x080024cb    0x7a  Code  Gb  usart.o [1]
RoadBrd_UART_Transmit   0x0800239d    0x90  Code  Gb  usart.o [1]
RoadBrd_UART_Transmit_IT
                        0x0800242d    0x88  Code  Gb  usart.o [1]
RoadBrd_Uart_GetState   0x0800255d    0x22  Code  Gb  usart.o [1]
RoadBrd_Uart_Status     0x08002545    0x18  Code  Gb  usart.o [1]
RoadBrd_VMonitor_RdCurrent
                        0x080047ab    0xec  Code  Gb  VMonitor.o [1]
RoadBrd_VMonitor_RdPower
                        0x08004897    0xf4  Code  Gb  VMonitor.o [1]
RoadBrd_VMonitor_RdShntVltg
                        0x080046bf    0xec  Code  Gb  VMonitor.o [1]
RoadBrd_VMonitor_RdVoltage
                        0x08004991    0xf2  Code  Gb  VMonitor.o [1]
RoadBrd_WWDG_GetRefreshCnt
                        0x08009965     0xc  Code  Gb  wwdg.o [1]
RoadBrd_WWDG_Refresh    0x0800994b    0x1a  Code  Gb  wwdg.o [1]
RoadBrd_WWDG_Start      0x08009941     0xa  Code  Gb  wwdg.o [1]
RoadBrd_WaitForState    0x08005b15    0x3a  Code  Gb  i2c.o [1]
RoadBrd_gpio_Off        0x080057cd    0x1c  Code  Gb  gpio.o [1]
RoadBrd_gpio_On         0x080057b1    0x1c  Code  Gb  gpio.o [1]
SVC_Handler             0x080104d7          Code  Gb  portasm.o [1]
SendApp_String          0x08003441    0x5e  Code  Gb  app_data.o [1]
SetDataReady            0x08002957     0xa  Code  Gb  app_data.o [1]
Set_DriverStates        0x080035e9    0x50  Code  Gb  app_data.o [1]
Set_HeartBeat           0x0800372d     0x8  Code  Gb  app_data.o [1]
Sinewave                0x08010610    0x80  Data  Gb  fix_fft.o [1]
SnsrTickCnt             0x2000003c     0x4  Data  Lc  tim.o [1]
SysTick_Config          0x08005ecd    0x30  Code  Lc  stm32l1xx_hal_cortex.o [1]
SysTick_Handler         0x08010559     0x8  Code  Gb  stm32l1xx_it.o [1]
SystemClock_Config      0x0800734b    0xaa  Code  Gb  main.o [1]
SystemCoreClock         0x20000038     0x4  Data  Gb  system_stm32l1xx.o [1]
SystemInit              0x08010691    0x4c  Code  Gb  system_stm32l1xx.o [1]
TIM2_IRQHandler         0x080105a7     0xa  Code  Gb  stm32l1xx_it.o [1]
TIM3_IRQHandler         0x080105b1     0xa  Code  Gb  stm32l1xx_it.o [1]
TIM4_IRQHandler         0x08010575     0xa  Code  Gb  stm32l1xx_it.o [1]
TIM6_IRQHandler         0x08002961     0xa  Code  Gb  app_data.o [1]
TIM_Base_SetConfig      0x0800e4d3    0x70  Code  Lc  stm32l1xx_hal_tim.o [1]
TIM_ETR_SetConfig       0x0800e5d7    0x1c  Code  Lc  stm32l1xx_hal_tim.o [1]
TIM_ITRx_SetConfig      0x0800e5bf    0x18  Code  Lc  stm32l1xx_hal_tim.o [1]
TIM_TI1_ConfigInputStage
                        0x0800e55d    0x30  Code  Lc  stm32l1xx_hal_tim.o [1]
TIM_TI2_ConfigInputStage
                        0x0800e58d    0x32  Code  Lc  stm32l1xx_hal_tim.o [1]
Test_Connection         0x0800349f    0xfe  Code  Gb  app_data.o [1]
Test_Timer2             0x0800d29d    0x10  Code  Gb  tim.o [1]
Timr2Ready              0x2000351a     0x1  Data  Gb  tim.o [1]
Timr3Ready              0x2000351b     0x1  Data  Gb  tim.o [1]
TmpData                 0x20002710   0x248  Data  Gb  app_data.o [1]
Tst_HeartBeat           0x08003727     0x6  Code  Gb  app_data.o [1]
UART_EndTransmit_IT     0x08006b83    0x32  Code  Lc  stm32l1xx_hal_uart.o [1]
UART_Receive_IT         0x08006bb5    0xc8  Code  Lc  stm32l1xx_hal_uart.o [1]
UART_SetConfig          0x08006c7d   0x2fe  Code  Lc  stm32l1xx_hal_uart.o [1]
UART_Transmit_IT        0x08006b07    0x7c  Code  Lc  stm32l1xx_hal_uart.o [1]
UART_WaitOnFlagUntilTimeout
                        0x08006a1d    0xea  Code  Lc  stm32l1xx_hal_uart.o [1]
USART2_IRQHandler       0x08010589     0xa  Code  Gb  stm32l1xx_it.o [1]
USART3_IRQHandler       0x0801057f     0xa  Code  Gb  stm32l1xx_it.o [1]
USART_ReceiveData       0x08007ded     0xa  Code  Gb  bgm111.o [1]
USART_SendData          0x08007de1     0xc  Code  Gb  bgm111.o [1]
USBD_ClrClassConfig     0x0800f933    0x18  Code  Gb  usbd_core.o [1]
USBD_ClrFeature         0x08010157    0x3a  Code  Lc  usbd_ctlreq.o [1]
USBD_CtlContinueRx      0x08010213    0x1a  Code  Gb  usbd_ioreq.o [1]
USBD_CtlContinueSendData
                        0x080101f9    0x1a  Code  Gb  usbd_ioreq.o [1]
USBD_CtlError           0x080101b9    0x18  Code  Gb  usbd_ctlreq.o [1]
USBD_CtlReceiveStatus   0x08010247    0x1a  Code  Gb  usbd_ioreq.o [1]
USBD_CtlSendData        0x080101d1    0x28  Code  Gb  usbd_ioreq.o [1]
USBD_CtlSendStatus      0x0801022d    0x1a  Code  Gb  usbd_ioreq.o [1]
USBD_GetConfig          0x080100a9    0x4c  Code  Lc  usbd_ctlreq.o [1]
USBD_GetDescriptor      0x0800fe05   0x164  Code  Lc  usbd_ctlreq.o [1]
USBD_GetStatus          0x080100f5    0x3c  Code  Lc  usbd_ctlreq.o [1]
USBD_LL_ClearStallEP    0x0800f861    0x16  Code  Gb  usbd_conf.o [1]
USBD_LL_DataInStage     0x0800fa53    0xe2  Code  Gb  usbd_core.o [1]
USBD_LL_DataOutStage    0x0800f9c3    0x90  Code  Gb  usbd_core.o [1]
USBD_LL_IsStallEP       0x0800f877    0x30  Code  Gb  usbd_conf.o [1]
USBD_LL_OpenEP          0x0800f829    0x22  Code  Gb  usbd_conf.o [1]
USBD_LL_PrepareReceive  0x0800f8dd    0x20  Code  Gb  usbd_conf.o [1]
USBD_LL_Reset           0x0800fb35    0x46  Code  Gb  usbd_core.o [1]
USBD_LL_Resume          0x0800fb97     0xe  Code  Gb  usbd_core.o [1]
USBD_LL_SOF             0x0800fba5    0x24  Code  Gb  usbd_core.o [1]
USBD_LL_SetSpeed        0x0800fb7b     0x8  Code  Gb  usbd_core.o [1]
USBD_LL_SetUSBAddress   0x0800f8a7    0x16  Code  Gb  usbd_conf.o [1]
USBD_LL_SetupStage      0x0800f94b    0x78  Code  Gb  usbd_core.o [1]
USBD_LL_StallEP         0x0800f84b    0x16  Code  Gb  usbd_conf.o [1]
USBD_LL_Suspend         0x0800fb83    0x14  Code  Gb  usbd_core.o [1]
USBD_LL_Transmit        0x0800f8bd    0x20  Code  Gb  usbd_conf.o [1]
USBD_ParseSetupRequest  0x08010191    0x28  Code  Gb  usbd_ctlreq.o [1]
USBD_RunTestMode        0x0800f901     0x6  Code  Gb  usbd_core.o [1]
USBD_SetAddress         0x0800ff69    0x60  Code  Lc  usbd_ctlreq.o [1]
USBD_SetClassConfig     0x0800f907    0x2c  Code  Gb  usbd_core.o [1]
USBD_SetConfig          0x0800ffc9    0xda  Code  Lc  usbd_ctlreq.o [1]
USBD_SetConfig::cfgidx  0x2000351f     0x1  Data  Lc  usbd_ctlreq.o [1]
USBD_SetFeature         0x08010131    0x26  Code  Lc  usbd_ctlreq.o [1]
USBD_StdDevReq          0x0800fbc9    0x7c  Code  Gb  usbd_ctlreq.o [1]
USBD_StdEPReq           0x0800fc91   0x174  Code  Gb  usbd_ctlreq.o [1]
USBD_StdItfReq          0x0800fc45    0x4c  Code  Gb  usbd_ctlreq.o [1]
USB_LP_IRQHandler       0x0801056b     0xa  Code  Gb  stm32l1xx_it.o [1]
Uart2Ready              0x2000351c     0x1  Data  Gb  usart.o [1]
Uart3Ready              0x2000351d     0x1  Data  Gb  usart.o [1]
WWDG_IRQHandler         0x08009989     0xa  Code  Gb  wwdg.o [1]
_EncodingSb_Mbtowc      0x0800e67f    0x30  Code  Gb  xencoding_sb.o [3]
_EncodingSb_Mbtowc::initial
                        0x0800e6bc     0x8  Data  Lc  xencoding_sb.o [3]
_EncodingSb_Wctomb      0x0800e665    0x1a  Code  Gb  xencoding_sb.o [3]
_EncodingSb_Wctomb::initial
                        0x0800e6b4     0x8  Data  Lc  xencoding_sb.o [3]
_GenldFull              0x08008f3d   0x254  Code  Lc  xprintffull.o [3]
_IsdstStr               0x200000dc     0x4  Data  Gb  setlocale.o [3]
_LdtobFull              0x08008b31   0x406  Code  Lc  xprintffull.o [3]
_LitobFull              0x08008a27   0x10a  Code  Lc  xprintffull.o [3]
_LocaleEncoding         0x0800e651     0xe  Code  Gb  setlocale.o [3]
_LocaleReturnString     0x200000fc    0x50  Data  Lc  setlocale.o [3]
_Locale_Profile         0x200000e0    0x1c  Data  Gb  setlocale.o [3]
_Locale_aeabi_lconv     0x2000009c    0x38  Data  Gb  localeconv.o [3]
_Locale_lconv           0x2000004c    0x50  Data  Gb  localeconv.o [3]
_Mbtowc                 0x0800d573    0x20  Code  Gb  xmbtowc.o [3]
_PrintfFull             0x0800803d   0x658  Code  Gb  xprintffull.o [3]
_PutcharsFull           0x08009191    0x2e  Code  Lc  xprintffull.o [3]
_PutstrFull             0x0800871b   0x306  Code  Lc  xprintffull.o [3]
_SProut                 0x08001f7b     0xa  Code  Gb  xsprout.o [3]
_TzoneStr               0x200000d8     0x4  Data  Gb  setlocale.o [3]
_Wctomb                 0x0800d6c1    0x1a  Code  Gb  xwctomb.o [3]
__aeabi_cdcmple         0x0800d891          Code  Gb  DblCmpLe.o [4]
__aeabi_cdrcmple        0x0800d8c1          Code  Gb  DblCmpGe.o [4]
__aeabi_cfrcmple        0x08009b19          Code  Gb  FltCmpGe.o [4]
__aeabi_d2f             0x080065c9          Code  Gb  DblToFlt.o [4]
__aeabi_d2iz            0x08009619          Code  Gb  DblToI32.o [4]
__aeabi_d2uiz           0x08009645          Code  Gb  DblToI32.o [4]
__aeabi_dadd            0x08009801          Code  Gb  DblAdd.o [4]
__aeabi_ddiv            0x0800db7d          Code  Gb  DblDiv.o [4]
__aeabi_dmul            0x08009475          Code  Gb  DblMul.o [4]
__aeabi_dsub            0x0800d9fd          Code  Gb  DblSub.o [4]
__aeabi_errno_addr      0x0800e1fd     0x6  Code  Gb  errno.o [3]
__aeabi_f2d             0x08009425          Code  Gb  FltToDbl.o [4]
__aeabi_f2iz            0x08006659          Code  Gb  FltToS32.o [4]
__aeabi_fadd            0x08009c39          Code  Gb  FltAdd.o [4]
__aeabi_fdiv            0x08009b3d          Code  Gb  FltDiv.o [4]
__aeabi_fmul            0x08009729          Code  Gb  FltMul.o [4]
__aeabi_i2d             0x080064a9          Code  Gb  I32ToDbl.o [4]
__aeabi_i2f             0x08009aa1          Code  Gb  I32ToFlt.o [4]
__aeabi_ldiv0           0x0800e6f1          Code  Gb  I64DivZer.o [5]
__aeabi_ui2d            0x080064bd          Code  Gb  I32ToDbl.o [4]
__aeabi_ui2f            0x08009ab5          Code  Gb  I32ToFlt.o [4]
__aeabi_uldivmod        0x0800d75d          Code  Gb  I64DivMod.o [5]
__cmain                 0x080118e1          Code  Gb  cmain.o [5]
__data_Aldata           0x200034b0     0x8  Data  Gb  xxmemxmalloc.o [3]
__data_GetMemChunk      0x0800e6c5    0x2c  Code  Gb  xgetmemchunk.o [3]
__data_GetMemChunk::start
                        0x2000350c     0x4  Data  Lc  xgetmemchunk.o [3]
__exit                  0x08011911    0x14  Code  Gb  exit.o [6]
__iar_Dint              0x0800e0ab    0x7a  Code  Gb  xdint.o [4]
__iar_Dnorm             0x0800d84b    0x44  Code  Gb  xdnorm.o [4]
__iar_Dscale            0x0800d8f1   0x10c  Code  Gb  xdscale.o [4]
__iar_Errno             0x200000d4     0x4  Data  Gb  errno.o [3]
__iar_Locale_lconv_init
                        0x0800ddd5    0x3a  Code  Gb  localeconv.o [3]
__iar_Mbcurmax          0x0800d605     0xa  Code  Gb  xmbcurmax.o [3]
__iar_Memchr            0x0800d5ad          Code  Gb  memchr.o [5]
__iar_Memset_word       0x0800e04d          Code  Gb  ABImemset.o [5]
__iar_Strchr            0x0800d595          Code  Gb  strchr.o [5]
__iar_d2uiz             0x08009651          Code  Gb  DblToI32.o [4]
__iar_dadd              0x08009815          Code  Gb  DblAdd.o [4]
__iar_data_init3        0x08011589    0x28  Code  Gb  data_init.o [5]
__iar_dlib_perthread_access
                        0x0800e6f3     0x2  Code  Gb  xtls.o [3]
__iar_dsub              0x0800da11          Code  Gb  DblSub.o [4]
__iar_dsubStart         0x0800da23          Code  Gb  DblSub.o [4]
__iar_edom              0x0800c41d          Code  Gb  iarEdom.o [5]
__iar_fadd              0x08009c49          Code  Gb  FltAdd.o [4]
__iar_fsub              0x0800e125          Code  Gb  FltSub.o [4]
__iar_fsubStart         0x0800e135          Code  Gb  FltSub.o [4]
__iar_modf              0x08009681          Code  Gb  modf.o [4]
__iar_modfl             0x08009681          Code  Gb  modf.o [4]
__iar_packbits_init_single3
                        0x08010ca9    0x38  Code  Gb  packbits_init_single.o [5]
__iar_program_start     0x08011c85          Code  Gb  cstartup_M.o [5]
__iar_sqrt              0x080064d9          Code  Gb  sqrt.o [4]
__iar_ui2d              0x080064c1          Code  Gb  I32ToDbl.o [4]
__iar_ui2f              0x08009ab9          Code  Gb  I32ToFlt.o [4]
__iar_unaligned___aeabi_memcpy
                        0x0800d4fd          Code  Gb  ABImemcpy_unaligned.o [5]
__iar_unaligned___aeabi_memcpy4
                        0x0800d51d          Code  Gb  ABImemcpy_unaligned.o [5]
__iar_unaligned___aeabi_memcpy8
                        0x0800d51d          Code  Gb  ABImemcpy_unaligned.o [5]
__iar_unaligned_strcmp  0x080099a9          Code  Gb  strcmp_unaligned.o [5]
__iar_unaligned_strcpy  0x080021ed          Code  Gb  strcpy_unaligned.o [5]
__iar_unaligned_strncpy
                        0x08009a35          Code  Gb  strncpy_unaligned.o [5]
__iar_zero_init3        0x08010a99    0x40  Code  Gb  zero_init3.o [5]
__low_level_init        0x080118fb     0x4  Code  Gb  low_level_init.o [3]
__vector_table          0x08000000          Data  Gb  startup_stm32l152xe.o [1]
_call_main              0x080118ed          Code  Gb  cmain.o [5]
_exit                   0x08011905          Code  Gb  cexit.o [5]
_gecko_cmd_msg          0x20002fe8    0x84  Data  Gb  bgm111.o [1]
_gecko_rsp_msg          0x2000306c    0x84  Data  Gb  bgm111.o [1]
_main                   0x080118f7          Code  Gb  cmain.o [5]
aPLLDivisionFactorTable
                        0x08011e10     0x4  Data  Gb  stm32l1xx_hal_rcc.o [1]
aPLLMULFactorTable      0x08011c78     0xc  Data  Gb  stm32l1xx_hal_rcc.o [1]
adcActive               0x20003515     0x1  Data  Gb  adc.o [1]
analytics               0x200034b8     0x4  Data  Lc  app_data.o [1]
bffr1Flag               0x2000351e     0x1  Data  Lc  usart.o [1]
bglib_input             0x200034c0     0x4  Data  Gb  bgm111.o [1]
bglib_output            0x200034bc     0x4  Data  Gb  bgm111.o [1]
bglib_peek              0x200034c4     0x4  Data  Gb  bgm111.o [1]
bgm1data                0x20003460    0x28  Data  Lc  usart.o [1]
ble                     0x20002dc0   0x19c  Data  Lc  bgm111.o [1]
blemsgs                 0x200020c8   0x324  Data  Lc  bgm111.o [1]
clrUsartState           0x0800259f    0x1c  Code  Gb  usart.o [1]
connection_cnt          0x20003510     0x2  Data  Lc  app_data.o [1]
data                    0x20002958   0x248  Data  Gb  app_data.o [1]
div                     0x0800de41     0xe  Code  Gb  div.o [3]
driver_list             0x200034a8     0x8  Data  Lc  app_data.o [1]
errStruct               0x200023ec   0x324  Data  Lc  ErrorCodes.o [1]
exit                    0x080118ff     0x4  Code  Gb  exit.o [3]
fi                      0x20003170    0x80  Data  Lc  Rd_Sound.o [1]
fix_fft                 0x08006269   0x23a  Code  Gb  fix_fft.o [1]
fr                      0x200030f0    0x80  Data  Lc  Rd_Sound.o [1]
free                    0x0800d6dd    0x7a  Code  Gb  xxmemxfree.o [3]
fs                      0x200031f0    0x80  Data  Lc  Rd_Sound.o [1]
gecko_cmd_gatt_server_send_characteristic_notification
                        0x08007871    0x6e  Code  Lc  bgm111.o [1]
gecko_cmd_gatt_server_write_attribute_value
                        0x08007805    0x6c  Code  Lc  bgm111.o [1]
gecko_cmd_le_gap_set_mode
                        0x080077c5    0x40  Code  Lc  bgm111.o [1]
gecko_cmd_msg           0x2000000c     0x4  Data  Gb  bgm111.o [1]
gecko_get_event         0x0800d42d    0x5e  Code  Gb  gecko_bglib.o [1]
gecko_handle_command    0x0800d4ab    0x30  Code  Gb  gecko_bglib.o [1]
gecko_peek_event        0x0800d48b     0xa  Code  Gb  gecko_bglib.o [1]
gecko_queue             0x20001150   0xf78  Data  Gb  bgm111.o [1]
gecko_queue_r           0x200034cc     0x4  Data  Gb  bgm111.o [1]
gecko_queue_w           0x200034c8     0x4  Data  Gb  bgm111.o [1]
gecko_rsp_msg           0x20000010     0x4  Data  Gb  bgm111.o [1]
gecko_wait_message      0x0800d351    0xdc  Code  Gb  gecko_bglib.o [1]
gecko_wait_response     0x0800d495    0x16  Code  Gb  gecko_bglib.o [1]
hadc                    0x20003270    0x54  Data  Gb  adc.o [1]
hatoi                   0x08001f23    0x58  Code  Gb  parser.o [1]
hdma_adc                0x20003380    0x38  Data  Gb  adc.o [1]
hi2c1                   0x20003344    0x3c  Data  Gb  i2c.o [1]
hpcd_USB_FS             0x20002ba0   0x220  Data  Gb  usbd_conf.o [1]
htim2                   0x200033f0    0x38  Data  Gb  tim.o [1]
htim3                   0x20003428    0x38  Data  Gb  tim.o [1]
htim4                   0x200033b8    0x38  Data  Gb  stm32l1xx_hal_timebase_TIM.o [1]
huart2                  0x200032c4    0x40  Data  Gb  usart.o [1]
huart3                  0x20003304    0x40  Data  Gb  usart.o [1]
hwwdg                   0x20003488    0x14  Data  Gb  wwdg.o [1]
isHexNum                0x08001ed9    0x4a  Code  Gb  parser.o [1]
ledOffCnt               0x20000044     0x4  Data  Lc  tim.o [1]
localeconv              0x0800de0f    0x16  Code  Gb  localeconv.o [3]
main                    0x08006f85   0x3c6  Code  Gb  main.o [1]
malloc                  0x0800d611    0xac  Code  Gb  xxmemxmalloc.o [3]
memchr                  0x0800d5ad          Code  Gb  memchr.o [5]
modf                    0x08009671          Code  Gb  modf.o [4]
modfl                   0x08009671          Code  Gb  modf.o [4]
osSystickHandler        0x080105dd    0x10  Code  Gb  cmsis_os.o [1]
prvResetNextTaskUnblockTime
                        0x08010415    0x28  Code  Lc  tasks.o [1]
pxCurrentTCB            0x200034d4     0x4  Data  Gb  tasks.o [1]
pxDelayedTaskList       0x200034d8     0x4  Data  Lc  tasks.o [1]
pxOverflowDelayedTaskList
                        0x200034dc     0x4  Data  Lc  tasks.o [1]
pxReadyTasksLists       0x20002f5c    0x8c  Data  Lc  tasks.o [1]
round                   0x08009ad5    0x44  Code  Gb  round.o [4]
sConfig                 0x2000349c     0xc  Data  Gb  adc.o [1]
saveLen                 0x20000048     0x4  Data  Lc  usart.o [1]
sprintf                 0x080026ed    0x34  Code  Gb  sprintf.o [3]
sqrt                    0x080064d9          Code  Gb  sqrt.o [4]
sqrtl                   0x080064d9          Code  Gb  sqrt.o [4]
strcat                  0x08002721    0x1c  Code  Gb  strcat.o [3]
strchr                  0x0800d595          Code  Gb  strchr.o [5]
strlen                  0x08001f85          Code  Gb  strlen.o [5]
ubSequenceCompleted     0x20003514     0x1  Data  Gb  adc.o [1]
ulPortSetInterruptMask  0x080104c3          Code  Gb  portasm.o [1]
uwTick                  0x200034d0     0x4  Data  Lc  stm32l1xx_hal.o [1]
uxListRemove            0x08010531    0x28  Code  Gb  list.o [1]
uxPendedTicks           0x200034ec     0x4  Data  Lc  tasks.o [1]
uxSchedulerSuspended    0x200034fc     0x4  Data  Lc  tasks.o [1]
uxTopReadyPriority      0x200034e4     0x4  Data  Lc  tasks.o [1]
vListInsertEnd          0x08010519    0x18  Code  Gb  list.o [1]
vPortClearInterruptMask
                        0x080104d1          Code  Gb  portasm.o [1]
vPortStartFirstTask     0x080104f7          Code  Gb  portasm.o [1]
vTaskSwitchContext      0x08010395    0x6c  Code  Gb  tasks.o [1]
wwdg_Save               0x20003508     0x4  Data  Lc  wwdg.o [1]
xNextTaskUnblockTime    0x200034f8     0x4  Data  Lc  tasks.o [1]
xNumOfOverflows         0x200034f4     0x4  Data  Lc  tasks.o [1]
xPortSysTickHandler     0x080105ed    0x1e  Code  Gb  port.o [1]
xSchedulerRunning       0x200034e8     0x4  Data  Lc  tasks.o [1]
xTaskGetSchedulerState  0x0801043d    0x26  Code  Gb  tasks.o [1]
xTaskIncrementTick      0x08010261   0x134  Code  Gb  tasks.o [1]
xTickCount              0x200034e0     0x4  Data  Lc  tasks.o [1]
xYieldPending           0x200034f0     0x4  Data  Lc  tasks.o [1]


[1] = D:\GoogleDriveCLT\GoogleDrive\WeatherCloud\Roadboard\Software\Road-Board-December-2016\EWARM\Road Brd MSTR Rev L Long Always\Obj
[2] = command line
[3] = dl7M_tlf.a
[4] = m7M_tl.a
[5] = rt7M_tl.a
[6] = shb_l.a

  67 644 bytes of readonly  code memory
   5 876 bytes of readonly  data memory
  13 597 bytes of readwrite data memory

Errors: none
Warnings: none
