###############################################################################
#
# IAR ELF Linker V7.60.2.11341/W32 for ARM                07/Sep/2017  11:28:35
# Copyright 2007-2016 IAR Systems AB.
#
#    Output file  =  
#        D:\GoogleDriveCLT\GoogleDrive\WeatherCloud\Roadboard\Software\Road-Board-December-2016N8\EWARM\Road
#        Brd MSTR Rev L Long Always\Exe\Road Board Rev K NUCLEO V1.1 Jul 12
#        2016.out
#    Map file     =  
#        D:\GoogleDriveCLT\GoogleDrive\WeatherCloud\Roadboard\Software\Road-Board-December-2016N8\EWARM\Road
#        Brd MSTR Rev L Long Always\List\Road Board Rev K NUCLEO V1.1 Jul 12
#        2016.map
#    Command line =  
#        "D:\GoogleDriveCLT\GoogleDrive\WeatherCloud\Roadboard\Software\Road-Board-December-2016N8\EWARM\Road
#        Brd MSTR Rev L Long Always\Obj\adc.o"
#        "D:\GoogleDriveCLT\GoogleDrive\WeatherCloud\Roadboard\Software\Road-Board-December-2016N8\EWARM\Road
#        Brd MSTR Rev L Long Always\Obj\app_data.o"
#        "D:\GoogleDriveCLT\GoogleDrive\WeatherCloud\Roadboard\Software\Road-Board-December-2016N8\EWARM\Road
#        Brd MSTR Rev L Long Always\Obj\barometer.o"
#        "D:\GoogleDriveCLT\GoogleDrive\WeatherCloud\Roadboard\Software\Road-Board-December-2016N8\EWARM\Road
#        Brd MSTR Rev L Long Always\Obj\bgm111.o"
#        "D:\GoogleDriveCLT\GoogleDrive\WeatherCloud\Roadboard\Software\Road-Board-December-2016N8\EWARM\Road
#        Brd MSTR Rev L Long Always\Obj\Calibration.o"
#        "D:\GoogleDriveCLT\GoogleDrive\WeatherCloud\Roadboard\Software\Road-Board-December-2016N8\EWARM\Road
#        Brd MSTR Rev L Long Always\Obj\cmsis_os.o"
#        "D:\GoogleDriveCLT\GoogleDrive\WeatherCloud\Roadboard\Software\Road-Board-December-2016N8\EWARM\Road
#        Brd MSTR Rev L Long Always\Obj\croutine.o"
#        "D:\GoogleDriveCLT\GoogleDrive\WeatherCloud\Roadboard\Software\Road-Board-December-2016N8\EWARM\Road
#        Brd MSTR Rev L Long Always\Obj\dma.o"
#        "D:\GoogleDriveCLT\GoogleDrive\WeatherCloud\Roadboard\Software\Road-Board-December-2016N8\EWARM\Road
#        Brd MSTR Rev L Long Always\Obj\ErrorCodes.o"
#        "D:\GoogleDriveCLT\GoogleDrive\WeatherCloud\Roadboard\Software\Road-Board-December-2016N8\EWARM\Road
#        Brd MSTR Rev L Long Always\Obj\event_groups.o"
#        "D:\GoogleDriveCLT\GoogleDrive\WeatherCloud\Roadboard\Software\Road-Board-December-2016N8\EWARM\Road
#        Brd MSTR Rev L Long Always\Obj\fix_fft.o"
#        "D:\GoogleDriveCLT\GoogleDrive\WeatherCloud\Roadboard\Software\Road-Board-December-2016N8\EWARM\Road
#        Brd MSTR Rev L Long Always\Obj\Flash.o"
#        "D:\GoogleDriveCLT\GoogleDrive\WeatherCloud\Roadboard\Software\Road-Board-December-2016N8\EWARM\Road
#        Brd MSTR Rev L Long Always\Obj\freertos.o"
#        "D:\GoogleDriveCLT\GoogleDrive\WeatherCloud\Roadboard\Software\Road-Board-December-2016N8\EWARM\Road
#        Brd MSTR Rev L Long Always\Obj\gecko_bglib.o"
#        "D:\GoogleDriveCLT\GoogleDrive\WeatherCloud\Roadboard\Software\Road-Board-December-2016N8\EWARM\Road
#        Brd MSTR Rev L Long Always\Obj\gpio.o"
#        "D:\GoogleDriveCLT\GoogleDrive\WeatherCloud\Roadboard\Software\Road-Board-December-2016N8\EWARM\Road
#        Brd MSTR Rev L Long Always\Obj\GridEye.o"
#        "D:\GoogleDriveCLT\GoogleDrive\WeatherCloud\Roadboard\Software\Road-Board-December-2016N8\EWARM\Road
#        Brd MSTR Rev L Long Always\Obj\heap_4.o"
#        "D:\GoogleDriveCLT\GoogleDrive\WeatherCloud\Roadboard\Software\Road-Board-December-2016N8\EWARM\Road
#        Brd MSTR Rev L Long Always\Obj\Humidity.o"
#        "D:\GoogleDriveCLT\GoogleDrive\WeatherCloud\Roadboard\Software\Road-Board-December-2016N8\EWARM\Road
#        Brd MSTR Rev L Long Always\Obj\i2c.o"
#        "D:\GoogleDriveCLT\GoogleDrive\WeatherCloud\Roadboard\Software\Road-Board-December-2016N8\EWARM\Road
#        Brd MSTR Rev L Long Always\Obj\list.o"
#        "D:\GoogleDriveCLT\GoogleDrive\WeatherCloud\Roadboard\Software\Road-Board-December-2016N8\EWARM\Road
#        Brd MSTR Rev L Long Always\Obj\lps25hb.o"
#        "D:\GoogleDriveCLT\GoogleDrive\WeatherCloud\Roadboard\Software\Road-Board-December-2016N8\EWARM\Road
#        Brd MSTR Rev L Long Always\Obj\main.o"
#        "D:\GoogleDriveCLT\GoogleDrive\WeatherCloud\Roadboard\Software\Road-Board-December-2016N8\EWARM\Road
#        Brd MSTR Rev L Long Always\Obj\parser.o"
#        "D:\GoogleDriveCLT\GoogleDrive\WeatherCloud\Roadboard\Software\Road-Board-December-2016N8\EWARM\Road
#        Brd MSTR Rev L Long Always\Obj\port.o"
#        "D:\GoogleDriveCLT\GoogleDrive\WeatherCloud\Roadboard\Software\Road-Board-December-2016N8\EWARM\Road
#        Brd MSTR Rev L Long Always\Obj\portasm.o"
#        "D:\GoogleDriveCLT\GoogleDrive\WeatherCloud\Roadboard\Software\Road-Board-December-2016N8\EWARM\Road
#        Brd MSTR Rev L Long Always\Obj\queue.o"
#        "D:\GoogleDriveCLT\GoogleDrive\WeatherCloud\Roadboard\Software\Road-Board-December-2016N8\EWARM\Road
#        Brd MSTR Rev L Long Always\Obj\Rd_Sound.o"
#        "D:\GoogleDriveCLT\GoogleDrive\WeatherCloud\Roadboard\Software\Road-Board-December-2016N8\EWARM\Road
#        Brd MSTR Rev L Long Always\Obj\RGBLight.o"
#        "D:\GoogleDriveCLT\GoogleDrive\WeatherCloud\Roadboard\Software\Road-Board-December-2016N8\EWARM\Road
#        Brd MSTR Rev L Long Always\Obj\startup_stm32l152xe.o"
#        "D:\GoogleDriveCLT\GoogleDrive\WeatherCloud\Roadboard\Software\Road-Board-December-2016N8\EWARM\Road
#        Brd MSTR Rev L Long Always\Obj\stm32l1xx_hal.o"
#        "D:\GoogleDriveCLT\GoogleDrive\WeatherCloud\Roadboard\Software\Road-Board-December-2016N8\EWARM\Road
#        Brd MSTR Rev L Long Always\Obj\stm32l1xx_hal_adc.o"
#        "D:\GoogleDriveCLT\GoogleDrive\WeatherCloud\Roadboard\Software\Road-Board-December-2016N8\EWARM\Road
#        Brd MSTR Rev L Long Always\Obj\stm32l1xx_hal_adc_ex.o"
#        "D:\GoogleDriveCLT\GoogleDrive\WeatherCloud\Roadboard\Software\Road-Board-December-2016N8\EWARM\Road
#        Brd MSTR Rev L Long Always\Obj\stm32l1xx_hal_cortex.o"
#        "D:\GoogleDriveCLT\GoogleDrive\WeatherCloud\Roadboard\Software\Road-Board-December-2016N8\EWARM\Road
#        Brd MSTR Rev L Long Always\Obj\stm32l1xx_hal_dma.o"
#        "D:\GoogleDriveCLT\GoogleDrive\WeatherCloud\Roadboard\Software\Road-Board-December-2016N8\EWARM\Road
#        Brd MSTR Rev L Long Always\Obj\stm32l1xx_hal_flash.o"
#        "D:\GoogleDriveCLT\GoogleDrive\WeatherCloud\Roadboard\Software\Road-Board-December-2016N8\EWARM\Road
#        Brd MSTR Rev L Long Always\Obj\stm32l1xx_hal_flash_ex.o"
#        "D:\GoogleDriveCLT\GoogleDrive\WeatherCloud\Roadboard\Software\Road-Board-December-2016N8\EWARM\Road
#        Brd MSTR Rev L Long Always\Obj\stm32l1xx_hal_flash_ramfunc.o"
#        "D:\GoogleDriveCLT\GoogleDrive\WeatherCloud\Roadboard\Software\Road-Board-December-2016N8\EWARM\Road
#        Brd MSTR Rev L Long Always\Obj\stm32l1xx_hal_gpio.o"
#        "D:\GoogleDriveCLT\GoogleDrive\WeatherCloud\Roadboard\Software\Road-Board-December-2016N8\EWARM\Road
#        Brd MSTR Rev L Long Always\Obj\stm32l1xx_hal_i2c.o"
#        "D:\GoogleDriveCLT\GoogleDrive\WeatherCloud\Roadboard\Software\Road-Board-December-2016N8\EWARM\Road
#        Brd MSTR Rev L Long Always\Obj\stm32l1xx_hal_msp.o"
#        "D:\GoogleDriveCLT\GoogleDrive\WeatherCloud\Roadboard\Software\Road-Board-December-2016N8\EWARM\Road
#        Brd MSTR Rev L Long Always\Obj\stm32l1xx_hal_pcd.o"
#        "D:\GoogleDriveCLT\GoogleDrive\WeatherCloud\Roadboard\Software\Road-Board-December-2016N8\EWARM\Road
#        Brd MSTR Rev L Long Always\Obj\stm32l1xx_hal_pcd_ex.o"
#        "D:\GoogleDriveCLT\GoogleDrive\WeatherCloud\Roadboard\Software\Road-Board-December-2016N8\EWARM\Road
#        Brd MSTR Rev L Long Always\Obj\stm32l1xx_hal_pwr.o"
#        "D:\GoogleDriveCLT\GoogleDrive\WeatherCloud\Roadboard\Software\Road-Board-December-2016N8\EWARM\Road
#        Brd MSTR Rev L Long Always\Obj\stm32l1xx_hal_pwr_ex.o"
#        "D:\GoogleDriveCLT\GoogleDrive\WeatherCloud\Roadboard\Software\Road-Board-December-2016N8\EWARM\Road
#        Brd MSTR Rev L Long Always\Obj\stm32l1xx_hal_rcc.o"
#        "D:\GoogleDriveCLT\GoogleDrive\WeatherCloud\Roadboard\Software\Road-Board-December-2016N8\EWARM\Road
#        Brd MSTR Rev L Long Always\Obj\stm32l1xx_hal_rcc_ex.o"
#        "D:\GoogleDriveCLT\GoogleDrive\WeatherCloud\Roadboard\Software\Road-Board-December-2016N8\EWARM\Road
#        Brd MSTR Rev L Long Always\Obj\stm32l1xx_hal_tim.o"
#        "D:\GoogleDriveCLT\GoogleDrive\WeatherCloud\Roadboard\Software\Road-Board-December-2016N8\EWARM\Road
#        Brd MSTR Rev L Long Always\Obj\stm32l1xx_hal_tim_ex.o"
#        "D:\GoogleDriveCLT\GoogleDrive\WeatherCloud\Roadboard\Software\Road-Board-December-2016N8\EWARM\Road
#        Brd MSTR Rev L Long Always\Obj\stm32l1xx_hal_timebase_TIM.o"
#        "D:\GoogleDriveCLT\GoogleDrive\WeatherCloud\Roadboard\Software\Road-Board-December-2016N8\EWARM\Road
#        Brd MSTR Rev L Long Always\Obj\stm32l1xx_hal_uart.o"
#        "D:\GoogleDriveCLT\GoogleDrive\WeatherCloud\Roadboard\Software\Road-Board-December-2016N8\EWARM\Road
#        Brd MSTR Rev L Long Always\Obj\stm32l1xx_hal_wwdg.o"
#        "D:\GoogleDriveCLT\GoogleDrive\WeatherCloud\Roadboard\Software\Road-Board-December-2016N8\EWARM\Road
#        Brd MSTR Rev L Long Always\Obj\stm32l1xx_it.o"
#        "D:\GoogleDriveCLT\GoogleDrive\WeatherCloud\Roadboard\Software\Road-Board-December-2016N8\EWARM\Road
#        Brd MSTR Rev L Long Always\Obj\stm32l1xx_nucleo.o"
#        "D:\GoogleDriveCLT\GoogleDrive\WeatherCloud\Roadboard\Software\Road-Board-December-2016N8\EWARM\Road
#        Brd MSTR Rev L Long Always\Obj\system_stm32l1xx.o"
#        "D:\GoogleDriveCLT\GoogleDrive\WeatherCloud\Roadboard\Software\Road-Board-December-2016N8\EWARM\Road
#        Brd MSTR Rev L Long Always\Obj\tasks.o"
#        "D:\GoogleDriveCLT\GoogleDrive\WeatherCloud\Roadboard\Software\Road-Board-December-2016N8\EWARM\Road
#        Brd MSTR Rev L Long Always\Obj\Temperature.o"
#        "D:\GoogleDriveCLT\GoogleDrive\WeatherCloud\Roadboard\Software\Road-Board-December-2016N8\EWARM\Road
#        Brd MSTR Rev L Long Always\Obj\tim.o"
#        "D:\GoogleDriveCLT\GoogleDrive\WeatherCloud\Roadboard\Software\Road-Board-December-2016N8\EWARM\Road
#        Brd MSTR Rev L Long Always\Obj\timers.o"
#        "D:\GoogleDriveCLT\GoogleDrive\WeatherCloud\Roadboard\Software\Road-Board-December-2016N8\EWARM\Road
#        Brd MSTR Rev L Long Always\Obj\usart.o"
#        "D:\GoogleDriveCLT\GoogleDrive\WeatherCloud\Roadboard\Software\Road-Board-December-2016N8\EWARM\Road
#        Brd MSTR Rev L Long Always\Obj\usb_device.o"
#        "D:\GoogleDriveCLT\GoogleDrive\WeatherCloud\Roadboard\Software\Road-Board-December-2016N8\EWARM\Road
#        Brd MSTR Rev L Long Always\Obj\usbd_cdc.o"
#        "D:\GoogleDriveCLT\GoogleDrive\WeatherCloud\Roadboard\Software\Road-Board-December-2016N8\EWARM\Road
#        Brd MSTR Rev L Long Always\Obj\usbd_cdc_if.o"
#        "D:\GoogleDriveCLT\GoogleDrive\WeatherCloud\Roadboard\Software\Road-Board-December-2016N8\EWARM\Road
#        Brd MSTR Rev L Long Always\Obj\usbd_conf.o"
#        "D:\GoogleDriveCLT\GoogleDrive\WeatherCloud\Roadboard\Software\Road-Board-December-2016N8\EWARM\Road
#        Brd MSTR Rev L Long Always\Obj\usbd_core.o"
#        "D:\GoogleDriveCLT\GoogleDrive\WeatherCloud\Roadboard\Software\Road-Board-December-2016N8\EWARM\Road
#        Brd MSTR Rev L Long Always\Obj\usbd_ctlreq.o"
#        "D:\GoogleDriveCLT\GoogleDrive\WeatherCloud\Roadboard\Software\Road-Board-December-2016N8\EWARM\Road
#        Brd MSTR Rev L Long Always\Obj\usbd_desc.o"
#        "D:\GoogleDriveCLT\GoogleDrive\WeatherCloud\Roadboard\Software\Road-Board-December-2016N8\EWARM\Road
#        Brd MSTR Rev L Long Always\Obj\usbd_ioreq.o"
#        "D:\GoogleDriveCLT\GoogleDrive\WeatherCloud\Roadboard\Software\Road-Board-December-2016N8\EWARM\Road
#        Brd MSTR Rev L Long Always\Obj\VMonitor.o"
#        "D:\GoogleDriveCLT\GoogleDrive\WeatherCloud\Roadboard\Software\Road-Board-December-2016N8\EWARM\Road
#        Brd MSTR Rev L Long Always\Obj\wwdg.o" --redirect _Printf=_PrintfFull
#        --redirect _Scanf=_ScanfFull -o
#        "D:\GoogleDriveCLT\GoogleDrive\WeatherCloud\Roadboard\Software\Road-Board-December-2016N8\EWARM\Road
#        Brd MSTR Rev L Long Always\Exe\Road Board Rev K NUCLEO V1.1 Jul 12
#        2016.out" --map
#        "D:\GoogleDriveCLT\GoogleDrive\WeatherCloud\Roadboard\Software\Road-Board-December-2016N8\EWARM\Road
#        Brd MSTR Rev L Long Always\List\Road Board Rev K NUCLEO V1.1 Jul 12
#        2016.map" --config
#        D:\GoogleDriveCLT\GoogleDrive\WeatherCloud\Roadboard\Software\Road-Board-December-2016N8\EWARM/stm32l152xe_flash.icf
#        --semihosting --entry __iar_program_start --vfe
#
###############################################################################

*******************************************************************************
*** RUNTIME MODEL ATTRIBUTES
***

CppFlavor                     = *
__Heap_Handler                = Basic
__SystemLibrary               = DLib
__dlib_dynamic_initialization = normal


*******************************************************************************
*** PLACEMENT SUMMARY
***

"A1":  place at 0x08000000 { ro section .intvec };
"P1":  place in [from 0x08000000 to 0x0807ffff] { ro };
"P2":  place in [from 0x20000000 to 0x20013fff] { rw, block CSTACK, block HEAP };
initialize by copy { rw };

  Section             Kind        Address     Size  Object
  -------             ----        -------     ----  ------
"A1":                                        0x124
  .intvec             ro code  0x08000000    0x124  startup_stm32l152xe.o [1]
                             - 0x08000124    0x124

"P1":                                      0x18248
  .text               ro code  0x08000124   0x2fa0  parser.o [1]
  .text               ro code  0x080030c4     0x36  strlen.o [5]
  .text               ro code  0x080030fa     0x1e  xsscin.o [3]
  .text               ro code  0x08003118     0x44  strcpy_unaligned.o [5]
  .text               ro code  0x0800315c    0x4bc  usart.o [1]
  .text               ro code  0x08003618    0x884  bgm111.o [1]
  .text               ro code  0x08003e9c    0x240  Rd_Sound.o [1]
  .text               ro code  0x080040dc     0x34  sprintf.o [3]
  .text               ro code  0x08004110     0x1c  strcat.o [3]
  .text               ro code  0x0800412c    0x278  barometer.o [1]
  .text               ro code  0x080043a4   0x1424  app_data.o [1]
  .text               ro code  0x080057c8   0x1aac  GridEye.o [1]
  .text               ro code  0x08007274    0x874  VMonitor.o [1]
  .text               ro code  0x08007ae8    0xcbc  Humidity.o [1]
  .text               ro code  0x080087a4    0x2b4  Temperature.o [1]
  .text               ro code  0x08008a58    0x328  RGBLight.o [1]
  .text               ro code  0x08008d80    0x1c4  gpio.o [1]
  .text               ro code  0x08008f44    0x4e0  i2c.o [1]
  .text               ro code  0x08009424     0x24  sscanf.o [3]
  .text               ro code  0x08009448     0x4e  FltToDbl.o [4]
  .text               ro code  0x08009496     0x2c  strncmp.o [3]
  .text               ro code  0x080094c2      0xa  xsprout.o [3]
  .text               ro code  0x080094cc    0x140  Calibration.o [1]
  .text               ro code  0x0800960c    0x1b0  stm32l1xx_hal_cortex.o [1]
  .text               ro code  0x080097bc      0xa  isdigit.o [3]
  .text               ro code  0x080097c6      0x8  atoi.o [3]
  .text               ro code  0x080097d0    0x1f4  wwdg.o [1]
  .text               ro code  0x080099c4     0x32  I32ToFlt.o [4]
  .text               ro code  0x080099f8     0xfc  FltDiv.o [4]
  .text               ro code  0x08009af4    0x8ec  stm32l1xx_hal_uart.o [1]
  .text               ro code  0x0800a3e0    0x6da  main.o [1]
  .text               ro code  0x0800aabc    0x378  stm32l1xx_hal_gpio.o [1]
  .text               ro code  0x0800ae34    0x1b0  gecko_bglib.o [1]
  .text               ro code  0x0800afe4    0x13e  ErrorCodes.o [1]
  .text               ro code  0x0800b124    0x2bc  adc.o [1]
  .text               ro code  0x0800b3e0    0x1ac  fix_fft.o [1]
  .text               ro code  0x0800b58c     0xd8  FltMul.o [4]
  .text               ro code  0x0800b664     0x84  FltAdd.o [4]
  .text               ro code  0x0800b6e8     0xf0  sqrt.o [4]
  .text               ro code  0x0800b7d8     0x90  DblToFlt.o [4]
  .text               ro code  0x0800b868     0x44  FltToS32.o [4]
  .text               ro code  0x0800b8ac   0x119e  xprintffull.o [3]
  .text               ro code  0x0800ca4c    0x248  lps25hb.o [1]
  .text               ro code  0x0800cc94    0x1a2  DblMul.o [4]
  .text               ro code  0x0800ce38     0x58  DblToI32.o [4]
  .text               ro code  0x0800ce90     0xb8  modf.o [4]
  .text               ro code  0x0800cf48     0xe8  DblAdd.o [4]
  .text               ro code  0x0800d030     0x42  strcmp_unaligned.o [5]
  .text               ro code  0x0800d074     0x48  stm32l1xx_hal.o [1]
  .text               ro code  0x0800d0bc     0x6c  strncpy_unaligned.o [5]
  .text               ro code  0x0800d128     0x44  round.o [4]
  .text               ro code  0x0800d16c     0x24  FltCmpGe.o [4]
  .text               ro code  0x0800d190     0x30  I32ToDbl.o [4]
  .text               ro code  0x0800d1c0   0x1018  stm32l1xx_hal_i2c.o [1]
  .text               ro code  0x0800e1d8    0xcf0  xscanffull.o [3]
  .text               ro code  0x0800eec8    0x158  Flash.o [1]
  .text               ro code  0x0800f020    0x198  xstoul.o [3]
  .text               ro code  0x0800f1b8     0xd6  stm32l1xx_hal_wwdg.o [1]
  .text               ro code  0x0800f290    0x24c  tim.o [1]
  .text               ro code  0x0800f4dc    0xcd4  stm32l1xx_hal_rcc.o [1]
  .text               ro code  0x080101b0     0x30  dma.o [1]
  .text               ro code  0x080101e0    0x82a  stm32l1xx_hal_adc.o [1]
  .text               ro code  0x08010a0c    0xefe  stm32l1xx_hal_dma.o [1]
  .text               ro code  0x0801190a     0x1c  fix_fft.o [1]
  .text               ro code  0x08011928     0xd6  FltSub.o [4]
  .text               ro code  0x08011a00      0xc  iarEdom.o [5]
  .text               ro code  0x08011a0c     0x20  xmbtowc.o [3]
  .text               ro code  0x08011a2c     0x16  strchr.o [5]
  .text               ro code  0x08011a44     0x58  memchr.o [5]
  .text               ro code  0x08011a9c      0xa  xmbcurmax.o [3]
  .text               ro code  0x08011aa8     0xb0  xxmemxmalloc.o [3]
  .text               ro code  0x08011b58     0x1a  xwctomb.o [3]
  .text               ro code  0x08011b74     0x76  ABImemcpy_unaligned.o [5]
  .text               ro code  0x08011bec     0x80  xxmemxfree.o [3]
  .text               ro code  0x08011c6c     0xee  I64DivMod.o [5]
  .text               ro code  0x08011d5a     0x44  xdnorm.o [4]
  .text               ro code  0x08011da0     0x2e  DblCmpLe.o [4]
  .text               ro code  0x08011dd0     0x2e  DblCmpGe.o [4]
  .text               ro code  0x08011e00    0x10c  xdscale.o [4]
  .text               ro code  0x08011f0c    0x180  DblSub.o [4]
  .text               ro code  0x0801208c    0x256  DblDiv.o [4]
  .text               ro code  0x080122e4     0x6c  localeconv.o [3]
  .text               ro code  0x08012350      0xe  div.o [3]
  .text               ro code  0x08012360     0x90  stm32l1xx_hal_timebase_TIM.o [1]
  .text               ro code  0x080123f0     0x98  stm32l1xx_hal_msp.o [1]
  .text               ro code  0x08012488     0x5e  ABImemset.o [5]
  .text               ro code  0x080124e6     0x7a  xdint.o [4]
  .text               ro code  0x08012560     0x40  xwctob.o [3]
  .text               ro code  0x080125a0     0x28  isxxx.o [3]
  .text               ro code  0x080125c8     0xa6  xstoll.o [3]
  .text               ro code  0x08012670    0x1b0  xstoull.o [3]
  .text               ro code  0x08012820    0x14c  xstold.o [4]
  .text               ro code  0x0801296c    0x198  stm32l1xx_hal_flash.o [1]
  .text               ro code  0x08012b04     0x5e  ceil.o [4]
  .text               ro code  0x08012b64     0xcc  stm32l1xx_hal_flash_ex.o [1]
  .text               ro code  0x08012c30     0x14  tolower.o [3]
  .text               ro code  0x08012c44      0xc  errno.o [3]
  .text               ro code  0x08012c50    0x3da  stm32l1xx_hal_tim.o [1]
  .text               ro code  0x0801302a     0x5e  stm32l1xx_hal_tim_ex.o [1]
  .text               ro code  0x08013088     0x10  stm32l1xx_hal_pwr_ex.o [1]
  .text               ro code  0x08013098     0x28  setlocale.o [3]
  .text               ro code  0x080130c0     0x60  xencoding_sb.o [3]
  .text               ro code  0x08013120     0x2c  xgetmemchunk.o [3]
  .text               ro code  0x0801314c      0x2  I64DivZer.o [5]
  .text               ro code  0x0801314e      0x2  xtls.o [3]
  .text               ro code  0x08013150     0x16  xlocale_c.o [3]
  .text               ro code  0x08013166     0x14  xlocale_c.o [3]
  .text               ro code  0x0801317a    0x122  xstopfx.o [3]
  .text               ro code  0x0801329c    0x1d0  xstoflt.o [3]
  .text               ro code  0x08013470    0x200  xdtento.o [4]
  .text               ro code  0x08013670    0x234  xstoxflt.o [3]
  .text               ro code  0x080138a4      0xc  xlocale_c.o [3]
  .text               ro code  0x080138b0     0x20  DblCmpEq.o [4]
  .text               ro code  0x080138d0     0x52  xdunscal.o [4]
  .text               ro code  0x08013922   0x1074  stm32l1xx_hal_pcd.o [1]
  .text               ro code  0x08014998    0x198  usbd_conf.o [1]
  .text               ro code  0x08014b30    0x2c8  usbd_core.o [1]
  .text               ro code  0x08014df8    0x608  usbd_ctlreq.o [1]
  .text               ro code  0x08015400     0x90  usbd_ioreq.o [1]
  .text               ro code  0x08015490    0x224  tasks.o [1]
  CODE                ro code  0x080156b4     0x94  portasm.o [1]
  .text               ro code  0x08015748     0x40  list.o [1]
  .rodata             const    0x08015788     0xc0  fix_fft.o [1]
  .text               ro code  0x08015848     0x84  stm32l1xx_it.o [1]
  .text               ro code  0x080158cc     0x10  cmsis_os.o [1]
  .text               ro code  0x080158dc     0x24  port.o [1]
  .rodata             const    0x08015900     0x64  Calibration.o [1]
  .text               ro code  0x08015964     0x64  system_stm32l1xx.o [1]
  .rodata             const    0x080159c8     0x5c  ErrorCodes.o [1]
  .rodata             const    0x08015a24     0x48  parser.o [1]
  .rodata             const    0x08015a6c     0x48  parser.o [1]
  .rodata             const    0x08015ab4     0x44  parser.o [1]
  .rodata             const    0x08015af8     0x44  parser.o [1]
  .rodata             const    0x08015b3c     0x44  parser.o [1]
  .rodata             const    0x08015b80     0x40  main.o [1]
  .rodata             const    0x08015bc0     0x40  main.o [1]
  .rodata             const    0x08015c00     0x40  parser.o [1]
  .rodata             const    0x08015c40     0x40  parser.o [1]
  .rodata             const    0x08015c80     0x40  parser.o [1]
  .rodata             const    0x08015cc0     0x40  parser.o [1]
  .rodata             const    0x08015d00     0x40  parser.o [1]
  .rodata             const    0x08015d40     0x40  parser.o [1]
  .text               ro code  0x08015d80     0x40  zero_init3.o [5]
  .rodata             const    0x08015dc0     0x3c  parser.o [1]
  .rodata             const    0x08015dfc     0x3c  parser.o [1]
  .rodata             const    0x08015e38     0x3c  parser.o [1]
  .rodata             const    0x08015e74     0x3c  parser.o [1]
  .rodata             const    0x08015eb0     0x38  parser.o [1]
  .rodata             const    0x08015ee8     0x38  parser.o [1]
  .rodata             const    0x08015f20     0x38  parser.o [1]
  .rodata             const    0x08015f58     0x38  parser.o [1]
  .rodata             const    0x08015f90     0x38  parser.o [1]
  .text               ro code  0x08015fc8     0x38  packbits_init_single.o [5]
  .rodata             const    0x08016000     0x34  main.o [1]
  .rodata             const    0x08016034     0x34  parser.o [1]
  .rodata             const    0x08016068     0x34  parser.o [1]
  .rodata             const    0x0801609c     0x34  parser.o [1]
  .rodata             const    0x080160d0     0x34  parser.o [1]
  .rodata             const    0x08016104     0x30  parser.o [1]
  .rodata             const    0x08016134     0x30  parser.o [1]
  .rodata             const    0x08016164     0x30  parser.o [1]
  .rodata             const    0x08016194     0x30  parser.o [1]
  .rodata             const    0x080161c4     0x30  parser.o [1]
  .rodata             const    0x080161f4     0x30  parser.o [1]
  .rodata             const    0x08016224     0x30  parser.o [1]
  .rodata             const    0x08016254     0x30  parser.o [1]
  .rodata             const    0x08016284     0x2c  parser.o [1]
  .rodata             const    0x080162b0     0x2c  parser.o [1]
  .rodata             const    0x080162dc     0x2c  parser.o [1]
  .rodata             const    0x08016308     0x2c  parser.o [1]
  .rodata             const    0x08016334     0x2c  parser.o [1]
  .rodata             const    0x08016360     0x2c  parser.o [1]
  .rodata             const    0x0801638c     0x2c  parser.o [1]
  .rodata             const    0x080163b8     0x2c  parser.o [1]
  .rodata             const    0x080163e4     0x2c  parser.o [1]
  .rodata             const    0x08016410     0x2c  parser.o [1]
  .rodata             const    0x0801643c     0x2c  parser.o [1]
  .rodata             const    0x08016468     0x28  main.o [1]
  .rodata             const    0x08016490     0x28  main.o [1]
  .rodata             const    0x080164b8     0x28  main.o [1]
  .rodata             const    0x080164e0     0x28  parser.o [1]
  .rodata             const    0x08016508     0x28  parser.o [1]
  .rodata             const    0x08016530     0x28  parser.o [1]
  .rodata             const    0x08016558     0x28  parser.o [1]
  .rodata             const    0x08016580     0x28  parser.o [1]
  .rodata             const    0x080165a8     0x28  parser.o [1]
  .rodata             const    0x080165d0     0x28  parser.o [1]
  .rodata             const    0x080165f8     0x28  parser.o [1]
  .rodata             const    0x08016620     0x28  parser.o [1]
  .rodata             const    0x08016648     0x28  parser.o [1]
  .rodata             const    0x08016670     0x28  parser.o [1]
  .rodata             const    0x08016698     0x28  parser.o [1]
  .rodata             const    0x080166c0     0x28  parser.o [1]
  .rodata             const    0x080166e8     0x28  parser.o [1]
  .rodata             const    0x08016710     0x28  parser.o [1]
  .rodata             const    0x08016738     0x28  parser.o [1]
  .rodata             const    0x08016760     0x28  parser.o [1]
  .rodata             const    0x08016788     0x28  parser.o [1]
  .rodata             const    0x080167b0     0x28  parser.o [1]
  .rodata             const    0x080167d8     0x28  parser.o [1]
  .rodata             const    0x08016800     0x28  parser.o [1]
  .rodata             const    0x08016828     0x28  parser.o [1]
  .rodata             const    0x08016850     0x28  parser.o [1]
  .rodata             const    0x08016878     0x28  parser.o [1]
  .rodata             const    0x080168a0     0x28  parser.o [1]
  .rodata             const    0x080168c8     0x28  parser.o [1]
  .rodata             const    0x080168f0     0x28  parser.o [1]
  .rodata             const    0x08016918     0x28  parser.o [1]
  .rodata             const    0x08016940     0x28  parser.o [1]
  .rodata             const    0x08016968     0x28  parser.o [1]
  .rodata             const    0x08016990     0x28  parser.o [1]
  .rodata             const    0x080169b8     0x28  parser.o [1]
  .rodata             const    0x080169e0     0x28  parser.o [1]
  .rodata             const    0x08016a08     0x28  parser.o [1]
  .text               ro code  0x08016a30     0x28  data_init.o [5]
  .rodata             const    0x08016a58     0x24  parser.o [1]
  .rodata             const    0x08016a7c     0x24  parser.o [1]
  .rodata             const    0x08016aa0     0x24  parser.o [1]
  .rodata             const    0x08016ac4     0x24  parser.o [1]
  .rodata             const    0x08016ae8     0x24  parser.o [1]
  .rodata             const    0x08016b0c     0x24  parser.o [1]
  .rodata             const    0x08016b30     0x24  parser.o [1]
  .rodata             const    0x08016b54     0x24  parser.o [1]
  .rodata             const    0x08016b78     0x24  parser.o [1]
  .rodata             const    0x08016b9c     0x24  parser.o [1]
  .rodata             const    0x08016bc0     0x24  parser.o [1]
  .rodata             const    0x08016be4     0x24  parser.o [1]
  .rodata             const    0x08016c08     0x24  parser.o [1]
  .rodata             const    0x08016c2c     0x24  parser.o [1]
  .rodata             const    0x08016c50     0x24  parser.o [1]
  .rodata             const    0x08016c74     0x24  parser.o [1]
  .iar.init_table     const    0x08016c98     0x30  - Linker created -
  .rodata             const    0x08016cc8     0x20  app_data.o [1]
  .rodata             const    0x08016ce8     0x20  app_data.o [1]
  .rodata             const    0x08016d08     0x20  app_data.o [1]
  .rodata             const    0x08016d28     0x20  app_data.o [1]
  .rodata             const    0x08016d48     0x20  app_data.o [1]
  .rodata             const    0x08016d68     0x20  app_data.o [1]
  .rodata             const    0x08016d88     0x20  app_data.o [1]
  .rodata             const    0x08016da8     0x20  app_data.o [1]
  .rodata             const    0x08016dc8     0x20  app_data.o [1]
  .rodata             const    0x08016de8     0x20  app_data.o [1]
  .rodata             const    0x08016e08     0x20  app_data.o [1]
  .rodata             const    0x08016e28     0x20  app_data.o [1]
  .rodata             const    0x08016e48     0x20  app_data.o [1]
  .rodata             const    0x08016e68     0x20  app_data.o [1]
  .rodata             const    0x08016e88     0x20  app_data.o [1]
  .rodata             const    0x08016ea8     0x20  app_data.o [1]
  .rodata             const    0x08016ec8     0x20  app_data.o [1]
  .rodata             const    0x08016ee8     0x20  app_data.o [1]
  .rodata             const    0x08016f08     0x20  app_data.o [1]
  .rodata             const    0x08016f28     0x20  app_data.o [1]
  .rodata             const    0x08016f48     0x20  app_data.o [1]
  .rodata             const    0x08016f68     0x20  app_data.o [1]
  .rodata             const    0x08016f88     0x20  app_data.o [1]
  .rodata             const    0x08016fa8     0x20  app_data.o [1]
  .rodata             const    0x08016fc8     0x20  app_data.o [1]
  .rodata             const    0x08016fe8     0x20  app_data.o [1]
  .rodata             const    0x08017008     0x20  app_data.o [1]
  .rodata             const    0x08017028     0x20  app_data.o [1]
  .rodata             const    0x08017048     0x20  app_data.o [1]
  .rodata             const    0x08017068     0x20  bgm111.o [1]
  .rodata             const    0x08017088     0x20  bgm111.o [1]
  .rodata             const    0x080170a8     0x20  main.o [1]
  .rodata             const    0x080170c8     0x20  main.o [1]
  .rodata             const    0x080170e8     0x20  parser.o [1]
  .rodata             const    0x08017108     0x20  parser.o [1]
  .rodata             const    0x08017128     0x20  parser.o [1]
  .rodata             const    0x08017148     0x20  parser.o [1]
  .rodata             const    0x08017168     0x20  parser.o [1]
  .rodata             const    0x08017188     0x20  parser.o [1]
  .rodata             const    0x080171a8     0x20  parser.o [1]
  .rodata             const    0x080171c8     0x20  parser.o [1]
  .rodata             const    0x080171e8     0x20  parser.o [1]
  .rodata             const    0x08017208     0x20  parser.o [1]
  .rodata             const    0x08017228     0x20  parser.o [1]
  .rodata             const    0x08017248     0x20  parser.o [1]
  .rodata             const    0x08017268     0x20  parser.o [1]
  .rodata             const    0x08017288     0x20  parser.o [1]
  .rodata             const    0x080172a8     0x20  parser.o [1]
  .rodata             const    0x080172c8     0x20  parser.o [1]
  .rodata             const    0x080172e8     0x20  parser.o [1]
  .rodata             const    0x08017308     0x1c  bgm111.o [1]
  .rodata             const    0x08017324     0x1c  bgm111.o [1]
  .rodata             const    0x08017340     0x1c  bgm111.o [1]
  .rodata             const    0x0801735c     0x1c  ErrorCodes.o [1]
  .rodata             const    0x08017378     0x1c  parser.o [1]
  .rodata             const    0x08017394     0x1c  parser.o [1]
  .rodata             const    0x080173b0     0x1c  parser.o [1]
  .rodata             const    0x080173cc     0x1c  parser.o [1]
  .rodata             const    0x080173e8     0x1c  parser.o [1]
  .rodata             const    0x08017404     0x1c  parser.o [1]
  .rodata             const    0x08017420     0x1c  parser.o [1]
  .text               ro code  0x0801743c     0x1a  cmain.o [5]
  .text               ro code  0x08017456      0x4  low_level_init.o [3]
  .text               ro code  0x0801745a      0x4  exit.o [3]
  .text               ro code  0x08017460      0xa  cexit.o [5]
  .text               ro code  0x0801746c     0x14  exit.o [6]
  .rodata             const    0x08017480     0x18  app_data.o [1]
  .rodata             const    0x08017498     0x18  bgm111.o [1]
  .rodata             const    0x080174b0     0x18  parser.o [1]
  .rodata             const    0x080174c8     0x18  parser.o [1]
  .rodata             const    0x080174e0     0x18  parser.o [1]
  .rodata             const    0x080174f8     0x18  parser.o [1]
  .rodata             const    0x08017510     0x18  parser.o [1]
  .rodata             const    0x08017528     0x18  parser.o [1]
  .rodata             const    0x08017540     0x18  parser.o [1]
  .rodata             const    0x08017558     0x18  parser.o [1]
  .rodata             const    0x08017570     0x18  parser.o [1]
  .rodata             const    0x08017588     0x18  parser.o [1]
  .rodata             const    0x080175a0     0x18  parser.o [1]
  .rodata             const    0x080175b8     0x18  parser.o [1]
  .rodata             const    0x080175d0     0x18  parser.o [1]
  .rodata             const    0x080175e8     0x18  parser.o [1]
  .rodata             const    0x08017600     0x18  parser.o [1]
  .rodata             const    0x08017618     0x18  parser.o [1]
  .rodata             const    0x08017630     0x18  parser.o [1]
  .rodata             const    0x08017648     0x18  parser.o [1]
  .rodata             const    0x08017660     0x18  parser.o [1]
  .rodata             const    0x08017678     0x18  parser.o [1]
  .rodata             const    0x08017690     0x18  parser.o [1]
  .rodata             const    0x080176a8     0x18  parser.o [1]
  .rodata             const    0x080176c0     0x18  parser.o [1]
  .rodata             const    0x080176d8     0x18  parser.o [1]
  .rodata             const    0x080176f0     0x18  parser.o [1]
  .rodata             const    0x08017708     0x18  parser.o [1]
  .rodata             const    0x08017720     0x18  parser.o [1]
  .rodata             const    0x08017738     0x18  parser.o [1]
  .rodata             const    0x08017750     0x18  parser.o [1]
  .rodata             const    0x08017768     0x18  parser.o [1]
  .rodata             const    0x08017780     0x18  parser.o [1]
  .rodata             const    0x08017798     0x18  parser.o [1]
  .rodata             const    0x080177b0     0x18  parser.o [1]
  .rodata             const    0x080177c8     0x18  parser.o [1]
  .rodata             const    0x080177e0     0x18  parser.o [1]
  .rodata             const    0x080177f8     0x18  parser.o [1]
  .rodata             const    0x08017810     0x18  parser.o [1]
  .rodata             const    0x08017828     0x18  parser.o [1]
  .rodata             const    0x08017840     0x18  parser.o [1]
  .rodata             const    0x08017858     0x18  parser.o [1]
  .rodata             const    0x08017870     0x18  parser.o [1]
  .rodata             const    0x08017888     0x18  parser.o [1]
  .rodata             const    0x080178a0     0x18  parser.o [1]
  .rodata             const    0x080178b8     0x18  parser.o [1]
  .rodata             const    0x080178d0     0x18  parser.o [1]
  .rodata             const    0x080178e8     0x18  parser.o [1]
  .rodata             const    0x08017900     0x18  parser.o [1]
  .rodata             const    0x08017918     0x18  parser.o [1]
  .rodata             const    0x08017930     0x18  parser.o [1]
  .rodata             const    0x08017948     0x18  parser.o [1]
  .rodata             const    0x08017960     0x14  app_data.o [1]
  .rodata             const    0x08017974     0x14  app_data.o [1]
  .rodata             const    0x08017988     0x14  app_data.o [1]
  .rodata             const    0x0801799c     0x14  app_data.o [1]
  .rodata             const    0x080179b0     0x14  app_data.o [1]
  .rodata             const    0x080179c4     0x14  app_data.o [1]
  .rodata             const    0x080179d8     0x14  app_data.o [1]
  .rodata             const    0x080179ec     0x14  app_data.o [1]
  .rodata             const    0x08017a00     0x14  app_data.o [1]
  .rodata             const    0x08017a14     0x14  app_data.o [1]
  .rodata             const    0x08017a28     0x14  app_data.o [1]
  .rodata             const    0x08017a3c     0x14  app_data.o [1]
  .rodata             const    0x08017a50     0x14  app_data.o [1]
  .rodata             const    0x08017a64     0x14  app_data.o [1]
  .rodata             const    0x08017a78     0x14  app_data.o [1]
  .rodata             const    0x08017a8c     0x14  app_data.o [1]
  .rodata             const    0x08017aa0     0x14  app_data.o [1]
  .rodata             const    0x08017ab4     0x14  app_data.o [1]
  .rodata             const    0x08017ac8     0x14  app_data.o [1]
  .rodata             const    0x08017adc     0x14  app_data.o [1]
  .rodata             const    0x08017af0     0x14  app_data.o [1]
  .rodata             const    0x08017b04     0x14  app_data.o [1]
  .rodata             const    0x08017b18     0x14  app_data.o [1]
  .rodata             const    0x08017b2c     0x14  app_data.o [1]
  .rodata             const    0x08017b40     0x14  app_data.o [1]
  .rodata             const    0x08017b54     0x14  app_data.o [1]
  .rodata             const    0x08017b68     0x14  app_data.o [1]
  .rodata             const    0x08017b7c     0x14  app_data.o [1]
  .rodata             const    0x08017b90     0x14  bgm111.o [1]
  .rodata             const    0x08017ba4     0x14  bgm111.o [1]
  .rodata             const    0x08017bb8     0x14  bgm111.o [1]
  .rodata             const    0x08017bcc     0x14  bgm111.o [1]
  .rodata             const    0x08017be0     0x14  bgm111.o [1]
  .rodata             const    0x08017bf4     0x14  Calibration.o [1]
  .rodata             const    0x08017c08     0x14  ErrorCodes.o [1]
  .rodata             const    0x08017c1c     0x14  gpio.o [1]
  .rodata             const    0x08017c30     0x14  main.o [1]
  .rodata             const    0x08017c44     0x14  parser.o [1]
  .rodata             const    0x08017c58     0x14  parser.o [1]
  .rodata             const    0x08017c6c     0x14  parser.o [1]
  .rodata             const    0x08017c80     0x14  parser.o [1]
  .rodata             const    0x08017c94     0x14  parser.o [1]
  .rodata             const    0x08017ca8     0x14  parser.o [1]
  .rodata             const    0x08017cbc     0x14  parser.o [1]
  .rodata             const    0x08017cd0     0x14  parser.o [1]
  .rodata             const    0x08017ce4     0x14  parser.o [1]
  .rodata             const    0x08017cf8     0x14  parser.o [1]
  .rodata             const    0x08017d0c     0x14  parser.o [1]
  .rodata             const    0x08017d20     0x14  parser.o [1]
  .rodata             const    0x08017d34     0x14  parser.o [1]
  .rodata             const    0x08017d48     0x14  parser.o [1]
  .rodata             const    0x08017d5c     0x10  app_data.o [1]
  .rodata             const    0x08017d6c     0x10  bgm111.o [1]
  .rodata             const    0x08017d7c     0x10  bgm111.o [1]
  .rodata             const    0x08017d8c     0x10  bgm111.o [1]
  .rodata             const    0x08017d9c     0x10  bgm111.o [1]
  .rodata             const    0x08017dac     0x10  bgm111.o [1]
  .rodata             const    0x08017dbc     0x10  parser.o [1]
  .rodata             const    0x08017dcc     0x10  parser.o [1]
  .rodata             const    0x08017ddc     0x10  parser.o [1]
  .rodata             const    0x08017dec     0x10  parser.o [1]
  .rodata             const    0x08017dfc     0x10  parser.o [1]
  .rodata             const    0x08017e0c     0x10  system_stm32l1xx.o [1]
  .text               ro code  0x08017e1c     0x10  startup_stm32l152xe.o [1]
  .rodata             const    0x08017e2c      0xc  app_data.o [1]
  .rodata             const    0x08017e38      0xc  app_data.o [1]
  .rodata             const    0x08017e44      0xc  bgm111.o [1]
  .rodata             const    0x08017e50      0xc  bgm111.o [1]
  .rodata             const    0x08017e5c      0xc  bgm111.o [1]
  .rodata             const    0x08017e68      0xc  bgm111.o [1]
  .rodata             const    0x08017e74      0xc  bgm111.o [1]
  .rodata             const    0x08017e80      0xc  Calibration.o [1]
  .rodata             const    0x08017e8c      0xc  Calibration.o [1]
  .rodata             const    0x08017e98      0xc  Calibration.o [1]
  .rodata             const    0x08017ea4      0xc  Calibration.o [1]
  .rodata             const    0x08017eb0      0xc  Calibration.o [1]
  .rodata             const    0x08017ebc      0xc  Calibration.o [1]
  .rodata             const    0x08017ec8      0xc  Calibration.o [1]
  .rodata             const    0x08017ed4      0xc  Calibration.o [1]
  .rodata             const    0x08017ee0      0xc  Calibration.o [1]
  .rodata             const    0x08017eec      0xc  Calibration.o [1]
  .rodata             const    0x08017ef8      0xc  Calibration.o [1]
  .rodata             const    0x08017f04      0xc  Calibration.o [1]
  .rodata             const    0x08017f10      0xc  Calibration.o [1]
  .rodata             const    0x08017f1c      0xc  Calibration.o [1]
  .rodata             const    0x08017f28      0xc  Calibration.o [1]
  .rodata             const    0x08017f34      0xc  Calibration.o [1]
  .rodata             const    0x08017f40      0xc  Calibration.o [1]
  .rodata             const    0x08017f4c      0xc  Calibration.o [1]
  .rodata             const    0x08017f58      0xc  Calibration.o [1]
  .rodata             const    0x08017f64      0xc  main.o [1]
  .rodata             const    0x08017f70      0xc  parser.o [1]
  .rodata             const    0x08017f7c      0xc  parser.o [1]
  .rodata             const    0x08017f88      0xc  parser.o [1]
  .rodata             const    0x08017f94      0xc  parser.o [1]
  .rodata             const    0x08017fa0      0xc  parser.o [1]
  .rodata             const    0x08017fac      0xc  parser.o [1]
  .rodata             const    0x08017fb8      0xc  parser.o [1]
  .rodata             const    0x08017fc4      0xc  stm32l1xx_hal_rcc.o [1]
  .text               ro code  0x08017fd0      0xc  cstartup_M.o [5]
  .rodata             const    0x08017fdc      0x8  app_data.o [1]
  .rodata             const    0x08017fe4      0x8  app_data.o [1]
  .rodata             const    0x08017fec      0x8  app_data.o [1]
  .rodata             const    0x08017ff4      0x8  app_data.o [1]
  .rodata             const    0x08017ffc      0x8  barometer.o [1]
  .rodata             const    0x08018004      0x8  barometer.o [1]
  .rodata             const    0x0801800c      0x8  barometer.o [1]
  .rodata             const    0x08018014      0x8  barometer.o [1]
  .rodata             const    0x0801801c      0x8  bgm111.o [1]
  .rodata             const    0x08018024      0x8  bgm111.o [1]
  .rodata             const    0x0801802c      0x8  bgm111.o [1]
  .rodata             const    0x08018034      0x8  Calibration.o [1]
  .rodata             const    0x0801803c      0x8  Calibration.o [1]
  .rodata             const    0x08018044      0x8  Calibration.o [1]
  .rodata             const    0x0801804c      0x8  Calibration.o [1]
  .rodata             const    0x08018054      0x8  ErrorCodes.o [1]
  .rodata             const    0x0801805c      0x8  ErrorCodes.o [1]
  .rodata             const    0x08018064      0x8  ErrorCodes.o [1]
  .rodata             const    0x0801806c      0x8  ErrorCodes.o [1]
  .rodata             const    0x08018074      0x8  ErrorCodes.o [1]
  .rodata             const    0x0801807c      0x8  ErrorCodes.o [1]
  .rodata             const    0x08018084      0x8  ErrorCodes.o [1]
  .rodata             const    0x0801808c      0x8  ErrorCodes.o [1]
  .rodata             const    0x08018094      0x8  ErrorCodes.o [1]
  .rodata             const    0x0801809c      0x8  ErrorCodes.o [1]
  .rodata             const    0x080180a4      0x8  ErrorCodes.o [1]
  .rodata             const    0x080180ac      0x8  ErrorCodes.o [1]
  .rodata             const    0x080180b4      0x8  ErrorCodes.o [1]
  .rodata             const    0x080180bc      0x8  ErrorCodes.o [1]
  .rodata             const    0x080180c4      0x8  ErrorCodes.o [1]
  .rodata             const    0x080180cc      0x8  ErrorCodes.o [1]
  .rodata             const    0x080180d4      0x8  ErrorCodes.o [1]
  .rodata             const    0x080180dc      0x8  ErrorCodes.o [1]
  .rodata             const    0x080180e4      0x8  ErrorCodes.o [1]
  .rodata             const    0x080180ec      0x8  ErrorCodes.o [1]
  .rodata             const    0x080180f4      0x8  ErrorCodes.o [1]
  .rodata             const    0x080180fc      0x8  ErrorCodes.o [1]
  .rodata             const    0x08018104      0x8  ErrorCodes.o [1]
  .rodata             const    0x0801810c      0x8  GridEye.o [1]
  .rodata             const    0x08018114      0x8  GridEye.o [1]
  .rodata             const    0x0801811c      0x8  Humidity.o [1]
  .rodata             const    0x08018124      0x8  Humidity.o [1]
  .rodata             const    0x0801812c      0x8  Humidity.o [1]
  .rodata             const    0x08018134      0x8  main.o [1]
  .rodata             const    0x0801813c      0x8  main.o [1]
  .rodata             const    0x08018144      0x8  parser.o [1]
  .rodata             const    0x0801814c      0x8  parser.o [1]
  .rodata             const    0x08018154      0x8  parser.o [1]
  .rodata             const    0x0801815c      0x8  parser.o [1]
  .rodata             const    0x08018164      0x8  parser.o [1]
  .rodata             const    0x0801816c      0x8  parser.o [1]
  .rodata             const    0x08018174      0x8  parser.o [1]
  .rodata             const    0x0801817c      0x8  parser.o [1]
  .rodata             const    0x08018184      0x8  parser.o [1]
  .rodata             const    0x0801818c      0x8  parser.o [1]
  .rodata             const    0x08018194      0x8  parser.o [1]
  .rodata             const    0x0801819c      0x8  parser.o [1]
  .rodata             const    0x080181a4      0x8  parser.o [1]
  .rodata             const    0x080181ac      0x8  parser.o [1]
  .rodata             const    0x080181b4      0x8  parser.o [1]
  .rodata             const    0x080181bc      0x8  parser.o [1]
  .rodata             const    0x080181c4      0x8  parser.o [1]
  .rodata             const    0x080181cc      0x8  parser.o [1]
  .rodata             const    0x080181d4      0x8  parser.o [1]
  .rodata             const    0x080181dc      0x8  parser.o [1]
  .rodata             const    0x080181e4      0x8  parser.o [1]
  .rodata             const    0x080181ec      0x8  parser.o [1]
  .rodata             const    0x080181f4      0x8  parser.o [1]
  .rodata             const    0x080181fc      0x8  parser.o [1]
  .rodata             const    0x08018204      0x8  parser.o [1]
  .rodata             const    0x0801820c      0x8  Rd_Sound.o [1]
  .rodata             const    0x08018214      0x8  RGBLight.o [1]
  .rodata             const    0x0801821c      0x8  system_stm32l1xx.o [1]
  .rodata             const    0x08018224      0x8  Temperature.o [1]
  .rodata             const    0x0801822c      0x8  Temperature.o [1]
  .rodata             const    0x08018234      0x8  VMonitor.o [1]
  .rodata             const    0x0801823c      0x8  VMonitor.o [1]
  .rodata             const    0x08018244      0x8  VMonitor.o [1]
  .rodata             const    0x0801824c      0x4  stm32l1xx_hal_rcc.o [1]
  .text               ro code  0x08018250      0x4  startup_stm32l152xe.o [1]
  .text               ro code  0x08018254      0x4  startup_stm32l152xe.o [1]
  .text               ro code  0x08018258      0x4  startup_stm32l152xe.o [1]
  .text               ro code  0x0801825c      0x4  startup_stm32l152xe.o [1]
  .text               ro code  0x08018260      0x4  startup_stm32l152xe.o [1]
  .text               ro code  0x08018264      0x4  startup_stm32l152xe.o [1]
  .text               ro code  0x08018268      0x4  startup_stm32l152xe.o [1]
  .text               ro code  0x0801826c      0x4  startup_stm32l152xe.o [1]
  .text               ro code  0x08018270      0x4  startup_stm32l152xe.o [1]
  .text               ro code  0x08018274      0x4  startup_stm32l152xe.o [1]
  .text               ro code  0x08018278      0x4  startup_stm32l152xe.o [1]
  .text               ro code  0x0801827c      0x4  startup_stm32l152xe.o [1]
  .text               ro code  0x08018280      0x4  startup_stm32l152xe.o [1]
  .text               ro code  0x08018284      0x4  startup_stm32l152xe.o [1]
  .text               ro code  0x08018288      0x4  startup_stm32l152xe.o [1]
  .text               ro code  0x0801828c      0x4  startup_stm32l152xe.o [1]
  .text               ro code  0x08018290      0x4  startup_stm32l152xe.o [1]
  .text               ro code  0x08018294      0x4  startup_stm32l152xe.o [1]
  .text               ro code  0x08018298      0x4  startup_stm32l152xe.o [1]
  .text               ro code  0x0801829c      0x4  startup_stm32l152xe.o [1]
  .text               ro code  0x080182a0      0x4  startup_stm32l152xe.o [1]
  .text               ro code  0x080182a4      0x4  startup_stm32l152xe.o [1]
  .text               ro code  0x080182a8      0x4  startup_stm32l152xe.o [1]
  .text               ro code  0x080182ac      0x4  startup_stm32l152xe.o [1]
  .text               ro code  0x080182b0      0x4  startup_stm32l152xe.o [1]
  .text               ro code  0x080182b4      0x4  startup_stm32l152xe.o [1]
  .text               ro code  0x080182b8      0x4  startup_stm32l152xe.o [1]
  .text               ro code  0x080182bc      0x4  startup_stm32l152xe.o [1]
  .text               ro code  0x080182c0      0x4  startup_stm32l152xe.o [1]
  .text               ro code  0x080182c4      0x4  startup_stm32l152xe.o [1]
  .text               ro code  0x080182c8      0x4  startup_stm32l152xe.o [1]
  .text               ro code  0x080182cc      0x4  startup_stm32l152xe.o [1]
  .text               ro code  0x080182d0      0x4  startup_stm32l152xe.o [1]
  .text               ro code  0x080182d4      0x4  startup_stm32l152xe.o [1]
  .text               ro code  0x080182d8      0x4  startup_stm32l152xe.o [1]
  .text               ro code  0x080182dc      0x4  startup_stm32l152xe.o [1]
  .text               ro code  0x080182e0      0x4  startup_stm32l152xe.o [1]
  .text               ro code  0x080182e4      0x4  startup_stm32l152xe.o [1]
  .text               ro code  0x080182e8      0x4  startup_stm32l152xe.o [1]
  .text               ro code  0x080182ec      0x4  startup_stm32l152xe.o [1]
  .text               ro code  0x080182f0      0x4  startup_stm32l152xe.o [1]
  .text               ro code  0x080182f4      0x4  startup_stm32l152xe.o [1]
  .text               ro code  0x080182f8      0x4  startup_stm32l152xe.o [1]
  .text               ro code  0x080182fc      0x4  startup_stm32l152xe.o [1]
  .text               ro code  0x08018300      0x4  startup_stm32l152xe.o [1]
  .text               ro code  0x08018304      0x4  startup_stm32l152xe.o [1]
  .text               ro code  0x08018308      0x4  startup_stm32l152xe.o [1]
  .text               ro code  0x0801830c      0x4  startup_stm32l152xe.o [1]
  .text               ro code  0x08018310      0x4  startup_stm32l152xe.o [1]
  .text               ro code  0x08018314      0x4  startup_stm32l152xe.o [1]
  .rodata             const    0x08018318      0x0  zero_init3.o [5]
  .rodata             const    0x08018318      0x0  packbits_init_single.o [5]
  Initializer bytes   const    0x08018318     0x54  <for P2-1>
                             - 0x0801836c  0x18248

Absolute sections, part 1 of 2:               0x20
  .bss                zero     0x08070000     0x20  wwdg.o [1]
                             - 0x08070020     0x20

Absolute sections, part 2 of 2:               0xc8
  .bss                zero     0x08070100     0xc8  Calibration.o [1]
                             - 0x080701c8     0xc8

"P2", part 1 of 3:                           0x14c
  P2-1                         0x20000000    0x14c  <Init block>
    .data             inited   0x20000000      0xc  adc.o [1]
    .data             inited   0x2000000c      0x4  bgm111.o [1]
    .data             inited   0x20000010      0x4  bgm111.o [1]
    .data             inited   0x20000014     0x24  gpio.o [1]
    .data             inited   0x20000038      0x4  system_stm32l1xx.o [1]
    .data             inited   0x2000003c      0x4  tim.o [1]
    .data             inited   0x20000040      0x4  tim.o [1]
    .data             inited   0x20000044      0x4  tim.o [1]
    .data             inited   0x20000048      0x4  usart.o [1]
    __DLIB_PERTHREAD  inited   0x2000004c     0x88  localeconv.o [3]
    __DLIB_PERTHREAD  inited   0x200000d4      0x4  errno.o [3]
    __DLIB_PERTHREAD  inited   0x200000d8     0x74  setlocale.o [3]
                             - 0x2000014c    0x14c

"P2", part 2 of 3:                          0x1000
  CSTACK                       0x20000150   0x1000  <Block>
    CSTACK            uninit   0x20000150   0x1000  <Block tail>
  HEAP                         0x20001150      0x0  <Block>
                             - 0x20001150   0x1000

"P2", part 3 of 3:                          0x2530
  .bss                zero     0x20001150    0xf78  bgm111.o [1]
  .bss                zero     0x200020c8    0x324  bgm111.o [1]
  .bss                zero     0x200023ec    0x324  ErrorCodes.o [1]
  .bss                zero     0x20002710    0x248  app_data.o [1]
  .bss                zero     0x20002958    0x248  app_data.o [1]
  .bss                zero     0x20002ba0    0x220  usbd_conf.o [1]
  .bss                zero     0x20002dc0    0x1a0  bgm111.o [1]
  .bss                zero     0x20002f60     0xc8  Calibration.o [1]
  .bss                zero     0x20003028     0x8c  tasks.o [1]
  .bss                zero     0x200030b4     0x84  bgm111.o [1]
  .bss                zero     0x20003138     0x84  bgm111.o [1]
  .bss                zero     0x200031bc     0x80  Rd_Sound.o [1]
  .bss                zero     0x2000323c     0x80  Rd_Sound.o [1]
  .bss                zero     0x200032bc     0x80  Rd_Sound.o [1]
  .bss                zero     0x2000333c     0x54  adc.o [1]
  .bss                zero     0x20003390     0x40  usart.o [1]
  .bss                zero     0x200033d0     0x40  usart.o [1]
  .bss                zero     0x20003410     0x3c  i2c.o [1]
  .bss                zero     0x2000344c     0x38  adc.o [1]
  .bss                zero     0x20003484     0x38  stm32l1xx_hal_timebase_TIM.o [1]
  .bss                zero     0x200034bc     0x38  tim.o [1]
  .bss                zero     0x200034f4     0x38  tim.o [1]
  .bss                zero     0x2000352c     0x28  bgm111.o [1]
  .bss                zero     0x20003554     0x28  usart.o [1]
  .bss                zero     0x2000357c     0x20  wwdg.o [1]
  .bss                zero     0x2000359c     0x1c  Flash.o [1]
  .bss                zero     0x200035b8     0x18  stm32l1xx_hal_flash.o [1]
  .bss                zero     0x200035d0     0x14  wwdg.o [1]
  .bss                zero     0x200035e4      0xc  adc.o [1]
  .bss                zero     0x200035f0      0xc  app_data.o [1]
  .bss                zero     0x200035fc      0xc  Flash.o [1]
  .bss                zero     0x20003608      0x8  app_data.o [1]
  .bss                zero     0x20003610      0x8  xxmemxmalloc.o [3]
  .bss                zero     0x20003618      0x4  bgm111.o [1]
  .bss                zero     0x2000361c      0x4  bgm111.o [1]
  .bss                zero     0x20003620      0x4  bgm111.o [1]
  .bss                zero     0x20003624      0x4  bgm111.o [1]
  .bss                zero     0x20003628      0x4  bgm111.o [1]
  .bss                zero     0x2000362c      0x4  Flash.o [1]
  .bss                zero     0x20003630      0x4  stm32l1xx_hal.o [1]
  .bss                zero     0x20003634      0x4  tasks.o [1]
  .bss                zero     0x20003638      0x4  tasks.o [1]
  .bss                zero     0x2000363c      0x4  tasks.o [1]
  .bss                zero     0x20003640      0x4  tasks.o [1]
  .bss                zero     0x20003644      0x4  tasks.o [1]
  .bss                zero     0x20003648      0x4  tasks.o [1]
  .bss                zero     0x2000364c      0x4  tasks.o [1]
  .bss                zero     0x20003650      0x4  tasks.o [1]
  .bss                zero     0x20003654      0x4  tasks.o [1]
  .bss                zero     0x20003658      0x4  tasks.o [1]
  .bss                zero     0x2000365c      0x4  tasks.o [1]
  .bss                zero     0x20003660      0x4  usart.o [1]
  .bss                zero     0x20003664      0x4  usart.o [1]
  .bss                zero     0x20003668      0x4  wwdg.o [1]
  .bss                zero     0x2000366c      0x4  xgetmemchunk.o [3]
  .bss                zero     0x20003670      0x2  app_data.o [1]
  .bss                zero     0x20003672      0x2  app_data.o [1]
  .bss                zero     0x20003674      0x1  adc.o [1]
  .bss                zero     0x20003675      0x1  adc.o [1]
  .bss                zero     0x20003676      0x1  adc.o [1]
  .bss                zero     0x20003677      0x1  bgm111.o [1]
  .bss                zero     0x20003678      0x1  parser.o [1]
  .bss                zero     0x20003679      0x1  tim.o [1]
  .bss                zero     0x2000367a      0x1  tim.o [1]
  .bss                zero     0x2000367b      0x1  usart.o [1]
  .bss                zero     0x2000367c      0x1  usart.o [1]
  .bss                zero     0x2000367d      0x1  usart.o [1]
  .bss                zero     0x2000367e      0x1  usbd_ctlreq.o [1]
  .bss                zero     0x2000367f      0x1  wwdg.o [1]
                             - 0x20003680   0x2530


*******************************************************************************
*** INIT TABLE
***

          Address     Size
          -------     ----
Zero (__iar_zero_init3)
    3 destination ranges, total size 0x2618:
          0x08070000    0x20
          0x08070100    0xc8
          0x20001150  0x2530

Copy/packbits (__iar_packbits_init_single3)
    1 source range, total size 0x54 (25% of destination):
          0x08018318    0x54
    1 destination range, total size 0x14c:
          0x20000000   0x14c



*******************************************************************************
*** MODULE SUMMARY
***

    Module                        ro code  ro data  rw data  rw data
                                                              (abs)
    ------                        -------  -------  -------  -------
D:\GoogleDriveCLT\GoogleDrive\WeatherCloud\Roadboard\Software\Road-Board-December-2016N8\EWARM\Road Brd MSTR Rev L Long Always\Obj: [1]
    Calibration.o                     320      380      200      200
    ErrorCodes.o                      318      324      804
    Flash.o                           344                44
    GridEye.o                       6 828       16
    Humidity.o                      3 260       24
    RGBLight.o                        808        8
    Rd_Sound.o                        576        8      384
    Temperature.o                     692       16
    VMonitor.o                      2 164       24
    adc.o                             700        3      167
    app_data.o                      5 156    1 584    1 192
    barometer.o                       632       32
    bgm111.o                        2 180      438    5 513
    cmsis_os.o                         16
    dma.o                              48
    fix_fft.o                         456      192
    gecko_bglib.o                     432
    gpio.o                            452       29       36
    i2c.o                           1 248                60
    list.o                             64
    lps25hb.o                         584
    main.o                          1 754      412
    parser.o                       12 192    6 848        1
    port.o                             36
    portasm.o                         148
    startup_stm32l152xe.o             508
    stm32l1xx_hal.o                    72                 4
    stm32l1xx_hal_adc.o             2 090
    stm32l1xx_hal_cortex.o            432
    stm32l1xx_hal_dma.o             3 838
    stm32l1xx_hal_flash.o             408                24
    stm32l1xx_hal_flash_ex.o          204
    stm32l1xx_hal_gpio.o              888
    stm32l1xx_hal_i2c.o             4 120
    stm32l1xx_hal_msp.o               152
    stm32l1xx_hal_pcd.o             4 212
    stm32l1xx_hal_pwr_ex.o             16
    stm32l1xx_hal_rcc.o             3 284       16
    stm32l1xx_hal_tim.o               986
    stm32l1xx_hal_tim_ex.o             94
    stm32l1xx_hal_timebase_TIM.o      144                56
    stm32l1xx_hal_uart.o            2 284
    stm32l1xx_hal_wwdg.o              214
    stm32l1xx_it.o                    132
    system_stm32l1xx.o                100       25        4
    tasks.o                           548               184
    tim.o                             588        3      126
    usart.o                         1 212        1      183
    usbd_conf.o                       408               544
    usbd_core.o                       712
    usbd_ctlreq.o                   1 544                 1
    usbd_ioreq.o                      144
    wwdg.o                            500                57       32
    ----------------------------------------------------------------
    Total:                         71 242   10 383    9 584      232

command line: [2]
    ----------------------------------------------------------------
    Total:

dl7M_tlf.a: [3]
    atoi.o                              8
    div.o                              14
    errno.o                            12        1        4
    exit.o                              4
    isdigit.o                          10
    isxxx.o                            40
    localeconv.o                      108       34      136
    low_level_init.o                    4
    setlocale.o                        40       30      116
    sprintf.o                          52
    sscanf.o                           36
    strcat.o                           28
    strncmp.o                          44
    tolower.o                          20
    xencoding_sb.o                     96
    xgetmemchunk.o                     44                 4
    xlocale_c.o                        54
    xmbcurmax.o                        10
    xmbtowc.o                          32
    xprintffull.o                   4 510
    xscanffull.o                    3 312
    xsprout.o                          10
    xsscin.o                           30
    xstoflt.o                         464
    xstoll.o                          166
    xstopfx.o                         290
    xstoul.o                          408
    xstoull.o                         432
    xstoxflt.o                        564
    xtls.o                              2
    xwctob.o                           64
    xwctomb.o                          26
    xxmemxfree.o                      128
    xxmemxmalloc.o                    176                 8
    ----------------------------------------------------------------
    Total:                         11 238       65      268

m7M_tl.a: [4]
    DblAdd.o                          232
    DblCmpEq.o                         32
    DblCmpGe.o                         46
    DblCmpLe.o                         46
    DblDiv.o                          598
    DblMul.o                          418
    DblSub.o                          384
    DblToFlt.o                        144
    DblToI32.o                         88
    FltAdd.o                          132
    FltCmpGe.o                         36
    FltDiv.o                          252
    FltMul.o                          216
    FltSub.o                          214
    FltToDbl.o                         78
    FltToS32.o                         68
    I32ToDbl.o                         48
    I32ToFlt.o                         50
    ceil.o                             94
    modf.o                            184
    round.o                            68
    sqrt.o                            240
    xdint.o                           122
    xdnorm.o                           68
    xdscale.o                         268
    xdtento.o                         512
    xdunscal.o                         82
    xstold.o                          332
    ----------------------------------------------------------------
    Total:                          5 052

rt7M_tl.a: [5]
    ABImemcpy_unaligned.o             118
    ABImemset.o                        94
    I64DivMod.o                       238
    I64DivZer.o                         2
    cexit.o                            10
    cmain.o                            26
    cstartup_M.o                       12
    data_init.o                        40
    iarEdom.o                          12
    memchr.o                           88
    packbits_init_single.o             56
    strchr.o                           22
    strcmp_unaligned.o                 66
    strcpy_unaligned.o                 68
    strlen.o                           54
    strncpy_unaligned.o               108
    zero_init3.o                       64
    ----------------------------------------------------------------
    Total:                          1 078

shb_l.a: [6]
    exit.o                             20
    ----------------------------------------------------------------
    Total:                             20

    Gaps                               54
    Linker created                              48    4 096
--------------------------------------------------------------------
    Grand Total:                   88 684   10 496   13 948      232


*******************************************************************************
*** ENTRY LIST
***

Entry                      Address    Size  Type      Object
-----                      -------    ----  ----      ------
.iar.init_table$$Base   0x08016c98           --   Gb  - Linker created -
.iar.init_table$$Limit  0x08016cc8           --   Gb  - Linker created -
?main                   0x0801743d          Code  Gb  cmain.o [5]
ADC_Channel             0x20003676     0x1  Data  Lc  adc.o [1]
ADC_Config              0x0800b25b    0xbe  Code  Gb  adc.o [1]
ADC_ConversionStop_Disable
                        0x08010921    0x4a  Code  Gb  stm32l1xx_hal_adc.o [1]
ADC_DMAConvCplt         0x0801096d    0x6e  Code  Lc  stm32l1xx_hal_adc.o [1]
ADC_DMAError            0x080109ed    0x1e  Code  Lc  stm32l1xx_hal_adc.o [1]
ADC_DMAHalfConvCplt     0x080109dd     0xe  Code  Lc  stm32l1xx_hal_adc.o [1]
ADC_Enable              0x08010883    0x72  Code  Gb  stm32l1xx_hal_adc.o [1]
AHBPrescTable           0x08017e0c    0x10  Data  Gb  system_stm32l1xx.o [1]
APBPrescTable           0x0801821c     0x8  Data  Gb  system_stm32l1xx.o [1]
BGM111_Connected        0x08003961     0xa  Code  Gb  bgm111.o [1]
BGM111_DataConnected    0x0800396b     0xa  Code  Gb  bgm111.o [1]
BGM111_GetTackState     0x08003a51     0xa  Code  Gb  bgm111.o [1]
BGM111_Init             0x08003717    0x32  Code  Gb  bgm111.o [1]
BGM111_LowLevel_Init    0x08003659    0x48  Code  Gb  bgm111.o [1]
BGM111_Peek             0x0800370d     0xa  Code  Gb  bgm111.o [1]
BGM111_ProcessInput     0x08003749   0x20e  Code  Gb  bgm111.o [1]
BGM111_Ready            0x08003957     0xa  Code  Gb  bgm111.o [1]
BGM111_Receive          0x080036af    0x5e  Code  Gb  bgm111.o [1]
BGM111_SetSyncFlg       0x08003a31     0xa  Code  Gb  bgm111.o [1]
BGM111_SetTackState     0x08003a5b     0xa  Code  Gb  bgm111.o [1]
BGM111_SyncModeTest     0x08003975    0x98  Code  Gb  bgm111.o [1]
BGM111_SyncModeTestNoInc
                        0x08003a0d    0x24  Code  Gb  bgm111.o [1]
BGM111_Transmit         0x08003b01   0x11e  Code  Gb  bgm111.o [1]
BGM111_UART_IRQHandler  0x08003a65    0x90  Code  Gb  bgm111.o [1]
BGM111_cntrlSetSyncFlg  0x08003a3b    0x16  Code  Gb  bgm111.o [1]
Bypass                  0x20003678     0x1  Data  Lc  parser.o [1]
CSTACK$$Base            0x20000150           --   Gb  - Linker created -
CSTACK$$Limit           0x20001150           --   Gb  - Linker created -
Cal_Save_Frames         0x20002f60    0xc8  Data  Lc  Calibration.o [1]
Calibration_HardFrames  0x08070100    0xc8  Data  Gb  Calibration.o [1]
Clear_Timer2_Flg        0x0800f3f9     0x8  Code  Gb  tim.o [1]
ClrAnalyticsRepeat      0x08005675     0x8  Code  Gb  app_data.o [1]
ClrDataReady            0x0800447f     0xa  Code  Gb  app_data.o [1]
ClrDataStructure        0x080043d1    0xa4  Code  Gb  app_data.o [1]
Clr_HeartBeat           0x0800566d     0x8  Code  Gb  app_data.o [1]
Clr_HrtBeat_Cnt         0x0800564f     0x8  Code  Gb  app_data.o [1]
CodesArray              0x080159c8    0x5c  Data  Gb  ErrorCodes.o [1]
DMA1_Channel1_IRQHandler
                        0x08015851     0xa  Code  Gb  stm32l1xx_it.o [1]
DMA_SetConfig           0x080118e9    0x22  Code  Lc  stm32l1xx_hal_dma.o [1]
Error_Handler           0x0800aa8d    0x2e  Code  Gb  main.o [1]
FIX_MPY                 0x0801190b    0x1c  Code  Gb  fix_fft.o [1]
FLASH_PageErase         0x08012bff    0x28  Code  Gb  stm32l1xx_hal_flash_ex.o [1]
FLASH_SetErrorCode      0x08012a73    0x6a  Code  Lc  stm32l1xx_hal_flash.o [1]
FLASH_WaitForLastOperation
                        0x08012a0f    0x64  Code  Gb  stm32l1xx_hal_flash.o [1]
Get_DriverStates        0x08005549    0x66  Code  Gb  app_data.o [1]
Get_DriverStatus        0x080055c9    0x86  Code  Gb  app_data.o [1]
HAL_ADC_ConfigChannel   0x0801069d   0x1e6  Code  Gb  stm32l1xx_hal_adc.o [1]
HAL_ADC_ConvCpltCallback
                        0x0800b397     0xe  Code  Gb  adc.o [1]
HAL_ADC_ConvHalfCpltCallback
                        0x0800b3d5     0x2  Code  Gb  adc.o [1]
HAL_ADC_DeInit          0x080103a7   0x134  Code  Gb  stm32l1xx_hal_adc.o [1]
HAL_ADC_ErrorCallback   0x0800b3d7     0xa  Code  Gb  adc.o [1]
HAL_ADC_Init            0x080101e1   0x1c6  Code  Gb  stm32l1xx_hal_adc.o [1]
HAL_ADC_MspDeInit       0x0800b233    0x28  Code  Gb  adc.o [1]
HAL_ADC_MspInit         0x0800b1ad    0x86  Code  Gb  adc.o [1]
HAL_ADC_Start           0x080104db    0x88  Code  Gb  stm32l1xx_hal_adc.o [1]
HAL_ADC_Start_DMA       0x08010563    0xcc  Code  Gb  stm32l1xx_hal_adc.o [1]
HAL_ADC_Stop_DMA        0x0801062f    0x6e  Code  Gb  stm32l1xx_hal_adc.o [1]
HAL_DMA_Abort           0x08010f47    0x54  Code  Gb  stm32l1xx_hal_dma.o [1]
HAL_DMA_DeInit          0x08010a65   0x43e  Code  Gb  stm32l1xx_hal_dma.o [1]
HAL_DMA_IRQHandler      0x08010fa1   0x906  Code  Gb  stm32l1xx_hal_dma.o [1]
HAL_DMA_Init            0x08010a0d    0x58  Code  Gb  stm32l1xx_hal_dma.o [1]
HAL_DMA_Start_IT        0x08010ed9    0x6e  Code  Gb  stm32l1xx_hal_dma.o [1]
HAL_Delay               0x0800d09d    0x1a  Code  Wk  stm32l1xx_hal.o [1]
HAL_FLASHEx_Erase       0x08012b65    0x9a  Code  Gb  stm32l1xx_hal_flash_ex.o [1]
HAL_FLASH_GetError      0x08012a09     0x6  Code  Gb  stm32l1xx_hal_flash.o [1]
HAL_FLASH_Lock          0x080129f9    0x10  Code  Gb  stm32l1xx_hal_flash.o [1]
HAL_FLASH_Program       0x0801296d    0x5c  Code  Gb  stm32l1xx_hal_flash.o [1]
HAL_FLASH_Unlock        0x080129c9    0x30  Code  Gb  stm32l1xx_hal_flash.o [1]
HAL_GPIO_DeInit         0x0800ac8f   0x13c  Code  Gb  stm32l1xx_hal_gpio.o [1]
HAL_GPIO_Init           0x0800aabd   0x1d2  Code  Gb  stm32l1xx_hal_gpio.o [1]
HAL_GPIO_ReadPin        0x0800adcb    0x18  Code  Gb  stm32l1xx_hal_gpio.o [1]
HAL_GPIO_TogglePin      0x0800adf7     0xa  Code  Gb  stm32l1xx_hal_gpio.o [1]
HAL_GPIO_WritePin       0x0800ade3    0x14  Code  Gb  stm32l1xx_hal_gpio.o [1]
HAL_GetTick             0x0800d097     0x6  Code  Wk  stm32l1xx_hal.o [1]
HAL_I2C_ER_IRQHandler   0x0800da45    0xce  Code  Gb  stm32l1xx_hal_i2c.o [1]
HAL_I2C_EV_IRQHandler   0x0800d911   0x134  Code  Gb  stm32l1xx_hal_i2c.o [1]
HAL_I2C_ErrorCallback   0x0800db1f     0x2  Code  Wk  stm32l1xx_hal_i2c.o [1]
HAL_I2C_GetError        0x0800db27     0x4  Code  Gb  stm32l1xx_hal_i2c.o [1]
HAL_I2C_GetState        0x0800db21     0x6  Code  Gb  stm32l1xx_hal_i2c.o [1]
HAL_I2C_Init            0x0800d1c1   0x172  Code  Gb  stm32l1xx_hal_i2c.o [1]
HAL_I2C_MasterRxCpltCallback
                        0x0800db15     0x2  Code  Wk  stm32l1xx_hal_i2c.o [1]
HAL_I2C_MasterTxCpltCallback
                        0x0800db13     0x2  Code  Wk  stm32l1xx_hal_i2c.o [1]
HAL_I2C_Master_Receive  0x0800d46b   0x256  Code  Gb  stm32l1xx_hal_i2c.o [1]
HAL_I2C_Master_Receive_IT
                        0x0800d7a7   0x14e  Code  Gb  stm32l1xx_hal_i2c.o [1]
HAL_I2C_Master_Transmit
                        0x0800d333   0x138  Code  Gb  stm32l1xx_hal_i2c.o [1]
HAL_I2C_Master_Transmit_IT
                        0x0800d6c1    0xe6  Code  Gb  stm32l1xx_hal_i2c.o [1]
HAL_I2C_MemRxCpltCallback
                        0x0800db1d     0x2  Code  Wk  stm32l1xx_hal_i2c.o [1]
HAL_I2C_MemTxCpltCallback
                        0x0800db1b     0x2  Code  Wk  stm32l1xx_hal_i2c.o [1]
HAL_I2C_MspInit         0x08008fa7    0x50  Code  Gb  i2c.o [1]
HAL_I2C_SlaveRxCpltCallback
                        0x0800db19     0x2  Code  Wk  stm32l1xx_hal_i2c.o [1]
HAL_I2C_SlaveTxCpltCallback
                        0x0800db17     0x2  Code  Wk  stm32l1xx_hal_i2c.o [1]
HAL_IncTick             0x0800d08b     0xc  Code  Wk  stm32l1xx_hal.o [1]
HAL_Init                0x0800d075    0x16  Code  Gb  stm32l1xx_hal.o [1]
HAL_InitTick            0x08012361    0x80  Code  Gb  stm32l1xx_hal_timebase_TIM.o [1]
HAL_MspInit             0x080123f1    0x98  Code  Gb  stm32l1xx_hal_msp.o [1]
HAL_NVIC_DisableIRQ     0x0800974d     0xe  Code  Gb  stm32l1xx_hal_cortex.o [1]
HAL_NVIC_EnableIRQ      0x0800973f     0xe  Code  Gb  stm32l1xx_hal_cortex.o [1]
HAL_NVIC_SetPriority    0x08009719    0x26  Code  Gb  stm32l1xx_hal_cortex.o [1]
HAL_NVIC_SetPriorityGrouping
                        0x0800970d     0xc  Code  Gb  stm32l1xx_hal_cortex.o [1]
HAL_NVIC_SystemReset    0x0800975b     0x8  Code  Gb  stm32l1xx_hal_cortex.o [1]
HAL_PCD_DataInStageCallback
                        0x080149d1    0x20  Code  Gb  usbd_conf.o [1]
HAL_PCD_DataOutStageCallback
                        0x080149af    0x22  Code  Gb  usbd_conf.o [1]
HAL_PCD_EP_ClrStall     0x0801488d   0x10a  Code  Gb  stm32l1xx_hal_pcd.o [1]
HAL_PCD_EP_Open         0x08013f3f   0x476  Code  Gb  stm32l1xx_hal_pcd.o [1]
HAL_PCD_EP_Receive      0x080143b5   0x1ac  Code  Gb  stm32l1xx_hal_pcd.o [1]
HAL_PCD_EP_SetStall     0x080147af    0xde  Code  Gb  stm32l1xx_hal_pcd.o [1]
HAL_PCD_EP_Transmit     0x08014561   0x24e  Code  Gb  stm32l1xx_hal_pcd.o [1]
HAL_PCD_IRQHandler      0x08013dc9   0x144  Code  Gb  stm32l1xx_hal_pcd.o [1]
HAL_PCD_ResetCallback   0x080149ff    0x2c  Code  Gb  usbd_conf.o [1]
HAL_PCD_ResumeCallback  0x08014a4b     0xe  Code  Gb  usbd_conf.o [1]
HAL_PCD_SOFCallback     0x080149f1     0xe  Code  Gb  usbd_conf.o [1]
HAL_PCD_SetAddress      0x08013f0d    0x32  Code  Gb  stm32l1xx_hal_pcd.o [1]
HAL_PCD_SetupStageCallback
                        0x08014999    0x16  Code  Gb  usbd_conf.o [1]
HAL_PCD_SuspendCallback
                        0x08014a2b    0x20  Code  Gb  usbd_conf.o [1]
HAL_PWREx_GetVoltageRange
                        0x08013089     0xa  Code  Gb  stm32l1xx_hal_pwr_ex.o [1]
HAL_RCC_ClockConfig     0x0800fd07   0x2a0  Code  Gb  stm32l1xx_hal_rcc.o [1]
HAL_RCC_GetClockConfig  0x080100ad    0x3a  Code  Gb  stm32l1xx_hal_rcc.o [1]
HAL_RCC_GetHCLKFreq     0x08010051     0x6  Code  Gb  stm32l1xx_hal_rcc.o [1]
HAL_RCC_GetPCLK1Freq    0x08010057    0x20  Code  Gb  stm32l1xx_hal_rcc.o [1]
HAL_RCC_GetPCLK2Freq    0x08010077    0x20  Code  Gb  stm32l1xx_hal_rcc.o [1]
HAL_RCC_GetSysClockFreq
                        0x0800ffa7    0xaa  Code  Gb  stm32l1xx_hal_rcc.o [1]
HAL_RCC_OscConfig       0x0800f4dd   0x82a  Code  Gb  stm32l1xx_hal_rcc.o [1]
HAL_SYSTICK_CLKSourceConfig
                        0x0800976f    0x22  Code  Gb  stm32l1xx_hal_cortex.o [1]
HAL_SYSTICK_Config      0x08009763     0xc  Code  Gb  stm32l1xx_hal_cortex.o [1]
HAL_TIMEx_MasterConfigSynchronization
                        0x0801302b    0x5e  Code  Gb  stm32l1xx_hal_tim_ex.o [1]
HAL_TIM_Base_Init       0x08012c51    0x38  Code  Gb  stm32l1xx_hal_tim.o [1]
HAL_TIM_Base_MspInit    0x0800f35b    0x48  Code  Gb  tim.o [1]
HAL_TIM_Base_Start_IT   0x08012c89    0x1e  Code  Gb  stm32l1xx_hal_tim.o [1]
HAL_TIM_ConfigClockSource
                        0x08012de1   0x122  Code  Gb  stm32l1xx_hal_tim.o [1]
HAL_TIM_IC_CaptureCallback
                        0x08012f05     0x2  Code  Wk  stm32l1xx_hal_tim.o [1]
HAL_TIM_IRQHandler      0x08012ca7   0x13a  Code  Gb  stm32l1xx_hal_tim.o [1]
HAL_TIM_OC_DelayElapsedCallback
                        0x08012f03     0x2  Code  Wk  stm32l1xx_hal_tim.o [1]
HAL_TIM_PWM_PulseFinishedCallback
                        0x08012f07     0x2  Code  Wk  stm32l1xx_hal_tim.o [1]
HAL_TIM_PeriodElapsedCallback
                        0x0800f3a3    0x56  Code  Gb  tim.o [1]
HAL_TIM_StartTimer2     0x0800f469    0x22  Code  Gb  tim.o [1]
HAL_TIM_StartTimer3     0x0800f48b    0x12  Code  Gb  tim.o [1]
HAL_TIM_TriggerCallback
                        0x08012f09     0x2  Code  Wk  stm32l1xx_hal_tim.o [1]
HAL_UART_EnableBGM_RX   0x080035ab    0x32  Code  Gb  usart.o [1]
HAL_UART_EnableBGM_TXE  0x08003599    0x12  Code  Gb  usart.o [1]
HAL_UART_ErrorCallback  0x08003597     0x2  Code  Gb  usart.o [1]
HAL_UART_IRQHandler     0x08009d5b   0x11a  Code  Gb  stm32l1xx_hal_uart.o [1]
HAL_UART_Init           0x08009af5    0x72  Code  Gb  stm32l1xx_hal_uart.o [1]
HAL_UART_MspInit        0x0800320f    0xba  Code  Gb  usart.o [1]
HAL_UART_Receive_IT     0x08009cd3    0x88  Code  Gb  stm32l1xx_hal_uart.o [1]
HAL_UART_RxCpltCallback
                        0x080034e7    0xb0  Code  Gb  usart.o [1]
HAL_UART_RxCpltCallback::len
                        0x20003664     0x4  Data  Lc  usart.o [1]
HAL_UART_RxCpltCallback::temp_ptr
                        0x20003660     0x4  Data  Lc  usart.o [1]
HAL_UART_Transmit       0x08009b67    0xfc  Code  Gb  stm32l1xx_hal_uart.o [1]
HAL_UART_Transmit_IT    0x08009c63    0x70  Code  Gb  stm32l1xx_hal_uart.o [1]
HAL_UART_TxCpltCallback
                        0x080034ab    0x20  Code  Gb  usart.o [1]
[...]
TmpData                 0x20002710   0x248  Data  Gb  app_data.o [1]
TstDataReady            0x08004489     0x8  Code  Gb  app_data.o [1]
Tst_Bypass              0x08002fcb     0x6  Code  Gb  parser.o [1]
Tst_HeartBeat           0x08005657     0x6  Code  Gb  app_data.o [1]
UART_EndTransmit_IT     0x08009fdf    0x32  Code  Lc  stm32l1xx_hal_uart.o [1]
UART_Receive_IT         0x0800a011    0xc8  Code  Lc  stm32l1xx_hal_uart.o [1]
UART_SetConfig          0x0800a0d9   0x2fe  Code  Lc  stm32l1xx_hal_uart.o [1]
UART_Transmit_IT        0x08009f63    0x7c  Code  Lc  stm32l1xx_hal_uart.o [1]
UART_WaitOnFlagUntilTimeout
                        0x08009e75    0xee  Code  Lc  stm32l1xx_hal_uart.o [1]
USART2_IRQHandler       0x08015879     0xa  Code  Gb  stm32l1xx_it.o [1]
USART3_IRQHandler       0x0801586f     0xa  Code  Gb  stm32l1xx_it.o [1]
USART_ReceiveData       0x08003c2b     0xa  Code  Gb  bgm111.o [1]
USART_SendData          0x08003c1f     0xc  Code  Gb  bgm111.o [1]
USBD_ClrClassConfig     0x08014b63    0x18  Code  Gb  usbd_core.o [1]
USBD_ClrFeature         0x08015387    0x3a  Code  Lc  usbd_ctlreq.o [1]
USBD_CtlContinueRx      0x08015443    0x1a  Code  Gb  usbd_ioreq.o [1]
USBD_CtlContinueSendData
                        0x08015429    0x1a  Code  Gb  usbd_ioreq.o [1]
USBD_CtlError           0x080153e9    0x18  Code  Gb  usbd_ctlreq.o [1]
USBD_CtlReceiveStatus   0x08015477    0x1a  Code  Gb  usbd_ioreq.o [1]
USBD_CtlSendData        0x08015401    0x28  Code  Gb  usbd_ioreq.o [1]
USBD_CtlSendStatus      0x0801545d    0x1a  Code  Gb  usbd_ioreq.o [1]
USBD_GetConfig          0x080152d9    0x4c  Code  Lc  usbd_ctlreq.o [1]
USBD_GetDescriptor      0x08015035   0x164  Code  Lc  usbd_ctlreq.o [1]
USBD_GetStatus          0x08015325    0x3c  Code  Lc  usbd_ctlreq.o [1]
USBD_LL_ClearStallEP    0x08014a91    0x16  Code  Gb  usbd_conf.o [1]
USBD_LL_DataInStage     0x08014c83    0xe2  Code  Gb  usbd_core.o [1]
USBD_LL_DataOutStage    0x08014bf3    0x90  Code  Gb  usbd_core.o [1]
USBD_LL_IsStallEP       0x08014aa7    0x30  Code  Gb  usbd_conf.o [1]
USBD_LL_OpenEP          0x08014a59    0x22  Code  Gb  usbd_conf.o [1]
USBD_LL_PrepareReceive  0x08014b0d    0x20  Code  Gb  usbd_conf.o [1]
USBD_LL_Reset           0x08014d65    0x46  Code  Gb  usbd_core.o [1]
USBD_LL_Resume          0x08014dc7     0xe  Code  Gb  usbd_core.o [1]
USBD_LL_SOF             0x08014dd5    0x24  Code  Gb  usbd_core.o [1]
USBD_LL_SetSpeed        0x08014dab     0x8  Code  Gb  usbd_core.o [1]
USBD_LL_SetUSBAddress   0x08014ad7    0x16  Code  Gb  usbd_conf.o [1]
USBD_LL_SetupStage      0x08014b7b    0x78  Code  Gb  usbd_core.o [1]
USBD_LL_StallEP         0x08014a7b    0x16  Code  Gb  usbd_conf.o [1]
USBD_LL_Suspend         0x08014db3    0x14  Code  Gb  usbd_core.o [1]
USBD_LL_Transmit        0x08014aed    0x20  Code  Gb  usbd_conf.o [1]
USBD_ParseSetupRequest  0x080153c1    0x28  Code  Gb  usbd_ctlreq.o [1]
USBD_RunTestMode        0x08014b31     0x6  Code  Gb  usbd_core.o [1]
USBD_SetAddress         0x08015199    0x60  Code  Lc  usbd_ctlreq.o [1]
USBD_SetClassConfig     0x08014b37    0x2c  Code  Gb  usbd_core.o [1]
USBD_SetConfig          0x080151f9    0xda  Code  Lc  usbd_ctlreq.o [1]
USBD_SetConfig::cfgidx  0x2000367e     0x1  Data  Lc  usbd_ctlreq.o [1]
USBD_SetFeature         0x08015361    0x26  Code  Lc  usbd_ctlreq.o [1]
USBD_StdDevReq          0x08014df9    0x7c  Code  Gb  usbd_ctlreq.o [1]
USBD_StdEPReq           0x08014ec1   0x174  Code  Gb  usbd_ctlreq.o [1]
USBD_StdItfReq          0x08014e75    0x4c  Code  Gb  usbd_ctlreq.o [1]
USB_LP_IRQHandler       0x0801585b     0xa  Code  Gb  stm32l1xx_it.o [1]
Uart2Ready              0x2000367b     0x1  Data  Gb  usart.o [1]
Uart3Ready              0x2000367c     0x1  Data  Gb  usart.o [1]
WWDG_IRQHandler         0x08009871     0xa  Code  Gb  wwdg.o [1]
_EncodingSb_Mbtowc      0x080130db    0x30  Code  Gb  xencoding_sb.o [3]
_EncodingSb_Mbtowc::initial
                        0x08013118     0x8  Data  Lc  xencoding_sb.o [3]
_EncodingSb_Wctomb      0x080130c1    0x1a  Code  Gb  xencoding_sb.o [3]
_EncodingSb_Wctomb::initial
                        0x08013110     0x8  Data  Lc  xencoding_sb.o [3]
_GenldFull              0x0800c7ad   0x254  Code  Lc  xprintffull.o [3]
_GetN                   0x0800e1d9    0x22  Code  Lc  xscanffull.o [3]
_GetfldFull             0x0800e3fd   0x10a  Code  Lc  xscanffull.o [3]
_GetfloatFull           0x0800e9bb   0x4e8  Code  Lc  xscanffull.o [3]
_GetintFull             0x0800e7c3   0x1f2  Code  Lc  xscanffull.o [3]
_GetstrFull             0x0800e509   0x2b4  Code  Lc  xscanffull.o [3]
_IsdstStr               0x200000dc     0x4  Data  Gb  setlocale.o [3]
_LdtobFull              0x0800c3a1   0x406  Code  Lc  xprintffull.o [3]
_LitobFull              0x0800c297   0x10a  Code  Lc  xprintffull.o [3]
_LocaleC_isalpha        0x08013151    0x16  Code  Gb  xlocale_c.o [3]
_LocaleC_isspace        0x08013167    0x14  Code  Gb  xlocale_c.o [3]
_LocaleC_tolower        0x080138a5     0xc  Code  Gb  xlocale_c.o [3]
_LocaleEncoding         0x080130ad     0xe  Code  Gb  setlocale.o [3]
_LocaleForCat           0x08013099    0x14  Code  Gb  setlocale.o [3]
_LocaleReturnString     0x200000fc    0x50  Data  Lc  setlocale.o [3]
_Locale_Profile         0x200000e0    0x1c  Data  Gb  setlocale.o [3]
_Locale_aeabi_lconv     0x2000009c    0x38  Data  Gb  localeconv.o [3]
_Locale_lconv           0x2000004c    0x50  Data  Gb  localeconv.o [3]
_Mbtowc                 0x08011a0d    0x20  Code  Gb  xmbtowc.o [3]
_PrintfFull             0x0800b8ad   0x658  Code  Gb  xprintffull.o [3]
_PutcharsFull           0x0800ca01    0x2e  Code  Lc  xprintffull.o [3]
_PutstrFull             0x0800bf8b   0x306  Code  Lc  xprintffull.o [3]
_SProut                 0x080094c3     0xa  Code  Gb  xsprout.o [3]
_SScin                  0x080030fb    0x1e  Code  Gb  xsscin.o [3]
_ScanfFull              0x0800e215   0x1e2  Code  Gb  xscanffull.o [3]
_Stoflt                 0x0801329d   0x1d0  Code  Gb  xstoflt.o [3]
_Stopfx                 0x0801317b   0x122  Code  Gb  xstopfx.o [3]
_Stoxflt                0x08013671   0x1fa  Code  Gb  xstoxflt.o [3]
_Stoxflt::digits        0x08013874    0x18  Data  Lc  xstoxflt.o [3]
_Stoxflt::vals          0x0801388c    0x18  Data  Lc  xstoxflt.o [3]
_TzoneStr               0x200000d8     0x4  Data  Gb  setlocale.o [3]
_UngetN                 0x0800e1fb    0x1a  Code  Lc  xscanffull.o [3]
_Wctomb                 0x08011b59    0x1a  Code  Gb  xwctomb.o [3]
__aeabi_cdcmpeq         0x080138b1          Code  Gb  DblCmpEq.o [4]
__aeabi_cdcmple         0x08011da1          Code  Gb  DblCmpLe.o [4]
__aeabi_cdrcmple        0x08011dd1          Code  Gb  DblCmpGe.o [4]
__aeabi_cfrcmple        0x0800d16d          Code  Gb  FltCmpGe.o [4]
__aeabi_d2f             0x0800b7d9          Code  Gb  DblToFlt.o [4]
__aeabi_d2iz            0x0800ce39          Code  Gb  DblToI32.o [4]
__aeabi_d2uiz           0x0800ce65          Code  Gb  DblToI32.o [4]
__aeabi_dadd            0x0800cf49          Code  Gb  DblAdd.o [4]
__aeabi_ddiv            0x0801208d          Code  Gb  DblDiv.o [4]
__aeabi_dmul            0x0800cc95          Code  Gb  DblMul.o [4]
__aeabi_dsub            0x08011f0d          Code  Gb  DblSub.o [4]
__aeabi_errno_addr      0x08012c45     0x6  Code  Gb  errno.o [3]
__aeabi_f2d             0x08009449          Code  Gb  FltToDbl.o [4]
__aeabi_f2iz            0x0800b869          Code  Gb  FltToS32.o [4]
__aeabi_fadd            0x0800b665          Code  Gb  FltAdd.o [4]
__aeabi_fdiv            0x080099f9          Code  Gb  FltDiv.o [4]
__aeabi_fmul            0x0800b58d          Code  Gb  FltMul.o [4]
__aeabi_i2d             0x0800d191          Code  Gb  I32ToDbl.o [4]
__aeabi_i2f             0x080099c5          Code  Gb  I32ToFlt.o [4]
__aeabi_ldiv0           0x0801314d          Code  Gb  I64DivZer.o [5]
__aeabi_ui2d            0x0800d1a5          Code  Gb  I32ToDbl.o [4]
__aeabi_ui2f            0x080099d9          Code  Gb  I32ToFlt.o [4]
__aeabi_uldivmod        0x08011c6d          Code  Gb  I64DivMod.o [5]
__cmain                 0x0801743d          Code  Gb  cmain.o [5]
__data_Aldata           0x20003610     0x8  Data  Gb  xxmemxmalloc.o [3]
__data_GetMemChunk      0x08013121    0x2c  Code  Gb  xgetmemchunk.o [3]
__data_GetMemChunk::start
                        0x2000366c     0x4  Data  Lc  xgetmemchunk.o [3]
__exit                  0x0801746d    0x14  Code  Gb  exit.o [6]
__iar_Dint              0x080124e7    0x7a  Code  Gb  xdint.o [4]
__iar_Dnorm             0x08011d5b    0x44  Code  Gb  xdnorm.o [4]
__iar_Dscale            0x08011e01   0x10c  Code  Gb  xdscale.o [4]
__iar_Dtentox           0x080134c3   0x14e  Code  Gb  xdtento.o [4]
__iar_Dunscale          0x080138d1    0x52  Code  Gb  xdunscal.o [4]
__iar_Errno             0x200000d4     0x4  Data  Gb  errno.o [3]
__iar_Locale_lconv_init
                        0x080122e5    0x3a  Code  Gb  localeconv.o [3]
__iar_Mbcurmax          0x08011a9d     0xa  Code  Gb  xmbcurmax.o [3]
__iar_Memchr            0x08011a45          Code  Gb  memchr.o [5]
__iar_Memset_word       0x08012489          Code  Gb  ABImemset.o [5]
__iar_Stold             0x08012969     0x4  Code  Gb  xstold.o [4]
__iar_Stoldx            0x08012821   0x13c  Code  Gb  xstold.o [4]
__iar_Stoll             0x0801266b     0x4  Code  Gb  xstoll.o [3]
__iar_Stollx            0x080125c9    0xa2  Code  Gb  xstoll.o [3]
__iar_Stoul             0x0800f165     0x4  Code  Gb  xstoul.o [3]
__iar_Stoull            0x080127cd     0x4  Code  Gb  xstoull.o [3]
__iar_Stoullx           0x08012671   0x156  Code  Gb  xstoull.o [3]
__iar_Stoulx            0x0800f021   0x13e  Code  Gb  xstoul.o [3]
__iar_Strchr            0x08011a2d          Code  Gb  strchr.o [5]
__iar_Wctob             0x08012561    0x36  Code  Gb  xwctob.o [3]
__iar_ceil              0x08012b05          Code  Gb  ceil.o [4]
__iar_ceill             0x08012b05          Code  Gb  ceil.o [4]
__iar_d2uiz             0x0800ce71          Code  Gb  DblToI32.o [4]
__iar_dadd              0x0800cf5d          Code  Gb  DblAdd.o [4]
__iar_data_init3        0x08016a31    0x28  Code  Gb  data_init.o [5]
__iar_dlib_perthread_access
                        0x0801314f     0x2  Code  Gb  xtls.o [3]
__iar_dsub              0x08011f21          Code  Gb  DblSub.o [4]
__iar_dsubStart         0x08011f33          Code  Gb  DblSub.o [4]
__iar_edom              0x08011a01          Code  Gb  iarEdom.o [5]
__iar_fadd              0x0800b675          Code  Gb  FltAdd.o [4]
__iar_fsub              0x08011929          Code  Gb  FltSub.o [4]
__iar_fsubStart         0x08011939          Code  Gb  FltSub.o [4]
__iar_modf              0x0800cea1          Code  Gb  modf.o [4]
__iar_modfl             0x0800cea1          Code  Gb  modf.o [4]
__iar_packbits_init_single3
                        0x08015fc9    0x38  Code  Gb  packbits_init_single.o [5]
__iar_program_start     0x08017fd1          Code  Gb  cstartup_M.o [5]
__iar_sqrt              0x0800b6e9          Code  Gb  sqrt.o [4]
__iar_ui2d              0x0800d1a9          Code  Gb  I32ToDbl.o [4]
__iar_ui2f              0x080099dd          Code  Gb  I32ToFlt.o [4]
__iar_unaligned___aeabi_memcpy
                        0x08011b75          Code  Gb  ABImemcpy_unaligned.o [5]
__iar_unaligned___aeabi_memcpy4
                        0x08011b95          Code  Gb  ABImemcpy_unaligned.o [5]
__iar_unaligned___aeabi_memcpy8
                        0x08011b95          Code  Gb  ABImemcpy_unaligned.o [5]
__iar_unaligned_strcmp  0x0800d031          Code  Gb  strcmp_unaligned.o [5]
__iar_unaligned_strcpy  0x08003119          Code  Gb  strcpy_unaligned.o [5]
__iar_unaligned_strncpy
                        0x0800d0bd          Code  Gb  strncpy_unaligned.o [5]
__iar_zero_init3        0x08015d81    0x40  Code  Gb  zero_init3.o [5]
__low_level_init        0x08017457     0x4  Code  Gb  low_level_init.o [3]
__vector_table          0x08000000          Data  Gb  startup_stm32l152xe.o [1]
_call_main              0x08017449          Code  Gb  cmain.o [5]
_exit                   0x08017461          Code  Gb  cexit.o [5]
_gecko_cmd_msg          0x200030b4    0x84  Data  Gb  bgm111.o [1]
_gecko_rsp_msg          0x20003138    0x84  Data  Gb  bgm111.o [1]
_main                   0x08017453          Code  Gb  cmain.o [5]
aPLLDivisionFactorTable
                        0x0801824c     0x4  Data  Gb  stm32l1xx_hal_rcc.o [1]
aPLLMULFactorTable      0x08017fc4     0xc  Data  Gb  stm32l1xx_hal_rcc.o [1]
adcActive               0x20003675     0x1  Data  Gb  adc.o [1]
analytics               0x20003608     0x8  Data  Lc  app_data.o [1]
atoi                    0x080097c7     0x8  Code  Gb  atoi.o [3]
bffr1Flag               0x2000367d     0x1  Data  Lc  usart.o [1]
bglib_input             0x2000361c     0x4  Data  Gb  bgm111.o [1]
bglib_output            0x20003618     0x4  Data  Gb  bgm111.o [1]
bglib_peek              0x20003620     0x4  Data  Gb  bgm111.o [1]
bgm1data                0x20003554    0x28  Data  Lc  usart.o [1]
ble                     0x20002dc0   0x1a0  Data  Lc  bgm111.o [1]
blemsgs                 0x200020c8   0x324  Data  Lc  bgm111.o [1]
ceil                    0x08012b05          Code  Gb  ceil.o [4]
ceill                   0x08012b05          Code  Gb  ceil.o [4]
clrUsartState           0x080034cb    0x1c  Code  Gb  usart.o [1]
connection_cnt          0x20003670     0x2  Data  Lc  app_data.o [1]
data                    0x20002958   0x248  Data  Gb  app_data.o [1]
delay_1ms               0x0800b115     0xe  Code  Gb  ErrorCodes.o [1]
digits                  0x0800f168    0x28  Data  Lc  xstoul.o [3]
digits                  0x080127d0    0x28  Data  Lc  xstoull.o [3]
div                     0x08012351     0xe  Code  Gb  div.o [3]
dmul                    0x08013471    0x52  Code  Lc  xdtento.o [4]
driver_list             0x200035f0     0xc  Data  Lc  app_data.o [1]
errStruct               0x200023ec   0x324  Data  Lc  ErrorCodes.o [1]
exit                    0x0801745b     0x4  Code  Gb  exit.o [3]
fi                      0x2000323c    0x80  Data  Lc  Rd_Sound.o [1]
fix_fft                 0x0800b3e1   0x1ac  Code  Gb  fix_fft.o [1]
fr                      0x200031bc    0x80  Data  Lc  Rd_Sound.o [1]
free                    0x08011bed    0x7a  Code  Gb  xxmemxfree.o [3]
fs                      0x200032bc    0x80  Data  Lc  Rd_Sound.o [1]
gecko_cmd_le_gap_set_mode
                        0x08003619    0x40  Code  Lc  bgm111.o [1]
gecko_cmd_msg           0x2000000c     0x4  Data  Gb  bgm111.o [1]
gecko_get_event         0x0800af11    0x5e  Code  Gb  gecko_bglib.o [1]
gecko_handle_command    0x0800af93    0x30  Code  Gb  gecko_bglib.o [1]
gecko_peek_event        0x0800af6f     0xa  Code  Gb  gecko_bglib.o [1]
gecko_queue             0x20001150   0xf78  Data  Gb  bgm111.o [1]
gecko_queue_r           0x20003628     0x4  Data  Gb  bgm111.o [1]
gecko_queue_w           0x20003624     0x4  Data  Gb  bgm111.o [1]
gecko_rsp_msg           0x20000010     0x4  Data  Gb  bgm111.o [1]
gecko_wait_message      0x0800ae35    0xdc  Code  Gb  gecko_bglib.o [1]
gecko_wait_response     0x0800af79    0x1a  Code  Gb  gecko_bglib.o [1]
hadc                    0x2000333c    0x54  Data  Gb  adc.o [1]
hatoi                   0x08002f73    0x58  Code  Gb  parser.o [1]
hdma_adc                0x2000344c    0x38  Data  Gb  adc.o [1]
hi2c1                   0x20003410    0x3c  Data  Gb  i2c.o [1]
hpcd_USB_FS             0x20002ba0   0x220  Data  Gb  usbd_conf.o [1]
htim2                   0x200034bc    0x38  Data  Gb  tim.o [1]
htim3                   0x200034f4    0x38  Data  Gb  tim.o [1]
htim4                   0x20003484    0x38  Data  Gb  stm32l1xx_hal_timebase_TIM.o [1]
huart2                  0x20003390    0x40  Data  Gb  usart.o [1]
huart3                  0x200033d0    0x40  Data  Gb  usart.o [1]
hwwdg                   0x200035d0    0x14  Data  Gb  wwdg.o [1]
isHexNum                0x08002f29    0x4a  Code  Gb  parser.o [1]
isalpha                 0x080125a1    0x14  Code  Gb  isxxx.o [3]
isdigit                 0x080097bd     0xa  Code  Gb  isdigit.o [3]
isspace                 0x080125b5    0x14  Code  Gb  isxxx.o [3]
ledOffCnt               0x20000044     0x4  Data  Lc  tim.o [1]
localeconv              0x0801231f    0x16  Code  Gb  localeconv.o [3]
main                    0x0800a3e1   0x5c0  Code  Gb  main.o [1]
malloc                  0x08011aa9    0xac  Code  Gb  xxmemxmalloc.o [3]
memchr                  0x08011a45          Code  Gb  memchr.o [5]
modf                    0x0800ce91          Code  Gb  modf.o [4]
modfl                   0x0800ce91          Code  Gb  modf.o [4]
ndigs                   0x0800f190    0x28  Data  Lc  xstoul.o [3]
ndigs                   0x080127f8    0x28  Data  Lc  xstoull.o [3]
osSystickHandler        0x080158cd    0x10  Code  Gb  cmsis_os.o [1]
pFlash                  0x200035b8    0x18  Data  Gb  stm32l1xx_hal_flash.o [1]
pows                    0x08013628    0x48  Data  Lc  xdtento.o [4]
prvResetNextTaskUnblockTime
                        0x08015645    0x28  Code  Lc  tasks.o [1]
pxCurrentTCB            0x20003634     0x4  Data  Gb  tasks.o [1]
pxDelayedTaskList       0x20003638     0x4  Data  Lc  tasks.o [1]
pxOverflowDelayedTaskList
                        0x2000363c     0x4  Data  Lc  tasks.o [1]
pxReadyTasksLists       0x20003028    0x8c  Data  Lc  tasks.o [1]
round                   0x0800d129    0x44  Code  Gb  round.o [4]
sConfig                 0x200035e4     0xc  Data  Gb  adc.o [1]
saveLen                 0x20000048     0x4  Data  Lc  usart.o [1]
sprintf                 0x080040dd    0x34  Code  Gb  sprintf.o [3]
sqrt                    0x0800b6e9          Code  Gb  sqrt.o [4]
sqrtl                   0x0800b6e9          Code  Gb  sqrt.o [4]
sscanf                  0x08009425    0x24  Code  Gb  sscanf.o [3]
strcat                  0x08004111    0x1c  Code  Gb  strcat.o [3]
strchr                  0x08011a2d          Code  Gb  strchr.o [5]
strlen                  0x080030c5          Code  Gb  strlen.o [5]
strncmp                 0x08009497    0x2c  Code  Gb  strncmp.o [3]
tolower                 0x08012c31    0x14  Code  Gb  tolower.o [3]
ubSequenceCompleted     0x20003674     0x1  Data  Gb  adc.o [1]
ulPortSetInterruptMask  0x080156f3          Code  Gb  portasm.o [1]
uwTick                  0x20003630     0x4  Data  Lc  stm32l1xx_hal.o [1]
uxListRemove            0x08015761    0x28  Code  Gb  list.o [1]
uxPendedTicks           0x2000364c     0x4  Data  Lc  tasks.o [1]
uxSchedulerSuspended    0x2000365c     0x4  Data  Lc  tasks.o [1]
uxTopReadyPriority      0x20003644     0x4  Data  Lc  tasks.o [1]
vListInsertEnd          0x08015749    0x18  Code  Gb  list.o [1]
vPortClearInterruptMask
                        0x08015701          Code  Gb  portasm.o [1]
vPortStartFirstTask     0x08015727          Code  Gb  portasm.o [1]
vTaskSwitchContext      0x080155c5    0x6c  Code  Gb  tasks.o [1]
wwdg_HardFrames         0x08070000    0x20  Data  Gb  wwdg.o [1]
wwdg_Save               0x20003668     0x4  Data  Lc  wwdg.o [1]
xNextTaskUnblockTime    0x20003658     0x4  Data  Lc  tasks.o [1]
xNumOfOverflows         0x20003654     0x4  Data  Lc  tasks.o [1]
xPortSysTickHandler     0x080158dd    0x1e  Code  Gb  port.o [1]
xSchedulerRunning       0x20003648     0x4  Data  Lc  tasks.o [1]
xTaskGetSchedulerState  0x0801566d    0x26  Code  Gb  tasks.o [1]
xTaskIncrementTick      0x08015491   0x134  Code  Gb  tasks.o [1]
xTickCount              0x20003640     0x4  Data  Lc  tasks.o [1]
xYieldPending           0x20003650     0x4  Data  Lc  tasks.o [1]


[1] = D:\GoogleDriveCLT\GoogleDrive\WeatherCloud\Roadboard\Software\Road-Board-December-2016N8\EWARM\Road Brd MSTR Rev L Long Always\Obj
[2] = command line
[3] = dl7M_tlf.a
[4] = m7M_tl.a
[5] = rt7M_tl.a
[6] = shb_l.a

  88 684 bytes of readonly  code memory
  10 496 bytes of readonly  data memory
  13 948 bytes of readwrite data memory (+ 232 absolute)

Errors: none
Warnings: none
