###############################################################################
#
# IAR ELF Linker V7.60.2.11341/W32 for ARM                19/May/2017  23:41:30
# Copyright 2007-2016 IAR Systems AB.
#
#    Output file  =  
#        D:\GoogleDriveCLT\GoogleDrive\WeatherCloud\Roadboard\Software\Road-Board-December-2016\EWARM\Road
#        Brd MSTR Rev L Long Always\Exe\Road Board Rev K NUCLEO V1.1 Jul 12
#        2016.out
#    Map file     =  
#        D:\GoogleDriveCLT\GoogleDrive\WeatherCloud\Roadboard\Software\Road-Board-December-2016\EWARM\Road
#        Brd MSTR Rev L Long Always\List\Road Board Rev K NUCLEO V1.1 Jul 12
#        2016.map
#    Command line =  
#        "D:\GoogleDriveCLT\GoogleDrive\WeatherCloud\Roadboard\Software\Road-Board-December-2016\EWARM\Road
#        Brd MSTR Rev L Long Always\Obj\adc.o"
#        "D:\GoogleDriveCLT\GoogleDrive\WeatherCloud\Roadboard\Software\Road-Board-December-2016\EWARM\Road
#        Brd MSTR Rev L Long Always\Obj\app_data.o"
#        "D:\GoogleDriveCLT\GoogleDrive\WeatherCloud\Roadboard\Software\Road-Board-December-2016\EWARM\Road
#        Brd MSTR Rev L Long Always\Obj\barometer.o"
#        "D:\GoogleDriveCLT\GoogleDrive\WeatherCloud\Roadboard\Software\Road-Board-December-2016\EWARM\Road
#        Brd MSTR Rev L Long Always\Obj\bgm111.o"
#        "D:\GoogleDriveCLT\GoogleDrive\WeatherCloud\Roadboard\Software\Road-Board-December-2016\EWARM\Road
#        Brd MSTR Rev L Long Always\Obj\cmsis_os.o"
#        "D:\GoogleDriveCLT\GoogleDrive\WeatherCloud\Roadboard\Software\Road-Board-December-2016\EWARM\Road
#        Brd MSTR Rev L Long Always\Obj\croutine.o"
#        "D:\GoogleDriveCLT\GoogleDrive\WeatherCloud\Roadboard\Software\Road-Board-December-2016\EWARM\Road
#        Brd MSTR Rev L Long Always\Obj\dma.o"
#        "D:\GoogleDriveCLT\GoogleDrive\WeatherCloud\Roadboard\Software\Road-Board-December-2016\EWARM\Road
#        Brd MSTR Rev L Long Always\Obj\ErrorCodes.o"
#        "D:\GoogleDriveCLT\GoogleDrive\WeatherCloud\Roadboard\Software\Road-Board-December-2016\EWARM\Road
#        Brd MSTR Rev L Long Always\Obj\event_groups.o"
#        "D:\GoogleDriveCLT\GoogleDrive\WeatherCloud\Roadboard\Software\Road-Board-December-2016\EWARM\Road
#        Brd MSTR Rev L Long Always\Obj\fix_fft.o"
#        "D:\GoogleDriveCLT\GoogleDrive\WeatherCloud\Roadboard\Software\Road-Board-December-2016\EWARM\Road
#        Brd MSTR Rev L Long Always\Obj\Flash.o"
#        "D:\GoogleDriveCLT\GoogleDrive\WeatherCloud\Roadboard\Software\Road-Board-December-2016\EWARM\Road
#        Brd MSTR Rev L Long Always\Obj\freertos.o"
#        "D:\GoogleDriveCLT\GoogleDrive\WeatherCloud\Roadboard\Software\Road-Board-December-2016\EWARM\Road
#        Brd MSTR Rev L Long Always\Obj\gecko_bglib.o"
#        "D:\GoogleDriveCLT\GoogleDrive\WeatherCloud\Roadboard\Software\Road-Board-December-2016\EWARM\Road
#        Brd MSTR Rev L Long Always\Obj\gpio.o"
#        "D:\GoogleDriveCLT\GoogleDrive\WeatherCloud\Roadboard\Software\Road-Board-December-2016\EWARM\Road
#        Brd MSTR Rev L Long Always\Obj\GridEye.o"
#        "D:\GoogleDriveCLT\GoogleDrive\WeatherCloud\Roadboard\Software\Road-Board-December-2016\EWARM\Road
#        Brd MSTR Rev L Long Always\Obj\heap_4.o"
#        "D:\GoogleDriveCLT\GoogleDrive\WeatherCloud\Roadboard\Software\Road-Board-December-2016\EWARM\Road
#        Brd MSTR Rev L Long Always\Obj\Humidity.o"
#        "D:\GoogleDriveCLT\GoogleDrive\WeatherCloud\Roadboard\Software\Road-Board-December-2016\EWARM\Road
#        Brd MSTR Rev L Long Always\Obj\i2c.o"
#        "D:\GoogleDriveCLT\GoogleDrive\WeatherCloud\Roadboard\Software\Road-Board-December-2016\EWARM\Road
#        Brd MSTR Rev L Long Always\Obj\list.o"
#        "D:\GoogleDriveCLT\GoogleDrive\WeatherCloud\Roadboard\Software\Road-Board-December-2016\EWARM\Road
#        Brd MSTR Rev L Long Always\Obj\lps25hb.o"
#        "D:\GoogleDriveCLT\GoogleDrive\WeatherCloud\Roadboard\Software\Road-Board-December-2016\EWARM\Road
#        Brd MSTR Rev L Long Always\Obj\main.o"
#        "D:\GoogleDriveCLT\GoogleDrive\WeatherCloud\Roadboard\Software\Road-Board-December-2016\EWARM\Road
#        Brd MSTR Rev L Long Always\Obj\parser.o"
#        "D:\GoogleDriveCLT\GoogleDrive\WeatherCloud\Roadboard\Software\Road-Board-December-2016\EWARM\Road
#        Brd MSTR Rev L Long Always\Obj\port.o"
#        "D:\GoogleDriveCLT\GoogleDrive\WeatherCloud\Roadboard\Software\Road-Board-December-2016\EWARM\Road
#        Brd MSTR Rev L Long Always\Obj\portasm.o"
#        "D:\GoogleDriveCLT\GoogleDrive\WeatherCloud\Roadboard\Software\Road-Board-December-2016\EWARM\Road
#        Brd MSTR Rev L Long Always\Obj\queue.o"
#        "D:\GoogleDriveCLT\GoogleDrive\WeatherCloud\Roadboard\Software\Road-Board-December-2016\EWARM\Road
#        Brd MSTR Rev L Long Always\Obj\Rd_Sound.o"
#        "D:\GoogleDriveCLT\GoogleDrive\WeatherCloud\Roadboard\Software\Road-Board-December-2016\EWARM\Road
#        Brd MSTR Rev L Long Always\Obj\RGBLight.o"
#        "D:\GoogleDriveCLT\GoogleDrive\WeatherCloud\Roadboard\Software\Road-Board-December-2016\EWARM\Road
#        Brd MSTR Rev L Long Always\Obj\startup_stm32l152xe.o"
#        "D:\GoogleDriveCLT\GoogleDrive\WeatherCloud\Roadboard\Software\Road-Board-December-2016\EWARM\Road
#        Brd MSTR Rev L Long Always\Obj\stm32l1xx_hal.o"
#        "D:\GoogleDriveCLT\GoogleDrive\WeatherCloud\Roadboard\Software\Road-Board-December-2016\EWARM\Road
#        Brd MSTR Rev L Long Always\Obj\stm32l1xx_hal_adc.o"
#        "D:\GoogleDriveCLT\GoogleDrive\WeatherCloud\Roadboard\Software\Road-Board-December-2016\EWARM\Road
#        Brd MSTR Rev L Long Always\Obj\stm32l1xx_hal_adc_ex.o"
#        "D:\GoogleDriveCLT\GoogleDrive\WeatherCloud\Roadboard\Software\Road-Board-December-2016\EWARM\Road
#        Brd MSTR Rev L Long Always\Obj\stm32l1xx_hal_cortex.o"
#        "D:\GoogleDriveCLT\GoogleDrive\WeatherCloud\Roadboard\Software\Road-Board-December-2016\EWARM\Road
#        Brd MSTR Rev L Long Always\Obj\stm32l1xx_hal_dma.o"
#        "D:\GoogleDriveCLT\GoogleDrive\WeatherCloud\Roadboard\Software\Road-Board-December-2016\EWARM\Road
#        Brd MSTR Rev L Long Always\Obj\stm32l1xx_hal_flash.o"
#        "D:\GoogleDriveCLT\GoogleDrive\WeatherCloud\Roadboard\Software\Road-Board-December-2016\EWARM\Road
#        Brd MSTR Rev L Long Always\Obj\stm32l1xx_hal_flash_ex.o"
#        "D:\GoogleDriveCLT\GoogleDrive\WeatherCloud\Roadboard\Software\Road-Board-December-2016\EWARM\Road
#        Brd MSTR Rev L Long Always\Obj\stm32l1xx_hal_flash_ramfunc.o"
#        "D:\GoogleDriveCLT\GoogleDrive\WeatherCloud\Roadboard\Software\Road-Board-December-2016\EWARM\Road
#        Brd MSTR Rev L Long Always\Obj\stm32l1xx_hal_gpio.o"
#        "D:\GoogleDriveCLT\GoogleDrive\WeatherCloud\Roadboard\Software\Road-Board-December-2016\EWARM\Road
#        Brd MSTR Rev L Long Always\Obj\stm32l1xx_hal_i2c.o"
#        "D:\GoogleDriveCLT\GoogleDrive\WeatherCloud\Roadboard\Software\Road-Board-December-2016\EWARM\Road
#        Brd MSTR Rev L Long Always\Obj\stm32l1xx_hal_msp.o"
#        "D:\GoogleDriveCLT\GoogleDrive\WeatherCloud\Roadboard\Software\Road-Board-December-2016\EWARM\Road
#        Brd MSTR Rev L Long Always\Obj\stm32l1xx_hal_pcd.o"
#        "D:\GoogleDriveCLT\GoogleDrive\WeatherCloud\Roadboard\Software\Road-Board-December-2016\EWARM\Road
#        Brd MSTR Rev L Long Always\Obj\stm32l1xx_hal_pcd_ex.o"
#        "D:\GoogleDriveCLT\GoogleDrive\WeatherCloud\Roadboard\Software\Road-Board-December-2016\EWARM\Road
#        Brd MSTR Rev L Long Always\Obj\stm32l1xx_hal_pwr.o"
#        "D:\GoogleDriveCLT\GoogleDrive\WeatherCloud\Roadboard\Software\Road-Board-December-2016\EWARM\Road
#        Brd MSTR Rev L Long Always\Obj\stm32l1xx_hal_pwr_ex.o"
#        "D:\GoogleDriveCLT\GoogleDrive\WeatherCloud\Roadboard\Software\Road-Board-December-2016\EWARM\Road
#        Brd MSTR Rev L Long Always\Obj\stm32l1xx_hal_rcc.o"
#        "D:\GoogleDriveCLT\GoogleDrive\WeatherCloud\Roadboard\Software\Road-Board-December-2016\EWARM\Road
#        Brd MSTR Rev L Long Always\Obj\stm32l1xx_hal_rcc_ex.o"
#        "D:\GoogleDriveCLT\GoogleDrive\WeatherCloud\Roadboard\Software\Road-Board-December-2016\EWARM\Road
#        Brd MSTR Rev L Long Always\Obj\stm32l1xx_hal_tim.o"
#        "D:\GoogleDriveCLT\GoogleDrive\WeatherCloud\Roadboard\Software\Road-Board-December-2016\EWARM\Road
#        Brd MSTR Rev L Long Always\Obj\stm32l1xx_hal_tim_ex.o"
#        "D:\GoogleDriveCLT\GoogleDrive\WeatherCloud\Roadboard\Software\Road-Board-December-2016\EWARM\Road
#        Brd MSTR Rev L Long Always\Obj\stm32l1xx_hal_timebase_TIM.o"
#        "D:\GoogleDriveCLT\GoogleDrive\WeatherCloud\Roadboard\Software\Road-Board-December-2016\EWARM\Road
#        Brd MSTR Rev L Long Always\Obj\stm32l1xx_hal_uart.o"
#        "D:\GoogleDriveCLT\GoogleDrive\WeatherCloud\Roadboard\Software\Road-Board-December-2016\EWARM\Road
#        Brd MSTR Rev L Long Always\Obj\stm32l1xx_hal_wwdg.o"
#        "D:\GoogleDriveCLT\GoogleDrive\WeatherCloud\Roadboard\Software\Road-Board-December-2016\EWARM\Road
#        Brd MSTR Rev L Long Always\Obj\stm32l1xx_it.o"
#        "D:\GoogleDriveCLT\GoogleDrive\WeatherCloud\Roadboard\Software\Road-Board-December-2016\EWARM\Road
#        Brd MSTR Rev L Long Always\Obj\stm32l1xx_nucleo.o"
#        "D:\GoogleDriveCLT\GoogleDrive\WeatherCloud\Roadboard\Software\Road-Board-December-2016\EWARM\Road
#        Brd MSTR Rev L Long Always\Obj\system_stm32l1xx.o"
#        "D:\GoogleDriveCLT\GoogleDrive\WeatherCloud\Roadboard\Software\Road-Board-December-2016\EWARM\Road
#        Brd MSTR Rev L Long Always\Obj\tasks.o"
#        "D:\GoogleDriveCLT\GoogleDrive\WeatherCloud\Roadboard\Software\Road-Board-December-2016\EWARM\Road
#        Brd MSTR Rev L Long Always\Obj\Temperature.o"
#        "D:\GoogleDriveCLT\GoogleDrive\WeatherCloud\Roadboard\Software\Road-Board-December-2016\EWARM\Road
#        Brd MSTR Rev L Long Always\Obj\tim.o"
#        "D:\GoogleDriveCLT\GoogleDrive\WeatherCloud\Roadboard\Software\Road-Board-December-2016\EWARM\Road
#        Brd MSTR Rev L Long Always\Obj\timers.o"
#        "D:\GoogleDriveCLT\GoogleDrive\WeatherCloud\Roadboard\Software\Road-Board-December-2016\EWARM\Road
#        Brd MSTR Rev L Long Always\Obj\usart.o"
#        "D:\GoogleDriveCLT\GoogleDrive\WeatherCloud\Roadboard\Software\Road-Board-December-2016\EWARM\Road
#        Brd MSTR Rev L Long Always\Obj\usb_device.o"
#        "D:\GoogleDriveCLT\GoogleDrive\WeatherCloud\Roadboard\Software\Road-Board-December-2016\EWARM\Road
#        Brd MSTR Rev L Long Always\Obj\usbd_cdc.o"
#        "D:\GoogleDriveCLT\GoogleDrive\WeatherCloud\Roadboard\Software\Road-Board-December-2016\EWARM\Road
#        Brd MSTR Rev L Long Always\Obj\usbd_cdc_if.o"
#        "D:\GoogleDriveCLT\GoogleDrive\WeatherCloud\Roadboard\Software\Road-Board-December-2016\EWARM\Road
#        Brd MSTR Rev L Long Always\Obj\usbd_conf.o"
#        "D:\GoogleDriveCLT\GoogleDrive\WeatherCloud\Roadboard\Software\Road-Board-December-2016\EWARM\Road
#        Brd MSTR Rev L Long Always\Obj\usbd_core.o"
#        "D:\GoogleDriveCLT\GoogleDrive\WeatherCloud\Roadboard\Software\Road-Board-December-2016\EWARM\Road
#        Brd MSTR Rev L Long Always\Obj\usbd_ctlreq.o"
#        "D:\GoogleDriveCLT\GoogleDrive\WeatherCloud\Roadboard\Software\Road-Board-December-2016\EWARM\Road
#        Brd MSTR Rev L Long Always\Obj\usbd_desc.o"
#        "D:\GoogleDriveCLT\GoogleDrive\WeatherCloud\Roadboard\Software\Road-Board-December-2016\EWARM\Road
#        Brd MSTR Rev L Long Always\Obj\usbd_ioreq.o"
#        "D:\GoogleDriveCLT\GoogleDrive\WeatherCloud\Roadboard\Software\Road-Board-December-2016\EWARM\Road
#        Brd MSTR Rev L Long Always\Obj\VMonitor.o"
#        "D:\GoogleDriveCLT\GoogleDrive\WeatherCloud\Roadboard\Software\Road-Board-December-2016\EWARM\Road
#        Brd MSTR Rev L Long Always\Obj\wwdg.o" --redirect _Printf=_PrintfFull
#        --redirect _Scanf=_ScanfFull -o
#        "D:\GoogleDriveCLT\GoogleDrive\WeatherCloud\Roadboard\Software\Road-Board-December-2016\EWARM\Road
#        Brd MSTR Rev L Long Always\Exe\Road Board Rev K NUCLEO V1.1 Jul 12
#        2016.out" --map
#        "D:\GoogleDriveCLT\GoogleDrive\WeatherCloud\Roadboard\Software\Road-Board-December-2016\EWARM\Road
#        Brd MSTR Rev L Long Always\List\Road Board Rev K NUCLEO V1.1 Jul 12
#        2016.map" --config
#        D:\GoogleDriveCLT\GoogleDrive\WeatherCloud\Roadboard\Software\Road-Board-December-2016\EWARM/stm32l152xe_flash.icf
#        --semihosting --entry __iar_program_start --vfe
#
###############################################################################

*******************************************************************************
*** RUNTIME MODEL ATTRIBUTES
***

CppFlavor                     = *
__Heap_Handler                = Basic
__SystemLibrary               = DLib
__dlib_dynamic_initialization = normal


*******************************************************************************
*** PLACEMENT SUMMARY
***

"A1":  place at 0x08000000 { ro section .intvec };
"P1":  place in [from 0x08000000 to 0x0807ffff] { ro };
"P2":  place in [from 0x20000000 to 0x20013fff] { rw, block CSTACK, block HEAP };
initialize by copy { rw };

  Section             Kind        Address     Size  Object
  -------             ----        -------     ----  ------
"A1":                                        0x124
  .intvec             ro code  0x08000000    0x124  startup_stm32l152xe.o [1]
                             - 0x08000124    0x124

"P1":                                      0x1207c
  .text               ro code  0x08000124   0x1ef4  parser.o [1]
  .text               ro code  0x08002018     0x36  strlen.o [5]
  .text               ro code  0x0800204e      0xa  xsprout.o [3]
  .text               ro code  0x08002058     0x44  strcpy_unaligned.o [5]
  .text               ro code  0x0800209c    0x4bc  usart.o [1]
  .text               ro code  0x08002558    0x6ac  bgm111.o [1]
  .text               ro code  0x08002c04    0x230  Rd_Sound.o [1]
  .text               ro code  0x08002e34     0x34  sprintf.o [3]
  .text               ro code  0x08002e68     0x1c  strcat.o [3]
  .text               ro code  0x08002e84    0x1f8  barometer.o [1]
  .text               ro code  0x0800307c    0xbc4  app_data.o [1]
  .text               ro code  0x08003c40    0xd98  GridEye.o [1]
  .text               ro code  0x080049d8    0x4c0  VMonitor.o [1]
  .text               ro code  0x08004e98    0x6c8  Humidity.o [1]
  .text               ro code  0x08005560    0x16c  Temperature.o [1]
  .text               ro code  0x080056cc    0x344  RGBLight.o [1]
  .text               ro code  0x08005a10    0x1c4  gpio.o [1]
  .text               ro code  0x08005bd4    0x4e0  i2c.o [1]
  .text               ro code  0x080060b4    0x1b0  stm32l1xx_hal_cortex.o [1]
  .text               ro code  0x08006264    0x8ec  stm32l1xx_hal_uart.o [1]
  .text               ro code  0x08006b50    0x556  main.o [1]
  .text               ro code  0x080070a8    0x378  stm32l1xx_hal_gpio.o [1]
  .text               ro code  0x08007420    0x1b0  gecko_bglib.o [1]
  .text               ro code  0x080075d0    0x13e  ErrorCodes.o [1]
  .text               ro code  0x0800770e     0x2c  strncmp.o [3]
  .text               ro code  0x0800773c    0x2bc  adc.o [1]
  .text               ro code  0x080079f8    0x240  fix_fft.o [1]
  .text               ro code  0x08007c38     0x30  I32ToDbl.o [4]
  .text               ro code  0x08007c68     0xf0  sqrt.o [4]
  .text               ro code  0x08007d58     0x90  DblToFlt.o [4]
  .text               ro code  0x08007de8     0x44  FltToS32.o [4]
  .text               ro code  0x08007e2c   0x119e  xprintffull.o [3]
  .text               ro code  0x08008fcc    0x248  lps25hb.o [1]
  .text               ro code  0x08009214     0x4e  FltToDbl.o [4]
  .text               ro code  0x08009264    0x1a2  DblMul.o [4]
  .text               ro code  0x08009408     0x58  DblToI32.o [4]
  .text               ro code  0x08009460     0xb8  modf.o [4]
  .text               ro code  0x08009518     0xd8  FltMul.o [4]
  .text               ro code  0x080095f0     0xe8  DblAdd.o [4]
  .text               ro code  0x080096d8    0x128  wwdg.o [1]
  .text               ro code  0x08009800     0x42  strcmp_unaligned.o [5]
  .text               ro code  0x08009844     0x48  stm32l1xx_hal.o [1]
  .text               ro code  0x0800988c     0x6c  strncpy_unaligned.o [5]
  .text               ro code  0x080098f8     0x32  I32ToFlt.o [4]
  .text               ro code  0x0800992c     0x44  round.o [4]
  .text               ro code  0x08009970     0x24  FltCmpGe.o [4]
  .text               ro code  0x08009994     0xfc  FltDiv.o [4]
  .text               ro code  0x08009a90     0x84  FltAdd.o [4]
  .text               ro code  0x08009b14   0x1018  stm32l1xx_hal_i2c.o [1]
  .text               ro code  0x0800ab2c    0xcd4  stm32l1xx_hal_rcc.o [1]
  .text               ro code  0x0800b800     0x30  dma.o [1]
  .text               ro code  0x0800b830    0x224  tim.o [1]
  .text               ro code  0x0800ba54    0x82a  stm32l1xx_hal_adc.o [1]
  .text               ro code  0x0800c280    0xefe  stm32l1xx_hal_dma.o [1]
  .text               ro code  0x0800d17e     0x1c  fix_fft.o [1]
  .text               ro code  0x0800d19c      0xc  iarEdom.o [5]
  .text               ro code  0x0800d1a8     0x20  xmbtowc.o [3]
  .text               ro code  0x0800d1c8     0x16  strchr.o [5]
  .text               ro code  0x0800d1e0     0x58  memchr.o [5]
  .text               ro code  0x0800d238      0xa  xmbcurmax.o [3]
  .text               ro code  0x0800d244     0xb0  xxmemxmalloc.o [3]
  .text               ro code  0x0800d2f4     0x1a  xwctomb.o [3]
  .text               ro code  0x0800d310     0x76  ABImemcpy_unaligned.o [5]
  .text               ro code  0x0800d388     0x80  xxmemxfree.o [3]
  .text               ro code  0x0800d408     0xee  I64DivMod.o [5]
  .text               ro code  0x0800d4f6     0x44  xdnorm.o [4]
  .text               ro code  0x0800d53c     0x2e  DblCmpLe.o [4]
  .text               ro code  0x0800d56c     0x2e  DblCmpGe.o [4]
  .text               ro code  0x0800d59c    0x10c  xdscale.o [4]
  .text               ro code  0x0800d6a8    0x180  DblSub.o [4]
  .text               ro code  0x0800d828    0x256  DblDiv.o [4]
  .text               ro code  0x0800da80     0x6c  localeconv.o [3]
  .text               ro code  0x0800daec      0xe  div.o [3]
  .text               ro code  0x0800dafa     0xd6  stm32l1xx_hal_wwdg.o [1]
  .text               ro code  0x0800dbd0    0x158  Flash.o [1]
  .text               ro code  0x0800dd28     0x90  stm32l1xx_hal_timebase_TIM.o [1]
  .text               ro code  0x0800ddb8     0x98  stm32l1xx_hal_msp.o [1]
  .text               ro code  0x0800de50     0x5e  ABImemset.o [5]
  .text               ro code  0x0800deae     0x7a  xdint.o [4]
  .text               ro code  0x0800df28     0xd6  FltSub.o [4]
  .text               ro code  0x0800e000     0x10  stm32l1xx_hal_pwr_ex.o [1]
  .text               ro code  0x0800e010    0x3da  stm32l1xx_hal_tim.o [1]
  .text               ro code  0x0800e3ea     0x5e  stm32l1xx_hal_tim_ex.o [1]
  .text               ro code  0x0800e448      0xc  errno.o [3]
  .text               ro code  0x0800e454     0x14  setlocale.o [3]
  .text               ro code  0x0800e468     0x60  xencoding_sb.o [3]
  .text               ro code  0x0800e4c8     0x2c  xgetmemchunk.o [3]
  .text               ro code  0x0800e4f4      0x2  I64DivZer.o [5]
  .text               ro code  0x0800e4f6      0x2  xtls.o [3]
  .text               ro code  0x0800e4f8    0x198  stm32l1xx_hal_flash.o [1]
  .text               ro code  0x0800e690     0x5e  ceil.o [4]
  .text               ro code  0x0800e6f0     0xcc  stm32l1xx_hal_flash_ex.o [1]
  .text               ro code  0x0800e7bc   0x1074  stm32l1xx_hal_pcd.o [1]
  .text               ro code  0x0800f830    0x198  usbd_conf.o [1]
  .text               ro code  0x0800f9c8    0x2c8  usbd_core.o [1]
  .text               ro code  0x0800fc90    0x608  usbd_ctlreq.o [1]
  .text               ro code  0x08010298     0x90  usbd_ioreq.o [1]
  .text               ro code  0x08010328    0x224  tasks.o [1]
  CODE                ro code  0x0801054c     0x94  portasm.o [1]
  .text               ro code  0x080105e0     0x40  list.o [1]
  .text               ro code  0x08010620     0x84  stm32l1xx_it.o [1]
  .text               ro code  0x080106a4     0x10  cmsis_os.o [1]
  .text               ro code  0x080106b4     0x24  port.o [1]
  .rodata             const    0x080106d8     0x80  fix_fft.o [1]
  .text               ro code  0x08010758     0x64  system_stm32l1xx.o [1]
  .rodata             const    0x080107bc     0x58  ErrorCodes.o [1]
  .rodata             const    0x08010814     0x48  parser.o [1]
  .rodata             const    0x0801085c     0x48  parser.o [1]
  .rodata             const    0x080108a4     0x44  parser.o [1]
  .rodata             const    0x080108e8     0x44  parser.o [1]
  .rodata             const    0x0801092c     0x44  parser.o [1]
  .rodata             const    0x08010970     0x40  main.o [1]
  .rodata             const    0x080109b0     0x40  main.o [1]
  .rodata             const    0x080109f0     0x40  parser.o [1]
  .rodata             const    0x08010a30     0x40  parser.o [1]
  .rodata             const    0x08010a70     0x40  parser.o [1]
  .rodata             const    0x08010ab0     0x40  parser.o [1]
  .rodata             const    0x08010af0     0x40  parser.o [1]
  .rodata             const    0x08010b30     0x40  parser.o [1]
  .text               ro code  0x08010b70     0x40  zero_init3.o [5]
  .rodata             const    0x08010bb0     0x3c  parser.o [1]
  .rodata             const    0x08010bec     0x3c  parser.o [1]
  .rodata             const    0x08010c28     0x3c  parser.o [1]
  .rodata             const    0x08010c64     0x3c  parser.o [1]
  .rodata             const    0x08010ca0     0x38  parser.o [1]
  .rodata             const    0x08010cd8     0x38  parser.o [1]
  .rodata             const    0x08010d10     0x38  parser.o [1]
  .rodata             const    0x08010d48     0x38  parser.o [1]
  .rodata             const    0x08010d80     0x38  parser.o [1]
  .text               ro code  0x08010db8     0x38  packbits_init_single.o [5]
  .rodata             const    0x08010df0     0x34  main.o [1]
  .rodata             const    0x08010e24     0x34  parser.o [1]
  .rodata             const    0x08010e58     0x34  parser.o [1]
  .rodata             const    0x08010e8c     0x34  parser.o [1]
  .rodata             const    0x08010ec0     0x34  parser.o [1]
  .rodata             const    0x08010ef4     0x30  parser.o [1]
  .rodata             const    0x08010f24     0x30  parser.o [1]
  .rodata             const    0x08010f54     0x30  parser.o [1]
  .rodata             const    0x08010f84     0x30  parser.o [1]
  .rodata             const    0x08010fb4     0x30  parser.o [1]
  .rodata             const    0x08010fe4     0x2c  main.o [1]
  .rodata             const    0x08011010     0x2c  parser.o [1]
  .rodata             const    0x0801103c     0x2c  parser.o [1]
  .rodata             const    0x08011068     0x2c  parser.o [1]
  .rodata             const    0x08011094     0x2c  parser.o [1]
  .rodata             const    0x080110c0     0x2c  parser.o [1]
  .rodata             const    0x080110ec     0x2c  parser.o [1]
  .rodata             const    0x08011118     0x2c  parser.o [1]
  .rodata             const    0x08011144     0x2c  parser.o [1]
  .rodata             const    0x08011170     0x28  parser.o [1]
  .rodata             const    0x08011198     0x28  parser.o [1]
  .rodata             const    0x080111c0     0x28  parser.o [1]
  .rodata             const    0x080111e8     0x28  parser.o [1]
  .rodata             const    0x08011210     0x28  parser.o [1]
  .rodata             const    0x08011238     0x28  parser.o [1]
  .rodata             const    0x08011260     0x28  parser.o [1]
  .rodata             const    0x08011288     0x28  parser.o [1]
  .rodata             const    0x080112b0     0x28  parser.o [1]
  .rodata             const    0x080112d8     0x28  parser.o [1]
  .rodata             const    0x08011300     0x28  parser.o [1]
  .rodata             const    0x08011328     0x28  parser.o [1]
  .rodata             const    0x08011350     0x28  parser.o [1]
  .rodata             const    0x08011378     0x28  parser.o [1]
  .rodata             const    0x080113a0     0x28  parser.o [1]
  .rodata             const    0x080113c8     0x28  parser.o [1]
  .rodata             const    0x080113f0     0x28  parser.o [1]
  .rodata             const    0x08011418     0x28  parser.o [1]
  .rodata             const    0x08011440     0x28  parser.o [1]
  .rodata             const    0x08011468     0x28  parser.o [1]
  .rodata             const    0x08011490     0x28  parser.o [1]
  .rodata             const    0x080114b8     0x28  parser.o [1]
  .rodata             const    0x080114e0     0x28  parser.o [1]
  .rodata             const    0x08011508     0x28  parser.o [1]
  .rodata             const    0x08011530     0x28  parser.o [1]
  .rodata             const    0x08011558     0x28  parser.o [1]
  .rodata             const    0x08011580     0x28  parser.o [1]
  .rodata             const    0x080115a8     0x28  parser.o [1]
  .rodata             const    0x080115d0     0x28  parser.o [1]
  .rodata             const    0x080115f8     0x28  parser.o [1]
  .rodata             const    0x08011620     0x28  parser.o [1]
  .rodata             const    0x08011648     0x28  parser.o [1]
  .rodata             const    0x08011670     0x28  parser.o [1]
  .text               ro code  0x08011698     0x28  data_init.o [5]
  .rodata             const    0x080116c0     0x24  parser.o [1]
  .rodata             const    0x080116e4     0x24  parser.o [1]
  .rodata             const    0x08011708     0x24  parser.o [1]
  .rodata             const    0x0801172c     0x24  parser.o [1]
  .rodata             const    0x08011750     0x24  parser.o [1]
  .rodata             const    0x08011774     0x24  parser.o [1]
  .rodata             const    0x08011798     0x24  parser.o [1]
  .rodata             const    0x080117bc     0x24  parser.o [1]
  .iar.init_table     const    0x080117e0     0x28  - Linker created -
  .rodata             const    0x08011808     0x20  bgm111.o [1]
  .rodata             const    0x08011828     0x20  parser.o [1]
  .rodata             const    0x08011848     0x20  parser.o [1]
  .rodata             const    0x08011868     0x20  parser.o [1]
  .rodata             const    0x08011888     0x20  parser.o [1]
  .rodata             const    0x080118a8     0x20  parser.o [1]
  .rodata             const    0x080118c8     0x20  parser.o [1]
  .rodata             const    0x080118e8     0x20  parser.o [1]
  .rodata             const    0x08011908     0x20  parser.o [1]
  .rodata             const    0x08011928     0x20  parser.o [1]
  .rodata             const    0x08011948     0x20  parser.o [1]
  .rodata             const    0x08011968     0x20  parser.o [1]
  .rodata             const    0x08011988     0x1c  bgm111.o [1]
  .rodata             const    0x080119a4     0x1c  bgm111.o [1]
  .rodata             const    0x080119c0     0x1c  ErrorCodes.o [1]
  .rodata             const    0x080119dc     0x1c  parser.o [1]
  .rodata             const    0x080119f8     0x1c  parser.o [1]
  .rodata             const    0x08011a14     0x1c  parser.o [1]
  .text               ro code  0x08011a30     0x1a  cmain.o [5]
  .text               ro code  0x08011a4a      0x4  low_level_init.o [3]
  .text               ro code  0x08011a4e      0x4  exit.o [3]
  .text               ro code  0x08011a54      0xa  cexit.o [5]
  .text               ro code  0x08011a60     0x14  exit.o [6]
  .rodata             const    0x08011a74     0x18  app_data.o [1]
  .rodata             const    0x08011a8c     0x18  app_data.o [1]
  .rodata             const    0x08011aa4     0x18  bgm111.o [1]
  .rodata             const    0x08011abc     0x18  parser.o [1]
  .rodata             const    0x08011ad4     0x18  parser.o [1]
  .rodata             const    0x08011aec     0x18  parser.o [1]
  .rodata             const    0x08011b04     0x18  parser.o [1]
  .rodata             const    0x08011b1c     0x18  parser.o [1]
  .rodata             const    0x08011b34     0x18  parser.o [1]
  .rodata             const    0x08011b4c     0x18  parser.o [1]
  .rodata             const    0x08011b64     0x18  parser.o [1]
  .rodata             const    0x08011b7c     0x18  parser.o [1]
  .rodata             const    0x08011b94     0x18  parser.o [1]
  .rodata             const    0x08011bac     0x18  parser.o [1]
  .rodata             const    0x08011bc4     0x14  app_data.o [1]
  .rodata             const    0x08011bd8     0x14  bgm111.o [1]
  .rodata             const    0x08011bec     0x14  bgm111.o [1]
  .rodata             const    0x08011c00     0x14  ErrorCodes.o [1]
  .rodata             const    0x08011c14     0x14  gpio.o [1]
  .rodata             const    0x08011c28     0x14  parser.o [1]
  .rodata             const    0x08011c3c     0x14  parser.o [1]
  .rodata             const    0x08011c50     0x14  parser.o [1]
  .rodata             const    0x08011c64     0x14  parser.o [1]
  .rodata             const    0x08011c78     0x14  parser.o [1]
  .rodata             const    0x08011c8c     0x14  parser.o [1]
  .rodata             const    0x08011ca0     0x14  parser.o [1]
  .rodata             const    0x08011cb4     0x14  parser.o [1]
  .rodata             const    0x08011cc8     0x14  parser.o [1]
  .rodata             const    0x08011cdc     0x10  app_data.o [1]
  .rodata             const    0x08011cec     0x10  app_data.o [1]
  .rodata             const    0x08011cfc     0x10  app_data.o [1]
  .rodata             const    0x08011d0c     0x10  app_data.o [1]
  .rodata             const    0x08011d1c     0x10  app_data.o [1]
  .rodata             const    0x08011d2c     0x10  app_data.o [1]
  .rodata             const    0x08011d3c     0x10  bgm111.o [1]
  .rodata             const    0x08011d4c     0x10  bgm111.o [1]
  .rodata             const    0x08011d5c     0x10  bgm111.o [1]
  .rodata             const    0x08011d6c     0x10  bgm111.o [1]
  .rodata             const    0x08011d7c     0x10  bgm111.o [1]
  .rodata             const    0x08011d8c     0x10  main.o [1]
  .rodata             const    0x08011d9c     0x10  parser.o [1]
  .rodata             const    0x08011dac     0x10  parser.o [1]
  .rodata             const    0x08011dbc     0x10  parser.o [1]
  .rodata             const    0x08011dcc     0x10  parser.o [1]
  .rodata             const    0x08011ddc     0x10  parser.o [1]
  .rodata             const    0x08011dec     0x10  parser.o [1]
  .rodata             const    0x08011dfc     0x10  parser.o [1]
  .rodata             const    0x08011e0c     0x10  system_stm32l1xx.o [1]
  .text               ro code  0x08011e1c     0x10  startup_stm32l152xe.o [1]
  .rodata             const    0x08011e2c      0xc  app_data.o [1]
  .rodata             const    0x08011e38      0xc  bgm111.o [1]
  .rodata             const    0x08011e44      0xc  bgm111.o [1]
  .rodata             const    0x08011e50      0xc  bgm111.o [1]
  .rodata             const    0x08011e5c      0xc  bgm111.o [1]
  .rodata             const    0x08011e68      0xc  bgm111.o [1]
  .rodata             const    0x08011e74      0xc  parser.o [1]
  .rodata             const    0x08011e80      0xc  parser.o [1]
  .rodata             const    0x08011e8c      0xc  parser.o [1]
  .rodata             const    0x08011e98      0xc  parser.o [1]
  .rodata             const    0x08011ea4      0xc  parser.o [1]
  .rodata             const    0x08011eb0      0xc  parser.o [1]
  .rodata             const    0x08011ebc      0xc  parser.o [1]
  .rodata             const    0x08011ec8      0xc  stm32l1xx_hal_rcc.o [1]
  .text               ro code  0x08011ed4      0xc  cstartup_M.o [5]
  .rodata             const    0x08011ee0      0x8  app_data.o [1]
  .rodata             const    0x08011ee8      0x8  barometer.o [1]
  .rodata             const    0x08011ef0      0x8  barometer.o [1]
  .rodata             const    0x08011ef8      0x8  barometer.o [1]
  .rodata             const    0x08011f00      0x8  barometer.o [1]
  .rodata             const    0x08011f08      0x8  barometer.o [1]
  .rodata             const    0x08011f10      0x8  bgm111.o [1]
  .rodata             const    0x08011f18      0x8  bgm111.o [1]
  .rodata             const    0x08011f20      0x8  ErrorCodes.o [1]
  .rodata             const    0x08011f28      0x8  ErrorCodes.o [1]
  .rodata             const    0x08011f30      0x8  ErrorCodes.o [1]
  .rodata             const    0x08011f38      0x8  ErrorCodes.o [1]
  .rodata             const    0x08011f40      0x8  ErrorCodes.o [1]
  .rodata             const    0x08011f48      0x8  ErrorCodes.o [1]
  .rodata             const    0x08011f50      0x8  ErrorCodes.o [1]
  .rodata             const    0x08011f58      0x8  ErrorCodes.o [1]
  .rodata             const    0x08011f60      0x8  ErrorCodes.o [1]
  .rodata             const    0x08011f68      0x8  ErrorCodes.o [1]
  .rodata             const    0x08011f70      0x8  ErrorCodes.o [1]
  .rodata             const    0x08011f78      0x8  ErrorCodes.o [1]
  .rodata             const    0x08011f80      0x8  ErrorCodes.o [1]
  .rodata             const    0x08011f88      0x8  ErrorCodes.o [1]
  .rodata             const    0x08011f90      0x8  ErrorCodes.o [1]
  .rodata             const    0x08011f98      0x8  ErrorCodes.o [1]
  .rodata             const    0x08011fa0      0x8  ErrorCodes.o [1]
  .rodata             const    0x08011fa8      0x8  ErrorCodes.o [1]
  .rodata             const    0x08011fb0      0x8  ErrorCodes.o [1]
  .rodata             const    0x08011fb8      0x8  ErrorCodes.o [1]
  .rodata             const    0x08011fc0      0x8  ErrorCodes.o [1]
  .rodata             const    0x08011fc8      0x8  GridEye.o [1]
  .rodata             const    0x08011fd0      0x8  GridEye.o [1]
  .rodata             const    0x08011fd8      0x8  GridEye.o [1]
  .rodata             const    0x08011fe0      0x8  Humidity.o [1]
  .rodata             const    0x08011fe8      0x8  Humidity.o [1]
  .rodata             const    0x08011ff0      0x8  Humidity.o [1]
  .rodata             const    0x08011ff8      0x8  Humidity.o [1]
  .rodata             const    0x08012000      0x8  main.o [1]
  .rodata             const    0x08012008      0x8  parser.o [1]
  .rodata             const    0x08012010      0x8  parser.o [1]
  .rodata             const    0x08012018      0x8  parser.o [1]
  .rodata             const    0x08012020      0x8  Rd_Sound.o [1]
  .rodata             const    0x08012028      0x8  RGBLight.o [1]
  .rodata             const    0x08012030      0x8  RGBLight.o [1]
  .rodata             const    0x08012038      0x8  system_stm32l1xx.o [1]
  .rodata             const    0x08012040      0x8  Temperature.o [1]
  .rodata             const    0x08012048      0x8  Temperature.o [1]
  .rodata             const    0x08012050      0x8  Temperature.o [1]
  .rodata             const    0x08012058      0x8  VMonitor.o [1]
  .rodata             const    0x08012060      0x8  VMonitor.o [1]
  .rodata             const    0x08012068      0x8  VMonitor.o [1]
  .rodata             const    0x08012070      0x8  VMonitor.o [1]
  .rodata             const    0x08012078      0x8  VMonitor.o [1]
  .rodata             const    0x08012080      0x4  stm32l1xx_hal_rcc.o [1]
  .text               ro code  0x08012084      0x4  startup_stm32l152xe.o [1]
  .text               ro code  0x08012088      0x4  startup_stm32l152xe.o [1]
  .text               ro code  0x0801208c      0x4  startup_stm32l152xe.o [1]
  .text               ro code  0x08012090      0x4  startup_stm32l152xe.o [1]
  .text               ro code  0x08012094      0x4  startup_stm32l152xe.o [1]
  .text               ro code  0x08012098      0x4  startup_stm32l152xe.o [1]
  .text               ro code  0x0801209c      0x4  startup_stm32l152xe.o [1]
  .text               ro code  0x080120a0      0x4  startup_stm32l152xe.o [1]
  .text               ro code  0x080120a4      0x4  startup_stm32l152xe.o [1]
  .text               ro code  0x080120a8      0x4  startup_stm32l152xe.o [1]
  .text               ro code  0x080120ac      0x4  startup_stm32l152xe.o [1]
  .text               ro code  0x080120b0      0x4  startup_stm32l152xe.o [1]
  .text               ro code  0x080120b4      0x4  startup_stm32l152xe.o [1]
  .text               ro code  0x080120b8      0x4  startup_stm32l152xe.o [1]
  .text               ro code  0x080120bc      0x4  startup_stm32l152xe.o [1]
  .text               ro code  0x080120c0      0x4  startup_stm32l152xe.o [1]
  .text               ro code  0x080120c4      0x4  startup_stm32l152xe.o [1]
  .text               ro code  0x080120c8      0x4  startup_stm32l152xe.o [1]
  .text               ro code  0x080120cc      0x4  startup_stm32l152xe.o [1]
  .text               ro code  0x080120d0      0x4  startup_stm32l152xe.o [1]
  .text               ro code  0x080120d4      0x4  startup_stm32l152xe.o [1]
  .text               ro code  0x080120d8      0x4  startup_stm32l152xe.o [1]
  .text               ro code  0x080120dc      0x4  startup_stm32l152xe.o [1]
  .text               ro code  0x080120e0      0x4  startup_stm32l152xe.o [1]
  .text               ro code  0x080120e4      0x4  startup_stm32l152xe.o [1]
  .text               ro code  0x080120e8      0x4  startup_stm32l152xe.o [1]
  .text               ro code  0x080120ec      0x4  startup_stm32l152xe.o [1]
  .text               ro code  0x080120f0      0x4  startup_stm32l152xe.o [1]
  .text               ro code  0x080120f4      0x4  startup_stm32l152xe.o [1]
  .text               ro code  0x080120f8      0x4  startup_stm32l152xe.o [1]
  .text               ro code  0x080120fc      0x4  startup_stm32l152xe.o [1]
  .text               ro code  0x08012100      0x4  startup_stm32l152xe.o [1]
  .text               ro code  0x08012104      0x4  startup_stm32l152xe.o [1]
  .text               ro code  0x08012108      0x4  startup_stm32l152xe.o [1]
  .text               ro code  0x0801210c      0x4  startup_stm32l152xe.o [1]
  .text               ro code  0x08012110      0x4  startup_stm32l152xe.o [1]
  .text               ro code  0x08012114      0x4  startup_stm32l152xe.o [1]
  .text               ro code  0x08012118      0x4  startup_stm32l152xe.o [1]
  .text               ro code  0x0801211c      0x4  startup_stm32l152xe.o [1]
  .text               ro code  0x08012120      0x4  startup_stm32l152xe.o [1]
  .text               ro code  0x08012124      0x4  startup_stm32l152xe.o [1]
  .text               ro code  0x08012128      0x4  startup_stm32l152xe.o [1]
  .text               ro code  0x0801212c      0x4  startup_stm32l152xe.o [1]
  .text               ro code  0x08012130      0x4  startup_stm32l152xe.o [1]
  .text               ro code  0x08012134      0x4  startup_stm32l152xe.o [1]
  .text               ro code  0x08012138      0x4  startup_stm32l152xe.o [1]
  .text               ro code  0x0801213c      0x4  startup_stm32l152xe.o [1]
  .text               ro code  0x08012140      0x4  startup_stm32l152xe.o [1]
  .text               ro code  0x08012144      0x4  startup_stm32l152xe.o [1]
  .text               ro code  0x08012148      0x4  startup_stm32l152xe.o [1]
  .rodata             const    0x0801214c      0x0  zero_init3.o [5]
  .rodata             const    0x0801214c      0x0  packbits_init_single.o [5]
  Initializer bytes   const    0x0801214c     0x54  <for P2-1>
                             - 0x080121a0  0x1207c

Absolute sections:                            0x10
  .bss                zero     0x08070000     0x10  wwdg.o [1]
                             - 0x08070010     0x10

"P2", part 1 of 3:                           0x14c
  P2-1                         0x20000000    0x14c  <Init block>
    .data             inited   0x20000000      0xc  adc.o [1]
    .data             inited   0x2000000c      0x4  bgm111.o [1]
    .data             inited   0x20000010      0x4  bgm111.o [1]
    .data             inited   0x20000014     0x24  gpio.o [1]
    .data             inited   0x20000038      0x4  system_stm32l1xx.o [1]
    .data             inited   0x2000003c      0x4  tim.o [1]
    .data             inited   0x20000040      0x4  tim.o [1]
    .data             inited   0x20000044      0x4  tim.o [1]
    .data             inited   0x20000048      0x4  usart.o [1]
    __DLIB_PERTHREAD  inited   0x2000004c     0x88  localeconv.o [3]
    __DLIB_PERTHREAD  inited   0x200000d4      0x4  errno.o [3]
    __DLIB_PERTHREAD  inited   0x200000d8     0x74  setlocale.o [3]
                             - 0x2000014c    0x14c

"P2", part 2 of 3:                          0x1000
  CSTACK                       0x20000150   0x1000  <Block>
    CSTACK            uninit   0x20000150   0x1000  <Block tail>
  HEAP                         0x20001150      0x0  <Block>
                             - 0x20001150   0x1000

"P2", part 3 of 3:                          0x2454
  .bss                zero     0x20001150    0xf78  bgm111.o [1]
  .bss                zero     0x200020c8    0x324  bgm111.o [1]
  .bss                zero     0x200023ec    0x324  ErrorCodes.o [1]
  .bss                zero     0x20002710    0x248  app_data.o [1]
  .bss                zero     0x20002958    0x248  app_data.o [1]
  .bss                zero     0x20002ba0    0x220  usbd_conf.o [1]
  .bss                zero     0x20002dc0    0x1a0  bgm111.o [1]
  .bss                zero     0x20002f60     0x8c  tasks.o [1]
  .bss                zero     0x20002fec     0x84  bgm111.o [1]
  .bss                zero     0x20003070     0x84  bgm111.o [1]
  .bss                zero     0x200030f4     0x80  Rd_Sound.o [1]
  .bss                zero     0x20003174     0x80  Rd_Sound.o [1]
  .bss                zero     0x200031f4     0x80  Rd_Sound.o [1]
  .bss                zero     0x20003274     0x54  adc.o [1]
  .bss                zero     0x200032c8     0x40  usart.o [1]
  .bss                zero     0x20003308     0x40  usart.o [1]
  .bss                zero     0x20003348     0x3c  i2c.o [1]
  .bss                zero     0x20003384     0x38  adc.o [1]
  .bss                zero     0x200033bc     0x38  stm32l1xx_hal_timebase_TIM.o [1]
  .bss                zero     0x200033f4     0x38  tim.o [1]
  .bss                zero     0x2000342c     0x38  tim.o [1]
  .bss                zero     0x20003464     0x28  bgm111.o [1]
  .bss                zero     0x2000348c     0x28  usart.o [1]
  .bss                zero     0x200034b4     0x1c  Flash.o [1]
  .bss                zero     0x200034d0     0x18  stm32l1xx_hal_flash.o [1]
  .bss                zero     0x200034e8     0x14  wwdg.o [1]
  .bss                zero     0x200034fc     0x10  wwdg.o [1]
  .bss                zero     0x2000350c      0xc  adc.o [1]
  .bss                zero     0x20003518      0xc  app_data.o [1]
  .bss                zero     0x20003524      0xc  Flash.o [1]
  .bss                zero     0x20003530      0x8  xxmemxmalloc.o [3]
  .bss                zero     0x20003538      0x4  app_data.o [1]
  .bss                zero     0x2000353c      0x4  bgm111.o [1]
  .bss                zero     0x20003540      0x4  bgm111.o [1]
  .bss                zero     0x20003544      0x4  bgm111.o [1]
  .bss                zero     0x20003548      0x4  bgm111.o [1]
  .bss                zero     0x2000354c      0x4  bgm111.o [1]
  .bss                zero     0x20003550      0x4  Flash.o [1]
  .bss                zero     0x20003554      0x4  stm32l1xx_hal.o [1]
  .bss                zero     0x20003558      0x4  tasks.o [1]
  .bss                zero     0x2000355c      0x4  tasks.o [1]
  .bss                zero     0x20003560      0x4  tasks.o [1]
  .bss                zero     0x20003564      0x4  tasks.o [1]
  .bss                zero     0x20003568      0x4  tasks.o [1]
  .bss                zero     0x2000356c      0x4  tasks.o [1]
  .bss                zero     0x20003570      0x4  tasks.o [1]
  .bss                zero     0x20003574      0x4  tasks.o [1]
  .bss                zero     0x20003578      0x4  tasks.o [1]
  .bss                zero     0x2000357c      0x4  tasks.o [1]
  .bss                zero     0x20003580      0x4  tasks.o [1]
  .bss                zero     0x20003584      0x4  usart.o [1]
  .bss                zero     0x20003588      0x4  usart.o [1]
  .bss                zero     0x2000358c      0x4  wwdg.o [1]
  .bss                zero     0x20003590      0x4  xgetmemchunk.o [3]
  .bss                zero     0x20003594      0x2  app_data.o [1]
  .bss                zero     0x20003596      0x2  app_data.o [1]
  .bss                zero     0x20003598      0x1  adc.o [1]
  .bss                zero     0x20003599      0x1  adc.o [1]
  .bss                zero     0x2000359a      0x1  adc.o [1]
  .bss                zero     0x2000359b      0x1  bgm111.o [1]
  .bss                zero     0x2000359c      0x1  parser.o [1]
  .bss                zero     0x2000359d      0x1  tim.o [1]
  .bss                zero     0x2000359e      0x1  tim.o [1]
  .bss                zero     0x2000359f      0x1  usart.o [1]
  .bss                zero     0x200035a0      0x1  usart.o [1]
  .bss                zero     0x200035a1      0x1  usart.o [1]
  .bss                zero     0x200035a2      0x1  usbd_ctlreq.o [1]
  .bss                zero     0x200035a3      0x1  wwdg.o [1]
                             - 0x200035a4   0x2454


*******************************************************************************
*** INIT TABLE
***

          Address     Size
          -------     ----
Zero (__iar_zero_init3)
    2 destination ranges, total size 0x2464:
          0x08070000    0x10
          0x20001150  0x2454

Copy/packbits (__iar_packbits_init_single3)
    1 source range, total size 0x54 (25% of destination):
          0x0801214c    0x54
    1 destination range, total size 0x14c:
          0x20000000   0x14c



*******************************************************************************
*** MODULE SUMMARY
***

    Module                        ro code  ro data  rw data  rw data
                                                              (abs)
    ------                        -------  -------  -------  -------
D:\GoogleDriveCLT\GoogleDrive\WeatherCloud\Roadboard\Software\Road-Board-December-2016\EWARM\Road Brd MSTR Rev L Long Always\Obj: [1]
    ErrorCodes.o                      318      304      804
    Flash.o                           344                44
    GridEye.o                       3 480       24
    Humidity.o                      1 736       32
    RGBLight.o                        836       16
    Rd_Sound.o                        560        8      384
    Temperature.o                     364       24
    VMonitor.o                      1 216       40
    adc.o                             700        3      167
    app_data.o                      3 012      184    1 188
    barometer.o                       504       40
    bgm111.o                        1 708      310    5 513
    cmsis_os.o                         16
    dma.o                              48
    fix_fft.o                         604      128
    gecko_bglib.o                     432
    gpio.o                            452       29       36
    i2c.o                           1 248                60
    list.o                             64
    lps25hb.o                         584
    main.o                          1 366      248
    parser.o                        7 924    4 760        1
    port.o                             36
    portasm.o                         148
    startup_stm32l152xe.o             508
    stm32l1xx_hal.o                    72                 4
    stm32l1xx_hal_adc.o             2 090
    stm32l1xx_hal_cortex.o            432
    stm32l1xx_hal_dma.o             3 838
    stm32l1xx_hal_flash.o             408                24
    stm32l1xx_hal_flash_ex.o          204
    stm32l1xx_hal_gpio.o              888
    stm32l1xx_hal_i2c.o             4 120
    stm32l1xx_hal_msp.o               152
    stm32l1xx_hal_pcd.o             4 212
    stm32l1xx_hal_pwr_ex.o             16
    stm32l1xx_hal_rcc.o             3 284       16
    stm32l1xx_hal_tim.o               986
    stm32l1xx_hal_tim_ex.o             94
    stm32l1xx_hal_timebase_TIM.o      144                56
    stm32l1xx_hal_uart.o            2 284
    stm32l1xx_hal_wwdg.o              214
    stm32l1xx_it.o                    132
    system_stm32l1xx.o                100       25        4
    tasks.o                           548               184
    tim.o                             548        3      126
    usart.o                         1 212        1      183
    usbd_conf.o                       408               544
    usbd_core.o                       712
    usbd_ctlreq.o                   1 544                 1
    usbd_ioreq.o                      144
    wwdg.o                            296                41       16
    ----------------------------------------------------------------
    Total:                         57 290    6 195    9 364       16

command line: [2]
    ----------------------------------------------------------------
    Total:

dl7M_tlf.a: [3]
    div.o                              14
    errno.o                            12        1        4
    exit.o                              4
    localeconv.o                      108       34      136
    low_level_init.o                    4
    setlocale.o                        20       30      116
    sprintf.o                          52
    strcat.o                           28
    strncmp.o                          44
    xencoding_sb.o                     96
    xgetmemchunk.o                     44                 4
    xmbcurmax.o                        10
    xmbtowc.o                          32
    xprintffull.o                   4 510
    xsprout.o                          10
    xtls.o                              2
    xwctomb.o                          26
    xxmemxfree.o                      128
    xxmemxmalloc.o                    176                 8
    ----------------------------------------------------------------
    Total:                          5 320       65      268

m7M_tl.a: [4]
    DblAdd.o                          232
    DblCmpGe.o                         46
    DblCmpLe.o                         46
    DblDiv.o                          598
    DblMul.o                          418
    DblSub.o                          384
    DblToFlt.o                        144
    DblToI32.o                         88
    FltAdd.o                          132
    FltCmpGe.o                         36
    FltDiv.o                          252
    FltMul.o                          216
    FltSub.o                          214
    FltToDbl.o                         78
    FltToS32.o                         68
    I32ToDbl.o                         48
    I32ToFlt.o                         50
    ceil.o                             94
    modf.o                            184
    round.o                            68
    sqrt.o                            240
    xdint.o                           122
    xdnorm.o                           68
    xdscale.o                         268
    ----------------------------------------------------------------
    Total:                          4 094

rt7M_tl.a: [5]
    ABImemcpy_unaligned.o             118
    ABImemset.o                        94
    I64DivMod.o                       238
    I64DivZer.o                         2
    cexit.o                            10
    cmain.o                            26
    cstartup_M.o                       12
    data_init.o                        40
    iarEdom.o                          12
    memchr.o                           88
    packbits_init_single.o             56
    strchr.o                           22
    strcmp_unaligned.o                 66
    strcpy_unaligned.o                 68
    strlen.o                           54
    strncpy_unaligned.o               108
    zero_init3.o                       64
    ----------------------------------------------------------------
    Total:                          1 078

shb_l.a: [6]
    exit.o                             20
    ----------------------------------------------------------------
    Total:                             20

    Gaps                               42
    Linker created                              40    4 096
--------------------------------------------------------------------
    Grand Total:                   67 844    6 300   13 728       16


*******************************************************************************
*** ENTRY LIST
***

Entry                      Address    Size  Type      Object
-----                      -------    ----  ----      ------
.iar.init_table$$Base   0x080117e0           --   Gb  - Linker created -
.iar.init_table$$Limit  0x08011808           --   Gb  - Linker created -
?main                   0x08011a31          Code  Gb  cmain.o [5]
ADC_Channel             0x2000359a     0x1  Data  Lc  adc.o [1]
ADC_Config              0x08007873    0xbe  Code  Gb  adc.o [1]
ADC_ConversionStop_Disable
                        0x0800c195    0x4a  Code  Gb  stm32l1xx_hal_adc.o [1]
ADC_DMAConvCplt         0x0800c1e1    0x6e  Code  Lc  stm32l1xx_hal_adc.o [1]
ADC_DMAError            0x0800c261    0x1e  Code  Lc  stm32l1xx_hal_adc.o [1]
ADC_DMAHalfConvCplt     0x0800c251     0xe  Code  Lc  stm32l1xx_hal_adc.o [1]
ADC_Enable              0x0800c0f7    0x72  Code  Gb  stm32l1xx_hal_adc.o [1]
AHBPrescTable           0x08011e0c    0x10  Data  Gb  system_stm32l1xx.o [1]
APBPrescTable           0x08012038     0x8  Data  Gb  system_stm32l1xx.o [1]
BGM111_Connected        0x0800287f     0x8  Code  Gb  bgm111.o [1]
BGM111_DataConnected    0x08002887     0x8  Code  Gb  bgm111.o [1]
BGM111_Init             0x08002639    0x32  Code  Gb  bgm111.o [1]
BGM111_LowLevel_Init    0x08002599    0x2a  Code  Gb  bgm111.o [1]
BGM111_Peek             0x0800262f     0xa  Code  Gb  bgm111.o [1]
BGM111_ProcessInput     0x0800266b   0x20c  Code  Gb  bgm111.o [1]
BGM111_Ready            0x08002877     0x8  Code  Gb  bgm111.o [1]
BGM111_Receive          0x080025d1    0x5e  Code  Gb  bgm111.o [1]
BGM111_Transmit         0x08002915   0x11e  Code  Gb  bgm111.o [1]
BGM111_UART_IRQHandler  0x0800288f    0x84  Code  Gb  bgm111.o [1]
Bypass                  0x2000359c     0x1  Data  Lc  parser.o [1]
CSTACK$$Base            0x20000150           --   Gb  - Linker created -
CSTACK$$Limit           0x20001150           --   Gb  - Linker created -
Clear_Timer2_Flg        0x0800b999     0x8  Code  Gb  tim.o [1]
Clr_HeartBeat           0x08003a8b     0x8  Code  Gb  app_data.o [1]
Clr_HrtBeat_Cnt         0x08003a75     0x8  Code  Gb  app_data.o [1]
CodesArray              0x080107bc    0x58  Data  Gb  ErrorCodes.o [1]
DMA1_Channel1_IRQHandler
                        0x08010629     0xa  Code  Gb  stm32l1xx_it.o [1]
DMA_SetConfig           0x0800d15d    0x22  Code  Lc  stm32l1xx_hal_dma.o [1]
Error_Handler           0x08007079    0x2e  Code  Gb  main.o [1]
FIX_MPY                 0x0800d17f    0x1c  Code  Gb  fix_fft.o [1]
FLASH_PageErase         0x0800e78b    0x28  Code  Gb  stm32l1xx_hal_flash_ex.o [1]
FLASH_SetErrorCode      0x0800e5ff    0x6a  Code  Lc  stm32l1xx_hal_flash.o [1]
FLASH_WaitForLastOperation
                        0x0800e59b    0x64  Code  Gb  stm32l1xx_hal_flash.o [1]
Get_DriverStates        0x0800399d    0x5c  Code  Gb  app_data.o [1]
Get_DriverStatus        0x080039fd    0x78  Code  Gb  app_data.o [1]
HAL_ADC_ConfigChannel   0x0800bf11   0x1e6  Code  Gb  stm32l1xx_hal_adc.o [1]
HAL_ADC_ConvCpltCallback
                        0x080079af     0xe  Code  Gb  adc.o [1]
HAL_ADC_ConvHalfCpltCallback
                        0x080079ed     0x2  Code  Gb  adc.o [1]
HAL_ADC_DeInit          0x0800bc1b   0x134  Code  Gb  stm32l1xx_hal_adc.o [1]
HAL_ADC_ErrorCallback   0x080079ef     0xa  Code  Gb  adc.o [1]
HAL_ADC_Init            0x0800ba55   0x1c6  Code  Gb  stm32l1xx_hal_adc.o [1]
HAL_ADC_MspDeInit       0x0800784b    0x28  Code  Gb  adc.o [1]
HAL_ADC_MspInit         0x080077c5    0x86  Code  Gb  adc.o [1]
HAL_ADC_Start           0x0800bd4f    0x88  Code  Gb  stm32l1xx_hal_adc.o [1]
HAL_ADC_Start_DMA       0x0800bdd7    0xcc  Code  Gb  stm32l1xx_hal_adc.o [1]
HAL_ADC_Stop_DMA        0x0800bea3    0x6e  Code  Gb  stm32l1xx_hal_adc.o [1]
HAL_DMA_Abort           0x0800c7bb    0x54  Code  Gb  stm32l1xx_hal_dma.o [1]
HAL_DMA_DeInit          0x0800c2d9   0x43e  Code  Gb  stm32l1xx_hal_dma.o [1]
HAL_DMA_IRQHandler      0x0800c815   0x906  Code  Gb  stm32l1xx_hal_dma.o [1]
HAL_DMA_Init            0x0800c281    0x58  Code  Gb  stm32l1xx_hal_dma.o [1]
HAL_DMA_Start_IT        0x0800c74d    0x6e  Code  Gb  stm32l1xx_hal_dma.o [1]
HAL_Delay               0x0800986d    0x1a  Code  Wk  stm32l1xx_hal.o [1]
HAL_FLASHEx_Erase       0x0800e6f1    0x9a  Code  Gb  stm32l1xx_hal_flash_ex.o [1]
HAL_FLASH_GetError      0x0800e595     0x6  Code  Gb  stm32l1xx_hal_flash.o [1]
HAL_FLASH_Lock          0x0800e585    0x10  Code  Gb  stm32l1xx_hal_flash.o [1]
HAL_FLASH_Program       0x0800e4f9    0x5c  Code  Gb  stm32l1xx_hal_flash.o [1]
HAL_FLASH_Unlock        0x0800e555    0x30  Code  Gb  stm32l1xx_hal_flash.o [1]
HAL_GPIO_DeInit         0x0800727b   0x13c  Code  Gb  stm32l1xx_hal_gpio.o [1]
HAL_GPIO_Init           0x080070a9   0x1d2  Code  Gb  stm32l1xx_hal_gpio.o [1]
HAL_GPIO_ReadPin        0x080073b7    0x18  Code  Gb  stm32l1xx_hal_gpio.o [1]
HAL_GPIO_TogglePin      0x080073e3     0xa  Code  Gb  stm32l1xx_hal_gpio.o [1]
HAL_GPIO_WritePin       0x080073cf    0x14  Code  Gb  stm32l1xx_hal_gpio.o [1]
HAL_GetTick             0x08009867     0x6  Code  Wk  stm32l1xx_hal.o [1]
HAL_I2C_ER_IRQHandler   0x0800a399    0xce  Code  Gb  stm32l1xx_hal_i2c.o [1]
HAL_I2C_EV_IRQHandler   0x0800a265   0x134  Code  Gb  stm32l1xx_hal_i2c.o [1]
HAL_I2C_ErrorCallback   0x0800a473     0x2  Code  Wk  stm32l1xx_hal_i2c.o [1]
HAL_I2C_GetError        0x0800a47b     0x4  Code  Gb  stm32l1xx_hal_i2c.o [1]
HAL_I2C_GetState        0x0800a475     0x6  Code  Gb  stm32l1xx_hal_i2c.o [1]
HAL_I2C_Init            0x08009b15   0x172  Code  Gb  stm32l1xx_hal_i2c.o [1]
HAL_I2C_MasterRxCpltCallback
                        0x0800a469     0x2  Code  Wk  stm32l1xx_hal_i2c.o [1]
HAL_I2C_MasterTxCpltCallback
                        0x0800a467     0x2  Code  Wk  stm32l1xx_hal_i2c.o [1]
HAL_I2C_Master_Receive  0x08009dbf   0x256  Code  Gb  stm32l1xx_hal_i2c.o [1]
HAL_I2C_Master_Receive_IT
                        0x0800a0fb   0x14e  Code  Gb  stm32l1xx_hal_i2c.o [1]
HAL_I2C_Master_Transmit
                        0x08009c87   0x138  Code  Gb  stm32l1xx_hal_i2c.o [1]
HAL_I2C_Master_Transmit_IT
                        0x0800a015    0xe6  Code  Gb  stm32l1xx_hal_i2c.o [1]
HAL_I2C_MemRxCpltCallback
                        0x0800a471     0x2  Code  Wk  stm32l1xx_hal_i2c.o [1]
HAL_I2C_MemTxCpltCallback
                        0x0800a46f     0x2  Code  Wk  stm32l1xx_hal_i2c.o [1]
HAL_I2C_MspInit         0x08005c37    0x50  Code  Gb  i2c.o [1]
HAL_I2C_SlaveRxCpltCallback
                        0x0800a46d     0x2  Code  Wk  stm32l1xx_hal_i2c.o [1]
HAL_I2C_SlaveTxCpltCallback
                        0x0800a46b     0x2  Code  Wk  stm32l1xx_hal_i2c.o [1]
HAL_IncTick             0x0800985b     0xc  Code  Wk  stm32l1xx_hal.o [1]
HAL_Init                0x08009845    0x16  Code  Gb  stm32l1xx_hal.o [1]
HAL_InitTick            0x0800dd29    0x80  Code  Gb  stm32l1xx_hal_timebase_TIM.o [1]
HAL_MspInit             0x0800ddb9    0x98  Code  Gb  stm32l1xx_hal_msp.o [1]
HAL_NVIC_DisableIRQ     0x080061f5     0xe  Code  Gb  stm32l1xx_hal_cortex.o [1]
HAL_NVIC_EnableIRQ      0x080061e7     0xe  Code  Gb  stm32l1xx_hal_cortex.o [1]
HAL_NVIC_SetPriority    0x080061c1    0x26  Code  Gb  stm32l1xx_hal_cortex.o [1]
HAL_NVIC_SetPriorityGrouping
                        0x080061b5     0xc  Code  Gb  stm32l1xx_hal_cortex.o [1]
HAL_NVIC_SystemReset    0x08006203     0x8  Code  Gb  stm32l1xx_hal_cortex.o [1]
HAL_PCD_DataInStageCallback
                        0x0800f869    0x20  Code  Gb  usbd_conf.o [1]
HAL_PCD_DataOutStageCallback
                        0x0800f847    0x22  Code  Gb  usbd_conf.o [1]
HAL_PCD_EP_ClrStall     0x0800f727   0x10a  Code  Gb  stm32l1xx_hal_pcd.o [1]
HAL_PCD_EP_Open         0x0800edd9   0x476  Code  Gb  stm32l1xx_hal_pcd.o [1]
HAL_PCD_EP_Receive      0x0800f24f   0x1ac  Code  Gb  stm32l1xx_hal_pcd.o [1]
HAL_PCD_EP_SetStall     0x0800f649    0xde  Code  Gb  stm32l1xx_hal_pcd.o [1]
HAL_PCD_EP_Transmit     0x0800f3fb   0x24e  Code  Gb  stm32l1xx_hal_pcd.o [1]
HAL_PCD_IRQHandler      0x0800ec63   0x144  Code  Gb  stm32l1xx_hal_pcd.o [1]
HAL_PCD_ResetCallback   0x0800f897    0x2c  Code  Gb  usbd_conf.o [1]
HAL_PCD_ResumeCallback  0x0800f8e3     0xe  Code  Gb  usbd_conf.o [1]
HAL_PCD_SOFCallback     0x0800f889     0xe  Code  Gb  usbd_conf.o [1]
HAL_PCD_SetAddress      0x0800eda7    0x32  Code  Gb  stm32l1xx_hal_pcd.o [1]
HAL_PCD_SetupStageCallback
                        0x0800f831    0x16  Code  Gb  usbd_conf.o [1]
HAL_PCD_SuspendCallback
                        0x0800f8c3    0x20  Code  Gb  usbd_conf.o [1]
HAL_PWREx_GetVoltageRange
                        0x0800e001     0xa  Code  Gb  stm32l1xx_hal_pwr_ex.o [1]
HAL_RCC_ClockConfig     0x0800b357   0x2a0  Code  Gb  stm32l1xx_hal_rcc.o [1]
HAL_RCC_GetClockConfig  0x0800b6fd    0x3a  Code  Gb  stm32l1xx_hal_rcc.o [1]
HAL_RCC_GetHCLKFreq     0x0800b6a1     0x6  Code  Gb  stm32l1xx_hal_rcc.o [1]
HAL_RCC_GetPCLK1Freq    0x0800b6a7    0x20  Code  Gb  stm32l1xx_hal_rcc.o [1]
HAL_RCC_GetPCLK2Freq    0x0800b6c7    0x20  Code  Gb  stm32l1xx_hal_rcc.o [1]
HAL_RCC_GetSysClockFreq
                        0x0800b5f7    0xaa  Code  Gb  stm32l1xx_hal_rcc.o [1]
HAL_RCC_OscConfig       0x0800ab2d   0x82a  Code  Gb  stm32l1xx_hal_rcc.o [1]
HAL_SYSTICK_CLKSourceConfig
                        0x08006217    0x22  Code  Gb  stm32l1xx_hal_cortex.o [1]
HAL_SYSTICK_Config      0x0800620b     0xc  Code  Gb  stm32l1xx_hal_cortex.o [1]
HAL_TIMEx_MasterConfigSynchronization
                        0x0800e3eb    0x5e  Code  Gb  stm32l1xx_hal_tim_ex.o [1]
HAL_TIM_Base_Init       0x0800e011    0x38  Code  Gb  stm32l1xx_hal_tim.o [1]
HAL_TIM_Base_MspInit    0x0800b8fb    0x48  Code  Gb  tim.o [1]
HAL_TIM_Base_Start_IT   0x0800e049    0x1e  Code  Gb  stm32l1xx_hal_tim.o [1]
HAL_TIM_ConfigClockSource
                        0x0800e1a1   0x122  Code  Gb  stm32l1xx_hal_tim.o [1]
HAL_TIM_IC_CaptureCallback
                        0x0800e2c5     0x2  Code  Wk  stm32l1xx_hal_tim.o [1]
HAL_TIM_IRQHandler      0x0800e067   0x13a  Code  Gb  stm32l1xx_hal_tim.o [1]
HAL_TIM_OC_DelayElapsedCallback
                        0x0800e2c3     0x2  Code  Wk  stm32l1xx_hal_tim.o [1]
HAL_TIM_PWM_PulseFinishedCallback
                        0x0800e2c7     0x2  Code  Wk  stm32l1xx_hal_tim.o [1]
HAL_TIM_PeriodElapsedCallback
                        0x0800b943    0x56  Code  Gb  tim.o [1]
HAL_TIM_StartTimer2     0x0800ba05    0x12  Code  Gb  tim.o [1]
HAL_TIM_StartTimer3     0x0800ba17    0x12  Code  Gb  tim.o [1]
HAL_TIM_TriggerCallback
                        0x0800e2c9     0x2  Code  Wk  stm32l1xx_hal_tim.o [1]
HAL_UART_EnableBGM_RX   0x080024eb    0x32  Code  Gb  usart.o [1]
HAL_UART_EnableBGM_TXE  0x080024d9    0x12  Code  Gb  usart.o [1]
HAL_UART_ErrorCallback  0x080024d7     0x2  Code  Gb  usart.o [1]
HAL_UART_IRQHandler     0x080064cb   0x11a  Code  Gb  stm32l1xx_hal_uart.o [1]
HAL_UART_Init           0x08006265    0x72  Code  Gb  stm32l1xx_hal_uart.o [1]
HAL_UART_MspInit        0x0800214f    0xba  Code  Gb  usart.o [1]
HAL_UART_Receive_IT     0x08006443    0x88  Code  Gb  stm32l1xx_hal_uart.o [1]
HAL_UART_RxCpltCallback
                        0x08002427    0xb0  Code  Gb  usart.o [1]
HAL_UART_RxCpltCallback::len
                        0x20003588     0x4  Data  Lc  usart.o [1]
HAL_UART_RxCpltCallback::temp_ptr
                        0x20003584     0x4  Data  Lc  usart.o [1]
HAL_UART_Transmit       0x080062d7    0xfc  Code  Gb  stm32l1xx_hal_uart.o [1]
HAL_UART_Transmit_IT    0x080063d3    0x70  Code  Gb  stm32l1xx_hal_uart.o [1]
HAL_UART_TxCpltCallback
                        0x080023eb    0x20  Code  Gb  usart.o [1]
HAL_WWDG_IRQHandler     0x0800dba5    0x2c  Code  Gb  stm32l1xx_hal_wwdg.o [1]
HAL_WWDG_Init           0x0800dafb    0x4c  Code  Gb  stm32l1xx_hal_wwdg.o [1]
HAL_WWDG_MspInit        0x0800970b    0x26  Code  Gb  wwdg.o [1]
HAL_WWDG_Refresh        0x0800db77    0x2e  Code  Gb  stm32l1xx_hal_wwdg.o [1]
HAL_WWDG_Start_IT       0x0800db47    0x30  Code  Gb  stm32l1xx_hal_wwdg.o [1]
HAL_WWDG_WakeupCallback
                        0x08009761    0x18  Code  Gb  wwdg.o [1]
HAL_WWDG_WakeupCallback::OnceFlg
                        0x200035a3     0x1  Data  Lc  wwdg.o [1]
HEAP$$Base              0x20001150           --   Gb  - Linker created -
HEAP$$Limit             0x20001150           --   Gb  - Linker created -
HeartBeat_Cnt           0x20003596     0x2  Data  Lc  app_data.o [1]
I2C1_ER_IRQHandler      0x08010665     0xa  Code  Gb  stm32l1xx_it.o [1]
I2C1_EV_IRQHandler      0x0801065b     0xa  Code  Gb  stm32l1xx_it.o [1]
I2C_IsAcknowledgeFailed
                        0x0800ab03    0x2a  Code  Lc  stm32l1xx_hal_i2c.o [1]
I2C_MasterReceive_BTF   0x0800a583    0xa6  Code  Lc  stm32l1xx_hal_i2c.o [1]
I2C_MasterReceive_RXNE  0x0800a507    0x7c  Code  Lc  stm32l1xx_hal_i2c.o [1]
I2C_MasterRequestRead   0x0800a7c5   0x106  Code  Lc  stm32l1xx_hal_i2c.o [1]
I2C_MasterRequestWrite  0x0800a72f    0x96  Code  Lc  stm32l1xx_hal_i2c.o [1]
I2C_MasterTransmit_BTF  0x0800a4ab    0x5c  Code  Lc  stm32l1xx_hal_i2c.o [1]
I2C_MasterTransmit_TXE  0x0800a47f    0x2c  Code  Lc  stm32l1xx_hal_i2c.o [1]
I2C_SlaveReceive_BTF    0x0800a683    0x1e  Code  Lc  stm32l1xx_hal_i2c.o [1]
I2C_SlaveReceive_RXNE   0x0800a665    0x1e  Code  Lc  stm32l1xx_hal_i2c.o [1]
I2C_SlaveTransmit_BTF   0x0800a647    0x1e  Code  Lc  stm32l1xx_hal_i2c.o [1]
I2C_SlaveTransmit_TXE   0x0800a629    0x1e  Code  Lc  stm32l1xx_hal_i2c.o [1]
I2C_Slave_ADDR          0x0800a6a1    0x18  Code  Lc  stm32l1xx_hal_i2c.o [1]
I2C_Slave_AF            0x0800a6fb    0x34  Code  Lc  stm32l1xx_hal_i2c.o [1]
I2C_Slave_STOPF         0x0800a6b9    0x42  Code  Lc  stm32l1xx_hal_i2c.o [1]
I2C_WaitBusyFlag        0x08005f2d    0x12  Code  Gb  i2c.o [1]
I2C_WaitOnFlagUntilTimeout
                        0x0800a8d5    0xda  Code  Lc  stm32l1xx_hal_i2c.o [1]
I2C_WaitOnMasterAddressFlagUntilTimeout
                        0x0800a9af    0x9e  Code  Lc  stm32l1xx_hal_i2c.o [1]
I2C_WaitOnRXNEFlagUntilTimeout
                        0x0800aa9f    0x64  Code  Lc  stm32l1xx_hal_i2c.o [1]
I2C_WaitOnTXEFlagUntilTimeout
                        0x0800aa4d    0x52  Code  Lc  stm32l1xx_hal_i2c.o [1]
InitSensors             0x0800307d    0x22  Code  Gb  app_data.o [1]
LPS25HB_GetPressure     0x08009129    0x2c  Code  Gb  lps25hb.o [1]
LPS25HB_GetTemperature  0x08009197    0x2e  Code  Gb  lps25hb.o [1]
LPS25HB_I2C_GetRawTemperature
                        0x08009155     0xc  Code  Gb  lps25hb.o [1]
LPS25HB_I2C_ReadRawPressure
                        0x080090df    0x4a  Code  Lc  lps25hb.o [1]
LPS25HB_I2C_ReadRawTemperature
                        0x08009161    0x36  Code  Lc  lps25hb.o [1]
LPS25HB_Init            0x08008fcd   0x112  Code  Gb  lps25hb.o [1]
LPS25HB_PowerOn         0x080091c5    0x48  Code  Lc  lps25hb.o [1]
LoadInt                 0x0800849b    0x70  Code  Lc  xprintffull.o [3]
MX_ADC_Init             0x0800773d    0x88  Code  Gb  adc.o [1]
MX_DMA_Init             0x0800b801    0x30  Code  Gb  dma.o [1]
MX_GPIO_Init            0x08005a11   0x13a  Code  Gb  gpio.o [1]
MX_I2C1_Init            0x08005bd5    0x62  Code  Gb  i2c.o [1]
MX_I2C1_Reset           0x08005c87    0x50  Code  Gb  i2c.o [1]
MX_TIM2_Init            0x0800b831    0x66  Code  Gb  tim.o [1]
MX_TIM3_Init            0x0800b897    0x64  Code  Gb  tim.o [1]
MX_USART2_UART_Init     0x0800209d    0x58  Code  Gb  usart.o [1]
MX_USART3_UART_Init     0x080020f5    0x5a  Code  Gb  usart.o [1]
MX_WWDG_Init            0x080096d9    0x32  Code  Gb  wwdg.o [1]
ModuleArray             0x080119c0    0x1c  Data  Gb  ErrorCodes.o [1]
NVIC_DisableIRQ         0x080060f1    0x14  Code  Lc  stm32l1xx_hal_cortex.o [1]
NVIC_EnableIRQ          0x080060dd    0x14  Code  Lc  stm32l1xx_hal_cortex.o [1]
NVIC_EncodePriority     0x0800612b    0x3e  Code  Lc  stm32l1xx_hal_cortex.o [1]
NVIC_GetPriorityGrouping
                        0x080060d3     0xa  Code  Lc  stm32l1xx_hal_cortex.o [1]
NVIC_SetPriority        0x08006105    0x26  Code  Lc  stm32l1xx_hal_cortex.o [1]
NVIC_SetPriorityGrouping
                        0x080060b5    0x1e  Code  Lc  stm32l1xx_hal_cortex.o [1]
NVIC_SystemReset        0x08006169    0x1c  Code  Lc  stm32l1xx_hal_cortex.o [1]
NextBufIdx              0x080025c3     0xe  Code  Gb  bgm111.o [1]
PCD_EP_ISR_Handler      0x0800e7bd   0x43a  Code  Lc  stm32l1xx_hal_pcd.o [1]
PCD_ReadPMA             0x0800ec37    0x2c  Code  Lc  stm32l1xx_hal_pcd.o [1]
PCD_WritePMA            0x0800ebf7    0x40  Code  Lc  stm32l1xx_hal_pcd.o [1]
PageError               0x20003550     0x4  Data  Gb  Flash.o [1]
PendSV_Handler          0x0801054d          Code  Gb  portasm.o [1]
Proc_Timer2             0x0800b9b1    0x54  Code  Gb  tim.o [1]
ProcessSensorState      0x080030b3   0x67a  Code  Gb  app_data.o [1]
Process_RdSound         0x0800372d    0xa0  Code  Gb  app_data.o [1]
RBIsBufFull             0x080075df    0x1e  Code  Gb  ErrorCodes.o [1]
RBNextBufIdx            0x080075d1     0xe  Code  Gb  ErrorCodes.o [1]
RCC_SetFlashLatencyFromMSIRange
                        0x0800b73d    0x90  Code  Lc  stm32l1xx_hal_rcc.o [1]
RdBrdI2C_WaitOnFlagUntilTimeout
                        0x08005f3f    0xda  Code  Lc  i2c.o [1]
RdBrd_BlinkErrCd        0x0800769d    0x4e  Code  Gb  ErrorCodes.o [1]
RdBrd_ErrCdLogErrCd     0x080075fd    0x8e  Code  Gb  ErrorCodes.o [1]
RdSndTickCnt            0x20000040     0x4  Data  Lc  tim.o [1]
Region$$Table$$Base     0x080117e0           --   Gb  - Linker created -
Region$$Table$$Limit    0x08011808           --   Gb  - Linker created -
Reset_DriverStates      0x08003913    0x32  Code  Gb  app_data.o [1]
RoadBrdSnd_ClearImgnryBffr
                        0x08002c05    0x14  Code  Gb  Rd_Sound.o [1]
RoadBrdSnd_ClrBffrs     0x08002df9    0x20  Code  Gb  Rd_Sound.o [1]
RoadBrdSnd_DumpBin0     0x08002cef    0x40  Code  Gb  Rd_Sound.o [1]
RoadBrdSnd_DumpBin16    0x08002d2f    0x42  Code  Gb  Rd_Sound.o [1]
RoadBrdSnd_DumpBin32    0x08002d71    0x44  Code  Gb  Rd_Sound.o [1]
RoadBrdSnd_DumpBin48    0x08002db5    0x44  Code  Gb  Rd_Sound.o [1]
RoadBrdSnd_ProcessSound
                        0x08002c69    0x86  Code  Gb  Rd_Sound.o [1]
RoadBrdSnd_SampleSound  0x08002c1d    0x4c  Code  Gb  Rd_Sound.o [1]
RoadBrdSnd_getSaveBffr  0x08002c19     0x4  Code  Gb  Rd_Sound.o [1]
RoadBrd_ADC_PORT        0x20000000     0xc  Data  Gb  adc.o [1]
RoadBrd_ADC_Start       0x08007931    0x6e  Code  Gb  adc.o [1]
RoadBrd_ADC_Status      0x0800799f    0x10  Code  Gb  adc.o [1]
RoadBrd_Baro_ReadPressure
                        0x08002ed9    0x88  Code  Gb  barometer.o [1]
RoadBrd_Baro_ReadTemp   0x08002f61    0xa6  Code  Gb  barometer.o [1]
RoadBrd_CoolEyeInit     0x08003c41    0x6a  Code  Gb  GridEye.o [1]
RoadBrd_CoolEye_ReadValues
                        0x08003cad   0x5b8  Code  Gb  GridEye.o [1]
RoadBrd_Delay           0x08005f23     0xa  Code  Gb  i2c.o [1]
RoadBrd_Delay2          0x080076eb    0x16  Code  Gb  ErrorCodes.o [1]
RoadBrd_FlashRead       0x0800dd09    0x20  Code  Gb  Flash.o [1]
RoadBrd_FlashWrite      0x0800dbd1   0x124  Code  Gb  Flash.o [1]
RoadBrd_FlashWrite::EraseInitStruct
                        0x20003524     0xc  Data  Lc  Flash.o [1]
RoadBrd_FlashWrite::OptionsBytesStruct
                        0x200034b4    0x1c  Data  Lc  Flash.o [1]
RoadBrd_GetBGPtr        0x08002321     0x6  Code  Gb  usart.o [1]
RoadBrd_GetBffrFlg      0x08002331     0x6  Code  Gb  usart.o [1]
RoadBrd_GridEyeInit     0x08004269    0xd6  Code  Gb  GridEye.o [1]
RoadBrd_GridEyeReset    0x0800433f    0x96  Code  Gb  GridEye.o [1]
RoadBrd_GridEye_ReadValues
                        0x080043d5   0x5d0  Code  Gb  GridEye.o [1]
RoadBrd_HumidityInit    0x08004e99    0xa6  Code  Gb  Humidity.o [1]
RoadBrd_Humidity_ReadHumidity
                        0x08004f3f   0x2f8  Code  Gb  Humidity.o [1]
RoadBrd_Humidity_ReadTemperature
                        0x0800523d   0x2f0  Code  Gb  Humidity.o [1]
RoadBrd_I2C_GetError    0x08005ed1     0xa  Code  Gb  i2c.o [1]
RoadBrd_I2C_GetState    0x08005edb     0xa  Code  Gb  i2c.o [1]
RoadBrd_I2C_Master_CmdReceive
                        0x08005e0f    0x60  Code  Gb  i2c.o [1]
RoadBrd_I2C_Master_Receive
                        0x08005e6f    0x36  Code  Gb  i2c.o [1]
RoadBrd_I2C_Master_Receive_IT
                        0x08005ea5    0x2c  Code  Gb  i2c.o [1]
RoadBrd_I2C_Master_Transmit
                        0x08005dd9    0x36  Code  Gb  i2c.o [1]
RoadBrd_I2C_Master_Transmit_CMDData
                        0x08005d3f    0x6e  Code  Gb  i2c.o [1]
RoadBrd_I2C_Master_Transmit_CMDData_IT
                        0x08005cd7    0x68  Code  Gb  i2c.o [1]
RoadBrd_I2C_Master_Transmit_IT
                        0x08005dad    0x2c  Code  Gb  i2c.o [1]
RoadBrd_Init_Barometer  0x08002e85    0x54  Code  Gb  barometer.o [1]
RoadBrd_Init_VMonitor   0x080049d9    0xb6  Code  Gb  VMonitor.o [1]
RoadBrd_LED_On          0x08005b4b    0x1c  Code  Gb  gpio.o [1]
RoadBrd_LED_PIN         0x08011c14    0x14  Data  Gb  gpio.o [1]
RoadBrd_LED_PORT        0x20000014    0x24  Data  Gb  gpio.o [1]
RoadBrd_LED_Toggle      0x08005b67    0x1a  Code  Gb  gpio.o [1]
RoadBrd_ParseString     0x08000125  0x1d38  Code  Gb  parser.o [1]
RoadBrd_ProcessBGMChar  0x08002a53   0x108  Code  Gb  bgm111.o [1]
RoadBrd_ProcessBGMChar::in_ptr
                        0x2000359b     0x1  Data  Lc  bgm111.o [1]
RoadBrd_ProcessBGMChar::tempBffr2
                        0x20003464    0x28  Data  Lc  bgm111.o [1]
RoadBrd_RGBFullInit     0x0800571d    0x54  Code  Gb  RGBLight.o [1]
RoadBrd_RGBInit         0x080056cd    0x50  Code  Gb  RGBLight.o [1]
RoadBrd_RGBReadID       0x080057b5    0x96  Code  Gb  RGBLight.o [1]
RoadBrd_RGBReadStatus   0x0800584b    0x96  Code  Gb  RGBLight.o [1]
RoadBrd_RGBReadValues   0x080058e1   0x120  Code  Gb  RGBLight.o [1]
RoadBrd_RGBReset        0x08005771    0x44  Code  Gb  RGBLight.o [1]
RoadBrd_ReadTemp        0x08005561   0x16c  Code  Gb  Temperature.o [1]
RoadBrd_SetBffrFlg      0x08002327     0xa  Code  Gb  usart.o [1]
RoadBrd_TestI2C         0x08006019    0x8a  Code  Gb  i2c.o [1]
RoadBrd_TestandRead_Barometer
                        0x08003031    0x4c  Code  Gb  barometer.o [1]
RoadBrd_UART_Receive_IT
                        0x08002337    0x7a  Code  Gb  usart.o [1]
RoadBrd_UART_Transmit   0x08002209    0x90  Code  Gb  usart.o [1]
RoadBrd_UART_Transmit_IT
                        0x08002299    0x88  Code  Gb  usart.o [1]
RoadBrd_Uart_GetState   0x080023c9    0x22  Code  Gb  usart.o [1]
RoadBrd_Uart_Status     0x080023b1    0x18  Code  Gb  usart.o [1]
RoadBrd_VMonitor_RdCurrent
                        0x08004b7b    0xec  Code  Gb  VMonitor.o [1]
RoadBrd_VMonitor_RdPower
                        0x08004c67    0xf4  Code  Gb  VMonitor.o [1]
RoadBrd_VMonitor_RdShntVltg
                        0x08004a8f    0xec  Code  Gb  VMonitor.o [1]
RoadBrd_VMonitor_RdVoltage
                        0x08004d61    0xf2  Code  Gb  VMonitor.o [1]
RoadBrd_WWDG_GetRefreshCnt
                        0x08009755     0xc  Code  Gb  wwdg.o [1]
RoadBrd_WWDG_InitializeFrmFlash
                        0x080097b1    0x34  Code  Gb  wwdg.o [1]
RoadBrd_WWDG_Refresh    0x0800973b    0x1a  Code  Gb  wwdg.o [1]
RoadBrd_WWDG_Start      0x08009731     0xa  Code  Gb  wwdg.o [1]
RoadBrd_WWDG_VerifyFrame
                        0x08009783    0x2e  Code  Gb  wwdg.o [1]
RoadBrd_WaitForState    0x08005ee5    0x3e  Code  Gb  i2c.o [1]
RoadBrd_gpio_Off        0x08005b9d    0x1c  Code  Gb  gpio.o [1]
RoadBrd_gpio_On         0x08005b81    0x1c  Code  Gb  gpio.o [1]
SVC_Handler             0x0801059f          Code  Gb  portasm.o [1]
Save_Frames             0x200034fc    0x10  Data  Lc  wwdg.o [1]
SendApp_String          0x080037cd    0x3a  Code  Gb  app_data.o [1]
SetDataReady            0x0800309f     0xa  Code  Gb  app_data.o [1]
Set_DriverStates        0x08003945    0x58  Code  Gb  app_data.o [1]
Set_HeartBeat           0x08003a83     0x8  Code  Gb  app_data.o [1]
Sinewave                0x080106d8    0x80  Data  Gb  fix_fft.o [1]
SnsrTickCnt             0x2000003c     0x4  Data  Lc  tim.o [1]
SysTick_Config          0x08006185    0x30  Code  Lc  stm32l1xx_hal_cortex.o [1]
SysTick_Handler         0x08010621     0x8  Code  Gb  stm32l1xx_it.o [1]
SystemClock_Config      0x08006fa7    0xaa  Code  Gb  main.o [1]
SystemCoreClock         0x20000038     0x4  Data  Gb  system_stm32l1xx.o [1]
SystemInit              0x08010759    0x4c  Code  Gb  system_stm32l1xx.o [1]
TIM2_IRQHandler         0x0801066f     0xa  Code  Gb  stm32l1xx_it.o [1]
TIM3_IRQHandler         0x08010679     0xa  Code  Gb  stm32l1xx_it.o [1]
TIM4_IRQHandler         0x0801063d     0xa  Code  Gb  stm32l1xx_it.o [1]
TIM6_IRQHandler         0x080030a9     0xa  Code  Gb  app_data.o [1]
TIM_Base_SetConfig      0x0800e2cb    0x70  Code  Lc  stm32l1xx_hal_tim.o [1]
TIM_ETR_SetConfig       0x0800e3cf    0x1c  Code  Lc  stm32l1xx_hal_tim.o [1]
TIM_ITRx_SetConfig      0x0800e3b7    0x18  Code  Lc  stm32l1xx_hal_tim.o [1]
TIM_TI1_ConfigInputStage
                        0x0800e355    0x30  Code  Lc  stm32l1xx_hal_tim.o [1]
TIM_TI2_ConfigInputStage
                        0x0800e385    0x32  Code  Lc  stm32l1xx_hal_tim.o [1]
Test_Connection         0x08003807   0x10c  Code  Gb  app_data.o [1]
Test_Timer2             0x0800b9a1    0x10  Code  Gb  tim.o [1]
Timr2Ready              0x2000359d     0x1  Data  Gb  tim.o [1]
Timr3Ready              0x2000359e     0x1  Data  Gb  tim.o [1]
TmpData                 0x20002710   0x248  Data  Gb  app_data.o [1]
Tst_Bypass              0x08001f27     0x6  Code  Gb  parser.o [1]
Tst_HeartBeat           0x08003a7d     0x6  Code  Gb  app_data.o [1]
UART_EndTransmit_IT     0x0800674f    0x32  Code  Lc  stm32l1xx_hal_uart.o [1]
UART_Receive_IT         0x08006781    0xc8  Code  Lc  stm32l1xx_hal_uart.o [1]
UART_SetConfig          0x08006849   0x2fe  Code  Lc  stm32l1xx_hal_uart.o [1]
UART_Transmit_IT        0x080066d3    0x7c  Code  Lc  stm32l1xx_hal_uart.o [1]
UART_WaitOnFlagUntilTimeout
                        0x080065e5    0xee  Code  Lc  stm32l1xx_hal_uart.o [1]
USART2_IRQHandler       0x08010651     0xa  Code  Gb  stm32l1xx_it.o [1]
USART3_IRQHandler       0x08010647     0xa  Code  Gb  stm32l1xx_it.o [1]
USART_ReceiveData       0x08002a49     0xa  Code  Gb  bgm111.o [1]
USART_SendData          0x08002a3d     0xc  Code  Gb  bgm111.o [1]
USBD_ClrClassConfig     0x0800f9fb    0x18  Code  Gb  usbd_core.o [1]
USBD_ClrFeature         0x0801021f    0x3a  Code  Lc  usbd_ctlreq.o [1]
USBD_CtlContinueRx      0x080102db    0x1a  Code  Gb  usbd_ioreq.o [1]
USBD_CtlContinueSendData
                        0x080102c1    0x1a  Code  Gb  usbd_ioreq.o [1]
USBD_CtlError           0x08010281    0x18  Code  Gb  usbd_ctlreq.o [1]
USBD_CtlReceiveStatus   0x0801030f    0x1a  Code  Gb  usbd_ioreq.o [1]
USBD_CtlSendData        0x08010299    0x28  Code  Gb  usbd_ioreq.o [1]
USBD_CtlSendStatus      0x080102f5    0x1a  Code  Gb  usbd_ioreq.o [1]
USBD_GetConfig          0x08010171    0x4c  Code  Lc  usbd_ctlreq.o [1]
USBD_GetDescriptor      0x0800fecd   0x164  Code  Lc  usbd_ctlreq.o [1]
USBD_GetStatus          0x080101bd    0x3c  Code  Lc  usbd_ctlreq.o [1]
USBD_LL_ClearStallEP    0x0800f929    0x16  Code  Gb  usbd_conf.o [1]
USBD_LL_DataInStage     0x0800fb1b    0xe2  Code  Gb  usbd_core.o [1]
USBD_LL_DataOutStage    0x0800fa8b    0x90  Code  Gb  usbd_core.o [1]
USBD_LL_IsStallEP       0x0800f93f    0x30  Code  Gb  usbd_conf.o [1]
USBD_LL_OpenEP          0x0800f8f1    0x22  Code  Gb  usbd_conf.o [1]
USBD_LL_PrepareReceive  0x0800f9a5    0x20  Code  Gb  usbd_conf.o [1]
USBD_LL_Reset           0x0800fbfd    0x46  Code  Gb  usbd_core.o [1]
USBD_LL_Resume          0x0800fc5f     0xe  Code  Gb  usbd_core.o [1]
USBD_LL_SOF             0x0800fc6d    0x24  Code  Gb  usbd_core.o [1]
USBD_LL_SetSpeed        0x0800fc43     0x8  Code  Gb  usbd_core.o [1]
USBD_LL_SetUSBAddress   0x0800f96f    0x16  Code  Gb  usbd_conf.o [1]
USBD_LL_SetupStage      0x0800fa13    0x78  Code  Gb  usbd_core.o [1]
USBD_LL_StallEP         0x0800f913    0x16  Code  Gb  usbd_conf.o [1]
USBD_LL_Suspend         0x0800fc4b    0x14  Code  Gb  usbd_core.o [1]
USBD_LL_Transmit        0x0800f985    0x20  Code  Gb  usbd_conf.o [1]
USBD_ParseSetupRequest  0x08010259    0x28  Code  Gb  usbd_ctlreq.o [1]
USBD_RunTestMode        0x0800f9c9     0x6  Code  Gb  usbd_core.o [1]
USBD_SetAddress         0x08010031    0x60  Code  Lc  usbd_ctlreq.o [1]
USBD_SetClassConfig     0x0800f9cf    0x2c  Code  Gb  usbd_core.o [1]
USBD_SetConfig          0x08010091    0xda  Code  Lc  usbd_ctlreq.o [1]
USBD_SetConfig::cfgidx  0x200035a2     0x1  Data  Lc  usbd_ctlreq.o [1]
USBD_SetFeature         0x080101f9    0x26  Code  Lc  usbd_ctlreq.o [1]
USBD_StdDevReq          0x0800fc91    0x7c  Code  Gb  usbd_ctlreq.o [1]
USBD_StdEPReq           0x0800fd59   0x174  Code  Gb  usbd_ctlreq.o [1]
USBD_StdItfReq          0x0800fd0d    0x4c  Code  Gb  usbd_ctlreq.o [1]
USB_LP_IRQHandler       0x08010633     0xa  Code  Gb  stm32l1xx_it.o [1]
Uart2Ready              0x2000359f     0x1  Data  Gb  usart.o [1]
Uart3Ready              0x200035a0     0x1  Data  Gb  usart.o [1]
WWDG_IRQHandler         0x08009779     0xa  Code  Gb  wwdg.o [1]
_EncodingSb_Mbtowc      0x0800e483    0x30  Code  Gb  xencoding_sb.o [3]
_EncodingSb_Mbtowc::initial
                        0x0800e4c0     0x8  Data  Lc  xencoding_sb.o [3]
_EncodingSb_Wctomb      0x0800e469    0x1a  Code  Gb  xencoding_sb.o [3]
_EncodingSb_Wctomb::initial
                        0x0800e4b8     0x8  Data  Lc  xencoding_sb.o [3]
_GenldFull              0x08008d2d   0x254  Code  Lc  xprintffull.o [3]
_IsdstStr               0x200000dc     0x4  Data  Gb  setlocale.o [3]
_LdtobFull              0x08008921   0x406  Code  Lc  xprintffull.o [3]
_LitobFull              0x08008817   0x10a  Code  Lc  xprintffull.o [3]
_LocaleEncoding         0x0800e455     0xe  Code  Gb  setlocale.o [3]
_LocaleReturnString     0x200000fc    0x50  Data  Lc  setlocale.o [3]
_Locale_Profile         0x200000e0    0x1c  Data  Gb  setlocale.o [3]
_Locale_aeabi_lconv     0x2000009c    0x38  Data  Gb  localeconv.o [3]
_Locale_lconv           0x2000004c    0x50  Data  Gb  localeconv.o [3]
_Mbtowc                 0x0800d1a9    0x20  Code  Gb  xmbtowc.o [3]
_PrintfFull             0x08007e2d   0x658  Code  Gb  xprintffull.o [3]
_PutcharsFull           0x08008f81    0x2e  Code  Lc  xprintffull.o [3]
_PutstrFull             0x0800850b   0x306  Code  Lc  xprintffull.o [3]
_SProut                 0x0800204f     0xa  Code  Gb  xsprout.o [3]
_TzoneStr               0x200000d8     0x4  Data  Gb  setlocale.o [3]
_Wctomb                 0x0800d2f5    0x1a  Code  Gb  xwctomb.o [3]
__aeabi_cdcmple         0x0800d53d          Code  Gb  DblCmpLe.o [4]
__aeabi_cdrcmple        0x0800d56d          Code  Gb  DblCmpGe.o [4]
__aeabi_cfrcmple        0x08009971          Code  Gb  FltCmpGe.o [4]
__aeabi_d2f             0x08007d59          Code  Gb  DblToFlt.o [4]
__aeabi_d2iz            0x08009409          Code  Gb  DblToI32.o [4]
__aeabi_d2uiz           0x08009435          Code  Gb  DblToI32.o [4]
__aeabi_dadd            0x080095f1          Code  Gb  DblAdd.o [4]
__aeabi_ddiv            0x0800d829          Code  Gb  DblDiv.o [4]
__aeabi_dmul            0x08009265          Code  Gb  DblMul.o [4]
__aeabi_dsub            0x0800d6a9          Code  Gb  DblSub.o [4]
__aeabi_errno_addr      0x0800e449     0x6  Code  Gb  errno.o [3]
__aeabi_f2d             0x08009215          Code  Gb  FltToDbl.o [4]
__aeabi_f2iz            0x08007de9          Code  Gb  FltToS32.o [4]
__aeabi_fadd            0x08009a91          Code  Gb  FltAdd.o [4]
__aeabi_fdiv            0x08009995          Code  Gb  FltDiv.o [4]
__aeabi_fmul            0x08009519          Code  Gb  FltMul.o [4]
__aeabi_i2d             0x08007c39          Code  Gb  I32ToDbl.o [4]
__aeabi_i2f             0x080098f9          Code  Gb  I32ToFlt.o [4]
__aeabi_ldiv0           0x0800e4f5          Code  Gb  I64DivZer.o [5]
__aeabi_ui2d            0x08007c4d          Code  Gb  I32ToDbl.o [4]
__aeabi_ui2f            0x0800990d          Code  Gb  I32ToFlt.o [4]
__aeabi_uldivmod        0x0800d409          Code  Gb  I64DivMod.o [5]
__cmain                 0x08011a31          Code  Gb  cmain.o [5]
__data_Aldata           0x20003530     0x8  Data  Gb  xxmemxmalloc.o [3]
__data_GetMemChunk      0x0800e4c9    0x2c  Code  Gb  xgetmemchunk.o [3]
__data_GetMemChunk::start
                        0x20003590     0x4  Data  Lc  xgetmemchunk.o [3]
__exit                  0x08011a61    0x14  Code  Gb  exit.o [6]
__iar_Dint              0x0800deaf    0x7a  Code  Gb  xdint.o [4]
__iar_Dnorm             0x0800d4f7    0x44  Code  Gb  xdnorm.o [4]
__iar_Dscale            0x0800d59d   0x10c  Code  Gb  xdscale.o [4]
__iar_Errno             0x200000d4     0x4  Data  Gb  errno.o [3]
__iar_Locale_lconv_init
                        0x0800da81    0x3a  Code  Gb  localeconv.o [3]
__iar_Mbcurmax          0x0800d239     0xa  Code  Gb  xmbcurmax.o [3]
__iar_Memchr            0x0800d1e1          Code  Gb  memchr.o [5]
__iar_Memset_word       0x0800de51          Code  Gb  ABImemset.o [5]
__iar_Strchr            0x0800d1c9          Code  Gb  strchr.o [5]
__iar_ceil              0x0800e691          Code  Gb  ceil.o [4]
__iar_ceill             0x0800e691          Code  Gb  ceil.o [4]
__iar_d2uiz             0x08009441          Code  Gb  DblToI32.o [4]
__iar_dadd              0x08009605          Code  Gb  DblAdd.o [4]
__iar_data_init3        0x08011699    0x28  Code  Gb  data_init.o [5]
__iar_dlib_perthread_access
                        0x0800e4f7     0x2  Code  Gb  xtls.o [3]
__iar_dsub              0x0800d6bd          Code  Gb  DblSub.o [4]
__iar_dsubStart         0x0800d6cf          Code  Gb  DblSub.o [4]
__iar_edom              0x0800d19d          Code  Gb  iarEdom.o [5]
__iar_fadd              0x08009aa1          Code  Gb  FltAdd.o [4]
__iar_fsub              0x0800df29          Code  Gb  FltSub.o [4]
__iar_fsubStart         0x0800df39          Code  Gb  FltSub.o [4]
__iar_modf              0x08009471          Code  Gb  modf.o [4]
__iar_modfl             0x08009471          Code  Gb  modf.o [4]
__iar_packbits_init_single3
                        0x08010db9    0x38  Code  Gb  packbits_init_single.o [5]
__iar_program_start     0x08011ed5          Code  Gb  cstartup_M.o [5]
__iar_sqrt              0x08007c69          Code  Gb  sqrt.o [4]
__iar_ui2d              0x08007c51          Code  Gb  I32ToDbl.o [4]
__iar_ui2f              0x08009911          Code  Gb  I32ToFlt.o [4]
__iar_unaligned___aeabi_memcpy
                        0x0800d311          Code  Gb  ABImemcpy_unaligned.o [5]
__iar_unaligned___aeabi_memcpy4
                        0x0800d331          Code  Gb  ABImemcpy_unaligned.o [5]
__iar_unaligned___aeabi_memcpy8
                        0x0800d331          Code  Gb  ABImemcpy_unaligned.o [5]
__iar_unaligned_strcmp  0x08009801          Code  Gb  strcmp_unaligned.o [5]
__iar_unaligned_strcpy  0x08002059          Code  Gb  strcpy_unaligned.o [5]
__iar_unaligned_strncpy
                        0x0800988d          Code  Gb  strncpy_unaligned.o [5]
__iar_zero_init3        0x08010b71    0x40  Code  Gb  zero_init3.o [5]
__low_level_init        0x08011a4b     0x4  Code  Gb  low_level_init.o [3]
__vector_table          0x08000000          Data  Gb  startup_stm32l152xe.o [1]
_call_main              0x08011a3d          Code  Gb  cmain.o [5]
_exit                   0x08011a55          Code  Gb  cexit.o [5]
_gecko_cmd_msg          0x20002fec    0x84  Data  Gb  bgm111.o [1]
_gecko_rsp_msg          0x20003070    0x84  Data  Gb  bgm111.o [1]
_main                   0x08011a47          Code  Gb  cmain.o [5]
aPLLDivisionFactorTable
                        0x08012080     0x4  Data  Gb  stm32l1xx_hal_rcc.o [1]
aPLLMULFactorTable      0x08011ec8     0xc  Data  Gb  stm32l1xx_hal_rcc.o [1]
adcActive               0x20003599     0x1  Data  Gb  adc.o [1]
analytics               0x20003538     0x4  Data  Lc  app_data.o [1]
bffr1Flag               0x200035a1     0x1  Data  Lc  usart.o [1]
bglib_input             0x20003540     0x4  Data  Gb  bgm111.o [1]
bglib_output            0x2000353c     0x4  Data  Gb  bgm111.o [1]
bglib_peek              0x20003544     0x4  Data  Gb  bgm111.o [1]
bgm1data                0x2000348c    0x28  Data  Lc  usart.o [1]
ble                     0x20002dc0   0x1a0  Data  Lc  bgm111.o [1]
blemsgs                 0x200020c8   0x324  Data  Lc  bgm111.o [1]
ceil                    0x0800e691          Code  Gb  ceil.o [4]
ceill                   0x0800e691          Code  Gb  ceil.o [4]
clrUsartState           0x0800240b    0x1c  Code  Gb  usart.o [1]
connection_cnt          0x20003594     0x2  Data  Lc  app_data.o [1]
data                    0x20002958   0x248  Data  Gb  app_data.o [1]
delay_1ms               0x08007701     0xe  Code  Gb  ErrorCodes.o [1]
div                     0x0800daed     0xe  Code  Gb  div.o [3]
driver_list             0x20003518     0xc  Data  Lc  app_data.o [1]
errStruct               0x200023ec   0x324  Data  Lc  ErrorCodes.o [1]
exit                    0x08011a4f     0x4  Code  Gb  exit.o [3]
fi                      0x20003174    0x80  Data  Lc  Rd_Sound.o [1]
fix_fft                 0x080079f9   0x23a  Code  Gb  fix_fft.o [1]
fr                      0x200030f4    0x80  Data  Lc  Rd_Sound.o [1]
free                    0x0800d389    0x7a  Code  Gb  xxmemxfree.o [3]
fs                      0x200031f4    0x80  Data  Lc  Rd_Sound.o [1]
gecko_cmd_le_gap_set_mode
                        0x08002559    0x40  Code  Lc  bgm111.o [1]
gecko_cmd_msg           0x2000000c     0x4  Data  Gb  bgm111.o [1]
gecko_get_event         0x080074fd    0x5e  Code  Gb  gecko_bglib.o [1]
gecko_handle_command    0x0800757f    0x30  Code  Gb  gecko_bglib.o [1]
gecko_peek_event        0x0800755b     0xa  Code  Gb  gecko_bglib.o [1]
gecko_queue             0x20001150   0xf78  Data  Gb  bgm111.o [1]
gecko_queue_r           0x2000354c     0x4  Data  Gb  bgm111.o [1]
gecko_queue_w           0x20003548     0x4  Data  Gb  bgm111.o [1]
gecko_rsp_msg           0x20000010     0x4  Data  Gb  bgm111.o [1]
gecko_wait_message      0x08007421    0xdc  Code  Gb  gecko_bglib.o [1]
gecko_wait_response     0x08007565    0x1a  Code  Gb  gecko_bglib.o [1]
hadc                    0x20003274    0x54  Data  Gb  adc.o [1]
hatoi                   0x08001ecf    0x58  Code  Gb  parser.o [1]
hdma_adc                0x20003384    0x38  Data  Gb  adc.o [1]
hi2c1                   0x20003348    0x3c  Data  Gb  i2c.o [1]
hpcd_USB_FS             0x20002ba0   0x220  Data  Gb  usbd_conf.o [1]
htim2                   0x200033f4    0x38  Data  Gb  tim.o [1]
htim3                   0x2000342c    0x38  Data  Gb  tim.o [1]
htim4                   0x200033bc    0x38  Data  Gb  stm32l1xx_hal_timebase_TIM.o [1]
huart2                  0x200032c8    0x40  Data  Gb  usart.o [1]
huart3                  0x20003308    0x40  Data  Gb  usart.o [1]
hwwdg                   0x200034e8    0x14  Data  Gb  wwdg.o [1]
isHexNum                0x08001e85    0x4a  Code  Gb  parser.o [1]
ledOffCnt               0x20000044     0x4  Data  Lc  tim.o [1]
localeconv              0x0800dabb    0x16  Code  Gb  localeconv.o [3]
main                    0x08006b51   0x456  Code  Gb  main.o [1]
malloc                  0x0800d245    0xac  Code  Gb  xxmemxmalloc.o [3]
memchr                  0x0800d1e1          Code  Gb  memchr.o [5]
modf                    0x08009461          Code  Gb  modf.o [4]
modfl                   0x08009461          Code  Gb  modf.o [4]
osSystickHandler        0x080106a5    0x10  Code  Gb  cmsis_os.o [1]
pFlash                  0x200034d0    0x18  Data  Gb  stm32l1xx_hal_flash.o [1]
prvResetNextTaskUnblockTime
                        0x080104dd    0x28  Code  Lc  tasks.o [1]
pxCurrentTCB            0x20003558     0x4  Data  Gb  tasks.o [1]
pxDelayedTaskList       0x2000355c     0x4  Data  Lc  tasks.o [1]
pxOverflowDelayedTaskList
                        0x20003560     0x4  Data  Lc  tasks.o [1]
pxReadyTasksLists       0x20002f60    0x8c  Data  Lc  tasks.o [1]
round                   0x0800992d    0x44  Code  Gb  round.o [4]
sConfig                 0x2000350c     0xc  Data  Gb  adc.o [1]
saveLen                 0x20000048     0x4  Data  Lc  usart.o [1]
sprintf                 0x08002e35    0x34  Code  Gb  sprintf.o [3]
sqrt                    0x08007c69          Code  Gb  sqrt.o [4]
sqrtl                   0x08007c69          Code  Gb  sqrt.o [4]
strcat                  0x08002e69    0x1c  Code  Gb  strcat.o [3]
strchr                  0x0800d1c9          Code  Gb  strchr.o [5]
strlen                  0x08002019          Code  Gb  strlen.o [5]
strncmp                 0x0800770f    0x2c  Code  Gb  strncmp.o [3]
ubSequenceCompleted     0x20003598     0x1  Data  Gb  adc.o [1]
ulPortSetInterruptMask  0x0801058b          Code  Gb  portasm.o [1]
uwTick                  0x20003554     0x4  Data  Lc  stm32l1xx_hal.o [1]
uxListRemove            0x080105f9    0x28  Code  Gb  list.o [1]
uxPendedTicks           0x20003570     0x4  Data  Lc  tasks.o [1]
uxSchedulerSuspended    0x20003580     0x4  Data  Lc  tasks.o [1]
uxTopReadyPriority      0x20003568     0x4  Data  Lc  tasks.o [1]
vListInsertEnd          0x080105e1    0x18  Code  Gb  list.o [1]
vPortClearInterruptMask
                        0x08010599          Code  Gb  portasm.o [1]
vPortStartFirstTask     0x080105bf          Code  Gb  portasm.o [1]
vTaskSwitchContext      0x0801045d    0x6c  Code  Gb  tasks.o [1]
wwdg_HardFrames         0x08070000    0x10  Data  Gb  wwdg.o [1]
wwdg_Save               0x2000358c     0x4  Data  Lc  wwdg.o [1]
xNextTaskUnblockTime    0x2000357c     0x4  Data  Lc  tasks.o [1]
xNumOfOverflows         0x20003578     0x4  Data  Lc  tasks.o [1]
xPortSysTickHandler     0x080106b5    0x1e  Code  Gb  port.o [1]
xSchedulerRunning       0x2000356c     0x4  Data  Lc  tasks.o [1]
xTaskGetSchedulerState  0x08010505    0x26  Code  Gb  tasks.o [1]
xTaskIncrementTick      0x08010329   0x134  Code  Gb  tasks.o [1]
xTickCount              0x20003564     0x4  Data  Lc  tasks.o [1]
xYieldPending           0x20003574     0x4  Data  Lc  tasks.o [1]


[1] = D:\GoogleDriveCLT\GoogleDrive\WeatherCloud\Roadboard\Software\Road-Board-December-2016\EWARM\Road Brd MSTR Rev L Long Always\Obj
[2] = command line
[3] = dl7M_tlf.a
[4] = m7M_tl.a
[5] = rt7M_tl.a
[6] = shb_l.a

  67 844 bytes of readonly  code memory
   6 300 bytes of readonly  data memory
  13 728 bytes of readwrite data memory (+ 16 absolute)

Errors: none
Warnings: none
