###############################################################################
#
# IAR ELF Linker V7.60.2.11341/W32 for ARM                07/Jul/2017  11:08:04
# Copyright 2007-2016 IAR Systems AB.
#
#    Output file  =  
#        D:\GoogleDriveCLT\GoogleDrive\WeatherCloud\Roadboard\Software\Road-Board-December-2016N7\EWARM\Road
#        Brd MSTR Rev L Long Always\Exe\Road Board Rev K NUCLEO V1.1 Jul 12
#        2016.out
#    Map file     =  
#        D:\GoogleDriveCLT\GoogleDrive\WeatherCloud\Roadboard\Software\Road-Board-December-2016N7\EWARM\Road
#        Brd MSTR Rev L Long Always\List\Road Board Rev K NUCLEO V1.1 Jul 12
#        2016.map
#    Command line =  
#        "D:\GoogleDriveCLT\GoogleDrive\WeatherCloud\Roadboard\Software\Road-Board-December-2016N7\EWARM\Road
#        Brd MSTR Rev L Long Always\Obj\adc.o"
#        "D:\GoogleDriveCLT\GoogleDrive\WeatherCloud\Roadboard\Software\Road-Board-December-2016N7\EWARM\Road
#        Brd MSTR Rev L Long Always\Obj\app_data.o"
#        "D:\GoogleDriveCLT\GoogleDrive\WeatherCloud\Roadboard\Software\Road-Board-December-2016N7\EWARM\Road
#        Brd MSTR Rev L Long Always\Obj\barometer.o"
#        "D:\GoogleDriveCLT\GoogleDrive\WeatherCloud\Roadboard\Software\Road-Board-December-2016N7\EWARM\Road
#        Brd MSTR Rev L Long Always\Obj\bgm111.o"
#        "D:\GoogleDriveCLT\GoogleDrive\WeatherCloud\Roadboard\Software\Road-Board-December-2016N7\EWARM\Road
#        Brd MSTR Rev L Long Always\Obj\cmsis_os.o"
#        "D:\GoogleDriveCLT\GoogleDrive\WeatherCloud\Roadboard\Software\Road-Board-December-2016N7\EWARM\Road
#        Brd MSTR Rev L Long Always\Obj\croutine.o"
#        "D:\GoogleDriveCLT\GoogleDrive\WeatherCloud\Roadboard\Software\Road-Board-December-2016N7\EWARM\Road
#        Brd MSTR Rev L Long Always\Obj\dma.o"
#        "D:\GoogleDriveCLT\GoogleDrive\WeatherCloud\Roadboard\Software\Road-Board-December-2016N7\EWARM\Road
#        Brd MSTR Rev L Long Always\Obj\ErrorCodes.o"
#        "D:\GoogleDriveCLT\GoogleDrive\WeatherCloud\Roadboard\Software\Road-Board-December-2016N7\EWARM\Road
#        Brd MSTR Rev L Long Always\Obj\event_groups.o"
#        "D:\GoogleDriveCLT\GoogleDrive\WeatherCloud\Roadboard\Software\Road-Board-December-2016N7\EWARM\Road
#        Brd MSTR Rev L Long Always\Obj\fix_fft.o"
#        "D:\GoogleDriveCLT\GoogleDrive\WeatherCloud\Roadboard\Software\Road-Board-December-2016N7\EWARM\Road
#        Brd MSTR Rev L Long Always\Obj\Flash.o"
#        "D:\GoogleDriveCLT\GoogleDrive\WeatherCloud\Roadboard\Software\Road-Board-December-2016N7\EWARM\Road
#        Brd MSTR Rev L Long Always\Obj\freertos.o"
#        "D:\GoogleDriveCLT\GoogleDrive\WeatherCloud\Roadboard\Software\Road-Board-December-2016N7\EWARM\Road
#        Brd MSTR Rev L Long Always\Obj\gecko_bglib.o"
#        "D:\GoogleDriveCLT\GoogleDrive\WeatherCloud\Roadboard\Software\Road-Board-December-2016N7\EWARM\Road
#        Brd MSTR Rev L Long Always\Obj\gpio.o"
#        "D:\GoogleDriveCLT\GoogleDrive\WeatherCloud\Roadboard\Software\Road-Board-December-2016N7\EWARM\Road
#        Brd MSTR Rev L Long Always\Obj\GridEye.o"
#        "D:\GoogleDriveCLT\GoogleDrive\WeatherCloud\Roadboard\Software\Road-Board-December-2016N7\EWARM\Road
#        Brd MSTR Rev L Long Always\Obj\heap_4.o"
#        "D:\GoogleDriveCLT\GoogleDrive\WeatherCloud\Roadboard\Software\Road-Board-December-2016N7\EWARM\Road
#        Brd MSTR Rev L Long Always\Obj\Humidity.o"
#        "D:\GoogleDriveCLT\GoogleDrive\WeatherCloud\Roadboard\Software\Road-Board-December-2016N7\EWARM\Road
#        Brd MSTR Rev L Long Always\Obj\i2c.o"
#        "D:\GoogleDriveCLT\GoogleDrive\WeatherCloud\Roadboard\Software\Road-Board-December-2016N7\EWARM\Road
#        Brd MSTR Rev L Long Always\Obj\list.o"
#        "D:\GoogleDriveCLT\GoogleDrive\WeatherCloud\Roadboard\Software\Road-Board-December-2016N7\EWARM\Road
#        Brd MSTR Rev L Long Always\Obj\lps25hb.o"
#        "D:\GoogleDriveCLT\GoogleDrive\WeatherCloud\Roadboard\Software\Road-Board-December-2016N7\EWARM\Road
#        Brd MSTR Rev L Long Always\Obj\main.o"
#        "D:\GoogleDriveCLT\GoogleDrive\WeatherCloud\Roadboard\Software\Road-Board-December-2016N7\EWARM\Road
#        Brd MSTR Rev L Long Always\Obj\parser.o"
#        "D:\GoogleDriveCLT\GoogleDrive\WeatherCloud\Roadboard\Software\Road-Board-December-2016N7\EWARM\Road
#        Brd MSTR Rev L Long Always\Obj\port.o"
#        "D:\GoogleDriveCLT\GoogleDrive\WeatherCloud\Roadboard\Software\Road-Board-December-2016N7\EWARM\Road
#        Brd MSTR Rev L Long Always\Obj\portasm.o"
#        "D:\GoogleDriveCLT\GoogleDrive\WeatherCloud\Roadboard\Software\Road-Board-December-2016N7\EWARM\Road
#        Brd MSTR Rev L Long Always\Obj\queue.o"
#        "D:\GoogleDriveCLT\GoogleDrive\WeatherCloud\Roadboard\Software\Road-Board-December-2016N7\EWARM\Road
#        Brd MSTR Rev L Long Always\Obj\Rd_Sound.o"
#        "D:\GoogleDriveCLT\GoogleDrive\WeatherCloud\Roadboard\Software\Road-Board-December-2016N7\EWARM\Road
#        Brd MSTR Rev L Long Always\Obj\RGBLight.o"
#        "D:\GoogleDriveCLT\GoogleDrive\WeatherCloud\Roadboard\Software\Road-Board-December-2016N7\EWARM\Road
#        Brd MSTR Rev L Long Always\Obj\startup_stm32l152xe.o"
#        "D:\GoogleDriveCLT\GoogleDrive\WeatherCloud\Roadboard\Software\Road-Board-December-2016N7\EWARM\Road
#        Brd MSTR Rev L Long Always\Obj\stm32l1xx_hal.o"
#        "D:\GoogleDriveCLT\GoogleDrive\WeatherCloud\Roadboard\Software\Road-Board-December-2016N7\EWARM\Road
#        Brd MSTR Rev L Long Always\Obj\stm32l1xx_hal_adc.o"
#        "D:\GoogleDriveCLT\GoogleDrive\WeatherCloud\Roadboard\Software\Road-Board-December-2016N7\EWARM\Road
#        Brd MSTR Rev L Long Always\Obj\stm32l1xx_hal_adc_ex.o"
#        "D:\GoogleDriveCLT\GoogleDrive\WeatherCloud\Roadboard\Software\Road-Board-December-2016N7\EWARM\Road
#        Brd MSTR Rev L Long Always\Obj\stm32l1xx_hal_cortex.o"
#        "D:\GoogleDriveCLT\GoogleDrive\WeatherCloud\Roadboard\Software\Road-Board-December-2016N7\EWARM\Road
#        Brd MSTR Rev L Long Always\Obj\stm32l1xx_hal_dma.o"
#        "D:\GoogleDriveCLT\GoogleDrive\WeatherCloud\Roadboard\Software\Road-Board-December-2016N7\EWARM\Road
#        Brd MSTR Rev L Long Always\Obj\stm32l1xx_hal_flash.o"
#        "D:\GoogleDriveCLT\GoogleDrive\WeatherCloud\Roadboard\Software\Road-Board-December-2016N7\EWARM\Road
#        Brd MSTR Rev L Long Always\Obj\stm32l1xx_hal_flash_ex.o"
#        "D:\GoogleDriveCLT\GoogleDrive\WeatherCloud\Roadboard\Software\Road-Board-December-2016N7\EWARM\Road
#        Brd MSTR Rev L Long Always\Obj\stm32l1xx_hal_flash_ramfunc.o"
#        "D:\GoogleDriveCLT\GoogleDrive\WeatherCloud\Roadboard\Software\Road-Board-December-2016N7\EWARM\Road
#        Brd MSTR Rev L Long Always\Obj\stm32l1xx_hal_gpio.o"
#        "D:\GoogleDriveCLT\GoogleDrive\WeatherCloud\Roadboard\Software\Road-Board-December-2016N7\EWARM\Road
#        Brd MSTR Rev L Long Always\Obj\stm32l1xx_hal_i2c.o"
#        "D:\GoogleDriveCLT\GoogleDrive\WeatherCloud\Roadboard\Software\Road-Board-December-2016N7\EWARM\Road
#        Brd MSTR Rev L Long Always\Obj\stm32l1xx_hal_msp.o"
#        "D:\GoogleDriveCLT\GoogleDrive\WeatherCloud\Roadboard\Software\Road-Board-December-2016N7\EWARM\Road
#        Brd MSTR Rev L Long Always\Obj\stm32l1xx_hal_pcd.o"
#        "D:\GoogleDriveCLT\GoogleDrive\WeatherCloud\Roadboard\Software\Road-Board-December-2016N7\EWARM\Road
#        Brd MSTR Rev L Long Always\Obj\stm32l1xx_hal_pcd_ex.o"
#        "D:\GoogleDriveCLT\GoogleDrive\WeatherCloud\Roadboard\Software\Road-Board-December-2016N7\EWARM\Road
#        Brd MSTR Rev L Long Always\Obj\stm32l1xx_hal_pwr.o"
#        "D:\GoogleDriveCLT\GoogleDrive\WeatherCloud\Roadboard\Software\Road-Board-December-2016N7\EWARM\Road
#        Brd MSTR Rev L Long Always\Obj\stm32l1xx_hal_pwr_ex.o"
#        "D:\GoogleDriveCLT\GoogleDrive\WeatherCloud\Roadboard\Software\Road-Board-December-2016N7\EWARM\Road
#        Brd MSTR Rev L Long Always\Obj\stm32l1xx_hal_rcc.o"
#        "D:\GoogleDriveCLT\GoogleDrive\WeatherCloud\Roadboard\Software\Road-Board-December-2016N7\EWARM\Road
#        Brd MSTR Rev L Long Always\Obj\stm32l1xx_hal_rcc_ex.o"
#        "D:\GoogleDriveCLT\GoogleDrive\WeatherCloud\Roadboard\Software\Road-Board-December-2016N7\EWARM\Road
#        Brd MSTR Rev L Long Always\Obj\stm32l1xx_hal_tim.o"
#        "D:\GoogleDriveCLT\GoogleDrive\WeatherCloud\Roadboard\Software\Road-Board-December-2016N7\EWARM\Road
#        Brd MSTR Rev L Long Always\Obj\stm32l1xx_hal_tim_ex.o"
#        "D:\GoogleDriveCLT\GoogleDrive\WeatherCloud\Roadboard\Software\Road-Board-December-2016N7\EWARM\Road
#        Brd MSTR Rev L Long Always\Obj\stm32l1xx_hal_timebase_TIM.o"
#        "D:\GoogleDriveCLT\GoogleDrive\WeatherCloud\Roadboard\Software\Road-Board-December-2016N7\EWARM\Road
#        Brd MSTR Rev L Long Always\Obj\stm32l1xx_hal_uart.o"
#        "D:\GoogleDriveCLT\GoogleDrive\WeatherCloud\Roadboard\Software\Road-Board-December-2016N7\EWARM\Road
#        Brd MSTR Rev L Long Always\Obj\stm32l1xx_hal_wwdg.o"
#        "D:\GoogleDriveCLT\GoogleDrive\WeatherCloud\Roadboard\Software\Road-Board-December-2016N7\EWARM\Road
#        Brd MSTR Rev L Long Always\Obj\stm32l1xx_it.o"
#        "D:\GoogleDriveCLT\GoogleDrive\WeatherCloud\Roadboard\Software\Road-Board-December-2016N7\EWARM\Road
#        Brd MSTR Rev L Long Always\Obj\stm32l1xx_nucleo.o"
#        "D:\GoogleDriveCLT\GoogleDrive\WeatherCloud\Roadboard\Software\Road-Board-December-2016N7\EWARM\Road
#        Brd MSTR Rev L Long Always\Obj\system_stm32l1xx.o"
#        "D:\GoogleDriveCLT\GoogleDrive\WeatherCloud\Roadboard\Software\Road-Board-December-2016N7\EWARM\Road
#        Brd MSTR Rev L Long Always\Obj\tasks.o"
#        "D:\GoogleDriveCLT\GoogleDrive\WeatherCloud\Roadboard\Software\Road-Board-December-2016N7\EWARM\Road
#        Brd MSTR Rev L Long Always\Obj\Temperature.o"
#        "D:\GoogleDriveCLT\GoogleDrive\WeatherCloud\Roadboard\Software\Road-Board-December-2016N7\EWARM\Road
#        Brd MSTR Rev L Long Always\Obj\tim.o"
#        "D:\GoogleDriveCLT\GoogleDrive\WeatherCloud\Roadboard\Software\Road-Board-December-2016N7\EWARM\Road
#        Brd MSTR Rev L Long Always\Obj\timers.o"
#        "D:\GoogleDriveCLT\GoogleDrive\WeatherCloud\Roadboard\Software\Road-Board-December-2016N7\EWARM\Road
#        Brd MSTR Rev L Long Always\Obj\usart.o"
#        "D:\GoogleDriveCLT\GoogleDrive\WeatherCloud\Roadboard\Software\Road-Board-December-2016N7\EWARM\Road
#        Brd MSTR Rev L Long Always\Obj\usb_device.o"
#        "D:\GoogleDriveCLT\GoogleDrive\WeatherCloud\Roadboard\Software\Road-Board-December-2016N7\EWARM\Road
#        Brd MSTR Rev L Long Always\Obj\usbd_cdc.o"
#        "D:\GoogleDriveCLT\GoogleDrive\WeatherCloud\Roadboard\Software\Road-Board-December-2016N7\EWARM\Road
#        Brd MSTR Rev L Long Always\Obj\usbd_cdc_if.o"
#        "D:\GoogleDriveCLT\GoogleDrive\WeatherCloud\Roadboard\Software\Road-Board-December-2016N7\EWARM\Road
#        Brd MSTR Rev L Long Always\Obj\usbd_conf.o"
#        "D:\GoogleDriveCLT\GoogleDrive\WeatherCloud\Roadboard\Software\Road-Board-December-2016N7\EWARM\Road
#        Brd MSTR Rev L Long Always\Obj\usbd_core.o"
#        "D:\GoogleDriveCLT\GoogleDrive\WeatherCloud\Roadboard\Software\Road-Board-December-2016N7\EWARM\Road
#        Brd MSTR Rev L Long Always\Obj\usbd_ctlreq.o"
#        "D:\GoogleDriveCLT\GoogleDrive\WeatherCloud\Roadboard\Software\Road-Board-December-2016N7\EWARM\Road
#        Brd MSTR Rev L Long Always\Obj\usbd_desc.o"
#        "D:\GoogleDriveCLT\GoogleDrive\WeatherCloud\Roadboard\Software\Road-Board-December-2016N7\EWARM\Road
#        Brd MSTR Rev L Long Always\Obj\usbd_ioreq.o"
#        "D:\GoogleDriveCLT\GoogleDrive\WeatherCloud\Roadboard\Software\Road-Board-December-2016N7\EWARM\Road
#        Brd MSTR Rev L Long Always\Obj\VMonitor.o"
#        "D:\GoogleDriveCLT\GoogleDrive\WeatherCloud\Roadboard\Software\Road-Board-December-2016N7\EWARM\Road
#        Brd MSTR Rev L Long Always\Obj\wwdg.o" --redirect _Printf=_PrintfFull
#        --redirect _Scanf=_ScanfFull -o
#        "D:\GoogleDriveCLT\GoogleDrive\WeatherCloud\Roadboard\Software\Road-Board-December-2016N7\EWARM\Road
#        Brd MSTR Rev L Long Always\Exe\Road Board Rev K NUCLEO V1.1 Jul 12
#        2016.out" --map
#        "D:\GoogleDriveCLT\GoogleDrive\WeatherCloud\Roadboard\Software\Road-Board-December-2016N7\EWARM\Road
#        Brd MSTR Rev L Long Always\List\Road Board Rev K NUCLEO V1.1 Jul 12
#        2016.map" --config
#        D:\GoogleDriveCLT\GoogleDrive\WeatherCloud\Roadboard\Software\Road-Board-December-2016N7\EWARM/stm32l152xe_flash.icf
#        --semihosting --entry __iar_program_start --vfe
#
###############################################################################

*******************************************************************************
*** RUNTIME MODEL ATTRIBUTES
***

CppFlavor                     = *
__Heap_Handler                = Basic
__SystemLibrary               = DLib
__dlib_dynamic_initialization = normal


*******************************************************************************
*** PLACEMENT SUMMARY
***

"A1":  place at 0x08000000 { ro section .intvec };
"P1":  place in [from 0x08000000 to 0x0807ffff] { ro };
"P2":  place in [from 0x20000000 to 0x20013fff] { rw, block CSTACK, block HEAP };
initialize by copy { rw };

  Section             Kind        Address     Size  Object
  -------             ----        -------     ----  ------
"A1":                                        0x124
  .intvec             ro code  0x08000000    0x124  startup_stm32l152xe.o [1]
                             - 0x08000124    0x124

"P1":                                      0x129ac
  .text               ro code  0x08000124   0x1ef4  parser.o [1]
  .text               ro code  0x08002018     0x36  strlen.o [5]
  .text               ro code  0x0800204e      0xa  xsprout.o [3]
  .text               ro code  0x08002058     0x44  strcpy_unaligned.o [5]
  .text               ro code  0x0800209c    0x4bc  usart.o [1]
  .text               ro code  0x08002558    0x868  bgm111.o [1]
  .text               ro code  0x08002dc0    0x24c  Rd_Sound.o [1]
  .text               ro code  0x0800300c     0x34  sprintf.o [3]
  .text               ro code  0x08003040     0x1c  strcat.o [3]
  .text               ro code  0x0800305c    0x1f8  barometer.o [1]
  .text               ro code  0x08003254   0x1058  app_data.o [1]
  .text               ro code  0x080042ac    0xd98  GridEye.o [1]
  .text               ro code  0x08005044    0x4c0  VMonitor.o [1]
  .text               ro code  0x08005504    0x6c8  Humidity.o [1]
  .text               ro code  0x08005bcc    0x16c  Temperature.o [1]
  .text               ro code  0x08005d38    0x344  RGBLight.o [1]
  .text               ro code  0x0800607c    0x1c4  gpio.o [1]
  .text               ro code  0x08006240    0x4e0  i2c.o [1]
  .text               ro code  0x08006720    0x1b0  stm32l1xx_hal_cortex.o [1]
  .text               ro code  0x080068d0    0x8ec  stm32l1xx_hal_uart.o [1]
  .text               ro code  0x080071bc    0x576  main.o [1]
  .text               ro code  0x08007734    0x378  stm32l1xx_hal_gpio.o [1]
  .text               ro code  0x08007aac    0x1b0  gecko_bglib.o [1]
  .text               ro code  0x08007c5c    0x13e  ErrorCodes.o [1]
  .text               ro code  0x08007d9a     0x2c  strncmp.o [3]
  .text               ro code  0x08007dc8    0x2bc  adc.o [1]
  .text               ro code  0x08008084    0x240  fix_fft.o [1]
  .text               ro code  0x080082c4     0x32  I32ToFlt.o [4]
  .text               ro code  0x080082f8     0xd8  FltMul.o [4]
  .text               ro code  0x080083d0     0x84  FltAdd.o [4]
  .text               ro code  0x08008454     0x4e  FltToDbl.o [4]
  .text               ro code  0x080084a4     0xf0  sqrt.o [4]
  .text               ro code  0x08008594     0x90  DblToFlt.o [4]
  .text               ro code  0x08008624     0x44  FltToS32.o [4]
  .text               ro code  0x08008668   0x119e  xprintffull.o [3]
  .text               ro code  0x08009808    0x248  lps25hb.o [1]
  .text               ro code  0x08009a50    0x1a2  DblMul.o [4]
  .text               ro code  0x08009bf4     0x58  DblToI32.o [4]
  .text               ro code  0x08009c4c     0xb8  modf.o [4]
  .text               ro code  0x08009d04     0xe8  DblAdd.o [4]
  .text               ro code  0x08009dec    0x128  wwdg.o [1]
  .text               ro code  0x08009f14     0x42  strcmp_unaligned.o [5]
  .text               ro code  0x08009f58     0x48  stm32l1xx_hal.o [1]
  .text               ro code  0x08009fa0     0x6c  strncpy_unaligned.o [5]
  .text               ro code  0x0800a00c     0x44  round.o [4]
  .text               ro code  0x0800a050     0x30  I32ToDbl.o [4]
  .text               ro code  0x0800a080     0x24  FltCmpGe.o [4]
  .text               ro code  0x0800a0a4     0xfc  FltDiv.o [4]
  .text               ro code  0x0800a1a0   0x1018  stm32l1xx_hal_i2c.o [1]
  .text               ro code  0x0800b1b8    0xcd4  stm32l1xx_hal_rcc.o [1]
  .text               ro code  0x0800be8c     0x30  dma.o [1]
  .text               ro code  0x0800bebc    0x224  tim.o [1]
  .text               ro code  0x0800c0e0    0x82a  stm32l1xx_hal_adc.o [1]
  .text               ro code  0x0800c90c    0xefe  stm32l1xx_hal_dma.o [1]
  .text               ro code  0x0800d80a     0x1c  fix_fft.o [1]
  .text               ro code  0x0800d828     0xd6  FltSub.o [4]
  .text               ro code  0x0800d900      0xc  iarEdom.o [5]
  .text               ro code  0x0800d90c     0x20  xmbtowc.o [3]
  .text               ro code  0x0800d92c     0x16  strchr.o [5]
  .text               ro code  0x0800d944     0x58  memchr.o [5]
  .text               ro code  0x0800d99c      0xa  xmbcurmax.o [3]
  .text               ro code  0x0800d9a8     0xb0  xxmemxmalloc.o [3]
  .text               ro code  0x0800da58     0x1a  xwctomb.o [3]
  .text               ro code  0x0800da74     0x76  ABImemcpy_unaligned.o [5]
  .text               ro code  0x0800daec     0x80  xxmemxfree.o [3]
  .text               ro code  0x0800db6c     0xee  I64DivMod.o [5]
  .text               ro code  0x0800dc5a     0x44  xdnorm.o [4]
  .text               ro code  0x0800dca0     0x2e  DblCmpLe.o [4]
  .text               ro code  0x0800dcd0     0x2e  DblCmpGe.o [4]
  .text               ro code  0x0800dd00    0x10c  xdscale.o [4]
  .text               ro code  0x0800de0c    0x180  DblSub.o [4]
  .text               ro code  0x0800df8c    0x256  DblDiv.o [4]
  .text               ro code  0x0800e1e4     0x6c  localeconv.o [3]
  .text               ro code  0x0800e250      0xe  div.o [3]
  .text               ro code  0x0800e25e     0xd6  stm32l1xx_hal_wwdg.o [1]
  .text               ro code  0x0800e334    0x158  Flash.o [1]
  .text               ro code  0x0800e48c     0x90  stm32l1xx_hal_timebase_TIM.o [1]
  .text               ro code  0x0800e51c     0x98  stm32l1xx_hal_msp.o [1]
  .text               ro code  0x0800e5b4     0x5e  ABImemset.o [5]
  .text               ro code  0x0800e612     0x7a  xdint.o [4]
  .text               ro code  0x0800e68c     0x10  stm32l1xx_hal_pwr_ex.o [1]
  .text               ro code  0x0800e69c    0x3da  stm32l1xx_hal_tim.o [1]
  .text               ro code  0x0800ea76     0x5e  stm32l1xx_hal_tim_ex.o [1]
  .text               ro code  0x0800ead4      0xc  errno.o [3]
  .text               ro code  0x0800eae0     0x14  setlocale.o [3]
  .text               ro code  0x0800eaf4     0x60  xencoding_sb.o [3]
  .text               ro code  0x0800eb54     0x2c  xgetmemchunk.o [3]
  .text               ro code  0x0800eb80      0x2  I64DivZer.o [5]
  .text               ro code  0x0800eb82      0x2  xtls.o [3]
  .text               ro code  0x0800eb84    0x198  stm32l1xx_hal_flash.o [1]
  .text               ro code  0x0800ed1c     0x5e  ceil.o [4]
  .text               ro code  0x0800ed7c     0xcc  stm32l1xx_hal_flash_ex.o [1]
  .text               ro code  0x0800ee48   0x1074  stm32l1xx_hal_pcd.o [1]
  .text               ro code  0x0800febc    0x198  usbd_conf.o [1]
  .text               ro code  0x08010054    0x2c8  usbd_core.o [1]
  .text               ro code  0x0801031c    0x608  usbd_ctlreq.o [1]
  .text               ro code  0x08010924     0x90  usbd_ioreq.o [1]
  .text               ro code  0x080109b4    0x224  tasks.o [1]
  CODE                ro code  0x08010bd8     0x94  portasm.o [1]
  .text               ro code  0x08010c6c     0x40  list.o [1]
  .text               ro code  0x08010cac     0x84  stm32l1xx_it.o [1]
  .text               ro code  0x08010d30     0x10  cmsis_os.o [1]
  .text               ro code  0x08010d40     0x24  port.o [1]
  .rodata             const    0x08010d64     0x80  fix_fft.o [1]
  .text               ro code  0x08010de4     0x64  system_stm32l1xx.o [1]
  .rodata             const    0x08010e48     0x58  ErrorCodes.o [1]
  .rodata             const    0x08010ea0     0x48  parser.o [1]
  .rodata             const    0x08010ee8     0x48  parser.o [1]
  .rodata             const    0x08010f30     0x44  parser.o [1]
  .rodata             const    0x08010f74     0x44  parser.o [1]
  .rodata             const    0x08010fb8     0x44  parser.o [1]
  .rodata             const    0x08010ffc     0x40  main.o [1]
  .rodata             const    0x0801103c     0x40  main.o [1]
  .rodata             const    0x0801107c     0x40  parser.o [1]
  .rodata             const    0x080110bc     0x40  parser.o [1]
  .rodata             const    0x080110fc     0x40  parser.o [1]
  .rodata             const    0x0801113c     0x40  parser.o [1]
  .rodata             const    0x0801117c     0x40  parser.o [1]
  .rodata             const    0x080111bc     0x40  parser.o [1]
  .text               ro code  0x080111fc     0x40  zero_init3.o [5]
  .rodata             const    0x0801123c     0x3c  parser.o [1]
  .rodata             const    0x08011278     0x3c  parser.o [1]
  .rodata             const    0x080112b4     0x3c  parser.o [1]
  .rodata             const    0x080112f0     0x3c  parser.o [1]
  .rodata             const    0x0801132c     0x38  parser.o [1]
  .rodata             const    0x08011364     0x38  parser.o [1]
  .rodata             const    0x0801139c     0x38  parser.o [1]
  .rodata             const    0x080113d4     0x38  parser.o [1]
  .rodata             const    0x0801140c     0x38  parser.o [1]
  .text               ro code  0x08011444     0x38  packbits_init_single.o [5]
  .rodata             const    0x0801147c     0x34  main.o [1]
  .rodata             const    0x080114b0     0x34  parser.o [1]
  .rodata             const    0x080114e4     0x34  parser.o [1]
  .rodata             const    0x08011518     0x34  parser.o [1]
  .rodata             const    0x0801154c     0x34  parser.o [1]
  .rodata             const    0x08011580     0x30  parser.o [1]
  .rodata             const    0x080115b0     0x30  parser.o [1]
  .rodata             const    0x080115e0     0x30  parser.o [1]
  .rodata             const    0x08011610     0x30  parser.o [1]
  .rodata             const    0x08011640     0x30  parser.o [1]
  .rodata             const    0x08011670     0x2c  main.o [1]
  .rodata             const    0x0801169c     0x2c  parser.o [1]
  .rodata             const    0x080116c8     0x2c  parser.o [1]
  .rodata             const    0x080116f4     0x2c  parser.o [1]
  .rodata             const    0x08011720     0x2c  parser.o [1]
  .rodata             const    0x0801174c     0x2c  parser.o [1]
  .rodata             const    0x08011778     0x2c  parser.o [1]
  .rodata             const    0x080117a4     0x2c  parser.o [1]
  .rodata             const    0x080117d0     0x2c  parser.o [1]
  .rodata             const    0x080117fc     0x28  parser.o [1]
  .rodata             const    0x08011824     0x28  parser.o [1]
  .rodata             const    0x0801184c     0x28  parser.o [1]
  .rodata             const    0x08011874     0x28  parser.o [1]
  .rodata             const    0x0801189c     0x28  parser.o [1]
  .rodata             const    0x080118c4     0x28  parser.o [1]
  .rodata             const    0x080118ec     0x28  parser.o [1]
  .rodata             const    0x08011914     0x28  parser.o [1]
  .rodata             const    0x0801193c     0x28  parser.o [1]
  .rodata             const    0x08011964     0x28  parser.o [1]
  .rodata             const    0x0801198c     0x28  parser.o [1]
  .rodata             const    0x080119b4     0x28  parser.o [1]
  .rodata             const    0x080119dc     0x28  parser.o [1]
  .rodata             const    0x08011a04     0x28  parser.o [1]
  .rodata             const    0x08011a2c     0x28  parser.o [1]
  .rodata             const    0x08011a54     0x28  parser.o [1]
  .rodata             const    0x08011a7c     0x28  parser.o [1]
  .rodata             const    0x08011aa4     0x28  parser.o [1]
  .rodata             const    0x08011acc     0x28  parser.o [1]
  .rodata             const    0x08011af4     0x28  parser.o [1]
  .rodata             const    0x08011b1c     0x28  parser.o [1]
  .rodata             const    0x08011b44     0x28  parser.o [1]
  .rodata             const    0x08011b6c     0x28  parser.o [1]
  .rodata             const    0x08011b94     0x28  parser.o [1]
  .rodata             const    0x08011bbc     0x28  parser.o [1]
  .rodata             const    0x08011be4     0x28  parser.o [1]
  .rodata             const    0x08011c0c     0x28  parser.o [1]
  .rodata             const    0x08011c34     0x28  parser.o [1]
  .rodata             const    0x08011c5c     0x28  parser.o [1]
  .rodata             const    0x08011c84     0x28  parser.o [1]
  .rodata             const    0x08011cac     0x28  parser.o [1]
  .rodata             const    0x08011cd4     0x28  parser.o [1]
  .rodata             const    0x08011cfc     0x28  parser.o [1]
  .text               ro code  0x08011d24     0x28  data_init.o [5]
  .rodata             const    0x08011d4c     0x24  parser.o [1]
  .rodata             const    0x08011d70     0x24  parser.o [1]
  .rodata             const    0x08011d94     0x24  parser.o [1]
  .rodata             const    0x08011db8     0x24  parser.o [1]
  .rodata             const    0x08011ddc     0x24  parser.o [1]
  .rodata             const    0x08011e00     0x24  parser.o [1]
  .rodata             const    0x08011e24     0x24  parser.o [1]
  .rodata             const    0x08011e48     0x24  parser.o [1]
  .iar.init_table     const    0x08011e6c     0x28  - Linker created -
  .rodata             const    0x08011e94     0x20  app_data.o [1]
  .rodata             const    0x08011eb4     0x20  app_data.o [1]
  .rodata             const    0x08011ed4     0x20  bgm111.o [1]
  .rodata             const    0x08011ef4     0x20  bgm111.o [1]
  .rodata             const    0x08011f14     0x20  parser.o [1]
  .rodata             const    0x08011f34     0x20  parser.o [1]
  .rodata             const    0x08011f54     0x20  parser.o [1]
  .rodata             const    0x08011f74     0x20  parser.o [1]
  .rodata             const    0x08011f94     0x20  parser.o [1]
  .rodata             const    0x08011fb4     0x20  parser.o [1]
  .rodata             const    0x08011fd4     0x20  parser.o [1]
  .rodata             const    0x08011ff4     0x20  parser.o [1]
  .rodata             const    0x08012014     0x20  parser.o [1]
  .rodata             const    0x08012034     0x20  parser.o [1]
  .rodata             const    0x08012054     0x20  parser.o [1]
  .rodata             const    0x08012074     0x1c  bgm111.o [1]
  .rodata             const    0x08012090     0x1c  bgm111.o [1]
  .rodata             const    0x080120ac     0x1c  bgm111.o [1]
  .rodata             const    0x080120c8     0x1c  ErrorCodes.o [1]
  .rodata             const    0x080120e4     0x1c  parser.o [1]
  .rodata             const    0x08012100     0x1c  parser.o [1]
  .rodata             const    0x0801211c     0x1c  parser.o [1]
  .text               ro code  0x08012138     0x1a  cmain.o [5]
  .text               ro code  0x08012152      0x4  low_level_init.o [3]
  .text               ro code  0x08012156      0x4  exit.o [3]
  .text               ro code  0x0801215c      0xa  cexit.o [5]
  .text               ro code  0x08012168     0x14  exit.o [6]
  .rodata             const    0x0801217c     0x18  app_data.o [1]
  .rodata             const    0x08012194     0x18  bgm111.o [1]
  .rodata             const    0x080121ac     0x18  parser.o [1]
  .rodata             const    0x080121c4     0x18  parser.o [1]
  .rodata             const    0x080121dc     0x18  parser.o [1]
  .rodata             const    0x080121f4     0x18  parser.o [1]
  .rodata             const    0x0801220c     0x18  parser.o [1]
  .rodata             const    0x08012224     0x18  parser.o [1]
  .rodata             const    0x0801223c     0x18  parser.o [1]
  .rodata             const    0x08012254     0x18  parser.o [1]
  .rodata             const    0x0801226c     0x18  parser.o [1]
  .rodata             const    0x08012284     0x18  parser.o [1]
  .rodata             const    0x0801229c     0x18  parser.o [1]
  .rodata             const    0x080122b4     0x14  app_data.o [1]
  .rodata             const    0x080122c8     0x14  app_data.o [1]
  .rodata             const    0x080122dc     0x14  app_data.o [1]
  .rodata             const    0x080122f0     0x14  app_data.o [1]
  .rodata             const    0x08012304     0x14  app_data.o [1]
  .rodata             const    0x08012318     0x14  app_data.o [1]
  .rodata             const    0x0801232c     0x14  app_data.o [1]
  .rodata             const    0x08012340     0x14  app_data.o [1]
  .rodata             const    0x08012354     0x14  app_data.o [1]
  .rodata             const    0x08012368     0x14  app_data.o [1]
  .rodata             const    0x0801237c     0x14  app_data.o [1]
  .rodata             const    0x08012390     0x14  app_data.o [1]
  .rodata             const    0x080123a4     0x14  app_data.o [1]
  .rodata             const    0x080123b8     0x14  app_data.o [1]
  .rodata             const    0x080123cc     0x14  app_data.o [1]
  .rodata             const    0x080123e0     0x14  app_data.o [1]
  .rodata             const    0x080123f4     0x14  app_data.o [1]
  .rodata             const    0x08012408     0x14  app_data.o [1]
  .rodata             const    0x0801241c     0x14  app_data.o [1]
  .rodata             const    0x08012430     0x14  app_data.o [1]
  .rodata             const    0x08012444     0x14  app_data.o [1]
  .rodata             const    0x08012458     0x14  app_data.o [1]
  .rodata             const    0x0801246c     0x14  app_data.o [1]
  .rodata             const    0x08012480     0x14  app_data.o [1]
  .rodata             const    0x08012494     0x14  app_data.o [1]
  .rodata             const    0x080124a8     0x14  app_data.o [1]
  .rodata             const    0x080124bc     0x14  app_data.o [1]
  .rodata             const    0x080124d0     0x14  app_data.o [1]
  .rodata             const    0x080124e4     0x14  bgm111.o [1]
  .rodata             const    0x080124f8     0x14  bgm111.o [1]
  .rodata             const    0x0801250c     0x14  bgm111.o [1]
  .rodata             const    0x08012520     0x14  bgm111.o [1]
  .rodata             const    0x08012534     0x14  bgm111.o [1]
  .rodata             const    0x08012548     0x14  ErrorCodes.o [1]
  .rodata             const    0x0801255c     0x14  gpio.o [1]
  .rodata             const    0x08012570     0x14  parser.o [1]
  .rodata             const    0x08012584     0x14  parser.o [1]
  .rodata             const    0x08012598     0x14  parser.o [1]
  .rodata             const    0x080125ac     0x14  parser.o [1]
  .rodata             const    0x080125c0     0x14  parser.o [1]
  .rodata             const    0x080125d4     0x14  parser.o [1]
  .rodata             const    0x080125e8     0x14  parser.o [1]
  .rodata             const    0x080125fc     0x14  parser.o [1]
  .rodata             const    0x08012610     0x14  parser.o [1]
  .rodata             const    0x08012624     0x10  app_data.o [1]
  .rodata             const    0x08012634     0x10  bgm111.o [1]
  .rodata             const    0x08012644     0x10  bgm111.o [1]
  .rodata             const    0x08012654     0x10  bgm111.o [1]
  .rodata             const    0x08012664     0x10  bgm111.o [1]
  .rodata             const    0x08012674     0x10  bgm111.o [1]
  .rodata             const    0x08012684     0x10  parser.o [1]
  .rodata             const    0x08012694     0x10  parser.o [1]
  .rodata             const    0x080126a4     0x10  parser.o [1]
  .rodata             const    0x080126b4     0x10  parser.o [1]
  .rodata             const    0x080126c4     0x10  parser.o [1]
  .rodata             const    0x080126d4     0x10  parser.o [1]
  .rodata             const    0x080126e4     0x10  parser.o [1]
  .rodata             const    0x080126f4     0x10  system_stm32l1xx.o [1]
  .text               ro code  0x08012704     0x10  startup_stm32l152xe.o [1]
  .rodata             const    0x08012714      0xc  app_data.o [1]
  .rodata             const    0x08012720      0xc  app_data.o [1]
  .rodata             const    0x0801272c      0xc  bgm111.o [1]
  .rodata             const    0x08012738      0xc  bgm111.o [1]
  .rodata             const    0x08012744      0xc  bgm111.o [1]
  .rodata             const    0x08012750      0xc  bgm111.o [1]
  .rodata             const    0x0801275c      0xc  bgm111.o [1]
  .rodata             const    0x08012768      0xc  main.o [1]
  .rodata             const    0x08012774      0xc  parser.o [1]
  .rodata             const    0x08012780      0xc  parser.o [1]
  .rodata             const    0x0801278c      0xc  parser.o [1]
  .rodata             const    0x08012798      0xc  parser.o [1]
  .rodata             const    0x080127a4      0xc  parser.o [1]
  .rodata             const    0x080127b0      0xc  parser.o [1]
  .rodata             const    0x080127bc      0xc  parser.o [1]
  .rodata             const    0x080127c8      0xc  stm32l1xx_hal_rcc.o [1]
  .text               ro code  0x080127d4      0xc  cstartup_M.o [5]
  .rodata             const    0x080127e0      0x8  app_data.o [1]
  .rodata             const    0x080127e8      0x8  app_data.o [1]
  .rodata             const    0x080127f0      0x8  app_data.o [1]
  .rodata             const    0x080127f8      0x8  app_data.o [1]
  .rodata             const    0x08012800      0x8  barometer.o [1]
  .rodata             const    0x08012808      0x8  barometer.o [1]
  .rodata             const    0x08012810      0x8  barometer.o [1]
  .rodata             const    0x08012818      0x8  barometer.o [1]
  .rodata             const    0x08012820      0x8  barometer.o [1]
  .rodata             const    0x08012828      0x8  bgm111.o [1]
  .rodata             const    0x08012830      0x8  bgm111.o [1]
  .rodata             const    0x08012838      0x8  bgm111.o [1]
  .rodata             const    0x08012840      0x8  ErrorCodes.o [1]
  .rodata             const    0x08012848      0x8  ErrorCodes.o [1]
  .rodata             const    0x08012850      0x8  ErrorCodes.o [1]
  .rodata             const    0x08012858      0x8  ErrorCodes.o [1]
  .rodata             const    0x08012860      0x8  ErrorCodes.o [1]
  .rodata             const    0x08012868      0x8  ErrorCodes.o [1]
  .rodata             const    0x08012870      0x8  ErrorCodes.o [1]
  .rodata             const    0x08012878      0x8  ErrorCodes.o [1]
  .rodata             const    0x08012880      0x8  ErrorCodes.o [1]
  .rodata             const    0x08012888      0x8  ErrorCodes.o [1]
  .rodata             const    0x08012890      0x8  ErrorCodes.o [1]
  .rodata             const    0x08012898      0x8  ErrorCodes.o [1]
  .rodata             const    0x080128a0      0x8  ErrorCodes.o [1]
  .rodata             const    0x080128a8      0x8  ErrorCodes.o [1]
  .rodata             const    0x080128b0      0x8  ErrorCodes.o [1]
  .rodata             const    0x080128b8      0x8  ErrorCodes.o [1]
  .rodata             const    0x080128c0      0x8  ErrorCodes.o [1]
  .rodata             const    0x080128c8      0x8  ErrorCodes.o [1]
  .rodata             const    0x080128d0      0x8  ErrorCodes.o [1]
  .rodata             const    0x080128d8      0x8  ErrorCodes.o [1]
  .rodata             const    0x080128e0      0x8  ErrorCodes.o [1]
  .rodata             const    0x080128e8      0x8  ErrorCodes.o [1]
  .rodata             const    0x080128f0      0x8  GridEye.o [1]
  .rodata             const    0x080128f8      0x8  GridEye.o [1]
  .rodata             const    0x08012900      0x8  GridEye.o [1]
  .rodata             const    0x08012908      0x8  Humidity.o [1]
  .rodata             const    0x08012910      0x8  Humidity.o [1]
  .rodata             const    0x08012918      0x8  Humidity.o [1]
  .rodata             const    0x08012920      0x8  Humidity.o [1]
  .rodata             const    0x08012928      0x8  main.o [1]
  .rodata             const    0x08012930      0x8  main.o [1]
  .rodata             const    0x08012938      0x8  parser.o [1]
  .rodata             const    0x08012940      0x8  parser.o [1]
  .rodata             const    0x08012948      0x8  parser.o [1]
  .rodata             const    0x08012950      0x8  Rd_Sound.o [1]
  .rodata             const    0x08012958      0x8  RGBLight.o [1]
  .rodata             const    0x08012960      0x8  RGBLight.o [1]
  .rodata             const    0x08012968      0x8  system_stm32l1xx.o [1]
  .rodata             const    0x08012970      0x8  Temperature.o [1]
  .rodata             const    0x08012978      0x8  Temperature.o [1]
  .rodata             const    0x08012980      0x8  Temperature.o [1]
  .rodata             const    0x08012988      0x8  VMonitor.o [1]
  .rodata             const    0x08012990      0x8  VMonitor.o [1]
  .rodata             const    0x08012998      0x8  VMonitor.o [1]
  .rodata             const    0x080129a0      0x8  VMonitor.o [1]
  .rodata             const    0x080129a8      0x8  VMonitor.o [1]
  .rodata             const    0x080129b0      0x4  stm32l1xx_hal_rcc.o [1]
  .text               ro code  0x080129b4      0x4  startup_stm32l152xe.o [1]
  .text               ro code  0x080129b8      0x4  startup_stm32l152xe.o [1]
  .text               ro code  0x080129bc      0x4  startup_stm32l152xe.o [1]
  .text               ro code  0x080129c0      0x4  startup_stm32l152xe.o [1]
  .text               ro code  0x080129c4      0x4  startup_stm32l152xe.o [1]
  .text               ro code  0x080129c8      0x4  startup_stm32l152xe.o [1]
  .text               ro code  0x080129cc      0x4  startup_stm32l152xe.o [1]
  .text               ro code  0x080129d0      0x4  startup_stm32l152xe.o [1]
  .text               ro code  0x080129d4      0x4  startup_stm32l152xe.o [1]
  .text               ro code  0x080129d8      0x4  startup_stm32l152xe.o [1]
  .text               ro code  0x080129dc      0x4  startup_stm32l152xe.o [1]
  .text               ro code  0x080129e0      0x4  startup_stm32l152xe.o [1]
  .text               ro code  0x080129e4      0x4  startup_stm32l152xe.o [1]
  .text               ro code  0x080129e8      0x4  startup_stm32l152xe.o [1]
  .text               ro code  0x080129ec      0x4  startup_stm32l152xe.o [1]
  .text               ro code  0x080129f0      0x4  startup_stm32l152xe.o [1]
  .text               ro code  0x080129f4      0x4  startup_stm32l152xe.o [1]
  .text               ro code  0x080129f8      0x4  startup_stm32l152xe.o [1]
  .text               ro code  0x080129fc      0x4  startup_stm32l152xe.o [1]
  .text               ro code  0x08012a00      0x4  startup_stm32l152xe.o [1]
  .text               ro code  0x08012a04      0x4  startup_stm32l152xe.o [1]
  .text               ro code  0x08012a08      0x4  startup_stm32l152xe.o [1]
  .text               ro code  0x08012a0c      0x4  startup_stm32l152xe.o [1]
  .text               ro code  0x08012a10      0x4  startup_stm32l152xe.o [1]
  .text               ro code  0x08012a14      0x4  startup_stm32l152xe.o [1]
  .text               ro code  0x08012a18      0x4  startup_stm32l152xe.o [1]
  .text               ro code  0x08012a1c      0x4  startup_stm32l152xe.o [1]
  .text               ro code  0x08012a20      0x4  startup_stm32l152xe.o [1]
  .text               ro code  0x08012a24      0x4  startup_stm32l152xe.o [1]
  .text               ro code  0x08012a28      0x4  startup_stm32l152xe.o [1]
  .text               ro code  0x08012a2c      0x4  startup_stm32l152xe.o [1]
  .text               ro code  0x08012a30      0x4  startup_stm32l152xe.o [1]
  .text               ro code  0x08012a34      0x4  startup_stm32l152xe.o [1]
  .text               ro code  0x08012a38      0x4  startup_stm32l152xe.o [1]
  .text               ro code  0x08012a3c      0x4  startup_stm32l152xe.o [1]
  .text               ro code  0x08012a40      0x4  startup_stm32l152xe.o [1]
  .text               ro code  0x08012a44      0x4  startup_stm32l152xe.o [1]
  .text               ro code  0x08012a48      0x4  startup_stm32l152xe.o [1]
  .text               ro code  0x08012a4c      0x4  startup_stm32l152xe.o [1]
  .text               ro code  0x08012a50      0x4  startup_stm32l152xe.o [1]
  .text               ro code  0x08012a54      0x4  startup_stm32l152xe.o [1]
  .text               ro code  0x08012a58      0x4  startup_stm32l152xe.o [1]
  .text               ro code  0x08012a5c      0x4  startup_stm32l152xe.o [1]
  .text               ro code  0x08012a60      0x4  startup_stm32l152xe.o [1]
  .text               ro code  0x08012a64      0x4  startup_stm32l152xe.o [1]
  .text               ro code  0x08012a68      0x4  startup_stm32l152xe.o [1]
  .text               ro code  0x08012a6c      0x4  startup_stm32l152xe.o [1]
  .text               ro code  0x08012a70      0x4  startup_stm32l152xe.o [1]
  .text               ro code  0x08012a74      0x4  startup_stm32l152xe.o [1]
  .text               ro code  0x08012a78      0x4  startup_stm32l152xe.o [1]
  .rodata             const    0x08012a7c      0x0  zero_init3.o [5]
  .rodata             const    0x08012a7c      0x0  packbits_init_single.o [5]
  Initializer bytes   const    0x08012a7c     0x54  <for P2-1>
                             - 0x08012ad0  0x129ac

Absolute sections:                            0x10
  .bss                zero     0x08070000     0x10  wwdg.o [1]
                             - 0x08070010     0x10

"P2", part 1 of 3:                           0x14c
  P2-1                         0x20000000    0x14c  <Init block>
    .data             inited   0x20000000      0xc  adc.o [1]
    .data             inited   0x2000000c      0x4  bgm111.o [1]
    .data             inited   0x20000010      0x4  bgm111.o [1]
    .data             inited   0x20000014     0x24  gpio.o [1]
    .data             inited   0x20000038      0x4  system_stm32l1xx.o [1]
    .data             inited   0x2000003c      0x4  tim.o [1]
    .data             inited   0x20000040      0x4  tim.o [1]
    .data             inited   0x20000044      0x4  tim.o [1]
    .data             inited   0x20000048      0x4  usart.o [1]
    __DLIB_PERTHREAD  inited   0x2000004c     0x88  localeconv.o [3]
    __DLIB_PERTHREAD  inited   0x200000d4      0x4  errno.o [3]
    __DLIB_PERTHREAD  inited   0x200000d8     0x74  setlocale.o [3]
                             - 0x2000014c    0x14c

"P2", part 2 of 3:                          0x1000
  CSTACK                       0x20000150   0x1000  <Block>
    CSTACK            uninit   0x20000150   0x1000  <Block tail>
  HEAP                         0x20001150      0x0  <Block>
                             - 0x20001150   0x1000

"P2", part 3 of 3:                          0x2454
  .bss                zero     0x20001150    0xf78  bgm111.o [1]
  .bss                zero     0x200020c8    0x324  bgm111.o [1]
  .bss                zero     0x200023ec    0x324  ErrorCodes.o [1]
  .bss                zero     0x20002710    0x248  app_data.o [1]
  .bss                zero     0x20002958    0x248  app_data.o [1]
  .bss                zero     0x20002ba0    0x220  usbd_conf.o [1]
  .bss                zero     0x20002dc0    0x1a0  bgm111.o [1]
  .bss                zero     0x20002f60     0x8c  tasks.o [1]
  .bss                zero     0x20002fec     0x84  bgm111.o [1]
  .bss                zero     0x20003070     0x84  bgm111.o [1]
  .bss                zero     0x200030f4     0x80  Rd_Sound.o [1]
  .bss                zero     0x20003174     0x80  Rd_Sound.o [1]
  .bss                zero     0x200031f4     0x80  Rd_Sound.o [1]
  .bss                zero     0x20003274     0x54  adc.o [1]
  .bss                zero     0x200032c8     0x40  usart.o [1]
  .bss                zero     0x20003308     0x40  usart.o [1]
  .bss                zero     0x20003348     0x3c  i2c.o [1]
  .bss                zero     0x20003384     0x38  adc.o [1]
  .bss                zero     0x200033bc     0x38  stm32l1xx_hal_timebase_TIM.o [1]
  .bss                zero     0x200033f4     0x38  tim.o [1]
  .bss                zero     0x2000342c     0x38  tim.o [1]
  .bss                zero     0x20003464     0x28  bgm111.o [1]
  .bss                zero     0x2000348c     0x28  usart.o [1]
  .bss                zero     0x200034b4     0x1c  Flash.o [1]
  .bss                zero     0x200034d0     0x18  stm32l1xx_hal_flash.o [1]
  .bss                zero     0x200034e8     0x14  wwdg.o [1]
  .bss                zero     0x200034fc     0x10  wwdg.o [1]
  .bss                zero     0x2000350c      0xc  adc.o [1]
  .bss                zero     0x20003518      0xc  app_data.o [1]
  .bss                zero     0x20003524      0xc  Flash.o [1]
  .bss                zero     0x20003530      0x8  xxmemxmalloc.o [3]
  .bss                zero     0x20003538      0x4  app_data.o [1]
  .bss                zero     0x2000353c      0x4  bgm111.o [1]
  .bss                zero     0x20003540      0x4  bgm111.o [1]
  .bss                zero     0x20003544      0x4  bgm111.o [1]
  .bss                zero     0x20003548      0x4  bgm111.o [1]
  .bss                zero     0x2000354c      0x4  bgm111.o [1]
  .bss                zero     0x20003550      0x4  Flash.o [1]
  .bss                zero     0x20003554      0x4  stm32l1xx_hal.o [1]
  .bss                zero     0x20003558      0x4  tasks.o [1]
  .bss                zero     0x2000355c      0x4  tasks.o [1]
  .bss                zero     0x20003560      0x4  tasks.o [1]
  .bss                zero     0x20003564      0x4  tasks.o [1]
  .bss                zero     0x20003568      0x4  tasks.o [1]
  .bss                zero     0x2000356c      0x4  tasks.o [1]
  .bss                zero     0x20003570      0x4  tasks.o [1]
  .bss                zero     0x20003574      0x4  tasks.o [1]
  .bss                zero     0x20003578      0x4  tasks.o [1]
  .bss                zero     0x2000357c      0x4  tasks.o [1]
  .bss                zero     0x20003580      0x4  tasks.o [1]
  .bss                zero     0x20003584      0x4  usart.o [1]
  .bss                zero     0x20003588      0x4  usart.o [1]
  .bss                zero     0x2000358c      0x4  wwdg.o [1]
  .bss                zero     0x20003590      0x4  xgetmemchunk.o [3]
  .bss                zero     0x20003594      0x2  app_data.o [1]
  .bss                zero     0x20003596      0x2  app_data.o [1]
  .bss                zero     0x20003598      0x1  adc.o [1]
  .bss                zero     0x20003599      0x1  adc.o [1]
  .bss                zero     0x2000359a      0x1  adc.o [1]
  .bss                zero     0x2000359b      0x1  bgm111.o [1]
  .bss                zero     0x2000359c      0x1  parser.o [1]
  .bss                zero     0x2000359d      0x1  tim.o [1]
  .bss                zero     0x2000359e      0x1  tim.o [1]
  .bss                zero     0x2000359f      0x1  usart.o [1]
  .bss                zero     0x200035a0      0x1  usart.o [1]
  .bss                zero     0x200035a1      0x1  usart.o [1]
  .bss                zero     0x200035a2      0x1  usbd_ctlreq.o [1]
  .bss                zero     0x200035a3      0x1  wwdg.o [1]
                             - 0x200035a4   0x2454


*******************************************************************************
*** INIT TABLE
***

          Address     Size
          -------     ----
Zero (__iar_zero_init3)
    2 destination ranges, total size 0x2464:
          0x08070000    0x10
          0x20001150  0x2454

Copy/packbits (__iar_packbits_init_single3)
    1 source range, total size 0x54 (25% of destination):
          0x08012a7c    0x54
    1 destination range, total size 0x14c:
          0x20000000   0x14c



*******************************************************************************
*** MODULE SUMMARY
***

    Module                        ro code  ro data  rw data  rw data
                                                              (abs)
    ------                        -------  -------  -------  -------
D:\GoogleDriveCLT\GoogleDrive\WeatherCloud\Roadboard\Software\Road-Board-December-2016N7\EWARM\Road Brd MSTR Rev L Long Always\Obj: [1]
    ErrorCodes.o                      318      312      804
    Flash.o                           344                44
    GridEye.o                       3 480       24
    Humidity.o                      1 736       32
    RGBLight.o                        836       16
    Rd_Sound.o                        588        8      384
    Temperature.o                     364       24
    VMonitor.o                      1 216       40
    adc.o                             700        3      167
    app_data.o                      4 184      720    1 188
    barometer.o                       504       40
    bgm111.o                        2 152      438    5 513
    cmsis_os.o                         16
    dma.o                              48
    fix_fft.o                         604      128
    gecko_bglib.o                     432
    gpio.o                            452       29       36
    i2c.o                           1 248                60
    list.o                             64
    lps25hb.o                         584
    main.o                          1 398      252
    parser.o                        7 924    4 760        1
    port.o                             36
    portasm.o                         148
    startup_stm32l152xe.o             508
    stm32l1xx_hal.o                    72                 4
    stm32l1xx_hal_adc.o             2 090
    stm32l1xx_hal_cortex.o            432
    stm32l1xx_hal_dma.o             3 838
    stm32l1xx_hal_flash.o             408                24
    stm32l1xx_hal_flash_ex.o          204
    stm32l1xx_hal_gpio.o              888
    stm32l1xx_hal_i2c.o             4 120
    stm32l1xx_hal_msp.o               152
    stm32l1xx_hal_pcd.o             4 212
    stm32l1xx_hal_pwr_ex.o             16
    stm32l1xx_hal_rcc.o             3 284       16
    stm32l1xx_hal_tim.o               986
    stm32l1xx_hal_tim_ex.o             94
    stm32l1xx_hal_timebase_TIM.o      144                56
    stm32l1xx_hal_uart.o            2 284
    stm32l1xx_hal_wwdg.o              214
    stm32l1xx_it.o                    132
    system_stm32l1xx.o                100       25        4
    tasks.o                           548               184
    tim.o                             548        3      126
    usart.o                         1 212        1      183
    usbd_conf.o                       408               544
    usbd_core.o                       712
    usbd_ctlreq.o                   1 544                 1
    usbd_ioreq.o                      144
    wwdg.o                            296                41       16
    ----------------------------------------------------------------
    Total:                         58 966    6 871    9 364       16

command line: [2]
    ----------------------------------------------------------------
    Total:

dl7M_tlf.a: [3]
    div.o                              14
    errno.o                            12        1        4
    exit.o                              4
    localeconv.o                      108       34      136
    low_level_init.o                    4
    setlocale.o                        20       30      116
    sprintf.o                          52
    strcat.o                           28
    strncmp.o                          44
    xencoding_sb.o                     96
    xgetmemchunk.o                     44                 4
    xmbcurmax.o                        10
    xmbtowc.o                          32
    xprintffull.o                   4 510
    xsprout.o                          10
    xtls.o                              2
    xwctomb.o                          26
    xxmemxfree.o                      128
    xxmemxmalloc.o                    176                 8
    ----------------------------------------------------------------
    Total:                          5 320       65      268

m7M_tl.a: [4]
    DblAdd.o                          232
    DblCmpGe.o                         46
    DblCmpLe.o                         46
    DblDiv.o                          598
    DblMul.o                          418
    DblSub.o                          384
    DblToFlt.o                        144
    DblToI32.o                         88
    FltAdd.o                          132
    FltCmpGe.o                         36
    FltDiv.o                          252
    FltMul.o                          216
    FltSub.o                          214
    FltToDbl.o                         78
    FltToS32.o                         68
    I32ToDbl.o                         48
    I32ToFlt.o                         50
    ceil.o                             94
    modf.o                            184
    round.o                            68
    sqrt.o                            240
    xdint.o                           122
    xdnorm.o                           68
    xdscale.o                         268
    ----------------------------------------------------------------
    Total:                          4 094

rt7M_tl.a: [5]
    ABImemcpy_unaligned.o             118
    ABImemset.o                        94
    I64DivMod.o                       238
    I64DivZer.o                         2
    cexit.o                            10
    cmain.o                            26
    cstartup_M.o                       12
    data_init.o                        40
    iarEdom.o                          12
    memchr.o                           88
    packbits_init_single.o             56
    strchr.o                           22
    strcmp_unaligned.o                 66
    strcpy_unaligned.o                 68
    strlen.o                           54
    strncpy_unaligned.o               108
    zero_init3.o                       64
    ----------------------------------------------------------------
    Total:                          1 078

shb_l.a: [6]
    exit.o                             20
    ----------------------------------------------------------------
    Total:                             20

    Gaps                               42
    Linker created                              40    4 096
--------------------------------------------------------------------
    Grand Total:                   69 520    6 976   13 728       16


*******************************************************************************
*** ENTRY LIST
***

Entry                      Address    Size  Type      Object
-----                      -------    ----  ----      ------
.iar.init_table$$Base   0x08011e6c           --   Gb  - Linker created -
.iar.init_table$$Limit  0x08011e94           --   Gb  - Linker created -
?main                   0x08012139          Code  Gb  cmain.o [5]
ADC_Channel             0x2000359a     0x1  Data  Lc  adc.o [1]
ADC_Config              0x08007eff    0xbe  Code  Gb  adc.o [1]
ADC_ConversionStop_Disable
                        0x0800c821    0x4a  Code  Gb  stm32l1xx_hal_adc.o [1]
ADC_DMAConvCplt         0x0800c86d    0x6e  Code  Lc  stm32l1xx_hal_adc.o [1]
ADC_DMAError            0x0800c8ed    0x1e  Code  Lc  stm32l1xx_hal_adc.o [1]
ADC_DMAHalfConvCplt     0x0800c8dd     0xe  Code  Lc  stm32l1xx_hal_adc.o [1]
ADC_Enable              0x0800c783    0x72  Code  Gb  stm32l1xx_hal_adc.o [1]
AHBPrescTable           0x080126f4    0x10  Data  Gb  system_stm32l1xx.o [1]
APBPrescTable           0x08012968     0x8  Data  Gb  system_stm32l1xx.o [1]
BGM111_Connected        0x080028a1     0xa  Code  Gb  bgm111.o [1]
BGM111_DataConnected    0x080028ab     0xa  Code  Gb  bgm111.o [1]
BGM111_GetTackState     0x0800297b     0xa  Code  Gb  bgm111.o [1]
BGM111_Init             0x08002657    0x32  Code  Gb  bgm111.o [1]
BGM111_LowLevel_Init    0x08002599    0x48  Code  Gb  bgm111.o [1]
BGM111_Peek             0x0800264d     0xa  Code  Gb  bgm111.o [1]
BGM111_ProcessInput     0x08002689   0x20e  Code  Gb  bgm111.o [1]
BGM111_Ready            0x08002897     0xa  Code  Gb  bgm111.o [1]
BGM111_Receive          0x080025ef    0x5e  Code  Gb  bgm111.o [1]
BGM111_SetSyncFlg       0x0800295b     0xa  Code  Gb  bgm111.o [1]
BGM111_SetTackState     0x08002985     0xa  Code  Gb  bgm111.o [1]
BGM111_SyncModeTest     0x080028b5    0x82  Code  Gb  bgm111.o [1]
BGM111_SyncModeTestNoInc
                        0x08002937    0x24  Code  Gb  bgm111.o [1]
BGM111_Transmit         0x08002a29   0x11e  Code  Gb  bgm111.o [1]
BGM111_UART_IRQHandler  0x0800298f    0x90  Code  Gb  bgm111.o [1]
BGM111_cntrlSetSyncFlg  0x08002965    0x16  Code  Gb  bgm111.o [1]
Bypass                  0x2000359c     0x1  Data  Lc  parser.o [1]
CSTACK$$Base            0x20000150           --   Gb  - Linker created -
CSTACK$$Limit           0x20001150           --   Gb  - Linker created -
Clear_Timer2_Flg        0x0800c025     0x8  Code  Gb  tim.o [1]
ClrDataStructure        0x08003279    0xb0  Code  Gb  app_data.o [1]
Clr_HeartBeat           0x08004145     0x8  Code  Gb  app_data.o [1]
Clr_HrtBeat_Cnt         0x08004129     0x8  Code  Gb  app_data.o [1]
CodesArray              0x08010e48    0x58  Data  Gb  ErrorCodes.o [1]
DMA1_Channel1_IRQHandler
                        0x08010cb5     0xa  Code  Gb  stm32l1xx_it.o [1]
DMA_SetConfig           0x0800d7e9    0x22  Code  Lc  stm32l1xx_hal_dma.o [1]
Error_Handler           0x08007705    0x2e  Code  Gb  main.o [1]
FIX_MPY                 0x0800d80b    0x1c  Code  Gb  fix_fft.o [1]
FLASH_PageErase         0x0800ee17    0x28  Code  Gb  stm32l1xx_hal_flash_ex.o [1]
FLASH_SetErrorCode      0x0800ec8b    0x6a  Code  Lc  stm32l1xx_hal_flash.o [1]
FLASH_WaitForLastOperation
                        0x0800ec27    0x64  Code  Gb  stm32l1xx_hal_flash.o [1]
Get_DriverStates        0x0800403d    0x5c  Code  Gb  app_data.o [1]
Get_DriverStatus        0x080040b1    0x78  Code  Gb  app_data.o [1]
HAL_ADC_ConfigChannel   0x0800c59d   0x1e6  Code  Gb  stm32l1xx_hal_adc.o [1]
HAL_ADC_ConvCpltCallback
                        0x0800803b     0xe  Code  Gb  adc.o [1]
HAL_ADC_ConvHalfCpltCallback
                        0x08008079     0x2  Code  Gb  adc.o [1]
HAL_ADC_DeInit          0x0800c2a7   0x134  Code  Gb  stm32l1xx_hal_adc.o [1]
HAL_ADC_ErrorCallback   0x0800807b     0xa  Code  Gb  adc.o [1]
HAL_ADC_Init            0x0800c0e1   0x1c6  Code  Gb  stm32l1xx_hal_adc.o [1]
HAL_ADC_MspDeInit       0x08007ed7    0x28  Code  Gb  adc.o [1]
HAL_ADC_MspInit         0x08007e51    0x86  Code  Gb  adc.o [1]
HAL_ADC_Start           0x0800c3db    0x88  Code  Gb  stm32l1xx_hal_adc.o [1]
HAL_ADC_Start_DMA       0x0800c463    0xcc  Code  Gb  stm32l1xx_hal_adc.o [1]
HAL_ADC_Stop_DMA        0x0800c52f    0x6e  Code  Gb  stm32l1xx_hal_adc.o [1]
HAL_DMA_Abort           0x0800ce47    0x54  Code  Gb  stm32l1xx_hal_dma.o [1]
HAL_DMA_DeInit          0x0800c965   0x43e  Code  Gb  stm32l1xx_hal_dma.o [1]
HAL_DMA_IRQHandler      0x0800cea1   0x906  Code  Gb  stm32l1xx_hal_dma.o [1]
HAL_DMA_Init            0x0800c90d    0x58  Code  Gb  stm32l1xx_hal_dma.o [1]
HAL_DMA_Start_IT        0x0800cdd9    0x6e  Code  Gb  stm32l1xx_hal_dma.o [1]
HAL_Delay               0x08009f81    0x1a  Code  Wk  stm32l1xx_hal.o [1]
HAL_FLASHEx_Erase       0x0800ed7d    0x9a  Code  Gb  stm32l1xx_hal_flash_ex.o [1]
HAL_FLASH_GetError      0x0800ec21     0x6  Code  Gb  stm32l1xx_hal_flash.o [1]
HAL_FLASH_Lock          0x0800ec11    0x10  Code  Gb  stm32l1xx_hal_flash.o [1]
HAL_FLASH_Program       0x0800eb85    0x5c  Code  Gb  stm32l1xx_hal_flash.o [1]
HAL_FLASH_Unlock        0x0800ebe1    0x30  Code  Gb  stm32l1xx_hal_flash.o [1]
HAL_GPIO_DeInit         0x08007907   0x13c  Code  Gb  stm32l1xx_hal_gpio.o [1]
HAL_GPIO_Init           0x08007735   0x1d2  Code  Gb  stm32l1xx_hal_gpio.o [1]
HAL_GPIO_ReadPin        0x08007a43    0x18  Code  Gb  stm32l1xx_hal_gpio.o [1]
HAL_GPIO_TogglePin      0x08007a6f     0xa  Code  Gb  stm32l1xx_hal_gpio.o [1]
HAL_GPIO_WritePin       0x08007a5b    0x14  Code  Gb  stm32l1xx_hal_gpio.o [1]
HAL_GetTick             0x08009f7b     0x6  Code  Wk  stm32l1xx_hal.o [1]
HAL_I2C_ER_IRQHandler   0x0800aa25    0xce  Code  Gb  stm32l1xx_hal_i2c.o [1]
HAL_I2C_EV_IRQHandler   0x0800a8f1   0x134  Code  Gb  stm32l1xx_hal_i2c.o [1]
HAL_I2C_ErrorCallback   0x0800aaff     0x2  Code  Wk  stm32l1xx_hal_i2c.o [1]
HAL_I2C_GetError        0x0800ab07     0x4  Code  Gb  stm32l1xx_hal_i2c.o [1]
HAL_I2C_GetState        0x0800ab01     0x6  Code  Gb  stm32l1xx_hal_i2c.o [1]
HAL_I2C_Init            0x0800a1a1   0x172  Code  Gb  stm32l1xx_hal_i2c.o [1]
HAL_I2C_MasterRxCpltCallback
                        0x0800aaf5     0x2  Code  Wk  stm32l1xx_hal_i2c.o [1]
HAL_I2C_MasterTxCpltCallback
                        0x0800aaf3     0x2  Code  Wk  stm32l1xx_hal_i2c.o [1]
HAL_I2C_Master_Receive  0x0800a44b   0x256  Code  Gb  stm32l1xx_hal_i2c.o [1]
HAL_I2C_Master_Receive_IT
                        0x0800a787   0x14e  Code  Gb  stm32l1xx_hal_i2c.o [1]
HAL_I2C_Master_Transmit
                        0x0800a313   0x138  Code  Gb  stm32l1xx_hal_i2c.o [1]
HAL_I2C_Master_Transmit_IT
                        0x0800a6a1    0xe6  Code  Gb  stm32l1xx_hal_i2c.o [1]
HAL_I2C_MemRxCpltCallback
                        0x0800aafd     0x2  Code  Wk  stm32l1xx_hal_i2c.o [1]
HAL_I2C_MemTxCpltCallback
                        0x0800aafb     0x2  Code  Wk  stm32l1xx_hal_i2c.o [1]
HAL_I2C_MspInit         0x080062a3    0x50  Code  Gb  i2c.o [1]
HAL_I2C_SlaveRxCpltCallback
                        0x0800aaf9     0x2  Code  Wk  stm32l1xx_hal_i2c.o [1]
HAL_I2C_SlaveTxCpltCallback
                        0x0800aaf7     0x2  Code  Wk  stm32l1xx_hal_i2c.o [1]
HAL_IncTick             0x08009f6f     0xc  Code  Wk  stm32l1xx_hal.o [1]
HAL_Init                0x08009f59    0x16  Code  Gb  stm32l1xx_hal.o [1]
HAL_InitTick            0x0800e48d    0x80  Code  Gb  stm32l1xx_hal_timebase_TIM.o [1]
HAL_MspInit             0x0800e51d    0x98  Code  Gb  stm32l1xx_hal_msp.o [1]
HAL_NVIC_DisableIRQ     0x08006861     0xe  Code  Gb  stm32l1xx_hal_cortex.o [1]
HAL_NVIC_EnableIRQ      0x08006853     0xe  Code  Gb  stm32l1xx_hal_cortex.o [1]
HAL_NVIC_SetPriority    0x0800682d    0x26  Code  Gb  stm32l1xx_hal_cortex.o [1]
HAL_NVIC_SetPriorityGrouping
                        0x08006821     0xc  Code  Gb  stm32l1xx_hal_cortex.o [1]
HAL_NVIC_SystemReset    0x0800686f     0x8  Code  Gb  stm32l1xx_hal_cortex.o [1]
HAL_PCD_DataInStageCallback
                        0x0800fef5    0x20  Code  Gb  usbd_conf.o [1]
HAL_PCD_DataOutStageCallback
                        0x0800fed3    0x22  Code  Gb  usbd_conf.o [1]
HAL_PCD_EP_ClrStall     0x0800fdb3   0x10a  Code  Gb  stm32l1xx_hal_pcd.o [1]
HAL_PCD_EP_Open         0x0800f465   0x476  Code  Gb  stm32l1xx_hal_pcd.o [1]
HAL_PCD_EP_Receive      0x0800f8db   0x1ac  Code  Gb  stm32l1xx_hal_pcd.o [1]
HAL_PCD_EP_SetStall     0x0800fcd5    0xde  Code  Gb  stm32l1xx_hal_pcd.o [1]
HAL_PCD_EP_Transmit     0x0800fa87   0x24e  Code  Gb  stm32l1xx_hal_pcd.o [1]
HAL_PCD_IRQHandler      0x0800f2ef   0x144  Code  Gb  stm32l1xx_hal_pcd.o [1]
HAL_PCD_ResetCallback   0x0800ff23    0x2c  Code  Gb  usbd_conf.o [1]
HAL_PCD_ResumeCallback  0x0800ff6f     0xe  Code  Gb  usbd_conf.o [1]
HAL_PCD_SOFCallback     0x0800ff15     0xe  Code  Gb  usbd_conf.o [1]
HAL_PCD_SetAddress      0x0800f433    0x32  Code  Gb  stm32l1xx_hal_pcd.o [1]
HAL_PCD_SetupStageCallback
                        0x0800febd    0x16  Code  Gb  usbd_conf.o [1]
HAL_PCD_SuspendCallback
                        0x0800ff4f    0x20  Code  Gb  usbd_conf.o [1]
HAL_PWREx_GetVoltageRange
                        0x0800e68d     0xa  Code  Gb  stm32l1xx_hal_pwr_ex.o [1]
HAL_RCC_ClockConfig     0x0800b9e3   0x2a0  Code  Gb  stm32l1xx_hal_rcc.o [1]
HAL_RCC_GetClockConfig  0x0800bd89    0x3a  Code  Gb  stm32l1xx_hal_rcc.o [1]
HAL_RCC_GetHCLKFreq     0x0800bd2d     0x6  Code  Gb  stm32l1xx_hal_rcc.o [1]
HAL_RCC_GetPCLK1Freq    0x0800bd33    0x20  Code  Gb  stm32l1xx_hal_rcc.o [1]
HAL_RCC_GetPCLK2Freq    0x0800bd53    0x20  Code  Gb  stm32l1xx_hal_rcc.o [1]
HAL_RCC_GetSysClockFreq
                        0x0800bc83    0xaa  Code  Gb  stm32l1xx_hal_rcc.o [1]
HAL_RCC_OscConfig       0x0800b1b9   0x82a  Code  Gb  stm32l1xx_hal_rcc.o [1]
HAL_SYSTICK_CLKSourceConfig
                        0x08006883    0x22  Code  Gb  stm32l1xx_hal_cortex.o [1]
HAL_SYSTICK_Config      0x08006877     0xc  Code  Gb  stm32l1xx_hal_cortex.o [1]
HAL_TIMEx_MasterConfigSynchronization
                        0x0800ea77    0x5e  Code  Gb  stm32l1xx_hal_tim_ex.o [1]
HAL_TIM_Base_Init       0x0800e69d    0x38  Code  Gb  stm32l1xx_hal_tim.o [1]
HAL_TIM_Base_MspInit    0x0800bf87    0x48  Code  Gb  tim.o [1]
HAL_TIM_Base_Start_IT   0x0800e6d5    0x1e  Code  Gb  stm32l1xx_hal_tim.o [1]
HAL_TIM_ConfigClockSource
                        0x0800e82d   0x122  Code  Gb  stm32l1xx_hal_tim.o [1]
HAL_TIM_IC_CaptureCallback
                        0x0800e951     0x2  Code  Wk  stm32l1xx_hal_tim.o [1]
HAL_TIM_IRQHandler      0x0800e6f3   0x13a  Code  Gb  stm32l1xx_hal_tim.o [1]
HAL_TIM_OC_DelayElapsedCallback
                        0x0800e94f     0x2  Code  Wk  stm32l1xx_hal_tim.o [1]
HAL_TIM_PWM_PulseFinishedCallback
                        0x0800e953     0x2  Code  Wk  stm32l1xx_hal_tim.o [1]
HAL_TIM_PeriodElapsedCallback
                        0x0800bfcf    0x56  Code  Gb  tim.o [1]
HAL_TIM_StartTimer2     0x0800c091    0x12  Code  Gb  tim.o [1]
HAL_TIM_StartTimer3     0x0800c0a3    0x12  Code  Gb  tim.o [1]
HAL_TIM_TriggerCallback
                        0x0800e955     0x2  Code  Wk  stm32l1xx_hal_tim.o [1]
HAL_UART_EnableBGM_RX   0x080024eb    0x32  Code  Gb  usart.o [1]
HAL_UART_EnableBGM_TXE  0x080024d9    0x12  Code  Gb  usart.o [1]
HAL_UART_ErrorCallback  0x080024d7     0x2  Code  Gb  usart.o [1]
HAL_UART_IRQHandler     0x08006b37   0x11a  Code  Gb  stm32l1xx_hal_uart.o [1]
HAL_UART_Init           0x080068d1    0x72  Code  Gb  stm32l1xx_hal_uart.o [1]
HAL_UART_MspInit        0x0800214f    0xba  Code  Gb  usart.o [1]
HAL_UART_Receive_IT     0x08006aaf    0x88  Code  Gb  stm32l1xx_hal_uart.o [1]
HAL_UART_RxCpltCallback
                        0x08002427    0xb0  Code  Gb  usart.o [1]
HAL_UART_RxCpltCallback::len
                        0x20003588     0x4  Data  Lc  usart.o [1]
HAL_UART_RxCpltCallback::temp_ptr
                        0x20003584     0x4  Data  Lc  usart.o [1]
HAL_UART_Transmit       0x08006943    0xfc  Code  Gb  stm32l1xx_hal_uart.o [1]
HAL_UART_Transmit_IT    0x08006a3f    0x70  Code  Gb  stm32l1xx_hal_uart.o [1]
HAL_UART_TxCpltCallback
                        0x080023eb    0x20  Code  Gb  usart.o [1]
HAL_WWDG_IRQHandler     0x0800e309    0x2c  Code  Gb  stm32l1xx_hal_wwdg.o [1]
HAL_WWDG_Init           0x0800e25f    0x4c  Code  Gb  stm32l1xx_hal_wwdg.o [1]
HAL_WWDG_MspInit        0x08009e1f    0x26  Code  Gb  wwdg.o [1]
HAL_WWDG_Refresh        0x0800e2db    0x2e  Code  Gb  stm32l1xx_hal_wwdg.o [1]
HAL_WWDG_Start_IT       0x0800e2ab    0x30  Code  Gb  stm32l1xx_hal_wwdg.o [1]
HAL_WWDG_WakeupCallback
                        0x08009e75    0x18  Code  Gb  wwdg.o [1]
HAL_WWDG_WakeupCallback::OnceFlg
                        0x200035a3     0x1  Data  Lc  wwdg.o [1]
HEAP$$Base              0x20001150           --   Gb  - Linker created -
HEAP$$Limit             0x20001150           --   Gb  - Linker created -
HeartBeat_Cnt           0x20003596     0x2  Data  Lc  app_data.o [1]
I2C1_ER_IRQHandler      0x08010cf1     0xa  Code  Gb  stm32l1xx_it.o [1]
I2C1_EV_IRQHandler      0x08010ce7     0xa  Code  Gb  stm32l1xx_it.o [1]
I2C_IsAcknowledgeFailed
                        0x0800b18f    0x2a  Code  Lc  stm32l1xx_hal_i2c.o [1]
I2C_MasterReceive_BTF   0x0800ac0f    0xa6  Code  Lc  stm32l1xx_hal_i2c.o [1]
I2C_MasterReceive_RXNE  0x0800ab93    0x7c  Code  Lc  stm32l1xx_hal_i2c.o [1]
I2C_MasterRequestRead   0x0800ae51   0x106  Code  Lc  stm32l1xx_hal_i2c.o [1]
I2C_MasterRequestWrite  0x0800adbb    0x96  Code  Lc  stm32l1xx_hal_i2c.o [1]
I2C_MasterTransmit_BTF  0x0800ab37    0x5c  Code  Lc  stm32l1xx_hal_i2c.o [1]
I2C_MasterTransmit_TXE  0x0800ab0b    0x2c  Code  Lc  stm32l1xx_hal_i2c.o [1]
I2C_SlaveReceive_BTF    0x0800ad0f    0x1e  Code  Lc  stm32l1xx_hal_i2c.o [1]
I2C_SlaveReceive_RXNE   0x0800acf1    0x1e  Code  Lc  stm32l1xx_hal_i2c.o [1]
I2C_SlaveTransmit_BTF   0x0800acd3    0x1e  Code  Lc  stm32l1xx_hal_i2c.o [1]
I2C_SlaveTransmit_TXE   0x0800acb5    0x1e  Code  Lc  stm32l1xx_hal_i2c.o [1]
I2C_Slave_ADDR          0x0800ad2d    0x18  Code  Lc  stm32l1xx_hal_i2c.o [1]
I2C_Slave_AF            0x0800ad87    0x34  Code  Lc  stm32l1xx_hal_i2c.o [1]
I2C_Slave_STOPF         0x0800ad45    0x42  Code  Lc  stm32l1xx_hal_i2c.o [1]
I2C_WaitBusyFlag        0x08006599    0x12  Code  Gb  i2c.o [1]
I2C_WaitOnFlagUntilTimeout
                        0x0800af61    0xda  Code  Lc  stm32l1xx_hal_i2c.o [1]
I2C_WaitOnMasterAddressFlagUntilTimeout
                        0x0800b03b    0x9e  Code  Lc  stm32l1xx_hal_i2c.o [1]
I2C_WaitOnRXNEFlagUntilTimeout
                        0x0800b12b    0x64  Code  Lc  stm32l1xx_hal_i2c.o [1]
I2C_WaitOnTXEFlagUntilTimeout
                        0x0800b0d9    0x52  Code  Lc  stm32l1xx_hal_i2c.o [1]
InitSensors             0x08003255    0x24  Code  Gb  app_data.o [1]
LPS25HB_GetPressure     0x08009965    0x2c  Code  Gb  lps25hb.o [1]
LPS25HB_GetTemperature  0x080099d3    0x2e  Code  Gb  lps25hb.o [1]
LPS25HB_I2C_GetRawTemperature
                        0x08009991     0xc  Code  Gb  lps25hb.o [1]
LPS25HB_I2C_ReadRawPressure
                        0x0800991b    0x4a  Code  Lc  lps25hb.o [1]
LPS25HB_I2C_ReadRawTemperature
                        0x0800999d    0x36  Code  Lc  lps25hb.o [1]
LPS25HB_Init            0x08009809   0x112  Code  Gb  lps25hb.o [1]
LPS25HB_PowerOn         0x08009a01    0x48  Code  Lc  lps25hb.o [1]
LoadInt                 0x08008cd7    0x70  Code  Lc  xprintffull.o [3]
MX_ADC_Init             0x08007dc9    0x88  Code  Gb  adc.o [1]
MX_DMA_Init             0x0800be8d    0x30  Code  Gb  dma.o [1]
MX_GPIO_Init            0x0800607d   0x13a  Code  Gb  gpio.o [1]
MX_I2C1_Init            0x08006241    0x62  Code  Gb  i2c.o [1]
MX_I2C1_Reset           0x080062f3    0x50  Code  Gb  i2c.o [1]
MX_TIM2_Init            0x0800bebd    0x66  Code  Gb  tim.o [1]
MX_TIM3_Init            0x0800bf23    0x64  Code  Gb  tim.o [1]
MX_USART2_UART_Init     0x0800209d    0x58  Code  Gb  usart.o [1]
MX_USART3_UART_Init     0x080020f5    0x5a  Code  Gb  usart.o [1]
MX_WWDG_Init            0x08009ded    0x32  Code  Gb  wwdg.o [1]
ModuleArray             0x080120c8    0x1c  Data  Gb  ErrorCodes.o [1]
NVIC_DisableIRQ         0x0800675d    0x14  Code  Lc  stm32l1xx_hal_cortex.o [1]
NVIC_EnableIRQ          0x08006749    0x14  Code  Lc  stm32l1xx_hal_cortex.o [1]
NVIC_EncodePriority     0x08006797    0x3e  Code  Lc  stm32l1xx_hal_cortex.o [1]
NVIC_GetPriorityGrouping
                        0x0800673f     0xa  Code  Lc  stm32l1xx_hal_cortex.o [1]
NVIC_SetPriority        0x08006771    0x26  Code  Lc  stm32l1xx_hal_cortex.o [1]
NVIC_SetPriorityGrouping
                        0x08006721    0x1e  Code  Lc  stm32l1xx_hal_cortex.o [1]
NVIC_SystemReset        0x080067d5    0x1c  Code  Lc  stm32l1xx_hal_cortex.o [1]
NextBufIdx              0x080025e1     0xe  Code  Gb  bgm111.o [1]
PCD_EP_ISR_Handler      0x0800ee49   0x43a  Code  Lc  stm32l1xx_hal_pcd.o [1]
PCD_ReadPMA             0x0800f2c3    0x2c  Code  Lc  stm32l1xx_hal_pcd.o [1]
PCD_WritePMA            0x0800f283    0x40  Code  Lc  stm32l1xx_hal_pcd.o [1]
PageError               0x20003550     0x4  Data  Gb  Flash.o [1]
PendSV_Handler          0x08010bd9          Code  Gb  portasm.o [1]
Proc_Timer2             0x0800c03d    0x54  Code  Gb  tim.o [1]
ProcessSensorState      0x0800337d   0x954  Code  Gb  app_data.o [1]
Process_RdSound         0x08003d15   0x1c8  Code  Gb  app_data.o [1]
RBIsBufFull             0x08007c6b    0x1e  Code  Gb  ErrorCodes.o [1]
RBNextBufIdx            0x08007c5d     0xe  Code  Gb  ErrorCodes.o [1]
RCC_SetFlashLatencyFromMSIRange
                        0x0800bdc9    0x90  Code  Lc  stm32l1xx_hal_rcc.o [1]
RdBrdI2C_WaitOnFlagUntilTimeout
                        0x080065ab    0xda  Code  Lc  i2c.o [1]
RdBrd_BlinkErrCd        0x08007d29    0x4e  Code  Gb  ErrorCodes.o [1]
RdBrd_ErrCdLogErrCd     0x08007c89    0x8e  Code  Gb  ErrorCodes.o [1]
RdSndTickCnt            0x20000040     0x4  Data  Lc  tim.o [1]
Region$$Table$$Base     0x08011e6c           --   Gb  - Linker created -
Region$$Table$$Limit    0x08011e94           --   Gb  - Linker created -
Reset_DriverStates      0x08003f75    0x32  Code  Gb  app_data.o [1]
RoadBrdSnd_ClearImgnryBffr
                        0x08002dc1    0x14  Code  Gb  Rd_Sound.o [1]
RoadBrdSnd_ClrBffrs     0x08002fd3    0x20  Code  Gb  Rd_Sound.o [1]
RoadBrdSnd_DumpBin0     0x08002ec9    0x40  Code  Gb  Rd_Sound.o [1]
RoadBrdSnd_DumpBin16    0x08002f09    0x42  Code  Gb  Rd_Sound.o [1]
RoadBrdSnd_DumpBin32    0x08002f4b    0x44  Code  Gb  Rd_Sound.o [1]
RoadBrdSnd_DumpBin48    0x08002f8f    0x44  Code  Gb  Rd_Sound.o [1]
RoadBrdSnd_ProcessSound
                        0x08002e25    0xa4  Code  Gb  Rd_Sound.o [1]
RoadBrdSnd_SampleSound  0x08002dd9    0x4c  Code  Gb  Rd_Sound.o [1]
RoadBrdSnd_getSaveBffr  0x08002dd5     0x4  Code  Gb  Rd_Sound.o [1]
RoadBrd_ADC_PORT        0x20000000     0xc  Data  Gb  adc.o [1]
RoadBrd_ADC_Start       0x08007fbd    0x6e  Code  Gb  adc.o [1]
RoadBrd_ADC_Status      0x0800802b    0x10  Code  Gb  adc.o [1]
RoadBrd_Baro_ReadPressure
                        0x080030b1    0x88  Code  Gb  barometer.o [1]
RoadBrd_Baro_ReadTemp   0x08003139    0xa6  Code  Gb  barometer.o [1]
RoadBrd_CoolEyeInit     0x080042ad    0x6a  Code  Gb  GridEye.o [1]
RoadBrd_CoolEye_ReadValues
                        0x08004319   0x5b8  Code  Gb  GridEye.o [1]
RoadBrd_Delay           0x0800658f     0xa  Code  Gb  i2c.o [1]
RoadBrd_Delay2          0x08007d77    0x16  Code  Gb  ErrorCodes.o [1]
RoadBrd_FlashRead       0x0800e46d    0x20  Code  Gb  Flash.o [1]
RoadBrd_FlashWrite      0x0800e335   0x124  Code  Gb  Flash.o [1]
RoadBrd_FlashWrite::EraseInitStruct
                        0x20003524     0xc  Data  Lc  Flash.o [1]
RoadBrd_FlashWrite::OptionsBytesStruct
                        0x200034b4    0x1c  Data  Lc  Flash.o [1]
RoadBrd_GetBGPtr        0x08002321     0x6  Code  Gb  usart.o [1]
RoadBrd_GetBffrFlg      0x08002331     0x6  Code  Gb  usart.o [1]
RoadBrd_GridEyeInit     0x080048d5    0xd6  Code  Gb  GridEye.o [1]
RoadBrd_GridEyeReset    0x080049ab    0x96  Code  Gb  GridEye.o [1]
RoadBrd_GridEye_ReadValues
                        0x08004a41   0x5d0  Code  Gb  GridEye.o [1]
RoadBrd_HumidityInit    0x08005505    0xa6  Code  Gb  Humidity.o [1]
RoadBrd_Humidity_ReadHumidity
                        0x080055ab   0x2f8  Code  Gb  Humidity.o [1]
RoadBrd_Humidity_ReadTemperature
                        0x080058a9   0x2f0  Code  Gb  Humidity.o [1]
RoadBrd_I2C_GetError    0x0800653d     0xa  Code  Gb  i2c.o [1]
RoadBrd_I2C_GetState    0x08006547     0xa  Code  Gb  i2c.o [1]
RoadBrd_I2C_Master_CmdReceive
                        0x0800647b    0x60  Code  Gb  i2c.o [1]
RoadBrd_I2C_Master_Receive
                        0x080064db    0x36  Code  Gb  i2c.o [1]
RoadBrd_I2C_Master_Receive_IT
                        0x08006511    0x2c  Code  Gb  i2c.o [1]
RoadBrd_I2C_Master_Transmit
                        0x08006445    0x36  Code  Gb  i2c.o [1]
RoadBrd_I2C_Master_Transmit_CMDData
                        0x080063ab    0x6e  Code  Gb  i2c.o [1]
RoadBrd_I2C_Master_Transmit_CMDData_IT
                        0x08006343    0x68  Code  Gb  i2c.o [1]
RoadBrd_I2C_Master_Transmit_IT
                        0x08006419    0x2c  Code  Gb  i2c.o [1]
RoadBrd_Init_Barometer  0x0800305d    0x54  Code  Gb  barometer.o [1]
RoadBrd_Init_VMonitor   0x08005045    0xb6  Code  Gb  VMonitor.o [1]
RoadBrd_LED_On          0x080061b7    0x1c  Code  Gb  gpio.o [1]
RoadBrd_LED_PIN         0x0801255c    0x14  Data  Gb  gpio.o [1]
RoadBrd_LED_PORT        0x20000014    0x24  Data  Gb  gpio.o [1]
RoadBrd_LED_Toggle      0x080061d3    0x1a  Code  Gb  gpio.o [1]
RoadBrd_ParseString     0x08000125  0x1d38  Code  Gb  parser.o [1]
RoadBrd_ProcessBGMChar  0x08002b5d   0x1a4  Code  Gb  bgm111.o [1]
RoadBrd_ProcessBGMChar::in_ptr
                        0x2000359b     0x1  Data  Lc  bgm111.o [1]
RoadBrd_ProcessBGMChar::tempBffr2
                        0x20003464    0x28  Data  Lc  bgm111.o [1]
RoadBrd_RGBFullInit     0x08005d89    0x54  Code  Gb  RGBLight.o [1]
RoadBrd_RGBInit         0x08005d39    0x50  Code  Gb  RGBLight.o [1]
RoadBrd_RGBReadID       0x08005e21    0x96  Code  Gb  RGBLight.o [1]
RoadBrd_RGBReadStatus   0x08005eb7    0x96  Code  Gb  RGBLight.o [1]
RoadBrd_RGBReadValues   0x08005f4d   0x120  Code  Gb  RGBLight.o [1]
RoadBrd_RGBReset        0x08005ddd    0x44  Code  Gb  RGBLight.o [1]
RoadBrd_ReadTemp        0x08005bcd   0x16c  Code  Gb  Temperature.o [1]
RoadBrd_SetBffrFlg      0x08002327     0xa  Code  Gb  usart.o [1]
RoadBrd_TestI2C         0x08006685    0x8a  Code  Gb  i2c.o [1]
RoadBrd_TestandRead_Barometer
                        0x08003209    0x4c  Code  Gb  barometer.o [1]
RoadBrd_UART_Receive_IT
                        0x08002337    0x7a  Code  Gb  usart.o [1]
RoadBrd_UART_Transmit   0x08002209    0x90  Code  Gb  usart.o [1]
RoadBrd_UART_Transmit_IT
                        0x08002299    0x88  Code  Gb  usart.o [1]
RoadBrd_Uart_GetState   0x080023c9    0x22  Code  Gb  usart.o [1]
RoadBrd_Uart_Status     0x080023b1    0x18  Code  Gb  usart.o [1]
RoadBrd_VMonitor_RdCurrent
                        0x080051e7    0xec  Code  Gb  VMonitor.o [1]
RoadBrd_VMonitor_RdPower
                        0x080052d3    0xf4  Code  Gb  VMonitor.o [1]
RoadBrd_VMonitor_RdShntVltg
                        0x080050fb    0xec  Code  Gb  VMonitor.o [1]
RoadBrd_VMonitor_RdVoltage
                        0x080053cd    0xf2  Code  Gb  VMonitor.o [1]
RoadBrd_WWDG_GetRefreshCnt
                        0x08009e69     0xc  Code  Gb  wwdg.o [1]
RoadBrd_WWDG_InitializeFrmFlash
                        0x08009ec5    0x34  Code  Gb  wwdg.o [1]
RoadBrd_WWDG_Refresh    0x08009e4f    0x1a  Code  Gb  wwdg.o [1]
RoadBrd_WWDG_Start      0x08009e45     0xa  Code  Gb  wwdg.o [1]
RoadBrd_WWDG_VerifyFrame
                        0x08009e97    0x2e  Code  Gb  wwdg.o [1]
RoadBrd_WaitForState    0x08006551    0x3e  Code  Gb  i2c.o [1]
RoadBrd_gpio_Off        0x08006209    0x1c  Code  Gb  gpio.o [1]
RoadBrd_gpio_On         0x080061ed    0x1c  Code  Gb  gpio.o [1]
SVC_Handler             0x08010c2b          Code  Gb  portasm.o [1]
Save_Frames             0x200034fc    0x10  Data  Lc  wwdg.o [1]
SendApp_String          0x08003eed    0x3a  Code  Gb  app_data.o [1]
SetDataReady            0x08003329     0xa  Code  Gb  app_data.o [1]
Set_DriverStates        0x08003fc9    0x58  Code  Gb  app_data.o [1]
Set_HeartBeat           0x08004137     0x8  Code  Gb  app_data.o [1]
Sinewave                0x08010d64    0x80  Data  Gb  fix_fft.o [1]
SnsrTickCnt             0x2000003c     0x4  Data  Lc  tim.o [1]
SysTick_Config          0x080067f1    0x30  Code  Lc  stm32l1xx_hal_cortex.o [1]
SysTick_Handler         0x08010cad     0x8  Code  Gb  stm32l1xx_it.o [1]
SystemClock_Config      0x08007633    0xaa  Code  Gb  main.o [1]
SystemCoreClock         0x20000038     0x4  Data  Gb  system_stm32l1xx.o [1]
SystemInit              0x08010de5    0x4c  Code  Gb  system_stm32l1xx.o [1]
TIM2_IRQHandler         0x08010cfb     0xa  Code  Gb  stm32l1xx_it.o [1]
TIM3_IRQHandler         0x08010d05     0xa  Code  Gb  stm32l1xx_it.o [1]
TIM4_IRQHandler         0x08010cc9     0xa  Code  Gb  stm32l1xx_it.o [1]
TIM6_IRQHandler         0x08003333     0xa  Code  Gb  app_data.o [1]
TIM_Base_SetConfig      0x0800e957    0x70  Code  Lc  stm32l1xx_hal_tim.o [1]
TIM_ETR_SetConfig       0x0800ea5b    0x1c  Code  Lc  stm32l1xx_hal_tim.o [1]
TIM_ITRx_SetConfig      0x0800ea43    0x18  Code  Lc  stm32l1xx_hal_tim.o [1]
TIM_TI1_ConfigInputStage
                        0x0800e9e1    0x30  Code  Lc  stm32l1xx_hal_tim.o [1]
TIM_TI2_ConfigInputStage
                        0x0800ea11    0x32  Code  Lc  stm32l1xx_hal_tim.o [1]
Test_Connection         0x08003f27    0x44  Code  Gb  app_data.o [1]
Test_Timer2             0x0800c02d    0x10  Code  Gb  tim.o [1]
Timr2Ready              0x2000359d     0x1  Data  Gb  tim.o [1]
Timr3Ready              0x2000359e     0x1  Data  Gb  tim.o [1]
TmpData                 0x20002710   0x248  Data  Gb  app_data.o [1]
Tst_Bypass              0x08001f27     0x6  Code  Gb  parser.o [1]
Tst_HeartBeat           0x08004131     0x6  Code  Gb  app_data.o [1]
UART_EndTransmit_IT     0x08006dbb    0x32  Code  Lc  stm32l1xx_hal_uart.o [1]
UART_Receive_IT         0x08006ded    0xc8  Code  Lc  stm32l1xx_hal_uart.o [1]
UART_SetConfig          0x08006eb5   0x2fe  Code  Lc  stm32l1xx_hal_uart.o [1]
UART_Transmit_IT        0x08006d3f    0x7c  Code  Lc  stm32l1xx_hal_uart.o [1]
UART_WaitOnFlagUntilTimeout
                        0x08006c51    0xee  Code  Lc  stm32l1xx_hal_uart.o [1]
USART2_IRQHandler       0x08010cdd     0xa  Code  Gb  stm32l1xx_it.o [1]
USART3_IRQHandler       0x08010cd3     0xa  Code  Gb  stm32l1xx_it.o [1]
USART_ReceiveData       0x08002b53     0xa  Code  Gb  bgm111.o [1]
USART_SendData          0x08002b47     0xc  Code  Gb  bgm111.o [1]
USBD_ClrClassConfig     0x08010087    0x18  Code  Gb  usbd_core.o [1]
USBD_ClrFeature         0x080108ab    0x3a  Code  Lc  usbd_ctlreq.o [1]
USBD_CtlContinueRx      0x08010967    0x1a  Code  Gb  usbd_ioreq.o [1]
USBD_CtlContinueSendData
                        0x0801094d    0x1a  Code  Gb  usbd_ioreq.o [1]
USBD_CtlError           0x0801090d    0x18  Code  Gb  usbd_ctlreq.o [1]
USBD_CtlReceiveStatus   0x0801099b    0x1a  Code  Gb  usbd_ioreq.o [1]
USBD_CtlSendData        0x08010925    0x28  Code  Gb  usbd_ioreq.o [1]
USBD_CtlSendStatus      0x08010981    0x1a  Code  Gb  usbd_ioreq.o [1]
USBD_GetConfig          0x080107fd    0x4c  Code  Lc  usbd_ctlreq.o [1]
USBD_GetDescriptor      0x08010559   0x164  Code  Lc  usbd_ctlreq.o [1]
USBD_GetStatus          0x08010849    0x3c  Code  Lc  usbd_ctlreq.o [1]
USBD_LL_ClearStallEP    0x0800ffb5    0x16  Code  Gb  usbd_conf.o [1]
USBD_LL_DataInStage     0x080101a7    0xe2  Code  Gb  usbd_core.o [1]
USBD_LL_DataOutStage    0x08010117    0x90  Code  Gb  usbd_core.o [1]
USBD_LL_IsStallEP       0x0800ffcb    0x30  Code  Gb  usbd_conf.o [1]
USBD_LL_OpenEP          0x0800ff7d    0x22  Code  Gb  usbd_conf.o [1]
USBD_LL_PrepareReceive  0x08010031    0x20  Code  Gb  usbd_conf.o [1]
USBD_LL_Reset           0x08010289    0x46  Code  Gb  usbd_core.o [1]
USBD_LL_Resume          0x080102eb     0xe  Code  Gb  usbd_core.o [1]
USBD_LL_SOF             0x080102f9    0x24  Code  Gb  usbd_core.o [1]
USBD_LL_SetSpeed        0x080102cf     0x8  Code  Gb  usbd_core.o [1]
USBD_LL_SetUSBAddress   0x0800fffb    0x16  Code  Gb  usbd_conf.o [1]
USBD_LL_SetupStage      0x0801009f    0x78  Code  Gb  usbd_core.o [1]
USBD_LL_StallEP         0x0800ff9f    0x16  Code  Gb  usbd_conf.o [1]
USBD_LL_Suspend         0x080102d7    0x14  Code  Gb  usbd_core.o [1]
USBD_LL_Transmit        0x08010011    0x20  Code  Gb  usbd_conf.o [1]
USBD_ParseSetupRequest  0x080108e5    0x28  Code  Gb  usbd_ctlreq.o [1]
USBD_RunTestMode        0x08010055     0x6  Code  Gb  usbd_core.o [1]
USBD_SetAddress         0x080106bd    0x60  Code  Lc  usbd_ctlreq.o [1]
USBD_SetClassConfig     0x0801005b    0x2c  Code  Gb  usbd_core.o [1]
USBD_SetConfig          0x0801071d    0xda  Code  Lc  usbd_ctlreq.o [1]
USBD_SetConfig::cfgidx  0x200035a2     0x1  Data  Lc  usbd_ctlreq.o [1]
USBD_SetFeature         0x08010885    0x26  Code  Lc  usbd_ctlreq.o [1]
USBD_StdDevReq          0x0801031d    0x7c  Code  Gb  usbd_ctlreq.o [1]
USBD_StdEPReq           0x080103e5   0x174  Code  Gb  usbd_ctlreq.o [1]
USBD_StdItfReq          0x08010399    0x4c  Code  Gb  usbd_ctlreq.o [1]
USB_LP_IRQHandler       0x08010cbf     0xa  Code  Gb  stm32l1xx_it.o [1]
Uart2Ready              0x2000359f     0x1  Data  Gb  usart.o [1]
Uart3Ready              0x200035a0     0x1  Data  Gb  usart.o [1]
WWDG_IRQHandler         0x08009e8d     0xa  Code  Gb  wwdg.o [1]
_EncodingSb_Mbtowc      0x0800eb0f    0x30  Code  Gb  xencoding_sb.o [3]
_EncodingSb_Mbtowc::initial
                        0x0800eb4c     0x8  Data  Lc  xencoding_sb.o [3]
_EncodingSb_Wctomb      0x0800eaf5    0x1a  Code  Gb  xencoding_sb.o [3]
_EncodingSb_Wctomb::initial
                        0x0800eb44     0x8  Data  Lc  xencoding_sb.o [3]
_GenldFull              0x08009569   0x254  Code  Lc  xprintffull.o [3]
_IsdstStr               0x200000dc     0x4  Data  Gb  setlocale.o [3]
_LdtobFull              0x0800915d   0x406  Code  Lc  xprintffull.o [3]
_LitobFull              0x08009053   0x10a  Code  Lc  xprintffull.o [3]
_LocaleEncoding         0x0800eae1     0xe  Code  Gb  setlocale.o [3]
_LocaleReturnString     0x200000fc    0x50  Data  Lc  setlocale.o [3]
_Locale_Profile         0x200000e0    0x1c  Data  Gb  setlocale.o [3]
_Locale_aeabi_lconv     0x2000009c    0x38  Data  Gb  localeconv.o [3]
_Locale_lconv           0x2000004c    0x50  Data  Gb  localeconv.o [3]
_Mbtowc                 0x0800d90d    0x20  Code  Gb  xmbtowc.o [3]
_PrintfFull             0x08008669   0x658  Code  Gb  xprintffull.o [3]
_PutcharsFull           0x080097bd    0x2e  Code  Lc  xprintffull.o [3]
_PutstrFull             0x08008d47   0x306  Code  Lc  xprintffull.o [3]
_SProut                 0x0800204f     0xa  Code  Gb  xsprout.o [3]
_TzoneStr               0x200000d8     0x4  Data  Gb  setlocale.o [3]
_Wctomb                 0x0800da59    0x1a  Code  Gb  xwctomb.o [3]
__aeabi_cdcmple         0x0800dca1          Code  Gb  DblCmpLe.o [4]
__aeabi_cdrcmple        0x0800dcd1          Code  Gb  DblCmpGe.o [4]
__aeabi_cfrcmple        0x0800a081          Code  Gb  FltCmpGe.o [4]
__aeabi_d2f             0x08008595          Code  Gb  DblToFlt.o [4]
__aeabi_d2iz            0x08009bf5          Code  Gb  DblToI32.o [4]
__aeabi_d2uiz           0x08009c21          Code  Gb  DblToI32.o [4]
__aeabi_dadd            0x08009d05          Code  Gb  DblAdd.o [4]
__aeabi_ddiv            0x0800df8d          Code  Gb  DblDiv.o [4]
__aeabi_dmul            0x08009a51          Code  Gb  DblMul.o [4]
__aeabi_dsub            0x0800de0d          Code  Gb  DblSub.o [4]
__aeabi_errno_addr      0x0800ead5     0x6  Code  Gb  errno.o [3]
__aeabi_f2d             0x08008455          Code  Gb  FltToDbl.o [4]
__aeabi_f2iz            0x08008625          Code  Gb  FltToS32.o [4]
__aeabi_fadd            0x080083d1          Code  Gb  FltAdd.o [4]
__aeabi_fdiv            0x0800a0a5          Code  Gb  FltDiv.o [4]
__aeabi_fmul            0x080082f9          Code  Gb  FltMul.o [4]
__aeabi_i2d             0x0800a051          Code  Gb  I32ToDbl.o [4]
__aeabi_i2f             0x080082c5          Code  Gb  I32ToFlt.o [4]
__aeabi_ldiv0           0x0800eb81          Code  Gb  I64DivZer.o [5]
__aeabi_ui2d            0x0800a065          Code  Gb  I32ToDbl.o [4]
__aeabi_ui2f            0x080082d9          Code  Gb  I32ToFlt.o [4]
__aeabi_uldivmod        0x0800db6d          Code  Gb  I64DivMod.o [5]
__cmain                 0x08012139          Code  Gb  cmain.o [5]
__data_Aldata           0x20003530     0x8  Data  Gb  xxmemxmalloc.o [3]
__data_GetMemChunk      0x0800eb55    0x2c  Code  Gb  xgetmemchunk.o [3]
__data_GetMemChunk::start
                        0x20003590     0x4  Data  Lc  xgetmemchunk.o [3]
__exit                  0x08012169    0x14  Code  Gb  exit.o [6]
__iar_Dint              0x0800e613    0x7a  Code  Gb  xdint.o [4]
__iar_Dnorm             0x0800dc5b    0x44  Code  Gb  xdnorm.o [4]
__iar_Dscale            0x0800dd01   0x10c  Code  Gb  xdscale.o [4]
__iar_Errno             0x200000d4     0x4  Data  Gb  errno.o [3]
__iar_Locale_lconv_init
                        0x0800e1e5    0x3a  Code  Gb  localeconv.o [3]
__iar_Mbcurmax          0x0800d99d     0xa  Code  Gb  xmbcurmax.o [3]
__iar_Memchr            0x0800d945          Code  Gb  memchr.o [5]
__iar_Memset_word       0x0800e5b5          Code  Gb  ABImemset.o [5]
__iar_Strchr            0x0800d92d          Code  Gb  strchr.o [5]
__iar_ceil              0x0800ed1d          Code  Gb  ceil.o [4]
__iar_ceill             0x0800ed1d          Code  Gb  ceil.o [4]
__iar_d2uiz             0x08009c2d          Code  Gb  DblToI32.o [4]
__iar_dadd              0x08009d19          Code  Gb  DblAdd.o [4]
__iar_data_init3        0x08011d25    0x28  Code  Gb  data_init.o [5]
__iar_dlib_perthread_access
                        0x0800eb83     0x2  Code  Gb  xtls.o [3]
__iar_dsub              0x0800de21          Code  Gb  DblSub.o [4]
__iar_dsubStart         0x0800de33          Code  Gb  DblSub.o [4]
__iar_edom              0x0800d901          Code  Gb  iarEdom.o [5]
__iar_fadd              0x080083e1          Code  Gb  FltAdd.o [4]
__iar_fsub              0x0800d829          Code  Gb  FltSub.o [4]
__iar_fsubStart         0x0800d839          Code  Gb  FltSub.o [4]
__iar_modf              0x08009c5d          Code  Gb  modf.o [4]
__iar_modfl             0x08009c5d          Code  Gb  modf.o [4]
__iar_packbits_init_single3
                        0x08011445    0x38  Code  Gb  packbits_init_single.o [5]
__iar_program_start     0x080127d5          Code  Gb  cstartup_M.o [5]
__iar_sqrt              0x080084a5          Code  Gb  sqrt.o [4]
__iar_ui2d              0x0800a069          Code  Gb  I32ToDbl.o [4]
__iar_ui2f              0x080082dd          Code  Gb  I32ToFlt.o [4]
__iar_unaligned___aeabi_memcpy
                        0x0800da75          Code  Gb  ABImemcpy_unaligned.o [5]
__iar_unaligned___aeabi_memcpy4
                        0x0800da95          Code  Gb  ABImemcpy_unaligned.o [5]
__iar_unaligned___aeabi_memcpy8
                        0x0800da95          Code  Gb  ABImemcpy_unaligned.o [5]
__iar_unaligned_strcmp  0x08009f15          Code  Gb  strcmp_unaligned.o [5]
__iar_unaligned_strcpy  0x08002059          Code  Gb  strcpy_unaligned.o [5]
__iar_unaligned_strncpy
                        0x08009fa1          Code  Gb  strncpy_unaligned.o [5]
__iar_zero_init3        0x080111fd    0x40  Code  Gb  zero_init3.o [5]
__low_level_init        0x08012153     0x4  Code  Gb  low_level_init.o [3]
__vector_table          0x08000000          Data  Gb  startup_stm32l152xe.o [1]
_call_main              0x08012145          Code  Gb  cmain.o [5]
_exit                   0x0801215d          Code  Gb  cexit.o [5]
_gecko_cmd_msg          0x20002fec    0x84  Data  Gb  bgm111.o [1]
_gecko_rsp_msg          0x20003070    0x84  Data  Gb  bgm111.o [1]
_main                   0x0801214f          Code  Gb  cmain.o [5]
aPLLDivisionFactorTable
                        0x080129b0     0x4  Data  Gb  stm32l1xx_hal_rcc.o [1]
aPLLMULFactorTable      0x080127c8     0xc  Data  Gb  stm32l1xx_hal_rcc.o [1]
adcActive               0x20003599     0x1  Data  Gb  adc.o [1]
analytics               0x20003538     0x4  Data  Lc  app_data.o [1]
bffr1Flag               0x200035a1     0x1  Data  Lc  usart.o [1]
bglib_input             0x20003540     0x4  Data  Gb  bgm111.o [1]
bglib_output            0x2000353c     0x4  Data  Gb  bgm111.o [1]
bglib_peek              0x20003544     0x4  Data  Gb  bgm111.o [1]
bgm1data                0x2000348c    0x28  Data  Lc  usart.o [1]
ble                     0x20002dc0   0x1a0  Data  Lc  bgm111.o [1]
blemsgs                 0x200020c8   0x324  Data  Lc  bgm111.o [1]
ceil                    0x0800ed1d          Code  Gb  ceil.o [4]
ceill                   0x0800ed1d          Code  Gb  ceil.o [4]
clrUsartState           0x0800240b    0x1c  Code  Gb  usart.o [1]
connection_cnt          0x20003594     0x2  Data  Lc  app_data.o [1]
data                    0x20002958   0x248  Data  Gb  app_data.o [1]
delay_1ms               0x08007d8d     0xe  Code  Gb  ErrorCodes.o [1]
div                     0x0800e251     0xe  Code  Gb  div.o [3]
driver_list             0x20003518     0xc  Data  Lc  app_data.o [1]
errStruct               0x200023ec   0x324  Data  Lc  ErrorCodes.o [1]
exit                    0x08012157     0x4  Code  Gb  exit.o [3]
fi                      0x20003174    0x80  Data  Lc  Rd_Sound.o [1]
fix_fft                 0x08008085   0x23a  Code  Gb  fix_fft.o [1]
fr                      0x200030f4    0x80  Data  Lc  Rd_Sound.o [1]
free                    0x0800daed    0x7a  Code  Gb  xxmemxfree.o [3]
fs                      0x200031f4    0x80  Data  Lc  Rd_Sound.o [1]
gecko_cmd_le_gap_set_mode
                        0x08002559    0x40  Code  Lc  bgm111.o [1]
gecko_cmd_msg           0x2000000c     0x4  Data  Gb  bgm111.o [1]
gecko_get_event         0x08007b89    0x5e  Code  Gb  gecko_bglib.o [1]
gecko_handle_command    0x08007c0b    0x30  Code  Gb  gecko_bglib.o [1]
gecko_peek_event        0x08007be7     0xa  Code  Gb  gecko_bglib.o [1]
gecko_queue             0x20001150   0xf78  Data  Gb  bgm111.o [1]
gecko_queue_r           0x2000354c     0x4  Data  Gb  bgm111.o [1]
gecko_queue_w           0x20003548     0x4  Data  Gb  bgm111.o [1]
gecko_rsp_msg           0x20000010     0x4  Data  Gb  bgm111.o [1]
gecko_wait_message      0x08007aad    0xdc  Code  Gb  gecko_bglib.o [1]
gecko_wait_response     0x08007bf1    0x1a  Code  Gb  gecko_bglib.o [1]
hadc                    0x20003274    0x54  Data  Gb  adc.o [1]
hatoi                   0x08001ecf    0x58  Code  Gb  parser.o [1]
hdma_adc                0x20003384    0x38  Data  Gb  adc.o [1]
hi2c1                   0x20003348    0x3c  Data  Gb  i2c.o [1]
hpcd_USB_FS             0x20002ba0   0x220  Data  Gb  usbd_conf.o [1]
htim2                   0x200033f4    0x38  Data  Gb  tim.o [1]
htim3                   0x2000342c    0x38  Data  Gb  tim.o [1]
htim4                   0x200033bc    0x38  Data  Gb  stm32l1xx_hal_timebase_TIM.o [1]
huart2                  0x200032c8    0x40  Data  Gb  usart.o [1]
huart3                  0x20003308    0x40  Data  Gb  usart.o [1]
hwwdg                   0x200034e8    0x14  Data  Gb  wwdg.o [1]
isHexNum                0x08001e85    0x4a  Code  Gb  parser.o [1]
ledOffCnt               0x20000044     0x4  Data  Lc  tim.o [1]
localeconv              0x0800e21f    0x16  Code  Gb  localeconv.o [3]
main                    0x080071bd   0x476  Code  Gb  main.o [1]
malloc                  0x0800d9a9    0xac  Code  Gb  xxmemxmalloc.o [3]
memchr                  0x0800d945          Code  Gb  memchr.o [5]
modf                    0x08009c4d          Code  Gb  modf.o [4]
modfl                   0x08009c4d          Code  Gb  modf.o [4]
osSystickHandler        0x08010d31    0x10  Code  Gb  cmsis_os.o [1]
pFlash                  0x200034d0    0x18  Data  Gb  stm32l1xx_hal_flash.o [1]
prvResetNextTaskUnblockTime
                        0x08010b69    0x28  Code  Lc  tasks.o [1]
pxCurrentTCB            0x20003558     0x4  Data  Gb  tasks.o [1]
pxDelayedTaskList       0x2000355c     0x4  Data  Lc  tasks.o [1]
pxOverflowDelayedTaskList
                        0x20003560     0x4  Data  Lc  tasks.o [1]
pxReadyTasksLists       0x20002f60    0x8c  Data  Lc  tasks.o [1]
round                   0x0800a00d    0x44  Code  Gb  round.o [4]
sConfig                 0x2000350c     0xc  Data  Gb  adc.o [1]
saveLen                 0x20000048     0x4  Data  Lc  usart.o [1]
sprintf                 0x0800300d    0x34  Code  Gb  sprintf.o [3]
sqrt                    0x080084a5          Code  Gb  sqrt.o [4]
sqrtl                   0x080084a5          Code  Gb  sqrt.o [4]
strcat                  0x08003041    0x1c  Code  Gb  strcat.o [3]
strchr                  0x0800d92d          Code  Gb  strchr.o [5]
strlen                  0x08002019          Code  Gb  strlen.o [5]
strncmp                 0x08007d9b    0x2c  Code  Gb  strncmp.o [3]
ubSequenceCompleted     0x20003598     0x1  Data  Gb  adc.o [1]
ulPortSetInterruptMask  0x08010c17          Code  Gb  portasm.o [1]
uwTick                  0x20003554     0x4  Data  Lc  stm32l1xx_hal.o [1]
uxListRemove            0x08010c85    0x28  Code  Gb  list.o [1]
uxPendedTicks           0x20003570     0x4  Data  Lc  tasks.o [1]
uxSchedulerSuspended    0x20003580     0x4  Data  Lc  tasks.o [1]
uxTopReadyPriority      0x20003568     0x4  Data  Lc  tasks.o [1]
vListInsertEnd          0x08010c6d    0x18  Code  Gb  list.o [1]
vPortClearInterruptMask
                        0x08010c25          Code  Gb  portasm.o [1]
vPortStartFirstTask     0x08010c4b          Code  Gb  portasm.o [1]
vTaskSwitchContext      0x08010ae9    0x6c  Code  Gb  tasks.o [1]
wwdg_HardFrames         0x08070000    0x10  Data  Gb  wwdg.o [1]
wwdg_Save               0x2000358c     0x4  Data  Lc  wwdg.o [1]
xNextTaskUnblockTime    0x2000357c     0x4  Data  Lc  tasks.o [1]
xNumOfOverflows         0x20003578     0x4  Data  Lc  tasks.o [1]
xPortSysTickHandler     0x08010d41    0x1e  Code  Gb  port.o [1]
xSchedulerRunning       0x2000356c     0x4  Data  Lc  tasks.o [1]
xTaskGetSchedulerState  0x08010b91    0x26  Code  Gb  tasks.o [1]
xTaskIncrementTick      0x080109b5   0x134  Code  Gb  tasks.o [1]
xTickCount              0x20003564     0x4  Data  Lc  tasks.o [1]
xYieldPending           0x20003574     0x4  Data  Lc  tasks.o [1]


[1] = D:\GoogleDriveCLT\GoogleDrive\WeatherCloud\Roadboard\Software\Road-Board-December-2016N7\EWARM\Road Brd MSTR Rev L Long Always\Obj
[2] = command line
[3] = dl7M_tlf.a
[4] = m7M_tl.a
[5] = rt7M_tl.a
[6] = shb_l.a

  69 520 bytes of readonly  code memory
   6 976 bytes of readonly  data memory
  13 728 bytes of readwrite data memory (+ 16 absolute)

Errors: none
Warnings: none
