###############################################################################
#
# IAR ELF Linker V7.60.2.11341/W32 for ARM                29/Jun/2017  16:51:56
# Copyright 2007-2016 IAR Systems AB.
#
#    Output file  =  
#        D:\GoogleDriveCLT\GoogleDrive\WeatherCloud\Roadboard\Software\Road-Board-December-2016N7\EWARM\Road
#        Brd MSTR Rev L Long Always\Exe\Road Board Rev K NUCLEO V1.1 Jul 12
#        2016.out
#    Map file     =  
#        D:\GoogleDriveCLT\GoogleDrive\WeatherCloud\Roadboard\Software\Road-Board-December-2016N7\EWARM\Road
#        Brd MSTR Rev L Long Always\List\Road Board Rev K NUCLEO V1.1 Jul 12
#        2016.map
#    Command line =  
#        "D:\GoogleDriveCLT\GoogleDrive\WeatherCloud\Roadboard\Software\Road-Board-December-2016N7\EWARM\Road
#        Brd MSTR Rev L Long Always\Obj\adc.o"
#        "D:\GoogleDriveCLT\GoogleDrive\WeatherCloud\Roadboard\Software\Road-Board-December-2016N7\EWARM\Road
#        Brd MSTR Rev L Long Always\Obj\app_data.o"
#        "D:\GoogleDriveCLT\GoogleDrive\WeatherCloud\Roadboard\Software\Road-Board-December-2016N7\EWARM\Road
#        Brd MSTR Rev L Long Always\Obj\barometer.o"
#        "D:\GoogleDriveCLT\GoogleDrive\WeatherCloud\Roadboard\Software\Road-Board-December-2016N7\EWARM\Road
#        Brd MSTR Rev L Long Always\Obj\bgm111.o"
#        "D:\GoogleDriveCLT\GoogleDrive\WeatherCloud\Roadboard\Software\Road-Board-December-2016N7\EWARM\Road
#        Brd MSTR Rev L Long Always\Obj\cmsis_os.o"
#        "D:\GoogleDriveCLT\GoogleDrive\WeatherCloud\Roadboard\Software\Road-Board-December-2016N7\EWARM\Road
#        Brd MSTR Rev L Long Always\Obj\croutine.o"
#        "D:\GoogleDriveCLT\GoogleDrive\WeatherCloud\Roadboard\Software\Road-Board-December-2016N7\EWARM\Road
#        Brd MSTR Rev L Long Always\Obj\dma.o"
#        "D:\GoogleDriveCLT\GoogleDrive\WeatherCloud\Roadboard\Software\Road-Board-December-2016N7\EWARM\Road
#        Brd MSTR Rev L Long Always\Obj\ErrorCodes.o"
#        "D:\GoogleDriveCLT\GoogleDrive\WeatherCloud\Roadboard\Software\Road-Board-December-2016N7\EWARM\Road
#        Brd MSTR Rev L Long Always\Obj\event_groups.o"
#        "D:\GoogleDriveCLT\GoogleDrive\WeatherCloud\Roadboard\Software\Road-Board-December-2016N7\EWARM\Road
#        Brd MSTR Rev L Long Always\Obj\fix_fft.o"
#        "D:\GoogleDriveCLT\GoogleDrive\WeatherCloud\Roadboard\Software\Road-Board-December-2016N7\EWARM\Road
#        Brd MSTR Rev L Long Always\Obj\Flash.o"
#        "D:\GoogleDriveCLT\GoogleDrive\WeatherCloud\Roadboard\Software\Road-Board-December-2016N7\EWARM\Road
#        Brd MSTR Rev L Long Always\Obj\freertos.o"
#        "D:\GoogleDriveCLT\GoogleDrive\WeatherCloud\Roadboard\Software\Road-Board-December-2016N7\EWARM\Road
#        Brd MSTR Rev L Long Always\Obj\gecko_bglib.o"
#        "D:\GoogleDriveCLT\GoogleDrive\WeatherCloud\Roadboard\Software\Road-Board-December-2016N7\EWARM\Road
#        Brd MSTR Rev L Long Always\Obj\gpio.o"
#        "D:\GoogleDriveCLT\GoogleDrive\WeatherCloud\Roadboard\Software\Road-Board-December-2016N7\EWARM\Road
#        Brd MSTR Rev L Long Always\Obj\GridEye.o"
#        "D:\GoogleDriveCLT\GoogleDrive\WeatherCloud\Roadboard\Software\Road-Board-December-2016N7\EWARM\Road
#        Brd MSTR Rev L Long Always\Obj\heap_4.o"
#        "D:\GoogleDriveCLT\GoogleDrive\WeatherCloud\Roadboard\Software\Road-Board-December-2016N7\EWARM\Road
#        Brd MSTR Rev L Long Always\Obj\Humidity.o"
#        "D:\GoogleDriveCLT\GoogleDrive\WeatherCloud\Roadboard\Software\Road-Board-December-2016N7\EWARM\Road
#        Brd MSTR Rev L Long Always\Obj\i2c.o"
#        "D:\GoogleDriveCLT\GoogleDrive\WeatherCloud\Roadboard\Software\Road-Board-December-2016N7\EWARM\Road
#        Brd MSTR Rev L Long Always\Obj\list.o"
#        "D:\GoogleDriveCLT\GoogleDrive\WeatherCloud\Roadboard\Software\Road-Board-December-2016N7\EWARM\Road
#        Brd MSTR Rev L Long Always\Obj\lps25hb.o"
#        "D:\GoogleDriveCLT\GoogleDrive\WeatherCloud\Roadboard\Software\Road-Board-December-2016N7\EWARM\Road
#        Brd MSTR Rev L Long Always\Obj\main.o"
#        "D:\GoogleDriveCLT\GoogleDrive\WeatherCloud\Roadboard\Software\Road-Board-December-2016N7\EWARM\Road
#        Brd MSTR Rev L Long Always\Obj\parser.o"
#        "D:\GoogleDriveCLT\GoogleDrive\WeatherCloud\Roadboard\Software\Road-Board-December-2016N7\EWARM\Road
#        Brd MSTR Rev L Long Always\Obj\port.o"
#        "D:\GoogleDriveCLT\GoogleDrive\WeatherCloud\Roadboard\Software\Road-Board-December-2016N7\EWARM\Road
#        Brd MSTR Rev L Long Always\Obj\portasm.o"
#        "D:\GoogleDriveCLT\GoogleDrive\WeatherCloud\Roadboard\Software\Road-Board-December-2016N7\EWARM\Road
#        Brd MSTR Rev L Long Always\Obj\queue.o"
#        "D:\GoogleDriveCLT\GoogleDrive\WeatherCloud\Roadboard\Software\Road-Board-December-2016N7\EWARM\Road
#        Brd MSTR Rev L Long Always\Obj\Rd_Sound.o"
#        "D:\GoogleDriveCLT\GoogleDrive\WeatherCloud\Roadboard\Software\Road-Board-December-2016N7\EWARM\Road
#        Brd MSTR Rev L Long Always\Obj\RGBLight.o"
#        "D:\GoogleDriveCLT\GoogleDrive\WeatherCloud\Roadboard\Software\Road-Board-December-2016N7\EWARM\Road
#        Brd MSTR Rev L Long Always\Obj\startup_stm32l152xe.o"
#        "D:\GoogleDriveCLT\GoogleDrive\WeatherCloud\Roadboard\Software\Road-Board-December-2016N7\EWARM\Road
#        Brd MSTR Rev L Long Always\Obj\stm32l1xx_hal.o"
#        "D:\GoogleDriveCLT\GoogleDrive\WeatherCloud\Roadboard\Software\Road-Board-December-2016N7\EWARM\Road
#        Brd MSTR Rev L Long Always\Obj\stm32l1xx_hal_adc.o"
#        "D:\GoogleDriveCLT\GoogleDrive\WeatherCloud\Roadboard\Software\Road-Board-December-2016N7\EWARM\Road
#        Brd MSTR Rev L Long Always\Obj\stm32l1xx_hal_adc_ex.o"
#        "D:\GoogleDriveCLT\GoogleDrive\WeatherCloud\Roadboard\Software\Road-Board-December-2016N7\EWARM\Road
#        Brd MSTR Rev L Long Always\Obj\stm32l1xx_hal_cortex.o"
#        "D:\GoogleDriveCLT\GoogleDrive\WeatherCloud\Roadboard\Software\Road-Board-December-2016N7\EWARM\Road
#        Brd MSTR Rev L Long Always\Obj\stm32l1xx_hal_dma.o"
#        "D:\GoogleDriveCLT\GoogleDrive\WeatherCloud\Roadboard\Software\Road-Board-December-2016N7\EWARM\Road
#        Brd MSTR Rev L Long Always\Obj\stm32l1xx_hal_flash.o"
#        "D:\GoogleDriveCLT\GoogleDrive\WeatherCloud\Roadboard\Software\Road-Board-December-2016N7\EWARM\Road
#        Brd MSTR Rev L Long Always\Obj\stm32l1xx_hal_flash_ex.o"
#        "D:\GoogleDriveCLT\GoogleDrive\WeatherCloud\Roadboard\Software\Road-Board-December-2016N7\EWARM\Road
#        Brd MSTR Rev L Long Always\Obj\stm32l1xx_hal_flash_ramfunc.o"
#        "D:\GoogleDriveCLT\GoogleDrive\WeatherCloud\Roadboard\Software\Road-Board-December-2016N7\EWARM\Road
#        Brd MSTR Rev L Long Always\Obj\stm32l1xx_hal_gpio.o"
#        "D:\GoogleDriveCLT\GoogleDrive\WeatherCloud\Roadboard\Software\Road-Board-December-2016N7\EWARM\Road
#        Brd MSTR Rev L Long Always\Obj\stm32l1xx_hal_i2c.o"
#        "D:\GoogleDriveCLT\GoogleDrive\WeatherCloud\Roadboard\Software\Road-Board-December-2016N7\EWARM\Road
#        Brd MSTR Rev L Long Always\Obj\stm32l1xx_hal_msp.o"
#        "D:\GoogleDriveCLT\GoogleDrive\WeatherCloud\Roadboard\Software\Road-Board-December-2016N7\EWARM\Road
#        Brd MSTR Rev L Long Always\Obj\stm32l1xx_hal_pcd.o"
#        "D:\GoogleDriveCLT\GoogleDrive\WeatherCloud\Roadboard\Software\Road-Board-December-2016N7\EWARM\Road
#        Brd MSTR Rev L Long Always\Obj\stm32l1xx_hal_pcd_ex.o"
#        "D:\GoogleDriveCLT\GoogleDrive\WeatherCloud\Roadboard\Software\Road-Board-December-2016N7\EWARM\Road
#        Brd MSTR Rev L Long Always\Obj\stm32l1xx_hal_pwr.o"
#        "D:\GoogleDriveCLT\GoogleDrive\WeatherCloud\Roadboard\Software\Road-Board-December-2016N7\EWARM\Road
#        Brd MSTR Rev L Long Always\Obj\stm32l1xx_hal_pwr_ex.o"
#        "D:\GoogleDriveCLT\GoogleDrive\WeatherCloud\Roadboard\Software\Road-Board-December-2016N7\EWARM\Road
#        Brd MSTR Rev L Long Always\Obj\stm32l1xx_hal_rcc.o"
#        "D:\GoogleDriveCLT\GoogleDrive\WeatherCloud\Roadboard\Software\Road-Board-December-2016N7\EWARM\Road
#        Brd MSTR Rev L Long Always\Obj\stm32l1xx_hal_rcc_ex.o"
#        "D:\GoogleDriveCLT\GoogleDrive\WeatherCloud\Roadboard\Software\Road-Board-December-2016N7\EWARM\Road
#        Brd MSTR Rev L Long Always\Obj\stm32l1xx_hal_tim.o"
#        "D:\GoogleDriveCLT\GoogleDrive\WeatherCloud\Roadboard\Software\Road-Board-December-2016N7\EWARM\Road
#        Brd MSTR Rev L Long Always\Obj\stm32l1xx_hal_tim_ex.o"
#        "D:\GoogleDriveCLT\GoogleDrive\WeatherCloud\Roadboard\Software\Road-Board-December-2016N7\EWARM\Road
#        Brd MSTR Rev L Long Always\Obj\stm32l1xx_hal_timebase_TIM.o"
#        "D:\GoogleDriveCLT\GoogleDrive\WeatherCloud\Roadboard\Software\Road-Board-December-2016N7\EWARM\Road
#        Brd MSTR Rev L Long Always\Obj\stm32l1xx_hal_uart.o"
#        "D:\GoogleDriveCLT\GoogleDrive\WeatherCloud\Roadboard\Software\Road-Board-December-2016N7\EWARM\Road
#        Brd MSTR Rev L Long Always\Obj\stm32l1xx_hal_wwdg.o"
#        "D:\GoogleDriveCLT\GoogleDrive\WeatherCloud\Roadboard\Software\Road-Board-December-2016N7\EWARM\Road
#        Brd MSTR Rev L Long Always\Obj\stm32l1xx_it.o"
#        "D:\GoogleDriveCLT\GoogleDrive\WeatherCloud\Roadboard\Software\Road-Board-December-2016N7\EWARM\Road
#        Brd MSTR Rev L Long Always\Obj\stm32l1xx_nucleo.o"
#        "D:\GoogleDriveCLT\GoogleDrive\WeatherCloud\Roadboard\Software\Road-Board-December-2016N7\EWARM\Road
#        Brd MSTR Rev L Long Always\Obj\system_stm32l1xx.o"
#        "D:\GoogleDriveCLT\GoogleDrive\WeatherCloud\Roadboard\Software\Road-Board-December-2016N7\EWARM\Road
#        Brd MSTR Rev L Long Always\Obj\tasks.o"
#        "D:\GoogleDriveCLT\GoogleDrive\WeatherCloud\Roadboard\Software\Road-Board-December-2016N7\EWARM\Road
#        Brd MSTR Rev L Long Always\Obj\Temperature.o"
#        "D:\GoogleDriveCLT\GoogleDrive\WeatherCloud\Roadboard\Software\Road-Board-December-2016N7\EWARM\Road
#        Brd MSTR Rev L Long Always\Obj\tim.o"
#        "D:\GoogleDriveCLT\GoogleDrive\WeatherCloud\Roadboard\Software\Road-Board-December-2016N7\EWARM\Road
#        Brd MSTR Rev L Long Always\Obj\timers.o"
#        "D:\GoogleDriveCLT\GoogleDrive\WeatherCloud\Roadboard\Software\Road-Board-December-2016N7\EWARM\Road
#        Brd MSTR Rev L Long Always\Obj\usart.o"
#        "D:\GoogleDriveCLT\GoogleDrive\WeatherCloud\Roadboard\Software\Road-Board-December-2016N7\EWARM\Road
#        Brd MSTR Rev L Long Always\Obj\usb_device.o"
#        "D:\GoogleDriveCLT\GoogleDrive\WeatherCloud\Roadboard\Software\Road-Board-December-2016N7\EWARM\Road
#        Brd MSTR Rev L Long Always\Obj\usbd_cdc.o"
#        "D:\GoogleDriveCLT\GoogleDrive\WeatherCloud\Roadboard\Software\Road-Board-December-2016N7\EWARM\Road
#        Brd MSTR Rev L Long Always\Obj\usbd_cdc_if.o"
#        "D:\GoogleDriveCLT\GoogleDrive\WeatherCloud\Roadboard\Software\Road-Board-December-2016N7\EWARM\Road
#        Brd MSTR Rev L Long Always\Obj\usbd_conf.o"
#        "D:\GoogleDriveCLT\GoogleDrive\WeatherCloud\Roadboard\Software\Road-Board-December-2016N7\EWARM\Road
#        Brd MSTR Rev L Long Always\Obj\usbd_core.o"
#        "D:\GoogleDriveCLT\GoogleDrive\WeatherCloud\Roadboard\Software\Road-Board-December-2016N7\EWARM\Road
#        Brd MSTR Rev L Long Always\Obj\usbd_ctlreq.o"
#        "D:\GoogleDriveCLT\GoogleDrive\WeatherCloud\Roadboard\Software\Road-Board-December-2016N7\EWARM\Road
#        Brd MSTR Rev L Long Always\Obj\usbd_desc.o"
#        "D:\GoogleDriveCLT\GoogleDrive\WeatherCloud\Roadboard\Software\Road-Board-December-2016N7\EWARM\Road
#        Brd MSTR Rev L Long Always\Obj\usbd_ioreq.o"
#        "D:\GoogleDriveCLT\GoogleDrive\WeatherCloud\Roadboard\Software\Road-Board-December-2016N7\EWARM\Road
#        Brd MSTR Rev L Long Always\Obj\VMonitor.o"
#        "D:\GoogleDriveCLT\GoogleDrive\WeatherCloud\Roadboard\Software\Road-Board-December-2016N7\EWARM\Road
#        Brd MSTR Rev L Long Always\Obj\wwdg.o" --redirect _Printf=_PrintfFull
#        --redirect _Scanf=_ScanfFull -o
#        "D:\GoogleDriveCLT\GoogleDrive\WeatherCloud\Roadboard\Software\Road-Board-December-2016N7\EWARM\Road
#        Brd MSTR Rev L Long Always\Exe\Road Board Rev K NUCLEO V1.1 Jul 12
#        2016.out" --map
#        "D:\GoogleDriveCLT\GoogleDrive\WeatherCloud\Roadboard\Software\Road-Board-December-2016N7\EWARM\Road
#        Brd MSTR Rev L Long Always\List\Road Board Rev K NUCLEO V1.1 Jul 12
#        2016.map" --config
#        D:\GoogleDriveCLT\GoogleDrive\WeatherCloud\Roadboard\Software\Road-Board-December-2016N7\EWARM/stm32l152xe_flash.icf
#        --semihosting --entry __iar_program_start --vfe
#
###############################################################################

*******************************************************************************
*** RUNTIME MODEL ATTRIBUTES
***

CppFlavor                     = *
__Heap_Handler                = Basic
__SystemLibrary               = DLib
__dlib_dynamic_initialization = normal


*******************************************************************************
*** PLACEMENT SUMMARY
***

"A1":  place at 0x08000000 { ro section .intvec };
"P1":  place in [from 0x08000000 to 0x0807ffff] { ro };
"P2":  place in [from 0x20000000 to 0x20013fff] { rw, block CSTACK, block HEAP };
initialize by copy { rw };

  Section             Kind        Address     Size  Object
  -------             ----        -------     ----  ------
"A1":                                        0x124
  .intvec             ro code  0x08000000    0x124  startup_stm32l152xe.o [1]
                             - 0x08000124    0x124

"P1":                                      0x12a5c
  .text               ro code  0x08000124   0x1ef4  parser.o [1]
  .text               ro code  0x08002018     0x36  strlen.o [5]
  .text               ro code  0x0800204e      0xa  xsprout.o [3]
  .text               ro code  0x08002058     0x44  strcpy_unaligned.o [5]
  .text               ro code  0x0800209c    0x4bc  usart.o [1]
  .text               ro code  0x08002558    0x868  bgm111.o [1]
  .text               ro code  0x08002dc0    0x274  Rd_Sound.o [1]
  .text               ro code  0x08003034     0x34  sprintf.o [3]
  .text               ro code  0x08003068     0x1c  strcat.o [3]
  .text               ro code  0x08003084    0x1f8  barometer.o [1]
  .text               ro code  0x0800327c   0x1058  app_data.o [1]
  .text               ro code  0x080042d4    0xd98  GridEye.o [1]
  .text               ro code  0x0800506c    0x4c0  VMonitor.o [1]
  .text               ro code  0x0800552c    0x6c8  Humidity.o [1]
  .text               ro code  0x08005bf4    0x16c  Temperature.o [1]
  .text               ro code  0x08005d60    0x344  RGBLight.o [1]
  .text               ro code  0x080060a4    0x1c4  gpio.o [1]
  .text               ro code  0x08006268    0x4e0  i2c.o [1]
  .text               ro code  0x08006748    0x1b0  stm32l1xx_hal_cortex.o [1]
  .text               ro code  0x080068f8    0x8ec  stm32l1xx_hal_uart.o [1]
  .text               ro code  0x080071e4    0x576  main.o [1]
  .text               ro code  0x0800775c    0x378  stm32l1xx_hal_gpio.o [1]
  .text               ro code  0x08007ad4    0x1b0  gecko_bglib.o [1]
  .text               ro code  0x08007c84    0x13e  ErrorCodes.o [1]
  .text               ro code  0x08007dc2     0x2c  strncmp.o [3]
  .text               ro code  0x08007df0    0x2bc  adc.o [1]
  .text               ro code  0x080080ac     0x76  ABImemcpy_unaligned.o [5]
  .text               ro code  0x08008124    0x240  fix_fft.o [1]
  .text               ro code  0x08008364     0x32  I32ToFlt.o [4]
  .text               ro code  0x08008398     0xd8  FltMul.o [4]
  .text               ro code  0x08008470     0x84  FltAdd.o [4]
  .text               ro code  0x080084f4     0x4e  FltToDbl.o [4]
  .text               ro code  0x08008544     0xf0  sqrt.o [4]
  .text               ro code  0x08008634     0x90  DblToFlt.o [4]
  .text               ro code  0x080086c4     0x44  FltToS32.o [4]
  .text               ro code  0x08008708   0x119e  xprintffull.o [3]
  .text               ro code  0x080098a8    0x248  lps25hb.o [1]
  .text               ro code  0x08009af0    0x1a2  DblMul.o [4]
  .text               ro code  0x08009c94     0x58  DblToI32.o [4]
  .text               ro code  0x08009cec     0xb8  modf.o [4]
  .text               ro code  0x08009da4     0xe8  DblAdd.o [4]
  .text               ro code  0x08009e8c    0x128  wwdg.o [1]
  .text               ro code  0x08009fb4     0x42  strcmp_unaligned.o [5]
  .text               ro code  0x08009ff8     0x48  stm32l1xx_hal.o [1]
  .text               ro code  0x0800a040     0x6c  strncpy_unaligned.o [5]
  .text               ro code  0x0800a0ac     0x44  round.o [4]
  .text               ro code  0x0800a0f0     0x30  I32ToDbl.o [4]
  .text               ro code  0x0800a120     0x24  FltCmpGe.o [4]
  .text               ro code  0x0800a144     0xfc  FltDiv.o [4]
  .text               ro code  0x0800a240   0x1018  stm32l1xx_hal_i2c.o [1]
  .text               ro code  0x0800b258    0xcd4  stm32l1xx_hal_rcc.o [1]
  .text               ro code  0x0800bf2c     0x30  dma.o [1]
  .text               ro code  0x0800bf5c    0x224  tim.o [1]
  .text               ro code  0x0800c180    0x82a  stm32l1xx_hal_adc.o [1]
  .text               ro code  0x0800c9ac    0xefe  stm32l1xx_hal_dma.o [1]
  .text               ro code  0x0800d8aa     0x1c  fix_fft.o [1]
  .text               ro code  0x0800d8c8     0xd6  FltSub.o [4]
  .text               ro code  0x0800d9a0      0xc  iarEdom.o [5]
  .text               ro code  0x0800d9ac     0x20  xmbtowc.o [3]
  .text               ro code  0x0800d9cc     0x16  strchr.o [5]
  .text               ro code  0x0800d9e4     0x58  memchr.o [5]
  .text               ro code  0x0800da3c      0xa  xmbcurmax.o [3]
  .text               ro code  0x0800da48     0xb0  xxmemxmalloc.o [3]
  .text               ro code  0x0800daf8     0x1a  xwctomb.o [3]
  .text               ro code  0x0800db14     0x80  xxmemxfree.o [3]
  .text               ro code  0x0800db94     0xee  I64DivMod.o [5]
  .text               ro code  0x0800dc82     0x44  xdnorm.o [4]
  .text               ro code  0x0800dcc8     0x2e  DblCmpLe.o [4]
  .text               ro code  0x0800dcf8     0x2e  DblCmpGe.o [4]
  .text               ro code  0x0800dd28    0x10c  xdscale.o [4]
  .text               ro code  0x0800de34    0x180  DblSub.o [4]
  .text               ro code  0x0800dfb4    0x256  DblDiv.o [4]
  .text               ro code  0x0800e20c     0x6c  localeconv.o [3]
  .text               ro code  0x0800e278      0xe  div.o [3]
  .text               ro code  0x0800e286     0xd6  stm32l1xx_hal_wwdg.o [1]
  .text               ro code  0x0800e35c    0x158  Flash.o [1]
  .text               ro code  0x0800e4b4     0x90  stm32l1xx_hal_timebase_TIM.o [1]
  .text               ro code  0x0800e544     0x98  stm32l1xx_hal_msp.o [1]
  .text               ro code  0x0800e5dc     0x5e  ABImemset.o [5]
  .text               ro code  0x0800e63a     0x7a  xdint.o [4]
  .text               ro code  0x0800e6b4     0x10  stm32l1xx_hal_pwr_ex.o [1]
  .text               ro code  0x0800e6c4    0x3da  stm32l1xx_hal_tim.o [1]
  .text               ro code  0x0800ea9e     0x5e  stm32l1xx_hal_tim_ex.o [1]
  .text               ro code  0x0800eafc      0xc  errno.o [3]
  .text               ro code  0x0800eb08     0x14  setlocale.o [3]
  .text               ro code  0x0800eb1c     0x60  xencoding_sb.o [3]
  .text               ro code  0x0800eb7c     0x2c  xgetmemchunk.o [3]
  .text               ro code  0x0800eba8      0x2  I64DivZer.o [5]
  .text               ro code  0x0800ebaa      0x2  xtls.o [3]
  .text               ro code  0x0800ebac    0x198  stm32l1xx_hal_flash.o [1]
  .text               ro code  0x0800ed44     0x5e  ceil.o [4]
  .text               ro code  0x0800eda4     0xcc  stm32l1xx_hal_flash_ex.o [1]
  .text               ro code  0x0800ee70   0x1074  stm32l1xx_hal_pcd.o [1]
  .text               ro code  0x0800fee4    0x198  usbd_conf.o [1]
  .text               ro code  0x0801007c    0x2c8  usbd_core.o [1]
  .text               ro code  0x08010344    0x608  usbd_ctlreq.o [1]
  .text               ro code  0x0801094c     0x90  usbd_ioreq.o [1]
  .text               ro code  0x080109dc    0x224  tasks.o [1]
  CODE                ro code  0x08010c00     0x94  portasm.o [1]
  .text               ro code  0x08010c94     0x40  list.o [1]
  .text               ro code  0x08010cd4     0x84  stm32l1xx_it.o [1]
  .text               ro code  0x08010d58     0x10  cmsis_os.o [1]
  .text               ro code  0x08010d68     0x24  port.o [1]
  .rodata             const    0x08010d8c     0x80  fix_fft.o [1]
  .rodata             const    0x08010e0c     0x80  Rd_Sound.o [1]
  .text               ro code  0x08010e8c     0x64  system_stm32l1xx.o [1]
  .rodata             const    0x08010ef0     0x58  ErrorCodes.o [1]
  .rodata             const    0x08010f48     0x48  parser.o [1]
  .rodata             const    0x08010f90     0x48  parser.o [1]
  .rodata             const    0x08010fd8     0x44  parser.o [1]
  .rodata             const    0x0801101c     0x44  parser.o [1]
  .rodata             const    0x08011060     0x44  parser.o [1]
  .rodata             const    0x080110a4     0x40  main.o [1]
  .rodata             const    0x080110e4     0x40  main.o [1]
  .rodata             const    0x08011124     0x40  parser.o [1]
  .rodata             const    0x08011164     0x40  parser.o [1]
  .rodata             const    0x080111a4     0x40  parser.o [1]
  .rodata             const    0x080111e4     0x40  parser.o [1]
  .rodata             const    0x08011224     0x40  parser.o [1]
  .rodata             const    0x08011264     0x40  parser.o [1]
  .text               ro code  0x080112a4     0x40  zero_init3.o [5]
  .rodata             const    0x080112e4     0x3c  parser.o [1]
  .rodata             const    0x08011320     0x3c  parser.o [1]
  .rodata             const    0x0801135c     0x3c  parser.o [1]
  .rodata             const    0x08011398     0x3c  parser.o [1]
  .rodata             const    0x080113d4     0x38  parser.o [1]
  .rodata             const    0x0801140c     0x38  parser.o [1]
  .rodata             const    0x08011444     0x38  parser.o [1]
  .rodata             const    0x0801147c     0x38  parser.o [1]
  .rodata             const    0x080114b4     0x38  parser.o [1]
  .text               ro code  0x080114ec     0x38  packbits_init_single.o [5]
  .rodata             const    0x08011524     0x34  main.o [1]
  .rodata             const    0x08011558     0x34  parser.o [1]
  .rodata             const    0x0801158c     0x34  parser.o [1]
  .rodata             const    0x080115c0     0x34  parser.o [1]
  .rodata             const    0x080115f4     0x34  parser.o [1]
  .rodata             const    0x08011628     0x30  parser.o [1]
  .rodata             const    0x08011658     0x30  parser.o [1]
  .rodata             const    0x08011688     0x30  parser.o [1]
  .rodata             const    0x080116b8     0x30  parser.o [1]
  .rodata             const    0x080116e8     0x30  parser.o [1]
  .rodata             const    0x08011718     0x2c  main.o [1]
  .rodata             const    0x08011744     0x2c  parser.o [1]
  .rodata             const    0x08011770     0x2c  parser.o [1]
  .rodata             const    0x0801179c     0x2c  parser.o [1]
  .rodata             const    0x080117c8     0x2c  parser.o [1]
  .rodata             const    0x080117f4     0x2c  parser.o [1]
  .rodata             const    0x08011820     0x2c  parser.o [1]
  .rodata             const    0x0801184c     0x2c  parser.o [1]
  .rodata             const    0x08011878     0x2c  parser.o [1]
  .rodata             const    0x080118a4     0x28  parser.o [1]
  .rodata             const    0x080118cc     0x28  parser.o [1]
  .rodata             const    0x080118f4     0x28  parser.o [1]
  .rodata             const    0x0801191c     0x28  parser.o [1]
  .rodata             const    0x08011944     0x28  parser.o [1]
  .rodata             const    0x0801196c     0x28  parser.o [1]
  .rodata             const    0x08011994     0x28  parser.o [1]
  .rodata             const    0x080119bc     0x28  parser.o [1]
  .rodata             const    0x080119e4     0x28  parser.o [1]
  .rodata             const    0x08011a0c     0x28  parser.o [1]
  .rodata             const    0x08011a34     0x28  parser.o [1]
  .rodata             const    0x08011a5c     0x28  parser.o [1]
  .rodata             const    0x08011a84     0x28  parser.o [1]
  .rodata             const    0x08011aac     0x28  parser.o [1]
  .rodata             const    0x08011ad4     0x28  parser.o [1]
  .rodata             const    0x08011afc     0x28  parser.o [1]
  .rodata             const    0x08011b24     0x28  parser.o [1]
  .rodata             const    0x08011b4c     0x28  parser.o [1]
  .rodata             const    0x08011b74     0x28  parser.o [1]
  .rodata             const    0x08011b9c     0x28  parser.o [1]
  .rodata             const    0x08011bc4     0x28  parser.o [1]
  .rodata             const    0x08011bec     0x28  parser.o [1]
  .rodata             const    0x08011c14     0x28  parser.o [1]
  .rodata             const    0x08011c3c     0x28  parser.o [1]
  .rodata             const    0x08011c64     0x28  parser.o [1]
  .rodata             const    0x08011c8c     0x28  parser.o [1]
  .rodata             const    0x08011cb4     0x28  parser.o [1]
  .rodata             const    0x08011cdc     0x28  parser.o [1]
  .rodata             const    0x08011d04     0x28  parser.o [1]
  .rodata             const    0x08011d2c     0x28  parser.o [1]
  .rodata             const    0x08011d54     0x28  parser.o [1]
  .rodata             const    0x08011d7c     0x28  parser.o [1]
  .rodata             const    0x08011da4     0x28  parser.o [1]
  .text               ro code  0x08011dcc     0x28  data_init.o [5]
  .rodata             const    0x08011df4     0x24  parser.o [1]
  .rodata             const    0x08011e18     0x24  parser.o [1]
  .rodata             const    0x08011e3c     0x24  parser.o [1]
  .rodata             const    0x08011e60     0x24  parser.o [1]
  .rodata             const    0x08011e84     0x24  parser.o [1]
  .rodata             const    0x08011ea8     0x24  parser.o [1]
  .rodata             const    0x08011ecc     0x24  parser.o [1]
  .rodata             const    0x08011ef0     0x24  parser.o [1]
  .iar.init_table     const    0x08011f14     0x28  - Linker created -
  .rodata             const    0x08011f3c     0x20  app_data.o [1]
  .rodata             const    0x08011f5c     0x20  app_data.o [1]
  .rodata             const    0x08011f7c     0x20  bgm111.o [1]
  .rodata             const    0x08011f9c     0x20  bgm111.o [1]
  .rodata             const    0x08011fbc     0x20  parser.o [1]
  .rodata             const    0x08011fdc     0x20  parser.o [1]
  .rodata             const    0x08011ffc     0x20  parser.o [1]
  .rodata             const    0x0801201c     0x20  parser.o [1]
  .rodata             const    0x0801203c     0x20  parser.o [1]
  .rodata             const    0x0801205c     0x20  parser.o [1]
  .rodata             const    0x0801207c     0x20  parser.o [1]
  .rodata             const    0x0801209c     0x20  parser.o [1]
  .rodata             const    0x080120bc     0x20  parser.o [1]
  .rodata             const    0x080120dc     0x20  parser.o [1]
  .rodata             const    0x080120fc     0x20  parser.o [1]
  .rodata             const    0x0801211c     0x1c  bgm111.o [1]
  .rodata             const    0x08012138     0x1c  bgm111.o [1]
  .rodata             const    0x08012154     0x1c  bgm111.o [1]
  .rodata             const    0x08012170     0x1c  ErrorCodes.o [1]
  .rodata             const    0x0801218c     0x1c  parser.o [1]
  .rodata             const    0x080121a8     0x1c  parser.o [1]
  .rodata             const    0x080121c4     0x1c  parser.o [1]
  .text               ro code  0x080121e0     0x1a  cmain.o [5]
  .text               ro code  0x080121fa      0x4  low_level_init.o [3]
  .text               ro code  0x080121fe      0x4  exit.o [3]
  .text               ro code  0x08012204      0xa  cexit.o [5]
  .text               ro code  0x08012210     0x14  exit.o [6]
  .rodata             const    0x08012224     0x18  app_data.o [1]
  .rodata             const    0x0801223c     0x18  bgm111.o [1]
  .rodata             const    0x08012254     0x18  parser.o [1]
  .rodata             const    0x0801226c     0x18  parser.o [1]
  .rodata             const    0x08012284     0x18  parser.o [1]
  .rodata             const    0x0801229c     0x18  parser.o [1]
  .rodata             const    0x080122b4     0x18  parser.o [1]
  .rodata             const    0x080122cc     0x18  parser.o [1]
  .rodata             const    0x080122e4     0x18  parser.o [1]
  .rodata             const    0x080122fc     0x18  parser.o [1]
  .rodata             const    0x08012314     0x18  parser.o [1]
  .rodata             const    0x0801232c     0x18  parser.o [1]
  .rodata             const    0x08012344     0x18  parser.o [1]
  .rodata             const    0x0801235c     0x14  app_data.o [1]
  .rodata             const    0x08012370     0x14  app_data.o [1]
  .rodata             const    0x08012384     0x14  app_data.o [1]
  .rodata             const    0x08012398     0x14  app_data.o [1]
  .rodata             const    0x080123ac     0x14  app_data.o [1]
  .rodata             const    0x080123c0     0x14  app_data.o [1]
  .rodata             const    0x080123d4     0x14  app_data.o [1]
  .rodata             const    0x080123e8     0x14  app_data.o [1]
  .rodata             const    0x080123fc     0x14  app_data.o [1]
  .rodata             const    0x08012410     0x14  app_data.o [1]
  .rodata             const    0x08012424     0x14  app_data.o [1]
  .rodata             const    0x08012438     0x14  app_data.o [1]
  .rodata             const    0x0801244c     0x14  app_data.o [1]
  .rodata             const    0x08012460     0x14  app_data.o [1]
  .rodata             const    0x08012474     0x14  app_data.o [1]
  .rodata             const    0x08012488     0x14  app_data.o [1]
  .rodata             const    0x0801249c     0x14  app_data.o [1]
  .rodata             const    0x080124b0     0x14  app_data.o [1]
  .rodata             const    0x080124c4     0x14  app_data.o [1]
  .rodata             const    0x080124d8     0x14  app_data.o [1]
  .rodata             const    0x080124ec     0x14  app_data.o [1]
  .rodata             const    0x08012500     0x14  app_data.o [1]
  .rodata             const    0x08012514     0x14  app_data.o [1]
  .rodata             const    0x08012528     0x14  app_data.o [1]
  .rodata             const    0x0801253c     0x14  app_data.o [1]
  .rodata             const    0x08012550     0x14  app_data.o [1]
  .rodata             const    0x08012564     0x14  app_data.o [1]
  .rodata             const    0x08012578     0x14  app_data.o [1]
  .rodata             const    0x0801258c     0x14  bgm111.o [1]
  .rodata             const    0x080125a0     0x14  bgm111.o [1]
  .rodata             const    0x080125b4     0x14  bgm111.o [1]
  .rodata             const    0x080125c8     0x14  bgm111.o [1]
  .rodata             const    0x080125dc     0x14  bgm111.o [1]
  .rodata             const    0x080125f0     0x14  ErrorCodes.o [1]
  .rodata             const    0x08012604     0x14  gpio.o [1]
  .rodata             const    0x08012618     0x14  parser.o [1]
  .rodata             const    0x0801262c     0x14  parser.o [1]
  .rodata             const    0x08012640     0x14  parser.o [1]
  .rodata             const    0x08012654     0x14  parser.o [1]
  .rodata             const    0x08012668     0x14  parser.o [1]
  .rodata             const    0x0801267c     0x14  parser.o [1]
  .rodata             const    0x08012690     0x14  parser.o [1]
  .rodata             const    0x080126a4     0x14  parser.o [1]
  .rodata             const    0x080126b8     0x14  parser.o [1]
  .rodata             const    0x080126cc     0x10  app_data.o [1]
  .rodata             const    0x080126dc     0x10  app_data.o [1]
  .rodata             const    0x080126ec     0x10  bgm111.o [1]
  .rodata             const    0x080126fc     0x10  bgm111.o [1]
  .rodata             const    0x0801270c     0x10  bgm111.o [1]
  .rodata             const    0x0801271c     0x10  bgm111.o [1]
  .rodata             const    0x0801272c     0x10  bgm111.o [1]
  .rodata             const    0x0801273c     0x10  main.o [1]
  .rodata             const    0x0801274c     0x10  parser.o [1]
  .rodata             const    0x0801275c     0x10  parser.o [1]
  .rodata             const    0x0801276c     0x10  parser.o [1]
  .rodata             const    0x0801277c     0x10  parser.o [1]
  .rodata             const    0x0801278c     0x10  parser.o [1]
  .rodata             const    0x0801279c     0x10  parser.o [1]
  .rodata             const    0x080127ac     0x10  parser.o [1]
  .rodata             const    0x080127bc     0x10  system_stm32l1xx.o [1]
  .text               ro code  0x080127cc     0x10  startup_stm32l152xe.o [1]
  .rodata             const    0x080127dc      0xc  app_data.o [1]
  .rodata             const    0x080127e8      0xc  bgm111.o [1]
  .rodata             const    0x080127f4      0xc  bgm111.o [1]
  .rodata             const    0x08012800      0xc  bgm111.o [1]
  .rodata             const    0x0801280c      0xc  bgm111.o [1]
  .rodata             const    0x08012818      0xc  bgm111.o [1]
  .rodata             const    0x08012824      0xc  parser.o [1]
  .rodata             const    0x08012830      0xc  parser.o [1]
  .rodata             const    0x0801283c      0xc  parser.o [1]
  .rodata             const    0x08012848      0xc  parser.o [1]
  .rodata             const    0x08012854      0xc  parser.o [1]
  .rodata             const    0x08012860      0xc  parser.o [1]
  .rodata             const    0x0801286c      0xc  parser.o [1]
  .rodata             const    0x08012878      0xc  stm32l1xx_hal_rcc.o [1]
  .text               ro code  0x08012884      0xc  cstartup_M.o [5]
  .rodata             const    0x08012890      0x8  app_data.o [1]
  .rodata             const    0x08012898      0x8  app_data.o [1]
  .rodata             const    0x080128a0      0x8  app_data.o [1]
  .rodata             const    0x080128a8      0x8  app_data.o [1]
  .rodata             const    0x080128b0      0x8  barometer.o [1]
  .rodata             const    0x080128b8      0x8  barometer.o [1]
  .rodata             const    0x080128c0      0x8  barometer.o [1]
  .rodata             const    0x080128c8      0x8  barometer.o [1]
  .rodata             const    0x080128d0      0x8  barometer.o [1]
  .rodata             const    0x080128d8      0x8  bgm111.o [1]
  .rodata             const    0x080128e0      0x8  bgm111.o [1]
  .rodata             const    0x080128e8      0x8  bgm111.o [1]
  .rodata             const    0x080128f0      0x8  ErrorCodes.o [1]
  .rodata             const    0x080128f8      0x8  ErrorCodes.o [1]
  .rodata             const    0x08012900      0x8  ErrorCodes.o [1]
  .rodata             const    0x08012908      0x8  ErrorCodes.o [1]
  .rodata             const    0x08012910      0x8  ErrorCodes.o [1]
  .rodata             const    0x08012918      0x8  ErrorCodes.o [1]
  .rodata             const    0x08012920      0x8  ErrorCodes.o [1]
  .rodata             const    0x08012928      0x8  ErrorCodes.o [1]
  .rodata             const    0x08012930      0x8  ErrorCodes.o [1]
  .rodata             const    0x08012938      0x8  ErrorCodes.o [1]
  .rodata             const    0x08012940      0x8  ErrorCodes.o [1]
  .rodata             const    0x08012948      0x8  ErrorCodes.o [1]
  .rodata             const    0x08012950      0x8  ErrorCodes.o [1]
  .rodata             const    0x08012958      0x8  ErrorCodes.o [1]
  .rodata             const    0x08012960      0x8  ErrorCodes.o [1]
  .rodata             const    0x08012968      0x8  ErrorCodes.o [1]
  .rodata             const    0x08012970      0x8  ErrorCodes.o [1]
  .rodata             const    0x08012978      0x8  ErrorCodes.o [1]
  .rodata             const    0x08012980      0x8  ErrorCodes.o [1]
  .rodata             const    0x08012988      0x8  ErrorCodes.o [1]
  .rodata             const    0x08012990      0x8  ErrorCodes.o [1]
  .rodata             const    0x08012998      0x8  ErrorCodes.o [1]
  .rodata             const    0x080129a0      0x8  GridEye.o [1]
  .rodata             const    0x080129a8      0x8  GridEye.o [1]
  .rodata             const    0x080129b0      0x8  GridEye.o [1]
  .rodata             const    0x080129b8      0x8  Humidity.o [1]
  .rodata             const    0x080129c0      0x8  Humidity.o [1]
  .rodata             const    0x080129c8      0x8  Humidity.o [1]
  .rodata             const    0x080129d0      0x8  Humidity.o [1]
  .rodata             const    0x080129d8      0x8  main.o [1]
  .rodata             const    0x080129e0      0x8  main.o [1]
  .rodata             const    0x080129e8      0x8  parser.o [1]
  .rodata             const    0x080129f0      0x8  parser.o [1]
  .rodata             const    0x080129f8      0x8  parser.o [1]
  .rodata             const    0x08012a00      0x8  Rd_Sound.o [1]
  .rodata             const    0x08012a08      0x8  RGBLight.o [1]
  .rodata             const    0x08012a10      0x8  RGBLight.o [1]
  .rodata             const    0x08012a18      0x8  system_stm32l1xx.o [1]
  .rodata             const    0x08012a20      0x8  Temperature.o [1]
  .rodata             const    0x08012a28      0x8  Temperature.o [1]
  .rodata             const    0x08012a30      0x8  Temperature.o [1]
  .rodata             const    0x08012a38      0x8  VMonitor.o [1]
  .rodata             const    0x08012a40      0x8  VMonitor.o [1]
  .rodata             const    0x08012a48      0x8  VMonitor.o [1]
  .rodata             const    0x08012a50      0x8  VMonitor.o [1]
  .rodata             const    0x08012a58      0x8  VMonitor.o [1]
  .rodata             const    0x08012a60      0x4  stm32l1xx_hal_rcc.o [1]
  .text               ro code  0x08012a64      0x4  startup_stm32l152xe.o [1]
  .text               ro code  0x08012a68      0x4  startup_stm32l152xe.o [1]
  .text               ro code  0x08012a6c      0x4  startup_stm32l152xe.o [1]
  .text               ro code  0x08012a70      0x4  startup_stm32l152xe.o [1]
  .text               ro code  0x08012a74      0x4  startup_stm32l152xe.o [1]
  .text               ro code  0x08012a78      0x4  startup_stm32l152xe.o [1]
  .text               ro code  0x08012a7c      0x4  startup_stm32l152xe.o [1]
  .text               ro code  0x08012a80      0x4  startup_stm32l152xe.o [1]
  .text               ro code  0x08012a84      0x4  startup_stm32l152xe.o [1]
  .text               ro code  0x08012a88      0x4  startup_stm32l152xe.o [1]
  .text               ro code  0x08012a8c      0x4  startup_stm32l152xe.o [1]
  .text               ro code  0x08012a90      0x4  startup_stm32l152xe.o [1]
  .text               ro code  0x08012a94      0x4  startup_stm32l152xe.o [1]
  .text               ro code  0x08012a98      0x4  startup_stm32l152xe.o [1]
  .text               ro code  0x08012a9c      0x4  startup_stm32l152xe.o [1]
  .text               ro code  0x08012aa0      0x4  startup_stm32l152xe.o [1]
  .text               ro code  0x08012aa4      0x4  startup_stm32l152xe.o [1]
  .text               ro code  0x08012aa8      0x4  startup_stm32l152xe.o [1]
  .text               ro code  0x08012aac      0x4  startup_stm32l152xe.o [1]
  .text               ro code  0x08012ab0      0x4  startup_stm32l152xe.o [1]
  .text               ro code  0x08012ab4      0x4  startup_stm32l152xe.o [1]
  .text               ro code  0x08012ab8      0x4  startup_stm32l152xe.o [1]
  .text               ro code  0x08012abc      0x4  startup_stm32l152xe.o [1]
  .text               ro code  0x08012ac0      0x4  startup_stm32l152xe.o [1]
  .text               ro code  0x08012ac4      0x4  startup_stm32l152xe.o [1]
  .text               ro code  0x08012ac8      0x4  startup_stm32l152xe.o [1]
  .text               ro code  0x08012acc      0x4  startup_stm32l152xe.o [1]
  .text               ro code  0x08012ad0      0x4  startup_stm32l152xe.o [1]
  .text               ro code  0x08012ad4      0x4  startup_stm32l152xe.o [1]
  .text               ro code  0x08012ad8      0x4  startup_stm32l152xe.o [1]
  .text               ro code  0x08012adc      0x4  startup_stm32l152xe.o [1]
  .text               ro code  0x08012ae0      0x4  startup_stm32l152xe.o [1]
  .text               ro code  0x08012ae4      0x4  startup_stm32l152xe.o [1]
  .text               ro code  0x08012ae8      0x4  startup_stm32l152xe.o [1]
  .text               ro code  0x08012aec      0x4  startup_stm32l152xe.o [1]
  .text               ro code  0x08012af0      0x4  startup_stm32l152xe.o [1]
  .text               ro code  0x08012af4      0x4  startup_stm32l152xe.o [1]
  .text               ro code  0x08012af8      0x4  startup_stm32l152xe.o [1]
  .text               ro code  0x08012afc      0x4  startup_stm32l152xe.o [1]
  .text               ro code  0x08012b00      0x4  startup_stm32l152xe.o [1]
  .text               ro code  0x08012b04      0x4  startup_stm32l152xe.o [1]
  .text               ro code  0x08012b08      0x4  startup_stm32l152xe.o [1]
  .text               ro code  0x08012b0c      0x4  startup_stm32l152xe.o [1]
  .text               ro code  0x08012b10      0x4  startup_stm32l152xe.o [1]
  .text               ro code  0x08012b14      0x4  startup_stm32l152xe.o [1]
  .text               ro code  0x08012b18      0x4  startup_stm32l152xe.o [1]
  .text               ro code  0x08012b1c      0x4  startup_stm32l152xe.o [1]
  .text               ro code  0x08012b20      0x4  startup_stm32l152xe.o [1]
  .text               ro code  0x08012b24      0x4  startup_stm32l152xe.o [1]
  .text               ro code  0x08012b28      0x4  startup_stm32l152xe.o [1]
  .rodata             const    0x08012b2c      0x0  zero_init3.o [5]
  .rodata             const    0x08012b2c      0x0  packbits_init_single.o [5]
  Initializer bytes   const    0x08012b2c     0x54  <for P2-1>
                             - 0x08012b80  0x12a5c

Absolute sections:                            0x10
  .bss                zero     0x08070000     0x10  wwdg.o [1]
                             - 0x08070010     0x10

"P2", part 1 of 3:                           0x14c
  P2-1                         0x20000000    0x14c  <Init block>
    .data             inited   0x20000000      0xc  adc.o [1]
    .data             inited   0x2000000c      0x4  bgm111.o [1]
    .data             inited   0x20000010      0x4  bgm111.o [1]
    .data             inited   0x20000014     0x24  gpio.o [1]
    .data             inited   0x20000038      0x4  system_stm32l1xx.o [1]
    .data             inited   0x2000003c      0x4  tim.o [1]
    .data             inited   0x20000040      0x4  tim.o [1]
    .data             inited   0x20000044      0x4  tim.o [1]
    .data             inited   0x20000048      0x4  usart.o [1]
    __DLIB_PERTHREAD  inited   0x2000004c     0x88  localeconv.o [3]
    __DLIB_PERTHREAD  inited   0x200000d4      0x4  errno.o [3]
    __DLIB_PERTHREAD  inited   0x200000d8     0x74  setlocale.o [3]
                             - 0x2000014c    0x14c

"P2", part 2 of 3:                          0x1000
  CSTACK                       0x20000150   0x1000  <Block>
    CSTACK            uninit   0x20000150   0x1000  <Block tail>
  HEAP                         0x20001150      0x0  <Block>
                             - 0x20001150   0x1000

"P2", part 3 of 3:                          0x2454
  .bss                zero     0x20001150    0xf78  bgm111.o [1]
  .bss                zero     0x200020c8    0x324  bgm111.o [1]
  .bss                zero     0x200023ec    0x324  ErrorCodes.o [1]
  .bss                zero     0x20002710    0x248  app_data.o [1]
  .bss                zero     0x20002958    0x248  app_data.o [1]
  .bss                zero     0x20002ba0    0x220  usbd_conf.o [1]
  .bss                zero     0x20002dc0    0x1a0  bgm111.o [1]
  .bss                zero     0x20002f60     0x8c  tasks.o [1]
  .bss                zero     0x20002fec     0x84  bgm111.o [1]
  .bss                zero     0x20003070     0x84  bgm111.o [1]
  .bss                zero     0x200030f4     0x80  Rd_Sound.o [1]
  .bss                zero     0x20003174     0x80  Rd_Sound.o [1]
  .bss                zero     0x200031f4     0x80  Rd_Sound.o [1]
  .bss                zero     0x20003274     0x54  adc.o [1]
  .bss                zero     0x200032c8     0x40  usart.o [1]
  .bss                zero     0x20003308     0x40  usart.o [1]
  .bss                zero     0x20003348     0x3c  i2c.o [1]
  .bss                zero     0x20003384     0x38  adc.o [1]
  .bss                zero     0x200033bc     0x38  stm32l1xx_hal_timebase_TIM.o [1]
  .bss                zero     0x200033f4     0x38  tim.o [1]
  .bss                zero     0x2000342c     0x38  tim.o [1]
  .bss                zero     0x20003464     0x28  bgm111.o [1]
  .bss                zero     0x2000348c     0x28  usart.o [1]
  .bss                zero     0x200034b4     0x1c  Flash.o [1]
  .bss                zero     0x200034d0     0x18  stm32l1xx_hal_flash.o [1]
  .bss                zero     0x200034e8     0x14  wwdg.o [1]
  .bss                zero     0x200034fc     0x10  wwdg.o [1]
  .bss                zero     0x2000350c      0xc  adc.o [1]
  .bss                zero     0x20003518      0xc  app_data.o [1]
  .bss                zero     0x20003524      0xc  Flash.o [1]
  .bss                zero     0x20003530      0x8  xxmemxmalloc.o [3]
  .bss                zero     0x20003538      0x4  app_data.o [1]
  .bss                zero     0x2000353c      0x4  bgm111.o [1]
  .bss                zero     0x20003540      0x4  bgm111.o [1]
  .bss                zero     0x20003544      0x4  bgm111.o [1]
  .bss                zero     0x20003548      0x4  bgm111.o [1]
  .bss                zero     0x2000354c      0x4  bgm111.o [1]
  .bss                zero     0x20003550      0x4  Flash.o [1]
  .bss                zero     0x20003554      0x4  stm32l1xx_hal.o [1]
  .bss                zero     0x20003558      0x4  tasks.o [1]
  .bss                zero     0x2000355c      0x4  tasks.o [1]
  .bss                zero     0x20003560      0x4  tasks.o [1]
  .bss                zero     0x20003564      0x4  tasks.o [1]
  .bss                zero     0x20003568      0x4  tasks.o [1]
  .bss                zero     0x2000356c      0x4  tasks.o [1]
  .bss                zero     0x20003570      0x4  tasks.o [1]
  .bss                zero     0x20003574      0x4  tasks.o [1]
  .bss                zero     0x20003578      0x4  tasks.o [1]
  .bss                zero     0x2000357c      0x4  tasks.o [1]
  .bss                zero     0x20003580      0x4  tasks.o [1]
  .bss                zero     0x20003584      0x4  usart.o [1]
  .bss                zero     0x20003588      0x4  usart.o [1]
  .bss                zero     0x2000358c      0x4  wwdg.o [1]
  .bss                zero     0x20003590      0x4  xgetmemchunk.o [3]
  .bss                zero     0x20003594      0x2  app_data.o [1]
  .bss                zero     0x20003596      0x2  app_data.o [1]
  .bss                zero     0x20003598      0x1  adc.o [1]
  .bss                zero     0x20003599      0x1  adc.o [1]
  .bss                zero     0x2000359a      0x1  adc.o [1]
  .bss                zero     0x2000359b      0x1  bgm111.o [1]
  .bss                zero     0x2000359c      0x1  parser.o [1]
  .bss                zero     0x2000359d      0x1  tim.o [1]
  .bss                zero     0x2000359e      0x1  tim.o [1]
  .bss                zero     0x2000359f      0x1  usart.o [1]
  .bss                zero     0x200035a0      0x1  usart.o [1]
  .bss                zero     0x200035a1      0x1  usart.o [1]
  .bss                zero     0x200035a2      0x1  usbd_ctlreq.o [1]
  .bss                zero     0x200035a3      0x1  wwdg.o [1]
                             - 0x200035a4   0x2454


*******************************************************************************
*** INIT TABLE
***

          Address     Size
          -------     ----
Zero (__iar_zero_init3)
    2 destination ranges, total size 0x2464:
          0x08070000    0x10
          0x20001150  0x2454

Copy/packbits (__iar_packbits_init_single3)
    1 source range, total size 0x54 (25% of destination):
          0x08012b2c    0x54
    1 destination range, total size 0x14c:
          0x20000000   0x14c



*******************************************************************************
*** MODULE SUMMARY
***

    Module                        ro code  ro data  rw data  rw data
                                                              (abs)
    ------                        -------  -------  -------  -------
D:\GoogleDriveCLT\GoogleDrive\WeatherCloud\Roadboard\Software\Road-Board-December-2016N7\EWARM\Road Brd MSTR Rev L Long Always\Obj: [1]
    ErrorCodes.o                      318      312      804
    Flash.o                           344                44
    GridEye.o                       3 480       24
    Humidity.o                      1 736       32
    RGBLight.o                        836       16
    Rd_Sound.o                        628      136      384
    Temperature.o                     364       24
    VMonitor.o                      1 216       40
    adc.o                             700        3      167
    app_data.o                      4 184      724    1 188
    barometer.o                       504       40
    bgm111.o                        2 152      438    5 513
    cmsis_os.o                         16
    dma.o                              48
    fix_fft.o                         604      128
    gecko_bglib.o                     432
    gpio.o                            452       29       36
    i2c.o                           1 248                60
    list.o                             64
    lps25hb.o                         584
    main.o                          1 398      256
    parser.o                        7 924    4 760        1
    port.o                             36
    portasm.o                         148
    startup_stm32l152xe.o             508
    stm32l1xx_hal.o                    72                 4
    stm32l1xx_hal_adc.o             2 090
    stm32l1xx_hal_cortex.o            432
    stm32l1xx_hal_dma.o             3 838
    stm32l1xx_hal_flash.o             408                24
    stm32l1xx_hal_flash_ex.o          204
    stm32l1xx_hal_gpio.o              888
    stm32l1xx_hal_i2c.o             4 120
    stm32l1xx_hal_msp.o               152
    stm32l1xx_hal_pcd.o             4 212
    stm32l1xx_hal_pwr_ex.o             16
    stm32l1xx_hal_rcc.o             3 284       16
    stm32l1xx_hal_tim.o               986
    stm32l1xx_hal_tim_ex.o             94
    stm32l1xx_hal_timebase_TIM.o      144                56
    stm32l1xx_hal_uart.o            2 284
    stm32l1xx_hal_wwdg.o              214
    stm32l1xx_it.o                    132
    system_stm32l1xx.o                100       25        4
    tasks.o                           548               184
    tim.o                             548        3      126
    usart.o                         1 212        1      183
    usbd_conf.o                       408               544
    usbd_core.o                       712
    usbd_ctlreq.o                   1 544                 1
    usbd_ioreq.o                      144
    wwdg.o                            296                41       16
    ----------------------------------------------------------------
    Total:                         59 006    7 007    9 364       16

command line: [2]
    ----------------------------------------------------------------
    Total:

dl7M_tlf.a: [3]
    div.o                              14
    errno.o                            12        1        4
    exit.o                              4
    localeconv.o                      108       34      136
    low_level_init.o                    4
    setlocale.o                        20       30      116
    sprintf.o                          52
    strcat.o                           28
    strncmp.o                          44
    xencoding_sb.o                     96
    xgetmemchunk.o                     44                 4
    xmbcurmax.o                        10
    xmbtowc.o                          32
    xprintffull.o                   4 510
    xsprout.o                          10
    xtls.o                              2
    xwctomb.o                          26
    xxmemxfree.o                      128
    xxmemxmalloc.o                    176                 8
    ----------------------------------------------------------------
    Total:                          5 320       65      268

m7M_tl.a: [4]
    DblAdd.o                          232
    DblCmpGe.o                         46
    DblCmpLe.o                         46
    DblDiv.o                          598
    DblMul.o                          418
    DblSub.o                          384
    DblToFlt.o                        144
    DblToI32.o                         88
    FltAdd.o                          132
    FltCmpGe.o                         36
    FltDiv.o                          252
    FltMul.o                          216
    FltSub.o                          214
    FltToDbl.o                         78
    FltToS32.o                         68
    I32ToDbl.o                         48
    I32ToFlt.o                         50
    ceil.o                             94
    modf.o                            184
    round.o                            68
    sqrt.o                            240
    xdint.o                           122
    xdnorm.o                           68
    xdscale.o                         268
    ----------------------------------------------------------------
    Total:                          4 094

rt7M_tl.a: [5]
    ABImemcpy_unaligned.o             118
    ABImemset.o                        94
    I64DivMod.o                       238
    I64DivZer.o                         2
    cexit.o                            10
    cmain.o                            26
    cstartup_M.o                       12
    data_init.o                        40
    iarEdom.o                          12
    memchr.o                           88
    packbits_init_single.o             56
    strchr.o                           22
    strcmp_unaligned.o                 66
    strcpy_unaligned.o                 68
    strlen.o                           54
    strncpy_unaligned.o               108
    zero_init3.o                       64
    ----------------------------------------------------------------
    Total:                          1 078

shb_l.a: [6]
    exit.o                             20
    ----------------------------------------------------------------
    Total:                             20

    Gaps                               42
    Linker created                              40    4 096
--------------------------------------------------------------------
    Grand Total:                   69 560    7 112   13 728       16


*******************************************************************************
*** ENTRY LIST
***

Entry                      Address    Size  Type      Object
-----                      -------    ----  ----      ------
.iar.init_table$$Base   0x08011f14           --   Gb  - Linker created -
.iar.init_table$$Limit  0x08011f3c           --   Gb  - Linker created -
?main                   0x080121e1          Code  Gb  cmain.o [5]
ADC_Channel             0x2000359a     0x1  Data  Lc  adc.o [1]
ADC_Config              0x08007f27    0xbe  Code  Gb  adc.o [1]
ADC_ConversionStop_Disable
                        0x0800c8c1    0x4a  Code  Gb  stm32l1xx_hal_adc.o [1]
ADC_DMAConvCplt         0x0800c90d    0x6e  Code  Lc  stm32l1xx_hal_adc.o [1]
ADC_DMAError            0x0800c98d    0x1e  Code  Lc  stm32l1xx_hal_adc.o [1]
ADC_DMAHalfConvCplt     0x0800c97d     0xe  Code  Lc  stm32l1xx_hal_adc.o [1]
ADC_Enable              0x0800c823    0x72  Code  Gb  stm32l1xx_hal_adc.o [1]
AHBPrescTable           0x080127bc    0x10  Data  Gb  system_stm32l1xx.o [1]
APBPrescTable           0x08012a18     0x8  Data  Gb  system_stm32l1xx.o [1]
BGM111_Connected        0x080028a1     0xa  Code  Gb  bgm111.o [1]
BGM111_DataConnected    0x080028ab     0xa  Code  Gb  bgm111.o [1]
BGM111_GetTackState     0x0800297b     0xa  Code  Gb  bgm111.o [1]
BGM111_Init             0x08002657    0x32  Code  Gb  bgm111.o [1]
BGM111_LowLevel_Init    0x08002599    0x48  Code  Gb  bgm111.o [1]
BGM111_Peek             0x0800264d     0xa  Code  Gb  bgm111.o [1]
BGM111_ProcessInput     0x08002689   0x20e  Code  Gb  bgm111.o [1]
BGM111_Ready            0x08002897     0xa  Code  Gb  bgm111.o [1]
BGM111_Receive          0x080025ef    0x5e  Code  Gb  bgm111.o [1]
BGM111_SetSyncFlg       0x0800295b     0xa  Code  Gb  bgm111.o [1]
BGM111_SetTackState     0x08002985     0xa  Code  Gb  bgm111.o [1]
BGM111_SyncModeTest     0x080028b5    0x82  Code  Gb  bgm111.o [1]
BGM111_SyncModeTestNoInc
                        0x08002937    0x24  Code  Gb  bgm111.o [1]
BGM111_Transmit         0x08002a29   0x11e  Code  Gb  bgm111.o [1]
BGM111_UART_IRQHandler  0x0800298f    0x90  Code  Gb  bgm111.o [1]
BGM111_cntrlSetSyncFlg  0x08002965    0x16  Code  Gb  bgm111.o [1]
Bypass                  0x2000359c     0x1  Data  Lc  parser.o [1]
CSTACK$$Base            0x20000150           --   Gb  - Linker created -
CSTACK$$Limit           0x20001150           --   Gb  - Linker created -
Clear_Timer2_Flg        0x0800c0c5     0x8  Code  Gb  tim.o [1]
ClrDataStructure        0x080032a1    0xb0  Code  Gb  app_data.o [1]
Clr_HeartBeat           0x0800416d     0x8  Code  Gb  app_data.o [1]
Clr_HrtBeat_Cnt         0x08004151     0x8  Code  Gb  app_data.o [1]
CodesArray              0x08010ef0    0x58  Data  Gb  ErrorCodes.o [1]
DMA1_Channel1_IRQHandler
                        0x08010cdd     0xa  Code  Gb  stm32l1xx_it.o [1]
DMA_SetConfig           0x0800d889    0x22  Code  Lc  stm32l1xx_hal_dma.o [1]
Error_Handler           0x0800772d    0x2e  Code  Gb  main.o [1]
FIX_MPY                 0x0800d8ab    0x1c  Code  Gb  fix_fft.o [1]
FLASH_PageErase         0x0800ee3f    0x28  Code  Gb  stm32l1xx_hal_flash_ex.o [1]
FLASH_SetErrorCode      0x0800ecb3    0x6a  Code  Lc  stm32l1xx_hal_flash.o [1]
FLASH_WaitForLastOperation
                        0x0800ec4f    0x64  Code  Gb  stm32l1xx_hal_flash.o [1]
Get_DriverStates        0x08004065    0x5c  Code  Gb  app_data.o [1]
Get_DriverStatus        0x080040d9    0x78  Code  Gb  app_data.o [1]
HAL_ADC_ConfigChannel   0x0800c63d   0x1e6  Code  Gb  stm32l1xx_hal_adc.o [1]
HAL_ADC_ConvCpltCallback
                        0x08008063     0xe  Code  Gb  adc.o [1]
HAL_ADC_ConvHalfCpltCallback
                        0x080080a1     0x2  Code  Gb  adc.o [1]
HAL_ADC_DeInit          0x0800c347   0x134  Code  Gb  stm32l1xx_hal_adc.o [1]
HAL_ADC_ErrorCallback   0x080080a3     0xa  Code  Gb  adc.o [1]
HAL_ADC_Init            0x0800c181   0x1c6  Code  Gb  stm32l1xx_hal_adc.o [1]
HAL_ADC_MspDeInit       0x08007eff    0x28  Code  Gb  adc.o [1]
HAL_ADC_MspInit         0x08007e79    0x86  Code  Gb  adc.o [1]
HAL_ADC_Start           0x0800c47b    0x88  Code  Gb  stm32l1xx_hal_adc.o [1]
HAL_ADC_Start_DMA       0x0800c503    0xcc  Code  Gb  stm32l1xx_hal_adc.o [1]
HAL_ADC_Stop_DMA        0x0800c5cf    0x6e  Code  Gb  stm32l1xx_hal_adc.o [1]
HAL_DMA_Abort           0x0800cee7    0x54  Code  Gb  stm32l1xx_hal_dma.o [1]
HAL_DMA_DeInit          0x0800ca05   0x43e  Code  Gb  stm32l1xx_hal_dma.o [1]
HAL_DMA_IRQHandler      0x0800cf41   0x906  Code  Gb  stm32l1xx_hal_dma.o [1]
HAL_DMA_Init            0x0800c9ad    0x58  Code  Gb  stm32l1xx_hal_dma.o [1]
HAL_DMA_Start_IT        0x0800ce79    0x6e  Code  Gb  stm32l1xx_hal_dma.o [1]
HAL_Delay               0x0800a021    0x1a  Code  Wk  stm32l1xx_hal.o [1]
HAL_FLASHEx_Erase       0x0800eda5    0x9a  Code  Gb  stm32l1xx_hal_flash_ex.o [1]
HAL_FLASH_GetError      0x0800ec49     0x6  Code  Gb  stm32l1xx_hal_flash.o [1]
HAL_FLASH_Lock          0x0800ec39    0x10  Code  Gb  stm32l1xx_hal_flash.o [1]
HAL_FLASH_Program       0x0800ebad    0x5c  Code  Gb  stm32l1xx_hal_flash.o [1]
HAL_FLASH_Unlock        0x0800ec09    0x30  Code  Gb  stm32l1xx_hal_flash.o [1]
HAL_GPIO_DeInit         0x0800792f   0x13c  Code  Gb  stm32l1xx_hal_gpio.o [1]
HAL_GPIO_Init           0x0800775d   0x1d2  Code  Gb  stm32l1xx_hal_gpio.o [1]
HAL_GPIO_ReadPin        0x08007a6b    0x18  Code  Gb  stm32l1xx_hal_gpio.o [1]
HAL_GPIO_TogglePin      0x08007a97     0xa  Code  Gb  stm32l1xx_hal_gpio.o [1]
HAL_GPIO_WritePin       0x08007a83    0x14  Code  Gb  stm32l1xx_hal_gpio.o [1]
HAL_GetTick             0x0800a01b     0x6  Code  Wk  stm32l1xx_hal.o [1]
HAL_I2C_ER_IRQHandler   0x0800aac5    0xce  Code  Gb  stm32l1xx_hal_i2c.o [1]
HAL_I2C_EV_IRQHandler   0x0800a991   0x134  Code  Gb  stm32l1xx_hal_i2c.o [1]
HAL_I2C_ErrorCallback   0x0800ab9f     0x2  Code  Wk  stm32l1xx_hal_i2c.o [1]
HAL_I2C_GetError        0x0800aba7     0x4  Code  Gb  stm32l1xx_hal_i2c.o [1]
HAL_I2C_GetState        0x0800aba1     0x6  Code  Gb  stm32l1xx_hal_i2c.o [1]
HAL_I2C_Init            0x0800a241   0x172  Code  Gb  stm32l1xx_hal_i2c.o [1]
HAL_I2C_MasterRxCpltCallback
                        0x0800ab95     0x2  Code  Wk  stm32l1xx_hal_i2c.o [1]
HAL_I2C_MasterTxCpltCallback
                        0x0800ab93     0x2  Code  Wk  stm32l1xx_hal_i2c.o [1]
HAL_I2C_Master_Receive  0x0800a4eb   0x256  Code  Gb  stm32l1xx_hal_i2c.o [1]
HAL_I2C_Master_Receive_IT
                        0x0800a827   0x14e  Code  Gb  stm32l1xx_hal_i2c.o [1]
HAL_I2C_Master_Transmit
                        0x0800a3b3   0x138  Code  Gb  stm32l1xx_hal_i2c.o [1]
HAL_I2C_Master_Transmit_IT
                        0x0800a741    0xe6  Code  Gb  stm32l1xx_hal_i2c.o [1]
HAL_I2C_MemRxCpltCallback
                        0x0800ab9d     0x2  Code  Wk  stm32l1xx_hal_i2c.o [1]
HAL_I2C_MemTxCpltCallback
                        0x0800ab9b     0x2  Code  Wk  stm32l1xx_hal_i2c.o [1]
HAL_I2C_MspInit         0x080062cb    0x50  Code  Gb  i2c.o [1]
HAL_I2C_SlaveRxCpltCallback
                        0x0800ab99     0x2  Code  Wk  stm32l1xx_hal_i2c.o [1]
HAL_I2C_SlaveTxCpltCallback
                        0x0800ab97     0x2  Code  Wk  stm32l1xx_hal_i2c.o [1]
HAL_IncTick             0x0800a00f     0xc  Code  Wk  stm32l1xx_hal.o [1]
HAL_Init                0x08009ff9    0x16  Code  Gb  stm32l1xx_hal.o [1]
HAL_InitTick            0x0800e4b5    0x80  Code  Gb  stm32l1xx_hal_timebase_TIM.o [1]
HAL_MspInit             0x0800e545    0x98  Code  Gb  stm32l1xx_hal_msp.o [1]
HAL_NVIC_DisableIRQ     0x08006889     0xe  Code  Gb  stm32l1xx_hal_cortex.o [1]
HAL_NVIC_EnableIRQ      0x0800687b     0xe  Code  Gb  stm32l1xx_hal_cortex.o [1]
HAL_NVIC_SetPriority    0x08006855    0x26  Code  Gb  stm32l1xx_hal_cortex.o [1]
HAL_NVIC_SetPriorityGrouping
                        0x08006849     0xc  Code  Gb  stm32l1xx_hal_cortex.o [1]
HAL_NVIC_SystemReset    0x08006897     0x8  Code  Gb  stm32l1xx_hal_cortex.o [1]
HAL_PCD_DataInStageCallback
                        0x0800ff1d    0x20  Code  Gb  usbd_conf.o [1]
HAL_PCD_DataOutStageCallback
                        0x0800fefb    0x22  Code  Gb  usbd_conf.o [1]
HAL_PCD_EP_ClrStall     0x0800fddb   0x10a  Code  Gb  stm32l1xx_hal_pcd.o [1]
HAL_PCD_EP_Open         0x0800f48d   0x476  Code  Gb  stm32l1xx_hal_pcd.o [1]
HAL_PCD_EP_Receive      0x0800f903   0x1ac  Code  Gb  stm32l1xx_hal_pcd.o [1]
HAL_PCD_EP_SetStall     0x0800fcfd    0xde  Code  Gb  stm32l1xx_hal_pcd.o [1]
HAL_PCD_EP_Transmit     0x0800faaf   0x24e  Code  Gb  stm32l1xx_hal_pcd.o [1]
HAL_PCD_IRQHandler      0x0800f317   0x144  Code  Gb  stm32l1xx_hal_pcd.o [1]
HAL_PCD_ResetCallback   0x0800ff4b    0x2c  Code  Gb  usbd_conf.o [1]
HAL_PCD_ResumeCallback  0x0800ff97     0xe  Code  Gb  usbd_conf.o [1]
HAL_PCD_SOFCallback     0x0800ff3d     0xe  Code  Gb  usbd_conf.o [1]
HAL_PCD_SetAddress      0x0800f45b    0x32  Code  Gb  stm32l1xx_hal_pcd.o [1]
HAL_PCD_SetupStageCallback
                        0x0800fee5    0x16  Code  Gb  usbd_conf.o [1]
HAL_PCD_SuspendCallback
                        0x0800ff77    0x20  Code  Gb  usbd_conf.o [1]
HAL_PWREx_GetVoltageRange
                        0x0800e6b5     0xa  Code  Gb  stm32l1xx_hal_pwr_ex.o [1]
HAL_RCC_ClockConfig     0x0800ba83   0x2a0  Code  Gb  stm32l1xx_hal_rcc.o [1]
HAL_RCC_GetClockConfig  0x0800be29    0x3a  Code  Gb  stm32l1xx_hal_rcc.o [1]
HAL_RCC_GetHCLKFreq     0x0800bdcd     0x6  Code  Gb  stm32l1xx_hal_rcc.o [1]
HAL_RCC_GetPCLK1Freq    0x0800bdd3    0x20  Code  Gb  stm32l1xx_hal_rcc.o [1]
HAL_RCC_GetPCLK2Freq    0x0800bdf3    0x20  Code  Gb  stm32l1xx_hal_rcc.o [1]
HAL_RCC_GetSysClockFreq
                        0x0800bd23    0xaa  Code  Gb  stm32l1xx_hal_rcc.o [1]
HAL_RCC_OscConfig       0x0800b259   0x82a  Code  Gb  stm32l1xx_hal_rcc.o [1]
HAL_SYSTICK_CLKSourceConfig
                        0x080068ab    0x22  Code  Gb  stm32l1xx_hal_cortex.o [1]
HAL_SYSTICK_Config      0x0800689f     0xc  Code  Gb  stm32l1xx_hal_cortex.o [1]
HAL_TIMEx_MasterConfigSynchronization
                        0x0800ea9f    0x5e  Code  Gb  stm32l1xx_hal_tim_ex.o [1]
HAL_TIM_Base_Init       0x0800e6c5    0x38  Code  Gb  stm32l1xx_hal_tim.o [1]
HAL_TIM_Base_MspInit    0x0800c027    0x48  Code  Gb  tim.o [1]
HAL_TIM_Base_Start_IT   0x0800e6fd    0x1e  Code  Gb  stm32l1xx_hal_tim.o [1]
HAL_TIM_ConfigClockSource
                        0x0800e855   0x122  Code  Gb  stm32l1xx_hal_tim.o [1]
HAL_TIM_IC_CaptureCallback
                        0x0800e979     0x2  Code  Wk  stm32l1xx_hal_tim.o [1]
HAL_TIM_IRQHandler      0x0800e71b   0x13a  Code  Gb  stm32l1xx_hal_tim.o [1]
HAL_TIM_OC_DelayElapsedCallback
                        0x0800e977     0x2  Code  Wk  stm32l1xx_hal_tim.o [1]
HAL_TIM_PWM_PulseFinishedCallback
                        0x0800e97b     0x2  Code  Wk  stm32l1xx_hal_tim.o [1]
HAL_TIM_PeriodElapsedCallback
                        0x0800c06f    0x56  Code  Gb  tim.o [1]
HAL_TIM_StartTimer2     0x0800c131    0x12  Code  Gb  tim.o [1]
HAL_TIM_StartTimer3     0x0800c143    0x12  Code  Gb  tim.o [1]
HAL_TIM_TriggerCallback
                        0x0800e97d     0x2  Code  Wk  stm32l1xx_hal_tim.o [1]
HAL_UART_EnableBGM_RX   0x080024eb    0x32  Code  Gb  usart.o [1]
HAL_UART_EnableBGM_TXE  0x080024d9    0x12  Code  Gb  usart.o [1]
HAL_UART_ErrorCallback  0x080024d7     0x2  Code  Gb  usart.o [1]
HAL_UART_IRQHandler     0x08006b5f   0x11a  Code  Gb  stm32l1xx_hal_uart.o [1]
HAL_UART_Init           0x080068f9    0x72  Code  Gb  stm32l1xx_hal_uart.o [1]
HAL_UART_MspInit        0x0800214f    0xba  Code  Gb  usart.o [1]
HAL_UART_Receive_IT     0x08006ad7    0x88  Code  Gb  stm32l1xx_hal_uart.o [1]
HAL_UART_RxCpltCallback
                        0x08002427    0xb0  Code  Gb  usart.o [1]
HAL_UART_RxCpltCallback::len
                        0x20003588     0x4  Data  Lc  usart.o [1]
HAL_UART_RxCpltCallback::temp_ptr
                        0x20003584     0x4  Data  Lc  usart.o [1]
HAL_UART_Transmit       0x0800696b    0xfc  Code  Gb  stm32l1xx_hal_uart.o [1]
HAL_UART_Transmit_IT    0x08006a67    0x70  Code  Gb  stm32l1xx_hal_uart.o [1]
HAL_UART_TxCpltCallback
                        0x080023eb    0x20  Code  Gb  usart.o [1]
HAL_WWDG_IRQHandler     0x0800e331    0x2c  Code  Gb  stm32l1xx_hal_wwdg.o [1]
HAL_WWDG_Init           0x0800e287    0x4c  Code  Gb  stm32l1xx_hal_wwdg.o [1]
HAL_WWDG_MspInit        0x08009ebf    0x26  Code  Gb  wwdg.o [1]
HAL_WWDG_Refresh        0x0800e303    0x2e  Code  Gb  stm32l1xx_hal_wwdg.o [1]
HAL_WWDG_Start_IT       0x0800e2d3    0x30  Code  Gb  stm32l1xx_hal_wwdg.o [1]
HAL_WWDG_WakeupCallback
                        0x08009f15    0x18  Code  Gb  wwdg.o [1]
HAL_WWDG_WakeupCallback::OnceFlg
                        0x200035a3     0x1  Data  Lc  wwdg.o [1]
HEAP$$Base              0x20001150           --   Gb  - Linker created -
HEAP$$Limit             0x20001150           --   Gb  - Linker created -
HeartBeat_Cnt           0x20003596     0x2  Data  Lc  app_data.o [1]
I2C1_ER_IRQHandler      0x08010d19     0xa  Code  Gb  stm32l1xx_it.o [1]
I2C1_EV_IRQHandler      0x08010d0f     0xa  Code  Gb  stm32l1xx_it.o [1]
I2C_IsAcknowledgeFailed
                        0x0800b22f    0x2a  Code  Lc  stm32l1xx_hal_i2c.o [1]
I2C_MasterReceive_BTF   0x0800acaf    0xa6  Code  Lc  stm32l1xx_hal_i2c.o [1]
I2C_MasterReceive_RXNE  0x0800ac33    0x7c  Code  Lc  stm32l1xx_hal_i2c.o [1]
I2C_MasterRequestRead   0x0800aef1   0x106  Code  Lc  stm32l1xx_hal_i2c.o [1]
I2C_MasterRequestWrite  0x0800ae5b    0x96  Code  Lc  stm32l1xx_hal_i2c.o [1]
I2C_MasterTransmit_BTF  0x0800abd7    0x5c  Code  Lc  stm32l1xx_hal_i2c.o [1]
I2C_MasterTransmit_TXE  0x0800abab    0x2c  Code  Lc  stm32l1xx_hal_i2c.o [1]
I2C_SlaveReceive_BTF    0x0800adaf    0x1e  Code  Lc  stm32l1xx_hal_i2c.o [1]
I2C_SlaveReceive_RXNE   0x0800ad91    0x1e  Code  Lc  stm32l1xx_hal_i2c.o [1]
I2C_SlaveTransmit_BTF   0x0800ad73    0x1e  Code  Lc  stm32l1xx_hal_i2c.o [1]
I2C_SlaveTransmit_TXE   0x0800ad55    0x1e  Code  Lc  stm32l1xx_hal_i2c.o [1]
I2C_Slave_ADDR          0x0800adcd    0x18  Code  Lc  stm32l1xx_hal_i2c.o [1]
I2C_Slave_AF            0x0800ae27    0x34  Code  Lc  stm32l1xx_hal_i2c.o [1]
I2C_Slave_STOPF         0x0800ade5    0x42  Code  Lc  stm32l1xx_hal_i2c.o [1]
I2C_WaitBusyFlag        0x080065c1    0x12  Code  Gb  i2c.o [1]
I2C_WaitOnFlagUntilTimeout
                        0x0800b001    0xda  Code  Lc  stm32l1xx_hal_i2c.o [1]
I2C_WaitOnMasterAddressFlagUntilTimeout
                        0x0800b0db    0x9e  Code  Lc  stm32l1xx_hal_i2c.o [1]
I2C_WaitOnRXNEFlagUntilTimeout
                        0x0800b1cb    0x64  Code  Lc  stm32l1xx_hal_i2c.o [1]
I2C_WaitOnTXEFlagUntilTimeout
                        0x0800b179    0x52  Code  Lc  stm32l1xx_hal_i2c.o [1]
InitSensors             0x0800327d    0x24  Code  Gb  app_data.o [1]
LPS25HB_GetPressure     0x08009a05    0x2c  Code  Gb  lps25hb.o [1]
LPS25HB_GetTemperature  0x08009a73    0x2e  Code  Gb  lps25hb.o [1]
LPS25HB_I2C_GetRawTemperature
                        0x08009a31     0xc  Code  Gb  lps25hb.o [1]
LPS25HB_I2C_ReadRawPressure
                        0x080099bb    0x4a  Code  Lc  lps25hb.o [1]
LPS25HB_I2C_ReadRawTemperature
                        0x08009a3d    0x36  Code  Lc  lps25hb.o [1]
LPS25HB_Init            0x080098a9   0x112  Code  Gb  lps25hb.o [1]
LPS25HB_PowerOn         0x08009aa1    0x48  Code  Lc  lps25hb.o [1]
LoadInt                 0x08008d77    0x70  Code  Lc  xprintffull.o [3]
MX_ADC_Init             0x08007df1    0x88  Code  Gb  adc.o [1]
MX_DMA_Init             0x0800bf2d    0x30  Code  Gb  dma.o [1]
MX_GPIO_Init            0x080060a5   0x13a  Code  Gb  gpio.o [1]
MX_I2C1_Init            0x08006269    0x62  Code  Gb  i2c.o [1]
MX_I2C1_Reset           0x0800631b    0x50  Code  Gb  i2c.o [1]
MX_TIM2_Init            0x0800bf5d    0x66  Code  Gb  tim.o [1]
MX_TIM3_Init            0x0800bfc3    0x64  Code  Gb  tim.o [1]
MX_USART2_UART_Init     0x0800209d    0x58  Code  Gb  usart.o [1]
MX_USART3_UART_Init     0x080020f5    0x5a  Code  Gb  usart.o [1]
MX_WWDG_Init            0x08009e8d    0x32  Code  Gb  wwdg.o [1]
ModuleArray             0x08012170    0x1c  Data  Gb  ErrorCodes.o [1]
NVIC_DisableIRQ         0x08006785    0x14  Code  Lc  stm32l1xx_hal_cortex.o [1]
NVIC_EnableIRQ          0x08006771    0x14  Code  Lc  stm32l1xx_hal_cortex.o [1]
NVIC_EncodePriority     0x080067bf    0x3e  Code  Lc  stm32l1xx_hal_cortex.o [1]
NVIC_GetPriorityGrouping
                        0x08006767     0xa  Code  Lc  stm32l1xx_hal_cortex.o [1]
NVIC_SetPriority        0x08006799    0x26  Code  Lc  stm32l1xx_hal_cortex.o [1]
NVIC_SetPriorityGrouping
                        0x08006749    0x1e  Code  Lc  stm32l1xx_hal_cortex.o [1]
NVIC_SystemReset        0x080067fd    0x1c  Code  Lc  stm32l1xx_hal_cortex.o [1]
NextBufIdx              0x080025e1     0xe  Code  Gb  bgm111.o [1]
PCD_EP_ISR_Handler      0x0800ee71   0x43a  Code  Lc  stm32l1xx_hal_pcd.o [1]
PCD_ReadPMA             0x0800f2eb    0x2c  Code  Lc  stm32l1xx_hal_pcd.o [1]
PCD_WritePMA            0x0800f2ab    0x40  Code  Lc  stm32l1xx_hal_pcd.o [1]
PageError               0x20003550     0x4  Data  Gb  Flash.o [1]
PendSV_Handler          0x08010c01          Code  Gb  portasm.o [1]
Proc_Timer2             0x0800c0dd    0x54  Code  Gb  tim.o [1]
ProcessSensorState      0x080033a5   0x954  Code  Gb  app_data.o [1]
Process_RdSound         0x08003d3d   0x1c8  Code  Gb  app_data.o [1]
RBIsBufFull             0x08007c93    0x1e  Code  Gb  ErrorCodes.o [1]
RBNextBufIdx            0x08007c85     0xe  Code  Gb  ErrorCodes.o [1]
RCC_SetFlashLatencyFromMSIRange
                        0x0800be69    0x90  Code  Lc  stm32l1xx_hal_rcc.o [1]
RdBrdI2C_WaitOnFlagUntilTimeout
                        0x080065d3    0xda  Code  Lc  i2c.o [1]
RdBrd_BlinkErrCd        0x08007d51    0x4e  Code  Gb  ErrorCodes.o [1]
RdBrd_ErrCdLogErrCd     0x08007cb1    0x8e  Code  Gb  ErrorCodes.o [1]
RdSndTickCnt            0x20000040     0x4  Data  Lc  tim.o [1]
Region$$Table$$Base     0x08011f14           --   Gb  - Linker created -
Region$$Table$$Limit    0x08011f3c           --   Gb  - Linker created -
Reset_DriverStates      0x08003f9d    0x32  Code  Gb  app_data.o [1]
RoadBrdSnd_ClearImgnryBffr
                        0x08002dc1    0x14  Code  Gb  Rd_Sound.o [1]
RoadBrdSnd_ClrBffrs     0x08002ff5    0x20  Code  Gb  Rd_Sound.o [1]
RoadBrdSnd_DumpBin0     0x08002eeb    0x40  Code  Gb  Rd_Sound.o [1]
RoadBrdSnd_DumpBin16    0x08002f2b    0x42  Code  Gb  Rd_Sound.o [1]
RoadBrdSnd_DumpBin32    0x08002f6d    0x44  Code  Gb  Rd_Sound.o [1]
RoadBrdSnd_DumpBin48    0x08002fb1    0x44  Code  Gb  Rd_Sound.o [1]
RoadBrdSnd_ProcessSound
                        0x08002e25    0xc6  Code  Gb  Rd_Sound.o [1]
RoadBrdSnd_SampleSound  0x08002dd9    0x4c  Code  Gb  Rd_Sound.o [1]
RoadBrdSnd_getSaveBffr  0x08002dd5     0x4  Code  Gb  Rd_Sound.o [1]
RoadBrd_ADC_PORT        0x20000000     0xc  Data  Gb  adc.o [1]
RoadBrd_ADC_Start       0x08007fe5    0x6e  Code  Gb  adc.o [1]
RoadBrd_ADC_Status      0x08008053    0x10  Code  Gb  adc.o [1]
RoadBrd_Baro_ReadPressure
                        0x080030d9    0x88  Code  Gb  barometer.o [1]
RoadBrd_Baro_ReadTemp   0x08003161    0xa6  Code  Gb  barometer.o [1]
RoadBrd_CoolEyeInit     0x080042d5    0x6a  Code  Gb  GridEye.o [1]
RoadBrd_CoolEye_ReadValues
                        0x08004341   0x5b8  Code  Gb  GridEye.o [1]
RoadBrd_Delay           0x080065b7     0xa  Code  Gb  i2c.o [1]
RoadBrd_Delay2          0x08007d9f    0x16  Code  Gb  ErrorCodes.o [1]
RoadBrd_FlashRead       0x0800e495    0x20  Code  Gb  Flash.o [1]
RoadBrd_FlashWrite      0x0800e35d   0x124  Code  Gb  Flash.o [1]
RoadBrd_FlashWrite::EraseInitStruct
                        0x20003524     0xc  Data  Lc  Flash.o [1]
RoadBrd_FlashWrite::OptionsBytesStruct
                        0x200034b4    0x1c  Data  Lc  Flash.o [1]
RoadBrd_GetBGPtr        0x08002321     0x6  Code  Gb  usart.o [1]
RoadBrd_GetBffrFlg      0x08002331     0x6  Code  Gb  usart.o [1]
RoadBrd_GridEyeInit     0x080048fd    0xd6  Code  Gb  GridEye.o [1]
RoadBrd_GridEyeReset    0x080049d3    0x96  Code  Gb  GridEye.o [1]
RoadBrd_GridEye_ReadValues
                        0x08004a69   0x5d0  Code  Gb  GridEye.o [1]
RoadBrd_HumidityInit    0x0800552d    0xa6  Code  Gb  Humidity.o [1]
RoadBrd_Humidity_ReadHumidity
                        0x080055d3   0x2f8  Code  Gb  Humidity.o [1]
RoadBrd_Humidity_ReadTemperature
                        0x080058d1   0x2f0  Code  Gb  Humidity.o [1]
RoadBrd_I2C_GetError    0x08006565     0xa  Code  Gb  i2c.o [1]
RoadBrd_I2C_GetState    0x0800656f     0xa  Code  Gb  i2c.o [1]
RoadBrd_I2C_Master_CmdReceive
                        0x080064a3    0x60  Code  Gb  i2c.o [1]
RoadBrd_I2C_Master_Receive
                        0x08006503    0x36  Code  Gb  i2c.o [1]
RoadBrd_I2C_Master_Receive_IT
                        0x08006539    0x2c  Code  Gb  i2c.o [1]
RoadBrd_I2C_Master_Transmit
                        0x0800646d    0x36  Code  Gb  i2c.o [1]
RoadBrd_I2C_Master_Transmit_CMDData
                        0x080063d3    0x6e  Code  Gb  i2c.o [1]
RoadBrd_I2C_Master_Transmit_CMDData_IT
                        0x0800636b    0x68  Code  Gb  i2c.o [1]
RoadBrd_I2C_Master_Transmit_IT
                        0x08006441    0x2c  Code  Gb  i2c.o [1]
RoadBrd_Init_Barometer  0x08003085    0x54  Code  Gb  barometer.o [1]
RoadBrd_Init_VMonitor   0x0800506d    0xb6  Code  Gb  VMonitor.o [1]
RoadBrd_LED_On          0x080061df    0x1c  Code  Gb  gpio.o [1]
RoadBrd_LED_PIN         0x08012604    0x14  Data  Gb  gpio.o [1]
RoadBrd_LED_PORT        0x20000014    0x24  Data  Gb  gpio.o [1]
RoadBrd_LED_Toggle      0x080061fb    0x1a  Code  Gb  gpio.o [1]
RoadBrd_ParseString     0x08000125  0x1d38  Code  Gb  parser.o [1]
RoadBrd_ProcessBGMChar  0x08002b5d   0x1a4  Code  Gb  bgm111.o [1]
RoadBrd_ProcessBGMChar::in_ptr
                        0x2000359b     0x1  Data  Lc  bgm111.o [1]
RoadBrd_ProcessBGMChar::tempBffr2
                        0x20003464    0x28  Data  Lc  bgm111.o [1]
RoadBrd_RGBFullInit     0x08005db1    0x54  Code  Gb  RGBLight.o [1]
RoadBrd_RGBInit         0x08005d61    0x50  Code  Gb  RGBLight.o [1]
RoadBrd_RGBReadID       0x08005e49    0x96  Code  Gb  RGBLight.o [1]
RoadBrd_RGBReadStatus   0x08005edf    0x96  Code  Gb  RGBLight.o [1]
RoadBrd_RGBReadValues   0x08005f75   0x120  Code  Gb  RGBLight.o [1]
RoadBrd_RGBReset        0x08005e05    0x44  Code  Gb  RGBLight.o [1]
RoadBrd_ReadTemp        0x08005bf5   0x16c  Code  Gb  Temperature.o [1]
RoadBrd_SetBffrFlg      0x08002327     0xa  Code  Gb  usart.o [1]
RoadBrd_TestI2C         0x080066ad    0x8a  Code  Gb  i2c.o [1]
RoadBrd_TestandRead_Barometer
                        0x08003231    0x4c  Code  Gb  barometer.o [1]
RoadBrd_UART_Receive_IT
                        0x08002337    0x7a  Code  Gb  usart.o [1]
RoadBrd_UART_Transmit   0x08002209    0x90  Code  Gb  usart.o [1]
RoadBrd_UART_Transmit_IT
                        0x08002299    0x88  Code  Gb  usart.o [1]
RoadBrd_Uart_GetState   0x080023c9    0x22  Code  Gb  usart.o [1]
RoadBrd_Uart_Status     0x080023b1    0x18  Code  Gb  usart.o [1]
RoadBrd_VMonitor_RdCurrent
                        0x0800520f    0xec  Code  Gb  VMonitor.o [1]
RoadBrd_VMonitor_RdPower
                        0x080052fb    0xf4  Code  Gb  VMonitor.o [1]
RoadBrd_VMonitor_RdShntVltg
                        0x08005123    0xec  Code  Gb  VMonitor.o [1]
RoadBrd_VMonitor_RdVoltage
                        0x080053f5    0xf2  Code  Gb  VMonitor.o [1]
RoadBrd_WWDG_GetRefreshCnt
                        0x08009f09     0xc  Code  Gb  wwdg.o [1]
RoadBrd_WWDG_InitializeFrmFlash
                        0x08009f65    0x34  Code  Gb  wwdg.o [1]
RoadBrd_WWDG_Refresh    0x08009eef    0x1a  Code  Gb  wwdg.o [1]
RoadBrd_WWDG_Start      0x08009ee5     0xa  Code  Gb  wwdg.o [1]
RoadBrd_WWDG_VerifyFrame
                        0x08009f37    0x2e  Code  Gb  wwdg.o [1]
RoadBrd_WaitForState    0x08006579    0x3e  Code  Gb  i2c.o [1]
RoadBrd_gpio_Off        0x08006231    0x1c  Code  Gb  gpio.o [1]
RoadBrd_gpio_On         0x08006215    0x1c  Code  Gb  gpio.o [1]
SVC_Handler             0x08010c53          Code  Gb  portasm.o [1]
Save_Frames             0x200034fc    0x10  Data  Lc  wwdg.o [1]
SendApp_String          0x08003f15    0x3a  Code  Gb  app_data.o [1]
SetDataReady            0x08003351     0xa  Code  Gb  app_data.o [1]
Set_DriverStates        0x08003ff1    0x58  Code  Gb  app_data.o [1]
Set_HeartBeat           0x0800415f     0x8  Code  Gb  app_data.o [1]
Sinewave                0x08010d8c    0x80  Data  Gb  fix_fft.o [1]
SnsrTickCnt             0x2000003c     0x4  Data  Lc  tim.o [1]
SysTick_Config          0x08006819    0x30  Code  Lc  stm32l1xx_hal_cortex.o [1]
SysTick_Handler         0x08010cd5     0x8  Code  Gb  stm32l1xx_it.o [1]
SystemClock_Config      0x0800765b    0xaa  Code  Gb  main.o [1]
SystemCoreClock         0x20000038     0x4  Data  Gb  system_stm32l1xx.o [1]
SystemInit              0x08010e8d    0x4c  Code  Gb  system_stm32l1xx.o [1]
TIM2_IRQHandler         0x08010d23     0xa  Code  Gb  stm32l1xx_it.o [1]
TIM3_IRQHandler         0x08010d2d     0xa  Code  Gb  stm32l1xx_it.o [1]
TIM4_IRQHandler         0x08010cf1     0xa  Code  Gb  stm32l1xx_it.o [1]
TIM6_IRQHandler         0x0800335b     0xa  Code  Gb  app_data.o [1]
TIM_Base_SetConfig      0x0800e97f    0x70  Code  Lc  stm32l1xx_hal_tim.o [1]
TIM_ETR_SetConfig       0x0800ea83    0x1c  Code  Lc  stm32l1xx_hal_tim.o [1]
TIM_ITRx_SetConfig      0x0800ea6b    0x18  Code  Lc  stm32l1xx_hal_tim.o [1]
TIM_TI1_ConfigInputStage
                        0x0800ea09    0x30  Code  Lc  stm32l1xx_hal_tim.o [1]
TIM_TI2_ConfigInputStage
                        0x0800ea39    0x32  Code  Lc  stm32l1xx_hal_tim.o [1]
Test_Connection         0x08003f4f    0x44  Code  Gb  app_data.o [1]
Test_Timer2             0x0800c0cd    0x10  Code  Gb  tim.o [1]
Timr2Ready              0x2000359d     0x1  Data  Gb  tim.o [1]
Timr3Ready              0x2000359e     0x1  Data  Gb  tim.o [1]
TmpData                 0x20002710   0x248  Data  Gb  app_data.o [1]
Tst_Bypass              0x08001f27     0x6  Code  Gb  parser.o [1]
Tst_HeartBeat           0x08004159     0x6  Code  Gb  app_data.o [1]
UART_EndTransmit_IT     0x08006de3    0x32  Code  Lc  stm32l1xx_hal_uart.o [1]
UART_Receive_IT         0x08006e15    0xc8  Code  Lc  stm32l1xx_hal_uart.o [1]
UART_SetConfig          0x08006edd   0x2fe  Code  Lc  stm32l1xx_hal_uart.o [1]
UART_Transmit_IT        0x08006d67    0x7c  Code  Lc  stm32l1xx_hal_uart.o [1]
UART_WaitOnFlagUntilTimeout
                        0x08006c79    0xee  Code  Lc  stm32l1xx_hal_uart.o [1]
USART2_IRQHandler       0x08010d05     0xa  Code  Gb  stm32l1xx_it.o [1]
USART3_IRQHandler       0x08010cfb     0xa  Code  Gb  stm32l1xx_it.o [1]
USART_ReceiveData       0x08002b53     0xa  Code  Gb  bgm111.o [1]
USART_SendData          0x08002b47     0xc  Code  Gb  bgm111.o [1]
USBD_ClrClassConfig     0x080100af    0x18  Code  Gb  usbd_core.o [1]
USBD_ClrFeature         0x080108d3    0x3a  Code  Lc  usbd_ctlreq.o [1]
USBD_CtlContinueRx      0x0801098f    0x1a  Code  Gb  usbd_ioreq.o [1]
USBD_CtlContinueSendData
                        0x08010975    0x1a  Code  Gb  usbd_ioreq.o [1]
USBD_CtlError           0x08010935    0x18  Code  Gb  usbd_ctlreq.o [1]
USBD_CtlReceiveStatus   0x080109c3    0x1a  Code  Gb  usbd_ioreq.o [1]
USBD_CtlSendData        0x0801094d    0x28  Code  Gb  usbd_ioreq.o [1]
USBD_CtlSendStatus      0x080109a9    0x1a  Code  Gb  usbd_ioreq.o [1]
USBD_GetConfig          0x08010825    0x4c  Code  Lc  usbd_ctlreq.o [1]
USBD_GetDescriptor      0x08010581   0x164  Code  Lc  usbd_ctlreq.o [1]
USBD_GetStatus          0x08010871    0x3c  Code  Lc  usbd_ctlreq.o [1]
USBD_LL_ClearStallEP    0x0800ffdd    0x16  Code  Gb  usbd_conf.o [1]
USBD_LL_DataInStage     0x080101cf    0xe2  Code  Gb  usbd_core.o [1]
USBD_LL_DataOutStage    0x0801013f    0x90  Code  Gb  usbd_core.o [1]
USBD_LL_IsStallEP       0x0800fff3    0x30  Code  Gb  usbd_conf.o [1]
USBD_LL_OpenEP          0x0800ffa5    0x22  Code  Gb  usbd_conf.o [1]
USBD_LL_PrepareReceive  0x08010059    0x20  Code  Gb  usbd_conf.o [1]
USBD_LL_Reset           0x080102b1    0x46  Code  Gb  usbd_core.o [1]
USBD_LL_Resume          0x08010313     0xe  Code  Gb  usbd_core.o [1]
USBD_LL_SOF             0x08010321    0x24  Code  Gb  usbd_core.o [1]
USBD_LL_SetSpeed        0x080102f7     0x8  Code  Gb  usbd_core.o [1]
USBD_LL_SetUSBAddress   0x08010023    0x16  Code  Gb  usbd_conf.o [1]
USBD_LL_SetupStage      0x080100c7    0x78  Code  Gb  usbd_core.o [1]
USBD_LL_StallEP         0x0800ffc7    0x16  Code  Gb  usbd_conf.o [1]
USBD_LL_Suspend         0x080102ff    0x14  Code  Gb  usbd_core.o [1]
USBD_LL_Transmit        0x08010039    0x20  Code  Gb  usbd_conf.o [1]
USBD_ParseSetupRequest  0x0801090d    0x28  Code  Gb  usbd_ctlreq.o [1]
USBD_RunTestMode        0x0801007d     0x6  Code  Gb  usbd_core.o [1]
USBD_SetAddress         0x080106e5    0x60  Code  Lc  usbd_ctlreq.o [1]
USBD_SetClassConfig     0x08010083    0x2c  Code  Gb  usbd_core.o [1]
USBD_SetConfig          0x08010745    0xda  Code  Lc  usbd_ctlreq.o [1]
USBD_SetConfig::cfgidx  0x200035a2     0x1  Data  Lc  usbd_ctlreq.o [1]
USBD_SetFeature         0x080108ad    0x26  Code  Lc  usbd_ctlreq.o [1]
USBD_StdDevReq          0x08010345    0x7c  Code  Gb  usbd_ctlreq.o [1]
USBD_StdEPReq           0x0801040d   0x174  Code  Gb  usbd_ctlreq.o [1]
USBD_StdItfReq          0x080103c1    0x4c  Code  Gb  usbd_ctlreq.o [1]
USB_LP_IRQHandler       0x08010ce7     0xa  Code  Gb  stm32l1xx_it.o [1]
Uart2Ready              0x2000359f     0x1  Data  Gb  usart.o [1]
Uart3Ready              0x200035a0     0x1  Data  Gb  usart.o [1]
WWDG_IRQHandler         0x08009f2d     0xa  Code  Gb  wwdg.o [1]
_EncodingSb_Mbtowc      0x0800eb37    0x30  Code  Gb  xencoding_sb.o [3]
_EncodingSb_Mbtowc::initial
                        0x0800eb74     0x8  Data  Lc  xencoding_sb.o [3]
_EncodingSb_Wctomb      0x0800eb1d    0x1a  Code  Gb  xencoding_sb.o [3]
_EncodingSb_Wctomb::initial
                        0x0800eb6c     0x8  Data  Lc  xencoding_sb.o [3]
_GenldFull              0x08009609   0x254  Code  Lc  xprintffull.o [3]
_IsdstStr               0x200000dc     0x4  Data  Gb  setlocale.o [3]
_LdtobFull              0x080091fd   0x406  Code  Lc  xprintffull.o [3]
_LitobFull              0x080090f3   0x10a  Code  Lc  xprintffull.o [3]
_LocaleEncoding         0x0800eb09     0xe  Code  Gb  setlocale.o [3]
_LocaleReturnString     0x200000fc    0x50  Data  Lc  setlocale.o [3]
_Locale_Profile         0x200000e0    0x1c  Data  Gb  setlocale.o [3]
_Locale_aeabi_lconv     0x2000009c    0x38  Data  Gb  localeconv.o [3]
_Locale_lconv           0x2000004c    0x50  Data  Gb  localeconv.o [3]
_Mbtowc                 0x0800d9ad    0x20  Code  Gb  xmbtowc.o [3]
_PrintfFull             0x08008709   0x658  Code  Gb  xprintffull.o [3]
_PutcharsFull           0x0800985d    0x2e  Code  Lc  xprintffull.o [3]
_PutstrFull             0x08008de7   0x306  Code  Lc  xprintffull.o [3]
_SProut                 0x0800204f     0xa  Code  Gb  xsprout.o [3]
_TzoneStr               0x200000d8     0x4  Data  Gb  setlocale.o [3]
_Wctomb                 0x0800daf9    0x1a  Code  Gb  xwctomb.o [3]
__aeabi_cdcmple         0x0800dcc9          Code  Gb  DblCmpLe.o [4]
__aeabi_cdrcmple        0x0800dcf9          Code  Gb  DblCmpGe.o [4]
__aeabi_cfrcmple        0x0800a121          Code  Gb  FltCmpGe.o [4]
__aeabi_d2f             0x08008635          Code  Gb  DblToFlt.o [4]
__aeabi_d2iz            0x08009c95          Code  Gb  DblToI32.o [4]
__aeabi_d2uiz           0x08009cc1          Code  Gb  DblToI32.o [4]
__aeabi_dadd            0x08009da5          Code  Gb  DblAdd.o [4]
__aeabi_ddiv            0x0800dfb5          Code  Gb  DblDiv.o [4]
__aeabi_dmul            0x08009af1          Code  Gb  DblMul.o [4]
__aeabi_dsub            0x0800de35          Code  Gb  DblSub.o [4]
__aeabi_errno_addr      0x0800eafd     0x6  Code  Gb  errno.o [3]
__aeabi_f2d             0x080084f5          Code  Gb  FltToDbl.o [4]
__aeabi_f2iz            0x080086c5          Code  Gb  FltToS32.o [4]
__aeabi_fadd            0x08008471          Code  Gb  FltAdd.o [4]
__aeabi_fdiv            0x0800a145          Code  Gb  FltDiv.o [4]
__aeabi_fmul            0x08008399          Code  Gb  FltMul.o [4]
__aeabi_i2d             0x0800a0f1          Code  Gb  I32ToDbl.o [4]
__aeabi_i2f             0x08008365          Code  Gb  I32ToFlt.o [4]
__aeabi_ldiv0           0x0800eba9          Code  Gb  I64DivZer.o [5]
__aeabi_ui2d            0x0800a105          Code  Gb  I32ToDbl.o [4]
__aeabi_ui2f            0x08008379          Code  Gb  I32ToFlt.o [4]
__aeabi_uldivmod        0x0800db95          Code  Gb  I64DivMod.o [5]
__cmain                 0x080121e1          Code  Gb  cmain.o [5]
__data_Aldata           0x20003530     0x8  Data  Gb  xxmemxmalloc.o [3]
__data_GetMemChunk      0x0800eb7d    0x2c  Code  Gb  xgetmemchunk.o [3]
__data_GetMemChunk::start
                        0x20003590     0x4  Data  Lc  xgetmemchunk.o [3]
__exit                  0x08012211    0x14  Code  Gb  exit.o [6]
__iar_Dint              0x0800e63b    0x7a  Code  Gb  xdint.o [4]
__iar_Dnorm             0x0800dc83    0x44  Code  Gb  xdnorm.o [4]
__iar_Dscale            0x0800dd29   0x10c  Code  Gb  xdscale.o [4]
__iar_Errno             0x200000d4     0x4  Data  Gb  errno.o [3]
__iar_Locale_lconv_init
                        0x0800e20d    0x3a  Code  Gb  localeconv.o [3]
__iar_Mbcurmax          0x0800da3d     0xa  Code  Gb  xmbcurmax.o [3]
__iar_Memchr            0x0800d9e5          Code  Gb  memchr.o [5]
__iar_Memset_word       0x0800e5dd          Code  Gb  ABImemset.o [5]
__iar_Strchr            0x0800d9cd          Code  Gb  strchr.o [5]
__iar_ceil              0x0800ed45          Code  Gb  ceil.o [4]
__iar_ceill             0x0800ed45          Code  Gb  ceil.o [4]
__iar_d2uiz             0x08009ccd          Code  Gb  DblToI32.o [4]
__iar_dadd              0x08009db9          Code  Gb  DblAdd.o [4]
__iar_data_init3        0x08011dcd    0x28  Code  Gb  data_init.o [5]
__iar_dlib_perthread_access
                        0x0800ebab     0x2  Code  Gb  xtls.o [3]
__iar_dsub              0x0800de49          Code  Gb  DblSub.o [4]
__iar_dsubStart         0x0800de5b          Code  Gb  DblSub.o [4]
__iar_edom              0x0800d9a1          Code  Gb  iarEdom.o [5]
__iar_fadd              0x08008481          Code  Gb  FltAdd.o [4]
__iar_fsub              0x0800d8c9          Code  Gb  FltSub.o [4]
__iar_fsubStart         0x0800d8d9          Code  Gb  FltSub.o [4]
__iar_modf              0x08009cfd          Code  Gb  modf.o [4]
__iar_modfl             0x08009cfd          Code  Gb  modf.o [4]
__iar_packbits_init_single3
                        0x080114ed    0x38  Code  Gb  packbits_init_single.o [5]
__iar_program_start     0x08012885          Code  Gb  cstartup_M.o [5]
__iar_sqrt              0x08008545          Code  Gb  sqrt.o [4]
__iar_ui2d              0x0800a109          Code  Gb  I32ToDbl.o [4]
__iar_ui2f              0x0800837d          Code  Gb  I32ToFlt.o [4]
__iar_unaligned___aeabi_memcpy
                        0x080080ad          Code  Gb  ABImemcpy_unaligned.o [5]
__iar_unaligned___aeabi_memcpy4
                        0x080080cd          Code  Gb  ABImemcpy_unaligned.o [5]
__iar_unaligned___aeabi_memcpy8
                        0x080080cd          Code  Gb  ABImemcpy_unaligned.o [5]
__iar_unaligned_strcmp  0x08009fb5          Code  Gb  strcmp_unaligned.o [5]
__iar_unaligned_strcpy  0x08002059          Code  Gb  strcpy_unaligned.o [5]
__iar_unaligned_strncpy
                        0x0800a041          Code  Gb  strncpy_unaligned.o [5]
__iar_zero_init3        0x080112a5    0x40  Code  Gb  zero_init3.o [5]
__low_level_init        0x080121fb     0x4  Code  Gb  low_level_init.o [3]
__vector_table          0x08000000          Data  Gb  startup_stm32l152xe.o [1]
_call_main              0x080121ed          Code  Gb  cmain.o [5]
_exit                   0x08012205          Code  Gb  cexit.o [5]
_gecko_cmd_msg          0x20002fec    0x84  Data  Gb  bgm111.o [1]
_gecko_rsp_msg          0x20003070    0x84  Data  Gb  bgm111.o [1]
_main                   0x080121f7          Code  Gb  cmain.o [5]
aPLLDivisionFactorTable
                        0x08012a60     0x4  Data  Gb  stm32l1xx_hal_rcc.o [1]
aPLLMULFactorTable      0x08012878     0xc  Data  Gb  stm32l1xx_hal_rcc.o [1]
adcActive               0x20003599     0x1  Data  Gb  adc.o [1]
analytics               0x20003538     0x4  Data  Lc  app_data.o [1]
bffr1Flag               0x200035a1     0x1  Data  Lc  usart.o [1]
bglib_input             0x20003540     0x4  Data  Gb  bgm111.o [1]
bglib_output            0x2000353c     0x4  Data  Gb  bgm111.o [1]
bglib_peek              0x20003544     0x4  Data  Gb  bgm111.o [1]
bgm1data                0x2000348c    0x28  Data  Lc  usart.o [1]
ble                     0x20002dc0   0x1a0  Data  Lc  bgm111.o [1]
blemsgs                 0x200020c8   0x324  Data  Lc  bgm111.o [1]
ceil                    0x0800ed45          Code  Gb  ceil.o [4]
ceill                   0x0800ed45          Code  Gb  ceil.o [4]
clrUsartState           0x0800240b    0x1c  Code  Gb  usart.o [1]
connection_cnt          0x20003594     0x2  Data  Lc  app_data.o [1]
data                    0x20002958   0x248  Data  Gb  app_data.o [1]
delay_1ms               0x08007db5     0xe  Code  Gb  ErrorCodes.o [1]
div                     0x0800e279     0xe  Code  Gb  div.o [3]
driver_list             0x20003518     0xc  Data  Lc  app_data.o [1]
errStruct               0x200023ec   0x324  Data  Lc  ErrorCodes.o [1]
exit                    0x080121ff     0x4  Code  Gb  exit.o [3]
fi                      0x20003174    0x80  Data  Lc  Rd_Sound.o [1]
fix_fft                 0x08008125   0x23a  Code  Gb  fix_fft.o [1]
fr                      0x200030f4    0x80  Data  Lc  Rd_Sound.o [1]
free                    0x0800db15    0x7a  Code  Gb  xxmemxfree.o [3]
fs                      0x200031f4    0x80  Data  Lc  Rd_Sound.o [1]
gecko_cmd_le_gap_set_mode
                        0x08002559    0x40  Code  Lc  bgm111.o [1]
gecko_cmd_msg           0x2000000c     0x4  Data  Gb  bgm111.o [1]
gecko_get_event         0x08007bb1    0x5e  Code  Gb  gecko_bglib.o [1]
gecko_handle_command    0x08007c33    0x30  Code  Gb  gecko_bglib.o [1]
gecko_peek_event        0x08007c0f     0xa  Code  Gb  gecko_bglib.o [1]
gecko_queue             0x20001150   0xf78  Data  Gb  bgm111.o [1]
gecko_queue_r           0x2000354c     0x4  Data  Gb  bgm111.o [1]
gecko_queue_w           0x20003548     0x4  Data  Gb  bgm111.o [1]
gecko_rsp_msg           0x20000010     0x4  Data  Gb  bgm111.o [1]
gecko_wait_message      0x08007ad5    0xdc  Code  Gb  gecko_bglib.o [1]
gecko_wait_response     0x08007c19    0x1a  Code  Gb  gecko_bglib.o [1]
hadc                    0x20003274    0x54  Data  Gb  adc.o [1]
hatoi                   0x08001ecf    0x58  Code  Gb  parser.o [1]
hdma_adc                0x20003384    0x38  Data  Gb  adc.o [1]
hi2c1                   0x20003348    0x3c  Data  Gb  i2c.o [1]
hpcd_USB_FS             0x20002ba0   0x220  Data  Gb  usbd_conf.o [1]
htim2                   0x200033f4    0x38  Data  Gb  tim.o [1]
htim3                   0x2000342c    0x38  Data  Gb  tim.o [1]
htim4                   0x200033bc    0x38  Data  Gb  stm32l1xx_hal_timebase_TIM.o [1]
huart2                  0x200032c8    0x40  Data  Gb  usart.o [1]
huart3                  0x20003308    0x40  Data  Gb  usart.o [1]
hwwdg                   0x200034e8    0x14  Data  Gb  wwdg.o [1]
isHexNum                0x08001e85    0x4a  Code  Gb  parser.o [1]
ledOffCnt               0x20000044     0x4  Data  Lc  tim.o [1]
localeconv              0x0800e247    0x16  Code  Gb  localeconv.o [3]
main                    0x080071e5   0x476  Code  Gb  main.o [1]
malloc                  0x0800da49    0xac  Code  Gb  xxmemxmalloc.o [3]
memchr                  0x0800d9e5          Code  Gb  memchr.o [5]
modf                    0x08009ced          Code  Gb  modf.o [4]
modfl                   0x08009ced          Code  Gb  modf.o [4]
osSystickHandler        0x08010d59    0x10  Code  Gb  cmsis_os.o [1]
pFlash                  0x200034d0    0x18  Data  Gb  stm32l1xx_hal_flash.o [1]
prvResetNextTaskUnblockTime
                        0x08010b91    0x28  Code  Lc  tasks.o [1]
pxCurrentTCB            0x20003558     0x4  Data  Gb  tasks.o [1]
pxDelayedTaskList       0x2000355c     0x4  Data  Lc  tasks.o [1]
pxOverflowDelayedTaskList
                        0x20003560     0x4  Data  Lc  tasks.o [1]
pxReadyTasksLists       0x20002f60    0x8c  Data  Lc  tasks.o [1]
round                   0x0800a0ad    0x44  Code  Gb  round.o [4]
sConfig                 0x2000350c     0xc  Data  Gb  adc.o [1]
saveLen                 0x20000048     0x4  Data  Lc  usart.o [1]
sprintf                 0x08003035    0x34  Code  Gb  sprintf.o [3]
sqrt                    0x08008545          Code  Gb  sqrt.o [4]
sqrtl                   0x08008545          Code  Gb  sqrt.o [4]
strcat                  0x08003069    0x1c  Code  Gb  strcat.o [3]
strchr                  0x0800d9cd          Code  Gb  strchr.o [5]
strlen                  0x08002019          Code  Gb  strlen.o [5]
strncmp                 0x08007dc3    0x2c  Code  Gb  strncmp.o [3]
ubSequenceCompleted     0x20003598     0x1  Data  Gb  adc.o [1]
ulPortSetInterruptMask  0x08010c3f          Code  Gb  portasm.o [1]
uwTick                  0x20003554     0x4  Data  Lc  stm32l1xx_hal.o [1]
uxListRemove            0x08010cad    0x28  Code  Gb  list.o [1]
uxPendedTicks           0x20003570     0x4  Data  Lc  tasks.o [1]
uxSchedulerSuspended    0x20003580     0x4  Data  Lc  tasks.o [1]
uxTopReadyPriority      0x20003568     0x4  Data  Lc  tasks.o [1]
vListInsertEnd          0x08010c95    0x18  Code  Gb  list.o [1]
vPortClearInterruptMask
                        0x08010c4d          Code  Gb  portasm.o [1]
vPortStartFirstTask     0x08010c73          Code  Gb  portasm.o [1]
vTaskSwitchContext      0x08010b11    0x6c  Code  Gb  tasks.o [1]
wwdg_HardFrames         0x08070000    0x10  Data  Gb  wwdg.o [1]
wwdg_Save               0x2000358c     0x4  Data  Lc  wwdg.o [1]
xNextTaskUnblockTime    0x2000357c     0x4  Data  Lc  tasks.o [1]
xNumOfOverflows         0x20003578     0x4  Data  Lc  tasks.o [1]
xPortSysTickHandler     0x08010d69    0x1e  Code  Gb  port.o [1]
xSchedulerRunning       0x2000356c     0x4  Data  Lc  tasks.o [1]
xTaskGetSchedulerState  0x08010bb9    0x26  Code  Gb  tasks.o [1]
xTaskIncrementTick      0x080109dd   0x134  Code  Gb  tasks.o [1]
xTickCount              0x20003564     0x4  Data  Lc  tasks.o [1]
xYieldPending           0x20003574     0x4  Data  Lc  tasks.o [1]


[1] = D:\GoogleDriveCLT\GoogleDrive\WeatherCloud\Roadboard\Software\Road-Board-December-2016N7\EWARM\Road Brd MSTR Rev L Long Always\Obj
[2] = command line
[3] = dl7M_tlf.a
[4] = m7M_tl.a
[5] = rt7M_tl.a
[6] = shb_l.a

  69 560 bytes of readonly  code memory
   7 112 bytes of readonly  data memory
  13 728 bytes of readwrite data memory (+ 16 absolute)

Errors: none
Warnings: none
