###############################################################################
#
# IAR ELF Linker V7.60.2.11341/W32 for ARM                12/Jun/2017  07:50:53
# Copyright 2007-2016 IAR Systems AB.
#
#    Output file  =  
#        D:\GoogleDriveCLT\GoogleDrive\WeatherCloud\Roadboard\Software\Road-Board-December-2016N7\EWARM\Road
#        Brd MSTR Rev L Long Always\Exe\Road Board Rev K NUCLEO V1.1 Jul 12
#        2016.out
#    Map file     =  
#        D:\GoogleDriveCLT\GoogleDrive\WeatherCloud\Roadboard\Software\Road-Board-December-2016N7\EWARM\Road
#        Brd MSTR Rev L Long Always\List\Road Board Rev K NUCLEO V1.1 Jul 12
#        2016.map
#    Command line =  
#        "D:\GoogleDriveCLT\GoogleDrive\WeatherCloud\Roadboard\Software\Road-Board-December-2016N7\EWARM\Road
#        Brd MSTR Rev L Long Always\Obj\adc.o"
#        "D:\GoogleDriveCLT\GoogleDrive\WeatherCloud\Roadboard\Software\Road-Board-December-2016N7\EWARM\Road
#        Brd MSTR Rev L Long Always\Obj\app_data.o"
#        "D:\GoogleDriveCLT\GoogleDrive\WeatherCloud\Roadboard\Software\Road-Board-December-2016N7\EWARM\Road
#        Brd MSTR Rev L Long Always\Obj\barometer.o"
#        "D:\GoogleDriveCLT\GoogleDrive\WeatherCloud\Roadboard\Software\Road-Board-December-2016N7\EWARM\Road
#        Brd MSTR Rev L Long Always\Obj\bgm111.o"
#        "D:\GoogleDriveCLT\GoogleDrive\WeatherCloud\Roadboard\Software\Road-Board-December-2016N7\EWARM\Road
#        Brd MSTR Rev L Long Always\Obj\cmsis_os.o"
#        "D:\GoogleDriveCLT\GoogleDrive\WeatherCloud\Roadboard\Software\Road-Board-December-2016N7\EWARM\Road
#        Brd MSTR Rev L Long Always\Obj\croutine.o"
#        "D:\GoogleDriveCLT\GoogleDrive\WeatherCloud\Roadboard\Software\Road-Board-December-2016N7\EWARM\Road
#        Brd MSTR Rev L Long Always\Obj\dma.o"
#        "D:\GoogleDriveCLT\GoogleDrive\WeatherCloud\Roadboard\Software\Road-Board-December-2016N7\EWARM\Road
#        Brd MSTR Rev L Long Always\Obj\ErrorCodes.o"
#        "D:\GoogleDriveCLT\GoogleDrive\WeatherCloud\Roadboard\Software\Road-Board-December-2016N7\EWARM\Road
#        Brd MSTR Rev L Long Always\Obj\event_groups.o"
#        "D:\GoogleDriveCLT\GoogleDrive\WeatherCloud\Roadboard\Software\Road-Board-December-2016N7\EWARM\Road
#        Brd MSTR Rev L Long Always\Obj\fix_fft.o"
#        "D:\GoogleDriveCLT\GoogleDrive\WeatherCloud\Roadboard\Software\Road-Board-December-2016N7\EWARM\Road
#        Brd MSTR Rev L Long Always\Obj\Flash.o"
#        "D:\GoogleDriveCLT\GoogleDrive\WeatherCloud\Roadboard\Software\Road-Board-December-2016N7\EWARM\Road
#        Brd MSTR Rev L Long Always\Obj\freertos.o"
#        "D:\GoogleDriveCLT\GoogleDrive\WeatherCloud\Roadboard\Software\Road-Board-December-2016N7\EWARM\Road
#        Brd MSTR Rev L Long Always\Obj\gecko_bglib.o"
#        "D:\GoogleDriveCLT\GoogleDrive\WeatherCloud\Roadboard\Software\Road-Board-December-2016N7\EWARM\Road
#        Brd MSTR Rev L Long Always\Obj\gpio.o"
#        "D:\GoogleDriveCLT\GoogleDrive\WeatherCloud\Roadboard\Software\Road-Board-December-2016N7\EWARM\Road
#        Brd MSTR Rev L Long Always\Obj\GridEye.o"
#        "D:\GoogleDriveCLT\GoogleDrive\WeatherCloud\Roadboard\Software\Road-Board-December-2016N7\EWARM\Road
#        Brd MSTR Rev L Long Always\Obj\heap_4.o"
#        "D:\GoogleDriveCLT\GoogleDrive\WeatherCloud\Roadboard\Software\Road-Board-December-2016N7\EWARM\Road
#        Brd MSTR Rev L Long Always\Obj\Humidity.o"
#        "D:\GoogleDriveCLT\GoogleDrive\WeatherCloud\Roadboard\Software\Road-Board-December-2016N7\EWARM\Road
#        Brd MSTR Rev L Long Always\Obj\i2c.o"
#        "D:\GoogleDriveCLT\GoogleDrive\WeatherCloud\Roadboard\Software\Road-Board-December-2016N7\EWARM\Road
#        Brd MSTR Rev L Long Always\Obj\list.o"
#        "D:\GoogleDriveCLT\GoogleDrive\WeatherCloud\Roadboard\Software\Road-Board-December-2016N7\EWARM\Road
#        Brd MSTR Rev L Long Always\Obj\lps25hb.o"
#        "D:\GoogleDriveCLT\GoogleDrive\WeatherCloud\Roadboard\Software\Road-Board-December-2016N7\EWARM\Road
#        Brd MSTR Rev L Long Always\Obj\main.o"
#        "D:\GoogleDriveCLT\GoogleDrive\WeatherCloud\Roadboard\Software\Road-Board-December-2016N7\EWARM\Road
#        Brd MSTR Rev L Long Always\Obj\parser.o"
#        "D:\GoogleDriveCLT\GoogleDrive\WeatherCloud\Roadboard\Software\Road-Board-December-2016N7\EWARM\Road
#        Brd MSTR Rev L Long Always\Obj\port.o"
#        "D:\GoogleDriveCLT\GoogleDrive\WeatherCloud\Roadboard\Software\Road-Board-December-2016N7\EWARM\Road
#        Brd MSTR Rev L Long Always\Obj\portasm.o"
#        "D:\GoogleDriveCLT\GoogleDrive\WeatherCloud\Roadboard\Software\Road-Board-December-2016N7\EWARM\Road
#        Brd MSTR Rev L Long Always\Obj\queue.o"
#        "D:\GoogleDriveCLT\GoogleDrive\WeatherCloud\Roadboard\Software\Road-Board-December-2016N7\EWARM\Road
#        Brd MSTR Rev L Long Always\Obj\Rd_Sound.o"
#        "D:\GoogleDriveCLT\GoogleDrive\WeatherCloud\Roadboard\Software\Road-Board-December-2016N7\EWARM\Road
#        Brd MSTR Rev L Long Always\Obj\RGBLight.o"
#        "D:\GoogleDriveCLT\GoogleDrive\WeatherCloud\Roadboard\Software\Road-Board-December-2016N7\EWARM\Road
#        Brd MSTR Rev L Long Always\Obj\startup_stm32l152xe.o"
#        "D:\GoogleDriveCLT\GoogleDrive\WeatherCloud\Roadboard\Software\Road-Board-December-2016N7\EWARM\Road
#        Brd MSTR Rev L Long Always\Obj\stm32l1xx_hal.o"
#        "D:\GoogleDriveCLT\GoogleDrive\WeatherCloud\Roadboard\Software\Road-Board-December-2016N7\EWARM\Road
#        Brd MSTR Rev L Long Always\Obj\stm32l1xx_hal_adc.o"
#        "D:\GoogleDriveCLT\GoogleDrive\WeatherCloud\Roadboard\Software\Road-Board-December-2016N7\EWARM\Road
#        Brd MSTR Rev L Long Always\Obj\stm32l1xx_hal_adc_ex.o"
#        "D:\GoogleDriveCLT\GoogleDrive\WeatherCloud\Roadboard\Software\Road-Board-December-2016N7\EWARM\Road
#        Brd MSTR Rev L Long Always\Obj\stm32l1xx_hal_cortex.o"
#        "D:\GoogleDriveCLT\GoogleDrive\WeatherCloud\Roadboard\Software\Road-Board-December-2016N7\EWARM\Road
#        Brd MSTR Rev L Long Always\Obj\stm32l1xx_hal_dma.o"
#        "D:\GoogleDriveCLT\GoogleDrive\WeatherCloud\Roadboard\Software\Road-Board-December-2016N7\EWARM\Road
#        Brd MSTR Rev L Long Always\Obj\stm32l1xx_hal_flash.o"
#        "D:\GoogleDriveCLT\GoogleDrive\WeatherCloud\Roadboard\Software\Road-Board-December-2016N7\EWARM\Road
#        Brd MSTR Rev L Long Always\Obj\stm32l1xx_hal_flash_ex.o"
#        "D:\GoogleDriveCLT\GoogleDrive\WeatherCloud\Roadboard\Software\Road-Board-December-2016N7\EWARM\Road
#        Brd MSTR Rev L Long Always\Obj\stm32l1xx_hal_flash_ramfunc.o"
#        "D:\GoogleDriveCLT\GoogleDrive\WeatherCloud\Roadboard\Software\Road-Board-December-2016N7\EWARM\Road
#        Brd MSTR Rev L Long Always\Obj\stm32l1xx_hal_gpio.o"
#        "D:\GoogleDriveCLT\GoogleDrive\WeatherCloud\Roadboard\Software\Road-Board-December-2016N7\EWARM\Road
#        Brd MSTR Rev L Long Always\Obj\stm32l1xx_hal_i2c.o"
#        "D:\GoogleDriveCLT\GoogleDrive\WeatherCloud\Roadboard\Software\Road-Board-December-2016N7\EWARM\Road
#        Brd MSTR Rev L Long Always\Obj\stm32l1xx_hal_msp.o"
#        "D:\GoogleDriveCLT\GoogleDrive\WeatherCloud\Roadboard\Software\Road-Board-December-2016N7\EWARM\Road
#        Brd MSTR Rev L Long Always\Obj\stm32l1xx_hal_pcd.o"
#        "D:\GoogleDriveCLT\GoogleDrive\WeatherCloud\Roadboard\Software\Road-Board-December-2016N7\EWARM\Road
#        Brd MSTR Rev L Long Always\Obj\stm32l1xx_hal_pcd_ex.o"
#        "D:\GoogleDriveCLT\GoogleDrive\WeatherCloud\Roadboard\Software\Road-Board-December-2016N7\EWARM\Road
#        Brd MSTR Rev L Long Always\Obj\stm32l1xx_hal_pwr.o"
#        "D:\GoogleDriveCLT\GoogleDrive\WeatherCloud\Roadboard\Software\Road-Board-December-2016N7\EWARM\Road
#        Brd MSTR Rev L Long Always\Obj\stm32l1xx_hal_pwr_ex.o"
#        "D:\GoogleDriveCLT\GoogleDrive\WeatherCloud\Roadboard\Software\Road-Board-December-2016N7\EWARM\Road
#        Brd MSTR Rev L Long Always\Obj\stm32l1xx_hal_rcc.o"
#        "D:\GoogleDriveCLT\GoogleDrive\WeatherCloud\Roadboard\Software\Road-Board-December-2016N7\EWARM\Road
#        Brd MSTR Rev L Long Always\Obj\stm32l1xx_hal_rcc_ex.o"
#        "D:\GoogleDriveCLT\GoogleDrive\WeatherCloud\Roadboard\Software\Road-Board-December-2016N7\EWARM\Road
#        Brd MSTR Rev L Long Always\Obj\stm32l1xx_hal_tim.o"
#        "D:\GoogleDriveCLT\GoogleDrive\WeatherCloud\Roadboard\Software\Road-Board-December-2016N7\EWARM\Road
#        Brd MSTR Rev L Long Always\Obj\stm32l1xx_hal_tim_ex.o"
#        "D:\GoogleDriveCLT\GoogleDrive\WeatherCloud\Roadboard\Software\Road-Board-December-2016N7\EWARM\Road
#        Brd MSTR Rev L Long Always\Obj\stm32l1xx_hal_timebase_TIM.o"
#        "D:\GoogleDriveCLT\GoogleDrive\WeatherCloud\Roadboard\Software\Road-Board-December-2016N7\EWARM\Road
#        Brd MSTR Rev L Long Always\Obj\stm32l1xx_hal_uart.o"
#        "D:\GoogleDriveCLT\GoogleDrive\WeatherCloud\Roadboard\Software\Road-Board-December-2016N7\EWARM\Road
#        Brd MSTR Rev L Long Always\Obj\stm32l1xx_hal_wwdg.o"
#        "D:\GoogleDriveCLT\GoogleDrive\WeatherCloud\Roadboard\Software\Road-Board-December-2016N7\EWARM\Road
#        Brd MSTR Rev L Long Always\Obj\stm32l1xx_it.o"
#        "D:\GoogleDriveCLT\GoogleDrive\WeatherCloud\Roadboard\Software\Road-Board-December-2016N7\EWARM\Road
#        Brd MSTR Rev L Long Always\Obj\stm32l1xx_nucleo.o"
#        "D:\GoogleDriveCLT\GoogleDrive\WeatherCloud\Roadboard\Software\Road-Board-December-2016N7\EWARM\Road
#        Brd MSTR Rev L Long Always\Obj\system_stm32l1xx.o"
#        "D:\GoogleDriveCLT\GoogleDrive\WeatherCloud\Roadboard\Software\Road-Board-December-2016N7\EWARM\Road
#        Brd MSTR Rev L Long Always\Obj\tasks.o"
#        "D:\GoogleDriveCLT\GoogleDrive\WeatherCloud\Roadboard\Software\Road-Board-December-2016N7\EWARM\Road
#        Brd MSTR Rev L Long Always\Obj\Temperature.o"
#        "D:\GoogleDriveCLT\GoogleDrive\WeatherCloud\Roadboard\Software\Road-Board-December-2016N7\EWARM\Road
#        Brd MSTR Rev L Long Always\Obj\tim.o"
#        "D:\GoogleDriveCLT\GoogleDrive\WeatherCloud\Roadboard\Software\Road-Board-December-2016N7\EWARM\Road
#        Brd MSTR Rev L Long Always\Obj\timers.o"
#        "D:\GoogleDriveCLT\GoogleDrive\WeatherCloud\Roadboard\Software\Road-Board-December-2016N7\EWARM\Road
#        Brd MSTR Rev L Long Always\Obj\usart.o"
#        "D:\GoogleDriveCLT\GoogleDrive\WeatherCloud\Roadboard\Software\Road-Board-December-2016N7\EWARM\Road
#        Brd MSTR Rev L Long Always\Obj\usb_device.o"
#        "D:\GoogleDriveCLT\GoogleDrive\WeatherCloud\Roadboard\Software\Road-Board-December-2016N7\EWARM\Road
#        Brd MSTR Rev L Long Always\Obj\usbd_cdc.o"
#        "D:\GoogleDriveCLT\GoogleDrive\WeatherCloud\Roadboard\Software\Road-Board-December-2016N7\EWARM\Road
#        Brd MSTR Rev L Long Always\Obj\usbd_cdc_if.o"
#        "D:\GoogleDriveCLT\GoogleDrive\WeatherCloud\Roadboard\Software\Road-Board-December-2016N7\EWARM\Road
#        Brd MSTR Rev L Long Always\Obj\usbd_conf.o"
#        "D:\GoogleDriveCLT\GoogleDrive\WeatherCloud\Roadboard\Software\Road-Board-December-2016N7\EWARM\Road
#        Brd MSTR Rev L Long Always\Obj\usbd_core.o"
#        "D:\GoogleDriveCLT\GoogleDrive\WeatherCloud\Roadboard\Software\Road-Board-December-2016N7\EWARM\Road
#        Brd MSTR Rev L Long Always\Obj\usbd_ctlreq.o"
#        "D:\GoogleDriveCLT\GoogleDrive\WeatherCloud\Roadboard\Software\Road-Board-December-2016N7\EWARM\Road
#        Brd MSTR Rev L Long Always\Obj\usbd_desc.o"
#        "D:\GoogleDriveCLT\GoogleDrive\WeatherCloud\Roadboard\Software\Road-Board-December-2016N7\EWARM\Road
#        Brd MSTR Rev L Long Always\Obj\usbd_ioreq.o"
#        "D:\GoogleDriveCLT\GoogleDrive\WeatherCloud\Roadboard\Software\Road-Board-December-2016N7\EWARM\Road
#        Brd MSTR Rev L Long Always\Obj\VMonitor.o"
#        "D:\GoogleDriveCLT\GoogleDrive\WeatherCloud\Roadboard\Software\Road-Board-December-2016N7\EWARM\Road
#        Brd MSTR Rev L Long Always\Obj\wwdg.o" --redirect _Printf=_PrintfFull
#        --redirect _Scanf=_ScanfFull -o
#        "D:\GoogleDriveCLT\GoogleDrive\WeatherCloud\Roadboard\Software\Road-Board-December-2016N7\EWARM\Road
#        Brd MSTR Rev L Long Always\Exe\Road Board Rev K NUCLEO V1.1 Jul 12
#        2016.out" --map
#        "D:\GoogleDriveCLT\GoogleDrive\WeatherCloud\Roadboard\Software\Road-Board-December-2016N7\EWARM\Road
#        Brd MSTR Rev L Long Always\List\Road Board Rev K NUCLEO V1.1 Jul 12
#        2016.map" --config
#        D:\GoogleDriveCLT\GoogleDrive\WeatherCloud\Roadboard\Software\Road-Board-December-2016N7\EWARM/stm32l152xe_flash.icf
#        --semihosting --entry __iar_program_start --vfe
#
###############################################################################

*******************************************************************************
*** RUNTIME MODEL ATTRIBUTES
***

CppFlavor                     = *
__Heap_Handler                = Basic
__SystemLibrary               = DLib
__dlib_dynamic_initialization = normal


*******************************************************************************
*** PLACEMENT SUMMARY
***

"A1":  place at 0x08000000 { ro section .intvec };
"P1":  place in [from 0x08000000 to 0x0807ffff] { ro };
"P2":  place in [from 0x20000000 to 0x20013fff] { rw, block CSTACK, block HEAP };
initialize by copy { rw };

  Section             Kind        Address     Size  Object
  -------             ----        -------     ----  ------
"A1":                                        0x124
  .intvec             ro code  0x08000000    0x124  startup_stm32l152xe.o [1]
                             - 0x08000124    0x124

"P1":                                      0x126c4
  .text               ro code  0x08000124   0x1ef4  parser.o [1]
  .text               ro code  0x08002018     0x36  strlen.o [5]
  .text               ro code  0x0800204e      0xa  xsprout.o [3]
  .text               ro code  0x08002058     0x44  strcpy_unaligned.o [5]
  .text               ro code  0x0800209c    0x4bc  usart.o [1]
  .text               ro code  0x08002558    0x6b4  bgm111.o [1]
  .text               ro code  0x08002c0c    0x230  Rd_Sound.o [1]
  .text               ro code  0x08002e3c     0x34  sprintf.o [3]
  .text               ro code  0x08002e70     0x1c  strcat.o [3]
  .text               ro code  0x08002e8c    0x1f8  barometer.o [1]
  .text               ro code  0x08003084   0x1010  app_data.o [1]
  .text               ro code  0x08004094    0xd98  GridEye.o [1]
  .text               ro code  0x08004e2c    0x4c0  VMonitor.o [1]
  .text               ro code  0x080052ec    0x6c8  Humidity.o [1]
  .text               ro code  0x080059b4    0x16c  Temperature.o [1]
  .text               ro code  0x08005b20    0x344  RGBLight.o [1]
  .text               ro code  0x08005e64    0x1c4  gpio.o [1]
  .text               ro code  0x08006028    0x4e0  i2c.o [1]
  .text               ro code  0x08006508    0x1b0  stm32l1xx_hal_cortex.o [1]
  .text               ro code  0x080066b8    0x8ec  stm32l1xx_hal_uart.o [1]
  .text               ro code  0x08006fa4    0x566  main.o [1]
  .text               ro code  0x0800750c    0x378  stm32l1xx_hal_gpio.o [1]
  .text               ro code  0x08007884    0x1b0  gecko_bglib.o [1]
  .text               ro code  0x08007a34    0x13e  ErrorCodes.o [1]
  .text               ro code  0x08007b72     0x2c  strncmp.o [3]
  .text               ro code  0x08007ba0    0x2bc  adc.o [1]
  .text               ro code  0x08007e5c    0x240  fix_fft.o [1]
  .text               ro code  0x0800809c     0x30  I32ToDbl.o [4]
  .text               ro code  0x080080cc     0xf0  sqrt.o [4]
  .text               ro code  0x080081bc     0x90  DblToFlt.o [4]
  .text               ro code  0x0800824c     0x44  FltToS32.o [4]
  .text               ro code  0x08008290   0x119e  xprintffull.o [3]
  .text               ro code  0x08009430    0x248  lps25hb.o [1]
  .text               ro code  0x08009678     0x4e  FltToDbl.o [4]
  .text               ro code  0x080096c8    0x1a2  DblMul.o [4]
  .text               ro code  0x0800986c     0x58  DblToI32.o [4]
  .text               ro code  0x080098c4     0xb8  modf.o [4]
  .text               ro code  0x0800997c     0xd8  FltMul.o [4]
  .text               ro code  0x08009a54     0xe8  DblAdd.o [4]
  .text               ro code  0x08009b3c    0x128  wwdg.o [1]
  .text               ro code  0x08009c64     0x42  strcmp_unaligned.o [5]
  .text               ro code  0x08009ca8     0x48  stm32l1xx_hal.o [1]
  .text               ro code  0x08009cf0     0x6c  strncpy_unaligned.o [5]
  .text               ro code  0x08009d5c     0x32  I32ToFlt.o [4]
  .text               ro code  0x08009d90     0x44  round.o [4]
  .text               ro code  0x08009dd4     0x24  FltCmpGe.o [4]
  .text               ro code  0x08009df8     0xfc  FltDiv.o [4]
  .text               ro code  0x08009ef4     0x84  FltAdd.o [4]
  .text               ro code  0x08009f78   0x1018  stm32l1xx_hal_i2c.o [1]
  .text               ro code  0x0800af90    0xcd4  stm32l1xx_hal_rcc.o [1]
  .text               ro code  0x0800bc64     0x30  dma.o [1]
  .text               ro code  0x0800bc94    0x224  tim.o [1]
  .text               ro code  0x0800beb8    0x82a  stm32l1xx_hal_adc.o [1]
  .text               ro code  0x0800c6e4    0xefe  stm32l1xx_hal_dma.o [1]
  .text               ro code  0x0800d5e2     0x1c  fix_fft.o [1]
  .text               ro code  0x0800d600      0xc  iarEdom.o [5]
  .text               ro code  0x0800d60c     0x20  xmbtowc.o [3]
  .text               ro code  0x0800d62c     0x16  strchr.o [5]
  .text               ro code  0x0800d644     0x58  memchr.o [5]
  .text               ro code  0x0800d69c      0xa  xmbcurmax.o [3]
  .text               ro code  0x0800d6a8     0xb0  xxmemxmalloc.o [3]
  .text               ro code  0x0800d758     0x1a  xwctomb.o [3]
  .text               ro code  0x0800d774     0x76  ABImemcpy_unaligned.o [5]
  .text               ro code  0x0800d7ec     0x80  xxmemxfree.o [3]
  .text               ro code  0x0800d86c     0xee  I64DivMod.o [5]
  .text               ro code  0x0800d95a     0x44  xdnorm.o [4]
  .text               ro code  0x0800d9a0     0x2e  DblCmpLe.o [4]
  .text               ro code  0x0800d9d0     0x2e  DblCmpGe.o [4]
  .text               ro code  0x0800da00    0x10c  xdscale.o [4]
  .text               ro code  0x0800db0c    0x180  DblSub.o [4]
  .text               ro code  0x0800dc8c    0x256  DblDiv.o [4]
  .text               ro code  0x0800dee4     0x6c  localeconv.o [3]
  .text               ro code  0x0800df50      0xe  div.o [3]
  .text               ro code  0x0800df5e     0xd6  stm32l1xx_hal_wwdg.o [1]
  .text               ro code  0x0800e034    0x158  Flash.o [1]
  .text               ro code  0x0800e18c     0x90  stm32l1xx_hal_timebase_TIM.o [1]
  .text               ro code  0x0800e21c     0x98  stm32l1xx_hal_msp.o [1]
  .text               ro code  0x0800e2b4     0x5e  ABImemset.o [5]
  .text               ro code  0x0800e312     0x7a  xdint.o [4]
  .text               ro code  0x0800e38c     0xd6  FltSub.o [4]
  .text               ro code  0x0800e464     0x10  stm32l1xx_hal_pwr_ex.o [1]
  .text               ro code  0x0800e474    0x3da  stm32l1xx_hal_tim.o [1]
  .text               ro code  0x0800e84e     0x5e  stm32l1xx_hal_tim_ex.o [1]
  .text               ro code  0x0800e8ac      0xc  errno.o [3]
  .text               ro code  0x0800e8b8     0x14  setlocale.o [3]
  .text               ro code  0x0800e8cc     0x60  xencoding_sb.o [3]
  .text               ro code  0x0800e92c     0x2c  xgetmemchunk.o [3]
  .text               ro code  0x0800e958      0x2  I64DivZer.o [5]
  .text               ro code  0x0800e95a      0x2  xtls.o [3]
  .text               ro code  0x0800e95c    0x198  stm32l1xx_hal_flash.o [1]
  .text               ro code  0x0800eaf4     0x5e  ceil.o [4]
  .text               ro code  0x0800eb54     0xcc  stm32l1xx_hal_flash_ex.o [1]
  .text               ro code  0x0800ec20   0x1074  stm32l1xx_hal_pcd.o [1]
  .text               ro code  0x0800fc94    0x198  usbd_conf.o [1]
  .text               ro code  0x0800fe2c    0x2c8  usbd_core.o [1]
  .text               ro code  0x080100f4    0x608  usbd_ctlreq.o [1]
  .text               ro code  0x080106fc     0x90  usbd_ioreq.o [1]
  .text               ro code  0x0801078c    0x224  tasks.o [1]
  CODE                ro code  0x080109b0     0x94  portasm.o [1]
  .text               ro code  0x08010a44     0x40  list.o [1]
  .text               ro code  0x08010a84     0x84  stm32l1xx_it.o [1]
  .text               ro code  0x08010b08     0x10  cmsis_os.o [1]
  .text               ro code  0x08010b18     0x24  port.o [1]
  .rodata             const    0x08010b3c     0x80  fix_fft.o [1]
  .text               ro code  0x08010bbc     0x64  system_stm32l1xx.o [1]
  .rodata             const    0x08010c20     0x58  ErrorCodes.o [1]
  .rodata             const    0x08010c78     0x48  parser.o [1]
  .rodata             const    0x08010cc0     0x48  parser.o [1]
  .rodata             const    0x08010d08     0x44  parser.o [1]
  .rodata             const    0x08010d4c     0x44  parser.o [1]
  .rodata             const    0x08010d90     0x44  parser.o [1]
  .rodata             const    0x08010dd4     0x40  main.o [1]
  .rodata             const    0x08010e14     0x40  main.o [1]
  .rodata             const    0x08010e54     0x40  parser.o [1]
  .rodata             const    0x08010e94     0x40  parser.o [1]
  .rodata             const    0x08010ed4     0x40  parser.o [1]
  .rodata             const    0x08010f14     0x40  parser.o [1]
  .rodata             const    0x08010f54     0x40  parser.o [1]
  .rodata             const    0x08010f94     0x40  parser.o [1]
  .text               ro code  0x08010fd4     0x40  zero_init3.o [5]
  .rodata             const    0x08011014     0x3c  parser.o [1]
  .rodata             const    0x08011050     0x3c  parser.o [1]
  .rodata             const    0x0801108c     0x3c  parser.o [1]
  .rodata             const    0x080110c8     0x3c  parser.o [1]
  .rodata             const    0x08011104     0x38  parser.o [1]
  .rodata             const    0x0801113c     0x38  parser.o [1]
  .rodata             const    0x08011174     0x38  parser.o [1]
  .rodata             const    0x080111ac     0x38  parser.o [1]
  .rodata             const    0x080111e4     0x38  parser.o [1]
  .text               ro code  0x0801121c     0x38  packbits_init_single.o [5]
  .rodata             const    0x08011254     0x34  main.o [1]
  .rodata             const    0x08011288     0x34  parser.o [1]
  .rodata             const    0x080112bc     0x34  parser.o [1]
  .rodata             const    0x080112f0     0x34  parser.o [1]
  .rodata             const    0x08011324     0x34  parser.o [1]
  .rodata             const    0x08011358     0x30  parser.o [1]
  .rodata             const    0x08011388     0x30  parser.o [1]
  .rodata             const    0x080113b8     0x30  parser.o [1]
  .rodata             const    0x080113e8     0x30  parser.o [1]
  .rodata             const    0x08011418     0x30  parser.o [1]
  .rodata             const    0x08011448     0x2c  main.o [1]
  .rodata             const    0x08011474     0x2c  parser.o [1]
  .rodata             const    0x080114a0     0x2c  parser.o [1]
  .rodata             const    0x080114cc     0x2c  parser.o [1]
  .rodata             const    0x080114f8     0x2c  parser.o [1]
  .rodata             const    0x08011524     0x2c  parser.o [1]
  .rodata             const    0x08011550     0x2c  parser.o [1]
  .rodata             const    0x0801157c     0x2c  parser.o [1]
  .rodata             const    0x080115a8     0x2c  parser.o [1]
  .rodata             const    0x080115d4     0x28  parser.o [1]
  .rodata             const    0x080115fc     0x28  parser.o [1]
  .rodata             const    0x08011624     0x28  parser.o [1]
  .rodata             const    0x0801164c     0x28  parser.o [1]
  .rodata             const    0x08011674     0x28  parser.o [1]
  .rodata             const    0x0801169c     0x28  parser.o [1]
  .rodata             const    0x080116c4     0x28  parser.o [1]
  .rodata             const    0x080116ec     0x28  parser.o [1]
  .rodata             const    0x08011714     0x28  parser.o [1]
  .rodata             const    0x0801173c     0x28  parser.o [1]
  .rodata             const    0x08011764     0x28  parser.o [1]
  .rodata             const    0x0801178c     0x28  parser.o [1]
  .rodata             const    0x080117b4     0x28  parser.o [1]
  .rodata             const    0x080117dc     0x28  parser.o [1]
  .rodata             const    0x08011804     0x28  parser.o [1]
  .rodata             const    0x0801182c     0x28  parser.o [1]
  .rodata             const    0x08011854     0x28  parser.o [1]
  .rodata             const    0x0801187c     0x28  parser.o [1]
  .rodata             const    0x080118a4     0x28  parser.o [1]
  .rodata             const    0x080118cc     0x28  parser.o [1]
  .rodata             const    0x080118f4     0x28  parser.o [1]
  .rodata             const    0x0801191c     0x28  parser.o [1]
  .rodata             const    0x08011944     0x28  parser.o [1]
  .rodata             const    0x0801196c     0x28  parser.o [1]
  .rodata             const    0x08011994     0x28  parser.o [1]
  .rodata             const    0x080119bc     0x28  parser.o [1]
  .rodata             const    0x080119e4     0x28  parser.o [1]
  .rodata             const    0x08011a0c     0x28  parser.o [1]
  .rodata             const    0x08011a34     0x28  parser.o [1]
  .rodata             const    0x08011a5c     0x28  parser.o [1]
  .rodata             const    0x08011a84     0x28  parser.o [1]
  .rodata             const    0x08011aac     0x28  parser.o [1]
  .rodata             const    0x08011ad4     0x28  parser.o [1]
  .text               ro code  0x08011afc     0x28  data_init.o [5]
  .rodata             const    0x08011b24     0x24  parser.o [1]
  .rodata             const    0x08011b48     0x24  parser.o [1]
  .rodata             const    0x08011b6c     0x24  parser.o [1]
  .rodata             const    0x08011b90     0x24  parser.o [1]
  .rodata             const    0x08011bb4     0x24  parser.o [1]
  .rodata             const    0x08011bd8     0x24  parser.o [1]
  .rodata             const    0x08011bfc     0x24  parser.o [1]
  .rodata             const    0x08011c20     0x24  parser.o [1]
  .iar.init_table     const    0x08011c44     0x28  - Linker created -
  .rodata             const    0x08011c6c     0x20  bgm111.o [1]
  .rodata             const    0x08011c8c     0x20  parser.o [1]
  .rodata             const    0x08011cac     0x20  parser.o [1]
  .rodata             const    0x08011ccc     0x20  parser.o [1]
  .rodata             const    0x08011cec     0x20  parser.o [1]
  .rodata             const    0x08011d0c     0x20  parser.o [1]
  .rodata             const    0x08011d2c     0x20  parser.o [1]
  .rodata             const    0x08011d4c     0x20  parser.o [1]
  .rodata             const    0x08011d6c     0x20  parser.o [1]
  .rodata             const    0x08011d8c     0x20  parser.o [1]
  .rodata             const    0x08011dac     0x20  parser.o [1]
  .rodata             const    0x08011dcc     0x20  parser.o [1]
  .rodata             const    0x08011dec     0x1c  bgm111.o [1]
  .rodata             const    0x08011e08     0x1c  bgm111.o [1]
  .rodata             const    0x08011e24     0x1c  ErrorCodes.o [1]
  .rodata             const    0x08011e40     0x1c  parser.o [1]
  .rodata             const    0x08011e5c     0x1c  parser.o [1]
  .rodata             const    0x08011e78     0x1c  parser.o [1]
  .text               ro code  0x08011e94     0x1a  cmain.o [5]
  .text               ro code  0x08011eae      0x4  low_level_init.o [3]
  .text               ro code  0x08011eb2      0x4  exit.o [3]
  .text               ro code  0x08011eb8      0xa  cexit.o [5]
  .text               ro code  0x08011ec4     0x14  exit.o [6]
  .rodata             const    0x08011ed8     0x18  app_data.o [1]
  .rodata             const    0x08011ef0     0x18  bgm111.o [1]
  .rodata             const    0x08011f08     0x18  parser.o [1]
  .rodata             const    0x08011f20     0x18  parser.o [1]
  .rodata             const    0x08011f38     0x18  parser.o [1]
  .rodata             const    0x08011f50     0x18  parser.o [1]
  .rodata             const    0x08011f68     0x18  parser.o [1]
  .rodata             const    0x08011f80     0x18  parser.o [1]
  .rodata             const    0x08011f98     0x18  parser.o [1]
  .rodata             const    0x08011fb0     0x18  parser.o [1]
  .rodata             const    0x08011fc8     0x18  parser.o [1]
  .rodata             const    0x08011fe0     0x18  parser.o [1]
  .rodata             const    0x08011ff8     0x18  parser.o [1]
  .rodata             const    0x08012010     0x14  app_data.o [1]
  .rodata             const    0x08012024     0x14  app_data.o [1]
  .rodata             const    0x08012038     0x14  app_data.o [1]
  .rodata             const    0x0801204c     0x14  app_data.o [1]
  .rodata             const    0x08012060     0x14  app_data.o [1]
  .rodata             const    0x08012074     0x14  app_data.o [1]
  .rodata             const    0x08012088     0x14  app_data.o [1]
  .rodata             const    0x0801209c     0x14  app_data.o [1]
  .rodata             const    0x080120b0     0x14  app_data.o [1]
  .rodata             const    0x080120c4     0x14  app_data.o [1]
  .rodata             const    0x080120d8     0x14  app_data.o [1]
  .rodata             const    0x080120ec     0x14  app_data.o [1]
  .rodata             const    0x08012100     0x14  app_data.o [1]
  .rodata             const    0x08012114     0x14  app_data.o [1]
  .rodata             const    0x08012128     0x14  app_data.o [1]
  .rodata             const    0x0801213c     0x14  app_data.o [1]
  .rodata             const    0x08012150     0x14  app_data.o [1]
  .rodata             const    0x08012164     0x14  app_data.o [1]
  .rodata             const    0x08012178     0x14  app_data.o [1]
  .rodata             const    0x0801218c     0x14  app_data.o [1]
  .rodata             const    0x080121a0     0x14  app_data.o [1]
  .rodata             const    0x080121b4     0x14  app_data.o [1]
  .rodata             const    0x080121c8     0x14  app_data.o [1]
  .rodata             const    0x080121dc     0x14  app_data.o [1]
  .rodata             const    0x080121f0     0x14  app_data.o [1]
  .rodata             const    0x08012204     0x14  app_data.o [1]
  .rodata             const    0x08012218     0x14  app_data.o [1]
  .rodata             const    0x0801222c     0x14  app_data.o [1]
  .rodata             const    0x08012240     0x14  bgm111.o [1]
  .rodata             const    0x08012254     0x14  bgm111.o [1]
  .rodata             const    0x08012268     0x14  ErrorCodes.o [1]
  .rodata             const    0x0801227c     0x14  gpio.o [1]
  .rodata             const    0x08012290     0x14  parser.o [1]
  .rodata             const    0x080122a4     0x14  parser.o [1]
  .rodata             const    0x080122b8     0x14  parser.o [1]
  .rodata             const    0x080122cc     0x14  parser.o [1]
  .rodata             const    0x080122e0     0x14  parser.o [1]
  .rodata             const    0x080122f4     0x14  parser.o [1]
  .rodata             const    0x08012308     0x14  parser.o [1]
  .rodata             const    0x0801231c     0x14  parser.o [1]
  .rodata             const    0x08012330     0x14  parser.o [1]
  .rodata             const    0x08012344     0x10  app_data.o [1]
  .rodata             const    0x08012354     0x10  app_data.o [1]
  .rodata             const    0x08012364     0x10  bgm111.o [1]
  .rodata             const    0x08012374     0x10  bgm111.o [1]
  .rodata             const    0x08012384     0x10  bgm111.o [1]
  .rodata             const    0x08012394     0x10  bgm111.o [1]
  .rodata             const    0x080123a4     0x10  bgm111.o [1]
  .rodata             const    0x080123b4     0x10  main.o [1]
  .rodata             const    0x080123c4     0x10  parser.o [1]
  .rodata             const    0x080123d4     0x10  parser.o [1]
  .rodata             const    0x080123e4     0x10  parser.o [1]
  .rodata             const    0x080123f4     0x10  parser.o [1]
  .rodata             const    0x08012404     0x10  parser.o [1]
  .rodata             const    0x08012414     0x10  parser.o [1]
  .rodata             const    0x08012424     0x10  parser.o [1]
  .rodata             const    0x08012434     0x10  system_stm32l1xx.o [1]
  .text               ro code  0x08012444     0x10  startup_stm32l152xe.o [1]
  .rodata             const    0x08012454      0xc  app_data.o [1]
  .rodata             const    0x08012460      0xc  bgm111.o [1]
  .rodata             const    0x0801246c      0xc  bgm111.o [1]
  .rodata             const    0x08012478      0xc  bgm111.o [1]
  .rodata             const    0x08012484      0xc  bgm111.o [1]
  .rodata             const    0x08012490      0xc  bgm111.o [1]
  .rodata             const    0x0801249c      0xc  parser.o [1]
  .rodata             const    0x080124a8      0xc  parser.o [1]
  .rodata             const    0x080124b4      0xc  parser.o [1]
  .rodata             const    0x080124c0      0xc  parser.o [1]
  .rodata             const    0x080124cc      0xc  parser.o [1]
  .rodata             const    0x080124d8      0xc  parser.o [1]
  .rodata             const    0x080124e4      0xc  parser.o [1]
  .rodata             const    0x080124f0      0xc  stm32l1xx_hal_rcc.o [1]
  .text               ro code  0x080124fc      0xc  cstartup_M.o [5]
  .rodata             const    0x08012508      0x8  app_data.o [1]
  .rodata             const    0x08012510      0x8  app_data.o [1]
  .rodata             const    0x08012518      0x8  app_data.o [1]
  .rodata             const    0x08012520      0x8  app_data.o [1]
  .rodata             const    0x08012528      0x8  barometer.o [1]
  .rodata             const    0x08012530      0x8  barometer.o [1]
  .rodata             const    0x08012538      0x8  barometer.o [1]
  .rodata             const    0x08012540      0x8  barometer.o [1]
  .rodata             const    0x08012548      0x8  barometer.o [1]
  .rodata             const    0x08012550      0x8  bgm111.o [1]
  .rodata             const    0x08012558      0x8  bgm111.o [1]
  .rodata             const    0x08012560      0x8  ErrorCodes.o [1]
  .rodata             const    0x08012568      0x8  ErrorCodes.o [1]
  .rodata             const    0x08012570      0x8  ErrorCodes.o [1]
  .rodata             const    0x08012578      0x8  ErrorCodes.o [1]
  .rodata             const    0x08012580      0x8  ErrorCodes.o [1]
  .rodata             const    0x08012588      0x8  ErrorCodes.o [1]
  .rodata             const    0x08012590      0x8  ErrorCodes.o [1]
  .rodata             const    0x08012598      0x8  ErrorCodes.o [1]
  .rodata             const    0x080125a0      0x8  ErrorCodes.o [1]
  .rodata             const    0x080125a8      0x8  ErrorCodes.o [1]
  .rodata             const    0x080125b0      0x8  ErrorCodes.o [1]
  .rodata             const    0x080125b8      0x8  ErrorCodes.o [1]
  .rodata             const    0x080125c0      0x8  ErrorCodes.o [1]
  .rodata             const    0x080125c8      0x8  ErrorCodes.o [1]
  .rodata             const    0x080125d0      0x8  ErrorCodes.o [1]
  .rodata             const    0x080125d8      0x8  ErrorCodes.o [1]
  .rodata             const    0x080125e0      0x8  ErrorCodes.o [1]
  .rodata             const    0x080125e8      0x8  ErrorCodes.o [1]
  .rodata             const    0x080125f0      0x8  ErrorCodes.o [1]
  .rodata             const    0x080125f8      0x8  ErrorCodes.o [1]
  .rodata             const    0x08012600      0x8  ErrorCodes.o [1]
  .rodata             const    0x08012608      0x8  GridEye.o [1]
  .rodata             const    0x08012610      0x8  GridEye.o [1]
  .rodata             const    0x08012618      0x8  GridEye.o [1]
  .rodata             const    0x08012620      0x8  Humidity.o [1]
  .rodata             const    0x08012628      0x8  Humidity.o [1]
  .rodata             const    0x08012630      0x8  Humidity.o [1]
  .rodata             const    0x08012638      0x8  Humidity.o [1]
  .rodata             const    0x08012640      0x8  main.o [1]
  .rodata             const    0x08012648      0x8  main.o [1]
  .rodata             const    0x08012650      0x8  parser.o [1]
  .rodata             const    0x08012658      0x8  parser.o [1]
  .rodata             const    0x08012660      0x8  parser.o [1]
  .rodata             const    0x08012668      0x8  Rd_Sound.o [1]
  .rodata             const    0x08012670      0x8  RGBLight.o [1]
  .rodata             const    0x08012678      0x8  RGBLight.o [1]
  .rodata             const    0x08012680      0x8  system_stm32l1xx.o [1]
  .rodata             const    0x08012688      0x8  Temperature.o [1]
  .rodata             const    0x08012690      0x8  Temperature.o [1]
  .rodata             const    0x08012698      0x8  Temperature.o [1]
  .rodata             const    0x080126a0      0x8  VMonitor.o [1]
  .rodata             const    0x080126a8      0x8  VMonitor.o [1]
  .rodata             const    0x080126b0      0x8  VMonitor.o [1]
  .rodata             const    0x080126b8      0x8  VMonitor.o [1]
  .rodata             const    0x080126c0      0x8  VMonitor.o [1]
  .rodata             const    0x080126c8      0x4  stm32l1xx_hal_rcc.o [1]
  .text               ro code  0x080126cc      0x4  startup_stm32l152xe.o [1]
  .text               ro code  0x080126d0      0x4  startup_stm32l152xe.o [1]
  .text               ro code  0x080126d4      0x4  startup_stm32l152xe.o [1]
  .text               ro code  0x080126d8      0x4  startup_stm32l152xe.o [1]
  .text               ro code  0x080126dc      0x4  startup_stm32l152xe.o [1]
  .text               ro code  0x080126e0      0x4  startup_stm32l152xe.o [1]
  .text               ro code  0x080126e4      0x4  startup_stm32l152xe.o [1]
  .text               ro code  0x080126e8      0x4  startup_stm32l152xe.o [1]
  .text               ro code  0x080126ec      0x4  startup_stm32l152xe.o [1]
  .text               ro code  0x080126f0      0x4  startup_stm32l152xe.o [1]
  .text               ro code  0x080126f4      0x4  startup_stm32l152xe.o [1]
  .text               ro code  0x080126f8      0x4  startup_stm32l152xe.o [1]
  .text               ro code  0x080126fc      0x4  startup_stm32l152xe.o [1]
  .text               ro code  0x08012700      0x4  startup_stm32l152xe.o [1]
  .text               ro code  0x08012704      0x4  startup_stm32l152xe.o [1]
  .text               ro code  0x08012708      0x4  startup_stm32l152xe.o [1]
  .text               ro code  0x0801270c      0x4  startup_stm32l152xe.o [1]
  .text               ro code  0x08012710      0x4  startup_stm32l152xe.o [1]
  .text               ro code  0x08012714      0x4  startup_stm32l152xe.o [1]
  .text               ro code  0x08012718      0x4  startup_stm32l152xe.o [1]
  .text               ro code  0x0801271c      0x4  startup_stm32l152xe.o [1]
  .text               ro code  0x08012720      0x4  startup_stm32l152xe.o [1]
  .text               ro code  0x08012724      0x4  startup_stm32l152xe.o [1]
  .text               ro code  0x08012728      0x4  startup_stm32l152xe.o [1]
  .text               ro code  0x0801272c      0x4  startup_stm32l152xe.o [1]
  .text               ro code  0x08012730      0x4  startup_stm32l152xe.o [1]
  .text               ro code  0x08012734      0x4  startup_stm32l152xe.o [1]
  .text               ro code  0x08012738      0x4  startup_stm32l152xe.o [1]
  .text               ro code  0x0801273c      0x4  startup_stm32l152xe.o [1]
  .text               ro code  0x08012740      0x4  startup_stm32l152xe.o [1]
  .text               ro code  0x08012744      0x4  startup_stm32l152xe.o [1]
  .text               ro code  0x08012748      0x4  startup_stm32l152xe.o [1]
  .text               ro code  0x0801274c      0x4  startup_stm32l152xe.o [1]
  .text               ro code  0x08012750      0x4  startup_stm32l152xe.o [1]
  .text               ro code  0x08012754      0x4  startup_stm32l152xe.o [1]
  .text               ro code  0x08012758      0x4  startup_stm32l152xe.o [1]
  .text               ro code  0x0801275c      0x4  startup_stm32l152xe.o [1]
  .text               ro code  0x08012760      0x4  startup_stm32l152xe.o [1]
  .text               ro code  0x08012764      0x4  startup_stm32l152xe.o [1]
  .text               ro code  0x08012768      0x4  startup_stm32l152xe.o [1]
  .text               ro code  0x0801276c      0x4  startup_stm32l152xe.o [1]
  .text               ro code  0x08012770      0x4  startup_stm32l152xe.o [1]
  .text               ro code  0x08012774      0x4  startup_stm32l152xe.o [1]
  .text               ro code  0x08012778      0x4  startup_stm32l152xe.o [1]
  .text               ro code  0x0801277c      0x4  startup_stm32l152xe.o [1]
  .text               ro code  0x08012780      0x4  startup_stm32l152xe.o [1]
  .text               ro code  0x08012784      0x4  startup_stm32l152xe.o [1]
  .text               ro code  0x08012788      0x4  startup_stm32l152xe.o [1]
  .text               ro code  0x0801278c      0x4  startup_stm32l152xe.o [1]
  .text               ro code  0x08012790      0x4  startup_stm32l152xe.o [1]
  .rodata             const    0x08012794      0x0  zero_init3.o [5]
  .rodata             const    0x08012794      0x0  packbits_init_single.o [5]
  Initializer bytes   const    0x08012794     0x54  <for P2-1>
                             - 0x080127e8  0x126c4

Absolute sections:                            0x10
  .bss                zero     0x08070000     0x10  wwdg.o [1]
                             - 0x08070010     0x10

"P2", part 1 of 3:                           0x14c
  P2-1                         0x20000000    0x14c  <Init block>
    .data             inited   0x20000000      0xc  adc.o [1]
    .data             inited   0x2000000c      0x4  bgm111.o [1]
    .data             inited   0x20000010      0x4  bgm111.o [1]
    .data             inited   0x20000014     0x24  gpio.o [1]
    .data             inited   0x20000038      0x4  system_stm32l1xx.o [1]
    .data             inited   0x2000003c      0x4  tim.o [1]
    .data             inited   0x20000040      0x4  tim.o [1]
    .data             inited   0x20000044      0x4  tim.o [1]
    .data             inited   0x20000048      0x4  usart.o [1]
    __DLIB_PERTHREAD  inited   0x2000004c     0x88  localeconv.o [3]
    __DLIB_PERTHREAD  inited   0x200000d4      0x4  errno.o [3]
    __DLIB_PERTHREAD  inited   0x200000d8     0x74  setlocale.o [3]
                             - 0x2000014c    0x14c

"P2", part 2 of 3:                          0x1000
  CSTACK                       0x20000150   0x1000  <Block>
    CSTACK            uninit   0x20000150   0x1000  <Block tail>
  HEAP                         0x20001150      0x0  <Block>
                             - 0x20001150   0x1000

"P2", part 3 of 3:                          0x2454
  .bss                zero     0x20001150    0xf78  bgm111.o [1]
  .bss                zero     0x200020c8    0x324  bgm111.o [1]
  .bss                zero     0x200023ec    0x324  ErrorCodes.o [1]
  .bss                zero     0x20002710    0x248  app_data.o [1]
  .bss                zero     0x20002958    0x248  app_data.o [1]
  .bss                zero     0x20002ba0    0x220  usbd_conf.o [1]
  .bss                zero     0x20002dc0    0x1a0  bgm111.o [1]
  .bss                zero     0x20002f60     0x8c  tasks.o [1]
  .bss                zero     0x20002fec     0x84  bgm111.o [1]
  .bss                zero     0x20003070     0x84  bgm111.o [1]
  .bss                zero     0x200030f4     0x80  Rd_Sound.o [1]
  .bss                zero     0x20003174     0x80  Rd_Sound.o [1]
  .bss                zero     0x200031f4     0x80  Rd_Sound.o [1]
  .bss                zero     0x20003274     0x54  adc.o [1]
  .bss                zero     0x200032c8     0x40  usart.o [1]
  .bss                zero     0x20003308     0x40  usart.o [1]
  .bss                zero     0x20003348     0x3c  i2c.o [1]
  .bss                zero     0x20003384     0x38  adc.o [1]
  .bss                zero     0x200033bc     0x38  stm32l1xx_hal_timebase_TIM.o [1]
  .bss                zero     0x200033f4     0x38  tim.o [1]
  .bss                zero     0x2000342c     0x38  tim.o [1]
  .bss                zero     0x20003464     0x28  bgm111.o [1]
  .bss                zero     0x2000348c     0x28  usart.o [1]
  .bss                zero     0x200034b4     0x1c  Flash.o [1]
  .bss                zero     0x200034d0     0x18  stm32l1xx_hal_flash.o [1]
  .bss                zero     0x200034e8     0x14  wwdg.o [1]
  .bss                zero     0x200034fc     0x10  wwdg.o [1]
  .bss                zero     0x2000350c      0xc  adc.o [1]
  .bss                zero     0x20003518      0xc  app_data.o [1]
  .bss                zero     0x20003524      0xc  Flash.o [1]
  .bss                zero     0x20003530      0x8  xxmemxmalloc.o [3]
  .bss                zero     0x20003538      0x4  app_data.o [1]
  .bss                zero     0x2000353c      0x4  bgm111.o [1]
  .bss                zero     0x20003540      0x4  bgm111.o [1]
  .bss                zero     0x20003544      0x4  bgm111.o [1]
  .bss                zero     0x20003548      0x4  bgm111.o [1]
  .bss                zero     0x2000354c      0x4  bgm111.o [1]
  .bss                zero     0x20003550      0x4  Flash.o [1]
  .bss                zero     0x20003554      0x4  stm32l1xx_hal.o [1]
  .bss                zero     0x20003558      0x4  tasks.o [1]
  .bss                zero     0x2000355c      0x4  tasks.o [1]
  .bss                zero     0x20003560      0x4  tasks.o [1]
  .bss                zero     0x20003564      0x4  tasks.o [1]
  .bss                zero     0x20003568      0x4  tasks.o [1]
  .bss                zero     0x2000356c      0x4  tasks.o [1]
  .bss                zero     0x20003570      0x4  tasks.o [1]
  .bss                zero     0x20003574      0x4  tasks.o [1]
  .bss                zero     0x20003578      0x4  tasks.o [1]
  .bss                zero     0x2000357c      0x4  tasks.o [1]
  .bss                zero     0x20003580      0x4  tasks.o [1]
  .bss                zero     0x20003584      0x4  usart.o [1]
  .bss                zero     0x20003588      0x4  usart.o [1]
  .bss                zero     0x2000358c      0x4  wwdg.o [1]
  .bss                zero     0x20003590      0x4  xgetmemchunk.o [3]
  .bss                zero     0x20003594      0x2  app_data.o [1]
  .bss                zero     0x20003596      0x2  app_data.o [1]
  .bss                zero     0x20003598      0x1  adc.o [1]
  .bss                zero     0x20003599      0x1  adc.o [1]
  .bss                zero     0x2000359a      0x1  adc.o [1]
  .bss                zero     0x2000359b      0x1  bgm111.o [1]
  .bss                zero     0x2000359c      0x1  parser.o [1]
  .bss                zero     0x2000359d      0x1  tim.o [1]
  .bss                zero     0x2000359e      0x1  tim.o [1]
  .bss                zero     0x2000359f      0x1  usart.o [1]
  .bss                zero     0x200035a0      0x1  usart.o [1]
  .bss                zero     0x200035a1      0x1  usart.o [1]
  .bss                zero     0x200035a2      0x1  usbd_ctlreq.o [1]
  .bss                zero     0x200035a3      0x1  wwdg.o [1]
                             - 0x200035a4   0x2454


*******************************************************************************
*** INIT TABLE
***

          Address     Size
          -------     ----
Zero (__iar_zero_init3)
    2 destination ranges, total size 0x2464:
          0x08070000    0x10
          0x20001150  0x2454

Copy/packbits (__iar_packbits_init_single3)
    1 source range, total size 0x54 (25% of destination):
          0x08012794    0x54
    1 destination range, total size 0x14c:
          0x20000000   0x14c



*******************************************************************************
*** MODULE SUMMARY
***

    Module                        ro code  ro data  rw data  rw data
                                                              (abs)
    ------                        -------  -------  -------  -------
D:\GoogleDriveCLT\GoogleDrive\WeatherCloud\Roadboard\Software\Road-Board-December-2016N7\EWARM\Road Brd MSTR Rev L Long Always\Obj: [1]
    ErrorCodes.o                      318      304      804
    Flash.o                           344                44
    GridEye.o                       3 480       24
    Humidity.o                      1 736       32
    RGBLight.o                        836       16
    Rd_Sound.o                        560        8      384
    Temperature.o                     364       24
    VMonitor.o                      1 216       40
    adc.o                             700        3      167
    app_data.o                      4 112      660    1 188
    barometer.o                       504       40
    bgm111.o                        1 716      310    5 513
    cmsis_os.o                         16
    dma.o                              48
    fix_fft.o                         604      128
    gecko_bglib.o                     432
    gpio.o                            452       29       36
    i2c.o                           1 248                60
    list.o                             64
    lps25hb.o                         584
    main.o                          1 382      256
    parser.o                        7 924    4 760        1
    port.o                             36
    portasm.o                         148
    startup_stm32l152xe.o             508
    stm32l1xx_hal.o                    72                 4
    stm32l1xx_hal_adc.o             2 090
    stm32l1xx_hal_cortex.o            432
    stm32l1xx_hal_dma.o             3 838
    stm32l1xx_hal_flash.o             408                24
    stm32l1xx_hal_flash_ex.o          204
    stm32l1xx_hal_gpio.o              888
    stm32l1xx_hal_i2c.o             4 120
    stm32l1xx_hal_msp.o               152
    stm32l1xx_hal_pcd.o             4 212
    stm32l1xx_hal_pwr_ex.o             16
    stm32l1xx_hal_rcc.o             3 284       16
    stm32l1xx_hal_tim.o               986
    stm32l1xx_hal_tim_ex.o             94
    stm32l1xx_hal_timebase_TIM.o      144                56
    stm32l1xx_hal_uart.o            2 284
    stm32l1xx_hal_wwdg.o              214
    stm32l1xx_it.o                    132
    system_stm32l1xx.o                100       25        4
    tasks.o                           548               184
    tim.o                             548        3      126
    usart.o                         1 212        1      183
    usbd_conf.o                       408               544
    usbd_core.o                       712
    usbd_ctlreq.o                   1 544                 1
    usbd_ioreq.o                      144
    wwdg.o                            296                41       16
    ----------------------------------------------------------------
    Total:                         58 414    6 679    9 364       16

command line: [2]
    ----------------------------------------------------------------
    Total:

dl7M_tlf.a: [3]
    div.o                              14
    errno.o                            12        1        4
    exit.o                              4
    localeconv.o                      108       34      136
    low_level_init.o                    4
    setlocale.o                        20       30      116
    sprintf.o                          52
    strcat.o                           28
    strncmp.o                          44
    xencoding_sb.o                     96
    xgetmemchunk.o                     44                 4
    xmbcurmax.o                        10
    xmbtowc.o                          32
    xprintffull.o                   4 510
    xsprout.o                          10
    xtls.o                              2
    xwctomb.o                          26
    xxmemxfree.o                      128
    xxmemxmalloc.o                    176                 8
    ----------------------------------------------------------------
    Total:                          5 320       65      268

m7M_tl.a: [4]
    DblAdd.o                          232
    DblCmpGe.o                         46
    DblCmpLe.o                         46
    DblDiv.o                          598
    DblMul.o                          418
    DblSub.o                          384
    DblToFlt.o                        144
    DblToI32.o                         88
    FltAdd.o                          132
    FltCmpGe.o                         36
    FltDiv.o                          252
    FltMul.o                          216
    FltSub.o                          214
    FltToDbl.o                         78
    FltToS32.o                         68
    I32ToDbl.o                         48
    I32ToFlt.o                         50
    ceil.o                             94
    modf.o                            184
    round.o                            68
    sqrt.o                            240
    xdint.o                           122
    xdnorm.o                           68
    xdscale.o                         268
    ----------------------------------------------------------------
    Total:                          4 094

rt7M_tl.a: [5]
    ABImemcpy_unaligned.o             118
    ABImemset.o                        94
    I64DivMod.o                       238
    I64DivZer.o                         2
    cexit.o                            10
    cmain.o                            26
    cstartup_M.o                       12
    data_init.o                        40
    iarEdom.o                          12
    memchr.o                           88
    packbits_init_single.o             56
    strchr.o                           22
    strcmp_unaligned.o                 66
    strcpy_unaligned.o                 68
    strlen.o                           54
    strncpy_unaligned.o               108
    zero_init3.o                       64
    ----------------------------------------------------------------
    Total:                          1 078

shb_l.a: [6]
    exit.o                             20
    ----------------------------------------------------------------
    Total:                             20

    Gaps                               42
    Linker created                              40    4 096
--------------------------------------------------------------------
    Grand Total:                   68 968    6 784   13 728       16


*******************************************************************************
*** ENTRY LIST
***

Entry                      Address    Size  Type      Object
-----                      -------    ----  ----      ------
.iar.init_table$$Base   0x08011c44           --   Gb  - Linker created -
.iar.init_table$$Limit  0x08011c6c           --   Gb  - Linker created -
?main                   0x08011e95          Code  Gb  cmain.o [5]
ADC_Channel             0x2000359a     0x1  Data  Lc  adc.o [1]
ADC_Config              0x08007cd7    0xbe  Code  Gb  adc.o [1]
ADC_ConversionStop_Disable
                        0x0800c5f9    0x4a  Code  Gb  stm32l1xx_hal_adc.o [1]
ADC_DMAConvCplt         0x0800c645    0x6e  Code  Lc  stm32l1xx_hal_adc.o [1]
ADC_DMAError            0x0800c6c5    0x1e  Code  Lc  stm32l1xx_hal_adc.o [1]
ADC_DMAHalfConvCplt     0x0800c6b5     0xe  Code  Lc  stm32l1xx_hal_adc.o [1]
ADC_Enable              0x0800c55b    0x72  Code  Gb  stm32l1xx_hal_adc.o [1]
AHBPrescTable           0x08012434    0x10  Data  Gb  system_stm32l1xx.o [1]
APBPrescTable           0x08012680     0x8  Data  Gb  system_stm32l1xx.o [1]
BGM111_Connected        0x08002881     0x8  Code  Gb  bgm111.o [1]
BGM111_DataConnected    0x08002889     0x8  Code  Gb  bgm111.o [1]
BGM111_Init             0x08002639    0x32  Code  Gb  bgm111.o [1]
BGM111_LowLevel_Init    0x08002599    0x2a  Code  Gb  bgm111.o [1]
BGM111_Peek             0x0800262f     0xa  Code  Gb  bgm111.o [1]
BGM111_ProcessInput     0x0800266b   0x20e  Code  Gb  bgm111.o [1]
BGM111_Ready            0x08002879     0x8  Code  Gb  bgm111.o [1]
BGM111_Receive          0x080025d1    0x5e  Code  Gb  bgm111.o [1]
BGM111_Transmit         0x08002919   0x11e  Code  Gb  bgm111.o [1]
BGM111_UART_IRQHandler  0x08002891    0x84  Code  Gb  bgm111.o [1]
Bypass                  0x2000359c     0x1  Data  Lc  parser.o [1]
CSTACK$$Base            0x20000150           --   Gb  - Linker created -
CSTACK$$Limit           0x20001150           --   Gb  - Linker created -
Clear_Timer2_Flg        0x0800bdfd     0x8  Code  Gb  tim.o [1]
ClrDataStructure        0x080030a9    0xb0  Code  Gb  app_data.o [1]
Clr_HeartBeat           0x08003f2d     0x8  Code  Gb  app_data.o [1]
Clr_HrtBeat_Cnt         0x08003f09     0x8  Code  Gb  app_data.o [1]
CodesArray              0x08010c20    0x58  Data  Gb  ErrorCodes.o [1]
DMA1_Channel1_IRQHandler
                        0x08010a8d     0xa  Code  Gb  stm32l1xx_it.o [1]
DMA_SetConfig           0x0800d5c1    0x22  Code  Lc  stm32l1xx_hal_dma.o [1]
Error_Handler           0x080074dd    0x2e  Code  Gb  main.o [1]
FIX_MPY                 0x0800d5e3    0x1c  Code  Gb  fix_fft.o [1]
FLASH_PageErase         0x0800ebef    0x28  Code  Gb  stm32l1xx_hal_flash_ex.o [1]
FLASH_SetErrorCode      0x0800ea63    0x6a  Code  Lc  stm32l1xx_hal_flash.o [1]
FLASH_WaitForLastOperation
                        0x0800e9ff    0x64  Code  Gb  stm32l1xx_hal_flash.o [1]
Get_DriverStates        0x08003e1d    0x5c  Code  Gb  app_data.o [1]
Get_DriverStatus        0x08003e91    0x78  Code  Gb  app_data.o [1]
HAL_ADC_ConfigChannel   0x0800c375   0x1e6  Code  Gb  stm32l1xx_hal_adc.o [1]
HAL_ADC_ConvCpltCallback
                        0x08007e13     0xe  Code  Gb  adc.o [1]
HAL_ADC_ConvHalfCpltCallback
                        0x08007e51     0x2  Code  Gb  adc.o [1]
HAL_ADC_DeInit          0x0800c07f   0x134  Code  Gb  stm32l1xx_hal_adc.o [1]
HAL_ADC_ErrorCallback   0x08007e53     0xa  Code  Gb  adc.o [1]
HAL_ADC_Init            0x0800beb9   0x1c6  Code  Gb  stm32l1xx_hal_adc.o [1]
HAL_ADC_MspDeInit       0x08007caf    0x28  Code  Gb  adc.o [1]
HAL_ADC_MspInit         0x08007c29    0x86  Code  Gb  adc.o [1]
HAL_ADC_Start           0x0800c1b3    0x88  Code  Gb  stm32l1xx_hal_adc.o [1]
HAL_ADC_Start_DMA       0x0800c23b    0xcc  Code  Gb  stm32l1xx_hal_adc.o [1]
HAL_ADC_Stop_DMA        0x0800c307    0x6e  Code  Gb  stm32l1xx_hal_adc.o [1]
HAL_DMA_Abort           0x0800cc1f    0x54  Code  Gb  stm32l1xx_hal_dma.o [1]
HAL_DMA_DeInit          0x0800c73d   0x43e  Code  Gb  stm32l1xx_hal_dma.o [1]
HAL_DMA_IRQHandler      0x0800cc79   0x906  Code  Gb  stm32l1xx_hal_dma.o [1]
HAL_DMA_Init            0x0800c6e5    0x58  Code  Gb  stm32l1xx_hal_dma.o [1]
HAL_DMA_Start_IT        0x0800cbb1    0x6e  Code  Gb  stm32l1xx_hal_dma.o [1]
HAL_Delay               0x08009cd1    0x1a  Code  Wk  stm32l1xx_hal.o [1]
HAL_FLASHEx_Erase       0x0800eb55    0x9a  Code  Gb  stm32l1xx_hal_flash_ex.o [1]
HAL_FLASH_GetError      0x0800e9f9     0x6  Code  Gb  stm32l1xx_hal_flash.o [1]
HAL_FLASH_Lock          0x0800e9e9    0x10  Code  Gb  stm32l1xx_hal_flash.o [1]
HAL_FLASH_Program       0x0800e95d    0x5c  Code  Gb  stm32l1xx_hal_flash.o [1]
HAL_FLASH_Unlock        0x0800e9b9    0x30  Code  Gb  stm32l1xx_hal_flash.o [1]
HAL_GPIO_DeInit         0x080076df   0x13c  Code  Gb  stm32l1xx_hal_gpio.o [1]
HAL_GPIO_Init           0x0800750d   0x1d2  Code  Gb  stm32l1xx_hal_gpio.o [1]
HAL_GPIO_ReadPin        0x0800781b    0x18  Code  Gb  stm32l1xx_hal_gpio.o [1]
HAL_GPIO_TogglePin      0x08007847     0xa  Code  Gb  stm32l1xx_hal_gpio.o [1]
HAL_GPIO_WritePin       0x08007833    0x14  Code  Gb  stm32l1xx_hal_gpio.o [1]
HAL_GetTick             0x08009ccb     0x6  Code  Wk  stm32l1xx_hal.o [1]
HAL_I2C_ER_IRQHandler   0x0800a7fd    0xce  Code  Gb  stm32l1xx_hal_i2c.o [1]
HAL_I2C_EV_IRQHandler   0x0800a6c9   0x134  Code  Gb  stm32l1xx_hal_i2c.o [1]
HAL_I2C_ErrorCallback   0x0800a8d7     0x2  Code  Wk  stm32l1xx_hal_i2c.o [1]
HAL_I2C_GetError        0x0800a8df     0x4  Code  Gb  stm32l1xx_hal_i2c.o [1]
HAL_I2C_GetState        0x0800a8d9     0x6  Code  Gb  stm32l1xx_hal_i2c.o [1]
HAL_I2C_Init            0x08009f79   0x172  Code  Gb  stm32l1xx_hal_i2c.o [1]
HAL_I2C_MasterRxCpltCallback
                        0x0800a8cd     0x2  Code  Wk  stm32l1xx_hal_i2c.o [1]
HAL_I2C_MasterTxCpltCallback
                        0x0800a8cb     0x2  Code  Wk  stm32l1xx_hal_i2c.o [1]
HAL_I2C_Master_Receive  0x0800a223   0x256  Code  Gb  stm32l1xx_hal_i2c.o [1]
HAL_I2C_Master_Receive_IT
                        0x0800a55f   0x14e  Code  Gb  stm32l1xx_hal_i2c.o [1]
HAL_I2C_Master_Transmit
                        0x0800a0eb   0x138  Code  Gb  stm32l1xx_hal_i2c.o [1]
HAL_I2C_Master_Transmit_IT
                        0x0800a479    0xe6  Code  Gb  stm32l1xx_hal_i2c.o [1]
HAL_I2C_MemRxCpltCallback
                        0x0800a8d5     0x2  Code  Wk  stm32l1xx_hal_i2c.o [1]
HAL_I2C_MemTxCpltCallback
                        0x0800a8d3     0x2  Code  Wk  stm32l1xx_hal_i2c.o [1]
HAL_I2C_MspInit         0x0800608b    0x50  Code  Gb  i2c.o [1]
HAL_I2C_SlaveRxCpltCallback
                        0x0800a8d1     0x2  Code  Wk  stm32l1xx_hal_i2c.o [1]
HAL_I2C_SlaveTxCpltCallback
                        0x0800a8cf     0x2  Code  Wk  stm32l1xx_hal_i2c.o [1]
HAL_IncTick             0x08009cbf     0xc  Code  Wk  stm32l1xx_hal.o [1]
HAL_Init                0x08009ca9    0x16  Code  Gb  stm32l1xx_hal.o [1]
HAL_InitTick            0x0800e18d    0x80  Code  Gb  stm32l1xx_hal_timebase_TIM.o [1]
HAL_MspInit             0x0800e21d    0x98  Code  Gb  stm32l1xx_hal_msp.o [1]
HAL_NVIC_DisableIRQ     0x08006649     0xe  Code  Gb  stm32l1xx_hal_cortex.o [1]
HAL_NVIC_EnableIRQ      0x0800663b     0xe  Code  Gb  stm32l1xx_hal_cortex.o [1]
HAL_NVIC_SetPriority    0x08006615    0x26  Code  Gb  stm32l1xx_hal_cortex.o [1]
HAL_NVIC_SetPriorityGrouping
                        0x08006609     0xc  Code  Gb  stm32l1xx_hal_cortex.o [1]
HAL_NVIC_SystemReset    0x08006657     0x8  Code  Gb  stm32l1xx_hal_cortex.o [1]
HAL_PCD_DataInStageCallback
                        0x0800fccd    0x20  Code  Gb  usbd_conf.o [1]
HAL_PCD_DataOutStageCallback
                        0x0800fcab    0x22  Code  Gb  usbd_conf.o [1]
HAL_PCD_EP_ClrStall     0x0800fb8b   0x10a  Code  Gb  stm32l1xx_hal_pcd.o [1]
HAL_PCD_EP_Open         0x0800f23d   0x476  Code  Gb  stm32l1xx_hal_pcd.o [1]
HAL_PCD_EP_Receive      0x0800f6b3   0x1ac  Code  Gb  stm32l1xx_hal_pcd.o [1]
HAL_PCD_EP_SetStall     0x0800faad    0xde  Code  Gb  stm32l1xx_hal_pcd.o [1]
HAL_PCD_EP_Transmit     0x0800f85f   0x24e  Code  Gb  stm32l1xx_hal_pcd.o [1]
HAL_PCD_IRQHandler      0x0800f0c7   0x144  Code  Gb  stm32l1xx_hal_pcd.o [1]
HAL_PCD_ResetCallback   0x0800fcfb    0x2c  Code  Gb  usbd_conf.o [1]
HAL_PCD_ResumeCallback  0x0800fd47     0xe  Code  Gb  usbd_conf.o [1]
HAL_PCD_SOFCallback     0x0800fced     0xe  Code  Gb  usbd_conf.o [1]
HAL_PCD_SetAddress      0x0800f20b    0x32  Code  Gb  stm32l1xx_hal_pcd.o [1]
HAL_PCD_SetupStageCallback
                        0x0800fc95    0x16  Code  Gb  usbd_conf.o [1]
HAL_PCD_SuspendCallback
                        0x0800fd27    0x20  Code  Gb  usbd_conf.o [1]
HAL_PWREx_GetVoltageRange
                        0x0800e465     0xa  Code  Gb  stm32l1xx_hal_pwr_ex.o [1]
HAL_RCC_ClockConfig     0x0800b7bb   0x2a0  Code  Gb  stm32l1xx_hal_rcc.o [1]
HAL_RCC_GetClockConfig  0x0800bb61    0x3a  Code  Gb  stm32l1xx_hal_rcc.o [1]
HAL_RCC_GetHCLKFreq     0x0800bb05     0x6  Code  Gb  stm32l1xx_hal_rcc.o [1]
HAL_RCC_GetPCLK1Freq    0x0800bb0b    0x20  Code  Gb  stm32l1xx_hal_rcc.o [1]
HAL_RCC_GetPCLK2Freq    0x0800bb2b    0x20  Code  Gb  stm32l1xx_hal_rcc.o [1]
HAL_RCC_GetSysClockFreq
                        0x0800ba5b    0xaa  Code  Gb  stm32l1xx_hal_rcc.o [1]
HAL_RCC_OscConfig       0x0800af91   0x82a  Code  Gb  stm32l1xx_hal_rcc.o [1]
HAL_SYSTICK_CLKSourceConfig
                        0x0800666b    0x22  Code  Gb  stm32l1xx_hal_cortex.o [1]
HAL_SYSTICK_Config      0x0800665f     0xc  Code  Gb  stm32l1xx_hal_cortex.o [1]
HAL_TIMEx_MasterConfigSynchronization
                        0x0800e84f    0x5e  Code  Gb  stm32l1xx_hal_tim_ex.o [1]
HAL_TIM_Base_Init       0x0800e475    0x38  Code  Gb  stm32l1xx_hal_tim.o [1]
HAL_TIM_Base_MspInit    0x0800bd5f    0x48  Code  Gb  tim.o [1]
HAL_TIM_Base_Start_IT   0x0800e4ad    0x1e  Code  Gb  stm32l1xx_hal_tim.o [1]
HAL_TIM_ConfigClockSource
                        0x0800e605   0x122  Code  Gb  stm32l1xx_hal_tim.o [1]
HAL_TIM_IC_CaptureCallback
                        0x0800e729     0x2  Code  Wk  stm32l1xx_hal_tim.o [1]
HAL_TIM_IRQHandler      0x0800e4cb   0x13a  Code  Gb  stm32l1xx_hal_tim.o [1]
HAL_TIM_OC_DelayElapsedCallback
                        0x0800e727     0x2  Code  Wk  stm32l1xx_hal_tim.o [1]
HAL_TIM_PWM_PulseFinishedCallback
                        0x0800e72b     0x2  Code  Wk  stm32l1xx_hal_tim.o [1]
HAL_TIM_PeriodElapsedCallback
                        0x0800bda7    0x56  Code  Gb  tim.o [1]
HAL_TIM_StartTimer2     0x0800be69    0x12  Code  Gb  tim.o [1]
HAL_TIM_StartTimer3     0x0800be7b    0x12  Code  Gb  tim.o [1]
HAL_TIM_TriggerCallback
                        0x0800e72d     0x2  Code  Wk  stm32l1xx_hal_tim.o [1]
HAL_UART_EnableBGM_RX   0x080024eb    0x32  Code  Gb  usart.o [1]
HAL_UART_EnableBGM_TXE  0x080024d9    0x12  Code  Gb  usart.o [1]
HAL_UART_ErrorCallback  0x080024d7     0x2  Code  Gb  usart.o [1]
HAL_UART_IRQHandler     0x0800691f   0x11a  Code  Gb  stm32l1xx_hal_uart.o [1]
HAL_UART_Init           0x080066b9    0x72  Code  Gb  stm32l1xx_hal_uart.o [1]
HAL_UART_MspInit        0x0800214f    0xba  Code  Gb  usart.o [1]
HAL_UART_Receive_IT     0x08006897    0x88  Code  Gb  stm32l1xx_hal_uart.o [1]
HAL_UART_RxCpltCallback
                        0x08002427    0xb0  Code  Gb  usart.o [1]
HAL_UART_RxCpltCallback::len
                        0x20003588     0x4  Data  Lc  usart.o [1]
HAL_UART_RxCpltCallback::temp_ptr
                        0x20003584     0x4  Data  Lc  usart.o [1]
HAL_UART_Transmit       0x0800672b    0xfc  Code  Gb  stm32l1xx_hal_uart.o [1]
HAL_UART_Transmit_IT    0x08006827    0x70  Code  Gb  stm32l1xx_hal_uart.o [1]
HAL_UART_TxCpltCallback
                        0x080023eb    0x20  Code  Gb  usart.o [1]
HAL_WWDG_IRQHandler     0x0800e009    0x2c  Code  Gb  stm32l1xx_hal_wwdg.o [1]
HAL_WWDG_Init           0x0800df5f    0x4c  Code  Gb  stm32l1xx_hal_wwdg.o [1]
HAL_WWDG_MspInit        0x08009b6f    0x26  Code  Gb  wwdg.o [1]
HAL_WWDG_Refresh        0x0800dfdb    0x2e  Code  Gb  stm32l1xx_hal_wwdg.o [1]
HAL_WWDG_Start_IT       0x0800dfab    0x30  Code  Gb  stm32l1xx_hal_wwdg.o [1]
HAL_WWDG_WakeupCallback
                        0x08009bc5    0x18  Code  Gb  wwdg.o [1]
HAL_WWDG_WakeupCallback::OnceFlg
                        0x200035a3     0x1  Data  Lc  wwdg.o [1]
HEAP$$Base              0x20001150           --   Gb  - Linker created -
HEAP$$Limit             0x20001150           --   Gb  - Linker created -
HeartBeat_Cnt           0x20003596     0x2  Data  Lc  app_data.o [1]
I2C1_ER_IRQHandler      0x08010ac9     0xa  Code  Gb  stm32l1xx_it.o [1]
I2C1_EV_IRQHandler      0x08010abf     0xa  Code  Gb  stm32l1xx_it.o [1]
I2C_IsAcknowledgeFailed
                        0x0800af67    0x2a  Code  Lc  stm32l1xx_hal_i2c.o [1]
I2C_MasterReceive_BTF   0x0800a9e7    0xa6  Code  Lc  stm32l1xx_hal_i2c.o [1]
I2C_MasterReceive_RXNE  0x0800a96b    0x7c  Code  Lc  stm32l1xx_hal_i2c.o [1]
I2C_MasterRequestRead   0x0800ac29   0x106  Code  Lc  stm32l1xx_hal_i2c.o [1]
I2C_MasterRequestWrite  0x0800ab93    0x96  Code  Lc  stm32l1xx_hal_i2c.o [1]
I2C_MasterTransmit_BTF  0x0800a90f    0x5c  Code  Lc  stm32l1xx_hal_i2c.o [1]
I2C_MasterTransmit_TXE  0x0800a8e3    0x2c  Code  Lc  stm32l1xx_hal_i2c.o [1]
I2C_SlaveReceive_BTF    0x0800aae7    0x1e  Code  Lc  stm32l1xx_hal_i2c.o [1]
I2C_SlaveReceive_RXNE   0x0800aac9    0x1e  Code  Lc  stm32l1xx_hal_i2c.o [1]
I2C_SlaveTransmit_BTF   0x0800aaab    0x1e  Code  Lc  stm32l1xx_hal_i2c.o [1]
I2C_SlaveTransmit_TXE   0x0800aa8d    0x1e  Code  Lc  stm32l1xx_hal_i2c.o [1]
I2C_Slave_ADDR          0x0800ab05    0x18  Code  Lc  stm32l1xx_hal_i2c.o [1]
I2C_Slave_AF            0x0800ab5f    0x34  Code  Lc  stm32l1xx_hal_i2c.o [1]
I2C_Slave_STOPF         0x0800ab1d    0x42  Code  Lc  stm32l1xx_hal_i2c.o [1]
I2C_WaitBusyFlag        0x08006381    0x12  Code  Gb  i2c.o [1]
I2C_WaitOnFlagUntilTimeout
                        0x0800ad39    0xda  Code  Lc  stm32l1xx_hal_i2c.o [1]
I2C_WaitOnMasterAddressFlagUntilTimeout
                        0x0800ae13    0x9e  Code  Lc  stm32l1xx_hal_i2c.o [1]
I2C_WaitOnRXNEFlagUntilTimeout
                        0x0800af03    0x64  Code  Lc  stm32l1xx_hal_i2c.o [1]
I2C_WaitOnTXEFlagUntilTimeout
                        0x0800aeb1    0x52  Code  Lc  stm32l1xx_hal_i2c.o [1]
InitSensors             0x08003085    0x24  Code  Gb  app_data.o [1]
LPS25HB_GetPressure     0x0800958d    0x2c  Code  Gb  lps25hb.o [1]
LPS25HB_GetTemperature  0x080095fb    0x2e  Code  Gb  lps25hb.o [1]
LPS25HB_I2C_GetRawTemperature
                        0x080095b9     0xc  Code  Gb  lps25hb.o [1]
LPS25HB_I2C_ReadRawPressure
                        0x08009543    0x4a  Code  Lc  lps25hb.o [1]
LPS25HB_I2C_ReadRawTemperature
                        0x080095c5    0x36  Code  Lc  lps25hb.o [1]
LPS25HB_Init            0x08009431   0x112  Code  Gb  lps25hb.o [1]
LPS25HB_PowerOn         0x08009629    0x48  Code  Lc  lps25hb.o [1]
LoadInt                 0x080088ff    0x70  Code  Lc  xprintffull.o [3]
MX_ADC_Init             0x08007ba1    0x88  Code  Gb  adc.o [1]
MX_DMA_Init             0x0800bc65    0x30  Code  Gb  dma.o [1]
MX_GPIO_Init            0x08005e65   0x13a  Code  Gb  gpio.o [1]
MX_I2C1_Init            0x08006029    0x62  Code  Gb  i2c.o [1]
MX_I2C1_Reset           0x080060db    0x50  Code  Gb  i2c.o [1]
MX_TIM2_Init            0x0800bc95    0x66  Code  Gb  tim.o [1]
MX_TIM3_Init            0x0800bcfb    0x64  Code  Gb  tim.o [1]
MX_USART2_UART_Init     0x0800209d    0x58  Code  Gb  usart.o [1]
MX_USART3_UART_Init     0x080020f5    0x5a  Code  Gb  usart.o [1]
MX_WWDG_Init            0x08009b3d    0x32  Code  Gb  wwdg.o [1]
ModuleArray             0x08011e24    0x1c  Data  Gb  ErrorCodes.o [1]
NVIC_DisableIRQ         0x08006545    0x14  Code  Lc  stm32l1xx_hal_cortex.o [1]
NVIC_EnableIRQ          0x08006531    0x14  Code  Lc  stm32l1xx_hal_cortex.o [1]
NVIC_EncodePriority     0x0800657f    0x3e  Code  Lc  stm32l1xx_hal_cortex.o [1]
NVIC_GetPriorityGrouping
                        0x08006527     0xa  Code  Lc  stm32l1xx_hal_cortex.o [1]
NVIC_SetPriority        0x08006559    0x26  Code  Lc  stm32l1xx_hal_cortex.o [1]
NVIC_SetPriorityGrouping
                        0x08006509    0x1e  Code  Lc  stm32l1xx_hal_cortex.o [1]
NVIC_SystemReset        0x080065bd    0x1c  Code  Lc  stm32l1xx_hal_cortex.o [1]
NextBufIdx              0x080025c3     0xe  Code  Gb  bgm111.o [1]
PCD_EP_ISR_Handler      0x0800ec21   0x43a  Code  Lc  stm32l1xx_hal_pcd.o [1]
PCD_ReadPMA             0x0800f09b    0x2c  Code  Lc  stm32l1xx_hal_pcd.o [1]
PCD_WritePMA            0x0800f05b    0x40  Code  Lc  stm32l1xx_hal_pcd.o [1]
PageError               0x20003550     0x4  Data  Gb  Flash.o [1]
PendSV_Handler          0x080109b1          Code  Gb  portasm.o [1]
Proc_Timer2             0x0800be15    0x54  Code  Gb  tim.o [1]
ProcessSensorState      0x080031ad   0x954  Code  Gb  app_data.o [1]
Process_RdSound         0x08003b3d   0x186  Code  Gb  app_data.o [1]
RBIsBufFull             0x08007a43    0x1e  Code  Gb  ErrorCodes.o [1]
RBNextBufIdx            0x08007a35     0xe  Code  Gb  ErrorCodes.o [1]
RCC_SetFlashLatencyFromMSIRange
                        0x0800bba1    0x90  Code  Lc  stm32l1xx_hal_rcc.o [1]
RdBrdI2C_WaitOnFlagUntilTimeout
                        0x08006393    0xda  Code  Lc  i2c.o [1]
RdBrd_BlinkErrCd        0x08007b01    0x4e  Code  Gb  ErrorCodes.o [1]
RdBrd_ErrCdLogErrCd     0x08007a61    0x8e  Code  Gb  ErrorCodes.o [1]
RdSndTickCnt            0x20000040     0x4  Data  Lc  tim.o [1]
Region$$Table$$Base     0x08011c44           --   Gb  - Linker created -
Region$$Table$$Limit    0x08011c6c           --   Gb  - Linker created -
Reset_DriverStates      0x08003d59    0x32  Code  Gb  app_data.o [1]
RoadBrdSnd_ClearImgnryBffr
                        0x08002c0d    0x14  Code  Gb  Rd_Sound.o [1]
RoadBrdSnd_ClrBffrs     0x08002e01    0x20  Code  Gb  Rd_Sound.o [1]
RoadBrdSnd_DumpBin0     0x08002cf7    0x40  Code  Gb  Rd_Sound.o [1]
RoadBrdSnd_DumpBin16    0x08002d37    0x42  Code  Gb  Rd_Sound.o [1]
RoadBrdSnd_DumpBin32    0x08002d79    0x44  Code  Gb  Rd_Sound.o [1]
RoadBrdSnd_DumpBin48    0x08002dbd    0x44  Code  Gb  Rd_Sound.o [1]
RoadBrdSnd_ProcessSound
                        0x08002c71    0x86  Code  Gb  Rd_Sound.o [1]
RoadBrdSnd_SampleSound  0x08002c25    0x4c  Code  Gb  Rd_Sound.o [1]
RoadBrdSnd_getSaveBffr  0x08002c21     0x4  Code  Gb  Rd_Sound.o [1]
RoadBrd_ADC_PORT        0x20000000     0xc  Data  Gb  adc.o [1]
RoadBrd_ADC_Start       0x08007d95    0x6e  Code  Gb  adc.o [1]
RoadBrd_ADC_Status      0x08007e03    0x10  Code  Gb  adc.o [1]
RoadBrd_Baro_ReadPressure
                        0x08002ee1    0x88  Code  Gb  barometer.o [1]
RoadBrd_Baro_ReadTemp   0x08002f69    0xa6  Code  Gb  barometer.o [1]
RoadBrd_CoolEyeInit     0x08004095    0x6a  Code  Gb  GridEye.o [1]
RoadBrd_CoolEye_ReadValues
                        0x08004101   0x5b8  Code  Gb  GridEye.o [1]
RoadBrd_Delay           0x08006377     0xa  Code  Gb  i2c.o [1]
RoadBrd_Delay2          0x08007b4f    0x16  Code  Gb  ErrorCodes.o [1]
RoadBrd_FlashRead       0x0800e16d    0x20  Code  Gb  Flash.o [1]
RoadBrd_FlashWrite      0x0800e035   0x124  Code  Gb  Flash.o [1]
RoadBrd_FlashWrite::EraseInitStruct
                        0x20003524     0xc  Data  Lc  Flash.o [1]
RoadBrd_FlashWrite::OptionsBytesStruct
                        0x200034b4    0x1c  Data  Lc  Flash.o [1]
RoadBrd_GetBGPtr        0x08002321     0x6  Code  Gb  usart.o [1]
RoadBrd_GetBffrFlg      0x08002331     0x6  Code  Gb  usart.o [1]
RoadBrd_GridEyeInit     0x080046bd    0xd6  Code  Gb  GridEye.o [1]
RoadBrd_GridEyeReset    0x08004793    0x96  Code  Gb  GridEye.o [1]
RoadBrd_GridEye_ReadValues
                        0x08004829   0x5d0  Code  Gb  GridEye.o [1]
RoadBrd_HumidityInit    0x080052ed    0xa6  Code  Gb  Humidity.o [1]
RoadBrd_Humidity_ReadHumidity
                        0x08005393   0x2f8  Code  Gb  Humidity.o [1]
RoadBrd_Humidity_ReadTemperature
                        0x08005691   0x2f0  Code  Gb  Humidity.o [1]
RoadBrd_I2C_GetError    0x08006325     0xa  Code  Gb  i2c.o [1]
RoadBrd_I2C_GetState    0x0800632f     0xa  Code  Gb  i2c.o [1]
RoadBrd_I2C_Master_CmdReceive
                        0x08006263    0x60  Code  Gb  i2c.o [1]
RoadBrd_I2C_Master_Receive
                        0x080062c3    0x36  Code  Gb  i2c.o [1]
RoadBrd_I2C_Master_Receive_IT
                        0x080062f9    0x2c  Code  Gb  i2c.o [1]
RoadBrd_I2C_Master_Transmit
                        0x0800622d    0x36  Code  Gb  i2c.o [1]
RoadBrd_I2C_Master_Transmit_CMDData
                        0x08006193    0x6e  Code  Gb  i2c.o [1]
RoadBrd_I2C_Master_Transmit_CMDData_IT
                        0x0800612b    0x68  Code  Gb  i2c.o [1]
RoadBrd_I2C_Master_Transmit_IT
                        0x08006201    0x2c  Code  Gb  i2c.o [1]
RoadBrd_Init_Barometer  0x08002e8d    0x54  Code  Gb  barometer.o [1]
RoadBrd_Init_VMonitor   0x08004e2d    0xb6  Code  Gb  VMonitor.o [1]
RoadBrd_LED_On          0x08005f9f    0x1c  Code  Gb  gpio.o [1]
RoadBrd_LED_PIN         0x0801227c    0x14  Data  Gb  gpio.o [1]
RoadBrd_LED_PORT        0x20000014    0x24  Data  Gb  gpio.o [1]
RoadBrd_LED_Toggle      0x08005fbb    0x1a  Code  Gb  gpio.o [1]
RoadBrd_ParseString     0x08000125  0x1d38  Code  Gb  parser.o [1]
RoadBrd_ProcessBGMChar  0x08002a57   0x10c  Code  Gb  bgm111.o [1]
RoadBrd_ProcessBGMChar::in_ptr
                        0x2000359b     0x1  Data  Lc  bgm111.o [1]
RoadBrd_ProcessBGMChar::tempBffr2
                        0x20003464    0x28  Data  Lc  bgm111.o [1]
RoadBrd_RGBFullInit     0x08005b71    0x54  Code  Gb  RGBLight.o [1]
RoadBrd_RGBInit         0x08005b21    0x50  Code  Gb  RGBLight.o [1]
RoadBrd_RGBReadID       0x08005c09    0x96  Code  Gb  RGBLight.o [1]
RoadBrd_RGBReadStatus   0x08005c9f    0x96  Code  Gb  RGBLight.o [1]
RoadBrd_RGBReadValues   0x08005d35   0x120  Code  Gb  RGBLight.o [1]
RoadBrd_RGBReset        0x08005bc5    0x44  Code  Gb  RGBLight.o [1]
RoadBrd_ReadTemp        0x080059b5   0x16c  Code  Gb  Temperature.o [1]
RoadBrd_SetBffrFlg      0x08002327     0xa  Code  Gb  usart.o [1]
RoadBrd_TestI2C         0x0800646d    0x8a  Code  Gb  i2c.o [1]
RoadBrd_TestandRead_Barometer
                        0x08003039    0x4c  Code  Gb  barometer.o [1]
RoadBrd_UART_Receive_IT
                        0x08002337    0x7a  Code  Gb  usart.o [1]
RoadBrd_UART_Transmit   0x08002209    0x90  Code  Gb  usart.o [1]
RoadBrd_UART_Transmit_IT
                        0x08002299    0x88  Code  Gb  usart.o [1]
RoadBrd_Uart_GetState   0x080023c9    0x22  Code  Gb  usart.o [1]
RoadBrd_Uart_Status     0x080023b1    0x18  Code  Gb  usart.o [1]
RoadBrd_VMonitor_RdCurrent
                        0x08004fcf    0xec  Code  Gb  VMonitor.o [1]
RoadBrd_VMonitor_RdPower
                        0x080050bb    0xf4  Code  Gb  VMonitor.o [1]
RoadBrd_VMonitor_RdShntVltg
                        0x08004ee3    0xec  Code  Gb  VMonitor.o [1]
RoadBrd_VMonitor_RdVoltage
                        0x080051b5    0xf2  Code  Gb  VMonitor.o [1]
RoadBrd_WWDG_GetRefreshCnt
                        0x08009bb9     0xc  Code  Gb  wwdg.o [1]
RoadBrd_WWDG_InitializeFrmFlash
                        0x08009c15    0x34  Code  Gb  wwdg.o [1]
RoadBrd_WWDG_Refresh    0x08009b9f    0x1a  Code  Gb  wwdg.o [1]
RoadBrd_WWDG_Start      0x08009b95     0xa  Code  Gb  wwdg.o [1]
RoadBrd_WWDG_VerifyFrame
                        0x08009be7    0x2e  Code  Gb  wwdg.o [1]
RoadBrd_WaitForState    0x08006339    0x3e  Code  Gb  i2c.o [1]
RoadBrd_gpio_Off        0x08005ff1    0x1c  Code  Gb  gpio.o [1]
RoadBrd_gpio_On         0x08005fd5    0x1c  Code  Gb  gpio.o [1]
SVC_Handler             0x08010a03          Code  Gb  portasm.o [1]
Save_Frames             0x200034fc    0x10  Data  Lc  wwdg.o [1]
SendApp_String          0x08003ccd    0x3a  Code  Gb  app_data.o [1]
SetDataReady            0x08003159     0xa  Code  Gb  app_data.o [1]
Set_DriverStates        0x08003da5    0x58  Code  Gb  app_data.o [1]
Set_HeartBeat           0x08003f1d     0x8  Code  Gb  app_data.o [1]
Sinewave                0x08010b3c    0x80  Data  Gb  fix_fft.o [1]
SnsrTickCnt             0x2000003c     0x4  Data  Lc  tim.o [1]
SysTick_Config          0x080065d9    0x30  Code  Lc  stm32l1xx_hal_cortex.o [1]
SysTick_Handler         0x08010a85     0x8  Code  Gb  stm32l1xx_it.o [1]
SystemClock_Config      0x0800740b    0xaa  Code  Gb  main.o [1]
SystemCoreClock         0x20000038     0x4  Data  Gb  system_stm32l1xx.o [1]
SystemInit              0x08010bbd    0x4c  Code  Gb  system_stm32l1xx.o [1]
TIM2_IRQHandler         0x08010ad3     0xa  Code  Gb  stm32l1xx_it.o [1]
TIM3_IRQHandler         0x08010add     0xa  Code  Gb  stm32l1xx_it.o [1]
TIM4_IRQHandler         0x08010aa1     0xa  Code  Gb  stm32l1xx_it.o [1]
TIM6_IRQHandler         0x08003163     0xa  Code  Gb  app_data.o [1]
TIM_Base_SetConfig      0x0800e72f    0x70  Code  Lc  stm32l1xx_hal_tim.o [1]
TIM_ETR_SetConfig       0x0800e833    0x1c  Code  Lc  stm32l1xx_hal_tim.o [1]
TIM_ITRx_SetConfig      0x0800e81b    0x18  Code  Lc  stm32l1xx_hal_tim.o [1]
TIM_TI1_ConfigInputStage
                        0x0800e7b9    0x30  Code  Lc  stm32l1xx_hal_tim.o [1]
TIM_TI2_ConfigInputStage
                        0x0800e7e9    0x32  Code  Lc  stm32l1xx_hal_tim.o [1]
Test_Connection         0x08003d07    0x44  Code  Gb  app_data.o [1]
Test_Timer2             0x0800be05    0x10  Code  Gb  tim.o [1]
Timr2Ready              0x2000359d     0x1  Data  Gb  tim.o [1]
Timr3Ready              0x2000359e     0x1  Data  Gb  tim.o [1]
TmpData                 0x20002710   0x248  Data  Gb  app_data.o [1]
Tst_Bypass              0x08001f27     0x6  Code  Gb  parser.o [1]
Tst_HeartBeat           0x08003f11     0x6  Code  Gb  app_data.o [1]
UART_EndTransmit_IT     0x08006ba3    0x32  Code  Lc  stm32l1xx_hal_uart.o [1]
UART_Receive_IT         0x08006bd5    0xc8  Code  Lc  stm32l1xx_hal_uart.o [1]
UART_SetConfig          0x08006c9d   0x2fe  Code  Lc  stm32l1xx_hal_uart.o [1]
UART_Transmit_IT        0x08006b27    0x7c  Code  Lc  stm32l1xx_hal_uart.o [1]
UART_WaitOnFlagUntilTimeout
                        0x08006a39    0xee  Code  Lc  stm32l1xx_hal_uart.o [1]
USART2_IRQHandler       0x08010ab5     0xa  Code  Gb  stm32l1xx_it.o [1]
USART3_IRQHandler       0x08010aab     0xa  Code  Gb  stm32l1xx_it.o [1]
USART_ReceiveData       0x08002a4d     0xa  Code  Gb  bgm111.o [1]
USART_SendData          0x08002a41     0xc  Code  Gb  bgm111.o [1]
USBD_ClrClassConfig     0x0800fe5f    0x18  Code  Gb  usbd_core.o [1]
USBD_ClrFeature         0x08010683    0x3a  Code  Lc  usbd_ctlreq.o [1]
USBD_CtlContinueRx      0x0801073f    0x1a  Code  Gb  usbd_ioreq.o [1]
USBD_CtlContinueSendData
                        0x08010725    0x1a  Code  Gb  usbd_ioreq.o [1]
USBD_CtlError           0x080106e5    0x18  Code  Gb  usbd_ctlreq.o [1]
USBD_CtlReceiveStatus   0x08010773    0x1a  Code  Gb  usbd_ioreq.o [1]
USBD_CtlSendData        0x080106fd    0x28  Code  Gb  usbd_ioreq.o [1]
USBD_CtlSendStatus      0x08010759    0x1a  Code  Gb  usbd_ioreq.o [1]
USBD_GetConfig          0x080105d5    0x4c  Code  Lc  usbd_ctlreq.o [1]
USBD_GetDescriptor      0x08010331   0x164  Code  Lc  usbd_ctlreq.o [1]
USBD_GetStatus          0x08010621    0x3c  Code  Lc  usbd_ctlreq.o [1]
USBD_LL_ClearStallEP    0x0800fd8d    0x16  Code  Gb  usbd_conf.o [1]
USBD_LL_DataInStage     0x0800ff7f    0xe2  Code  Gb  usbd_core.o [1]
USBD_LL_DataOutStage    0x0800feef    0x90  Code  Gb  usbd_core.o [1]
USBD_LL_IsStallEP       0x0800fda3    0x30  Code  Gb  usbd_conf.o [1]
USBD_LL_OpenEP          0x0800fd55    0x22  Code  Gb  usbd_conf.o [1]
USBD_LL_PrepareReceive  0x0800fe09    0x20  Code  Gb  usbd_conf.o [1]
USBD_LL_Reset           0x08010061    0x46  Code  Gb  usbd_core.o [1]
USBD_LL_Resume          0x080100c3     0xe  Code  Gb  usbd_core.o [1]
USBD_LL_SOF             0x080100d1    0x24  Code  Gb  usbd_core.o [1]
USBD_LL_SetSpeed        0x080100a7     0x8  Code  Gb  usbd_core.o [1]
USBD_LL_SetUSBAddress   0x0800fdd3    0x16  Code  Gb  usbd_conf.o [1]
USBD_LL_SetupStage      0x0800fe77    0x78  Code  Gb  usbd_core.o [1]
USBD_LL_StallEP         0x0800fd77    0x16  Code  Gb  usbd_conf.o [1]
USBD_LL_Suspend         0x080100af    0x14  Code  Gb  usbd_core.o [1]
USBD_LL_Transmit        0x0800fde9    0x20  Code  Gb  usbd_conf.o [1]
USBD_ParseSetupRequest  0x080106bd    0x28  Code  Gb  usbd_ctlreq.o [1]
USBD_RunTestMode        0x0800fe2d     0x6  Code  Gb  usbd_core.o [1]
USBD_SetAddress         0x08010495    0x60  Code  Lc  usbd_ctlreq.o [1]
USBD_SetClassConfig     0x0800fe33    0x2c  Code  Gb  usbd_core.o [1]
USBD_SetConfig          0x080104f5    0xda  Code  Lc  usbd_ctlreq.o [1]
USBD_SetConfig::cfgidx  0x200035a2     0x1  Data  Lc  usbd_ctlreq.o [1]
USBD_SetFeature         0x0801065d    0x26  Code  Lc  usbd_ctlreq.o [1]
USBD_StdDevReq          0x080100f5    0x7c  Code  Gb  usbd_ctlreq.o [1]
USBD_StdEPReq           0x080101bd   0x174  Code  Gb  usbd_ctlreq.o [1]
USBD_StdItfReq          0x08010171    0x4c  Code  Gb  usbd_ctlreq.o [1]
USB_LP_IRQHandler       0x08010a97     0xa  Code  Gb  stm32l1xx_it.o [1]
Uart2Ready              0x2000359f     0x1  Data  Gb  usart.o [1]
Uart3Ready              0x200035a0     0x1  Data  Gb  usart.o [1]
WWDG_IRQHandler         0x08009bdd     0xa  Code  Gb  wwdg.o [1]
_EncodingSb_Mbtowc      0x0800e8e7    0x30  Code  Gb  xencoding_sb.o [3]
_EncodingSb_Mbtowc::initial
                        0x0800e924     0x8  Data  Lc  xencoding_sb.o [3]
_EncodingSb_Wctomb      0x0800e8cd    0x1a  Code  Gb  xencoding_sb.o [3]
_EncodingSb_Wctomb::initial
                        0x0800e91c     0x8  Data  Lc  xencoding_sb.o [3]
_GenldFull              0x08009191   0x254  Code  Lc  xprintffull.o [3]
_IsdstStr               0x200000dc     0x4  Data  Gb  setlocale.o [3]
_LdtobFull              0x08008d85   0x406  Code  Lc  xprintffull.o [3]
_LitobFull              0x08008c7b   0x10a  Code  Lc  xprintffull.o [3]
_LocaleEncoding         0x0800e8b9     0xe  Code  Gb  setlocale.o [3]
_LocaleReturnString     0x200000fc    0x50  Data  Lc  setlocale.o [3]
_Locale_Profile         0x200000e0    0x1c  Data  Gb  setlocale.o [3]
_Locale_aeabi_lconv     0x2000009c    0x38  Data  Gb  localeconv.o [3]
_Locale_lconv           0x2000004c    0x50  Data  Gb  localeconv.o [3]
_Mbtowc                 0x0800d60d    0x20  Code  Gb  xmbtowc.o [3]
_PrintfFull             0x08008291   0x658  Code  Gb  xprintffull.o [3]
_PutcharsFull           0x080093e5    0x2e  Code  Lc  xprintffull.o [3]
_PutstrFull             0x0800896f   0x306  Code  Lc  xprintffull.o [3]
_SProut                 0x0800204f     0xa  Code  Gb  xsprout.o [3]
_TzoneStr               0x200000d8     0x4  Data  Gb  setlocale.o [3]
_Wctomb                 0x0800d759    0x1a  Code  Gb  xwctomb.o [3]
__aeabi_cdcmple         0x0800d9a1          Code  Gb  DblCmpLe.o [4]
__aeabi_cdrcmple        0x0800d9d1          Code  Gb  DblCmpGe.o [4]
__aeabi_cfrcmple        0x08009dd5          Code  Gb  FltCmpGe.o [4]
__aeabi_d2f             0x080081bd          Code  Gb  DblToFlt.o [4]
__aeabi_d2iz            0x0800986d          Code  Gb  DblToI32.o [4]
__aeabi_d2uiz           0x08009899          Code  Gb  DblToI32.o [4]
__aeabi_dadd            0x08009a55          Code  Gb  DblAdd.o [4]
__aeabi_ddiv            0x0800dc8d          Code  Gb  DblDiv.o [4]
__aeabi_dmul            0x080096c9          Code  Gb  DblMul.o [4]
__aeabi_dsub            0x0800db0d          Code  Gb  DblSub.o [4]
__aeabi_errno_addr      0x0800e8ad     0x6  Code  Gb  errno.o [3]
__aeabi_f2d             0x08009679          Code  Gb  FltToDbl.o [4]
__aeabi_f2iz            0x0800824d          Code  Gb  FltToS32.o [4]
__aeabi_fadd            0x08009ef5          Code  Gb  FltAdd.o [4]
__aeabi_fdiv            0x08009df9          Code  Gb  FltDiv.o [4]
__aeabi_fmul            0x0800997d          Code  Gb  FltMul.o [4]
__aeabi_i2d             0x0800809d          Code  Gb  I32ToDbl.o [4]
__aeabi_i2f             0x08009d5d          Code  Gb  I32ToFlt.o [4]
__aeabi_ldiv0           0x0800e959          Code  Gb  I64DivZer.o [5]
__aeabi_ui2d            0x080080b1          Code  Gb  I32ToDbl.o [4]
__aeabi_ui2f            0x08009d71          Code  Gb  I32ToFlt.o [4]
__aeabi_uldivmod        0x0800d86d          Code  Gb  I64DivMod.o [5]
__cmain                 0x08011e95          Code  Gb  cmain.o [5]
__data_Aldata           0x20003530     0x8  Data  Gb  xxmemxmalloc.o [3]
__data_GetMemChunk      0x0800e92d    0x2c  Code  Gb  xgetmemchunk.o [3]
__data_GetMemChunk::start
                        0x20003590     0x4  Data  Lc  xgetmemchunk.o [3]
__exit                  0x08011ec5    0x14  Code  Gb  exit.o [6]
__iar_Dint              0x0800e313    0x7a  Code  Gb  xdint.o [4]
__iar_Dnorm             0x0800d95b    0x44  Code  Gb  xdnorm.o [4]
__iar_Dscale            0x0800da01   0x10c  Code  Gb  xdscale.o [4]
__iar_Errno             0x200000d4     0x4  Data  Gb  errno.o [3]
__iar_Locale_lconv_init
                        0x0800dee5    0x3a  Code  Gb  localeconv.o [3]
__iar_Mbcurmax          0x0800d69d     0xa  Code  Gb  xmbcurmax.o [3]
__iar_Memchr            0x0800d645          Code  Gb  memchr.o [5]
__iar_Memset_word       0x0800e2b5          Code  Gb  ABImemset.o [5]
__iar_Strchr            0x0800d62d          Code  Gb  strchr.o [5]
__iar_ceil              0x0800eaf5          Code  Gb  ceil.o [4]
__iar_ceill             0x0800eaf5          Code  Gb  ceil.o [4]
__iar_d2uiz             0x080098a5          Code  Gb  DblToI32.o [4]
__iar_dadd              0x08009a69          Code  Gb  DblAdd.o [4]
__iar_data_init3        0x08011afd    0x28  Code  Gb  data_init.o [5]
__iar_dlib_perthread_access
                        0x0800e95b     0x2  Code  Gb  xtls.o [3]
__iar_dsub              0x0800db21          Code  Gb  DblSub.o [4]
__iar_dsubStart         0x0800db33          Code  Gb  DblSub.o [4]
__iar_edom              0x0800d601          Code  Gb  iarEdom.o [5]
__iar_fadd              0x08009f05          Code  Gb  FltAdd.o [4]
__iar_fsub              0x0800e38d          Code  Gb  FltSub.o [4]
__iar_fsubStart         0x0800e39d          Code  Gb  FltSub.o [4]
__iar_modf              0x080098d5          Code  Gb  modf.o [4]
__iar_modfl             0x080098d5          Code  Gb  modf.o [4]
__iar_packbits_init_single3
                        0x0801121d    0x38  Code  Gb  packbits_init_single.o [5]
__iar_program_start     0x080124fd          Code  Gb  cstartup_M.o [5]
__iar_sqrt              0x080080cd          Code  Gb  sqrt.o [4]
__iar_ui2d              0x080080b5          Code  Gb  I32ToDbl.o [4]
__iar_ui2f              0x08009d75          Code  Gb  I32ToFlt.o [4]
__iar_unaligned___aeabi_memcpy
                        0x0800d775          Code  Gb  ABImemcpy_unaligned.o [5]
__iar_unaligned___aeabi_memcpy4
                        0x0800d795          Code  Gb  ABImemcpy_unaligned.o [5]
__iar_unaligned___aeabi_memcpy8
                        0x0800d795          Code  Gb  ABImemcpy_unaligned.o [5]
__iar_unaligned_strcmp  0x08009c65          Code  Gb  strcmp_unaligned.o [5]
__iar_unaligned_strcpy  0x08002059          Code  Gb  strcpy_unaligned.o [5]
__iar_unaligned_strncpy
                        0x08009cf1          Code  Gb  strncpy_unaligned.o [5]
__iar_zero_init3        0x08010fd5    0x40  Code  Gb  zero_init3.o [5]
__low_level_init        0x08011eaf     0x4  Code  Gb  low_level_init.o [3]
__vector_table          0x08000000          Data  Gb  startup_stm32l152xe.o [1]
_call_main              0x08011ea1          Code  Gb  cmain.o [5]
_exit                   0x08011eb9          Code  Gb  cexit.o [5]
_gecko_cmd_msg          0x20002fec    0x84  Data  Gb  bgm111.o [1]
_gecko_rsp_msg          0x20003070    0x84  Data  Gb  bgm111.o [1]
_main                   0x08011eab          Code  Gb  cmain.o [5]
aPLLDivisionFactorTable
                        0x080126c8     0x4  Data  Gb  stm32l1xx_hal_rcc.o [1]
aPLLMULFactorTable      0x080124f0     0xc  Data  Gb  stm32l1xx_hal_rcc.o [1]
adcActive               0x20003599     0x1  Data  Gb  adc.o [1]
analytics               0x20003538     0x4  Data  Lc  app_data.o [1]
bffr1Flag               0x200035a1     0x1  Data  Lc  usart.o [1]
bglib_input             0x20003540     0x4  Data  Gb  bgm111.o [1]
bglib_output            0x2000353c     0x4  Data  Gb  bgm111.o [1]
bglib_peek              0x20003544     0x4  Data  Gb  bgm111.o [1]
bgm1data                0x2000348c    0x28  Data  Lc  usart.o [1]
ble                     0x20002dc0   0x1a0  Data  Lc  bgm111.o [1]
blemsgs                 0x200020c8   0x324  Data  Lc  bgm111.o [1]
ceil                    0x0800eaf5          Code  Gb  ceil.o [4]
ceill                   0x0800eaf5          Code  Gb  ceil.o [4]
clrUsartState           0x0800240b    0x1c  Code  Gb  usart.o [1]
connection_cnt          0x20003594     0x2  Data  Lc  app_data.o [1]
data                    0x20002958   0x248  Data  Gb  app_data.o [1]
delay_1ms               0x08007b65     0xe  Code  Gb  ErrorCodes.o [1]
div                     0x0800df51     0xe  Code  Gb  div.o [3]
driver_list             0x20003518     0xc  Data  Lc  app_data.o [1]
errStruct               0x200023ec   0x324  Data  Lc  ErrorCodes.o [1]
exit                    0x08011eb3     0x4  Code  Gb  exit.o [3]
fi                      0x20003174    0x80  Data  Lc  Rd_Sound.o [1]
fix_fft                 0x08007e5d   0x23a  Code  Gb  fix_fft.o [1]
fr                      0x200030f4    0x80  Data  Lc  Rd_Sound.o [1]
free                    0x0800d7ed    0x7a  Code  Gb  xxmemxfree.o [3]
fs                      0x200031f4    0x80  Data  Lc  Rd_Sound.o [1]
gecko_cmd_le_gap_set_mode
                        0x08002559    0x40  Code  Lc  bgm111.o [1]
gecko_cmd_msg           0x2000000c     0x4  Data  Gb  bgm111.o [1]
gecko_get_event         0x08007961    0x5e  Code  Gb  gecko_bglib.o [1]
gecko_handle_command    0x080079e3    0x30  Code  Gb  gecko_bglib.o [1]
gecko_peek_event        0x080079bf     0xa  Code  Gb  gecko_bglib.o [1]
gecko_queue             0x20001150   0xf78  Data  Gb  bgm111.o [1]
gecko_queue_r           0x2000354c     0x4  Data  Gb  bgm111.o [1]
gecko_queue_w           0x20003548     0x4  Data  Gb  bgm111.o [1]
gecko_rsp_msg           0x20000010     0x4  Data  Gb  bgm111.o [1]
gecko_wait_message      0x08007885    0xdc  Code  Gb  gecko_bglib.o [1]
gecko_wait_response     0x080079c9    0x1a  Code  Gb  gecko_bglib.o [1]
hadc                    0x20003274    0x54  Data  Gb  adc.o [1]
hatoi                   0x08001ecf    0x58  Code  Gb  parser.o [1]
hdma_adc                0x20003384    0x38  Data  Gb  adc.o [1]
hi2c1                   0x20003348    0x3c  Data  Gb  i2c.o [1]
hpcd_USB_FS             0x20002ba0   0x220  Data  Gb  usbd_conf.o [1]
htim2                   0x200033f4    0x38  Data  Gb  tim.o [1]
htim3                   0x2000342c    0x38  Data  Gb  tim.o [1]
htim4                   0x200033bc    0x38  Data  Gb  stm32l1xx_hal_timebase_TIM.o [1]
huart2                  0x200032c8    0x40  Data  Gb  usart.o [1]
huart3                  0x20003308    0x40  Data  Gb  usart.o [1]
hwwdg                   0x200034e8    0x14  Data  Gb  wwdg.o [1]
isHexNum                0x08001e85    0x4a  Code  Gb  parser.o [1]
ledOffCnt               0x20000044     0x4  Data  Lc  tim.o [1]
localeconv              0x0800df1f    0x16  Code  Gb  localeconv.o [3]
main                    0x08006fa5   0x466  Code  Gb  main.o [1]
malloc                  0x0800d6a9    0xac  Code  Gb  xxmemxmalloc.o [3]
memchr                  0x0800d645          Code  Gb  memchr.o [5]
modf                    0x080098c5          Code  Gb  modf.o [4]
modfl                   0x080098c5          Code  Gb  modf.o [4]
osSystickHandler        0x08010b09    0x10  Code  Gb  cmsis_os.o [1]
pFlash                  0x200034d0    0x18  Data  Gb  stm32l1xx_hal_flash.o [1]
prvResetNextTaskUnblockTime
                        0x08010941    0x28  Code  Lc  tasks.o [1]
pxCurrentTCB            0x20003558     0x4  Data  Gb  tasks.o [1]
pxDelayedTaskList       0x2000355c     0x4  Data  Lc  tasks.o [1]
pxOverflowDelayedTaskList
                        0x20003560     0x4  Data  Lc  tasks.o [1]
pxReadyTasksLists       0x20002f60    0x8c  Data  Lc  tasks.o [1]
round                   0x08009d91    0x44  Code  Gb  round.o [4]
sConfig                 0x2000350c     0xc  Data  Gb  adc.o [1]
saveLen                 0x20000048     0x4  Data  Lc  usart.o [1]
sprintf                 0x08002e3d    0x34  Code  Gb  sprintf.o [3]
sqrt                    0x080080cd          Code  Gb  sqrt.o [4]
sqrtl                   0x080080cd          Code  Gb  sqrt.o [4]
strcat                  0x08002e71    0x1c  Code  Gb  strcat.o [3]
strchr                  0x0800d62d          Code  Gb  strchr.o [5]
strlen                  0x08002019          Code  Gb  strlen.o [5]
strncmp                 0x08007b73    0x2c  Code  Gb  strncmp.o [3]
ubSequenceCompleted     0x20003598     0x1  Data  Gb  adc.o [1]
ulPortSetInterruptMask  0x080109ef          Code  Gb  portasm.o [1]
uwTick                  0x20003554     0x4  Data  Lc  stm32l1xx_hal.o [1]
uxListRemove            0x08010a5d    0x28  Code  Gb  list.o [1]
uxPendedTicks           0x20003570     0x4  Data  Lc  tasks.o [1]
uxSchedulerSuspended    0x20003580     0x4  Data  Lc  tasks.o [1]
uxTopReadyPriority      0x20003568     0x4  Data  Lc  tasks.o [1]
vListInsertEnd          0x08010a45    0x18  Code  Gb  list.o [1]
vPortClearInterruptMask
                        0x080109fd          Code  Gb  portasm.o [1]
vPortStartFirstTask     0x08010a23          Code  Gb  portasm.o [1]
vTaskSwitchContext      0x080108c1    0x6c  Code  Gb  tasks.o [1]
wwdg_HardFrames         0x08070000    0x10  Data  Gb  wwdg.o [1]
wwdg_Save               0x2000358c     0x4  Data  Lc  wwdg.o [1]
xNextTaskUnblockTime    0x2000357c     0x4  Data  Lc  tasks.o [1]
xNumOfOverflows         0x20003578     0x4  Data  Lc  tasks.o [1]
xPortSysTickHandler     0x08010b19    0x1e  Code  Gb  port.o [1]
xSchedulerRunning       0x2000356c     0x4  Data  Lc  tasks.o [1]
xTaskGetSchedulerState  0x08010969    0x26  Code  Gb  tasks.o [1]
xTaskIncrementTick      0x0801078d   0x134  Code  Gb  tasks.o [1]
xTickCount              0x20003564     0x4  Data  Lc  tasks.o [1]
xYieldPending           0x20003574     0x4  Data  Lc  tasks.o [1]


[1] = D:\GoogleDriveCLT\GoogleDrive\WeatherCloud\Roadboard\Software\Road-Board-December-2016N7\EWARM\Road Brd MSTR Rev L Long Always\Obj
[2] = command line
[3] = dl7M_tlf.a
[4] = m7M_tl.a
[5] = rt7M_tl.a
[6] = shb_l.a

  68 968 bytes of readonly  code memory
   6 784 bytes of readonly  data memory
  13 728 bytes of readwrite data memory (+ 16 absolute)

Errors: none
Warnings: none
