###############################################################################
#
# IAR ELF Linker V7.60.2.11341/W32 for ARM                14/Jun/2017  14:16:21
# Copyright 2007-2016 IAR Systems AB.
#
#    Output file  =  
#        D:\GoogleDriveCLT\GoogleDrive\WeatherCloud\Roadboard\Software\Road-Board-December-2016N7\EWARM\Road
#        Brd MSTR Rev L Long Always\Exe\Road Board Rev K NUCLEO V1.1 Jul 12
#        2016.out
#    Map file     =  
#        D:\GoogleDriveCLT\GoogleDrive\WeatherCloud\Roadboard\Software\Road-Board-December-2016N7\EWARM\Road
#        Brd MSTR Rev L Long Always\List\Road Board Rev K NUCLEO V1.1 Jul 12
#        2016.map
#    Command line =  
#        "D:\GoogleDriveCLT\GoogleDrive\WeatherCloud\Roadboard\Software\Road-Board-December-2016N7\EWARM\Road
#        Brd MSTR Rev L Long Always\Obj\adc.o"
#        "D:\GoogleDriveCLT\GoogleDrive\WeatherCloud\Roadboard\Software\Road-Board-December-2016N7\EWARM\Road
#        Brd MSTR Rev L Long Always\Obj\app_data.o"
#        "D:\GoogleDriveCLT\GoogleDrive\WeatherCloud\Roadboard\Software\Road-Board-December-2016N7\EWARM\Road
#        Brd MSTR Rev L Long Always\Obj\barometer.o"
#        "D:\GoogleDriveCLT\GoogleDrive\WeatherCloud\Roadboard\Software\Road-Board-December-2016N7\EWARM\Road
#        Brd MSTR Rev L Long Always\Obj\bgm111.o"
#        "D:\GoogleDriveCLT\GoogleDrive\WeatherCloud\Roadboard\Software\Road-Board-December-2016N7\EWARM\Road
#        Brd MSTR Rev L Long Always\Obj\cmsis_os.o"
#        "D:\GoogleDriveCLT\GoogleDrive\WeatherCloud\Roadboard\Software\Road-Board-December-2016N7\EWARM\Road
#        Brd MSTR Rev L Long Always\Obj\croutine.o"
#        "D:\GoogleDriveCLT\GoogleDrive\WeatherCloud\Roadboard\Software\Road-Board-December-2016N7\EWARM\Road
#        Brd MSTR Rev L Long Always\Obj\dma.o"
#        "D:\GoogleDriveCLT\GoogleDrive\WeatherCloud\Roadboard\Software\Road-Board-December-2016N7\EWARM\Road
#        Brd MSTR Rev L Long Always\Obj\ErrorCodes.o"
#        "D:\GoogleDriveCLT\GoogleDrive\WeatherCloud\Roadboard\Software\Road-Board-December-2016N7\EWARM\Road
#        Brd MSTR Rev L Long Always\Obj\event_groups.o"
#        "D:\GoogleDriveCLT\GoogleDrive\WeatherCloud\Roadboard\Software\Road-Board-December-2016N7\EWARM\Road
#        Brd MSTR Rev L Long Always\Obj\fix_fft.o"
#        "D:\GoogleDriveCLT\GoogleDrive\WeatherCloud\Roadboard\Software\Road-Board-December-2016N7\EWARM\Road
#        Brd MSTR Rev L Long Always\Obj\Flash.o"
#        "D:\GoogleDriveCLT\GoogleDrive\WeatherCloud\Roadboard\Software\Road-Board-December-2016N7\EWARM\Road
#        Brd MSTR Rev L Long Always\Obj\freertos.o"
#        "D:\GoogleDriveCLT\GoogleDrive\WeatherCloud\Roadboard\Software\Road-Board-December-2016N7\EWARM\Road
#        Brd MSTR Rev L Long Always\Obj\gecko_bglib.o"
#        "D:\GoogleDriveCLT\GoogleDrive\WeatherCloud\Roadboard\Software\Road-Board-December-2016N7\EWARM\Road
#        Brd MSTR Rev L Long Always\Obj\gpio.o"
#        "D:\GoogleDriveCLT\GoogleDrive\WeatherCloud\Roadboard\Software\Road-Board-December-2016N7\EWARM\Road
#        Brd MSTR Rev L Long Always\Obj\GridEye.o"
#        "D:\GoogleDriveCLT\GoogleDrive\WeatherCloud\Roadboard\Software\Road-Board-December-2016N7\EWARM\Road
#        Brd MSTR Rev L Long Always\Obj\heap_4.o"
#        "D:\GoogleDriveCLT\GoogleDrive\WeatherCloud\Roadboard\Software\Road-Board-December-2016N7\EWARM\Road
#        Brd MSTR Rev L Long Always\Obj\Humidity.o"
#        "D:\GoogleDriveCLT\GoogleDrive\WeatherCloud\Roadboard\Software\Road-Board-December-2016N7\EWARM\Road
#        Brd MSTR Rev L Long Always\Obj\i2c.o"
#        "D:\GoogleDriveCLT\GoogleDrive\WeatherCloud\Roadboard\Software\Road-Board-December-2016N7\EWARM\Road
#        Brd MSTR Rev L Long Always\Obj\list.o"
#        "D:\GoogleDriveCLT\GoogleDrive\WeatherCloud\Roadboard\Software\Road-Board-December-2016N7\EWARM\Road
#        Brd MSTR Rev L Long Always\Obj\lps25hb.o"
#        "D:\GoogleDriveCLT\GoogleDrive\WeatherCloud\Roadboard\Software\Road-Board-December-2016N7\EWARM\Road
#        Brd MSTR Rev L Long Always\Obj\main.o"
#        "D:\GoogleDriveCLT\GoogleDrive\WeatherCloud\Roadboard\Software\Road-Board-December-2016N7\EWARM\Road
#        Brd MSTR Rev L Long Always\Obj\parser.o"
#        "D:\GoogleDriveCLT\GoogleDrive\WeatherCloud\Roadboard\Software\Road-Board-December-2016N7\EWARM\Road
#        Brd MSTR Rev L Long Always\Obj\port.o"
#        "D:\GoogleDriveCLT\GoogleDrive\WeatherCloud\Roadboard\Software\Road-Board-December-2016N7\EWARM\Road
#        Brd MSTR Rev L Long Always\Obj\portasm.o"
#        "D:\GoogleDriveCLT\GoogleDrive\WeatherCloud\Roadboard\Software\Road-Board-December-2016N7\EWARM\Road
#        Brd MSTR Rev L Long Always\Obj\queue.o"
#        "D:\GoogleDriveCLT\GoogleDrive\WeatherCloud\Roadboard\Software\Road-Board-December-2016N7\EWARM\Road
#        Brd MSTR Rev L Long Always\Obj\Rd_Sound.o"
#        "D:\GoogleDriveCLT\GoogleDrive\WeatherCloud\Roadboard\Software\Road-Board-December-2016N7\EWARM\Road
#        Brd MSTR Rev L Long Always\Obj\RGBLight.o"
#        "D:\GoogleDriveCLT\GoogleDrive\WeatherCloud\Roadboard\Software\Road-Board-December-2016N7\EWARM\Road
#        Brd MSTR Rev L Long Always\Obj\startup_stm32l152xe.o"
#        "D:\GoogleDriveCLT\GoogleDrive\WeatherCloud\Roadboard\Software\Road-Board-December-2016N7\EWARM\Road
#        Brd MSTR Rev L Long Always\Obj\stm32l1xx_hal.o"
#        "D:\GoogleDriveCLT\GoogleDrive\WeatherCloud\Roadboard\Software\Road-Board-December-2016N7\EWARM\Road
#        Brd MSTR Rev L Long Always\Obj\stm32l1xx_hal_adc.o"
#        "D:\GoogleDriveCLT\GoogleDrive\WeatherCloud\Roadboard\Software\Road-Board-December-2016N7\EWARM\Road
#        Brd MSTR Rev L Long Always\Obj\stm32l1xx_hal_adc_ex.o"
#        "D:\GoogleDriveCLT\GoogleDrive\WeatherCloud\Roadboard\Software\Road-Board-December-2016N7\EWARM\Road
#        Brd MSTR Rev L Long Always\Obj\stm32l1xx_hal_cortex.o"
#        "D:\GoogleDriveCLT\GoogleDrive\WeatherCloud\Roadboard\Software\Road-Board-December-2016N7\EWARM\Road
#        Brd MSTR Rev L Long Always\Obj\stm32l1xx_hal_dma.o"
#        "D:\GoogleDriveCLT\GoogleDrive\WeatherCloud\Roadboard\Software\Road-Board-December-2016N7\EWARM\Road
#        Brd MSTR Rev L Long Always\Obj\stm32l1xx_hal_flash.o"
#        "D:\GoogleDriveCLT\GoogleDrive\WeatherCloud\Roadboard\Software\Road-Board-December-2016N7\EWARM\Road
#        Brd MSTR Rev L Long Always\Obj\stm32l1xx_hal_flash_ex.o"
#        "D:\GoogleDriveCLT\GoogleDrive\WeatherCloud\Roadboard\Software\Road-Board-December-2016N7\EWARM\Road
#        Brd MSTR Rev L Long Always\Obj\stm32l1xx_hal_flash_ramfunc.o"
#        "D:\GoogleDriveCLT\GoogleDrive\WeatherCloud\Roadboard\Software\Road-Board-December-2016N7\EWARM\Road
#        Brd MSTR Rev L Long Always\Obj\stm32l1xx_hal_gpio.o"
#        "D:\GoogleDriveCLT\GoogleDrive\WeatherCloud\Roadboard\Software\Road-Board-December-2016N7\EWARM\Road
#        Brd MSTR Rev L Long Always\Obj\stm32l1xx_hal_i2c.o"
#        "D:\GoogleDriveCLT\GoogleDrive\WeatherCloud\Roadboard\Software\Road-Board-December-2016N7\EWARM\Road
#        Brd MSTR Rev L Long Always\Obj\stm32l1xx_hal_msp.o"
#        "D:\GoogleDriveCLT\GoogleDrive\WeatherCloud\Roadboard\Software\Road-Board-December-2016N7\EWARM\Road
#        Brd MSTR Rev L Long Always\Obj\stm32l1xx_hal_pcd.o"
#        "D:\GoogleDriveCLT\GoogleDrive\WeatherCloud\Roadboard\Software\Road-Board-December-2016N7\EWARM\Road
#        Brd MSTR Rev L Long Always\Obj\stm32l1xx_hal_pcd_ex.o"
#        "D:\GoogleDriveCLT\GoogleDrive\WeatherCloud\Roadboard\Software\Road-Board-December-2016N7\EWARM\Road
#        Brd MSTR Rev L Long Always\Obj\stm32l1xx_hal_pwr.o"
#        "D:\GoogleDriveCLT\GoogleDrive\WeatherCloud\Roadboard\Software\Road-Board-December-2016N7\EWARM\Road
#        Brd MSTR Rev L Long Always\Obj\stm32l1xx_hal_pwr_ex.o"
#        "D:\GoogleDriveCLT\GoogleDrive\WeatherCloud\Roadboard\Software\Road-Board-December-2016N7\EWARM\Road
#        Brd MSTR Rev L Long Always\Obj\stm32l1xx_hal_rcc.o"
#        "D:\GoogleDriveCLT\GoogleDrive\WeatherCloud\Roadboard\Software\Road-Board-December-2016N7\EWARM\Road
#        Brd MSTR Rev L Long Always\Obj\stm32l1xx_hal_rcc_ex.o"
#        "D:\GoogleDriveCLT\GoogleDrive\WeatherCloud\Roadboard\Software\Road-Board-December-2016N7\EWARM\Road
#        Brd MSTR Rev L Long Always\Obj\stm32l1xx_hal_tim.o"
#        "D:\GoogleDriveCLT\GoogleDrive\WeatherCloud\Roadboard\Software\Road-Board-December-2016N7\EWARM\Road
#        Brd MSTR Rev L Long Always\Obj\stm32l1xx_hal_tim_ex.o"
#        "D:\GoogleDriveCLT\GoogleDrive\WeatherCloud\Roadboard\Software\Road-Board-December-2016N7\EWARM\Road
#        Brd MSTR Rev L Long Always\Obj\stm32l1xx_hal_timebase_TIM.o"
#        "D:\GoogleDriveCLT\GoogleDrive\WeatherCloud\Roadboard\Software\Road-Board-December-2016N7\EWARM\Road
#        Brd MSTR Rev L Long Always\Obj\stm32l1xx_hal_uart.o"
#        "D:\GoogleDriveCLT\GoogleDrive\WeatherCloud\Roadboard\Software\Road-Board-December-2016N7\EWARM\Road
#        Brd MSTR Rev L Long Always\Obj\stm32l1xx_hal_wwdg.o"
#        "D:\GoogleDriveCLT\GoogleDrive\WeatherCloud\Roadboard\Software\Road-Board-December-2016N7\EWARM\Road
#        Brd MSTR Rev L Long Always\Obj\stm32l1xx_it.o"
#        "D:\GoogleDriveCLT\GoogleDrive\WeatherCloud\Roadboard\Software\Road-Board-December-2016N7\EWARM\Road
#        Brd MSTR Rev L Long Always\Obj\stm32l1xx_nucleo.o"
#        "D:\GoogleDriveCLT\GoogleDrive\WeatherCloud\Roadboard\Software\Road-Board-December-2016N7\EWARM\Road
#        Brd MSTR Rev L Long Always\Obj\system_stm32l1xx.o"
#        "D:\GoogleDriveCLT\GoogleDrive\WeatherCloud\Roadboard\Software\Road-Board-December-2016N7\EWARM\Road
#        Brd MSTR Rev L Long Always\Obj\tasks.o"
#        "D:\GoogleDriveCLT\GoogleDrive\WeatherCloud\Roadboard\Software\Road-Board-December-2016N7\EWARM\Road
#        Brd MSTR Rev L Long Always\Obj\Temperature.o"
#        "D:\GoogleDriveCLT\GoogleDrive\WeatherCloud\Roadboard\Software\Road-Board-December-2016N7\EWARM\Road
#        Brd MSTR Rev L Long Always\Obj\tim.o"
#        "D:\GoogleDriveCLT\GoogleDrive\WeatherCloud\Roadboard\Software\Road-Board-December-2016N7\EWARM\Road
#        Brd MSTR Rev L Long Always\Obj\timers.o"
#        "D:\GoogleDriveCLT\GoogleDrive\WeatherCloud\Roadboard\Software\Road-Board-December-2016N7\EWARM\Road
#        Brd MSTR Rev L Long Always\Obj\usart.o"
#        "D:\GoogleDriveCLT\GoogleDrive\WeatherCloud\Roadboard\Software\Road-Board-December-2016N7\EWARM\Road
#        Brd MSTR Rev L Long Always\Obj\usb_device.o"
#        "D:\GoogleDriveCLT\GoogleDrive\WeatherCloud\Roadboard\Software\Road-Board-December-2016N7\EWARM\Road
#        Brd MSTR Rev L Long Always\Obj\usbd_cdc.o"
#        "D:\GoogleDriveCLT\GoogleDrive\WeatherCloud\Roadboard\Software\Road-Board-December-2016N7\EWARM\Road
#        Brd MSTR Rev L Long Always\Obj\usbd_cdc_if.o"
#        "D:\GoogleDriveCLT\GoogleDrive\WeatherCloud\Roadboard\Software\Road-Board-December-2016N7\EWARM\Road
#        Brd MSTR Rev L Long Always\Obj\usbd_conf.o"
#        "D:\GoogleDriveCLT\GoogleDrive\WeatherCloud\Roadboard\Software\Road-Board-December-2016N7\EWARM\Road
#        Brd MSTR Rev L Long Always\Obj\usbd_core.o"
#        "D:\GoogleDriveCLT\GoogleDrive\WeatherCloud\Roadboard\Software\Road-Board-December-2016N7\EWARM\Road
#        Brd MSTR Rev L Long Always\Obj\usbd_ctlreq.o"
#        "D:\GoogleDriveCLT\GoogleDrive\WeatherCloud\Roadboard\Software\Road-Board-December-2016N7\EWARM\Road
#        Brd MSTR Rev L Long Always\Obj\usbd_desc.o"
#        "D:\GoogleDriveCLT\GoogleDrive\WeatherCloud\Roadboard\Software\Road-Board-December-2016N7\EWARM\Road
#        Brd MSTR Rev L Long Always\Obj\usbd_ioreq.o"
#        "D:\GoogleDriveCLT\GoogleDrive\WeatherCloud\Roadboard\Software\Road-Board-December-2016N7\EWARM\Road
#        Brd MSTR Rev L Long Always\Obj\VMonitor.o"
#        "D:\GoogleDriveCLT\GoogleDrive\WeatherCloud\Roadboard\Software\Road-Board-December-2016N7\EWARM\Road
#        Brd MSTR Rev L Long Always\Obj\wwdg.o" --redirect _Printf=_PrintfFull
#        --redirect _Scanf=_ScanfFull -o
#        "D:\GoogleDriveCLT\GoogleDrive\WeatherCloud\Roadboard\Software\Road-Board-December-2016N7\EWARM\Road
#        Brd MSTR Rev L Long Always\Exe\Road Board Rev K NUCLEO V1.1 Jul 12
#        2016.out" --map
#        "D:\GoogleDriveCLT\GoogleDrive\WeatherCloud\Roadboard\Software\Road-Board-December-2016N7\EWARM\Road
#        Brd MSTR Rev L Long Always\List\Road Board Rev K NUCLEO V1.1 Jul 12
#        2016.map" --config
#        D:\GoogleDriveCLT\GoogleDrive\WeatherCloud\Roadboard\Software\Road-Board-December-2016N7\EWARM/stm32l152xe_flash.icf
#        --semihosting --entry __iar_program_start --vfe
#
###############################################################################

*******************************************************************************
*** RUNTIME MODEL ATTRIBUTES
***

CppFlavor                     = *
__Heap_Handler                = Basic
__SystemLibrary               = DLib
__dlib_dynamic_initialization = normal


*******************************************************************************
*** PLACEMENT SUMMARY
***

"A1":  place at 0x08000000 { ro section .intvec };
"P1":  place in [from 0x08000000 to 0x0807ffff] { ro };
"P2":  place in [from 0x20000000 to 0x20013fff] { rw, block CSTACK, block HEAP };
initialize by copy { rw };

  Section             Kind        Address     Size  Object
  -------             ----        -------     ----  ------
"A1":                                        0x124
  .intvec             ro code  0x08000000    0x124  startup_stm32l152xe.o [1]
                             - 0x08000124    0x124

"P1":                                      0x12998
  .text               ro code  0x08000124   0x1ef4  parser.o [1]
  .text               ro code  0x08002018     0x36  strlen.o [5]
  .text               ro code  0x0800204e      0xa  xsprout.o [3]
  .text               ro code  0x08002058     0x44  strcpy_unaligned.o [5]
  .text               ro code  0x0800209c    0x4bc  usart.o [1]
  .text               ro code  0x08002558    0x868  bgm111.o [1]
  .text               ro code  0x08002dc0    0x230  Rd_Sound.o [1]
  .text               ro code  0x08002ff0     0x34  sprintf.o [3]
  .text               ro code  0x08003024     0x1c  strcat.o [3]
  .text               ro code  0x08003040    0x1f8  barometer.o [1]
  .text               ro code  0x08003238   0x1058  app_data.o [1]
  .text               ro code  0x08004290    0xd98  GridEye.o [1]
  .text               ro code  0x08005028    0x4c0  VMonitor.o [1]
  .text               ro code  0x080054e8    0x6c8  Humidity.o [1]
  .text               ro code  0x08005bb0    0x16c  Temperature.o [1]
  .text               ro code  0x08005d1c    0x344  RGBLight.o [1]
  .text               ro code  0x08006060    0x1c4  gpio.o [1]
  .text               ro code  0x08006224    0x4e0  i2c.o [1]
  .text               ro code  0x08006704    0x1b0  stm32l1xx_hal_cortex.o [1]
  .text               ro code  0x080068b4    0x8ec  stm32l1xx_hal_uart.o [1]
  .text               ro code  0x080071a0    0x576  main.o [1]
  .text               ro code  0x08007718    0x378  stm32l1xx_hal_gpio.o [1]
  .text               ro code  0x08007a90    0x1b0  gecko_bglib.o [1]
  .text               ro code  0x08007c40    0x13e  ErrorCodes.o [1]
  .text               ro code  0x08007d7e     0x2c  strncmp.o [3]
  .text               ro code  0x08007dac    0x2bc  adc.o [1]
  .text               ro code  0x08008068    0x240  fix_fft.o [1]
  .text               ro code  0x080082a8     0x30  I32ToDbl.o [4]
  .text               ro code  0x080082d8     0xf0  sqrt.o [4]
  .text               ro code  0x080083c8     0x90  DblToFlt.o [4]
  .text               ro code  0x08008458     0x44  FltToS32.o [4]
  .text               ro code  0x0800849c   0x119e  xprintffull.o [3]
  .text               ro code  0x0800963c    0x248  lps25hb.o [1]
  .text               ro code  0x08009884     0x4e  FltToDbl.o [4]
  .text               ro code  0x080098d4    0x1a2  DblMul.o [4]
  .text               ro code  0x08009a78     0x58  DblToI32.o [4]
  .text               ro code  0x08009ad0     0xb8  modf.o [4]
  .text               ro code  0x08009b88     0xd8  FltMul.o [4]
  .text               ro code  0x08009c60     0xe8  DblAdd.o [4]
  .text               ro code  0x08009d48    0x128  wwdg.o [1]
  .text               ro code  0x08009e70     0x42  strcmp_unaligned.o [5]
  .text               ro code  0x08009eb4     0x48  stm32l1xx_hal.o [1]
  .text               ro code  0x08009efc     0x6c  strncpy_unaligned.o [5]
  .text               ro code  0x08009f68     0x32  I32ToFlt.o [4]
  .text               ro code  0x08009f9c     0x44  round.o [4]
  .text               ro code  0x08009fe0     0x24  FltCmpGe.o [4]
  .text               ro code  0x0800a004     0xfc  FltDiv.o [4]
  .text               ro code  0x0800a100     0x84  FltAdd.o [4]
  .text               ro code  0x0800a184   0x1018  stm32l1xx_hal_i2c.o [1]
  .text               ro code  0x0800b19c    0xcd4  stm32l1xx_hal_rcc.o [1]
  .text               ro code  0x0800be70     0x30  dma.o [1]
  .text               ro code  0x0800bea0    0x224  tim.o [1]
  .text               ro code  0x0800c0c4    0x82a  stm32l1xx_hal_adc.o [1]
  .text               ro code  0x0800c8f0    0xefe  stm32l1xx_hal_dma.o [1]
  .text               ro code  0x0800d7ee     0x1c  fix_fft.o [1]
  .text               ro code  0x0800d80c      0xc  iarEdom.o [5]
  .text               ro code  0x0800d818     0x20  xmbtowc.o [3]
  .text               ro code  0x0800d838     0x16  strchr.o [5]
  .text               ro code  0x0800d850     0x58  memchr.o [5]
  .text               ro code  0x0800d8a8      0xa  xmbcurmax.o [3]
  .text               ro code  0x0800d8b4     0xb0  xxmemxmalloc.o [3]
  .text               ro code  0x0800d964     0x1a  xwctomb.o [3]
  .text               ro code  0x0800d980     0x76  ABImemcpy_unaligned.o [5]
  .text               ro code  0x0800d9f8     0x80  xxmemxfree.o [3]
  .text               ro code  0x0800da78     0xee  I64DivMod.o [5]
  .text               ro code  0x0800db66     0x44  xdnorm.o [4]
  .text               ro code  0x0800dbac     0x2e  DblCmpLe.o [4]
  .text               ro code  0x0800dbdc     0x2e  DblCmpGe.o [4]
  .text               ro code  0x0800dc0c    0x10c  xdscale.o [4]
  .text               ro code  0x0800dd18    0x180  DblSub.o [4]
  .text               ro code  0x0800de98    0x256  DblDiv.o [4]
  .text               ro code  0x0800e0f0     0x6c  localeconv.o [3]
  .text               ro code  0x0800e15c      0xe  div.o [3]
  .text               ro code  0x0800e16a     0xd6  stm32l1xx_hal_wwdg.o [1]
  .text               ro code  0x0800e240    0x158  Flash.o [1]
  .text               ro code  0x0800e398     0x90  stm32l1xx_hal_timebase_TIM.o [1]
  .text               ro code  0x0800e428     0x98  stm32l1xx_hal_msp.o [1]
  .text               ro code  0x0800e4c0     0x5e  ABImemset.o [5]
  .text               ro code  0x0800e51e     0x7a  xdint.o [4]
  .text               ro code  0x0800e598     0xd6  FltSub.o [4]
  .text               ro code  0x0800e670     0x10  stm32l1xx_hal_pwr_ex.o [1]
  .text               ro code  0x0800e680    0x3da  stm32l1xx_hal_tim.o [1]
  .text               ro code  0x0800ea5a     0x5e  stm32l1xx_hal_tim_ex.o [1]
  .text               ro code  0x0800eab8      0xc  errno.o [3]
  .text               ro code  0x0800eac4     0x14  setlocale.o [3]
  .text               ro code  0x0800ead8     0x60  xencoding_sb.o [3]
  .text               ro code  0x0800eb38     0x2c  xgetmemchunk.o [3]
  .text               ro code  0x0800eb64      0x2  I64DivZer.o [5]
  .text               ro code  0x0800eb66      0x2  xtls.o [3]
  .text               ro code  0x0800eb68    0x198  stm32l1xx_hal_flash.o [1]
  .text               ro code  0x0800ed00     0x5e  ceil.o [4]
  .text               ro code  0x0800ed60     0xcc  stm32l1xx_hal_flash_ex.o [1]
  .text               ro code  0x0800ee2c   0x1074  stm32l1xx_hal_pcd.o [1]
  .text               ro code  0x0800fea0    0x198  usbd_conf.o [1]
  .text               ro code  0x08010038    0x2c8  usbd_core.o [1]
  .text               ro code  0x08010300    0x608  usbd_ctlreq.o [1]
  .text               ro code  0x08010908     0x90  usbd_ioreq.o [1]
  .text               ro code  0x08010998    0x224  tasks.o [1]
  CODE                ro code  0x08010bbc     0x94  portasm.o [1]
  .text               ro code  0x08010c50     0x40  list.o [1]
  .text               ro code  0x08010c90     0x84  stm32l1xx_it.o [1]
  .text               ro code  0x08010d14     0x10  cmsis_os.o [1]
  .text               ro code  0x08010d24     0x24  port.o [1]
  .rodata             const    0x08010d48     0x80  fix_fft.o [1]
  .text               ro code  0x08010dc8     0x64  system_stm32l1xx.o [1]
  .rodata             const    0x08010e2c     0x58  ErrorCodes.o [1]
  .rodata             const    0x08010e84     0x48  parser.o [1]
  .rodata             const    0x08010ecc     0x48  parser.o [1]
  .rodata             const    0x08010f14     0x44  parser.o [1]
  .rodata             const    0x08010f58     0x44  parser.o [1]
  .rodata             const    0x08010f9c     0x44  parser.o [1]
  .rodata             const    0x08010fe0     0x40  main.o [1]
  .rodata             const    0x08011020     0x40  main.o [1]
  .rodata             const    0x08011060     0x40  parser.o [1]
  .rodata             const    0x080110a0     0x40  parser.o [1]
  .rodata             const    0x080110e0     0x40  parser.o [1]
  .rodata             const    0x08011120     0x40  parser.o [1]
  .rodata             const    0x08011160     0x40  parser.o [1]
  .rodata             const    0x080111a0     0x40  parser.o [1]
  .text               ro code  0x080111e0     0x40  zero_init3.o [5]
  .rodata             const    0x08011220     0x3c  parser.o [1]
  .rodata             const    0x0801125c     0x3c  parser.o [1]
  .rodata             const    0x08011298     0x3c  parser.o [1]
  .rodata             const    0x080112d4     0x3c  parser.o [1]
  .rodata             const    0x08011310     0x38  parser.o [1]
  .rodata             const    0x08011348     0x38  parser.o [1]
  .rodata             const    0x08011380     0x38  parser.o [1]
  .rodata             const    0x080113b8     0x38  parser.o [1]
  .rodata             const    0x080113f0     0x38  parser.o [1]
  .text               ro code  0x08011428     0x38  packbits_init_single.o [5]
  .rodata             const    0x08011460     0x34  main.o [1]
  .rodata             const    0x08011494     0x34  parser.o [1]
  .rodata             const    0x080114c8     0x34  parser.o [1]
  .rodata             const    0x080114fc     0x34  parser.o [1]
  .rodata             const    0x08011530     0x34  parser.o [1]
  .rodata             const    0x08011564     0x30  parser.o [1]
  .rodata             const    0x08011594     0x30  parser.o [1]
  .rodata             const    0x080115c4     0x30  parser.o [1]
  .rodata             const    0x080115f4     0x30  parser.o [1]
  .rodata             const    0x08011624     0x30  parser.o [1]
  .rodata             const    0x08011654     0x2c  main.o [1]
  .rodata             const    0x08011680     0x2c  parser.o [1]
  .rodata             const    0x080116ac     0x2c  parser.o [1]
  .rodata             const    0x080116d8     0x2c  parser.o [1]
  .rodata             const    0x08011704     0x2c  parser.o [1]
  .rodata             const    0x08011730     0x2c  parser.o [1]
  .rodata             const    0x0801175c     0x2c  parser.o [1]
  .rodata             const    0x08011788     0x2c  parser.o [1]
  .rodata             const    0x080117b4     0x2c  parser.o [1]
  .rodata             const    0x080117e0     0x28  parser.o [1]
  .rodata             const    0x08011808     0x28  parser.o [1]
  .rodata             const    0x08011830     0x28  parser.o [1]
  .rodata             const    0x08011858     0x28  parser.o [1]
  .rodata             const    0x08011880     0x28  parser.o [1]
  .rodata             const    0x080118a8     0x28  parser.o [1]
  .rodata             const    0x080118d0     0x28  parser.o [1]
  .rodata             const    0x080118f8     0x28  parser.o [1]
  .rodata             const    0x08011920     0x28  parser.o [1]
  .rodata             const    0x08011948     0x28  parser.o [1]
  .rodata             const    0x08011970     0x28  parser.o [1]
  .rodata             const    0x08011998     0x28  parser.o [1]
  .rodata             const    0x080119c0     0x28  parser.o [1]
  .rodata             const    0x080119e8     0x28  parser.o [1]
  .rodata             const    0x08011a10     0x28  parser.o [1]
  .rodata             const    0x08011a38     0x28  parser.o [1]
  .rodata             const    0x08011a60     0x28  parser.o [1]
  .rodata             const    0x08011a88     0x28  parser.o [1]
  .rodata             const    0x08011ab0     0x28  parser.o [1]
  .rodata             const    0x08011ad8     0x28  parser.o [1]
  .rodata             const    0x08011b00     0x28  parser.o [1]
  .rodata             const    0x08011b28     0x28  parser.o [1]
  .rodata             const    0x08011b50     0x28  parser.o [1]
  .rodata             const    0x08011b78     0x28  parser.o [1]
  .rodata             const    0x08011ba0     0x28  parser.o [1]
  .rodata             const    0x08011bc8     0x28  parser.o [1]
  .rodata             const    0x08011bf0     0x28  parser.o [1]
  .rodata             const    0x08011c18     0x28  parser.o [1]
  .rodata             const    0x08011c40     0x28  parser.o [1]
  .rodata             const    0x08011c68     0x28  parser.o [1]
  .rodata             const    0x08011c90     0x28  parser.o [1]
  .rodata             const    0x08011cb8     0x28  parser.o [1]
  .rodata             const    0x08011ce0     0x28  parser.o [1]
  .text               ro code  0x08011d08     0x28  data_init.o [5]
  .rodata             const    0x08011d30     0x24  parser.o [1]
  .rodata             const    0x08011d54     0x24  parser.o [1]
  .rodata             const    0x08011d78     0x24  parser.o [1]
  .rodata             const    0x08011d9c     0x24  parser.o [1]
  .rodata             const    0x08011dc0     0x24  parser.o [1]
  .rodata             const    0x08011de4     0x24  parser.o [1]
  .rodata             const    0x08011e08     0x24  parser.o [1]
  .rodata             const    0x08011e2c     0x24  parser.o [1]
  .iar.init_table     const    0x08011e50     0x28  - Linker created -
  .rodata             const    0x08011e78     0x20  app_data.o [1]
  .rodata             const    0x08011e98     0x20  app_data.o [1]
  .rodata             const    0x08011eb8     0x20  bgm111.o [1]
  .rodata             const    0x08011ed8     0x20  bgm111.o [1]
  .rodata             const    0x08011ef8     0x20  parser.o [1]
  .rodata             const    0x08011f18     0x20  parser.o [1]
  .rodata             const    0x08011f38     0x20  parser.o [1]
  .rodata             const    0x08011f58     0x20  parser.o [1]
  .rodata             const    0x08011f78     0x20  parser.o [1]
  .rodata             const    0x08011f98     0x20  parser.o [1]
  .rodata             const    0x08011fb8     0x20  parser.o [1]
  .rodata             const    0x08011fd8     0x20  parser.o [1]
  .rodata             const    0x08011ff8     0x20  parser.o [1]
  .rodata             const    0x08012018     0x20  parser.o [1]
  .rodata             const    0x08012038     0x20  parser.o [1]
  .rodata             const    0x08012058     0x1c  bgm111.o [1]
  .rodata             const    0x08012074     0x1c  bgm111.o [1]
  .rodata             const    0x08012090     0x1c  bgm111.o [1]
  .rodata             const    0x080120ac     0x1c  ErrorCodes.o [1]
  .rodata             const    0x080120c8     0x1c  parser.o [1]
  .rodata             const    0x080120e4     0x1c  parser.o [1]
  .rodata             const    0x08012100     0x1c  parser.o [1]
  .text               ro code  0x0801211c     0x1a  cmain.o [5]
  .text               ro code  0x08012136      0x4  low_level_init.o [3]
  .text               ro code  0x0801213a      0x4  exit.o [3]
  .text               ro code  0x08012140      0xa  cexit.o [5]
  .text               ro code  0x0801214c     0x14  exit.o [6]
  .rodata             const    0x08012160     0x18  app_data.o [1]
  .rodata             const    0x08012178     0x18  bgm111.o [1]
  .rodata             const    0x08012190     0x18  parser.o [1]
  .rodata             const    0x080121a8     0x18  parser.o [1]
  .rodata             const    0x080121c0     0x18  parser.o [1]
  .rodata             const    0x080121d8     0x18  parser.o [1]
  .rodata             const    0x080121f0     0x18  parser.o [1]
  .rodata             const    0x08012208     0x18  parser.o [1]
  .rodata             const    0x08012220     0x18  parser.o [1]
  .rodata             const    0x08012238     0x18  parser.o [1]
  .rodata             const    0x08012250     0x18  parser.o [1]
  .rodata             const    0x08012268     0x18  parser.o [1]
  .rodata             const    0x08012280     0x18  parser.o [1]
  .rodata             const    0x08012298     0x14  app_data.o [1]
  .rodata             const    0x080122ac     0x14  app_data.o [1]
  .rodata             const    0x080122c0     0x14  app_data.o [1]
  .rodata             const    0x080122d4     0x14  app_data.o [1]
  .rodata             const    0x080122e8     0x14  app_data.o [1]
  .rodata             const    0x080122fc     0x14  app_data.o [1]
  .rodata             const    0x08012310     0x14  app_data.o [1]
  .rodata             const    0x08012324     0x14  app_data.o [1]
  .rodata             const    0x08012338     0x14  app_data.o [1]
  .rodata             const    0x0801234c     0x14  app_data.o [1]
  .rodata             const    0x08012360     0x14  app_data.o [1]
  .rodata             const    0x08012374     0x14  app_data.o [1]
  .rodata             const    0x08012388     0x14  app_data.o [1]
  .rodata             const    0x0801239c     0x14  app_data.o [1]
  .rodata             const    0x080123b0     0x14  app_data.o [1]
  .rodata             const    0x080123c4     0x14  app_data.o [1]
  .rodata             const    0x080123d8     0x14  app_data.o [1]
  .rodata             const    0x080123ec     0x14  app_data.o [1]
  .rodata             const    0x08012400     0x14  app_data.o [1]
  .rodata             const    0x08012414     0x14  app_data.o [1]
  .rodata             const    0x08012428     0x14  app_data.o [1]
  .rodata             const    0x0801243c     0x14  app_data.o [1]
  .rodata             const    0x08012450     0x14  app_data.o [1]
  .rodata             const    0x08012464     0x14  app_data.o [1]
  .rodata             const    0x08012478     0x14  app_data.o [1]
  .rodata             const    0x0801248c     0x14  app_data.o [1]
  .rodata             const    0x080124a0     0x14  app_data.o [1]
  .rodata             const    0x080124b4     0x14  app_data.o [1]
  .rodata             const    0x080124c8     0x14  bgm111.o [1]
  .rodata             const    0x080124dc     0x14  bgm111.o [1]
  .rodata             const    0x080124f0     0x14  bgm111.o [1]
  .rodata             const    0x08012504     0x14  bgm111.o [1]
  .rodata             const    0x08012518     0x14  bgm111.o [1]
  .rodata             const    0x0801252c     0x14  ErrorCodes.o [1]
  .rodata             const    0x08012540     0x14  gpio.o [1]
  .rodata             const    0x08012554     0x14  parser.o [1]
  .rodata             const    0x08012568     0x14  parser.o [1]
  .rodata             const    0x0801257c     0x14  parser.o [1]
  .rodata             const    0x08012590     0x14  parser.o [1]
  .rodata             const    0x080125a4     0x14  parser.o [1]
  .rodata             const    0x080125b8     0x14  parser.o [1]
  .rodata             const    0x080125cc     0x14  parser.o [1]
  .rodata             const    0x080125e0     0x14  parser.o [1]
  .rodata             const    0x080125f4     0x14  parser.o [1]
  .rodata             const    0x08012608     0x10  app_data.o [1]
  .rodata             const    0x08012618     0x10  app_data.o [1]
  .rodata             const    0x08012628     0x10  bgm111.o [1]
  .rodata             const    0x08012638     0x10  bgm111.o [1]
  .rodata             const    0x08012648     0x10  bgm111.o [1]
  .rodata             const    0x08012658     0x10  bgm111.o [1]
  .rodata             const    0x08012668     0x10  bgm111.o [1]
  .rodata             const    0x08012678     0x10  main.o [1]
  .rodata             const    0x08012688     0x10  parser.o [1]
  .rodata             const    0x08012698     0x10  parser.o [1]
  .rodata             const    0x080126a8     0x10  parser.o [1]
  .rodata             const    0x080126b8     0x10  parser.o [1]
  .rodata             const    0x080126c8     0x10  parser.o [1]
  .rodata             const    0x080126d8     0x10  parser.o [1]
  .rodata             const    0x080126e8     0x10  parser.o [1]
  .rodata             const    0x080126f8     0x10  system_stm32l1xx.o [1]
  .text               ro code  0x08012708     0x10  startup_stm32l152xe.o [1]
  .rodata             const    0x08012718      0xc  app_data.o [1]
  .rodata             const    0x08012724      0xc  bgm111.o [1]
  .rodata             const    0x08012730      0xc  bgm111.o [1]
  .rodata             const    0x0801273c      0xc  bgm111.o [1]
  .rodata             const    0x08012748      0xc  bgm111.o [1]
  .rodata             const    0x08012754      0xc  bgm111.o [1]
  .rodata             const    0x08012760      0xc  parser.o [1]
  .rodata             const    0x0801276c      0xc  parser.o [1]
  .rodata             const    0x08012778      0xc  parser.o [1]
  .rodata             const    0x08012784      0xc  parser.o [1]
  .rodata             const    0x08012790      0xc  parser.o [1]
  .rodata             const    0x0801279c      0xc  parser.o [1]
  .rodata             const    0x080127a8      0xc  parser.o [1]
  .rodata             const    0x080127b4      0xc  stm32l1xx_hal_rcc.o [1]
  .text               ro code  0x080127c0      0xc  cstartup_M.o [5]
  .rodata             const    0x080127cc      0x8  app_data.o [1]
  .rodata             const    0x080127d4      0x8  app_data.o [1]
  .rodata             const    0x080127dc      0x8  app_data.o [1]
  .rodata             const    0x080127e4      0x8  app_data.o [1]
  .rodata             const    0x080127ec      0x8  barometer.o [1]
  .rodata             const    0x080127f4      0x8  barometer.o [1]
  .rodata             const    0x080127fc      0x8  barometer.o [1]
  .rodata             const    0x08012804      0x8  barometer.o [1]
  .rodata             const    0x0801280c      0x8  barometer.o [1]
  .rodata             const    0x08012814      0x8  bgm111.o [1]
  .rodata             const    0x0801281c      0x8  bgm111.o [1]
  .rodata             const    0x08012824      0x8  bgm111.o [1]
  .rodata             const    0x0801282c      0x8  ErrorCodes.o [1]
  .rodata             const    0x08012834      0x8  ErrorCodes.o [1]
  .rodata             const    0x0801283c      0x8  ErrorCodes.o [1]
  .rodata             const    0x08012844      0x8  ErrorCodes.o [1]
  .rodata             const    0x0801284c      0x8  ErrorCodes.o [1]
  .rodata             const    0x08012854      0x8  ErrorCodes.o [1]
  .rodata             const    0x0801285c      0x8  ErrorCodes.o [1]
  .rodata             const    0x08012864      0x8  ErrorCodes.o [1]
  .rodata             const    0x0801286c      0x8  ErrorCodes.o [1]
  .rodata             const    0x08012874      0x8  ErrorCodes.o [1]
  .rodata             const    0x0801287c      0x8  ErrorCodes.o [1]
  .rodata             const    0x08012884      0x8  ErrorCodes.o [1]
  .rodata             const    0x0801288c      0x8  ErrorCodes.o [1]
  .rodata             const    0x08012894      0x8  ErrorCodes.o [1]
  .rodata             const    0x0801289c      0x8  ErrorCodes.o [1]
  .rodata             const    0x080128a4      0x8  ErrorCodes.o [1]
  .rodata             const    0x080128ac      0x8  ErrorCodes.o [1]
  .rodata             const    0x080128b4      0x8  ErrorCodes.o [1]
  .rodata             const    0x080128bc      0x8  ErrorCodes.o [1]
  .rodata             const    0x080128c4      0x8  ErrorCodes.o [1]
  .rodata             const    0x080128cc      0x8  ErrorCodes.o [1]
  .rodata             const    0x080128d4      0x8  ErrorCodes.o [1]
  .rodata             const    0x080128dc      0x8  GridEye.o [1]
  .rodata             const    0x080128e4      0x8  GridEye.o [1]
  .rodata             const    0x080128ec      0x8  GridEye.o [1]
  .rodata             const    0x080128f4      0x8  Humidity.o [1]
  .rodata             const    0x080128fc      0x8  Humidity.o [1]
  .rodata             const    0x08012904      0x8  Humidity.o [1]
  .rodata             const    0x0801290c      0x8  Humidity.o [1]
  .rodata             const    0x08012914      0x8  main.o [1]
  .rodata             const    0x0801291c      0x8  main.o [1]
  .rodata             const    0x08012924      0x8  parser.o [1]
  .rodata             const    0x0801292c      0x8  parser.o [1]
  .rodata             const    0x08012934      0x8  parser.o [1]
  .rodata             const    0x0801293c      0x8  Rd_Sound.o [1]
  .rodata             const    0x08012944      0x8  RGBLight.o [1]
  .rodata             const    0x0801294c      0x8  RGBLight.o [1]
  .rodata             const    0x08012954      0x8  system_stm32l1xx.o [1]
  .rodata             const    0x0801295c      0x8  Temperature.o [1]
  .rodata             const    0x08012964      0x8  Temperature.o [1]
  .rodata             const    0x0801296c      0x8  Temperature.o [1]
  .rodata             const    0x08012974      0x8  VMonitor.o [1]
  .rodata             const    0x0801297c      0x8  VMonitor.o [1]
  .rodata             const    0x08012984      0x8  VMonitor.o [1]
  .rodata             const    0x0801298c      0x8  VMonitor.o [1]
  .rodata             const    0x08012994      0x8  VMonitor.o [1]
  .rodata             const    0x0801299c      0x4  stm32l1xx_hal_rcc.o [1]
  .text               ro code  0x080129a0      0x4  startup_stm32l152xe.o [1]
  .text               ro code  0x080129a4      0x4  startup_stm32l152xe.o [1]
  .text               ro code  0x080129a8      0x4  startup_stm32l152xe.o [1]
  .text               ro code  0x080129ac      0x4  startup_stm32l152xe.o [1]
  .text               ro code  0x080129b0      0x4  startup_stm32l152xe.o [1]
  .text               ro code  0x080129b4      0x4  startup_stm32l152xe.o [1]
  .text               ro code  0x080129b8      0x4  startup_stm32l152xe.o [1]
  .text               ro code  0x080129bc      0x4  startup_stm32l152xe.o [1]
  .text               ro code  0x080129c0      0x4  startup_stm32l152xe.o [1]
  .text               ro code  0x080129c4      0x4  startup_stm32l152xe.o [1]
  .text               ro code  0x080129c8      0x4  startup_stm32l152xe.o [1]
  .text               ro code  0x080129cc      0x4  startup_stm32l152xe.o [1]
  .text               ro code  0x080129d0      0x4  startup_stm32l152xe.o [1]
  .text               ro code  0x080129d4      0x4  startup_stm32l152xe.o [1]
  .text               ro code  0x080129d8      0x4  startup_stm32l152xe.o [1]
  .text               ro code  0x080129dc      0x4  startup_stm32l152xe.o [1]
  .text               ro code  0x080129e0      0x4  startup_stm32l152xe.o [1]
  .text               ro code  0x080129e4      0x4  startup_stm32l152xe.o [1]
  .text               ro code  0x080129e8      0x4  startup_stm32l152xe.o [1]
  .text               ro code  0x080129ec      0x4  startup_stm32l152xe.o [1]
  .text               ro code  0x080129f0      0x4  startup_stm32l152xe.o [1]
  .text               ro code  0x080129f4      0x4  startup_stm32l152xe.o [1]
  .text               ro code  0x080129f8      0x4  startup_stm32l152xe.o [1]
  .text               ro code  0x080129fc      0x4  startup_stm32l152xe.o [1]
  .text               ro code  0x08012a00      0x4  startup_stm32l152xe.o [1]
  .text               ro code  0x08012a04      0x4  startup_stm32l152xe.o [1]
  .text               ro code  0x08012a08      0x4  startup_stm32l152xe.o [1]
  .text               ro code  0x08012a0c      0x4  startup_stm32l152xe.o [1]
  .text               ro code  0x08012a10      0x4  startup_stm32l152xe.o [1]
  .text               ro code  0x08012a14      0x4  startup_stm32l152xe.o [1]
  .text               ro code  0x08012a18      0x4  startup_stm32l152xe.o [1]
  .text               ro code  0x08012a1c      0x4  startup_stm32l152xe.o [1]
  .text               ro code  0x08012a20      0x4  startup_stm32l152xe.o [1]
  .text               ro code  0x08012a24      0x4  startup_stm32l152xe.o [1]
  .text               ro code  0x08012a28      0x4  startup_stm32l152xe.o [1]
  .text               ro code  0x08012a2c      0x4  startup_stm32l152xe.o [1]
  .text               ro code  0x08012a30      0x4  startup_stm32l152xe.o [1]
  .text               ro code  0x08012a34      0x4  startup_stm32l152xe.o [1]
  .text               ro code  0x08012a38      0x4  startup_stm32l152xe.o [1]
  .text               ro code  0x08012a3c      0x4  startup_stm32l152xe.o [1]
  .text               ro code  0x08012a40      0x4  startup_stm32l152xe.o [1]
  .text               ro code  0x08012a44      0x4  startup_stm32l152xe.o [1]
  .text               ro code  0x08012a48      0x4  startup_stm32l152xe.o [1]
  .text               ro code  0x08012a4c      0x4  startup_stm32l152xe.o [1]
  .text               ro code  0x08012a50      0x4  startup_stm32l152xe.o [1]
  .text               ro code  0x08012a54      0x4  startup_stm32l152xe.o [1]
  .text               ro code  0x08012a58      0x4  startup_stm32l152xe.o [1]
  .text               ro code  0x08012a5c      0x4  startup_stm32l152xe.o [1]
  .text               ro code  0x08012a60      0x4  startup_stm32l152xe.o [1]
  .text               ro code  0x08012a64      0x4  startup_stm32l152xe.o [1]
  .rodata             const    0x08012a68      0x0  zero_init3.o [5]
  .rodata             const    0x08012a68      0x0  packbits_init_single.o [5]
  Initializer bytes   const    0x08012a68     0x54  <for P2-1>
                             - 0x08012abc  0x12998

Absolute sections:                            0x10
  .bss                zero     0x08070000     0x10  wwdg.o [1]
                             - 0x08070010     0x10

"P2", part 1 of 3:                           0x14c
  P2-1                         0x20000000    0x14c  <Init block>
    .data             inited   0x20000000      0xc  adc.o [1]
    .data             inited   0x2000000c      0x4  bgm111.o [1]
    .data             inited   0x20000010      0x4  bgm111.o [1]
    .data             inited   0x20000014     0x24  gpio.o [1]
    .data             inited   0x20000038      0x4  system_stm32l1xx.o [1]
    .data             inited   0x2000003c      0x4  tim.o [1]
    .data             inited   0x20000040      0x4  tim.o [1]
    .data             inited   0x20000044      0x4  tim.o [1]
    .data             inited   0x20000048      0x4  usart.o [1]
    __DLIB_PERTHREAD  inited   0x2000004c     0x88  localeconv.o [3]
    __DLIB_PERTHREAD  inited   0x200000d4      0x4  errno.o [3]
    __DLIB_PERTHREAD  inited   0x200000d8     0x74  setlocale.o [3]
                             - 0x2000014c    0x14c

"P2", part 2 of 3:                          0x1000
  CSTACK                       0x20000150   0x1000  <Block>
    CSTACK            uninit   0x20000150   0x1000  <Block tail>
  HEAP                         0x20001150      0x0  <Block>
                             - 0x20001150   0x1000

"P2", part 3 of 3:                          0x2454
  .bss                zero     0x20001150    0xf78  bgm111.o [1]
  .bss                zero     0x200020c8    0x324  bgm111.o [1]
  .bss                zero     0x200023ec    0x324  ErrorCodes.o [1]
  .bss                zero     0x20002710    0x248  app_data.o [1]
  .bss                zero     0x20002958    0x248  app_data.o [1]
  .bss                zero     0x20002ba0    0x220  usbd_conf.o [1]
  .bss                zero     0x20002dc0    0x1a0  bgm111.o [1]
  .bss                zero     0x20002f60     0x8c  tasks.o [1]
  .bss                zero     0x20002fec     0x84  bgm111.o [1]
  .bss                zero     0x20003070     0x84  bgm111.o [1]
  .bss                zero     0x200030f4     0x80  Rd_Sound.o [1]
  .bss                zero     0x20003174     0x80  Rd_Sound.o [1]
  .bss                zero     0x200031f4     0x80  Rd_Sound.o [1]
  .bss                zero     0x20003274     0x54  adc.o [1]
  .bss                zero     0x200032c8     0x40  usart.o [1]
  .bss                zero     0x20003308     0x40  usart.o [1]
  .bss                zero     0x20003348     0x3c  i2c.o [1]
  .bss                zero     0x20003384     0x38  adc.o [1]
  .bss                zero     0x200033bc     0x38  stm32l1xx_hal_timebase_TIM.o [1]
  .bss                zero     0x200033f4     0x38  tim.o [1]
  .bss                zero     0x2000342c     0x38  tim.o [1]
  .bss                zero     0x20003464     0x28  bgm111.o [1]
  .bss                zero     0x2000348c     0x28  usart.o [1]
  .bss                zero     0x200034b4     0x1c  Flash.o [1]
  .bss                zero     0x200034d0     0x18  stm32l1xx_hal_flash.o [1]
  .bss                zero     0x200034e8     0x14  wwdg.o [1]
  .bss                zero     0x200034fc     0x10  wwdg.o [1]
  .bss                zero     0x2000350c      0xc  adc.o [1]
  .bss                zero     0x20003518      0xc  app_data.o [1]
  .bss                zero     0x20003524      0xc  Flash.o [1]
  .bss                zero     0x20003530      0x8  xxmemxmalloc.o [3]
  .bss                zero     0x20003538      0x4  app_data.o [1]
  .bss                zero     0x2000353c      0x4  bgm111.o [1]
  .bss                zero     0x20003540      0x4  bgm111.o [1]
  .bss                zero     0x20003544      0x4  bgm111.o [1]
  .bss                zero     0x20003548      0x4  bgm111.o [1]
  .bss                zero     0x2000354c      0x4  bgm111.o [1]
  .bss                zero     0x20003550      0x4  Flash.o [1]
  .bss                zero     0x20003554      0x4  stm32l1xx_hal.o [1]
  .bss                zero     0x20003558      0x4  tasks.o [1]
  .bss                zero     0x2000355c      0x4  tasks.o [1]
  .bss                zero     0x20003560      0x4  tasks.o [1]
  .bss                zero     0x20003564      0x4  tasks.o [1]
  .bss                zero     0x20003568      0x4  tasks.o [1]
  .bss                zero     0x2000356c      0x4  tasks.o [1]
  .bss                zero     0x20003570      0x4  tasks.o [1]
  .bss                zero     0x20003574      0x4  tasks.o [1]
  .bss                zero     0x20003578      0x4  tasks.o [1]
  .bss                zero     0x2000357c      0x4  tasks.o [1]
  .bss                zero     0x20003580      0x4  tasks.o [1]
  .bss                zero     0x20003584      0x4  usart.o [1]
  .bss                zero     0x20003588      0x4  usart.o [1]
  .bss                zero     0x2000358c      0x4  wwdg.o [1]
  .bss                zero     0x20003590      0x4  xgetmemchunk.o [3]
  .bss                zero     0x20003594      0x2  app_data.o [1]
  .bss                zero     0x20003596      0x2  app_data.o [1]
  .bss                zero     0x20003598      0x1  adc.o [1]
  .bss                zero     0x20003599      0x1  adc.o [1]
  .bss                zero     0x2000359a      0x1  adc.o [1]
  .bss                zero     0x2000359b      0x1  bgm111.o [1]
  .bss                zero     0x2000359c      0x1  parser.o [1]
  .bss                zero     0x2000359d      0x1  tim.o [1]
  .bss                zero     0x2000359e      0x1  tim.o [1]
  .bss                zero     0x2000359f      0x1  usart.o [1]
  .bss                zero     0x200035a0      0x1  usart.o [1]
  .bss                zero     0x200035a1      0x1  usart.o [1]
  .bss                zero     0x200035a2      0x1  usbd_ctlreq.o [1]
  .bss                zero     0x200035a3      0x1  wwdg.o [1]
                             - 0x200035a4   0x2454


*******************************************************************************
*** INIT TABLE
***

          Address     Size
          -------     ----
Zero (__iar_zero_init3)
    2 destination ranges, total size 0x2464:
          0x08070000    0x10
          0x20001150  0x2454

Copy/packbits (__iar_packbits_init_single3)
    1 source range, total size 0x54 (25% of destination):
          0x08012a68    0x54
    1 destination range, total size 0x14c:
          0x20000000   0x14c



*******************************************************************************
*** MODULE SUMMARY
***

    Module                        ro code  ro data  rw data  rw data
                                                              (abs)
    ------                        -------  -------  -------  -------
D:\GoogleDriveCLT\GoogleDrive\WeatherCloud\Roadboard\Software\Road-Board-December-2016N7\EWARM\Road Brd MSTR Rev L Long Always\Obj: [1]
    ErrorCodes.o                      318      312      804
    Flash.o                           344                44
    GridEye.o                       3 480       24
    Humidity.o                      1 736       32
    RGBLight.o                        836       16
    Rd_Sound.o                        560        8      384
    Temperature.o                     364       24
    VMonitor.o                      1 216       40
    adc.o                             700        3      167
    app_data.o                      4 184      724    1 188
    barometer.o                       504       40
    bgm111.o                        2 152      438    5 513
    cmsis_os.o                         16
    dma.o                              48
    fix_fft.o                         604      128
    gecko_bglib.o                     432
    gpio.o                            452       29       36
    i2c.o                           1 248                60
    list.o                             64
    lps25hb.o                         584
    main.o                          1 398      256
    parser.o                        7 924    4 760        1
    port.o                             36
    portasm.o                         148
    startup_stm32l152xe.o             508
    stm32l1xx_hal.o                    72                 4
    stm32l1xx_hal_adc.o             2 090
    stm32l1xx_hal_cortex.o            432
    stm32l1xx_hal_dma.o             3 838
    stm32l1xx_hal_flash.o             408                24
    stm32l1xx_hal_flash_ex.o          204
    stm32l1xx_hal_gpio.o              888
    stm32l1xx_hal_i2c.o             4 120
    stm32l1xx_hal_msp.o               152
    stm32l1xx_hal_pcd.o             4 212
    stm32l1xx_hal_pwr_ex.o             16
    stm32l1xx_hal_rcc.o             3 284       16
    stm32l1xx_hal_tim.o               986
    stm32l1xx_hal_tim_ex.o             94
    stm32l1xx_hal_timebase_TIM.o      144                56
    stm32l1xx_hal_uart.o            2 284
    stm32l1xx_hal_wwdg.o              214
    stm32l1xx_it.o                    132
    system_stm32l1xx.o                100       25        4
    tasks.o                           548               184
    tim.o                             548        3      126
    usart.o                         1 212        1      183
    usbd_conf.o                       408               544
    usbd_core.o                       712
    usbd_ctlreq.o                   1 544                 1
    usbd_ioreq.o                      144
    wwdg.o                            296                41       16
    ----------------------------------------------------------------
    Total:                         58 938    6 879    9 364       16

command line: [2]
    ----------------------------------------------------------------
    Total:

dl7M_tlf.a: [3]
    div.o                              14
    errno.o                            12        1        4
    exit.o                              4
    localeconv.o                      108       34      136
    low_level_init.o                    4
    setlocale.o                        20       30      116
    sprintf.o                          52
    strcat.o                           28
    strncmp.o                          44
    xencoding_sb.o                     96
    xgetmemchunk.o                     44                 4
    xmbcurmax.o                        10
    xmbtowc.o                          32
    xprintffull.o                   4 510
    xsprout.o                          10
    xtls.o                              2
    xwctomb.o                          26
    xxmemxfree.o                      128
    xxmemxmalloc.o                    176                 8
    ----------------------------------------------------------------
    Total:                          5 320       65      268

m7M_tl.a: [4]
    DblAdd.o                          232
    DblCmpGe.o                         46
    DblCmpLe.o                         46
    DblDiv.o                          598
    DblMul.o                          418
    DblSub.o                          384
    DblToFlt.o                        144
    DblToI32.o                         88
    FltAdd.o                          132
    FltCmpGe.o                         36
    FltDiv.o                          252
    FltMul.o                          216
    FltSub.o                          214
    FltToDbl.o                         78
    FltToS32.o                         68
    I32ToDbl.o                         48
    I32ToFlt.o                         50
    ceil.o                             94
    modf.o                            184
    round.o                            68
    sqrt.o                            240
    xdint.o                           122
    xdnorm.o                           68
    xdscale.o                         268
    ----------------------------------------------------------------
    Total:                          4 094

rt7M_tl.a: [5]
    ABImemcpy_unaligned.o             118
    ABImemset.o                        94
    I64DivMod.o                       238
    I64DivZer.o                         2
    cexit.o                            10
    cmain.o                            26
    cstartup_M.o                       12
    data_init.o                        40
    iarEdom.o                          12
    memchr.o                           88
    packbits_init_single.o             56
    strchr.o                           22
    strcmp_unaligned.o                 66
    strcpy_unaligned.o                 68
    strlen.o                           54
    strncpy_unaligned.o               108
    zero_init3.o                       64
    ----------------------------------------------------------------
    Total:                          1 078

shb_l.a: [6]
    exit.o                             20
    ----------------------------------------------------------------
    Total:                             20

    Gaps                               42
    Linker created                              40    4 096
--------------------------------------------------------------------
    Grand Total:                   69 492    6 984   13 728       16


*******************************************************************************
*** ENTRY LIST
***

Entry                      Address    Size  Type      Object
-----                      -------    ----  ----      ------
.iar.init_table$$Base   0x08011e50           --   Gb  - Linker created -
.iar.init_table$$Limit  0x08011e78           --   Gb  - Linker created -
?main                   0x0801211d          Code  Gb  cmain.o [5]
ADC_Channel             0x2000359a     0x1  Data  Lc  adc.o [1]
ADC_Config              0x08007ee3    0xbe  Code  Gb  adc.o [1]
ADC_ConversionStop_Disable
                        0x0800c805    0x4a  Code  Gb  stm32l1xx_hal_adc.o [1]
ADC_DMAConvCplt         0x0800c851    0x6e  Code  Lc  stm32l1xx_hal_adc.o [1]
ADC_DMAError            0x0800c8d1    0x1e  Code  Lc  stm32l1xx_hal_adc.o [1]
ADC_DMAHalfConvCplt     0x0800c8c1     0xe  Code  Lc  stm32l1xx_hal_adc.o [1]
ADC_Enable              0x0800c767    0x72  Code  Gb  stm32l1xx_hal_adc.o [1]
AHBPrescTable           0x080126f8    0x10  Data  Gb  system_stm32l1xx.o [1]
APBPrescTable           0x08012954     0x8  Data  Gb  system_stm32l1xx.o [1]
BGM111_Connected        0x080028a1     0xa  Code  Gb  bgm111.o [1]
BGM111_DataConnected    0x080028ab     0xa  Code  Gb  bgm111.o [1]
BGM111_GetTackState     0x0800297b     0xa  Code  Gb  bgm111.o [1]
BGM111_Init             0x08002657    0x32  Code  Gb  bgm111.o [1]
BGM111_LowLevel_Init    0x08002599    0x48  Code  Gb  bgm111.o [1]
BGM111_Peek             0x0800264d     0xa  Code  Gb  bgm111.o [1]
BGM111_ProcessInput     0x08002689   0x20e  Code  Gb  bgm111.o [1]
BGM111_Ready            0x08002897     0xa  Code  Gb  bgm111.o [1]
BGM111_Receive          0x080025ef    0x5e  Code  Gb  bgm111.o [1]
BGM111_SetSyncFlg       0x0800295b     0xa  Code  Gb  bgm111.o [1]
BGM111_SetTackState     0x08002985     0xa  Code  Gb  bgm111.o [1]
BGM111_SyncModeTest     0x080028b5    0x82  Code  Gb  bgm111.o [1]
BGM111_SyncModeTestNoInc
                        0x08002937    0x24  Code  Gb  bgm111.o [1]
BGM111_Transmit         0x08002a29   0x11e  Code  Gb  bgm111.o [1]
BGM111_UART_IRQHandler  0x0800298f    0x90  Code  Gb  bgm111.o [1]
BGM111_cntrlSetSyncFlg  0x08002965    0x16  Code  Gb  bgm111.o [1]
Bypass                  0x2000359c     0x1  Data  Lc  parser.o [1]
CSTACK$$Base            0x20000150           --   Gb  - Linker created -
CSTACK$$Limit           0x20001150           --   Gb  - Linker created -
Clear_Timer2_Flg        0x0800c009     0x8  Code  Gb  tim.o [1]
ClrDataStructure        0x0800325d    0xb0  Code  Gb  app_data.o [1]
Clr_HeartBeat           0x08004129     0x8  Code  Gb  app_data.o [1]
Clr_HrtBeat_Cnt         0x0800410d     0x8  Code  Gb  app_data.o [1]
CodesArray              0x08010e2c    0x58  Data  Gb  ErrorCodes.o [1]
DMA1_Channel1_IRQHandler
                        0x08010c99     0xa  Code  Gb  stm32l1xx_it.o [1]
DMA_SetConfig           0x0800d7cd    0x22  Code  Lc  stm32l1xx_hal_dma.o [1]
Error_Handler           0x080076e9    0x2e  Code  Gb  main.o [1]
FIX_MPY                 0x0800d7ef    0x1c  Code  Gb  fix_fft.o [1]
FLASH_PageErase         0x0800edfb    0x28  Code  Gb  stm32l1xx_hal_flash_ex.o [1]
FLASH_SetErrorCode      0x0800ec6f    0x6a  Code  Lc  stm32l1xx_hal_flash.o [1]
FLASH_WaitForLastOperation
                        0x0800ec0b    0x64  Code  Gb  stm32l1xx_hal_flash.o [1]
Get_DriverStates        0x08004021    0x5c  Code  Gb  app_data.o [1]
Get_DriverStatus        0x08004095    0x78  Code  Gb  app_data.o [1]
HAL_ADC_ConfigChannel   0x0800c581   0x1e6  Code  Gb  stm32l1xx_hal_adc.o [1]
HAL_ADC_ConvCpltCallback
                        0x0800801f     0xe  Code  Gb  adc.o [1]
HAL_ADC_ConvHalfCpltCallback
                        0x0800805d     0x2  Code  Gb  adc.o [1]
HAL_ADC_DeInit          0x0800c28b   0x134  Code  Gb  stm32l1xx_hal_adc.o [1]
HAL_ADC_ErrorCallback   0x0800805f     0xa  Code  Gb  adc.o [1]
HAL_ADC_Init            0x0800c0c5   0x1c6  Code  Gb  stm32l1xx_hal_adc.o [1]
HAL_ADC_MspDeInit       0x08007ebb    0x28  Code  Gb  adc.o [1]
HAL_ADC_MspInit         0x08007e35    0x86  Code  Gb  adc.o [1]
HAL_ADC_Start           0x0800c3bf    0x88  Code  Gb  stm32l1xx_hal_adc.o [1]
HAL_ADC_Start_DMA       0x0800c447    0xcc  Code  Gb  stm32l1xx_hal_adc.o [1]
HAL_ADC_Stop_DMA        0x0800c513    0x6e  Code  Gb  stm32l1xx_hal_adc.o [1]
HAL_DMA_Abort           0x0800ce2b    0x54  Code  Gb  stm32l1xx_hal_dma.o [1]
HAL_DMA_DeInit          0x0800c949   0x43e  Code  Gb  stm32l1xx_hal_dma.o [1]
HAL_DMA_IRQHandler      0x0800ce85   0x906  Code  Gb  stm32l1xx_hal_dma.o [1]
HAL_DMA_Init            0x0800c8f1    0x58  Code  Gb  stm32l1xx_hal_dma.o [1]
HAL_DMA_Start_IT        0x0800cdbd    0x6e  Code  Gb  stm32l1xx_hal_dma.o [1]
HAL_Delay               0x08009edd    0x1a  Code  Wk  stm32l1xx_hal.o [1]
HAL_FLASHEx_Erase       0x0800ed61    0x9a  Code  Gb  stm32l1xx_hal_flash_ex.o [1]
HAL_FLASH_GetError      0x0800ec05     0x6  Code  Gb  stm32l1xx_hal_flash.o [1]
HAL_FLASH_Lock          0x0800ebf5    0x10  Code  Gb  stm32l1xx_hal_flash.o [1]
HAL_FLASH_Program       0x0800eb69    0x5c  Code  Gb  stm32l1xx_hal_flash.o [1]
HAL_FLASH_Unlock        0x0800ebc5    0x30  Code  Gb  stm32l1xx_hal_flash.o [1]
HAL_GPIO_DeInit         0x080078eb   0x13c  Code  Gb  stm32l1xx_hal_gpio.o [1]
HAL_GPIO_Init           0x08007719   0x1d2  Code  Gb  stm32l1xx_hal_gpio.o [1]
HAL_GPIO_ReadPin        0x08007a27    0x18  Code  Gb  stm32l1xx_hal_gpio.o [1]
HAL_GPIO_TogglePin      0x08007a53     0xa  Code  Gb  stm32l1xx_hal_gpio.o [1]
HAL_GPIO_WritePin       0x08007a3f    0x14  Code  Gb  stm32l1xx_hal_gpio.o [1]
HAL_GetTick             0x08009ed7     0x6  Code  Wk  stm32l1xx_hal.o [1]
HAL_I2C_ER_IRQHandler   0x0800aa09    0xce  Code  Gb  stm32l1xx_hal_i2c.o [1]
HAL_I2C_EV_IRQHandler   0x0800a8d5   0x134  Code  Gb  stm32l1xx_hal_i2c.o [1]
HAL_I2C_ErrorCallback   0x0800aae3     0x2  Code  Wk  stm32l1xx_hal_i2c.o [1]
HAL_I2C_GetError        0x0800aaeb     0x4  Code  Gb  stm32l1xx_hal_i2c.o [1]
HAL_I2C_GetState        0x0800aae5     0x6  Code  Gb  stm32l1xx_hal_i2c.o [1]
HAL_I2C_Init            0x0800a185   0x172  Code  Gb  stm32l1xx_hal_i2c.o [1]
HAL_I2C_MasterRxCpltCallback
                        0x0800aad9     0x2  Code  Wk  stm32l1xx_hal_i2c.o [1]
HAL_I2C_MasterTxCpltCallback
                        0x0800aad7     0x2  Code  Wk  stm32l1xx_hal_i2c.o [1]
HAL_I2C_Master_Receive  0x0800a42f   0x256  Code  Gb  stm32l1xx_hal_i2c.o [1]
HAL_I2C_Master_Receive_IT
                        0x0800a76b   0x14e  Code  Gb  stm32l1xx_hal_i2c.o [1]
HAL_I2C_Master_Transmit
                        0x0800a2f7   0x138  Code  Gb  stm32l1xx_hal_i2c.o [1]
HAL_I2C_Master_Transmit_IT
                        0x0800a685    0xe6  Code  Gb  stm32l1xx_hal_i2c.o [1]
HAL_I2C_MemRxCpltCallback
                        0x0800aae1     0x2  Code  Wk  stm32l1xx_hal_i2c.o [1]
HAL_I2C_MemTxCpltCallback
                        0x0800aadf     0x2  Code  Wk  stm32l1xx_hal_i2c.o [1]
HAL_I2C_MspInit         0x08006287    0x50  Code  Gb  i2c.o [1]
HAL_I2C_SlaveRxCpltCallback
                        0x0800aadd     0x2  Code  Wk  stm32l1xx_hal_i2c.o [1]
HAL_I2C_SlaveTxCpltCallback
                        0x0800aadb     0x2  Code  Wk  stm32l1xx_hal_i2c.o [1]
HAL_IncTick             0x08009ecb     0xc  Code  Wk  stm32l1xx_hal.o [1]
HAL_Init                0x08009eb5    0x16  Code  Gb  stm32l1xx_hal.o [1]
HAL_InitTick            0x0800e399    0x80  Code  Gb  stm32l1xx_hal_timebase_TIM.o [1]
HAL_MspInit             0x0800e429    0x98  Code  Gb  stm32l1xx_hal_msp.o [1]
HAL_NVIC_DisableIRQ     0x08006845     0xe  Code  Gb  stm32l1xx_hal_cortex.o [1]
HAL_NVIC_EnableIRQ      0x08006837     0xe  Code  Gb  stm32l1xx_hal_cortex.o [1]
HAL_NVIC_SetPriority    0x08006811    0x26  Code  Gb  stm32l1xx_hal_cortex.o [1]
HAL_NVIC_SetPriorityGrouping
                        0x08006805     0xc  Code  Gb  stm32l1xx_hal_cortex.o [1]
HAL_NVIC_SystemReset    0x08006853     0x8  Code  Gb  stm32l1xx_hal_cortex.o [1]
HAL_PCD_DataInStageCallback
                        0x0800fed9    0x20  Code  Gb  usbd_conf.o [1]
HAL_PCD_DataOutStageCallback
                        0x0800feb7    0x22  Code  Gb  usbd_conf.o [1]
HAL_PCD_EP_ClrStall     0x0800fd97   0x10a  Code  Gb  stm32l1xx_hal_pcd.o [1]
HAL_PCD_EP_Open         0x0800f449   0x476  Code  Gb  stm32l1xx_hal_pcd.o [1]
HAL_PCD_EP_Receive      0x0800f8bf   0x1ac  Code  Gb  stm32l1xx_hal_pcd.o [1]
HAL_PCD_EP_SetStall     0x0800fcb9    0xde  Code  Gb  stm32l1xx_hal_pcd.o [1]
HAL_PCD_EP_Transmit     0x0800fa6b   0x24e  Code  Gb  stm32l1xx_hal_pcd.o [1]
HAL_PCD_IRQHandler      0x0800f2d3   0x144  Code  Gb  stm32l1xx_hal_pcd.o [1]
HAL_PCD_ResetCallback   0x0800ff07    0x2c  Code  Gb  usbd_conf.o [1]
HAL_PCD_ResumeCallback  0x0800ff53     0xe  Code  Gb  usbd_conf.o [1]
HAL_PCD_SOFCallback     0x0800fef9     0xe  Code  Gb  usbd_conf.o [1]
HAL_PCD_SetAddress      0x0800f417    0x32  Code  Gb  stm32l1xx_hal_pcd.o [1]
HAL_PCD_SetupStageCallback
                        0x0800fea1    0x16  Code  Gb  usbd_conf.o [1]
HAL_PCD_SuspendCallback
                        0x0800ff33    0x20  Code  Gb  usbd_conf.o [1]
HAL_PWREx_GetVoltageRange
                        0x0800e671     0xa  Code  Gb  stm32l1xx_hal_pwr_ex.o [1]
HAL_RCC_ClockConfig     0x0800b9c7   0x2a0  Code  Gb  stm32l1xx_hal_rcc.o [1]
HAL_RCC_GetClockConfig  0x0800bd6d    0x3a  Code  Gb  stm32l1xx_hal_rcc.o [1]
HAL_RCC_GetHCLKFreq     0x0800bd11     0x6  Code  Gb  stm32l1xx_hal_rcc.o [1]
HAL_RCC_GetPCLK1Freq    0x0800bd17    0x20  Code  Gb  stm32l1xx_hal_rcc.o [1]
HAL_RCC_GetPCLK2Freq    0x0800bd37    0x20  Code  Gb  stm32l1xx_hal_rcc.o [1]
HAL_RCC_GetSysClockFreq
                        0x0800bc67    0xaa  Code  Gb  stm32l1xx_hal_rcc.o [1]
HAL_RCC_OscConfig       0x0800b19d   0x82a  Code  Gb  stm32l1xx_hal_rcc.o [1]
HAL_SYSTICK_CLKSourceConfig
                        0x08006867    0x22  Code  Gb  stm32l1xx_hal_cortex.o [1]
HAL_SYSTICK_Config      0x0800685b     0xc  Code  Gb  stm32l1xx_hal_cortex.o [1]
HAL_TIMEx_MasterConfigSynchronization
                        0x0800ea5b    0x5e  Code  Gb  stm32l1xx_hal_tim_ex.o [1]
HAL_TIM_Base_Init       0x0800e681    0x38  Code  Gb  stm32l1xx_hal_tim.o [1]
HAL_TIM_Base_MspInit    0x0800bf6b    0x48  Code  Gb  tim.o [1]
HAL_TIM_Base_Start_IT   0x0800e6b9    0x1e  Code  Gb  stm32l1xx_hal_tim.o [1]
HAL_TIM_ConfigClockSource
                        0x0800e811   0x122  Code  Gb  stm32l1xx_hal_tim.o [1]
HAL_TIM_IC_CaptureCallback
                        0x0800e935     0x2  Code  Wk  stm32l1xx_hal_tim.o [1]
HAL_TIM_IRQHandler      0x0800e6d7   0x13a  Code  Gb  stm32l1xx_hal_tim.o [1]
HAL_TIM_OC_DelayElapsedCallback
                        0x0800e933     0x2  Code  Wk  stm32l1xx_hal_tim.o [1]
HAL_TIM_PWM_PulseFinishedCallback
                        0x0800e937     0x2  Code  Wk  stm32l1xx_hal_tim.o [1]
HAL_TIM_PeriodElapsedCallback
                        0x0800bfb3    0x56  Code  Gb  tim.o [1]
HAL_TIM_StartTimer2     0x0800c075    0x12  Code  Gb  tim.o [1]
HAL_TIM_StartTimer3     0x0800c087    0x12  Code  Gb  tim.o [1]
HAL_TIM_TriggerCallback
                        0x0800e939     0x2  Code  Wk  stm32l1xx_hal_tim.o [1]
HAL_UART_EnableBGM_RX   0x080024eb    0x32  Code  Gb  usart.o [1]
HAL_UART_EnableBGM_TXE  0x080024d9    0x12  Code  Gb  usart.o [1]
HAL_UART_ErrorCallback  0x080024d7     0x2  Code  Gb  usart.o [1]
HAL_UART_IRQHandler     0x08006b1b   0x11a  Code  Gb  stm32l1xx_hal_uart.o [1]
HAL_UART_Init           0x080068b5    0x72  Code  Gb  stm32l1xx_hal_uart.o [1]
HAL_UART_MspInit        0x0800214f    0xba  Code  Gb  usart.o [1]
HAL_UART_Receive_IT     0x08006a93    0x88  Code  Gb  stm32l1xx_hal_uart.o [1]
HAL_UART_RxCpltCallback
                        0x08002427    0xb0  Code  Gb  usart.o [1]
HAL_UART_RxCpltCallback::len
                        0x20003588     0x4  Data  Lc  usart.o [1]
HAL_UART_RxCpltCallback::temp_ptr
                        0x20003584     0x4  Data  Lc  usart.o [1]
HAL_UART_Transmit       0x08006927    0xfc  Code  Gb  stm32l1xx_hal_uart.o [1]
HAL_UART_Transmit_IT    0x08006a23    0x70  Code  Gb  stm32l1xx_hal_uart.o [1]
HAL_UART_TxCpltCallback
                        0x080023eb    0x20  Code  Gb  usart.o [1]
HAL_WWDG_IRQHandler     0x0800e215    0x2c  Code  Gb  stm32l1xx_hal_wwdg.o [1]
HAL_WWDG_Init           0x0800e16b    0x4c  Code  Gb  stm32l1xx_hal_wwdg.o [1]
HAL_WWDG_MspInit        0x08009d7b    0x26  Code  Gb  wwdg.o [1]
HAL_WWDG_Refresh        0x0800e1e7    0x2e  Code  Gb  stm32l1xx_hal_wwdg.o [1]
HAL_WWDG_Start_IT       0x0800e1b7    0x30  Code  Gb  stm32l1xx_hal_wwdg.o [1]
HAL_WWDG_WakeupCallback
                        0x08009dd1    0x18  Code  Gb  wwdg.o [1]
HAL_WWDG_WakeupCallback::OnceFlg
                        0x200035a3     0x1  Data  Lc  wwdg.o [1]
HEAP$$Base              0x20001150           --   Gb  - Linker created -
HEAP$$Limit             0x20001150           --   Gb  - Linker created -
HeartBeat_Cnt           0x20003596     0x2  Data  Lc  app_data.o [1]
I2C1_ER_IRQHandler      0x08010cd5     0xa  Code  Gb  stm32l1xx_it.o [1]
I2C1_EV_IRQHandler      0x08010ccb     0xa  Code  Gb  stm32l1xx_it.o [1]
I2C_IsAcknowledgeFailed
                        0x0800b173    0x2a  Code  Lc  stm32l1xx_hal_i2c.o [1]
I2C_MasterReceive_BTF   0x0800abf3    0xa6  Code  Lc  stm32l1xx_hal_i2c.o [1]
I2C_MasterReceive_RXNE  0x0800ab77    0x7c  Code  Lc  stm32l1xx_hal_i2c.o [1]
I2C_MasterRequestRead   0x0800ae35   0x106  Code  Lc  stm32l1xx_hal_i2c.o [1]
I2C_MasterRequestWrite  0x0800ad9f    0x96  Code  Lc  stm32l1xx_hal_i2c.o [1]
I2C_MasterTransmit_BTF  0x0800ab1b    0x5c  Code  Lc  stm32l1xx_hal_i2c.o [1]
I2C_MasterTransmit_TXE  0x0800aaef    0x2c  Code  Lc  stm32l1xx_hal_i2c.o [1]
I2C_SlaveReceive_BTF    0x0800acf3    0x1e  Code  Lc  stm32l1xx_hal_i2c.o [1]
I2C_SlaveReceive_RXNE   0x0800acd5    0x1e  Code  Lc  stm32l1xx_hal_i2c.o [1]
I2C_SlaveTransmit_BTF   0x0800acb7    0x1e  Code  Lc  stm32l1xx_hal_i2c.o [1]
I2C_SlaveTransmit_TXE   0x0800ac99    0x1e  Code  Lc  stm32l1xx_hal_i2c.o [1]
I2C_Slave_ADDR          0x0800ad11    0x18  Code  Lc  stm32l1xx_hal_i2c.o [1]
I2C_Slave_AF            0x0800ad6b    0x34  Code  Lc  stm32l1xx_hal_i2c.o [1]
I2C_Slave_STOPF         0x0800ad29    0x42  Code  Lc  stm32l1xx_hal_i2c.o [1]
I2C_WaitBusyFlag        0x0800657d    0x12  Code  Gb  i2c.o [1]
I2C_WaitOnFlagUntilTimeout
                        0x0800af45    0xda  Code  Lc  stm32l1xx_hal_i2c.o [1]
I2C_WaitOnMasterAddressFlagUntilTimeout
                        0x0800b01f    0x9e  Code  Lc  stm32l1xx_hal_i2c.o [1]
I2C_WaitOnRXNEFlagUntilTimeout
                        0x0800b10f    0x64  Code  Lc  stm32l1xx_hal_i2c.o [1]
I2C_WaitOnTXEFlagUntilTimeout
                        0x0800b0bd    0x52  Code  Lc  stm32l1xx_hal_i2c.o [1]
InitSensors             0x08003239    0x24  Code  Gb  app_data.o [1]
LPS25HB_GetPressure     0x08009799    0x2c  Code  Gb  lps25hb.o [1]
LPS25HB_GetTemperature  0x08009807    0x2e  Code  Gb  lps25hb.o [1]
LPS25HB_I2C_GetRawTemperature
                        0x080097c5     0xc  Code  Gb  lps25hb.o [1]
LPS25HB_I2C_ReadRawPressure
                        0x0800974f    0x4a  Code  Lc  lps25hb.o [1]
LPS25HB_I2C_ReadRawTemperature
                        0x080097d1    0x36  Code  Lc  lps25hb.o [1]
LPS25HB_Init            0x0800963d   0x112  Code  Gb  lps25hb.o [1]
LPS25HB_PowerOn         0x08009835    0x48  Code  Lc  lps25hb.o [1]
LoadInt                 0x08008b0b    0x70  Code  Lc  xprintffull.o [3]
MX_ADC_Init             0x08007dad    0x88  Code  Gb  adc.o [1]
MX_DMA_Init             0x0800be71    0x30  Code  Gb  dma.o [1]
MX_GPIO_Init            0x08006061   0x13a  Code  Gb  gpio.o [1]
MX_I2C1_Init            0x08006225    0x62  Code  Gb  i2c.o [1]
MX_I2C1_Reset           0x080062d7    0x50  Code  Gb  i2c.o [1]
MX_TIM2_Init            0x0800bea1    0x66  Code  Gb  tim.o [1]
MX_TIM3_Init            0x0800bf07    0x64  Code  Gb  tim.o [1]
MX_USART2_UART_Init     0x0800209d    0x58  Code  Gb  usart.o [1]
MX_USART3_UART_Init     0x080020f5    0x5a  Code  Gb  usart.o [1]
MX_WWDG_Init            0x08009d49    0x32  Code  Gb  wwdg.o [1]
ModuleArray             0x080120ac    0x1c  Data  Gb  ErrorCodes.o [1]
NVIC_DisableIRQ         0x08006741    0x14  Code  Lc  stm32l1xx_hal_cortex.o [1]
NVIC_EnableIRQ          0x0800672d    0x14  Code  Lc  stm32l1xx_hal_cortex.o [1]
NVIC_EncodePriority     0x0800677b    0x3e  Code  Lc  stm32l1xx_hal_cortex.o [1]
NVIC_GetPriorityGrouping
                        0x08006723     0xa  Code  Lc  stm32l1xx_hal_cortex.o [1]
NVIC_SetPriority        0x08006755    0x26  Code  Lc  stm32l1xx_hal_cortex.o [1]
NVIC_SetPriorityGrouping
                        0x08006705    0x1e  Code  Lc  stm32l1xx_hal_cortex.o [1]
NVIC_SystemReset        0x080067b9    0x1c  Code  Lc  stm32l1xx_hal_cortex.o [1]
NextBufIdx              0x080025e1     0xe  Code  Gb  bgm111.o [1]
PCD_EP_ISR_Handler      0x0800ee2d   0x43a  Code  Lc  stm32l1xx_hal_pcd.o [1]
PCD_ReadPMA             0x0800f2a7    0x2c  Code  Lc  stm32l1xx_hal_pcd.o [1]
PCD_WritePMA            0x0800f267    0x40  Code  Lc  stm32l1xx_hal_pcd.o [1]
PageError               0x20003550     0x4  Data  Gb  Flash.o [1]
PendSV_Handler          0x08010bbd          Code  Gb  portasm.o [1]
Proc_Timer2             0x0800c021    0x54  Code  Gb  tim.o [1]
ProcessSensorState      0x08003361   0x954  Code  Gb  app_data.o [1]
Process_RdSound         0x08003cf9   0x1c8  Code  Gb  app_data.o [1]
RBIsBufFull             0x08007c4f    0x1e  Code  Gb  ErrorCodes.o [1]
RBNextBufIdx            0x08007c41     0xe  Code  Gb  ErrorCodes.o [1]
RCC_SetFlashLatencyFromMSIRange
                        0x0800bdad    0x90  Code  Lc  stm32l1xx_hal_rcc.o [1]
RdBrdI2C_WaitOnFlagUntilTimeout
                        0x0800658f    0xda  Code  Lc  i2c.o [1]
RdBrd_BlinkErrCd        0x08007d0d    0x4e  Code  Gb  ErrorCodes.o [1]
RdBrd_ErrCdLogErrCd     0x08007c6d    0x8e  Code  Gb  ErrorCodes.o [1]
RdSndTickCnt            0x20000040     0x4  Data  Lc  tim.o [1]
Region$$Table$$Base     0x08011e50           --   Gb  - Linker created -
Region$$Table$$Limit    0x08011e78           --   Gb  - Linker created -
Reset_DriverStates      0x08003f59    0x32  Code  Gb  app_data.o [1]
RoadBrdSnd_ClearImgnryBffr
                        0x08002dc1    0x14  Code  Gb  Rd_Sound.o [1]
RoadBrdSnd_ClrBffrs     0x08002fb5    0x20  Code  Gb  Rd_Sound.o [1]
RoadBrdSnd_DumpBin0     0x08002eab    0x40  Code  Gb  Rd_Sound.o [1]
RoadBrdSnd_DumpBin16    0x08002eeb    0x42  Code  Gb  Rd_Sound.o [1]
RoadBrdSnd_DumpBin32    0x08002f2d    0x44  Code  Gb  Rd_Sound.o [1]
RoadBrdSnd_DumpBin48    0x08002f71    0x44  Code  Gb  Rd_Sound.o [1]
RoadBrdSnd_ProcessSound
                        0x08002e25    0x86  Code  Gb  Rd_Sound.o [1]
RoadBrdSnd_SampleSound  0x08002dd9    0x4c  Code  Gb  Rd_Sound.o [1]
RoadBrdSnd_getSaveBffr  0x08002dd5     0x4  Code  Gb  Rd_Sound.o [1]
RoadBrd_ADC_PORT        0x20000000     0xc  Data  Gb  adc.o [1]
RoadBrd_ADC_Start       0x08007fa1    0x6e  Code  Gb  adc.o [1]
RoadBrd_ADC_Status      0x0800800f    0x10  Code  Gb  adc.o [1]
RoadBrd_Baro_ReadPressure
                        0x08003095    0x88  Code  Gb  barometer.o [1]
RoadBrd_Baro_ReadTemp   0x0800311d    0xa6  Code  Gb  barometer.o [1]
RoadBrd_CoolEyeInit     0x08004291    0x6a  Code  Gb  GridEye.o [1]
RoadBrd_CoolEye_ReadValues
                        0x080042fd   0x5b8  Code  Gb  GridEye.o [1]
RoadBrd_Delay           0x08006573     0xa  Code  Gb  i2c.o [1]
RoadBrd_Delay2          0x08007d5b    0x16  Code  Gb  ErrorCodes.o [1]
RoadBrd_FlashRead       0x0800e379    0x20  Code  Gb  Flash.o [1]
RoadBrd_FlashWrite      0x0800e241   0x124  Code  Gb  Flash.o [1]
RoadBrd_FlashWrite::EraseInitStruct
                        0x20003524     0xc  Data  Lc  Flash.o [1]
RoadBrd_FlashWrite::OptionsBytesStruct
                        0x200034b4    0x1c  Data  Lc  Flash.o [1]
RoadBrd_GetBGPtr        0x08002321     0x6  Code  Gb  usart.o [1]
RoadBrd_GetBffrFlg      0x08002331     0x6  Code  Gb  usart.o [1]
RoadBrd_GridEyeInit     0x080048b9    0xd6  Code  Gb  GridEye.o [1]
RoadBrd_GridEyeReset    0x0800498f    0x96  Code  Gb  GridEye.o [1]
RoadBrd_GridEye_ReadValues
                        0x08004a25   0x5d0  Code  Gb  GridEye.o [1]
RoadBrd_HumidityInit    0x080054e9    0xa6  Code  Gb  Humidity.o [1]
RoadBrd_Humidity_ReadHumidity
                        0x0800558f   0x2f8  Code  Gb  Humidity.o [1]
RoadBrd_Humidity_ReadTemperature
                        0x0800588d   0x2f0  Code  Gb  Humidity.o [1]
RoadBrd_I2C_GetError    0x08006521     0xa  Code  Gb  i2c.o [1]
RoadBrd_I2C_GetState    0x0800652b     0xa  Code  Gb  i2c.o [1]
RoadBrd_I2C_Master_CmdReceive
                        0x0800645f    0x60  Code  Gb  i2c.o [1]
RoadBrd_I2C_Master_Receive
                        0x080064bf    0x36  Code  Gb  i2c.o [1]
RoadBrd_I2C_Master_Receive_IT
                        0x080064f5    0x2c  Code  Gb  i2c.o [1]
RoadBrd_I2C_Master_Transmit
                        0x08006429    0x36  Code  Gb  i2c.o [1]
RoadBrd_I2C_Master_Transmit_CMDData
                        0x0800638f    0x6e  Code  Gb  i2c.o [1]
RoadBrd_I2C_Master_Transmit_CMDData_IT
                        0x08006327    0x68  Code  Gb  i2c.o [1]
RoadBrd_I2C_Master_Transmit_IT
                        0x080063fd    0x2c  Code  Gb  i2c.o [1]
RoadBrd_Init_Barometer  0x08003041    0x54  Code  Gb  barometer.o [1]
RoadBrd_Init_VMonitor   0x08005029    0xb6  Code  Gb  VMonitor.o [1]
RoadBrd_LED_On          0x0800619b    0x1c  Code  Gb  gpio.o [1]
RoadBrd_LED_PIN         0x08012540    0x14  Data  Gb  gpio.o [1]
RoadBrd_LED_PORT        0x20000014    0x24  Data  Gb  gpio.o [1]
RoadBrd_LED_Toggle      0x080061b7    0x1a  Code  Gb  gpio.o [1]
RoadBrd_ParseString     0x08000125  0x1d38  Code  Gb  parser.o [1]
RoadBrd_ProcessBGMChar  0x08002b5d   0x1a4  Code  Gb  bgm111.o [1]
RoadBrd_ProcessBGMChar::in_ptr
                        0x2000359b     0x1  Data  Lc  bgm111.o [1]
RoadBrd_ProcessBGMChar::tempBffr2
                        0x20003464    0x28  Data  Lc  bgm111.o [1]
RoadBrd_RGBFullInit     0x08005d6d    0x54  Code  Gb  RGBLight.o [1]
RoadBrd_RGBInit         0x08005d1d    0x50  Code  Gb  RGBLight.o [1]
RoadBrd_RGBReadID       0x08005e05    0x96  Code  Gb  RGBLight.o [1]
RoadBrd_RGBReadStatus   0x08005e9b    0x96  Code  Gb  RGBLight.o [1]
RoadBrd_RGBReadValues   0x08005f31   0x120  Code  Gb  RGBLight.o [1]
RoadBrd_RGBReset        0x08005dc1    0x44  Code  Gb  RGBLight.o [1]
RoadBrd_ReadTemp        0x08005bb1   0x16c  Code  Gb  Temperature.o [1]
RoadBrd_SetBffrFlg      0x08002327     0xa  Code  Gb  usart.o [1]
RoadBrd_TestI2C         0x08006669    0x8a  Code  Gb  i2c.o [1]
RoadBrd_TestandRead_Barometer
                        0x080031ed    0x4c  Code  Gb  barometer.o [1]
RoadBrd_UART_Receive_IT
                        0x08002337    0x7a  Code  Gb  usart.o [1]
RoadBrd_UART_Transmit   0x08002209    0x90  Code  Gb  usart.o [1]
RoadBrd_UART_Transmit_IT
                        0x08002299    0x88  Code  Gb  usart.o [1]
RoadBrd_Uart_GetState   0x080023c9    0x22  Code  Gb  usart.o [1]
RoadBrd_Uart_Status     0x080023b1    0x18  Code  Gb  usart.o [1]
RoadBrd_VMonitor_RdCurrent
                        0x080051cb    0xec  Code  Gb  VMonitor.o [1]
RoadBrd_VMonitor_RdPower
                        0x080052b7    0xf4  Code  Gb  VMonitor.o [1]
RoadBrd_VMonitor_RdShntVltg
                        0x080050df    0xec  Code  Gb  VMonitor.o [1]
RoadBrd_VMonitor_RdVoltage
                        0x080053b1    0xf2  Code  Gb  VMonitor.o [1]
RoadBrd_WWDG_GetRefreshCnt
                        0x08009dc5     0xc  Code  Gb  wwdg.o [1]
RoadBrd_WWDG_InitializeFrmFlash
                        0x08009e21    0x34  Code  Gb  wwdg.o [1]
RoadBrd_WWDG_Refresh    0x08009dab    0x1a  Code  Gb  wwdg.o [1]
RoadBrd_WWDG_Start      0x08009da1     0xa  Code  Gb  wwdg.o [1]
RoadBrd_WWDG_VerifyFrame
                        0x08009df3    0x2e  Code  Gb  wwdg.o [1]
RoadBrd_WaitForState    0x08006535    0x3e  Code  Gb  i2c.o [1]
RoadBrd_gpio_Off        0x080061ed    0x1c  Code  Gb  gpio.o [1]
RoadBrd_gpio_On         0x080061d1    0x1c  Code  Gb  gpio.o [1]
SVC_Handler             0x08010c0f          Code  Gb  portasm.o [1]
Save_Frames             0x200034fc    0x10  Data  Lc  wwdg.o [1]
SendApp_String          0x08003ed1    0x3a  Code  Gb  app_data.o [1]
SetDataReady            0x0800330d     0xa  Code  Gb  app_data.o [1]
Set_DriverStates        0x08003fad    0x58  Code  Gb  app_data.o [1]
Set_HeartBeat           0x0800411b     0x8  Code  Gb  app_data.o [1]
Sinewave                0x08010d48    0x80  Data  Gb  fix_fft.o [1]
SnsrTickCnt             0x2000003c     0x4  Data  Lc  tim.o [1]
SysTick_Config          0x080067d5    0x30  Code  Lc  stm32l1xx_hal_cortex.o [1]
SysTick_Handler         0x08010c91     0x8  Code  Gb  stm32l1xx_it.o [1]
SystemClock_Config      0x08007617    0xaa  Code  Gb  main.o [1]
SystemCoreClock         0x20000038     0x4  Data  Gb  system_stm32l1xx.o [1]
SystemInit              0x08010dc9    0x4c  Code  Gb  system_stm32l1xx.o [1]
TIM2_IRQHandler         0x08010cdf     0xa  Code  Gb  stm32l1xx_it.o [1]
TIM3_IRQHandler         0x08010ce9     0xa  Code  Gb  stm32l1xx_it.o [1]
TIM4_IRQHandler         0x08010cad     0xa  Code  Gb  stm32l1xx_it.o [1]
TIM6_IRQHandler         0x08003317     0xa  Code  Gb  app_data.o [1]
TIM_Base_SetConfig      0x0800e93b    0x70  Code  Lc  stm32l1xx_hal_tim.o [1]
TIM_ETR_SetConfig       0x0800ea3f    0x1c  Code  Lc  stm32l1xx_hal_tim.o [1]
TIM_ITRx_SetConfig      0x0800ea27    0x18  Code  Lc  stm32l1xx_hal_tim.o [1]
TIM_TI1_ConfigInputStage
                        0x0800e9c5    0x30  Code  Lc  stm32l1xx_hal_tim.o [1]
TIM_TI2_ConfigInputStage
                        0x0800e9f5    0x32  Code  Lc  stm32l1xx_hal_tim.o [1]
Test_Connection         0x08003f0b    0x44  Code  Gb  app_data.o [1]
Test_Timer2             0x0800c011    0x10  Code  Gb  tim.o [1]
Timr2Ready              0x2000359d     0x1  Data  Gb  tim.o [1]
Timr3Ready              0x2000359e     0x1  Data  Gb  tim.o [1]
TmpData                 0x20002710   0x248  Data  Gb  app_data.o [1]
Tst_Bypass              0x08001f27     0x6  Code  Gb  parser.o [1]
Tst_HeartBeat           0x08004115     0x6  Code  Gb  app_data.o [1]
UART_EndTransmit_IT     0x08006d9f    0x32  Code  Lc  stm32l1xx_hal_uart.o [1]
UART_Receive_IT         0x08006dd1    0xc8  Code  Lc  stm32l1xx_hal_uart.o [1]
UART_SetConfig          0x08006e99   0x2fe  Code  Lc  stm32l1xx_hal_uart.o [1]
UART_Transmit_IT        0x08006d23    0x7c  Code  Lc  stm32l1xx_hal_uart.o [1]
UART_WaitOnFlagUntilTimeout
                        0x08006c35    0xee  Code  Lc  stm32l1xx_hal_uart.o [1]
USART2_IRQHandler       0x08010cc1     0xa  Code  Gb  stm32l1xx_it.o [1]
USART3_IRQHandler       0x08010cb7     0xa  Code  Gb  stm32l1xx_it.o [1]
USART_ReceiveData       0x08002b53     0xa  Code  Gb  bgm111.o [1]
USART_SendData          0x08002b47     0xc  Code  Gb  bgm111.o [1]
USBD_ClrClassConfig     0x0801006b    0x18  Code  Gb  usbd_core.o [1]
USBD_ClrFeature         0x0801088f    0x3a  Code  Lc  usbd_ctlreq.o [1]
USBD_CtlContinueRx      0x0801094b    0x1a  Code  Gb  usbd_ioreq.o [1]
USBD_CtlContinueSendData
                        0x08010931    0x1a  Code  Gb  usbd_ioreq.o [1]
USBD_CtlError           0x080108f1    0x18  Code  Gb  usbd_ctlreq.o [1]
USBD_CtlReceiveStatus   0x0801097f    0x1a  Code  Gb  usbd_ioreq.o [1]
USBD_CtlSendData        0x08010909    0x28  Code  Gb  usbd_ioreq.o [1]
USBD_CtlSendStatus      0x08010965    0x1a  Code  Gb  usbd_ioreq.o [1]
USBD_GetConfig          0x080107e1    0x4c  Code  Lc  usbd_ctlreq.o [1]
USBD_GetDescriptor      0x0801053d   0x164  Code  Lc  usbd_ctlreq.o [1]
USBD_GetStatus          0x0801082d    0x3c  Code  Lc  usbd_ctlreq.o [1]
USBD_LL_ClearStallEP    0x0800ff99    0x16  Code  Gb  usbd_conf.o [1]
USBD_LL_DataInStage     0x0801018b    0xe2  Code  Gb  usbd_core.o [1]
USBD_LL_DataOutStage    0x080100fb    0x90  Code  Gb  usbd_core.o [1]
USBD_LL_IsStallEP       0x0800ffaf    0x30  Code  Gb  usbd_conf.o [1]
USBD_LL_OpenEP          0x0800ff61    0x22  Code  Gb  usbd_conf.o [1]
USBD_LL_PrepareReceive  0x08010015    0x20  Code  Gb  usbd_conf.o [1]
USBD_LL_Reset           0x0801026d    0x46  Code  Gb  usbd_core.o [1]
USBD_LL_Resume          0x080102cf     0xe  Code  Gb  usbd_core.o [1]
USBD_LL_SOF             0x080102dd    0x24  Code  Gb  usbd_core.o [1]
USBD_LL_SetSpeed        0x080102b3     0x8  Code  Gb  usbd_core.o [1]
USBD_LL_SetUSBAddress   0x0800ffdf    0x16  Code  Gb  usbd_conf.o [1]
USBD_LL_SetupStage      0x08010083    0x78  Code  Gb  usbd_core.o [1]
USBD_LL_StallEP         0x0800ff83    0x16  Code  Gb  usbd_conf.o [1]
USBD_LL_Suspend         0x080102bb    0x14  Code  Gb  usbd_core.o [1]
USBD_LL_Transmit        0x0800fff5    0x20  Code  Gb  usbd_conf.o [1]
USBD_ParseSetupRequest  0x080108c9    0x28  Code  Gb  usbd_ctlreq.o [1]
USBD_RunTestMode        0x08010039     0x6  Code  Gb  usbd_core.o [1]
USBD_SetAddress         0x080106a1    0x60  Code  Lc  usbd_ctlreq.o [1]
USBD_SetClassConfig     0x0801003f    0x2c  Code  Gb  usbd_core.o [1]
USBD_SetConfig          0x08010701    0xda  Code  Lc  usbd_ctlreq.o [1]
USBD_SetConfig::cfgidx  0x200035a2     0x1  Data  Lc  usbd_ctlreq.o [1]
USBD_SetFeature         0x08010869    0x26  Code  Lc  usbd_ctlreq.o [1]
USBD_StdDevReq          0x08010301    0x7c  Code  Gb  usbd_ctlreq.o [1]
USBD_StdEPReq           0x080103c9   0x174  Code  Gb  usbd_ctlreq.o [1]
USBD_StdItfReq          0x0801037d    0x4c  Code  Gb  usbd_ctlreq.o [1]
USB_LP_IRQHandler       0x08010ca3     0xa  Code  Gb  stm32l1xx_it.o [1]
Uart2Ready              0x2000359f     0x1  Data  Gb  usart.o [1]
Uart3Ready              0x200035a0     0x1  Data  Gb  usart.o [1]
WWDG_IRQHandler         0x08009de9     0xa  Code  Gb  wwdg.o [1]
_EncodingSb_Mbtowc      0x0800eaf3    0x30  Code  Gb  xencoding_sb.o [3]
_EncodingSb_Mbtowc::initial
                        0x0800eb30     0x8  Data  Lc  xencoding_sb.o [3]
_EncodingSb_Wctomb      0x0800ead9    0x1a  Code  Gb  xencoding_sb.o [3]
_EncodingSb_Wctomb::initial
                        0x0800eb28     0x8  Data  Lc  xencoding_sb.o [3]
_GenldFull              0x0800939d   0x254  Code  Lc  xprintffull.o [3]
_IsdstStr               0x200000dc     0x4  Data  Gb  setlocale.o [3]
_LdtobFull              0x08008f91   0x406  Code  Lc  xprintffull.o [3]
_LitobFull              0x08008e87   0x10a  Code  Lc  xprintffull.o [3]
_LocaleEncoding         0x0800eac5     0xe  Code  Gb  setlocale.o [3]
_LocaleReturnString     0x200000fc    0x50  Data  Lc  setlocale.o [3]
_Locale_Profile         0x200000e0    0x1c  Data  Gb  setlocale.o [3]
_Locale_aeabi_lconv     0x2000009c    0x38  Data  Gb  localeconv.o [3]
_Locale_lconv           0x2000004c    0x50  Data  Gb  localeconv.o [3]
_Mbtowc                 0x0800d819    0x20  Code  Gb  xmbtowc.o [3]
_PrintfFull             0x0800849d   0x658  Code  Gb  xprintffull.o [3]
_PutcharsFull           0x080095f1    0x2e  Code  Lc  xprintffull.o [3]
_PutstrFull             0x08008b7b   0x306  Code  Lc  xprintffull.o [3]
_SProut                 0x0800204f     0xa  Code  Gb  xsprout.o [3]
_TzoneStr               0x200000d8     0x4  Data  Gb  setlocale.o [3]
_Wctomb                 0x0800d965    0x1a  Code  Gb  xwctomb.o [3]
__aeabi_cdcmple         0x0800dbad          Code  Gb  DblCmpLe.o [4]
__aeabi_cdrcmple        0x0800dbdd          Code  Gb  DblCmpGe.o [4]
__aeabi_cfrcmple        0x08009fe1          Code  Gb  FltCmpGe.o [4]
__aeabi_d2f             0x080083c9          Code  Gb  DblToFlt.o [4]
__aeabi_d2iz            0x08009a79          Code  Gb  DblToI32.o [4]
__aeabi_d2uiz           0x08009aa5          Code  Gb  DblToI32.o [4]
__aeabi_dadd            0x08009c61          Code  Gb  DblAdd.o [4]
__aeabi_ddiv            0x0800de99          Code  Gb  DblDiv.o [4]
__aeabi_dmul            0x080098d5          Code  Gb  DblMul.o [4]
__aeabi_dsub            0x0800dd19          Code  Gb  DblSub.o [4]
__aeabi_errno_addr      0x0800eab9     0x6  Code  Gb  errno.o [3]
__aeabi_f2d             0x08009885          Code  Gb  FltToDbl.o [4]
__aeabi_f2iz            0x08008459          Code  Gb  FltToS32.o [4]
__aeabi_fadd            0x0800a101          Code  Gb  FltAdd.o [4]
__aeabi_fdiv            0x0800a005          Code  Gb  FltDiv.o [4]
__aeabi_fmul            0x08009b89          Code  Gb  FltMul.o [4]
__aeabi_i2d             0x080082a9          Code  Gb  I32ToDbl.o [4]
__aeabi_i2f             0x08009f69          Code  Gb  I32ToFlt.o [4]
__aeabi_ldiv0           0x0800eb65          Code  Gb  I64DivZer.o [5]
__aeabi_ui2d            0x080082bd          Code  Gb  I32ToDbl.o [4]
__aeabi_ui2f            0x08009f7d          Code  Gb  I32ToFlt.o [4]
__aeabi_uldivmod        0x0800da79          Code  Gb  I64DivMod.o [5]
__cmain                 0x0801211d          Code  Gb  cmain.o [5]
__data_Aldata           0x20003530     0x8  Data  Gb  xxmemxmalloc.o [3]
__data_GetMemChunk      0x0800eb39    0x2c  Code  Gb  xgetmemchunk.o [3]
__data_GetMemChunk::start
                        0x20003590     0x4  Data  Lc  xgetmemchunk.o [3]
__exit                  0x0801214d    0x14  Code  Gb  exit.o [6]
__iar_Dint              0x0800e51f    0x7a  Code  Gb  xdint.o [4]
__iar_Dnorm             0x0800db67    0x44  Code  Gb  xdnorm.o [4]
__iar_Dscale            0x0800dc0d   0x10c  Code  Gb  xdscale.o [4]
__iar_Errno             0x200000d4     0x4  Data  Gb  errno.o [3]
__iar_Locale_lconv_init
                        0x0800e0f1    0x3a  Code  Gb  localeconv.o [3]
__iar_Mbcurmax          0x0800d8a9     0xa  Code  Gb  xmbcurmax.o [3]
__iar_Memchr            0x0800d851          Code  Gb  memchr.o [5]
__iar_Memset_word       0x0800e4c1          Code  Gb  ABImemset.o [5]
__iar_Strchr            0x0800d839          Code  Gb  strchr.o [5]
__iar_ceil              0x0800ed01          Code  Gb  ceil.o [4]
__iar_ceill             0x0800ed01          Code  Gb  ceil.o [4]
__iar_d2uiz             0x08009ab1          Code  Gb  DblToI32.o [4]
__iar_dadd              0x08009c75          Code  Gb  DblAdd.o [4]
__iar_data_init3        0x08011d09    0x28  Code  Gb  data_init.o [5]
__iar_dlib_perthread_access
                        0x0800eb67     0x2  Code  Gb  xtls.o [3]
__iar_dsub              0x0800dd2d          Code  Gb  DblSub.o [4]
__iar_dsubStart         0x0800dd3f          Code  Gb  DblSub.o [4]
__iar_edom              0x0800d80d          Code  Gb  iarEdom.o [5]
__iar_fadd              0x0800a111          Code  Gb  FltAdd.o [4]
__iar_fsub              0x0800e599          Code  Gb  FltSub.o [4]
__iar_fsubStart         0x0800e5a9          Code  Gb  FltSub.o [4]
__iar_modf              0x08009ae1          Code  Gb  modf.o [4]
__iar_modfl             0x08009ae1          Code  Gb  modf.o [4]
__iar_packbits_init_single3
                        0x08011429    0x38  Code  Gb  packbits_init_single.o [5]
__iar_program_start     0x080127c1          Code  Gb  cstartup_M.o [5]
__iar_sqrt              0x080082d9          Code  Gb  sqrt.o [4]
__iar_ui2d              0x080082c1          Code  Gb  I32ToDbl.o [4]
__iar_ui2f              0x08009f81          Code  Gb  I32ToFlt.o [4]
__iar_unaligned___aeabi_memcpy
                        0x0800d981          Code  Gb  ABImemcpy_unaligned.o [5]
__iar_unaligned___aeabi_memcpy4
                        0x0800d9a1          Code  Gb  ABImemcpy_unaligned.o [5]
__iar_unaligned___aeabi_memcpy8
                        0x0800d9a1          Code  Gb  ABImemcpy_unaligned.o [5]
__iar_unaligned_strcmp  0x08009e71          Code  Gb  strcmp_unaligned.o [5]
__iar_unaligned_strcpy  0x08002059          Code  Gb  strcpy_unaligned.o [5]
__iar_unaligned_strncpy
                        0x08009efd          Code  Gb  strncpy_unaligned.o [5]
__iar_zero_init3        0x080111e1    0x40  Code  Gb  zero_init3.o [5]
__low_level_init        0x08012137     0x4  Code  Gb  low_level_init.o [3]
__vector_table          0x08000000          Data  Gb  startup_stm32l152xe.o [1]
_call_main              0x08012129          Code  Gb  cmain.o [5]
_exit                   0x08012141          Code  Gb  cexit.o [5]
_gecko_cmd_msg          0x20002fec    0x84  Data  Gb  bgm111.o [1]
_gecko_rsp_msg          0x20003070    0x84  Data  Gb  bgm111.o [1]
_main                   0x08012133          Code  Gb  cmain.o [5]
aPLLDivisionFactorTable
                        0x0801299c     0x4  Data  Gb  stm32l1xx_hal_rcc.o [1]
aPLLMULFactorTable      0x080127b4     0xc  Data  Gb  stm32l1xx_hal_rcc.o [1]
adcActive               0x20003599     0x1  Data  Gb  adc.o [1]
analytics               0x20003538     0x4  Data  Lc  app_data.o [1]
bffr1Flag               0x200035a1     0x1  Data  Lc  usart.o [1]
bglib_input             0x20003540     0x4  Data  Gb  bgm111.o [1]
bglib_output            0x2000353c     0x4  Data  Gb  bgm111.o [1]
bglib_peek              0x20003544     0x4  Data  Gb  bgm111.o [1]
bgm1data                0x2000348c    0x28  Data  Lc  usart.o [1]
ble                     0x20002dc0   0x1a0  Data  Lc  bgm111.o [1]
blemsgs                 0x200020c8   0x324  Data  Lc  bgm111.o [1]
ceil                    0x0800ed01          Code  Gb  ceil.o [4]
ceill                   0x0800ed01          Code  Gb  ceil.o [4]
clrUsartState           0x0800240b    0x1c  Code  Gb  usart.o [1]
connection_cnt          0x20003594     0x2  Data  Lc  app_data.o [1]
data                    0x20002958   0x248  Data  Gb  app_data.o [1]
delay_1ms               0x08007d71     0xe  Code  Gb  ErrorCodes.o [1]
div                     0x0800e15d     0xe  Code  Gb  div.o [3]
driver_list             0x20003518     0xc  Data  Lc  app_data.o [1]
errStruct               0x200023ec   0x324  Data  Lc  ErrorCodes.o [1]
exit                    0x0801213b     0x4  Code  Gb  exit.o [3]
fi                      0x20003174    0x80  Data  Lc  Rd_Sound.o [1]
fix_fft                 0x08008069   0x23a  Code  Gb  fix_fft.o [1]
fr                      0x200030f4    0x80  Data  Lc  Rd_Sound.o [1]
free                    0x0800d9f9    0x7a  Code  Gb  xxmemxfree.o [3]
fs                      0x200031f4    0x80  Data  Lc  Rd_Sound.o [1]
gecko_cmd_le_gap_set_mode
                        0x08002559    0x40  Code  Lc  bgm111.o [1]
gecko_cmd_msg           0x2000000c     0x4  Data  Gb  bgm111.o [1]
gecko_get_event         0x08007b6d    0x5e  Code  Gb  gecko_bglib.o [1]
gecko_handle_command    0x08007bef    0x30  Code  Gb  gecko_bglib.o [1]
gecko_peek_event        0x08007bcb     0xa  Code  Gb  gecko_bglib.o [1]
gecko_queue             0x20001150   0xf78  Data  Gb  bgm111.o [1]
gecko_queue_r           0x2000354c     0x4  Data  Gb  bgm111.o [1]
gecko_queue_w           0x20003548     0x4  Data  Gb  bgm111.o [1]
gecko_rsp_msg           0x20000010     0x4  Data  Gb  bgm111.o [1]
gecko_wait_message      0x08007a91    0xdc  Code  Gb  gecko_bglib.o [1]
gecko_wait_response     0x08007bd5    0x1a  Code  Gb  gecko_bglib.o [1]
hadc                    0x20003274    0x54  Data  Gb  adc.o [1]
hatoi                   0x08001ecf    0x58  Code  Gb  parser.o [1]
hdma_adc                0x20003384    0x38  Data  Gb  adc.o [1]
hi2c1                   0x20003348    0x3c  Data  Gb  i2c.o [1]
hpcd_USB_FS             0x20002ba0   0x220  Data  Gb  usbd_conf.o [1]
htim2                   0x200033f4    0x38  Data  Gb  tim.o [1]
htim3                   0x2000342c    0x38  Data  Gb  tim.o [1]
htim4                   0x200033bc    0x38  Data  Gb  stm32l1xx_hal_timebase_TIM.o [1]
huart2                  0x200032c8    0x40  Data  Gb  usart.o [1]
huart3                  0x20003308    0x40  Data  Gb  usart.o [1]
hwwdg                   0x200034e8    0x14  Data  Gb  wwdg.o [1]
isHexNum                0x08001e85    0x4a  Code  Gb  parser.o [1]
ledOffCnt               0x20000044     0x4  Data  Lc  tim.o [1]
localeconv              0x0800e12b    0x16  Code  Gb  localeconv.o [3]
main                    0x080071a1   0x476  Code  Gb  main.o [1]
malloc                  0x0800d8b5    0xac  Code  Gb  xxmemxmalloc.o [3]
memchr                  0x0800d851          Code  Gb  memchr.o [5]
modf                    0x08009ad1          Code  Gb  modf.o [4]
modfl                   0x08009ad1          Code  Gb  modf.o [4]
osSystickHandler        0x08010d15    0x10  Code  Gb  cmsis_os.o [1]
pFlash                  0x200034d0    0x18  Data  Gb  stm32l1xx_hal_flash.o [1]
prvResetNextTaskUnblockTime
                        0x08010b4d    0x28  Code  Lc  tasks.o [1]
pxCurrentTCB            0x20003558     0x4  Data  Gb  tasks.o [1]
pxDelayedTaskList       0x2000355c     0x4  Data  Lc  tasks.o [1]
pxOverflowDelayedTaskList
                        0x20003560     0x4  Data  Lc  tasks.o [1]
pxReadyTasksLists       0x20002f60    0x8c  Data  Lc  tasks.o [1]
round                   0x08009f9d    0x44  Code  Gb  round.o [4]
sConfig                 0x2000350c     0xc  Data  Gb  adc.o [1]
saveLen                 0x20000048     0x4  Data  Lc  usart.o [1]
sprintf                 0x08002ff1    0x34  Code  Gb  sprintf.o [3]
sqrt                    0x080082d9          Code  Gb  sqrt.o [4]
sqrtl                   0x080082d9          Code  Gb  sqrt.o [4]
strcat                  0x08003025    0x1c  Code  Gb  strcat.o [3]
strchr                  0x0800d839          Code  Gb  strchr.o [5]
strlen                  0x08002019          Code  Gb  strlen.o [5]
strncmp                 0x08007d7f    0x2c  Code  Gb  strncmp.o [3]
ubSequenceCompleted     0x20003598     0x1  Data  Gb  adc.o [1]
ulPortSetInterruptMask  0x08010bfb          Code  Gb  portasm.o [1]
uwTick                  0x20003554     0x4  Data  Lc  stm32l1xx_hal.o [1]
uxListRemove            0x08010c69    0x28  Code  Gb  list.o [1]
uxPendedTicks           0x20003570     0x4  Data  Lc  tasks.o [1]
uxSchedulerSuspended    0x20003580     0x4  Data  Lc  tasks.o [1]
uxTopReadyPriority      0x20003568     0x4  Data  Lc  tasks.o [1]
vListInsertEnd          0x08010c51    0x18  Code  Gb  list.o [1]
vPortClearInterruptMask
                        0x08010c09          Code  Gb  portasm.o [1]
vPortStartFirstTask     0x08010c2f          Code  Gb  portasm.o [1]
vTaskSwitchContext      0x08010acd    0x6c  Code  Gb  tasks.o [1]
wwdg_HardFrames         0x08070000    0x10  Data  Gb  wwdg.o [1]
wwdg_Save               0x2000358c     0x4  Data  Lc  wwdg.o [1]
xNextTaskUnblockTime    0x2000357c     0x4  Data  Lc  tasks.o [1]
xNumOfOverflows         0x20003578     0x4  Data  Lc  tasks.o [1]
xPortSysTickHandler     0x08010d25    0x1e  Code  Gb  port.o [1]
xSchedulerRunning       0x2000356c     0x4  Data  Lc  tasks.o [1]
xTaskGetSchedulerState  0x08010b75    0x26  Code  Gb  tasks.o [1]
xTaskIncrementTick      0x08010999   0x134  Code  Gb  tasks.o [1]
xTickCount              0x20003564     0x4  Data  Lc  tasks.o [1]
xYieldPending           0x20003574     0x4  Data  Lc  tasks.o [1]


[1] = D:\GoogleDriveCLT\GoogleDrive\WeatherCloud\Roadboard\Software\Road-Board-December-2016N7\EWARM\Road Brd MSTR Rev L Long Always\Obj
[2] = command line
[3] = dl7M_tlf.a
[4] = m7M_tl.a
[5] = rt7M_tl.a
[6] = shb_l.a

  69 492 bytes of readonly  code memory
   6 984 bytes of readonly  data memory
  13 728 bytes of readwrite data memory (+ 16 absolute)

Errors: none
Warnings: none
