###############################################################################
#
# IAR ELF Linker V7.60.2.11341/W32 for ARM                08/Sep/2017  10:41:33
# Copyright 2007-2016 IAR Systems AB.
#
#    Output file  =  
#        D:\GoogleDriveCLT\GoogleDrive\WeatherCloud\Roadboard\Software\Road-Board-December-2016N8\EWARM\Road
#        Brd MSTR Rev L Long Always\Exe\Road Board Rev K NUCLEO V1.1 Jul 12
#        2016.out
#    Map file     =  
#        D:\GoogleDriveCLT\GoogleDrive\WeatherCloud\Roadboard\Software\Road-Board-December-2016N8\EWARM\Road
#        Brd MSTR Rev L Long Always\List\Road Board Rev K NUCLEO V1.1 Jul 12
#        2016.map
#    Command line =  
#        "D:\GoogleDriveCLT\GoogleDrive\WeatherCloud\Roadboard\Software\Road-Board-December-2016N8\EWARM\Road
#        Brd MSTR Rev L Long Always\Obj\adc.o"
#        "D:\GoogleDriveCLT\GoogleDrive\WeatherCloud\Roadboard\Software\Road-Board-December-2016N8\EWARM\Road
#        Brd MSTR Rev L Long Always\Obj\app_data.o"
#        "D:\GoogleDriveCLT\GoogleDrive\WeatherCloud\Roadboard\Software\Road-Board-December-2016N8\EWARM\Road
#        Brd MSTR Rev L Long Always\Obj\barometer.o"
#        "D:\GoogleDriveCLT\GoogleDrive\WeatherCloud\Roadboard\Software\Road-Board-December-2016N8\EWARM\Road
#        Brd MSTR Rev L Long Always\Obj\bgm111.o"
#        "D:\GoogleDriveCLT\GoogleDrive\WeatherCloud\Roadboard\Software\Road-Board-December-2016N8\EWARM\Road
#        Brd MSTR Rev L Long Always\Obj\Calibration.o"
#        "D:\GoogleDriveCLT\GoogleDrive\WeatherCloud\Roadboard\Software\Road-Board-December-2016N8\EWARM\Road
#        Brd MSTR Rev L Long Always\Obj\cmsis_os.o"
#        "D:\GoogleDriveCLT\GoogleDrive\WeatherCloud\Roadboard\Software\Road-Board-December-2016N8\EWARM\Road
#        Brd MSTR Rev L Long Always\Obj\croutine.o"
#        "D:\GoogleDriveCLT\GoogleDrive\WeatherCloud\Roadboard\Software\Road-Board-December-2016N8\EWARM\Road
#        Brd MSTR Rev L Long Always\Obj\dma.o"
#        "D:\GoogleDriveCLT\GoogleDrive\WeatherCloud\Roadboard\Software\Road-Board-December-2016N8\EWARM\Road
#        Brd MSTR Rev L Long Always\Obj\ErrorCodes.o"
#        "D:\GoogleDriveCLT\GoogleDrive\WeatherCloud\Roadboard\Software\Road-Board-December-2016N8\EWARM\Road
#        Brd MSTR Rev L Long Always\Obj\event_groups.o"
#        "D:\GoogleDriveCLT\GoogleDrive\WeatherCloud\Roadboard\Software\Road-Board-December-2016N8\EWARM\Road
#        Brd MSTR Rev L Long Always\Obj\fix_fft.o"
#        "D:\GoogleDriveCLT\GoogleDrive\WeatherCloud\Roadboard\Software\Road-Board-December-2016N8\EWARM\Road
#        Brd MSTR Rev L Long Always\Obj\Flash.o"
#        "D:\GoogleDriveCLT\GoogleDrive\WeatherCloud\Roadboard\Software\Road-Board-December-2016N8\EWARM\Road
#        Brd MSTR Rev L Long Always\Obj\freertos.o"
#        "D:\GoogleDriveCLT\GoogleDrive\WeatherCloud\Roadboard\Software\Road-Board-December-2016N8\EWARM\Road
#        Brd MSTR Rev L Long Always\Obj\gecko_bglib.o"
#        "D:\GoogleDriveCLT\GoogleDrive\WeatherCloud\Roadboard\Software\Road-Board-December-2016N8\EWARM\Road
#        Brd MSTR Rev L Long Always\Obj\gpio.o"
#        "D:\GoogleDriveCLT\GoogleDrive\WeatherCloud\Roadboard\Software\Road-Board-December-2016N8\EWARM\Road
#        Brd MSTR Rev L Long Always\Obj\GridEye.o"
#        "D:\GoogleDriveCLT\GoogleDrive\WeatherCloud\Roadboard\Software\Road-Board-December-2016N8\EWARM\Road
#        Brd MSTR Rev L Long Always\Obj\heap_4.o"
#        "D:\GoogleDriveCLT\GoogleDrive\WeatherCloud\Roadboard\Software\Road-Board-December-2016N8\EWARM\Road
#        Brd MSTR Rev L Long Always\Obj\Humidity.o"
#        "D:\GoogleDriveCLT\GoogleDrive\WeatherCloud\Roadboard\Software\Road-Board-December-2016N8\EWARM\Road
#        Brd MSTR Rev L Long Always\Obj\i2c.o"
#        "D:\GoogleDriveCLT\GoogleDrive\WeatherCloud\Roadboard\Software\Road-Board-December-2016N8\EWARM\Road
#        Brd MSTR Rev L Long Always\Obj\list.o"
#        "D:\GoogleDriveCLT\GoogleDrive\WeatherCloud\Roadboard\Software\Road-Board-December-2016N8\EWARM\Road
#        Brd MSTR Rev L Long Always\Obj\lps25hb.o"
#        "D:\GoogleDriveCLT\GoogleDrive\WeatherCloud\Roadboard\Software\Road-Board-December-2016N8\EWARM\Road
#        Brd MSTR Rev L Long Always\Obj\main.o"
#        "D:\GoogleDriveCLT\GoogleDrive\WeatherCloud\Roadboard\Software\Road-Board-December-2016N8\EWARM\Road
#        Brd MSTR Rev L Long Always\Obj\parser.o"
#        "D:\GoogleDriveCLT\GoogleDrive\WeatherCloud\Roadboard\Software\Road-Board-December-2016N8\EWARM\Road
#        Brd MSTR Rev L Long Always\Obj\port.o"
#        "D:\GoogleDriveCLT\GoogleDrive\WeatherCloud\Roadboard\Software\Road-Board-December-2016N8\EWARM\Road
#        Brd MSTR Rev L Long Always\Obj\portasm.o"
#        "D:\GoogleDriveCLT\GoogleDrive\WeatherCloud\Roadboard\Software\Road-Board-December-2016N8\EWARM\Road
#        Brd MSTR Rev L Long Always\Obj\queue.o"
#        "D:\GoogleDriveCLT\GoogleDrive\WeatherCloud\Roadboard\Software\Road-Board-December-2016N8\EWARM\Road
#        Brd MSTR Rev L Long Always\Obj\Rd_Sound.o"
#        "D:\GoogleDriveCLT\GoogleDrive\WeatherCloud\Roadboard\Software\Road-Board-December-2016N8\EWARM\Road
#        Brd MSTR Rev L Long Always\Obj\RGBLight.o"
#        "D:\GoogleDriveCLT\GoogleDrive\WeatherCloud\Roadboard\Software\Road-Board-December-2016N8\EWARM\Road
#        Brd MSTR Rev L Long Always\Obj\startup_stm32l152xe.o"
#        "D:\GoogleDriveCLT\GoogleDrive\WeatherCloud\Roadboard\Software\Road-Board-December-2016N8\EWARM\Road
#        Brd MSTR Rev L Long Always\Obj\stm32l1xx_hal.o"
#        "D:\GoogleDriveCLT\GoogleDrive\WeatherCloud\Roadboard\Software\Road-Board-December-2016N8\EWARM\Road
#        Brd MSTR Rev L Long Always\Obj\stm32l1xx_hal_adc.o"
#        "D:\GoogleDriveCLT\GoogleDrive\WeatherCloud\Roadboard\Software\Road-Board-December-2016N8\EWARM\Road
#        Brd MSTR Rev L Long Always\Obj\stm32l1xx_hal_adc_ex.o"
#        "D:\GoogleDriveCLT\GoogleDrive\WeatherCloud\Roadboard\Software\Road-Board-December-2016N8\EWARM\Road
#        Brd MSTR Rev L Long Always\Obj\stm32l1xx_hal_cortex.o"
#        "D:\GoogleDriveCLT\GoogleDrive\WeatherCloud\Roadboard\Software\Road-Board-December-2016N8\EWARM\Road
#        Brd MSTR Rev L Long Always\Obj\stm32l1xx_hal_dma.o"
#        "D:\GoogleDriveCLT\GoogleDrive\WeatherCloud\Roadboard\Software\Road-Board-December-2016N8\EWARM\Road
#        Brd MSTR Rev L Long Always\Obj\stm32l1xx_hal_flash.o"
#        "D:\GoogleDriveCLT\GoogleDrive\WeatherCloud\Roadboard\Software\Road-Board-December-2016N8\EWARM\Road
#        Brd MSTR Rev L Long Always\Obj\stm32l1xx_hal_flash_ex.o"
#        "D:\GoogleDriveCLT\GoogleDrive\WeatherCloud\Roadboard\Software\Road-Board-December-2016N8\EWARM\Road
#        Brd MSTR Rev L Long Always\Obj\stm32l1xx_hal_flash_ramfunc.o"
#        "D:\GoogleDriveCLT\GoogleDrive\WeatherCloud\Roadboard\Software\Road-Board-December-2016N8\EWARM\Road
#        Brd MSTR Rev L Long Always\Obj\stm32l1xx_hal_gpio.o"
#        "D:\GoogleDriveCLT\GoogleDrive\WeatherCloud\Roadboard\Software\Road-Board-December-2016N8\EWARM\Road
#        Brd MSTR Rev L Long Always\Obj\stm32l1xx_hal_i2c.o"
#        "D:\GoogleDriveCLT\GoogleDrive\WeatherCloud\Roadboard\Software\Road-Board-December-2016N8\EWARM\Road
#        Brd MSTR Rev L Long Always\Obj\stm32l1xx_hal_msp.o"
#        "D:\GoogleDriveCLT\GoogleDrive\WeatherCloud\Roadboard\Software\Road-Board-December-2016N8\EWARM\Road
#        Brd MSTR Rev L Long Always\Obj\stm32l1xx_hal_pcd.o"
#        "D:\GoogleDriveCLT\GoogleDrive\WeatherCloud\Roadboard\Software\Road-Board-December-2016N8\EWARM\Road
#        Brd MSTR Rev L Long Always\Obj\stm32l1xx_hal_pcd_ex.o"
#        "D:\GoogleDriveCLT\GoogleDrive\WeatherCloud\Roadboard\Software\Road-Board-December-2016N8\EWARM\Road
#        Brd MSTR Rev L Long Always\Obj\stm32l1xx_hal_pwr.o"
#        "D:\GoogleDriveCLT\GoogleDrive\WeatherCloud\Roadboard\Software\Road-Board-December-2016N8\EWARM\Road
#        Brd MSTR Rev L Long Always\Obj\stm32l1xx_hal_pwr_ex.o"
#        "D:\GoogleDriveCLT\GoogleDrive\WeatherCloud\Roadboard\Software\Road-Board-December-2016N8\EWARM\Road
#        Brd MSTR Rev L Long Always\Obj\stm32l1xx_hal_rcc.o"
#        "D:\GoogleDriveCLT\GoogleDrive\WeatherCloud\Roadboard\Software\Road-Board-December-2016N8\EWARM\Road
#        Brd MSTR Rev L Long Always\Obj\stm32l1xx_hal_rcc_ex.o"
#        "D:\GoogleDriveCLT\GoogleDrive\WeatherCloud\Roadboard\Software\Road-Board-December-2016N8\EWARM\Road
#        Brd MSTR Rev L Long Always\Obj\stm32l1xx_hal_tim.o"
#        "D:\GoogleDriveCLT\GoogleDrive\WeatherCloud\Roadboard\Software\Road-Board-December-2016N8\EWARM\Road
#        Brd MSTR Rev L Long Always\Obj\stm32l1xx_hal_tim_ex.o"
#        "D:\GoogleDriveCLT\GoogleDrive\WeatherCloud\Roadboard\Software\Road-Board-December-2016N8\EWARM\Road
#        Brd MSTR Rev L Long Always\Obj\stm32l1xx_hal_timebase_TIM.o"
#        "D:\GoogleDriveCLT\GoogleDrive\WeatherCloud\Roadboard\Software\Road-Board-December-2016N8\EWARM\Road
#        Brd MSTR Rev L Long Always\Obj\stm32l1xx_hal_uart.o"
#        "D:\GoogleDriveCLT\GoogleDrive\WeatherCloud\Roadboard\Software\Road-Board-December-2016N8\EWARM\Road
#        Brd MSTR Rev L Long Always\Obj\stm32l1xx_hal_wwdg.o"
#        "D:\GoogleDriveCLT\GoogleDrive\WeatherCloud\Roadboard\Software\Road-Board-December-2016N8\EWARM\Road
#        Brd MSTR Rev L Long Always\Obj\stm32l1xx_it.o"
#        "D:\GoogleDriveCLT\GoogleDrive\WeatherCloud\Roadboard\Software\Road-Board-December-2016N8\EWARM\Road
#        Brd MSTR Rev L Long Always\Obj\stm32l1xx_nucleo.o"
#        "D:\GoogleDriveCLT\GoogleDrive\WeatherCloud\Roadboard\Software\Road-Board-December-2016N8\EWARM\Road
#        Brd MSTR Rev L Long Always\Obj\system_stm32l1xx.o"
#        "D:\GoogleDriveCLT\GoogleDrive\WeatherCloud\Roadboard\Software\Road-Board-December-2016N8\EWARM\Road
#        Brd MSTR Rev L Long Always\Obj\tasks.o"
#        "D:\GoogleDriveCLT\GoogleDrive\WeatherCloud\Roadboard\Software\Road-Board-December-2016N8\EWARM\Road
#        Brd MSTR Rev L Long Always\Obj\Temperature.o"
#        "D:\GoogleDriveCLT\GoogleDrive\WeatherCloud\Roadboard\Software\Road-Board-December-2016N8\EWARM\Road
#        Brd MSTR Rev L Long Always\Obj\tim.o"
#        "D:\GoogleDriveCLT\GoogleDrive\WeatherCloud\Roadboard\Software\Road-Board-December-2016N8\EWARM\Road
#        Brd MSTR Rev L Long Always\Obj\timers.o"
#        "D:\GoogleDriveCLT\GoogleDrive\WeatherCloud\Roadboard\Software\Road-Board-December-2016N8\EWARM\Road
#        Brd MSTR Rev L Long Always\Obj\usart.o"
#        "D:\GoogleDriveCLT\GoogleDrive\WeatherCloud\Roadboard\Software\Road-Board-December-2016N8\EWARM\Road
#        Brd MSTR Rev L Long Always\Obj\usb_device.o"
#        "D:\GoogleDriveCLT\GoogleDrive\WeatherCloud\Roadboard\Software\Road-Board-December-2016N8\EWARM\Road
#        Brd MSTR Rev L Long Always\Obj\usbd_cdc.o"
#        "D:\GoogleDriveCLT\GoogleDrive\WeatherCloud\Roadboard\Software\Road-Board-December-2016N8\EWARM\Road
#        Brd MSTR Rev L Long Always\Obj\usbd_cdc_if.o"
#        "D:\GoogleDriveCLT\GoogleDrive\WeatherCloud\Roadboard\Software\Road-Board-December-2016N8\EWARM\Road
#        Brd MSTR Rev L Long Always\Obj\usbd_conf.o"
#        "D:\GoogleDriveCLT\GoogleDrive\WeatherCloud\Roadboard\Software\Road-Board-December-2016N8\EWARM\Road
#        Brd MSTR Rev L Long Always\Obj\usbd_core.o"
#        "D:\GoogleDriveCLT\GoogleDrive\WeatherCloud\Roadboard\Software\Road-Board-December-2016N8\EWARM\Road
#        Brd MSTR Rev L Long Always\Obj\usbd_ctlreq.o"
#        "D:\GoogleDriveCLT\GoogleDrive\WeatherCloud\Roadboard\Software\Road-Board-December-2016N8\EWARM\Road
#        Brd MSTR Rev L Long Always\Obj\usbd_desc.o"
#        "D:\GoogleDriveCLT\GoogleDrive\WeatherCloud\Roadboard\Software\Road-Board-December-2016N8\EWARM\Road
#        Brd MSTR Rev L Long Always\Obj\usbd_ioreq.o"
#        "D:\GoogleDriveCLT\GoogleDrive\WeatherCloud\Roadboard\Software\Road-Board-December-2016N8\EWARM\Road
#        Brd MSTR Rev L Long Always\Obj\VMonitor.o"
#        "D:\GoogleDriveCLT\GoogleDrive\WeatherCloud\Roadboard\Software\Road-Board-December-2016N8\EWARM\Road
#        Brd MSTR Rev L Long Always\Obj\wwdg.o" --redirect _Printf=_PrintfFull
#        --redirect _Scanf=_ScanfFull -o
#        "D:\GoogleDriveCLT\GoogleDrive\WeatherCloud\Roadboard\Software\Road-Board-December-2016N8\EWARM\Road
#        Brd MSTR Rev L Long Always\Exe\Road Board Rev K NUCLEO V1.1 Jul 12
#        2016.out" --map
#        "D:\GoogleDriveCLT\GoogleDrive\WeatherCloud\Roadboard\Software\Road-Board-December-2016N8\EWARM\Road
#        Brd MSTR Rev L Long Always\List\Road Board Rev K NUCLEO V1.1 Jul 12
#        2016.map" --config
#        D:\GoogleDriveCLT\GoogleDrive\WeatherCloud\Roadboard\Software\Road-Board-December-2016N8\EWARM/stm32l152xe_flash.icf
#        --semihosting --entry __iar_program_start --vfe
#
###############################################################################

*******************************************************************************
*** RUNTIME MODEL ATTRIBUTES
***

CppFlavor                     = *
__Heap_Handler                = Basic
__SystemLibrary               = DLib
__dlib_dynamic_initialization = normal


*******************************************************************************
*** PLACEMENT SUMMARY
***

"A1":  place at 0x08000000 { ro section .intvec };
"P1":  place in [from 0x08000000 to 0x0807ffff] { ro };
"P2":  place in [from 0x20000000 to 0x20013fff] { rw, block CSTACK, block HEAP };
initialize by copy { rw };

  Section             Kind        Address     Size  Object
  -------             ----        -------     ----  ------
"A1":                                        0x124
  .intvec             ro code  0x08000000    0x124  startup_stm32l152xe.o [1]
                             - 0x08000124    0x124

"P1":                                      0x1849c
  .text               ro code  0x08000124   0x2fa0  parser.o [1]
  .text               ro code  0x080030c4     0x36  strlen.o [5]
  .text               ro code  0x080030fa     0x1e  xsscin.o [3]
  .text               ro code  0x08003118     0x44  strcpy_unaligned.o [5]
  .text               ro code  0x0800315c    0x4bc  usart.o [1]
  .text               ro code  0x08003618    0x9a0  bgm111.o [1]
  .text               ro code  0x08003fb8    0x240  Rd_Sound.o [1]
  .text               ro code  0x080041f8     0x34  sprintf.o [3]
  .text               ro code  0x0800422c     0x1c  strcat.o [3]
  .text               ro code  0x08004248    0x278  barometer.o [1]
  .text               ro code  0x080044c0   0x14e8  app_data.o [1]
  .text               ro code  0x080059a8   0x1aac  GridEye.o [1]
  .text               ro code  0x08007454    0x874  VMonitor.o [1]
  .text               ro code  0x08007cc8    0xcbc  Humidity.o [1]
  .text               ro code  0x08008984    0x2b4  Temperature.o [1]
  .text               ro code  0x08008c38    0x328  RGBLight.o [1]
  .text               ro code  0x08008f60    0x1c4  gpio.o [1]
  .text               ro code  0x08009124    0x4e0  i2c.o [1]
  .text               ro code  0x08009604     0x24  sscanf.o [3]
  .text               ro code  0x08009628     0x4e  FltToDbl.o [4]
  .text               ro code  0x08009676     0x2c  strncmp.o [3]
  .text               ro code  0x080096a2      0xa  xsprout.o [3]
  .text               ro code  0x080096ac    0x140  Calibration.o [1]
  .text               ro code  0x080097ec    0x1b0  stm32l1xx_hal_cortex.o [1]
  .text               ro code  0x0800999c      0xa  isdigit.o [3]
  .text               ro code  0x080099a6      0x8  atoi.o [3]
  .text               ro code  0x080099b0    0x208  wwdg.o [1]
  .text               ro code  0x08009bb8     0x32  I32ToFlt.o [4]
  .text               ro code  0x08009bec     0xfc  FltDiv.o [4]
  .text               ro code  0x08009ce8    0x8ec  stm32l1xx_hal_uart.o [1]
  .text               ro code  0x0800a5d4    0x6da  main.o [1]
  .text               ro code  0x0800acb0    0x378  stm32l1xx_hal_gpio.o [1]
  .text               ro code  0x0800b028    0x1b0  gecko_bglib.o [1]
  .text               ro code  0x0800b1d8    0x13e  ErrorCodes.o [1]
  .text               ro code  0x0800b318    0x24c  tim.o [1]
  .text               ro code  0x0800b564    0x2bc  adc.o [1]
  .text               ro code  0x0800b820    0x1ac  fix_fft.o [1]
  .text               ro code  0x0800b9cc     0xd8  FltMul.o [4]
  .text               ro code  0x0800baa4     0x84  FltAdd.o [4]
  .text               ro code  0x0800bb28     0xf0  sqrt.o [4]
  .text               ro code  0x0800bc18     0x90  DblToFlt.o [4]
  .text               ro code  0x0800bca8     0x44  FltToS32.o [4]
  .text               ro code  0x0800bcec   0x119e  xprintffull.o [3]
  .text               ro code  0x0800ce8c    0x248  lps25hb.o [1]
  .text               ro code  0x0800d0d4    0x1a2  DblMul.o [4]
  .text               ro code  0x0800d278     0x58  DblToI32.o [4]
  .text               ro code  0x0800d2d0     0xb8  modf.o [4]
  .text               ro code  0x0800d388     0xe8  DblAdd.o [4]
  .text               ro code  0x0800d470     0x42  strcmp_unaligned.o [5]
  .text               ro code  0x0800d4b4     0x48  stm32l1xx_hal.o [1]
  .text               ro code  0x0800d4fc     0x6c  strncpy_unaligned.o [5]
  .text               ro code  0x0800d568     0x44  round.o [4]
  .text               ro code  0x0800d5ac     0x24  FltCmpGe.o [4]
  .text               ro code  0x0800d5d0     0x30  I32ToDbl.o [4]
  .text               ro code  0x0800d600   0x1018  stm32l1xx_hal_i2c.o [1]
  .text               ro code  0x0800e618    0xcf0  xscanffull.o [3]
  .text               ro code  0x0800f308    0x158  Flash.o [1]
  .text               ro code  0x0800f460    0x198  xstoul.o [3]
  .text               ro code  0x0800f5f8     0xd6  stm32l1xx_hal_wwdg.o [1]
  .text               ro code  0x0800f6d0    0xcd4  stm32l1xx_hal_rcc.o [1]
  .text               ro code  0x080103a4     0x30  dma.o [1]
  .text               ro code  0x080103d4    0x3da  stm32l1xx_hal_tim.o [1]
  .text               ro code  0x080107ae     0x5e  stm32l1xx_hal_tim_ex.o [1]
  .text               ro code  0x0801080c    0x82a  stm32l1xx_hal_adc.o [1]
  .text               ro code  0x08011038    0xefe  stm32l1xx_hal_dma.o [1]
  .text               ro code  0x08011f36     0x1c  fix_fft.o [1]
  .text               ro code  0x08011f54     0xd6  FltSub.o [4]
  .text               ro code  0x0801202c      0xc  iarEdom.o [5]
  .text               ro code  0x08012038     0x20  xmbtowc.o [3]
  .text               ro code  0x08012058     0x16  strchr.o [5]
  .text               ro code  0x08012070     0x58  memchr.o [5]
  .text               ro code  0x080120c8      0xa  xmbcurmax.o [3]
  .text               ro code  0x080120d4     0xb0  xxmemxmalloc.o [3]
  .text               ro code  0x08012184     0x1a  xwctomb.o [3]
  .text               ro code  0x080121a0     0x76  ABImemcpy_unaligned.o [5]
  .text               ro code  0x08012218     0x80  xxmemxfree.o [3]
  .text               ro code  0x08012298     0xee  I64DivMod.o [5]
  .text               ro code  0x08012386     0x44  xdnorm.o [4]
  .text               ro code  0x080123cc     0x2e  DblCmpLe.o [4]
  .text               ro code  0x080123fc     0x2e  DblCmpGe.o [4]
  .text               ro code  0x0801242c    0x10c  xdscale.o [4]
  .text               ro code  0x08012538    0x180  DblSub.o [4]
  .text               ro code  0x080126b8    0x256  DblDiv.o [4]
  .text               ro code  0x08012910     0x6c  localeconv.o [3]
  .text               ro code  0x0801297c      0xe  div.o [3]
  .text               ro code  0x0801298c     0x90  stm32l1xx_hal_timebase_TIM.o [1]
  .text               ro code  0x08012a1c     0x98  stm32l1xx_hal_msp.o [1]
  .text               ro code  0x08012ab4     0x5e  ABImemset.o [5]
  .text               ro code  0x08012b12     0x7a  xdint.o [4]
  .text               ro code  0x08012b8c     0x40  xwctob.o [3]
  .text               ro code  0x08012bcc     0x28  isxxx.o [3]
  .text               ro code  0x08012bf4     0xa6  xstoll.o [3]
  .text               ro code  0x08012c9c    0x1b0  xstoull.o [3]
  .text               ro code  0x08012e4c    0x14c  xstold.o [4]
  .text               ro code  0x08012f98    0x198  stm32l1xx_hal_flash.o [1]
  .text               ro code  0x08013130     0x5e  ceil.o [4]
  .text               ro code  0x08013190     0xcc  stm32l1xx_hal_flash_ex.o [1]
  .text               ro code  0x0801325c     0x14  tolower.o [3]
  .text               ro code  0x08013270      0xc  errno.o [3]
  .text               ro code  0x0801327c     0x10  stm32l1xx_hal_pwr_ex.o [1]
  .text               ro code  0x0801328c     0x28  setlocale.o [3]
  .text               ro code  0x080132b4     0x60  xencoding_sb.o [3]
  .text               ro code  0x08013314     0x2c  xgetmemchunk.o [3]
  .text               ro code  0x08013340      0x2  I64DivZer.o [5]
  .text               ro code  0x08013342      0x2  xtls.o [3]
  .text               ro code  0x08013344     0x16  xlocale_c.o [3]
  .text               ro code  0x0801335a     0x14  xlocale_c.o [3]
  .text               ro code  0x0801336e    0x122  xstopfx.o [3]
  .text               ro code  0x08013490    0x1d0  xstoflt.o [3]
  .rodata             const    0x08013660     0x64  Calibration.o [1]
  .text               ro code  0x080136c8    0x200  xdtento.o [4]
  .text               ro code  0x080138c8    0x234  xstoxflt.o [3]
  .text               ro code  0x08013afc      0xc  xlocale_c.o [3]
  .text               ro code  0x08013b08     0x20  DblCmpEq.o [4]
  .text               ro code  0x08013b28     0x52  xdunscal.o [4]
  .text               ro code  0x08013b7a   0x1074  stm32l1xx_hal_pcd.o [1]
  .text               ro code  0x08014bf0    0x198  usbd_conf.o [1]
  .text               ro code  0x08014d88    0x2c8  usbd_core.o [1]
  .text               ro code  0x08015050    0x608  usbd_ctlreq.o [1]
  .text               ro code  0x08015658     0x90  usbd_ioreq.o [1]
  .text               ro code  0x080156e8    0x224  tasks.o [1]
  CODE                ro code  0x0801590c     0x94  portasm.o [1]
  .text               ro code  0x080159a0     0x40  list.o [1]
  .rodata             const    0x080159e0     0xc0  fix_fft.o [1]
  .text               ro code  0x08015aa0     0x84  stm32l1xx_it.o [1]
  .text               ro code  0x08015b24     0x10  cmsis_os.o [1]
  .text               ro code  0x08015b34     0x24  port.o [1]
  .text               ro code  0x08015b58     0x64  system_stm32l1xx.o [1]
  .rodata             const    0x08015bbc     0x5c  ErrorCodes.o [1]
  .rodata             const    0x08015c18     0x48  parser.o [1]
  .rodata             const    0x08015c60     0x48  parser.o [1]
  .rodata             const    0x08015ca8     0x44  parser.o [1]
  .rodata             const    0x08015cec     0x44  parser.o [1]
  .rodata             const    0x08015d30     0x44  parser.o [1]
  .rodata             const    0x08015d74     0x40  main.o [1]
  .rodata             const    0x08015db4     0x40  main.o [1]
  .rodata             const    0x08015df4     0x40  parser.o [1]
  .rodata             const    0x08015e34     0x40  parser.o [1]
  .rodata             const    0x08015e74     0x40  parser.o [1]
  .rodata             const    0x08015eb4     0x40  parser.o [1]
  .rodata             const    0x08015ef4     0x40  parser.o [1]
  .rodata             const    0x08015f34     0x40  parser.o [1]
  .text               ro code  0x08015f74     0x40  zero_init3.o [5]
  .rodata             const    0x08015fb4     0x3c  parser.o [1]
  .rodata             const    0x08015ff0     0x3c  parser.o [1]
  .rodata             const    0x0801602c     0x3c  parser.o [1]
  .rodata             const    0x08016068     0x3c  parser.o [1]
  .rodata             const    0x080160a4     0x38  parser.o [1]
  .rodata             const    0x080160dc     0x38  parser.o [1]
  .rodata             const    0x08016114     0x38  parser.o [1]
  .rodata             const    0x0801614c     0x38  parser.o [1]
  .rodata             const    0x08016184     0x38  parser.o [1]
  .text               ro code  0x080161bc     0x38  packbits_init_single.o [5]
  .rodata             const    0x080161f4     0x34  main.o [1]
  .rodata             const    0x08016228     0x34  parser.o [1]
  .rodata             const    0x0801625c     0x34  parser.o [1]
  .rodata             const    0x08016290     0x34  parser.o [1]
  .rodata             const    0x080162c4     0x34  parser.o [1]
  .rodata             const    0x080162f8     0x30  parser.o [1]
  .rodata             const    0x08016328     0x30  parser.o [1]
  .rodata             const    0x08016358     0x30  parser.o [1]
  .rodata             const    0x08016388     0x30  parser.o [1]
  .rodata             const    0x080163b8     0x30  parser.o [1]
  .rodata             const    0x080163e8     0x30  parser.o [1]
  .rodata             const    0x08016418     0x30  parser.o [1]
  .rodata             const    0x08016448     0x30  parser.o [1]
  .rodata             const    0x08016478     0x2c  parser.o [1]
  .rodata             const    0x080164a4     0x2c  parser.o [1]
  .rodata             const    0x080164d0     0x2c  parser.o [1]
  .rodata             const    0x080164fc     0x2c  parser.o [1]
  .rodata             const    0x08016528     0x2c  parser.o [1]
  .rodata             const    0x08016554     0x2c  parser.o [1]
  .rodata             const    0x08016580     0x2c  parser.o [1]
  .rodata             const    0x080165ac     0x2c  parser.o [1]
  .rodata             const    0x080165d8     0x2c  parser.o [1]
  .rodata             const    0x08016604     0x2c  parser.o [1]
  .rodata             const    0x08016630     0x2c  parser.o [1]
  .rodata             const    0x0801665c     0x28  main.o [1]
  .rodata             const    0x08016684     0x28  main.o [1]
  .rodata             const    0x080166ac     0x28  main.o [1]
  .rodata             const    0x080166d4     0x28  parser.o [1]
  .rodata             const    0x080166fc     0x28  parser.o [1]
  .rodata             const    0x08016724     0x28  parser.o [1]
  .rodata             const    0x0801674c     0x28  parser.o [1]
  .rodata             const    0x08016774     0x28  parser.o [1]
  .rodata             const    0x0801679c     0x28  parser.o [1]
  .rodata             const    0x080167c4     0x28  parser.o [1]
  .rodata             const    0x080167ec     0x28  parser.o [1]
  .rodata             const    0x08016814     0x28  parser.o [1]
  .rodata             const    0x0801683c     0x28  parser.o [1]
  .rodata             const    0x08016864     0x28  parser.o [1]
  .rodata             const    0x0801688c     0x28  parser.o [1]
  .rodata             const    0x080168b4     0x28  parser.o [1]
  .rodata             const    0x080168dc     0x28  parser.o [1]
  .rodata             const    0x08016904     0x28  parser.o [1]
  .rodata             const    0x0801692c     0x28  parser.o [1]
  .rodata             const    0x08016954     0x28  parser.o [1]
  .rodata             const    0x0801697c     0x28  parser.o [1]
  .rodata             const    0x080169a4     0x28  parser.o [1]
  .rodata             const    0x080169cc     0x28  parser.o [1]
  .rodata             const    0x080169f4     0x28  parser.o [1]
  .rodata             const    0x08016a1c     0x28  parser.o [1]
  .rodata             const    0x08016a44     0x28  parser.o [1]
  .rodata             const    0x08016a6c     0x28  parser.o [1]
  .rodata             const    0x08016a94     0x28  parser.o [1]
  .rodata             const    0x08016abc     0x28  parser.o [1]
  .rodata             const    0x08016ae4     0x28  parser.o [1]
  .rodata             const    0x08016b0c     0x28  parser.o [1]
  .rodata             const    0x08016b34     0x28  parser.o [1]
  .rodata             const    0x08016b5c     0x28  parser.o [1]
  .rodata             const    0x08016b84     0x28  parser.o [1]
  .rodata             const    0x08016bac     0x28  parser.o [1]
  .rodata             const    0x08016bd4     0x28  parser.o [1]
  .rodata             const    0x08016bfc     0x28  parser.o [1]
  .text               ro code  0x08016c24     0x28  data_init.o [5]
  .rodata             const    0x08016c4c     0x24  parser.o [1]
  .rodata             const    0x08016c70     0x24  parser.o [1]
  .rodata             const    0x08016c94     0x24  parser.o [1]
  .rodata             const    0x08016cb8     0x24  parser.o [1]
  .rodata             const    0x08016cdc     0x24  parser.o [1]
  .rodata             const    0x08016d00     0x24  parser.o [1]
  .rodata             const    0x08016d24     0x24  parser.o [1]
  .rodata             const    0x08016d48     0x24  parser.o [1]
  .rodata             const    0x08016d6c     0x24  parser.o [1]
  .rodata             const    0x08016d90     0x24  parser.o [1]
  .rodata             const    0x08016db4     0x24  parser.o [1]
  .rodata             const    0x08016dd8     0x24  parser.o [1]
  .rodata             const    0x08016dfc     0x24  parser.o [1]
  .rodata             const    0x08016e20     0x24  parser.o [1]
  .rodata             const    0x08016e44     0x24  parser.o [1]
  .rodata             const    0x08016e68     0x24  parser.o [1]
  .iar.init_table     const    0x08016e8c     0x30  - Linker created -
  .rodata             const    0x08016ebc     0x20  app_data.o [1]
  .rodata             const    0x08016edc     0x20  app_data.o [1]
  .rodata             const    0x08016efc     0x20  app_data.o [1]
  .rodata             const    0x08016f1c     0x20  app_data.o [1]
  .rodata             const    0x08016f3c     0x20  app_data.o [1]
  .rodata             const    0x08016f5c     0x20  app_data.o [1]
  .rodata             const    0x08016f7c     0x20  app_data.o [1]
  .rodata             const    0x08016f9c     0x20  app_data.o [1]
  .rodata             const    0x08016fbc     0x20  app_data.o [1]
  .rodata             const    0x08016fdc     0x20  app_data.o [1]
  .rodata             const    0x08016ffc     0x20  app_data.o [1]
  .rodata             const    0x0801701c     0x20  app_data.o [1]
  .rodata             const    0x0801703c     0x20  app_data.o [1]
  .rodata             const    0x0801705c     0x20  app_data.o [1]
  .rodata             const    0x0801707c     0x20  app_data.o [1]
  .rodata             const    0x0801709c     0x20  app_data.o [1]
  .rodata             const    0x080170bc     0x20  app_data.o [1]
  .rodata             const    0x080170dc     0x20  app_data.o [1]
  .rodata             const    0x080170fc     0x20  app_data.o [1]
  .rodata             const    0x0801711c     0x20  app_data.o [1]
  .rodata             const    0x0801713c     0x20  app_data.o [1]
  .rodata             const    0x0801715c     0x20  app_data.o [1]
  .rodata             const    0x0801717c     0x20  app_data.o [1]
  .rodata             const    0x0801719c     0x20  app_data.o [1]
  .rodata             const    0x080171bc     0x20  app_data.o [1]
  .rodata             const    0x080171dc     0x20  app_data.o [1]
  .rodata             const    0x080171fc     0x20  app_data.o [1]
  .rodata             const    0x0801721c     0x20  app_data.o [1]
  .rodata             const    0x0801723c     0x20  app_data.o [1]
  .rodata             const    0x0801725c     0x20  bgm111.o [1]
  .rodata             const    0x0801727c     0x20  bgm111.o [1]
  .rodata             const    0x0801729c     0x20  main.o [1]
  .rodata             const    0x080172bc     0x20  main.o [1]
  .rodata             const    0x080172dc     0x20  parser.o [1]
  .rodata             const    0x080172fc     0x20  parser.o [1]
  .rodata             const    0x0801731c     0x20  parser.o [1]
  .rodata             const    0x0801733c     0x20  parser.o [1]
  .rodata             const    0x0801735c     0x20  parser.o [1]
  .rodata             const    0x0801737c     0x20  parser.o [1]
  .rodata             const    0x0801739c     0x20  parser.o [1]
  .rodata             const    0x080173bc     0x20  parser.o [1]
  .rodata             const    0x080173dc     0x20  parser.o [1]
  .rodata             const    0x080173fc     0x20  parser.o [1]
  .rodata             const    0x0801741c     0x20  parser.o [1]
  .rodata             const    0x0801743c     0x20  parser.o [1]
  .rodata             const    0x0801745c     0x20  parser.o [1]
  .rodata             const    0x0801747c     0x20  parser.o [1]
  .rodata             const    0x0801749c     0x20  parser.o [1]
  .rodata             const    0x080174bc     0x20  parser.o [1]
  .rodata             const    0x080174dc     0x20  parser.o [1]
  .rodata             const    0x080174fc     0x1c  app_data.o [1]
  .rodata             const    0x08017518     0x1c  bgm111.o [1]
  .rodata             const    0x08017534     0x1c  bgm111.o [1]
  .rodata             const    0x08017550     0x1c  bgm111.o [1]
  .rodata             const    0x0801756c     0x1c  bgm111.o [1]
  .rodata             const    0x08017588     0x1c  ErrorCodes.o [1]
  .rodata             const    0x080175a4     0x1c  parser.o [1]
  .rodata             const    0x080175c0     0x1c  parser.o [1]
  .rodata             const    0x080175dc     0x1c  parser.o [1]
  .rodata             const    0x080175f8     0x1c  parser.o [1]
  .rodata             const    0x08017614     0x1c  parser.o [1]
  .rodata             const    0x08017630     0x1c  parser.o [1]
  .rodata             const    0x0801764c     0x1c  parser.o [1]
  .text               ro code  0x08017668     0x1a  cmain.o [5]
  .text               ro code  0x08017682      0x4  low_level_init.o [3]
  .text               ro code  0x08017686      0x4  exit.o [3]
  .text               ro code  0x0801768c      0xa  cexit.o [5]
  .text               ro code  0x08017698     0x14  exit.o [6]
  .rodata             const    0x080176ac     0x18  app_data.o [1]
  .rodata             const    0x080176c4     0x18  bgm111.o [1]
  .rodata             const    0x080176dc     0x18  bgm111.o [1]
  .rodata             const    0x080176f4     0x18  parser.o [1]
  .rodata             const    0x0801770c     0x18  parser.o [1]
  .rodata             const    0x08017724     0x18  parser.o [1]
  .rodata             const    0x0801773c     0x18  parser.o [1]
  .rodata             const    0x08017754     0x18  parser.o [1]
  .rodata             const    0x0801776c     0x18  parser.o [1]
  .rodata             const    0x08017784     0x18  parser.o [1]
  .rodata             const    0x0801779c     0x18  parser.o [1]
  .rodata             const    0x080177b4     0x18  parser.o [1]
  .rodata             const    0x080177cc     0x18  parser.o [1]
  .rodata             const    0x080177e4     0x18  parser.o [1]
  .rodata             const    0x080177fc     0x18  parser.o [1]
  .rodata             const    0x08017814     0x18  parser.o [1]
  .rodata             const    0x0801782c     0x18  parser.o [1]
  .rodata             const    0x08017844     0x18  parser.o [1]
  .rodata             const    0x0801785c     0x18  parser.o [1]
  .rodata             const    0x08017874     0x18  parser.o [1]
  .rodata             const    0x0801788c     0x18  parser.o [1]
  .rodata             const    0x080178a4     0x18  parser.o [1]
  .rodata             const    0x080178bc     0x18  parser.o [1]
  .rodata             const    0x080178d4     0x18  parser.o [1]
  .rodata             const    0x080178ec     0x18  parser.o [1]
  .rodata             const    0x08017904     0x18  parser.o [1]
  .rodata             const    0x0801791c     0x18  parser.o [1]
  .rodata             const    0x08017934     0x18  parser.o [1]
  .rodata             const    0x0801794c     0x18  parser.o [1]
  .rodata             const    0x08017964     0x18  parser.o [1]
  .rodata             const    0x0801797c     0x18  parser.o [1]
  .rodata             const    0x08017994     0x18  parser.o [1]
  .rodata             const    0x080179ac     0x18  parser.o [1]
  .rodata             const    0x080179c4     0x18  parser.o [1]
  .rodata             const    0x080179dc     0x18  parser.o [1]
  .rodata             const    0x080179f4     0x18  parser.o [1]
  .rodata             const    0x08017a0c     0x18  parser.o [1]
  .rodata             const    0x08017a24     0x18  parser.o [1]
  .rodata             const    0x08017a3c     0x18  parser.o [1]
  .rodata             const    0x08017a54     0x18  parser.o [1]
  .rodata             const    0x08017a6c     0x18  parser.o [1]
  .rodata             const    0x08017a84     0x18  parser.o [1]
  .rodata             const    0x08017a9c     0x18  parser.o [1]
  .rodata             const    0x08017ab4     0x18  parser.o [1]
  .rodata             const    0x08017acc     0x18  parser.o [1]
  .rodata             const    0x08017ae4     0x18  parser.o [1]
  .rodata             const    0x08017afc     0x18  parser.o [1]
  .rodata             const    0x08017b14     0x18  parser.o [1]
  .rodata             const    0x08017b2c     0x18  parser.o [1]
  .rodata             const    0x08017b44     0x18  parser.o [1]
  .rodata             const    0x08017b5c     0x18  parser.o [1]
  .rodata             const    0x08017b74     0x18  parser.o [1]
  .rodata             const    0x08017b8c     0x18  parser.o [1]
  .rodata             const    0x08017ba4     0x14  app_data.o [1]
  .rodata             const    0x08017bb8     0x14  app_data.o [1]
  .rodata             const    0x08017bcc     0x14  app_data.o [1]
  .rodata             const    0x08017be0     0x14  app_data.o [1]
  .rodata             const    0x08017bf4     0x14  app_data.o [1]
  .rodata             const    0x08017c08     0x14  app_data.o [1]
  .rodata             const    0x08017c1c     0x14  app_data.o [1]
  .rodata             const    0x08017c30     0x14  app_data.o [1]
  .rodata             const    0x08017c44     0x14  app_data.o [1]
  .rodata             const    0x08017c58     0x14  app_data.o [1]
  .rodata             const    0x08017c6c     0x14  app_data.o [1]
  .rodata             const    0x08017c80     0x14  app_data.o [1]
  .rodata             const    0x08017c94     0x14  app_data.o [1]
  .rodata             const    0x08017ca8     0x14  app_data.o [1]
  .rodata             const    0x08017cbc     0x14  app_data.o [1]
  .rodata             const    0x08017cd0     0x14  app_data.o [1]
  .rodata             const    0x08017ce4     0x14  app_data.o [1]
  .rodata             const    0x08017cf8     0x14  app_data.o [1]
  .rodata             const    0x08017d0c     0x14  app_data.o [1]
  .rodata             const    0x08017d20     0x14  app_data.o [1]
  .rodata             const    0x08017d34     0x14  app_data.o [1]
  .rodata             const    0x08017d48     0x14  app_data.o [1]
  .rodata             const    0x08017d5c     0x14  app_data.o [1]
  .rodata             const    0x08017d70     0x14  app_data.o [1]
  .rodata             const    0x08017d84     0x14  app_data.o [1]
  .rodata             const    0x08017d98     0x14  app_data.o [1]
  .rodata             const    0x08017dac     0x14  app_data.o [1]
  .rodata             const    0x08017dc0     0x14  app_data.o [1]
  .rodata             const    0x08017dd4     0x14  bgm111.o [1]
  .rodata             const    0x08017de8     0x14  bgm111.o [1]
  .rodata             const    0x08017dfc     0x14  bgm111.o [1]
  .rodata             const    0x08017e10     0x14  bgm111.o [1]
  .rodata             const    0x08017e24     0x14  bgm111.o [1]
  .rodata             const    0x08017e38     0x14  Calibration.o [1]
  .rodata             const    0x08017e4c     0x14  ErrorCodes.o [1]
  .rodata             const    0x08017e60     0x14  gpio.o [1]
  .rodata             const    0x08017e74     0x14  main.o [1]
  .rodata             const    0x08017e88     0x14  parser.o [1]
  .rodata             const    0x08017e9c     0x14  parser.o [1]
  .rodata             const    0x08017eb0     0x14  parser.o [1]
  .rodata             const    0x08017ec4     0x14  parser.o [1]
  .rodata             const    0x08017ed8     0x14  parser.o [1]
  .rodata             const    0x08017eec     0x14  parser.o [1]
  .rodata             const    0x08017f00     0x14  parser.o [1]
  .rodata             const    0x08017f14     0x14  parser.o [1]
  .rodata             const    0x08017f28     0x14  parser.o [1]
  .rodata             const    0x08017f3c     0x14  parser.o [1]
  .rodata             const    0x08017f50     0x14  parser.o [1]
  .rodata             const    0x08017f64     0x14  parser.o [1]
  .rodata             const    0x08017f78     0x14  parser.o [1]
  .rodata             const    0x08017f8c     0x14  parser.o [1]
  .rodata             const    0x08017fa0     0x10  app_data.o [1]
  .rodata             const    0x08017fb0     0x10  bgm111.o [1]
  .rodata             const    0x08017fc0     0x10  bgm111.o [1]
  .rodata             const    0x08017fd0     0x10  bgm111.o [1]
  .rodata             const    0x08017fe0     0x10  bgm111.o [1]
  .rodata             const    0x08017ff0     0x10  bgm111.o [1]
  .rodata             const    0x08018000     0x10  parser.o [1]
  .rodata             const    0x08018010     0x10  parser.o [1]
  .rodata             const    0x08018020     0x10  parser.o [1]
  .rodata             const    0x08018030     0x10  parser.o [1]
  .rodata             const    0x08018040     0x10  parser.o [1]
  .rodata             const    0x08018050     0x10  system_stm32l1xx.o [1]
  .text               ro code  0x08018060     0x10  startup_stm32l152xe.o [1]
  .rodata             const    0x08018070      0xc  app_data.o [1]
  .rodata             const    0x0801807c      0xc  app_data.o [1]
  .rodata             const    0x08018088      0xc  bgm111.o [1]
  .rodata             const    0x08018094      0xc  bgm111.o [1]
  .rodata             const    0x080180a0      0xc  bgm111.o [1]
  .rodata             const    0x080180ac      0xc  bgm111.o [1]
  .rodata             const    0x080180b8      0xc  bgm111.o [1]
  .rodata             const    0x080180c4      0xc  Calibration.o [1]
  .rodata             const    0x080180d0      0xc  Calibration.o [1]
  .rodata             const    0x080180dc      0xc  Calibration.o [1]
  .rodata             const    0x080180e8      0xc  Calibration.o [1]
  .rodata             const    0x080180f4      0xc  Calibration.o [1]
  .rodata             const    0x08018100      0xc  Calibration.o [1]
  .rodata             const    0x0801810c      0xc  Calibration.o [1]
  .rodata             const    0x08018118      0xc  Calibration.o [1]
  .rodata             const    0x08018124      0xc  Calibration.o [1]
  .rodata             const    0x08018130      0xc  Calibration.o [1]
  .rodata             const    0x0801813c      0xc  Calibration.o [1]
  .rodata             const    0x08018148      0xc  Calibration.o [1]
  .rodata             const    0x08018154      0xc  Calibration.o [1]
  .rodata             const    0x08018160      0xc  Calibration.o [1]
  .rodata             const    0x0801816c      0xc  Calibration.o [1]
  .rodata             const    0x08018178      0xc  Calibration.o [1]
  .rodata             const    0x08018184      0xc  Calibration.o [1]
  .rodata             const    0x08018190      0xc  Calibration.o [1]
  .rodata             const    0x0801819c      0xc  Calibration.o [1]
  .rodata             const    0x080181a8      0xc  main.o [1]
  .rodata             const    0x080181b4      0xc  parser.o [1]
  .rodata             const    0x080181c0      0xc  parser.o [1]
  .rodata             const    0x080181cc      0xc  parser.o [1]
  .rodata             const    0x080181d8      0xc  parser.o [1]
  .rodata             const    0x080181e4      0xc  parser.o [1]
  .rodata             const    0x080181f0      0xc  parser.o [1]
  .rodata             const    0x080181fc      0xc  parser.o [1]
  .rodata             const    0x08018208      0xc  stm32l1xx_hal_rcc.o [1]
  .text               ro code  0x08018214      0xc  cstartup_M.o [5]
  .rodata             const    0x08018220      0x8  app_data.o [1]
  .rodata             const    0x08018228      0x8  app_data.o [1]
  .rodata             const    0x08018230      0x8  app_data.o [1]
  .rodata             const    0x08018238      0x8  app_data.o [1]
  .rodata             const    0x08018240      0x8  app_data.o [1]
  .rodata             const    0x08018248      0x8  app_data.o [1]
  .rodata             const    0x08018250      0x8  barometer.o [1]
  .rodata             const    0x08018258      0x8  barometer.o [1]
  .rodata             const    0x08018260      0x8  barometer.o [1]
  .rodata             const    0x08018268      0x8  barometer.o [1]
  .rodata             const    0x08018270      0x8  bgm111.o [1]
  .rodata             const    0x08018278      0x8  bgm111.o [1]
  .rodata             const    0x08018280      0x8  bgm111.o [1]
  .rodata             const    0x08018288      0x8  Calibration.o [1]
  .rodata             const    0x08018290      0x8  Calibration.o [1]
  .rodata             const    0x08018298      0x8  Calibration.o [1]
  .rodata             const    0x080182a0      0x8  Calibration.o [1]
  .rodata             const    0x080182a8      0x8  ErrorCodes.o [1]
  .rodata             const    0x080182b0      0x8  ErrorCodes.o [1]
  .rodata             const    0x080182b8      0x8  ErrorCodes.o [1]
  .rodata             const    0x080182c0      0x8  ErrorCodes.o [1]
  .rodata             const    0x080182c8      0x8  ErrorCodes.o [1]
  .rodata             const    0x080182d0      0x8  ErrorCodes.o [1]
  .rodata             const    0x080182d8      0x8  ErrorCodes.o [1]
  .rodata             const    0x080182e0      0x8  ErrorCodes.o [1]
  .rodata             const    0x080182e8      0x8  ErrorCodes.o [1]
  .rodata             const    0x080182f0      0x8  ErrorCodes.o [1]
  .rodata             const    0x080182f8      0x8  ErrorCodes.o [1]
  .rodata             const    0x08018300      0x8  ErrorCodes.o [1]
  .rodata             const    0x08018308      0x8  ErrorCodes.o [1]
  .rodata             const    0x08018310      0x8  ErrorCodes.o [1]
  .rodata             const    0x08018318      0x8  ErrorCodes.o [1]
  .rodata             const    0x08018320      0x8  ErrorCodes.o [1]
  .rodata             const    0x08018328      0x8  ErrorCodes.o [1]
  .rodata             const    0x08018330      0x8  ErrorCodes.o [1]
  .rodata             const    0x08018338      0x8  ErrorCodes.o [1]
  .rodata             const    0x08018340      0x8  ErrorCodes.o [1]
  .rodata             const    0x08018348      0x8  ErrorCodes.o [1]
  .rodata             const    0x08018350      0x8  ErrorCodes.o [1]
  .rodata             const    0x08018358      0x8  ErrorCodes.o [1]
  .rodata             const    0x08018360      0x8  GridEye.o [1]
  .rodata             const    0x08018368      0x8  GridEye.o [1]
  .rodata             const    0x08018370      0x8  Humidity.o [1]
  .rodata             const    0x08018378      0x8  Humidity.o [1]
  .rodata             const    0x08018380      0x8  Humidity.o [1]
  .rodata             const    0x08018388      0x8  main.o [1]
  .rodata             const    0x08018390      0x8  main.o [1]
  .rodata             const    0x08018398      0x8  parser.o [1]
  .rodata             const    0x080183a0      0x8  parser.o [1]
  .rodata             const    0x080183a8      0x8  parser.o [1]
  .rodata             const    0x080183b0      0x8  parser.o [1]
  .rodata             const    0x080183b8      0x8  parser.o [1]
  .rodata             const    0x080183c0      0x8  parser.o [1]
  .rodata             const    0x080183c8      0x8  parser.o [1]
  .rodata             const    0x080183d0      0x8  parser.o [1]
  .rodata             const    0x080183d8      0x8  parser.o [1]
  .rodata             const    0x080183e0      0x8  parser.o [1]
  .rodata             const    0x080183e8      0x8  parser.o [1]
  .rodata             const    0x080183f0      0x8  parser.o [1]
  .rodata             const    0x080183f8      0x8  parser.o [1]
  .rodata             const    0x08018400      0x8  parser.o [1]
  .rodata             const    0x08018408      0x8  parser.o [1]
  .rodata             const    0x08018410      0x8  parser.o [1]
  .rodata             const    0x08018418      0x8  parser.o [1]
  .rodata             const    0x08018420      0x8  parser.o [1]
  .rodata             const    0x08018428      0x8  parser.o [1]
  .rodata             const    0x08018430      0x8  parser.o [1]
  .rodata             const    0x08018438      0x8  parser.o [1]
  .rodata             const    0x08018440      0x8  parser.o [1]
  .rodata             const    0x08018448      0x8  parser.o [1]
  .rodata             const    0x08018450      0x8  parser.o [1]
  .rodata             const    0x08018458      0x8  parser.o [1]
  .rodata             const    0x08018460      0x8  Rd_Sound.o [1]
  .rodata             const    0x08018468      0x8  RGBLight.o [1]
  .rodata             const    0x08018470      0x8  system_stm32l1xx.o [1]
  .rodata             const    0x08018478      0x8  Temperature.o [1]
  .rodata             const    0x08018480      0x8  Temperature.o [1]
  .rodata             const    0x08018488      0x8  VMonitor.o [1]
  .rodata             const    0x08018490      0x8  VMonitor.o [1]
  .rodata             const    0x08018498      0x8  VMonitor.o [1]
  .rodata             const    0x080184a0      0x4  stm32l1xx_hal_rcc.o [1]
  .text               ro code  0x080184a4      0x4  startup_stm32l152xe.o [1]
  .text               ro code  0x080184a8      0x4  startup_stm32l152xe.o [1]
  .text               ro code  0x080184ac      0x4  startup_stm32l152xe.o [1]
  .text               ro code  0x080184b0      0x4  startup_stm32l152xe.o [1]
  .text               ro code  0x080184b4      0x4  startup_stm32l152xe.o [1]
  .text               ro code  0x080184b8      0x4  startup_stm32l152xe.o [1]
  .text               ro code  0x080184bc      0x4  startup_stm32l152xe.o [1]
  .text               ro code  0x080184c0      0x4  startup_stm32l152xe.o [1]
  .text               ro code  0x080184c4      0x4  startup_stm32l152xe.o [1]
  .text               ro code  0x080184c8      0x4  startup_stm32l152xe.o [1]
  .text               ro code  0x080184cc      0x4  startup_stm32l152xe.o [1]
  .text               ro code  0x080184d0      0x4  startup_stm32l152xe.o [1]
  .text               ro code  0x080184d4      0x4  startup_stm32l152xe.o [1]
  .text               ro code  0x080184d8      0x4  startup_stm32l152xe.o [1]
  .text               ro code  0x080184dc      0x4  startup_stm32l152xe.o [1]
  .text               ro code  0x080184e0      0x4  startup_stm32l152xe.o [1]
  .text               ro code  0x080184e4      0x4  startup_stm32l152xe.o [1]
  .text               ro code  0x080184e8      0x4  startup_stm32l152xe.o [1]
  .text               ro code  0x080184ec      0x4  startup_stm32l152xe.o [1]
  .text               ro code  0x080184f0      0x4  startup_stm32l152xe.o [1]
  .text               ro code  0x080184f4      0x4  startup_stm32l152xe.o [1]
  .text               ro code  0x080184f8      0x4  startup_stm32l152xe.o [1]
  .text               ro code  0x080184fc      0x4  startup_stm32l152xe.o [1]
  .text               ro code  0x08018500      0x4  startup_stm32l152xe.o [1]
  .text               ro code  0x08018504      0x4  startup_stm32l152xe.o [1]
  .text               ro code  0x08018508      0x4  startup_stm32l152xe.o [1]
  .text               ro code  0x0801850c      0x4  startup_stm32l152xe.o [1]
  .text               ro code  0x08018510      0x4  startup_stm32l152xe.o [1]
  .text               ro code  0x08018514      0x4  startup_stm32l152xe.o [1]
  .text               ro code  0x08018518      0x4  startup_stm32l152xe.o [1]
  .text               ro code  0x0801851c      0x4  startup_stm32l152xe.o [1]
  .text               ro code  0x08018520      0x4  startup_stm32l152xe.o [1]
  .text               ro code  0x08018524      0x4  startup_stm32l152xe.o [1]
  .text               ro code  0x08018528      0x4  startup_stm32l152xe.o [1]
  .text               ro code  0x0801852c      0x4  startup_stm32l152xe.o [1]
  .text               ro code  0x08018530      0x4  startup_stm32l152xe.o [1]
  .text               ro code  0x08018534      0x4  startup_stm32l152xe.o [1]
  .text               ro code  0x08018538      0x4  startup_stm32l152xe.o [1]
  .text               ro code  0x0801853c      0x4  startup_stm32l152xe.o [1]
  .text               ro code  0x08018540      0x4  startup_stm32l152xe.o [1]
  .text               ro code  0x08018544      0x4  startup_stm32l152xe.o [1]
  .text               ro code  0x08018548      0x4  startup_stm32l152xe.o [1]
  .text               ro code  0x0801854c      0x4  startup_stm32l152xe.o [1]
  .text               ro code  0x08018550      0x4  startup_stm32l152xe.o [1]
  .text               ro code  0x08018554      0x4  startup_stm32l152xe.o [1]
  .text               ro code  0x08018558      0x4  startup_stm32l152xe.o [1]
  .text               ro code  0x0801855c      0x4  startup_stm32l152xe.o [1]
  .text               ro code  0x08018560      0x4  startup_stm32l152xe.o [1]
  .text               ro code  0x08018564      0x4  startup_stm32l152xe.o [1]
  .text               ro code  0x08018568      0x4  startup_stm32l152xe.o [1]
  .rodata             const    0x0801856c      0x0  zero_init3.o [5]
  .rodata             const    0x0801856c      0x0  packbits_init_single.o [5]
  Initializer bytes   const    0x0801856c     0x54  <for P2-1>
                             - 0x080185c0  0x1849c

Absolute sections, part 1 of 2:               0x20
  .bss                zero     0x08070000     0x20  wwdg.o [1]
                             - 0x08070020     0x20

Absolute sections, part 2 of 2:               0xc8
  .bss                zero     0x08070100     0xc8  Calibration.o [1]
                             - 0x080701c8     0xc8

"P2", part 1 of 3:                           0x14c
  P2-1                         0x20000000    0x14c  <Init block>
    .data             inited   0x20000000      0xc  adc.o [1]
    .data             inited   0x2000000c      0x4  bgm111.o [1]
    .data             inited   0x20000010      0x4  bgm111.o [1]
    .data             inited   0x20000014     0x24  gpio.o [1]
    .data             inited   0x20000038      0x4  system_stm32l1xx.o [1]
    .data             inited   0x2000003c      0x4  tim.o [1]
    .data             inited   0x20000040      0x4  tim.o [1]
    .data             inited   0x20000044      0x4  tim.o [1]
    .data             inited   0x20000048      0x4  usart.o [1]
    __DLIB_PERTHREAD  inited   0x2000004c     0x88  localeconv.o [3]
    __DLIB_PERTHREAD  inited   0x200000d4      0x4  errno.o [3]
    __DLIB_PERTHREAD  inited   0x200000d8     0x74  setlocale.o [3]
                             - 0x2000014c    0x14c

"P2", part 2 of 3:                          0x1000
  CSTACK                       0x20000150   0x1000  <Block>
    CSTACK            uninit   0x20000150   0x1000  <Block tail>
  HEAP                         0x20001150      0x0  <Block>
                             - 0x20001150   0x1000

"P2", part 3 of 3:                          0x2538
  .bss                zero     0x20001150    0xf78  bgm111.o [1]
  .bss                zero     0x200020c8    0x324  bgm111.o [1]
  .bss                zero     0x200023ec    0x324  ErrorCodes.o [1]
  .bss                zero     0x20002710    0x248  app_data.o [1]
  .bss                zero     0x20002958    0x248  app_data.o [1]
  .bss                zero     0x20002ba0    0x220  usbd_conf.o [1]
  .bss                zero     0x20002dc0    0x1a4  bgm111.o [1]
  .bss                zero     0x20002f64     0xc8  Calibration.o [1]
  .bss                zero     0x2000302c     0x8c  tasks.o [1]
  .bss                zero     0x200030b8     0x84  bgm111.o [1]
  .bss                zero     0x2000313c     0x84  bgm111.o [1]
  .bss                zero     0x200031c0     0x80  Rd_Sound.o [1]
  .bss                zero     0x20003240     0x80  Rd_Sound.o [1]
  .bss                zero     0x200032c0     0x80  Rd_Sound.o [1]
  .bss                zero     0x20003340     0x54  adc.o [1]
  .bss                zero     0x20003394     0x40  usart.o [1]
  .bss                zero     0x200033d4     0x40  usart.o [1]
  .bss                zero     0x20003414     0x3c  i2c.o [1]
  .bss                zero     0x20003450     0x38  adc.o [1]
  .bss                zero     0x20003488     0x38  stm32l1xx_hal_timebase_TIM.o [1]
  .bss                zero     0x200034c0     0x38  tim.o [1]
  .bss                zero     0x200034f8     0x38  tim.o [1]
  .bss                zero     0x20003530     0x28  bgm111.o [1]
  .bss                zero     0x20003558     0x28  usart.o [1]
  .bss                zero     0x20003580     0x20  wwdg.o [1]
  .bss                zero     0x200035a0     0x1c  Flash.o [1]
  .bss                zero     0x200035bc     0x18  stm32l1xx_hal_flash.o [1]
  .bss                zero     0x200035d4     0x14  wwdg.o [1]
  .bss                zero     0x200035e8      0xc  adc.o [1]
  .bss                zero     0x200035f4      0xc  app_data.o [1]
  .bss                zero     0x20003600      0xc  Flash.o [1]
  .bss                zero     0x2000360c      0x8  app_data.o [1]
  .bss                zero     0x20003614      0x8  xxmemxmalloc.o [3]
  .bss                zero     0x2000361c      0x4  bgm111.o [1]
  .bss                zero     0x20003620      0x4  bgm111.o [1]
  .bss                zero     0x20003624      0x4  bgm111.o [1]
  .bss                zero     0x20003628      0x4  bgm111.o [1]
  .bss                zero     0x2000362c      0x4  bgm111.o [1]
  .bss                zero     0x20003630      0x4  Flash.o [1]
  .bss                zero     0x20003634      0x4  stm32l1xx_hal.o [1]
  .bss                zero     0x20003638      0x4  tasks.o [1]
  .bss                zero     0x2000363c      0x4  tasks.o [1]
  .bss                zero     0x20003640      0x4  tasks.o [1]
  .bss                zero     0x20003644      0x4  tasks.o [1]
  .bss                zero     0x20003648      0x4  tasks.o [1]
  .bss                zero     0x2000364c      0x4  tasks.o [1]
  .bss                zero     0x20003650      0x4  tasks.o [1]
  .bss                zero     0x20003654      0x4  tasks.o [1]
  .bss                zero     0x20003658      0x4  tasks.o [1]
  .bss                zero     0x2000365c      0x4  tasks.o [1]
  .bss                zero     0x20003660      0x4  tasks.o [1]
  .bss                zero     0x20003664      0x4  usart.o [1]
  .bss                zero     0x20003668      0x4  usart.o [1]
  .bss                zero     0x2000366c      0x4  wwdg.o [1]
  .bss                zero     0x20003670      0x4  xgetmemchunk.o [3]
  .bss                zero     0x20003674      0x2  app_data.o [1]
  .bss                zero     0x20003676      0x2  app_data.o [1]
  .bss                zero     0x20003678      0x1  adc.o [1]
  .bss                zero     0x20003679      0x1  adc.o [1]
  .bss                zero     0x2000367a      0x1  adc.o [1]
  .bss                zero     0x2000367b      0x1  app_data.o [1]
  .bss                zero     0x2000367c      0x1  bgm111.o [1]
  .bss                zero     0x2000367d      0x1  parser.o [1]
  .bss                zero     0x2000367e      0x1  tim.o [1]
  .bss                zero     0x2000367f      0x1  tim.o [1]
  .bss                zero     0x20003680      0x1  usart.o [1]
  .bss                zero     0x20003681      0x1  usart.o [1]
  .bss                zero     0x20003682      0x1  usart.o [1]
  .bss                zero     0x20003683      0x1  usbd_ctlreq.o [1]
  .bss                zero     0x20003684      0x1  wwdg.o [1]
                             - 0x20003685   0x2535


*******************************************************************************
*** INIT TABLE
***

          Address     Size
          -------     ----
Zero (__iar_zero_init3)
    3 destination ranges, total size 0x261d:
          0x08070000    0x20
          0x08070100    0xc8
          0x20001150  0x2535

Copy/packbits (__iar_packbits_init_single3)
    1 source range, total size 0x54 (25% of destination):
          0x0801856c    0x54
    1 destination range, total size 0x14c:
          0x20000000   0x14c



*******************************************************************************
*** MODULE SUMMARY
***

    Module                        ro code  ro data  rw data  rw data
                                                              (abs)
    ------                        -------  -------  -------  -------
D:\GoogleDriveCLT\GoogleDrive\WeatherCloud\Roadboard\Software\Road-Board-December-2016N8\EWARM\Road Brd MSTR Rev L Long Always\Obj: [1]
    Calibration.o                     320      380      200      200
    ErrorCodes.o                      318      324      804
    Flash.o                           344                44
    GridEye.o                       6 828       16
    Humidity.o                      3 260       24
    RGBLight.o                        808        8
    Rd_Sound.o                        576        8      384
    Temperature.o                     692       16
    VMonitor.o                      2 164       24
    adc.o                             700        3      167
    app_data.o                      5 352    1 628    1 193
    barometer.o                       632       32
    bgm111.o                        2 464      490    5 517
    cmsis_os.o                         16
    dma.o                              48
    fix_fft.o                         456      192
    gecko_bglib.o                     432
    gpio.o                            452       29       36
    i2c.o                           1 248                60
    list.o                             64
    lps25hb.o                         584
    main.o                          1 754      412
    parser.o                       12 192    6 848        1
    port.o                             36
    portasm.o                         148
    startup_stm32l152xe.o             508
    stm32l1xx_hal.o                    72                 4
    stm32l1xx_hal_adc.o             2 090
    stm32l1xx_hal_cortex.o            432
    stm32l1xx_hal_dma.o             3 838
    stm32l1xx_hal_flash.o             408                24
    stm32l1xx_hal_flash_ex.o          204
    stm32l1xx_hal_gpio.o              888
    stm32l1xx_hal_i2c.o             4 120
    stm32l1xx_hal_msp.o               152
    stm32l1xx_hal_pcd.o             4 212
    stm32l1xx_hal_pwr_ex.o             16
    stm32l1xx_hal_rcc.o             3 284       16
    stm32l1xx_hal_tim.o               986
    stm32l1xx_hal_tim_ex.o             94
    stm32l1xx_hal_timebase_TIM.o      144                56
    stm32l1xx_hal_uart.o            2 284
    stm32l1xx_hal_wwdg.o              214
    stm32l1xx_it.o                    132
    system_stm32l1xx.o                100       25        4
    tasks.o                           548               184
    tim.o                             588        3      126
    usart.o                         1 212        1      183
    usbd_conf.o                       408               544
    usbd_core.o                       712
    usbd_ctlreq.o                   1 544                 1
    usbd_ioreq.o                      144
    wwdg.o                            520                57       32
    ----------------------------------------------------------------
    Total:                         71 742   10 479    9 589      232

command line: [2]
    ----------------------------------------------------------------
    Total:

dl7M_tlf.a: [3]
    atoi.o                              8
    div.o                              14
    errno.o                            12        1        4
    exit.o                              4
    isdigit.o                          10
    isxxx.o                            40
    localeconv.o                      108       34      136
    low_level_init.o                    4
    setlocale.o                        40       30      116
    sprintf.o                          52
    sscanf.o                           36
    strcat.o                           28
    strncmp.o                          44
    tolower.o                          20
    xencoding_sb.o                     96
    xgetmemchunk.o                     44                 4
    xlocale_c.o                        54
    xmbcurmax.o                        10
    xmbtowc.o                          32
    xprintffull.o                   4 510
    xscanffull.o                    3 312
    xsprout.o                          10
    xsscin.o                           30
    xstoflt.o                         464
    xstoll.o                          166
    xstopfx.o                         290
    xstoul.o                          408
    xstoull.o                         432
    xstoxflt.o                        564
    xtls.o                              2
    xwctob.o                           64
    xwctomb.o                          26
    xxmemxfree.o                      128
    xxmemxmalloc.o                    176                 8
    ----------------------------------------------------------------
    Total:                         11 238       65      268

m7M_tl.a: [4]
    DblAdd.o                          232
    DblCmpEq.o                         32
    DblCmpGe.o                         46
    DblCmpLe.o                         46
    DblDiv.o                          598
    DblMul.o                          418
    DblSub.o                          384
    DblToFlt.o                        144
    DblToI32.o                         88
    FltAdd.o                          132
    FltCmpGe.o                         36
    FltDiv.o                          252
    FltMul.o                          216
    FltSub.o                          214
    FltToDbl.o                         78
    FltToS32.o                         68
    I32ToDbl.o                         48
    I32ToFlt.o                         50
    ceil.o                             94
    modf.o                            184
    round.o                            68
    sqrt.o                            240
    xdint.o                           122
    xdnorm.o                           68
    xdscale.o                         268
    xdtento.o                         512
    xdunscal.o                         82
    xstold.o                          332
    ----------------------------------------------------------------
    Total:                          5 052

rt7M_tl.a: [5]
    ABImemcpy_unaligned.o             118
    ABImemset.o                        94
    I64DivMod.o                       238
    I64DivZer.o                         2
    cexit.o                            10
    cmain.o                            26
    cstartup_M.o                       12
    data_init.o                        40
    iarEdom.o                          12
    memchr.o                           88
    packbits_init_single.o             56
    strchr.o                           22
    strcmp_unaligned.o                 66
    strcpy_unaligned.o                 68
    strlen.o                           54
    strncpy_unaligned.o               108
    zero_init3.o                       64
    ----------------------------------------------------------------
    Total:                          1 078

shb_l.a: [6]
    exit.o                             20
    ----------------------------------------------------------------
    Total:                             20

    Gaps                               54
    Linker created                              48    4 096
--------------------------------------------------------------------
    Grand Total:                   89 184   10 592   13 953      232


*******************************************************************************
*** ENTRY LIST
***

Entry                      Address    Size  Type      Object
-----                      -------    ----  ----      ------
.iar.init_table$$Base   0x08016e8c           --   Gb  - Linker created -
.iar.init_table$$Limit  0x08016ebc           --   Gb  - Linker created -
?main                   0x08017669          Code  Gb  cmain.o [5]
ADC_Channel             0x2000367a     0x1  Data  Lc  adc.o [1]
ADC_Config              0x0800b69b    0xbe  Code  Gb  adc.o [1]
ADC_ConversionStop_Disable
                        0x08010f4d    0x4a  Code  Gb  stm32l1xx_hal_adc.o [1]
ADC_DMAConvCplt         0x08010f99    0x6e  Code  Lc  stm32l1xx_hal_adc.o [1]
ADC_DMAError            0x08011019    0x1e  Code  Lc  stm32l1xx_hal_adc.o [1]
ADC_DMAHalfConvCplt     0x08011009     0xe  Code  Lc  stm32l1xx_hal_adc.o [1]
ADC_Enable              0x08010eaf    0x72  Code  Gb  stm32l1xx_hal_adc.o [1]
AHBPrescTable           0x08018050    0x10  Data  Gb  system_stm32l1xx.o [1]
APBPrescTable           0x08018470     0x8  Data  Gb  system_stm32l1xx.o [1]
BGM111_CMD_Mode         0x0800397f     0xa  Code  Gb  bgm111.o [1]
BGM111_Connected        0x0800396b     0xa  Code  Gb  bgm111.o [1]
BGM111_DataConnected    0x08003975     0xa  Code  Gb  bgm111.o [1]
BGM111_GetTackState     0x08003a79     0xa  Code  Gb  bgm111.o [1]
BGM111_Init             0x08003721    0x32  Code  Gb  bgm111.o [1]
BGM111_LowLevel_Init    0x08003659    0x52  Code  Gb  bgm111.o [1]
BGM111_Peek             0x08003717     0xa  Code  Gb  bgm111.o [1]
BGM111_ProcessInput     0x08003753   0x20e  Code  Gb  bgm111.o [1]
BGM111_Ready            0x08003961     0xa  Code  Gb  bgm111.o [1]
BGM111_Receive          0x080036b9    0x5e  Code  Gb  bgm111.o [1]
BGM111_SetCMD_Mode      0x08003993     0xa  Code  Gb  bgm111.o [1]
BGM111_SetDataConnected
                        0x08003989     0xa  Code  Gb  bgm111.o [1]
BGM111_SetSyncFlg       0x08003a59     0xa  Code  Gb  bgm111.o [1]
BGM111_SetTackState     0x08003a83     0xa  Code  Gb  bgm111.o [1]
BGM111_SyncModeTest     0x0800399d    0x98  Code  Gb  bgm111.o [1]
BGM111_SyncModeTestNoInc
                        0x08003a35    0x24  Code  Gb  bgm111.o [1]
BGM111_Transmit         0x08003b29   0x13a  Code  Gb  bgm111.o [1]
BGM111_UART_IRQHandler  0x08003a8d    0x92  Code  Gb  bgm111.o [1]
BGM111_cntrlSetSyncFlg  0x08003a63    0x16  Code  Gb  bgm111.o [1]
Bypass                  0x2000367d     0x1  Data  Lc  parser.o [1]
CSTACK$$Base            0x20000150           --   Gb  - Linker created -
CSTACK$$Limit           0x20001150           --   Gb  - Linker created -
Cal_Save_Frames         0x20002f64    0xc8  Data  Lc  Calibration.o [1]
Calibration_HardFrames  0x08070100    0xc8  Data  Gb  Calibration.o [1]
Clear_Timer2_Flg        0x0800b481     0x8  Code  Gb  tim.o [1]
ClrAnalyticsRepeat      0x08005861     0x8  Code  Gb  app_data.o [1]
ClrDataReady            0x0800459b     0xa  Code  Gb  app_data.o [1]
ClrDataStructure        0x080044ed    0xa4  Code  Gb  app_data.o [1]
Clr_HeartBeat           0x08005859     0x8  Code  Gb  app_data.o [1]
Clr_HrtBeat_Cnt         0x08005837     0x8  Code  Gb  app_data.o [1]
CodesArray              0x08015bbc    0x5c  Data  Gb  ErrorCodes.o [1]
DMA1_Channel1_IRQHandler
                        0x08015aa9     0xa  Code  Gb  stm32l1xx_it.o [1]
DMA_SetConfig           0x08011f15    0x22  Code  Lc  stm32l1xx_hal_dma.o [1]
Error_Handler           0x0800ac81    0x2e  Code  Gb  main.o [1]
FIX_MPY                 0x08011f37    0x1c  Code  Gb  fix_fft.o [1]
FLASH_PageErase         0x0801322b    0x28  Code  Gb  stm32l1xx_hal_flash_ex.o [1]
FLASH_SetErrorCode      0x0801309f    0x6a  Code  Lc  stm32l1xx_hal_flash.o [1]
FLASH_WaitForLastOperation
                        0x0801303b    0x64  Code  Gb  stm32l1xx_hal_flash.o [1]
Get_DriverStates        0x08005735    0x66  Code  Gb  app_data.o [1]
Get_DriverStatus        0x080057b1    0x86  Code  Gb  app_data.o [1]
HAL_ADC_ConfigChannel   0x08010cc9   0x1e6  Code  Gb  stm32l1xx_hal_adc.o [1]
HAL_ADC_ConvCpltCallback
                        0x0800b7d7     0xe  Code  Gb  adc.o [1]
HAL_ADC_ConvHalfCpltCallback
                        0x0800b815     0x2  Code  Gb  adc.o [1]
HAL_ADC_DeInit          0x080109d3   0x134  Code  Gb  stm32l1xx_hal_adc.o [1]
HAL_ADC_ErrorCallback   0x0800b817     0xa  Code  Gb  adc.o [1]
HAL_ADC_Init            0x0801080d   0x1c6  Code  Gb  stm32l1xx_hal_adc.o [1]
HAL_ADC_MspDeInit       0x0800b673    0x28  Code  Gb  adc.o [1]
HAL_ADC_MspInit         0x0800b5ed    0x86  Code  Gb  adc.o [1]
HAL_ADC_Start           0x08010b07    0x88  Code  Gb  stm32l1xx_hal_adc.o [1]
HAL_ADC_Start_DMA       0x08010b8f    0xcc  Code  Gb  stm32l1xx_hal_adc.o [1]
HAL_ADC_Stop_DMA        0x08010c5b    0x6e  Code  Gb  stm32l1xx_hal_adc.o [1]
HAL_DMA_Abort           0x08011573    0x54  Code  Gb  stm32l1xx_hal_dma.o [1]
HAL_DMA_DeInit          0x08011091   0x43e  Code  Gb  stm32l1xx_hal_dma.o [1]
HAL_DMA_IRQHandler      0x080115cd   0x906  Code  Gb  stm32l1xx_hal_dma.o [1]
HAL_DMA_Init            0x08011039    0x58  Code  Gb  stm32l1xx_hal_dma.o [1]
HAL_DMA_Start_IT        0x08011505    0x6e  Code  Gb  stm32l1xx_hal_dma.o [1]
HAL_Delay               0x0800d4dd    0x1a  Code  Wk  stm32l1xx_hal.o [1]
HAL_FLASHEx_Erase       0x08013191    0x9a  Code  Gb  stm32l1xx_hal_flash_ex.o [1]
HAL_FLASH_GetError      0x08013035     0x6  Code  Gb  stm32l1xx_hal_flash.o [1]
HAL_FLASH_Lock          0x08013025    0x10  Code  Gb  stm32l1xx_hal_flash.o [1]
HAL_FLASH_Program       0x08012f99    0x5c  Code  Gb  stm32l1xx_hal_flash.o [1]
HAL_FLASH_Unlock        0x08012ff5    0x30  Code  Gb  stm32l1xx_hal_flash.o [1]
HAL_GPIO_DeInit         0x0800ae83   0x13c  Code  Gb  stm32l1xx_hal_gpio.o [1]
HAL_GPIO_Init           0x0800acb1   0x1d2  Code  Gb  stm32l1xx_hal_gpio.o [1]
HAL_GPIO_ReadPin        0x0800afbf    0x18  Code  Gb  stm32l1xx_hal_gpio.o [1]
HAL_GPIO_TogglePin      0x0800afeb     0xa  Code  Gb  stm32l1xx_hal_gpio.o [1]
HAL_GPIO_WritePin       0x0800afd7    0x14  Code  Gb  stm32l1xx_hal_gpio.o [1]
HAL_GetTick             0x0800d4d7     0x6  Code  Wk  stm32l1xx_hal.o [1]
HAL_I2C_ER_IRQHandler   0x0800de85    0xce  Code  Gb  stm32l1xx_hal_i2c.o [1]
HAL_I2C_EV_IRQHandler   0x0800dd51   0x134  Code  Gb  stm32l1xx_hal_i2c.o [1]
HAL_I2C_ErrorCallback   0x0800df5f     0x2  Code  Wk  stm32l1xx_hal_i2c.o [1]
HAL_I2C_GetError        0x0800df67     0x4  Code  Gb  stm32l1xx_hal_i2c.o [1]
HAL_I2C_GetState        0x0800df61     0x6  Code  Gb  stm32l1xx_hal_i2c.o [1]
HAL_I2C_Init            0x0800d601   0x172  Code  Gb  stm32l1xx_hal_i2c.o [1]
HAL_I2C_MasterRxCpltCallback
                        0x0800df55     0x2  Code  Wk  stm32l1xx_hal_i2c.o [1]
HAL_I2C_MasterTxCpltCallback
                        0x0800df53     0x2  Code  Wk  stm32l1xx_hal_i2c.o [1]
HAL_I2C_Master_Receive  0x0800d8ab   0x256  Code  Gb  stm32l1xx_hal_i2c.o [1]
HAL_I2C_Master_Receive_IT
                        0x0800dbe7   0x14e  Code  Gb  stm32l1xx_hal_i2c.o [1]
HAL_I2C_Master_Transmit
                        0x0800d773   0x138  Code  Gb  stm32l1xx_hal_i2c.o [1]
HAL_I2C_Master_Transmit_IT
                        0x0800db01    0xe6  Code  Gb  stm32l1xx_hal_i2c.o [1]
HAL_I2C_MemRxCpltCallback
                        0x0800df5d     0x2  Code  Wk  stm32l1xx_hal_i2c.o [1]
HAL_I2C_MemTxCpltCallback
                        0x0800df5b     0x2  Code  Wk  stm32l1xx_hal_i2c.o [1]
HAL_I2C_MspInit         0x08009187    0x50  Code  Gb  i2c.o [1]
HAL_I2C_SlaveRxCpltCallback
                        0x0800df59     0x2  Code  Wk  stm32l1xx_hal_i2c.o [1]
HAL_I2C_SlaveTxCpltCallback
                        0x0800df57     0x2  Code  Wk  stm32l1xx_hal_i2c.o [1]
HAL_IncTick             0x0800d4cb     0xc  Code  Wk  stm32l1xx_hal.o [1]
HAL_Init                0x0800d4b5    0x16  Code  Gb  stm32l1xx_hal.o [1]
HAL_InitTick            0x0801298d    0x80  Code  Gb  stm32l1xx_hal_timebase_TIM.o [1]
HAL_MspInit             0x08012a1d    0x98  Code  Gb  stm32l1xx_hal_msp.o [1]
HAL_NVIC_DisableIRQ     0x0800992d     0xe  Code  Gb  stm32l1xx_hal_cortex.o [1]
HAL_NVIC_EnableIRQ      0x0800991f     0xe  Code  Gb  stm32l1xx_hal_cortex.o [1]
HAL_NVIC_SetPriority    0x080098f9    0x26  Code  Gb  stm32l1xx_hal_cortex.o [1]
HAL_NVIC_SetPriorityGrouping
                        0x080098ed     0xc  Code  Gb  stm32l1xx_hal_cortex.o [1]
HAL_NVIC_SystemReset    0x0800993b     0x8  Code  Gb  stm32l1xx_hal_cortex.o [1]
HAL_PCD_DataInStageCallback
                        0x08014c29    0x20  Code  Gb  usbd_conf.o [1]
HAL_PCD_DataOutStageCallback
                        0x08014c07    0x22  Code  Gb  usbd_conf.o [1]
HAL_PCD_EP_ClrStall     0x08014ae5   0x10a  Code  Gb  stm32l1xx_hal_pcd.o [1]
HAL_PCD_EP_Open         0x08014197   0x476  Code  Gb  stm32l1xx_hal_pcd.o [1]
HAL_PCD_EP_Receive      0x0801460d   0x1ac  Code  Gb  stm32l1xx_hal_pcd.o [1]
HAL_PCD_EP_SetStall     0x08014a07    0xde  Code  Gb  stm32l1xx_hal_pcd.o [1]
HAL_PCD_EP_Transmit     0x080147b9   0x24e  Code  Gb  stm32l1xx_hal_pcd.o [1]
HAL_PCD_IRQHandler      0x08014021   0x144  Code  Gb  stm32l1xx_hal_pcd.o [1]
HAL_PCD_ResetCallback   0x08014c57    0x2c  Code  Gb  usbd_conf.o [1]
HAL_PCD_ResumeCallback  0x08014ca3     0xe  Code  Gb  usbd_conf.o [1]
HAL_PCD_SOFCallback     0x08014c49     0xe  Code  Gb  usbd_conf.o [1]
HAL_PCD_SetAddress      0x08014165    0x32  Code  Gb  stm32l1xx_hal_pcd.o [1]
HAL_PCD_SetupStageCallback
                        0x08014bf1    0x16  Code  Gb  usbd_conf.o [1]
HAL_PCD_SuspendCallback
                        0x08014c83    0x20  Code  Gb  usbd_conf.o [1]
HAL_PWREx_GetVoltageRange
                        0x0801327d     0xa  Code  Gb  stm32l1xx_hal_pwr_ex.o [1]
HAL_RCC_ClockConfig     0x0800fefb   0x2a0  Code  Gb  stm32l1xx_hal_rcc.o [1]
HAL_RCC_GetClockConfig  0x080102a1    0x3a  Code  Gb  stm32l1xx_hal_rcc.o [1]
HAL_RCC_GetHCLKFreq     0x08010245     0x6  Code  Gb  stm32l1xx_hal_rcc.o [1]
HAL_RCC_GetPCLK1Freq    0x0801024b    0x20  Code  Gb  stm32l1xx_hal_rcc.o [1]
HAL_RCC_GetPCLK2Freq    0x0801026b    0x20  Code  Gb  stm32l1xx_hal_rcc.o [1]
HAL_RCC_GetSysClockFreq
                        0x0801019b    0xaa  Code  Gb  stm32l1xx_hal_rcc.o [1]
HAL_RCC_OscConfig       0x0800f6d1   0x82a  Code  Gb  stm32l1xx_hal_rcc.o [1]
HAL_SYSTICK_CLKSourceConfig
                        0x0800994f    0x22  Code  Gb  stm32l1xx_hal_cortex.o [1]
HAL_SYSTICK_Config      0x08009943     0xc  Code  Gb  stm32l1xx_hal_cortex.o [1]
HAL_TIMEx_MasterConfigSynchronization
                        0x080107af    0x5e  Code  Gb  stm32l1xx_hal_tim_ex.o [1]
HAL_TIM_Base_Init       0x080103d5    0x38  Code  Gb  stm32l1xx_hal_tim.o [1]
HAL_TIM_Base_MspInit    0x0800b3e3    0x48  Code  Gb  tim.o [1]
HAL_TIM_Base_Start_IT   0x0801040d    0x1e  Code  Gb  stm32l1xx_hal_tim.o [1]
HAL_TIM_ConfigClockSource
                        0x08010565   0x122  Code  Gb  stm32l1xx_hal_tim.o [1]
HAL_TIM_IC_CaptureCallback
                        0x08010689     0x2  Code  Wk  stm32l1xx_hal_tim.o [1]
HAL_TIM_IRQHandler      0x0801042b   0x13a  Code  Gb  stm32l1xx_hal_tim.o [1]
HAL_TIM_OC_DelayElapsedCallback
                        0x08010687     0x2  Code  Wk  stm32l1xx_hal_tim.o [1]
HAL_TIM_PWM_PulseFinishedCallback
                        0x0801068b     0x2  Code  Wk  stm32l1xx_hal_tim.o [1]
HAL_TIM_PeriodElapsedCallback
                        0x0800b42b    0x56  Code  Gb  tim.o [1]
HAL_TIM_StartTimer2     0x0800b4f1    0x22  Code  Gb  tim.o [1]
HAL_TIM_StartTimer3     0x0800b513    0x12  Code  Gb  tim.o [1]
HAL_TIM_TriggerCallback
                        0x0801068d     0x2  Code  Wk  stm32l1xx_hal_tim.o [1]
HAL_UART_EnableBGM_RX   0x080035ab    0x32  Code  Gb  usart.o [1]
HAL_UART_EnableBGM_TXE  0x08003599    0x12  Code  Gb  usart.o [1]
HAL_UART_ErrorCallback  0x08003597     0x2  Code  Gb  usart.o [1]
HAL_UART_IRQHandler     0x08009f4f   0x11a  Code  Gb  stm32l1xx_hal_uart.o [1]
HAL_UART_Init           0x08009ce9    0x72  Code  Gb  stm32l1xx_hal_uart.o [1]
HAL_UART_MspInit        0x0800320f    0xba  Code  Gb  usart.o [1]
[...]
TmpData                 0x20002710   0x248  Data  Gb  app_data.o [1]
TstDataReady            0x080045a5     0x8  Code  Gb  app_data.o [1]
Tst_Bypass              0x08002fcb     0x6  Code  Gb  parser.o [1]
Tst_HeartBeat           0x08005845     0x6  Code  Gb  app_data.o [1]
UART_EndTransmit_IT     0x0800a1d3    0x32  Code  Lc  stm32l1xx_hal_uart.o [1]
UART_Receive_IT         0x0800a205    0xc8  Code  Lc  stm32l1xx_hal_uart.o [1]
UART_SetConfig          0x0800a2cd   0x2fe  Code  Lc  stm32l1xx_hal_uart.o [1]
UART_Transmit_IT        0x0800a157    0x7c  Code  Lc  stm32l1xx_hal_uart.o [1]
UART_WaitOnFlagUntilTimeout
                        0x0800a069    0xee  Code  Lc  stm32l1xx_hal_uart.o [1]
USART2_IRQHandler       0x08015ad1     0xa  Code  Gb  stm32l1xx_it.o [1]
USART3_IRQHandler       0x08015ac7     0xa  Code  Gb  stm32l1xx_it.o [1]
USART_ReceiveData       0x08003c6f     0xa  Code  Gb  bgm111.o [1]
USART_SendData          0x08003c63     0xc  Code  Gb  bgm111.o [1]
USBD_ClrClassConfig     0x08014dbb    0x18  Code  Gb  usbd_core.o [1]
USBD_ClrFeature         0x080155df    0x3a  Code  Lc  usbd_ctlreq.o [1]
USBD_CtlContinueRx      0x0801569b    0x1a  Code  Gb  usbd_ioreq.o [1]
USBD_CtlContinueSendData
                        0x08015681    0x1a  Code  Gb  usbd_ioreq.o [1]
USBD_CtlError           0x08015641    0x18  Code  Gb  usbd_ctlreq.o [1]
USBD_CtlReceiveStatus   0x080156cf    0x1a  Code  Gb  usbd_ioreq.o [1]
USBD_CtlSendData        0x08015659    0x28  Code  Gb  usbd_ioreq.o [1]
USBD_CtlSendStatus      0x080156b5    0x1a  Code  Gb  usbd_ioreq.o [1]
USBD_GetConfig          0x08015531    0x4c  Code  Lc  usbd_ctlreq.o [1]
USBD_GetDescriptor      0x0801528d   0x164  Code  Lc  usbd_ctlreq.o [1]
USBD_GetStatus          0x0801557d    0x3c  Code  Lc  usbd_ctlreq.o [1]
USBD_LL_ClearStallEP    0x08014ce9    0x16  Code  Gb  usbd_conf.o [1]
USBD_LL_DataInStage     0x08014edb    0xe2  Code  Gb  usbd_core.o [1]
USBD_LL_DataOutStage    0x08014e4b    0x90  Code  Gb  usbd_core.o [1]
USBD_LL_IsStallEP       0x08014cff    0x30  Code  Gb  usbd_conf.o [1]
USBD_LL_OpenEP          0x08014cb1    0x22  Code  Gb  usbd_conf.o [1]
USBD_LL_PrepareReceive  0x08014d65    0x20  Code  Gb  usbd_conf.o [1]
USBD_LL_Reset           0x08014fbd    0x46  Code  Gb  usbd_core.o [1]
USBD_LL_Resume          0x0801501f     0xe  Code  Gb  usbd_core.o [1]
USBD_LL_SOF             0x0801502d    0x24  Code  Gb  usbd_core.o [1]
USBD_LL_SetSpeed        0x08015003     0x8  Code  Gb  usbd_core.o [1]
USBD_LL_SetUSBAddress   0x08014d2f    0x16  Code  Gb  usbd_conf.o [1]
USBD_LL_SetupStage      0x08014dd3    0x78  Code  Gb  usbd_core.o [1]
USBD_LL_StallEP         0x08014cd3    0x16  Code  Gb  usbd_conf.o [1]
USBD_LL_Suspend         0x0801500b    0x14  Code  Gb  usbd_core.o [1]
USBD_LL_Transmit        0x08014d45    0x20  Code  Gb  usbd_conf.o [1]
USBD_ParseSetupRequest  0x08015619    0x28  Code  Gb  usbd_ctlreq.o [1]
USBD_RunTestMode        0x08014d89     0x6  Code  Gb  usbd_core.o [1]
USBD_SetAddress         0x080153f1    0x60  Code  Lc  usbd_ctlreq.o [1]
USBD_SetClassConfig     0x08014d8f    0x2c  Code  Gb  usbd_core.o [1]
USBD_SetConfig          0x08015451    0xda  Code  Lc  usbd_ctlreq.o [1]
USBD_SetConfig::cfgidx  0x20003683     0x1  Data  Lc  usbd_ctlreq.o [1]
USBD_SetFeature         0x080155b9    0x26  Code  Lc  usbd_ctlreq.o [1]
USBD_StdDevReq          0x08015051    0x7c  Code  Gb  usbd_ctlreq.o [1]
USBD_StdEPReq           0x08015119   0x174  Code  Gb  usbd_ctlreq.o [1]
USBD_StdItfReq          0x080150cd    0x4c  Code  Gb  usbd_ctlreq.o [1]
USB_LP_IRQHandler       0x08015ab3     0xa  Code  Gb  stm32l1xx_it.o [1]
Uart2Ready              0x20003680     0x1  Data  Gb  usart.o [1]
Uart3Ready              0x20003681     0x1  Data  Gb  usart.o [1]
WWDG_IRQHandler         0x08009a51     0xa  Code  Gb  wwdg.o [1]
_EncodingSb_Mbtowc      0x080132cf    0x30  Code  Gb  xencoding_sb.o [3]
_EncodingSb_Mbtowc::initial
                        0x0801330c     0x8  Data  Lc  xencoding_sb.o [3]
_EncodingSb_Wctomb      0x080132b5    0x1a  Code  Gb  xencoding_sb.o [3]
_EncodingSb_Wctomb::initial
                        0x08013304     0x8  Data  Lc  xencoding_sb.o [3]
_GenldFull              0x0800cbed   0x254  Code  Lc  xprintffull.o [3]
_GetN                   0x0800e619    0x22  Code  Lc  xscanffull.o [3]
_GetfldFull             0x0800e83d   0x10a  Code  Lc  xscanffull.o [3]
_GetfloatFull           0x0800edfb   0x4e8  Code  Lc  xscanffull.o [3]
_GetintFull             0x0800ec03   0x1f2  Code  Lc  xscanffull.o [3]
_GetstrFull             0x0800e949   0x2b4  Code  Lc  xscanffull.o [3]
_IsdstStr               0x200000dc     0x4  Data  Gb  setlocale.o [3]
_LdtobFull              0x0800c7e1   0x406  Code  Lc  xprintffull.o [3]
_LitobFull              0x0800c6d7   0x10a  Code  Lc  xprintffull.o [3]
_LocaleC_isalpha        0x08013345    0x16  Code  Gb  xlocale_c.o [3]
_LocaleC_isspace        0x0801335b    0x14  Code  Gb  xlocale_c.o [3]
_LocaleC_tolower        0x08013afd     0xc  Code  Gb  xlocale_c.o [3]
_LocaleEncoding         0x080132a1     0xe  Code  Gb  setlocale.o [3]
_LocaleForCat           0x0801328d    0x14  Code  Gb  setlocale.o [3]
_LocaleReturnString     0x200000fc    0x50  Data  Lc  setlocale.o [3]
_Locale_Profile         0x200000e0    0x1c  Data  Gb  setlocale.o [3]
_Locale_aeabi_lconv     0x2000009c    0x38  Data  Gb  localeconv.o [3]
_Locale_lconv           0x2000004c    0x50  Data  Gb  localeconv.o [3]
_Mbtowc                 0x08012039    0x20  Code  Gb  xmbtowc.o [3]
_PrintfFull             0x0800bced   0x658  Code  Gb  xprintffull.o [3]
_PutcharsFull           0x0800ce41    0x2e  Code  Lc  xprintffull.o [3]
_PutstrFull             0x0800c3cb   0x306  Code  Lc  xprintffull.o [3]
_SProut                 0x080096a3     0xa  Code  Gb  xsprout.o [3]
_SScin                  0x080030fb    0x1e  Code  Gb  xsscin.o [3]
_ScanfFull              0x0800e655   0x1e2  Code  Gb  xscanffull.o [3]
_Stoflt                 0x08013491   0x1d0  Code  Gb  xstoflt.o [3]
_Stopfx                 0x0801336f   0x122  Code  Gb  xstopfx.o [3]
_Stoxflt                0x080138c9   0x1fa  Code  Gb  xstoxflt.o [3]
_Stoxflt::digits        0x08013acc    0x18  Data  Lc  xstoxflt.o [3]
_Stoxflt::vals          0x08013ae4    0x18  Data  Lc  xstoxflt.o [3]
_TzoneStr               0x200000d8     0x4  Data  Gb  setlocale.o [3]
_UngetN                 0x0800e63b    0x1a  Code  Lc  xscanffull.o [3]
_Wctomb                 0x08012185    0x1a  Code  Gb  xwctomb.o [3]
__aeabi_cdcmpeq         0x08013b09          Code  Gb  DblCmpEq.o [4]
__aeabi_cdcmple         0x080123cd          Code  Gb  DblCmpLe.o [4]
__aeabi_cdrcmple        0x080123fd          Code  Gb  DblCmpGe.o [4]
__aeabi_cfrcmple        0x0800d5ad          Code  Gb  FltCmpGe.o [4]
__aeabi_d2f             0x0800bc19          Code  Gb  DblToFlt.o [4]
__aeabi_d2iz            0x0800d279          Code  Gb  DblToI32.o [4]
__aeabi_d2uiz           0x0800d2a5          Code  Gb  DblToI32.o [4]
__aeabi_dadd            0x0800d389          Code  Gb  DblAdd.o [4]
__aeabi_ddiv            0x080126b9          Code  Gb  DblDiv.o [4]
__aeabi_dmul            0x0800d0d5          Code  Gb  DblMul.o [4]
__aeabi_dsub            0x08012539          Code  Gb  DblSub.o [4]
__aeabi_errno_addr      0x08013271     0x6  Code  Gb  errno.o [3]
__aeabi_f2d             0x08009629          Code  Gb  FltToDbl.o [4]
__aeabi_f2iz            0x0800bca9          Code  Gb  FltToS32.o [4]
__aeabi_fadd            0x0800baa5          Code  Gb  FltAdd.o [4]
__aeabi_fdiv            0x08009bed          Code  Gb  FltDiv.o [4]
__aeabi_fmul            0x0800b9cd          Code  Gb  FltMul.o [4]
__aeabi_i2d             0x0800d5d1          Code  Gb  I32ToDbl.o [4]
__aeabi_i2f             0x08009bb9          Code  Gb  I32ToFlt.o [4]
__aeabi_ldiv0           0x08013341          Code  Gb  I64DivZer.o [5]
__aeabi_ui2d            0x0800d5e5          Code  Gb  I32ToDbl.o [4]
__aeabi_ui2f            0x08009bcd          Code  Gb  I32ToFlt.o [4]
__aeabi_uldivmod        0x08012299          Code  Gb  I64DivMod.o [5]
__cmain                 0x08017669          Code  Gb  cmain.o [5]
__data_Aldata           0x20003614     0x8  Data  Gb  xxmemxmalloc.o [3]
__data_GetMemChunk      0x08013315    0x2c  Code  Gb  xgetmemchunk.o [3]
__data_GetMemChunk::start
                        0x20003670     0x4  Data  Lc  xgetmemchunk.o [3]
__exit                  0x08017699    0x14  Code  Gb  exit.o [6]
__iar_Dint              0x08012b13    0x7a  Code  Gb  xdint.o [4]
__iar_Dnorm             0x08012387    0x44  Code  Gb  xdnorm.o [4]
__iar_Dscale            0x0801242d   0x10c  Code  Gb  xdscale.o [4]
__iar_Dtentox           0x0801371b   0x14e  Code  Gb  xdtento.o [4]
__iar_Dunscale          0x08013b29    0x52  Code  Gb  xdunscal.o [4]
__iar_Errno             0x200000d4     0x4  Data  Gb  errno.o [3]
__iar_Locale_lconv_init
                        0x08012911    0x3a  Code  Gb  localeconv.o [3]
__iar_Mbcurmax          0x080120c9     0xa  Code  Gb  xmbcurmax.o [3]
__iar_Memchr            0x08012071          Code  Gb  memchr.o [5]
__iar_Memset_word       0x08012ab5          Code  Gb  ABImemset.o [5]
__iar_Stold             0x08012f95     0x4  Code  Gb  xstold.o [4]
__iar_Stoldx            0x08012e4d   0x13c  Code  Gb  xstold.o [4]
__iar_Stoll             0x08012c97     0x4  Code  Gb  xstoll.o [3]
__iar_Stollx            0x08012bf5    0xa2  Code  Gb  xstoll.o [3]
__iar_Stoul             0x0800f5a5     0x4  Code  Gb  xstoul.o [3]
__iar_Stoull            0x08012df9     0x4  Code  Gb  xstoull.o [3]
__iar_Stoullx           0x08012c9d   0x156  Code  Gb  xstoull.o [3]
__iar_Stoulx            0x0800f461   0x13e  Code  Gb  xstoul.o [3]
__iar_Strchr            0x08012059          Code  Gb  strchr.o [5]
__iar_Wctob             0x08012b8d    0x36  Code  Gb  xwctob.o [3]
__iar_ceil              0x08013131          Code  Gb  ceil.o [4]
__iar_ceill             0x08013131          Code  Gb  ceil.o [4]
__iar_d2uiz             0x0800d2b1          Code  Gb  DblToI32.o [4]
__iar_dadd              0x0800d39d          Code  Gb  DblAdd.o [4]
__iar_data_init3        0x08016c25    0x28  Code  Gb  data_init.o [5]
__iar_dlib_perthread_access
                        0x08013343     0x2  Code  Gb  xtls.o [3]
__iar_dsub              0x0801254d          Code  Gb  DblSub.o [4]
__iar_dsubStart         0x0801255f          Code  Gb  DblSub.o [4]
__iar_edom              0x0801202d          Code  Gb  iarEdom.o [5]
__iar_fadd              0x0800bab5          Code  Gb  FltAdd.o [4]
__iar_fsub              0x08011f55          Code  Gb  FltSub.o [4]
__iar_fsubStart         0x08011f65          Code  Gb  FltSub.o [4]
__iar_modf              0x0800d2e1          Code  Gb  modf.o [4]
__iar_modfl             0x0800d2e1          Code  Gb  modf.o [4]
__iar_packbits_init_single3
                        0x080161bd    0x38  Code  Gb  packbits_init_single.o [5]
__iar_program_start     0x08018215          Code  Gb  cstartup_M.o [5]
__iar_sqrt              0x0800bb29          Code  Gb  sqrt.o [4]
__iar_ui2d              0x0800d5e9          Code  Gb  I32ToDbl.o [4]
__iar_ui2f              0x08009bd1          Code  Gb  I32ToFlt.o [4]
__iar_unaligned___aeabi_memcpy
                        0x080121a1          Code  Gb  ABImemcpy_unaligned.o [5]
__iar_unaligned___aeabi_memcpy4
                        0x080121c1          Code  Gb  ABImemcpy_unaligned.o [5]
__iar_unaligned___aeabi_memcpy8
                        0x080121c1          Code  Gb  ABImemcpy_unaligned.o [5]
__iar_unaligned_strcmp  0x0800d471          Code  Gb  strcmp_unaligned.o [5]
__iar_unaligned_strcpy  0x08003119          Code  Gb  strcpy_unaligned.o [5]
__iar_unaligned_strncpy
                        0x0800d4fd          Code  Gb  strncpy_unaligned.o [5]
__iar_zero_init3        0x08015f75    0x40  Code  Gb  zero_init3.o [5]
__low_level_init        0x08017683     0x4  Code  Gb  low_level_init.o [3]
__vector_table          0x08000000          Data  Gb  startup_stm32l152xe.o [1]
_call_main              0x08017675          Code  Gb  cmain.o [5]
_exit                   0x0801768d          Code  Gb  cexit.o [5]
_gecko_cmd_msg          0x200030b8    0x84  Data  Gb  bgm111.o [1]
_gecko_rsp_msg          0x2000313c    0x84  Data  Gb  bgm111.o [1]
_main                   0x0801767f          Code  Gb  cmain.o [5]
aPLLDivisionFactorTable
                        0x080184a0     0x4  Data  Gb  stm32l1xx_hal_rcc.o [1]
aPLLMULFactorTable      0x08018208     0xc  Data  Gb  stm32l1xx_hal_rcc.o [1]
adcActive               0x20003679     0x1  Data  Gb  adc.o [1]
analytics               0x2000360c     0x8  Data  Lc  app_data.o [1]
atoi                    0x080099a7     0x8  Code  Gb  atoi.o [3]
bffr1Flag               0x20003682     0x1  Data  Lc  usart.o [1]
bglib_input             0x20003620     0x4  Data  Gb  bgm111.o [1]
bglib_output            0x2000361c     0x4  Data  Gb  bgm111.o [1]
bglib_peek              0x20003624     0x4  Data  Gb  bgm111.o [1]
bgm1data                0x20003558    0x28  Data  Lc  usart.o [1]
ble                     0x20002dc0   0x1a4  Data  Lc  bgm111.o [1]
blemsgs                 0x200020c8   0x324  Data  Lc  bgm111.o [1]
ceil                    0x08013131          Code  Gb  ceil.o [4]
ceill                   0x08013131          Code  Gb  ceil.o [4]
clrUsartState           0x080034cb    0x1c  Code  Gb  usart.o [1]
connection_cnt          0x20003674     0x2  Data  Lc  app_data.o [1]
data                    0x20002958   0x248  Data  Gb  app_data.o [1]
delay_1ms               0x0800b309     0xe  Code  Gb  ErrorCodes.o [1]
digits                  0x0800f5a8    0x28  Data  Lc  xstoul.o [3]
digits                  0x08012dfc    0x28  Data  Lc  xstoull.o [3]
div                     0x0801297d     0xe  Code  Gb  div.o [3]
dmul                    0x080136c9    0x52  Code  Lc  xdtento.o [4]
driver_list             0x200035f4     0xc  Data  Lc  app_data.o [1]
errStruct               0x200023ec   0x324  Data  Lc  ErrorCodes.o [1]
exit                    0x08017687     0x4  Code  Gb  exit.o [3]
fi                      0x20003240    0x80  Data  Lc  Rd_Sound.o [1]
fix_fft                 0x0800b821   0x1ac  Code  Gb  fix_fft.o [1]
fr                      0x200031c0    0x80  Data  Lc  Rd_Sound.o [1]
free                    0x08012219    0x7a  Code  Gb  xxmemxfree.o [3]
fs                      0x200032c0    0x80  Data  Lc  Rd_Sound.o [1]
gecko_cmd_le_gap_set_mode
                        0x08003619    0x40  Code  Lc  bgm111.o [1]
gecko_cmd_msg           0x2000000c     0x4  Data  Gb  bgm111.o [1]
gecko_get_event         0x0800b105    0x5e  Code  Gb  gecko_bglib.o [1]
gecko_handle_command    0x0800b187    0x30  Code  Gb  gecko_bglib.o [1]
gecko_peek_event        0x0800b163     0xa  Code  Gb  gecko_bglib.o [1]
gecko_queue             0x20001150   0xf78  Data  Gb  bgm111.o [1]
gecko_queue_r           0x2000362c     0x4  Data  Gb  bgm111.o [1]
gecko_queue_w           0x20003628     0x4  Data  Gb  bgm111.o [1]
gecko_rsp_msg           0x20000010     0x4  Data  Gb  bgm111.o [1]
gecko_wait_message      0x0800b029    0xdc  Code  Gb  gecko_bglib.o [1]
gecko_wait_response     0x0800b16d    0x1a  Code  Gb  gecko_bglib.o [1]
hadc                    0x20003340    0x54  Data  Gb  adc.o [1]
hatoi                   0x08002f73    0x58  Code  Gb  parser.o [1]
hdma_adc                0x20003450    0x38  Data  Gb  adc.o [1]
hi2c1                   0x20003414    0x3c  Data  Gb  i2c.o [1]
hpcd_USB_FS             0x20002ba0   0x220  Data  Gb  usbd_conf.o [1]
htim2                   0x200034c0    0x38  Data  Gb  tim.o [1]
htim3                   0x200034f8    0x38  Data  Gb  tim.o [1]
htim4                   0x20003488    0x38  Data  Gb  stm32l1xx_hal_timebase_TIM.o [1]
huart2                  0x20003394    0x40  Data  Gb  usart.o [1]
huart3                  0x200033d4    0x40  Data  Gb  usart.o [1]
hwwdg                   0x200035d4    0x14  Data  Gb  wwdg.o [1]
isHexNum                0x08002f29    0x4a  Code  Gb  parser.o [1]
isalpha                 0x08012bcd    0x14  Code  Gb  isxxx.o [3]
isdigit                 0x0800999d     0xa  Code  Gb  isdigit.o [3]
isspace                 0x08012be1    0x14  Code  Gb  isxxx.o [3]
ledOffCnt               0x20000044     0x4  Data  Lc  tim.o [1]
localeconv              0x0801294b    0x16  Code  Gb  localeconv.o [3]
main                    0x0800a5d5   0x5c0  Code  Gb  main.o [1]
malloc                  0x080120d5    0xac  Code  Gb  xxmemxmalloc.o [3]
memchr                  0x08012071          Code  Gb  memchr.o [5]
modf                    0x0800d2d1          Code  Gb  modf.o [4]
modfl                   0x0800d2d1          Code  Gb  modf.o [4]
ndigs                   0x0800f5d0    0x28  Data  Lc  xstoul.o [3]
ndigs                   0x08012e24    0x28  Data  Lc  xstoull.o [3]
osSystickHandler        0x08015b25    0x10  Code  Gb  cmsis_os.o [1]
pFlash                  0x200035bc    0x18  Data  Gb  stm32l1xx_hal_flash.o [1]
pows                    0x08013880    0x48  Data  Lc  xdtento.o [4]
prvResetNextTaskUnblockTime
                        0x0801589d    0x28  Code  Lc  tasks.o [1]
pxCurrentTCB            0x20003638     0x4  Data  Gb  tasks.o [1]
pxDelayedTaskList       0x2000363c     0x4  Data  Lc  tasks.o [1]
pxOverflowDelayedTaskList
                        0x20003640     0x4  Data  Lc  tasks.o [1]
pxReadyTasksLists       0x2000302c    0x8c  Data  Lc  tasks.o [1]
round                   0x0800d569    0x44  Code  Gb  round.o [4]
sConfig                 0x200035e8     0xc  Data  Gb  adc.o [1]
saveLen                 0x20000048     0x4  Data  Lc  usart.o [1]
sprintf                 0x080041f9    0x34  Code  Gb  sprintf.o [3]
sqrt                    0x0800bb29          Code  Gb  sqrt.o [4]
sqrtl                   0x0800bb29          Code  Gb  sqrt.o [4]
sscanf                  0x08009605    0x24  Code  Gb  sscanf.o [3]
strcat                  0x0800422d    0x1c  Code  Gb  strcat.o [3]
strchr                  0x08012059          Code  Gb  strchr.o [5]
strlen                  0x080030c5          Code  Gb  strlen.o [5]
strncmp                 0x08009677    0x2c  Code  Gb  strncmp.o [3]
tolower                 0x0801325d    0x14  Code  Gb  tolower.o [3]
ubSequenceCompleted     0x20003678     0x1  Data  Gb  adc.o [1]
ulPortSetInterruptMask  0x0801594b          Code  Gb  portasm.o [1]
uwTick                  0x20003634     0x4  Data  Lc  stm32l1xx_hal.o [1]
uxListRemove            0x080159b9    0x28  Code  Gb  list.o [1]
uxPendedTicks           0x20003650     0x4  Data  Lc  tasks.o [1]
uxSchedulerSuspended    0x20003660     0x4  Data  Lc  tasks.o [1]
uxTopReadyPriority      0x20003648     0x4  Data  Lc  tasks.o [1]
vListInsertEnd          0x080159a1    0x18  Code  Gb  list.o [1]
vPortClearInterruptMask
                        0x08015959          Code  Gb  portasm.o [1]
vPortStartFirstTask     0x0801597f          Code  Gb  portasm.o [1]
vTaskSwitchContext      0x0801581d    0x6c  Code  Gb  tasks.o [1]
wwdg_HardFrames         0x08070000    0x20  Data  Gb  wwdg.o [1]
wwdg_Save               0x2000366c     0x4  Data  Lc  wwdg.o [1]
xNextTaskUnblockTime    0x2000365c     0x4  Data  Lc  tasks.o [1]
xNumOfOverflows         0x20003658     0x4  Data  Lc  tasks.o [1]
xPortSysTickHandler     0x08015b35    0x1e  Code  Gb  port.o [1]
xSchedulerRunning       0x2000364c     0x4  Data  Lc  tasks.o [1]
xTaskGetSchedulerState  0x080158c5    0x26  Code  Gb  tasks.o [1]
xTaskIncrementTick      0x080156e9   0x134  Code  Gb  tasks.o [1]
xTickCount              0x20003644     0x4  Data  Lc  tasks.o [1]
xYieldPending           0x20003654     0x4  Data  Lc  tasks.o [1]


[1] = D:\GoogleDriveCLT\GoogleDrive\WeatherCloud\Roadboard\Software\Road-Board-December-2016N8\EWARM\Road Brd MSTR Rev L Long Always\Obj
[2] = command line
[3] = dl7M_tlf.a
[4] = m7M_tl.a
[5] = rt7M_tl.a
[6] = shb_l.a

  89 184 bytes of readonly  code memory
  10 592 bytes of readonly  data memory
  13 953 bytes of readwrite data memory (+ 232 absolute)

Errors: none
Warnings: none
