###############################################################################
#
# IAR ELF Linker V7.60.2.11341/W32 for ARM                09/Jul/2017  12:49:13
# Copyright 2007-2016 IAR Systems AB.
#
#    Output file  =  
#        D:\GoogleDriveCLT\GoogleDrive\WeatherCloud\Roadboard\Software\Road-Board-December-2016N7\EWARM\Road
#        Brd MSTR Rev L Long Always\Exe\Road Board Rev K NUCLEO V1.1 Jul 12
#        2016.out
#    Map file     =  
#        D:\GoogleDriveCLT\GoogleDrive\WeatherCloud\Roadboard\Software\Road-Board-December-2016N7\EWARM\Road
#        Brd MSTR Rev L Long Always\List\Road Board Rev K NUCLEO V1.1 Jul 12
#        2016.map
#    Command line =  
#        "D:\GoogleDriveCLT\GoogleDrive\WeatherCloud\Roadboard\Software\Road-Board-December-2016N7\EWARM\Road
#        Brd MSTR Rev L Long Always\Obj\adc.o"
#        "D:\GoogleDriveCLT\GoogleDrive\WeatherCloud\Roadboard\Software\Road-Board-December-2016N7\EWARM\Road
#        Brd MSTR Rev L Long Always\Obj\app_data.o"
#        "D:\GoogleDriveCLT\GoogleDrive\WeatherCloud\Roadboard\Software\Road-Board-December-2016N7\EWARM\Road
#        Brd MSTR Rev L Long Always\Obj\barometer.o"
#        "D:\GoogleDriveCLT\GoogleDrive\WeatherCloud\Roadboard\Software\Road-Board-December-2016N7\EWARM\Road
#        Brd MSTR Rev L Long Always\Obj\bgm111.o"
#        "D:\GoogleDriveCLT\GoogleDrive\WeatherCloud\Roadboard\Software\Road-Board-December-2016N7\EWARM\Road
#        Brd MSTR Rev L Long Always\Obj\cmsis_os.o"
#        "D:\GoogleDriveCLT\GoogleDrive\WeatherCloud\Roadboard\Software\Road-Board-December-2016N7\EWARM\Road
#        Brd MSTR Rev L Long Always\Obj\croutine.o"
#        "D:\GoogleDriveCLT\GoogleDrive\WeatherCloud\Roadboard\Software\Road-Board-December-2016N7\EWARM\Road
#        Brd MSTR Rev L Long Always\Obj\dma.o"
#        "D:\GoogleDriveCLT\GoogleDrive\WeatherCloud\Roadboard\Software\Road-Board-December-2016N7\EWARM\Road
#        Brd MSTR Rev L Long Always\Obj\ErrorCodes.o"
#        "D:\GoogleDriveCLT\GoogleDrive\WeatherCloud\Roadboard\Software\Road-Board-December-2016N7\EWARM\Road
#        Brd MSTR Rev L Long Always\Obj\event_groups.o"
#        "D:\GoogleDriveCLT\GoogleDrive\WeatherCloud\Roadboard\Software\Road-Board-December-2016N7\EWARM\Road
#        Brd MSTR Rev L Long Always\Obj\fix_fft.o"
#        "D:\GoogleDriveCLT\GoogleDrive\WeatherCloud\Roadboard\Software\Road-Board-December-2016N7\EWARM\Road
#        Brd MSTR Rev L Long Always\Obj\Flash.o"
#        "D:\GoogleDriveCLT\GoogleDrive\WeatherCloud\Roadboard\Software\Road-Board-December-2016N7\EWARM\Road
#        Brd MSTR Rev L Long Always\Obj\freertos.o"
#        "D:\GoogleDriveCLT\GoogleDrive\WeatherCloud\Roadboard\Software\Road-Board-December-2016N7\EWARM\Road
#        Brd MSTR Rev L Long Always\Obj\gecko_bglib.o"
#        "D:\GoogleDriveCLT\GoogleDrive\WeatherCloud\Roadboard\Software\Road-Board-December-2016N7\EWARM\Road
#        Brd MSTR Rev L Long Always\Obj\gpio.o"
#        "D:\GoogleDriveCLT\GoogleDrive\WeatherCloud\Roadboard\Software\Road-Board-December-2016N7\EWARM\Road
#        Brd MSTR Rev L Long Always\Obj\GridEye.o"
#        "D:\GoogleDriveCLT\GoogleDrive\WeatherCloud\Roadboard\Software\Road-Board-December-2016N7\EWARM\Road
#        Brd MSTR Rev L Long Always\Obj\heap_4.o"
#        "D:\GoogleDriveCLT\GoogleDrive\WeatherCloud\Roadboard\Software\Road-Board-December-2016N7\EWARM\Road
#        Brd MSTR Rev L Long Always\Obj\Humidity.o"
#        "D:\GoogleDriveCLT\GoogleDrive\WeatherCloud\Roadboard\Software\Road-Board-December-2016N7\EWARM\Road
#        Brd MSTR Rev L Long Always\Obj\i2c.o"
#        "D:\GoogleDriveCLT\GoogleDrive\WeatherCloud\Roadboard\Software\Road-Board-December-2016N7\EWARM\Road
#        Brd MSTR Rev L Long Always\Obj\list.o"
#        "D:\GoogleDriveCLT\GoogleDrive\WeatherCloud\Roadboard\Software\Road-Board-December-2016N7\EWARM\Road
#        Brd MSTR Rev L Long Always\Obj\lps25hb.o"
#        "D:\GoogleDriveCLT\GoogleDrive\WeatherCloud\Roadboard\Software\Road-Board-December-2016N7\EWARM\Road
#        Brd MSTR Rev L Long Always\Obj\main.o"
#        "D:\GoogleDriveCLT\GoogleDrive\WeatherCloud\Roadboard\Software\Road-Board-December-2016N7\EWARM\Road
#        Brd MSTR Rev L Long Always\Obj\parser.o"
#        "D:\GoogleDriveCLT\GoogleDrive\WeatherCloud\Roadboard\Software\Road-Board-December-2016N7\EWARM\Road
#        Brd MSTR Rev L Long Always\Obj\port.o"
#        "D:\GoogleDriveCLT\GoogleDrive\WeatherCloud\Roadboard\Software\Road-Board-December-2016N7\EWARM\Road
#        Brd MSTR Rev L Long Always\Obj\portasm.o"
#        "D:\GoogleDriveCLT\GoogleDrive\WeatherCloud\Roadboard\Software\Road-Board-December-2016N7\EWARM\Road
#        Brd MSTR Rev L Long Always\Obj\queue.o"
#        "D:\GoogleDriveCLT\GoogleDrive\WeatherCloud\Roadboard\Software\Road-Board-December-2016N7\EWARM\Road
#        Brd MSTR Rev L Long Always\Obj\Rd_Sound.o"
#        "D:\GoogleDriveCLT\GoogleDrive\WeatherCloud\Roadboard\Software\Road-Board-December-2016N7\EWARM\Road
#        Brd MSTR Rev L Long Always\Obj\RGBLight.o"
#        "D:\GoogleDriveCLT\GoogleDrive\WeatherCloud\Roadboard\Software\Road-Board-December-2016N7\EWARM\Road
#        Brd MSTR Rev L Long Always\Obj\startup_stm32l152xe.o"
#        "D:\GoogleDriveCLT\GoogleDrive\WeatherCloud\Roadboard\Software\Road-Board-December-2016N7\EWARM\Road
#        Brd MSTR Rev L Long Always\Obj\stm32l1xx_hal.o"
#        "D:\GoogleDriveCLT\GoogleDrive\WeatherCloud\Roadboard\Software\Road-Board-December-2016N7\EWARM\Road
#        Brd MSTR Rev L Long Always\Obj\stm32l1xx_hal_adc.o"
#        "D:\GoogleDriveCLT\GoogleDrive\WeatherCloud\Roadboard\Software\Road-Board-December-2016N7\EWARM\Road
#        Brd MSTR Rev L Long Always\Obj\stm32l1xx_hal_adc_ex.o"
#        "D:\GoogleDriveCLT\GoogleDrive\WeatherCloud\Roadboard\Software\Road-Board-December-2016N7\EWARM\Road
#        Brd MSTR Rev L Long Always\Obj\stm32l1xx_hal_cortex.o"
#        "D:\GoogleDriveCLT\GoogleDrive\WeatherCloud\Roadboard\Software\Road-Board-December-2016N7\EWARM\Road
#        Brd MSTR Rev L Long Always\Obj\stm32l1xx_hal_dma.o"
#        "D:\GoogleDriveCLT\GoogleDrive\WeatherCloud\Roadboard\Software\Road-Board-December-2016N7\EWARM\Road
#        Brd MSTR Rev L Long Always\Obj\stm32l1xx_hal_flash.o"
#        "D:\GoogleDriveCLT\GoogleDrive\WeatherCloud\Roadboard\Software\Road-Board-December-2016N7\EWARM\Road
#        Brd MSTR Rev L Long Always\Obj\stm32l1xx_hal_flash_ex.o"
#        "D:\GoogleDriveCLT\GoogleDrive\WeatherCloud\Roadboard\Software\Road-Board-December-2016N7\EWARM\Road
#        Brd MSTR Rev L Long Always\Obj\stm32l1xx_hal_flash_ramfunc.o"
#        "D:\GoogleDriveCLT\GoogleDrive\WeatherCloud\Roadboard\Software\Road-Board-December-2016N7\EWARM\Road
#        Brd MSTR Rev L Long Always\Obj\stm32l1xx_hal_gpio.o"
#        "D:\GoogleDriveCLT\GoogleDrive\WeatherCloud\Roadboard\Software\Road-Board-December-2016N7\EWARM\Road
#        Brd MSTR Rev L Long Always\Obj\stm32l1xx_hal_i2c.o"
#        "D:\GoogleDriveCLT\GoogleDrive\WeatherCloud\Roadboard\Software\Road-Board-December-2016N7\EWARM\Road
#        Brd MSTR Rev L Long Always\Obj\stm32l1xx_hal_msp.o"
#        "D:\GoogleDriveCLT\GoogleDrive\WeatherCloud\Roadboard\Software\Road-Board-December-2016N7\EWARM\Road
#        Brd MSTR Rev L Long Always\Obj\stm32l1xx_hal_pcd.o"
#        "D:\GoogleDriveCLT\GoogleDrive\WeatherCloud\Roadboard\Software\Road-Board-December-2016N7\EWARM\Road
#        Brd MSTR Rev L Long Always\Obj\stm32l1xx_hal_pcd_ex.o"
#        "D:\GoogleDriveCLT\GoogleDrive\WeatherCloud\Roadboard\Software\Road-Board-December-2016N7\EWARM\Road
#        Brd MSTR Rev L Long Always\Obj\stm32l1xx_hal_pwr.o"
#        "D:\GoogleDriveCLT\GoogleDrive\WeatherCloud\Roadboard\Software\Road-Board-December-2016N7\EWARM\Road
#        Brd MSTR Rev L Long Always\Obj\stm32l1xx_hal_pwr_ex.o"
#        "D:\GoogleDriveCLT\GoogleDrive\WeatherCloud\Roadboard\Software\Road-Board-December-2016N7\EWARM\Road
#        Brd MSTR Rev L Long Always\Obj\stm32l1xx_hal_rcc.o"
#        "D:\GoogleDriveCLT\GoogleDrive\WeatherCloud\Roadboard\Software\Road-Board-December-2016N7\EWARM\Road
#        Brd MSTR Rev L Long Always\Obj\stm32l1xx_hal_rcc_ex.o"
#        "D:\GoogleDriveCLT\GoogleDrive\WeatherCloud\Roadboard\Software\Road-Board-December-2016N7\EWARM\Road
#        Brd MSTR Rev L Long Always\Obj\stm32l1xx_hal_tim.o"
#        "D:\GoogleDriveCLT\GoogleDrive\WeatherCloud\Roadboard\Software\Road-Board-December-2016N7\EWARM\Road
#        Brd MSTR Rev L Long Always\Obj\stm32l1xx_hal_tim_ex.o"
#        "D:\GoogleDriveCLT\GoogleDrive\WeatherCloud\Roadboard\Software\Road-Board-December-2016N7\EWARM\Road
#        Brd MSTR Rev L Long Always\Obj\stm32l1xx_hal_timebase_TIM.o"
#        "D:\GoogleDriveCLT\GoogleDrive\WeatherCloud\Roadboard\Software\Road-Board-December-2016N7\EWARM\Road
#        Brd MSTR Rev L Long Always\Obj\stm32l1xx_hal_uart.o"
#        "D:\GoogleDriveCLT\GoogleDrive\WeatherCloud\Roadboard\Software\Road-Board-December-2016N7\EWARM\Road
#        Brd MSTR Rev L Long Always\Obj\stm32l1xx_hal_wwdg.o"
#        "D:\GoogleDriveCLT\GoogleDrive\WeatherCloud\Roadboard\Software\Road-Board-December-2016N7\EWARM\Road
#        Brd MSTR Rev L Long Always\Obj\stm32l1xx_it.o"
#        "D:\GoogleDriveCLT\GoogleDrive\WeatherCloud\Roadboard\Software\Road-Board-December-2016N7\EWARM\Road
#        Brd MSTR Rev L Long Always\Obj\stm32l1xx_nucleo.o"
#        "D:\GoogleDriveCLT\GoogleDrive\WeatherCloud\Roadboard\Software\Road-Board-December-2016N7\EWARM\Road
#        Brd MSTR Rev L Long Always\Obj\system_stm32l1xx.o"
#        "D:\GoogleDriveCLT\GoogleDrive\WeatherCloud\Roadboard\Software\Road-Board-December-2016N7\EWARM\Road
#        Brd MSTR Rev L Long Always\Obj\tasks.o"
#        "D:\GoogleDriveCLT\GoogleDrive\WeatherCloud\Roadboard\Software\Road-Board-December-2016N7\EWARM\Road
#        Brd MSTR Rev L Long Always\Obj\Temperature.o"
#        "D:\GoogleDriveCLT\GoogleDrive\WeatherCloud\Roadboard\Software\Road-Board-December-2016N7\EWARM\Road
#        Brd MSTR Rev L Long Always\Obj\tim.o"
#        "D:\GoogleDriveCLT\GoogleDrive\WeatherCloud\Roadboard\Software\Road-Board-December-2016N7\EWARM\Road
#        Brd MSTR Rev L Long Always\Obj\timers.o"
#        "D:\GoogleDriveCLT\GoogleDrive\WeatherCloud\Roadboard\Software\Road-Board-December-2016N7\EWARM\Road
#        Brd MSTR Rev L Long Always\Obj\usart.o"
#        "D:\GoogleDriveCLT\GoogleDrive\WeatherCloud\Roadboard\Software\Road-Board-December-2016N7\EWARM\Road
#        Brd MSTR Rev L Long Always\Obj\usb_device.o"
#        "D:\GoogleDriveCLT\GoogleDrive\WeatherCloud\Roadboard\Software\Road-Board-December-2016N7\EWARM\Road
#        Brd MSTR Rev L Long Always\Obj\usbd_cdc.o"
#        "D:\GoogleDriveCLT\GoogleDrive\WeatherCloud\Roadboard\Software\Road-Board-December-2016N7\EWARM\Road
#        Brd MSTR Rev L Long Always\Obj\usbd_cdc_if.o"
#        "D:\GoogleDriveCLT\GoogleDrive\WeatherCloud\Roadboard\Software\Road-Board-December-2016N7\EWARM\Road
#        Brd MSTR Rev L Long Always\Obj\usbd_conf.o"
#        "D:\GoogleDriveCLT\GoogleDrive\WeatherCloud\Roadboard\Software\Road-Board-December-2016N7\EWARM\Road
#        Brd MSTR Rev L Long Always\Obj\usbd_core.o"
#        "D:\GoogleDriveCLT\GoogleDrive\WeatherCloud\Roadboard\Software\Road-Board-December-2016N7\EWARM\Road
#        Brd MSTR Rev L Long Always\Obj\usbd_ctlreq.o"
#        "D:\GoogleDriveCLT\GoogleDrive\WeatherCloud\Roadboard\Software\Road-Board-December-2016N7\EWARM\Road
#        Brd MSTR Rev L Long Always\Obj\usbd_desc.o"
#        "D:\GoogleDriveCLT\GoogleDrive\WeatherCloud\Roadboard\Software\Road-Board-December-2016N7\EWARM\Road
#        Brd MSTR Rev L Long Always\Obj\usbd_ioreq.o"
#        "D:\GoogleDriveCLT\GoogleDrive\WeatherCloud\Roadboard\Software\Road-Board-December-2016N7\EWARM\Road
#        Brd MSTR Rev L Long Always\Obj\VMonitor.o"
#        "D:\GoogleDriveCLT\GoogleDrive\WeatherCloud\Roadboard\Software\Road-Board-December-2016N7\EWARM\Road
#        Brd MSTR Rev L Long Always\Obj\wwdg.o" --redirect _Printf=_PrintfFull
#        --redirect _Scanf=_ScanfFull -o
#        "D:\GoogleDriveCLT\GoogleDrive\WeatherCloud\Roadboard\Software\Road-Board-December-2016N7\EWARM\Road
#        Brd MSTR Rev L Long Always\Exe\Road Board Rev K NUCLEO V1.1 Jul 12
#        2016.out" --map
#        "D:\GoogleDriveCLT\GoogleDrive\WeatherCloud\Roadboard\Software\Road-Board-December-2016N7\EWARM\Road
#        Brd MSTR Rev L Long Always\List\Road Board Rev K NUCLEO V1.1 Jul 12
#        2016.map" --config
#        D:\GoogleDriveCLT\GoogleDrive\WeatherCloud\Roadboard\Software\Road-Board-December-2016N7\EWARM/stm32l152xe_flash.icf
#        --semihosting --entry __iar_program_start --vfe
#
###############################################################################

*******************************************************************************
*** RUNTIME MODEL ATTRIBUTES
***

CppFlavor                     = *
__Heap_Handler                = Basic
__SystemLibrary               = DLib
__dlib_dynamic_initialization = normal


*******************************************************************************
*** PLACEMENT SUMMARY
***

"A1":  place at 0x08000000 { ro section .intvec };
"P1":  place in [from 0x08000000 to 0x0807ffff] { ro };
"P2":  place in [from 0x20000000 to 0x20013fff] { rw, block CSTACK, block HEAP };
initialize by copy { rw };

  Section             Kind        Address     Size  Object
  -------             ----        -------     ----  ------
"A1":                                        0x124
  .intvec             ro code  0x08000000    0x124  startup_stm32l152xe.o [1]
                             - 0x08000124    0x124

"P1":                                      0x12f00
  .text               ro code  0x08000124   0x1f6c  parser.o [1]
  .text               ro code  0x08002090     0x36  strlen.o [5]
  .text               ro code  0x080020c6      0xa  xsprout.o [3]
  .text               ro code  0x080020d0     0x44  strcpy_unaligned.o [5]
  .text               ro code  0x08002114    0x4bc  usart.o [1]
  .text               ro code  0x080025d0    0x868  bgm111.o [1]
  .text               ro code  0x08002e38    0x24c  Rd_Sound.o [1]
  .text               ro code  0x08003084     0x34  sprintf.o [3]
  .text               ro code  0x080030b8     0x1c  strcat.o [3]
  .text               ro code  0x080030d4    0x1f8  barometer.o [1]
  .text               ro code  0x080032cc   0x1058  app_data.o [1]
  .text               ro code  0x08004324    0xd98  GridEye.o [1]
  .text               ro code  0x080050bc    0x4c0  VMonitor.o [1]
  .text               ro code  0x0800557c    0x6c8  Humidity.o [1]
  .text               ro code  0x08005c44    0x16c  Temperature.o [1]
  .text               ro code  0x08005db0    0x344  RGBLight.o [1]
  .text               ro code  0x080060f4    0x1c4  gpio.o [1]
  .text               ro code  0x080062b8    0x4e0  i2c.o [1]
  .text               ro code  0x08006798    0x1b0  stm32l1xx_hal_cortex.o [1]
  .text               ro code  0x08006948      0xa  isdigit.o [3]
  .text               ro code  0x08006952      0x8  atoi.o [3]
  .text               ro code  0x0800695c    0x194  wwdg.o [1]
  .text               ro code  0x08006af0     0x32  I32ToFlt.o [4]
  .text               ro code  0x08006b24     0xfc  FltDiv.o [4]
  .text               ro code  0x08006c20     0x4e  FltToDbl.o [4]
  .text               ro code  0x08006c70    0x8ec  stm32l1xx_hal_uart.o [1]
  .text               ro code  0x0800755c    0x622  main.o [1]
  .text               ro code  0x08007b80    0x378  stm32l1xx_hal_gpio.o [1]
  .text               ro code  0x08007ef8    0x1b0  gecko_bglib.o [1]
  .text               ro code  0x080080a8    0x13e  ErrorCodes.o [1]
  .text               ro code  0x080081e6     0x2c  strncmp.o [3]
  .text               ro code  0x08008214    0x2bc  adc.o [1]
  .text               ro code  0x080084d0    0x240  fix_fft.o [1]
  .text               ro code  0x08008710     0xd8  FltMul.o [4]
  .text               ro code  0x080087e8     0x84  FltAdd.o [4]
  .text               ro code  0x0800886c     0xf0  sqrt.o [4]
  .text               ro code  0x0800895c     0x90  DblToFlt.o [4]
  .text               ro code  0x080089ec     0x44  FltToS32.o [4]
  .text               ro code  0x08008a30   0x119e  xprintffull.o [3]
  .text               ro code  0x08009bd0    0x248  lps25hb.o [1]
  .text               ro code  0x08009e18    0x1a2  DblMul.o [4]
  .text               ro code  0x08009fbc     0x58  DblToI32.o [4]
  .text               ro code  0x0800a014     0xb8  modf.o [4]
  .text               ro code  0x0800a0cc     0xe8  DblAdd.o [4]
  .text               ro code  0x0800a1b4     0x42  strcmp_unaligned.o [5]
  .text               ro code  0x0800a1f8     0x48  stm32l1xx_hal.o [1]
  .text               ro code  0x0800a240     0x6c  strncpy_unaligned.o [5]
  .text               ro code  0x0800a2ac     0x44  round.o [4]
  .text               ro code  0x0800a2f0     0x30  I32ToDbl.o [4]
  .text               ro code  0x0800a320     0x24  FltCmpGe.o [4]
  .text               ro code  0x0800a344   0x1018  stm32l1xx_hal_i2c.o [1]
  .text               ro code  0x0800b35c    0x198  xstoul.o [3]
  .text               ro code  0x0800b4f4     0xd6  stm32l1xx_hal_wwdg.o [1]
  .text               ro code  0x0800b5cc    0x158  Flash.o [1]
  .text               ro code  0x0800b724    0x24c  tim.o [1]
  .text               ro code  0x0800b970    0xcd4  stm32l1xx_hal_rcc.o [1]
  .text               ro code  0x0800c644     0x30  dma.o [1]
  .text               ro code  0x0800c674    0x82a  stm32l1xx_hal_adc.o [1]
  .text               ro code  0x0800cea0    0xefe  stm32l1xx_hal_dma.o [1]
  .text               ro code  0x0800dd9e     0x1c  fix_fft.o [1]
  .text               ro code  0x0800ddbc     0xd6  FltSub.o [4]
  .text               ro code  0x0800de94      0xc  iarEdom.o [5]
  .text               ro code  0x0800dea0     0x20  xmbtowc.o [3]
  .text               ro code  0x0800dec0     0x16  strchr.o [5]
  .text               ro code  0x0800ded8     0x58  memchr.o [5]
  .text               ro code  0x0800df30      0xa  xmbcurmax.o [3]
  .text               ro code  0x0800df3c     0xb0  xxmemxmalloc.o [3]
  .text               ro code  0x0800dfec     0x1a  xwctomb.o [3]
  .text               ro code  0x0800e008     0x76  ABImemcpy_unaligned.o [5]
  .text               ro code  0x0800e080     0x80  xxmemxfree.o [3]
  .text               ro code  0x0800e100     0xee  I64DivMod.o [5]
  .text               ro code  0x0800e1ee     0x44  xdnorm.o [4]
  .text               ro code  0x0800e234     0x2e  DblCmpLe.o [4]
  .text               ro code  0x0800e264     0x2e  DblCmpGe.o [4]
  .text               ro code  0x0800e294    0x10c  xdscale.o [4]
  .text               ro code  0x0800e3a0    0x180  DblSub.o [4]
  .text               ro code  0x0800e520    0x256  DblDiv.o [4]
  .text               ro code  0x0800e778     0x6c  localeconv.o [3]
  .text               ro code  0x0800e7e4      0xe  div.o [3]
  .text               ro code  0x0800e7f4     0x90  stm32l1xx_hal_timebase_TIM.o [1]
  .text               ro code  0x0800e884     0x98  stm32l1xx_hal_msp.o [1]
  .text               ro code  0x0800e91c     0x5e  ABImemset.o [5]
  .text               ro code  0x0800e97a     0x7a  xdint.o [4]
  .text               ro code  0x0800e9f4     0x14  isxxx.o [3]
  .text               ro code  0x0800ea08     0x14  tolower.o [3]
  .text               ro code  0x0800ea1c      0xc  errno.o [3]
  .text               ro code  0x0800ea28    0x198  stm32l1xx_hal_flash.o [1]
  .text               ro code  0x0800ebc0     0x5e  ceil.o [4]
  .text               ro code  0x0800ec20     0xcc  stm32l1xx_hal_flash_ex.o [1]
  .text               ro code  0x0800ecec    0x3da  stm32l1xx_hal_tim.o [1]
  .text               ro code  0x0800f0c6     0x5e  stm32l1xx_hal_tim_ex.o [1]
  .text               ro code  0x0800f124     0x10  stm32l1xx_hal_pwr_ex.o [1]
  .text               ro code  0x0800f134     0x28  setlocale.o [3]
  .text               ro code  0x0800f15c     0x60  xencoding_sb.o [3]
  .text               ro code  0x0800f1bc     0x2c  xgetmemchunk.o [3]
  .text               ro code  0x0800f1e8      0x2  I64DivZer.o [5]
  .text               ro code  0x0800f1ea      0x2  xtls.o [3]
  .text               ro code  0x0800f1ec     0x14  xlocale_c.o [3]
  .text               ro code  0x0800f200      0xc  xlocale_c.o [3]
  .text               ro code  0x0800f20c   0x1074  stm32l1xx_hal_pcd.o [1]
  .text               ro code  0x08010280    0x198  usbd_conf.o [1]
  .text               ro code  0x08010418    0x2c8  usbd_core.o [1]
  .text               ro code  0x080106e0    0x608  usbd_ctlreq.o [1]
  .text               ro code  0x08010ce8     0x90  usbd_ioreq.o [1]
  .text               ro code  0x08010d78    0x224  tasks.o [1]
  CODE                ro code  0x08010f9c     0x94  portasm.o [1]
  .text               ro code  0x08011030     0x40  list.o [1]
  .text               ro code  0x08011070     0x84  stm32l1xx_it.o [1]
  .text               ro code  0x080110f4     0x10  cmsis_os.o [1]
  .text               ro code  0x08011104     0x24  port.o [1]
  .rodata             const    0x08011128     0x80  fix_fft.o [1]
  .text               ro code  0x080111a8     0x64  system_stm32l1xx.o [1]
  .rodata             const    0x0801120c     0x58  ErrorCodes.o [1]
  .rodata             const    0x08011264     0x48  parser.o [1]
  .rodata             const    0x080112ac     0x48  parser.o [1]
  .rodata             const    0x080112f4     0x44  parser.o [1]
  .rodata             const    0x08011338     0x44  parser.o [1]
  .rodata             const    0x0801137c     0x44  parser.o [1]
  .rodata             const    0x080113c0     0x40  main.o [1]
  .rodata             const    0x08011400     0x40  main.o [1]
  .rodata             const    0x08011440     0x40  parser.o [1]
  .rodata             const    0x08011480     0x40  parser.o [1]
  .rodata             const    0x080114c0     0x40  parser.o [1]
  .rodata             const    0x08011500     0x40  parser.o [1]
  .rodata             const    0x08011540     0x40  parser.o [1]
  .rodata             const    0x08011580     0x40  parser.o [1]
  .text               ro code  0x080115c0     0x40  zero_init3.o [5]
  .rodata             const    0x08011600     0x3c  parser.o [1]
  .rodata             const    0x0801163c     0x3c  parser.o [1]
  .rodata             const    0x08011678     0x3c  parser.o [1]
  .rodata             const    0x080116b4     0x3c  parser.o [1]
  .rodata             const    0x080116f0     0x38  parser.o [1]
  .rodata             const    0x08011728     0x38  parser.o [1]
  .rodata             const    0x08011760     0x38  parser.o [1]
  .rodata             const    0x08011798     0x38  parser.o [1]
  .rodata             const    0x080117d0     0x38  parser.o [1]
  .text               ro code  0x08011808     0x38  packbits_init_single.o [5]
  .rodata             const    0x08011840     0x34  main.o [1]
  .rodata             const    0x08011874     0x34  parser.o [1]
  .rodata             const    0x080118a8     0x34  parser.o [1]
  .rodata             const    0x080118dc     0x34  parser.o [1]
  .rodata             const    0x08011910     0x34  parser.o [1]
  .rodata             const    0x08011944     0x30  parser.o [1]
  .rodata             const    0x08011974     0x30  parser.o [1]
  .rodata             const    0x080119a4     0x30  parser.o [1]
  .rodata             const    0x080119d4     0x30  parser.o [1]
  .rodata             const    0x08011a04     0x30  parser.o [1]
  .rodata             const    0x08011a34     0x2c  main.o [1]
  .rodata             const    0x08011a60     0x2c  parser.o [1]
  .rodata             const    0x08011a8c     0x2c  parser.o [1]
  .rodata             const    0x08011ab8     0x2c  parser.o [1]
  .rodata             const    0x08011ae4     0x2c  parser.o [1]
  .rodata             const    0x08011b10     0x2c  parser.o [1]
  .rodata             const    0x08011b3c     0x2c  parser.o [1]
  .rodata             const    0x08011b68     0x2c  parser.o [1]
  .rodata             const    0x08011b94     0x2c  parser.o [1]
  .rodata             const    0x08011bc0     0x2c  parser.o [1]
  .rodata             const    0x08011bec     0x2c  parser.o [1]
  .rodata             const    0x08011c18     0x2c  parser.o [1]
  .rodata             const    0x08011c44     0x28  main.o [1]
  .rodata             const    0x08011c6c     0x28  main.o [1]
  .rodata             const    0x08011c94     0x28  parser.o [1]
  .rodata             const    0x08011cbc     0x28  parser.o [1]
  .rodata             const    0x08011ce4     0x28  parser.o [1]
  .rodata             const    0x08011d0c     0x28  parser.o [1]
  .rodata             const    0x08011d34     0x28  parser.o [1]
  .rodata             const    0x08011d5c     0x28  parser.o [1]
  .rodata             const    0x08011d84     0x28  parser.o [1]
  .rodata             const    0x08011dac     0x28  parser.o [1]
  .rodata             const    0x08011dd4     0x28  parser.o [1]
  .rodata             const    0x08011dfc     0x28  parser.o [1]
  .rodata             const    0x08011e24     0x28  parser.o [1]
  .rodata             const    0x08011e4c     0x28  parser.o [1]
  .rodata             const    0x08011e74     0x28  parser.o [1]
  .rodata             const    0x08011e9c     0x28  parser.o [1]
  .rodata             const    0x08011ec4     0x28  parser.o [1]
  .rodata             const    0x08011eec     0x28  parser.o [1]
  .rodata             const    0x08011f14     0x28  parser.o [1]
  .rodata             const    0x08011f3c     0x28  parser.o [1]
  .rodata             const    0x08011f64     0x28  parser.o [1]
  .rodata             const    0x08011f8c     0x28  parser.o [1]
  .rodata             const    0x08011fb4     0x28  parser.o [1]
  .rodata             const    0x08011fdc     0x28  parser.o [1]
  .rodata             const    0x08012004     0x28  parser.o [1]
  .rodata             const    0x0801202c     0x28  parser.o [1]
  .rodata             const    0x08012054     0x28  parser.o [1]
  .rodata             const    0x0801207c     0x28  parser.o [1]
  .rodata             const    0x080120a4     0x28  parser.o [1]
  .rodata             const    0x080120cc     0x28  parser.o [1]
  .rodata             const    0x080120f4     0x28  parser.o [1]
  .rodata             const    0x0801211c     0x28  parser.o [1]
  .rodata             const    0x08012144     0x28  parser.o [1]
  .rodata             const    0x0801216c     0x28  parser.o [1]
  .rodata             const    0x08012194     0x28  parser.o [1]
  .rodata             const    0x080121bc     0x28  parser.o [1]
  .rodata             const    0x080121e4     0x28  parser.o [1]
  .text               ro code  0x0801220c     0x28  data_init.o [5]
  .rodata             const    0x08012234     0x24  parser.o [1]
  .rodata             const    0x08012258     0x24  parser.o [1]
  .rodata             const    0x0801227c     0x24  parser.o [1]
  .rodata             const    0x080122a0     0x24  parser.o [1]
  .rodata             const    0x080122c4     0x24  parser.o [1]
  .rodata             const    0x080122e8     0x24  parser.o [1]
  .rodata             const    0x0801230c     0x24  parser.o [1]
  .rodata             const    0x08012330     0x24  parser.o [1]
  .rodata             const    0x08012354     0x24  parser.o [1]
  .rodata             const    0x08012378     0x24  parser.o [1]
  .rodata             const    0x0801239c     0x24  parser.o [1]
  .iar.init_table     const    0x080123c0     0x28  - Linker created -
  .rodata             const    0x080123e8     0x20  app_data.o [1]
  .rodata             const    0x08012408     0x20  app_data.o [1]
  .rodata             const    0x08012428     0x20  bgm111.o [1]
  .rodata             const    0x08012448     0x20  bgm111.o [1]
  .rodata             const    0x08012468     0x20  parser.o [1]
  .rodata             const    0x08012488     0x20  parser.o [1]
  .rodata             const    0x080124a8     0x20  parser.o [1]
  .rodata             const    0x080124c8     0x20  parser.o [1]
  .rodata             const    0x080124e8     0x20  parser.o [1]
  .rodata             const    0x08012508     0x20  parser.o [1]
  .rodata             const    0x08012528     0x20  parser.o [1]
  .rodata             const    0x08012548     0x20  parser.o [1]
  .rodata             const    0x08012568     0x20  parser.o [1]
  .rodata             const    0x08012588     0x20  parser.o [1]
  .rodata             const    0x080125a8     0x20  parser.o [1]
  .rodata             const    0x080125c8     0x1c  bgm111.o [1]
  .rodata             const    0x080125e4     0x1c  bgm111.o [1]
  .rodata             const    0x08012600     0x1c  bgm111.o [1]
  .rodata             const    0x0801261c     0x1c  ErrorCodes.o [1]
  .rodata             const    0x08012638     0x1c  parser.o [1]
  .rodata             const    0x08012654     0x1c  parser.o [1]
  .rodata             const    0x08012670     0x1c  parser.o [1]
  .text               ro code  0x0801268c     0x1a  cmain.o [5]
  .text               ro code  0x080126a6      0x4  low_level_init.o [3]
  .text               ro code  0x080126aa      0x4  exit.o [3]
  .text               ro code  0x080126b0      0xa  cexit.o [5]
  .text               ro code  0x080126bc     0x14  exit.o [6]
  .rodata             const    0x080126d0     0x18  app_data.o [1]
  .rodata             const    0x080126e8     0x18  bgm111.o [1]
  .rodata             const    0x08012700     0x18  parser.o [1]
  .rodata             const    0x08012718     0x18  parser.o [1]
  .rodata             const    0x08012730     0x18  parser.o [1]
  .rodata             const    0x08012748     0x18  parser.o [1]
  .rodata             const    0x08012760     0x18  parser.o [1]
  .rodata             const    0x08012778     0x18  parser.o [1]
  .rodata             const    0x08012790     0x18  parser.o [1]
  .rodata             const    0x080127a8     0x18  parser.o [1]
  .rodata             const    0x080127c0     0x18  parser.o [1]
  .rodata             const    0x080127d8     0x18  parser.o [1]
  .rodata             const    0x080127f0     0x18  parser.o [1]
  .rodata             const    0x08012808     0x14  app_data.o [1]
  .rodata             const    0x0801281c     0x14  app_data.o [1]
  .rodata             const    0x08012830     0x14  app_data.o [1]
  .rodata             const    0x08012844     0x14  app_data.o [1]
  .rodata             const    0x08012858     0x14  app_data.o [1]
  .rodata             const    0x0801286c     0x14  app_data.o [1]
  .rodata             const    0x08012880     0x14  app_data.o [1]
  .rodata             const    0x08012894     0x14  app_data.o [1]
  .rodata             const    0x080128a8     0x14  app_data.o [1]
  .rodata             const    0x080128bc     0x14  app_data.o [1]
  .rodata             const    0x080128d0     0x14  app_data.o [1]
  .rodata             const    0x080128e4     0x14  app_data.o [1]
  .rodata             const    0x080128f8     0x14  app_data.o [1]
  .rodata             const    0x0801290c     0x14  app_data.o [1]
  .rodata             const    0x08012920     0x14  app_data.o [1]
  .rodata             const    0x08012934     0x14  app_data.o [1]
  .rodata             const    0x08012948     0x14  app_data.o [1]
  .rodata             const    0x0801295c     0x14  app_data.o [1]
  .rodata             const    0x08012970     0x14  app_data.o [1]
  .rodata             const    0x08012984     0x14  app_data.o [1]
  .rodata             const    0x08012998     0x14  app_data.o [1]
  .rodata             const    0x080129ac     0x14  app_data.o [1]
  .rodata             const    0x080129c0     0x14  app_data.o [1]
  .rodata             const    0x080129d4     0x14  app_data.o [1]
  .rodata             const    0x080129e8     0x14  app_data.o [1]
  .rodata             const    0x080129fc     0x14  app_data.o [1]
  .rodata             const    0x08012a10     0x14  app_data.o [1]
  .rodata             const    0x08012a24     0x14  app_data.o [1]
  .rodata             const    0x08012a38     0x14  bgm111.o [1]
  .rodata             const    0x08012a4c     0x14  bgm111.o [1]
  .rodata             const    0x08012a60     0x14  bgm111.o [1]
  .rodata             const    0x08012a74     0x14  bgm111.o [1]
  .rodata             const    0x08012a88     0x14  bgm111.o [1]
  .rodata             const    0x08012a9c     0x14  ErrorCodes.o [1]
  .rodata             const    0x08012ab0     0x14  gpio.o [1]
  .rodata             const    0x08012ac4     0x14  parser.o [1]
  .rodata             const    0x08012ad8     0x14  parser.o [1]
  .rodata             const    0x08012aec     0x14  parser.o [1]
  .rodata             const    0x08012b00     0x14  parser.o [1]
  .rodata             const    0x08012b14     0x14  parser.o [1]
  .rodata             const    0x08012b28     0x14  parser.o [1]
  .rodata             const    0x08012b3c     0x14  parser.o [1]
  .rodata             const    0x08012b50     0x14  parser.o [1]
  .rodata             const    0x08012b64     0x14  parser.o [1]
  .rodata             const    0x08012b78     0x10  app_data.o [1]
  .rodata             const    0x08012b88     0x10  bgm111.o [1]
  .rodata             const    0x08012b98     0x10  bgm111.o [1]
  .rodata             const    0x08012ba8     0x10  bgm111.o [1]
  .rodata             const    0x08012bb8     0x10  bgm111.o [1]
  .rodata             const    0x08012bc8     0x10  bgm111.o [1]
  .rodata             const    0x08012bd8     0x10  parser.o [1]
  .rodata             const    0x08012be8     0x10  parser.o [1]
  .rodata             const    0x08012bf8     0x10  parser.o [1]
  .rodata             const    0x08012c08     0x10  parser.o [1]
  .rodata             const    0x08012c18     0x10  parser.o [1]
  .rodata             const    0x08012c28     0x10  parser.o [1]
  .rodata             const    0x08012c38     0x10  parser.o [1]
  .rodata             const    0x08012c48     0x10  system_stm32l1xx.o [1]
  .text               ro code  0x08012c58     0x10  startup_stm32l152xe.o [1]
  .rodata             const    0x08012c68      0xc  app_data.o [1]
  .rodata             const    0x08012c74      0xc  app_data.o [1]
  .rodata             const    0x08012c80      0xc  bgm111.o [1]
  .rodata             const    0x08012c8c      0xc  bgm111.o [1]
  .rodata             const    0x08012c98      0xc  bgm111.o [1]
  .rodata             const    0x08012ca4      0xc  bgm111.o [1]
  .rodata             const    0x08012cb0      0xc  bgm111.o [1]
  .rodata             const    0x08012cbc      0xc  main.o [1]
  .rodata             const    0x08012cc8      0xc  parser.o [1]
  .rodata             const    0x08012cd4      0xc  parser.o [1]
  .rodata             const    0x08012ce0      0xc  parser.o [1]
  .rodata             const    0x08012cec      0xc  parser.o [1]
  .rodata             const    0x08012cf8      0xc  parser.o [1]
  .rodata             const    0x08012d04      0xc  parser.o [1]
  .rodata             const    0x08012d10      0xc  parser.o [1]
  .rodata             const    0x08012d1c      0xc  stm32l1xx_hal_rcc.o [1]
  .text               ro code  0x08012d28      0xc  cstartup_M.o [5]
  .rodata             const    0x08012d34      0x8  app_data.o [1]
  .rodata             const    0x08012d3c      0x8  app_data.o [1]
  .rodata             const    0x08012d44      0x8  app_data.o [1]
  .rodata             const    0x08012d4c      0x8  app_data.o [1]
  .rodata             const    0x08012d54      0x8  barometer.o [1]
  .rodata             const    0x08012d5c      0x8  barometer.o [1]
  .rodata             const    0x08012d64      0x8  barometer.o [1]
  .rodata             const    0x08012d6c      0x8  barometer.o [1]
  .rodata             const    0x08012d74      0x8  barometer.o [1]
  .rodata             const    0x08012d7c      0x8  bgm111.o [1]
  .rodata             const    0x08012d84      0x8  bgm111.o [1]
  .rodata             const    0x08012d8c      0x8  bgm111.o [1]
  .rodata             const    0x08012d94      0x8  ErrorCodes.o [1]
  .rodata             const    0x08012d9c      0x8  ErrorCodes.o [1]
  .rodata             const    0x08012da4      0x8  ErrorCodes.o [1]
  .rodata             const    0x08012dac      0x8  ErrorCodes.o [1]
  .rodata             const    0x08012db4      0x8  ErrorCodes.o [1]
  .rodata             const    0x08012dbc      0x8  ErrorCodes.o [1]
  .rodata             const    0x08012dc4      0x8  ErrorCodes.o [1]
  .rodata             const    0x08012dcc      0x8  ErrorCodes.o [1]
  .rodata             const    0x08012dd4      0x8  ErrorCodes.o [1]
  .rodata             const    0x08012ddc      0x8  ErrorCodes.o [1]
  .rodata             const    0x08012de4      0x8  ErrorCodes.o [1]
  .rodata             const    0x08012dec      0x8  ErrorCodes.o [1]
  .rodata             const    0x08012df4      0x8  ErrorCodes.o [1]
  .rodata             const    0x08012dfc      0x8  ErrorCodes.o [1]
  .rodata             const    0x08012e04      0x8  ErrorCodes.o [1]
  .rodata             const    0x08012e0c      0x8  ErrorCodes.o [1]
  .rodata             const    0x08012e14      0x8  ErrorCodes.o [1]
  .rodata             const    0x08012e1c      0x8  ErrorCodes.o [1]
  .rodata             const    0x08012e24      0x8  ErrorCodes.o [1]
  .rodata             const    0x08012e2c      0x8  ErrorCodes.o [1]
  .rodata             const    0x08012e34      0x8  ErrorCodes.o [1]
  .rodata             const    0x08012e3c      0x8  ErrorCodes.o [1]
  .rodata             const    0x08012e44      0x8  GridEye.o [1]
  .rodata             const    0x08012e4c      0x8  GridEye.o [1]
  .rodata             const    0x08012e54      0x8  GridEye.o [1]
  .rodata             const    0x08012e5c      0x8  Humidity.o [1]
  .rodata             const    0x08012e64      0x8  Humidity.o [1]
  .rodata             const    0x08012e6c      0x8  Humidity.o [1]
  .rodata             const    0x08012e74      0x8  Humidity.o [1]
  .rodata             const    0x08012e7c      0x8  main.o [1]
  .rodata             const    0x08012e84      0x8  main.o [1]
  .rodata             const    0x08012e8c      0x8  parser.o [1]
  .rodata             const    0x08012e94      0x8  parser.o [1]
  .rodata             const    0x08012e9c      0x8  parser.o [1]
  .rodata             const    0x08012ea4      0x8  Rd_Sound.o [1]
  .rodata             const    0x08012eac      0x8  RGBLight.o [1]
  .rodata             const    0x08012eb4      0x8  RGBLight.o [1]
  .rodata             const    0x08012ebc      0x8  system_stm32l1xx.o [1]
  .rodata             const    0x08012ec4      0x8  Temperature.o [1]
  .rodata             const    0x08012ecc      0x8  Temperature.o [1]
  .rodata             const    0x08012ed4      0x8  Temperature.o [1]
  .rodata             const    0x08012edc      0x8  VMonitor.o [1]
  .rodata             const    0x08012ee4      0x8  VMonitor.o [1]
  .rodata             const    0x08012eec      0x8  VMonitor.o [1]
  .rodata             const    0x08012ef4      0x8  VMonitor.o [1]
  .rodata             const    0x08012efc      0x8  VMonitor.o [1]
  .rodata             const    0x08012f04      0x4  stm32l1xx_hal_rcc.o [1]
  .text               ro code  0x08012f08      0x4  startup_stm32l152xe.o [1]
  .text               ro code  0x08012f0c      0x4  startup_stm32l152xe.o [1]
  .text               ro code  0x08012f10      0x4  startup_stm32l152xe.o [1]
  .text               ro code  0x08012f14      0x4  startup_stm32l152xe.o [1]
  .text               ro code  0x08012f18      0x4  startup_stm32l152xe.o [1]
  .text               ro code  0x08012f1c      0x4  startup_stm32l152xe.o [1]
  .text               ro code  0x08012f20      0x4  startup_stm32l152xe.o [1]
  .text               ro code  0x08012f24      0x4  startup_stm32l152xe.o [1]
  .text               ro code  0x08012f28      0x4  startup_stm32l152xe.o [1]
  .text               ro code  0x08012f2c      0x4  startup_stm32l152xe.o [1]
  .text               ro code  0x08012f30      0x4  startup_stm32l152xe.o [1]
  .text               ro code  0x08012f34      0x4  startup_stm32l152xe.o [1]
  .text               ro code  0x08012f38      0x4  startup_stm32l152xe.o [1]
  .text               ro code  0x08012f3c      0x4  startup_stm32l152xe.o [1]
  .text               ro code  0x08012f40      0x4  startup_stm32l152xe.o [1]
  .text               ro code  0x08012f44      0x4  startup_stm32l152xe.o [1]
  .text               ro code  0x08012f48      0x4  startup_stm32l152xe.o [1]
  .text               ro code  0x08012f4c      0x4  startup_stm32l152xe.o [1]
  .text               ro code  0x08012f50      0x4  startup_stm32l152xe.o [1]
  .text               ro code  0x08012f54      0x4  startup_stm32l152xe.o [1]
  .text               ro code  0x08012f58      0x4  startup_stm32l152xe.o [1]
  .text               ro code  0x08012f5c      0x4  startup_stm32l152xe.o [1]
  .text               ro code  0x08012f60      0x4  startup_stm32l152xe.o [1]
  .text               ro code  0x08012f64      0x4  startup_stm32l152xe.o [1]
  .text               ro code  0x08012f68      0x4  startup_stm32l152xe.o [1]
  .text               ro code  0x08012f6c      0x4  startup_stm32l152xe.o [1]
  .text               ro code  0x08012f70      0x4  startup_stm32l152xe.o [1]
  .text               ro code  0x08012f74      0x4  startup_stm32l152xe.o [1]
  .text               ro code  0x08012f78      0x4  startup_stm32l152xe.o [1]
  .text               ro code  0x08012f7c      0x4  startup_stm32l152xe.o [1]
  .text               ro code  0x08012f80      0x4  startup_stm32l152xe.o [1]
  .text               ro code  0x08012f84      0x4  startup_stm32l152xe.o [1]
  .text               ro code  0x08012f88      0x4  startup_stm32l152xe.o [1]
  .text               ro code  0x08012f8c      0x4  startup_stm32l152xe.o [1]
  .text               ro code  0x08012f90      0x4  startup_stm32l152xe.o [1]
  .text               ro code  0x08012f94      0x4  startup_stm32l152xe.o [1]
  .text               ro code  0x08012f98      0x4  startup_stm32l152xe.o [1]
  .text               ro code  0x08012f9c      0x4  startup_stm32l152xe.o [1]
  .text               ro code  0x08012fa0      0x4  startup_stm32l152xe.o [1]
  .text               ro code  0x08012fa4      0x4  startup_stm32l152xe.o [1]
  .text               ro code  0x08012fa8      0x4  startup_stm32l152xe.o [1]
  .text               ro code  0x08012fac      0x4  startup_stm32l152xe.o [1]
  .text               ro code  0x08012fb0      0x4  startup_stm32l152xe.o [1]
  .text               ro code  0x08012fb4      0x4  startup_stm32l152xe.o [1]
  .text               ro code  0x08012fb8      0x4  startup_stm32l152xe.o [1]
  .text               ro code  0x08012fbc      0x4  startup_stm32l152xe.o [1]
  .text               ro code  0x08012fc0      0x4  startup_stm32l152xe.o [1]
  .text               ro code  0x08012fc4      0x4  startup_stm32l152xe.o [1]
  .text               ro code  0x08012fc8      0x4  startup_stm32l152xe.o [1]
  .text               ro code  0x08012fcc      0x4  startup_stm32l152xe.o [1]
  .rodata             const    0x08012fd0      0x0  zero_init3.o [5]
  .rodata             const    0x08012fd0      0x0  packbits_init_single.o [5]
  Initializer bytes   const    0x08012fd0     0x54  <for P2-1>
                             - 0x08013024  0x12f00

Absolute sections:                            0x18
  .bss                zero     0x08070000     0x18  wwdg.o [1]
                             - 0x08070018     0x18

"P2", part 1 of 3:                           0x14c
  P2-1                         0x20000000    0x14c  <Init block>
    .data             inited   0x20000000      0xc  adc.o [1]
    .data             inited   0x2000000c      0x4  bgm111.o [1]
    .data             inited   0x20000010      0x4  bgm111.o [1]
    .data             inited   0x20000014     0x24  gpio.o [1]
    .data             inited   0x20000038      0x4  system_stm32l1xx.o [1]
    .data             inited   0x2000003c      0x4  tim.o [1]
    .data             inited   0x20000040      0x4  tim.o [1]
    .data             inited   0x20000044      0x4  tim.o [1]
    .data             inited   0x20000048      0x4  usart.o [1]
    __DLIB_PERTHREAD  inited   0x2000004c     0x88  localeconv.o [3]
    __DLIB_PERTHREAD  inited   0x200000d4      0x4  errno.o [3]
    __DLIB_PERTHREAD  inited   0x200000d8     0x74  setlocale.o [3]
                             - 0x2000014c    0x14c

"P2", part 2 of 3:                          0x1000
  CSTACK                       0x20000150   0x1000  <Block>
    CSTACK            uninit   0x20000150   0x1000  <Block tail>
  HEAP                         0x20001150      0x0  <Block>
                             - 0x20001150   0x1000

"P2", part 3 of 3:                          0x245c
  .bss                zero     0x20001150    0xf78  bgm111.o [1]
  .bss                zero     0x200020c8    0x324  bgm111.o [1]
  .bss                zero     0x200023ec    0x324  ErrorCodes.o [1]
  .bss                zero     0x20002710    0x248  app_data.o [1]
  .bss                zero     0x20002958    0x248  app_data.o [1]
  .bss                zero     0x20002ba0    0x220  usbd_conf.o [1]
  .bss                zero     0x20002dc0    0x1a0  bgm111.o [1]
  .bss                zero     0x20002f60     0x8c  tasks.o [1]
  .bss                zero     0x20002fec     0x84  bgm111.o [1]
  .bss                zero     0x20003070     0x84  bgm111.o [1]
  .bss                zero     0x200030f4     0x80  Rd_Sound.o [1]
  .bss                zero     0x20003174     0x80  Rd_Sound.o [1]
  .bss                zero     0x200031f4     0x80  Rd_Sound.o [1]
  .bss                zero     0x20003274     0x54  adc.o [1]
  .bss                zero     0x200032c8     0x40  usart.o [1]
  .bss                zero     0x20003308     0x40  usart.o [1]
  .bss                zero     0x20003348     0x3c  i2c.o [1]
  .bss                zero     0x20003384     0x38  adc.o [1]
  .bss                zero     0x200033bc     0x38  stm32l1xx_hal_timebase_TIM.o [1]
  .bss                zero     0x200033f4     0x38  tim.o [1]
  .bss                zero     0x2000342c     0x38  tim.o [1]
  .bss                zero     0x20003464     0x28  bgm111.o [1]
  .bss                zero     0x2000348c     0x28  usart.o [1]
  .bss                zero     0x200034b4     0x1c  Flash.o [1]
  .bss                zero     0x200034d0     0x18  stm32l1xx_hal_flash.o [1]
  .bss                zero     0x200034e8     0x18  wwdg.o [1]
  .bss                zero     0x20003500     0x14  wwdg.o [1]
  .bss                zero     0x20003514      0xc  adc.o [1]
  .bss                zero     0x20003520      0xc  app_data.o [1]
  .bss                zero     0x2000352c      0xc  Flash.o [1]
  .bss                zero     0x20003538      0x8  xxmemxmalloc.o [3]
  .bss                zero     0x20003540      0x4  app_data.o [1]
  .bss                zero     0x20003544      0x4  bgm111.o [1]
  .bss                zero     0x20003548      0x4  bgm111.o [1]
  .bss                zero     0x2000354c      0x4  bgm111.o [1]
  .bss                zero     0x20003550      0x4  bgm111.o [1]
  .bss                zero     0x20003554      0x4  bgm111.o [1]
  .bss                zero     0x20003558      0x4  Flash.o [1]
  .bss                zero     0x2000355c      0x4  stm32l1xx_hal.o [1]
  .bss                zero     0x20003560      0x4  tasks.o [1]
  .bss                zero     0x20003564      0x4  tasks.o [1]
  .bss                zero     0x20003568      0x4  tasks.o [1]
  .bss                zero     0x2000356c      0x4  tasks.o [1]
  .bss                zero     0x20003570      0x4  tasks.o [1]
  .bss                zero     0x20003574      0x4  tasks.o [1]
  .bss                zero     0x20003578      0x4  tasks.o [1]
  .bss                zero     0x2000357c      0x4  tasks.o [1]
  .bss                zero     0x20003580      0x4  tasks.o [1]
  .bss                zero     0x20003584      0x4  tasks.o [1]
  .bss                zero     0x20003588      0x4  tasks.o [1]
  .bss                zero     0x2000358c      0x4  usart.o [1]
  .bss                zero     0x20003590      0x4  usart.o [1]
  .bss                zero     0x20003594      0x4  wwdg.o [1]
  .bss                zero     0x20003598      0x4  xgetmemchunk.o [3]
  .bss                zero     0x2000359c      0x2  app_data.o [1]
  .bss                zero     0x2000359e      0x2  app_data.o [1]
  .bss                zero     0x200035a0      0x1  adc.o [1]
  .bss                zero     0x200035a1      0x1  adc.o [1]
  .bss                zero     0x200035a2      0x1  adc.o [1]
  .bss                zero     0x200035a3      0x1  bgm111.o [1]
  .bss                zero     0x200035a4      0x1  parser.o [1]
  .bss                zero     0x200035a5      0x1  tim.o [1]
  .bss                zero     0x200035a6      0x1  tim.o [1]
  .bss                zero     0x200035a7      0x1  usart.o [1]
  .bss                zero     0x200035a8      0x1  usart.o [1]
  .bss                zero     0x200035a9      0x1  usart.o [1]
  .bss                zero     0x200035aa      0x1  usbd_ctlreq.o [1]
  .bss                zero     0x200035ab      0x1  wwdg.o [1]
                             - 0x200035ac   0x245c


*******************************************************************************
*** INIT TABLE
***

          Address     Size
          -------     ----
Zero (__iar_zero_init3)
    2 destination ranges, total size 0x2474:
          0x08070000    0x18
          0x20001150  0x245c

Copy/packbits (__iar_packbits_init_single3)
    1 source range, total size 0x54 (25% of destination):
          0x08012fd0    0x54
    1 destination range, total size 0x14c:
          0x20000000   0x14c



*******************************************************************************
*** MODULE SUMMARY
***

    Module                        ro code  ro data  rw data  rw data
                                                              (abs)
    ------                        -------  -------  -------  -------
D:\GoogleDriveCLT\GoogleDrive\WeatherCloud\Roadboard\Software\Road-Board-December-2016N7\EWARM\Road Brd MSTR Rev L Long Always\Obj: [1]
    ErrorCodes.o                      318      312      804
    Flash.o                           344                44
    GridEye.o                       3 480       24
    Humidity.o                      1 736       32
    RGBLight.o                        836       16
    Rd_Sound.o                        588        8      384
    Temperature.o                     364       24
    VMonitor.o                      1 216       40
    adc.o                             700        3      167
    app_data.o                      4 184      720    1 188
    barometer.o                       504       40
    bgm111.o                        2 152      438    5 513
    cmsis_os.o                         16
    dma.o                              48
    fix_fft.o                         604      128
    gecko_bglib.o                     432
    gpio.o                            452       29       36
    i2c.o                           1 248                60
    list.o                             64
    lps25hb.o                         584
    main.o                          1 570      332
    parser.o                        8 044    5 080        1
    port.o                             36
    portasm.o                         148
    startup_stm32l152xe.o             508
    stm32l1xx_hal.o                    72                 4
    stm32l1xx_hal_adc.o             2 090
    stm32l1xx_hal_cortex.o            432
    stm32l1xx_hal_dma.o             3 838
    stm32l1xx_hal_flash.o             408                24
    stm32l1xx_hal_flash_ex.o          204
    stm32l1xx_hal_gpio.o              888
    stm32l1xx_hal_i2c.o             4 120
    stm32l1xx_hal_msp.o               152
    stm32l1xx_hal_pcd.o             4 212
    stm32l1xx_hal_pwr_ex.o             16
    stm32l1xx_hal_rcc.o             3 284       16
    stm32l1xx_hal_tim.o               986
    stm32l1xx_hal_tim_ex.o             94
    stm32l1xx_hal_timebase_TIM.o      144                56
    stm32l1xx_hal_uart.o            2 284
    stm32l1xx_hal_wwdg.o              214
    stm32l1xx_it.o                    132
    system_stm32l1xx.o                100       25        4
    tasks.o                           548               184
    tim.o                             588        3      126
    usart.o                         1 212        1      183
    usbd_conf.o                       408               544
    usbd_core.o                       712
    usbd_ctlreq.o                   1 544                 1
    usbd_ioreq.o                      144
    wwdg.o                            404                49       24
    ----------------------------------------------------------------
    Total:                         59 406    7 271    9 372       24

command line: [2]
    ----------------------------------------------------------------
    Total:

dl7M_tlf.a: [3]
    atoi.o                              8
    div.o                              14
    errno.o                            12        1        4
    exit.o                              4
    isdigit.o                          10
    isxxx.o                            20
    localeconv.o                      108       34      136
    low_level_init.o                    4
    setlocale.o                        40       30      116
    sprintf.o                          52
    strcat.o                           28
    strncmp.o                          44
    tolower.o                          20
    xencoding_sb.o                     96
    xgetmemchunk.o                     44                 4
    xlocale_c.o                        32
    xmbcurmax.o                        10
    xmbtowc.o                          32
    xprintffull.o                   4 510
    xsprout.o                          10
    xstoul.o                          408
    xtls.o                              2
    xwctomb.o                          26
    xxmemxfree.o                      128
    xxmemxmalloc.o                    176                 8
    ----------------------------------------------------------------
    Total:                          5 838       65      268

m7M_tl.a: [4]
    DblAdd.o                          232
    DblCmpGe.o                         46
    DblCmpLe.o                         46
    DblDiv.o                          598
    DblMul.o                          418
    DblSub.o                          384
    DblToFlt.o                        144
    DblToI32.o                         88
    FltAdd.o                          132
    FltCmpGe.o                         36
    FltDiv.o                          252
    FltMul.o                          216
    FltSub.o                          214
    FltToDbl.o                         78
    FltToS32.o                         68
    I32ToDbl.o                         48
    I32ToFlt.o                         50
    ceil.o                             94
    modf.o                            184
    round.o                            68
    sqrt.o                            240
    xdint.o                           122
    xdnorm.o                           68
    xdscale.o                         268
    ----------------------------------------------------------------
    Total:                          4 094

rt7M_tl.a: [5]
    ABImemcpy_unaligned.o             118
    ABImemset.o                        94
    I64DivMod.o                       238
    I64DivZer.o                         2
    cexit.o                            10
    cmain.o                            26
    cstartup_M.o                       12
    data_init.o                        40
    iarEdom.o                          12
    memchr.o                           88
    packbits_init_single.o             56
    strchr.o                           22
    strcmp_unaligned.o                 66
    strcpy_unaligned.o                 68
    strlen.o                           54
    strncpy_unaligned.o               108
    zero_init3.o                       64
    ----------------------------------------------------------------
    Total:                          1 078

shb_l.a: [6]
    exit.o                             20
    ----------------------------------------------------------------
    Total:                             20

    Gaps                               48
    Linker created                              40    4 096
--------------------------------------------------------------------
    Grand Total:                   70 484    7 376   13 736       24


*******************************************************************************
*** ENTRY LIST
***

Entry                      Address    Size  Type      Object
-----                      -------    ----  ----      ------
.iar.init_table$$Base   0x080123c0           --   Gb  - Linker created -
.iar.init_table$$Limit  0x080123e8           --   Gb  - Linker created -
?main                   0x0801268d          Code  Gb  cmain.o [5]
ADC_Channel             0x200035a2     0x1  Data  Lc  adc.o [1]
ADC_Config              0x0800834b    0xbe  Code  Gb  adc.o [1]
ADC_ConversionStop_Disable
                        0x0800cdb5    0x4a  Code  Gb  stm32l1xx_hal_adc.o [1]
ADC_DMAConvCplt         0x0800ce01    0x6e  Code  Lc  stm32l1xx_hal_adc.o [1]
ADC_DMAError            0x0800ce81    0x1e  Code  Lc  stm32l1xx_hal_adc.o [1]
ADC_DMAHalfConvCplt     0x0800ce71     0xe  Code  Lc  stm32l1xx_hal_adc.o [1]
ADC_Enable              0x0800cd17    0x72  Code  Gb  stm32l1xx_hal_adc.o [1]
AHBPrescTable           0x08012c48    0x10  Data  Gb  system_stm32l1xx.o [1]
APBPrescTable           0x08012ebc     0x8  Data  Gb  system_stm32l1xx.o [1]
BGM111_Connected        0x08002919     0xa  Code  Gb  bgm111.o [1]
BGM111_DataConnected    0x08002923     0xa  Code  Gb  bgm111.o [1]
BGM111_GetTackState     0x080029f3     0xa  Code  Gb  bgm111.o [1]
BGM111_Init             0x080026cf    0x32  Code  Gb  bgm111.o [1]
BGM111_LowLevel_Init    0x08002611    0x48  Code  Gb  bgm111.o [1]
BGM111_Peek             0x080026c5     0xa  Code  Gb  bgm111.o [1]
BGM111_ProcessInput     0x08002701   0x20e  Code  Gb  bgm111.o [1]
BGM111_Ready            0x0800290f     0xa  Code  Gb  bgm111.o [1]
BGM111_Receive          0x08002667    0x5e  Code  Gb  bgm111.o [1]
BGM111_SetSyncFlg       0x080029d3     0xa  Code  Gb  bgm111.o [1]
BGM111_SetTackState     0x080029fd     0xa  Code  Gb  bgm111.o [1]
BGM111_SyncModeTest     0x0800292d    0x82  Code  Gb  bgm111.o [1]
BGM111_SyncModeTestNoInc
                        0x080029af    0x24  Code  Gb  bgm111.o [1]
BGM111_Transmit         0x08002aa1   0x11e  Code  Gb  bgm111.o [1]
BGM111_UART_IRQHandler  0x08002a07    0x90  Code  Gb  bgm111.o [1]
BGM111_cntrlSetSyncFlg  0x080029dd    0x16  Code  Gb  bgm111.o [1]
Bypass                  0x200035a4     0x1  Data  Lc  parser.o [1]
CSTACK$$Base            0x20000150           --   Gb  - Linker created -
CSTACK$$Limit           0x20001150           --   Gb  - Linker created -
Clear_Timer2_Flg        0x0800b88d     0x8  Code  Gb  tim.o [1]
ClrDataStructure        0x080032f1    0xb0  Code  Gb  app_data.o [1]
Clr_HeartBeat           0x080041bd     0x8  Code  Gb  app_data.o [1]
Clr_HrtBeat_Cnt         0x080041a1     0x8  Code  Gb  app_data.o [1]
CodesArray              0x0801120c    0x58  Data  Gb  ErrorCodes.o [1]
DMA1_Channel1_IRQHandler
                        0x08011079     0xa  Code  Gb  stm32l1xx_it.o [1]
DMA_SetConfig           0x0800dd7d    0x22  Code  Lc  stm32l1xx_hal_dma.o [1]
Error_Handler           0x08007b51    0x2e  Code  Gb  main.o [1]
FIX_MPY                 0x0800dd9f    0x1c  Code  Gb  fix_fft.o [1]
FLASH_PageErase         0x0800ecbb    0x28  Code  Gb  stm32l1xx_hal_flash_ex.o [1]
FLASH_SetErrorCode      0x0800eb2f    0x6a  Code  Lc  stm32l1xx_hal_flash.o [1]
FLASH_WaitForLastOperation
                        0x0800eacb    0x64  Code  Gb  stm32l1xx_hal_flash.o [1]
Get_DriverStates        0x080040b5    0x5c  Code  Gb  app_data.o [1]
Get_DriverStatus        0x08004129    0x78  Code  Gb  app_data.o [1]
HAL_ADC_ConfigChannel   0x0800cb31   0x1e6  Code  Gb  stm32l1xx_hal_adc.o [1]
HAL_ADC_ConvCpltCallback
                        0x08008487     0xe  Code  Gb  adc.o [1]
HAL_ADC_ConvHalfCpltCallback
                        0x080084c5     0x2  Code  Gb  adc.o [1]
HAL_ADC_DeInit          0x0800c83b   0x134  Code  Gb  stm32l1xx_hal_adc.o [1]
HAL_ADC_ErrorCallback   0x080084c7     0xa  Code  Gb  adc.o [1]
HAL_ADC_Init            0x0800c675   0x1c6  Code  Gb  stm32l1xx_hal_adc.o [1]
HAL_ADC_MspDeInit       0x08008323    0x28  Code  Gb  adc.o [1]
HAL_ADC_MspInit         0x0800829d    0x86  Code  Gb  adc.o [1]
HAL_ADC_Start           0x0800c96f    0x88  Code  Gb  stm32l1xx_hal_adc.o [1]
HAL_ADC_Start_DMA       0x0800c9f7    0xcc  Code  Gb  stm32l1xx_hal_adc.o [1]
HAL_ADC_Stop_DMA        0x0800cac3    0x6e  Code  Gb  stm32l1xx_hal_adc.o [1]
HAL_DMA_Abort           0x0800d3db    0x54  Code  Gb  stm32l1xx_hal_dma.o [1]
HAL_DMA_DeInit          0x0800cef9   0x43e  Code  Gb  stm32l1xx_hal_dma.o [1]
HAL_DMA_IRQHandler      0x0800d435   0x906  Code  Gb  stm32l1xx_hal_dma.o [1]
HAL_DMA_Init            0x0800cea1    0x58  Code  Gb  stm32l1xx_hal_dma.o [1]
HAL_DMA_Start_IT        0x0800d36d    0x6e  Code  Gb  stm32l1xx_hal_dma.o [1]
HAL_Delay               0x0800a221    0x1a  Code  Wk  stm32l1xx_hal.o [1]
HAL_FLASHEx_Erase       0x0800ec21    0x9a  Code  Gb  stm32l1xx_hal_flash_ex.o [1]
HAL_FLASH_GetError      0x0800eac5     0x6  Code  Gb  stm32l1xx_hal_flash.o [1]
HAL_FLASH_Lock          0x0800eab5    0x10  Code  Gb  stm32l1xx_hal_flash.o [1]
HAL_FLASH_Program       0x0800ea29    0x5c  Code  Gb  stm32l1xx_hal_flash.o [1]
HAL_FLASH_Unlock        0x0800ea85    0x30  Code  Gb  stm32l1xx_hal_flash.o [1]
HAL_GPIO_DeInit         0x08007d53   0x13c  Code  Gb  stm32l1xx_hal_gpio.o [1]
HAL_GPIO_Init           0x08007b81   0x1d2  Code  Gb  stm32l1xx_hal_gpio.o [1]
HAL_GPIO_ReadPin        0x08007e8f    0x18  Code  Gb  stm32l1xx_hal_gpio.o [1]
HAL_GPIO_TogglePin      0x08007ebb     0xa  Code  Gb  stm32l1xx_hal_gpio.o [1]
HAL_GPIO_WritePin       0x08007ea7    0x14  Code  Gb  stm32l1xx_hal_gpio.o [1]
HAL_GetTick             0x0800a21b     0x6  Code  Wk  stm32l1xx_hal.o [1]
HAL_I2C_ER_IRQHandler   0x0800abc9    0xce  Code  Gb  stm32l1xx_hal_i2c.o [1]
HAL_I2C_EV_IRQHandler   0x0800aa95   0x134  Code  Gb  stm32l1xx_hal_i2c.o [1]
HAL_I2C_ErrorCallback   0x0800aca3     0x2  Code  Wk  stm32l1xx_hal_i2c.o [1]
HAL_I2C_GetError        0x0800acab     0x4  Code  Gb  stm32l1xx_hal_i2c.o [1]
HAL_I2C_GetState        0x0800aca5     0x6  Code  Gb  stm32l1xx_hal_i2c.o [1]
HAL_I2C_Init            0x0800a345   0x172  Code  Gb  stm32l1xx_hal_i2c.o [1]
HAL_I2C_MasterRxCpltCallback
                        0x0800ac99     0x2  Code  Wk  stm32l1xx_hal_i2c.o [1]
HAL_I2C_MasterTxCpltCallback
                        0x0800ac97     0x2  Code  Wk  stm32l1xx_hal_i2c.o [1]
HAL_I2C_Master_Receive  0x0800a5ef   0x256  Code  Gb  stm32l1xx_hal_i2c.o [1]
HAL_I2C_Master_Receive_IT
                        0x0800a92b   0x14e  Code  Gb  stm32l1xx_hal_i2c.o [1]
HAL_I2C_Master_Transmit
                        0x0800a4b7   0x138  Code  Gb  stm32l1xx_hal_i2c.o [1]
HAL_I2C_Master_Transmit_IT
                        0x0800a845    0xe6  Code  Gb  stm32l1xx_hal_i2c.o [1]
HAL_I2C_MemRxCpltCallback
                        0x0800aca1     0x2  Code  Wk  stm32l1xx_hal_i2c.o [1]
HAL_I2C_MemTxCpltCallback
                        0x0800ac9f     0x2  Code  Wk  stm32l1xx_hal_i2c.o [1]
HAL_I2C_MspInit         0x0800631b    0x50  Code  Gb  i2c.o [1]
HAL_I2C_SlaveRxCpltCallback
                        0x0800ac9d     0x2  Code  Wk  stm32l1xx_hal_i2c.o [1]
HAL_I2C_SlaveTxCpltCallback
                        0x0800ac9b     0x2  Code  Wk  stm32l1xx_hal_i2c.o [1]
HAL_IncTick             0x0800a20f     0xc  Code  Wk  stm32l1xx_hal.o [1]
HAL_Init                0x0800a1f9    0x16  Code  Gb  stm32l1xx_hal.o [1]
HAL_InitTick            0x0800e7f5    0x80  Code  Gb  stm32l1xx_hal_timebase_TIM.o [1]
HAL_MspInit             0x0800e885    0x98  Code  Gb  stm32l1xx_hal_msp.o [1]
HAL_NVIC_DisableIRQ     0x080068d9     0xe  Code  Gb  stm32l1xx_hal_cortex.o [1]
HAL_NVIC_EnableIRQ      0x080068cb     0xe  Code  Gb  stm32l1xx_hal_cortex.o [1]
HAL_NVIC_SetPriority    0x080068a5    0x26  Code  Gb  stm32l1xx_hal_cortex.o [1]
HAL_NVIC_SetPriorityGrouping
                        0x08006899     0xc  Code  Gb  stm32l1xx_hal_cortex.o [1]
HAL_NVIC_SystemReset    0x080068e7     0x8  Code  Gb  stm32l1xx_hal_cortex.o [1]
HAL_PCD_DataInStageCallback
                        0x080102b9    0x20  Code  Gb  usbd_conf.o [1]
HAL_PCD_DataOutStageCallback
                        0x08010297    0x22  Code  Gb  usbd_conf.o [1]
HAL_PCD_EP_ClrStall     0x08010177   0x10a  Code  Gb  stm32l1xx_hal_pcd.o [1]
HAL_PCD_EP_Open         0x0800f829   0x476  Code  Gb  stm32l1xx_hal_pcd.o [1]
HAL_PCD_EP_Receive      0x0800fc9f   0x1ac  Code  Gb  stm32l1xx_hal_pcd.o [1]
HAL_PCD_EP_SetStall     0x08010099    0xde  Code  Gb  stm32l1xx_hal_pcd.o [1]
HAL_PCD_EP_Transmit     0x0800fe4b   0x24e  Code  Gb  stm32l1xx_hal_pcd.o [1]
HAL_PCD_IRQHandler      0x0800f6b3   0x144  Code  Gb  stm32l1xx_hal_pcd.o [1]
HAL_PCD_ResetCallback   0x080102e7    0x2c  Code  Gb  usbd_conf.o [1]
HAL_PCD_ResumeCallback  0x08010333     0xe  Code  Gb  usbd_conf.o [1]
HAL_PCD_SOFCallback     0x080102d9     0xe  Code  Gb  usbd_conf.o [1]
HAL_PCD_SetAddress      0x0800f7f7    0x32  Code  Gb  stm32l1xx_hal_pcd.o [1]
HAL_PCD_SetupStageCallback
                        0x08010281    0x16  Code  Gb  usbd_conf.o [1]
HAL_PCD_SuspendCallback
                        0x08010313    0x20  Code  Gb  usbd_conf.o [1]
HAL_PWREx_GetVoltageRange
                        0x0800f125     0xa  Code  Gb  stm32l1xx_hal_pwr_ex.o [1]
HAL_RCC_ClockConfig     0x0800c19b   0x2a0  Code  Gb  stm32l1xx_hal_rcc.o [1]
HAL_RCC_GetClockConfig  0x0800c541    0x3a  Code  Gb  stm32l1xx_hal_rcc.o [1]
HAL_RCC_GetHCLKFreq     0x0800c4e5     0x6  Code  Gb  stm32l1xx_hal_rcc.o [1]
HAL_RCC_GetPCLK1Freq    0x0800c4eb    0x20  Code  Gb  stm32l1xx_hal_rcc.o [1]
HAL_RCC_GetPCLK2Freq    0x0800c50b    0x20  Code  Gb  stm32l1xx_hal_rcc.o [1]
HAL_RCC_GetSysClockFreq
                        0x0800c43b    0xaa  Code  Gb  stm32l1xx_hal_rcc.o [1]
HAL_RCC_OscConfig       0x0800b971   0x82a  Code  Gb  stm32l1xx_hal_rcc.o [1]
HAL_SYSTICK_CLKSourceConfig
                        0x080068fb    0x22  Code  Gb  stm32l1xx_hal_cortex.o [1]
HAL_SYSTICK_Config      0x080068ef     0xc  Code  Gb  stm32l1xx_hal_cortex.o [1]
HAL_TIMEx_MasterConfigSynchronization
                        0x0800f0c7    0x5e  Code  Gb  stm32l1xx_hal_tim_ex.o [1]
HAL_TIM_Base_Init       0x0800eced    0x38  Code  Gb  stm32l1xx_hal_tim.o [1]
HAL_TIM_Base_MspInit    0x0800b7ef    0x48  Code  Gb  tim.o [1]
HAL_TIM_Base_Start_IT   0x0800ed25    0x1e  Code  Gb  stm32l1xx_hal_tim.o [1]
HAL_TIM_ConfigClockSource
                        0x0800ee7d   0x122  Code  Gb  stm32l1xx_hal_tim.o [1]
HAL_TIM_IC_CaptureCallback
                        0x0800efa1     0x2  Code  Wk  stm32l1xx_hal_tim.o [1]
HAL_TIM_IRQHandler      0x0800ed43   0x13a  Code  Gb  stm32l1xx_hal_tim.o [1]
HAL_TIM_OC_DelayElapsedCallback
                        0x0800ef9f     0x2  Code  Wk  stm32l1xx_hal_tim.o [1]
HAL_TIM_PWM_PulseFinishedCallback
                        0x0800efa3     0x2  Code  Wk  stm32l1xx_hal_tim.o [1]
HAL_TIM_PeriodElapsedCallback
                        0x0800b837    0x56  Code  Gb  tim.o [1]
HAL_TIM_StartTimer2     0x0800b8fd    0x22  Code  Gb  tim.o [1]
HAL_TIM_StartTimer3     0x0800b91f    0x12  Code  Gb  tim.o [1]
HAL_TIM_TriggerCallback
                        0x0800efa5     0x2  Code  Wk  stm32l1xx_hal_tim.o [1]
HAL_UART_EnableBGM_RX   0x08002563    0x32  Code  Gb  usart.o [1]
HAL_UART_EnableBGM_TXE  0x08002551    0x12  Code  Gb  usart.o [1]
HAL_UART_ErrorCallback  0x0800254f     0x2  Code  Gb  usart.o [1]
HAL_UART_IRQHandler     0x08006ed7   0x11a  Code  Gb  stm32l1xx_hal_uart.o [1]
HAL_UART_Init           0x08006c71    0x72  Code  Gb  stm32l1xx_hal_uart.o [1]
HAL_UART_MspInit        0x080021c7    0xba  Code  Gb  usart.o [1]
HAL_UART_Receive_IT     0x08006e4f    0x88  Code  Gb  stm32l1xx_hal_uart.o [1]
HAL_UART_RxCpltCallback
                        0x0800249f    0xb0  Code  Gb  usart.o [1]
HAL_UART_RxCpltCallback::len
                        0x20003590     0x4  Data  Lc  usart.o [1]
HAL_UART_RxCpltCallback::temp_ptr
                        0x2000358c     0x4  Data  Lc  usart.o [1]
HAL_UART_Transmit       0x08006ce3    0xfc  Code  Gb  stm32l1xx_hal_uart.o [1]
HAL_UART_Transmit_IT    0x08006ddf    0x70  Code  Gb  stm32l1xx_hal_uart.o [1]
HAL_UART_TxCpltCallback
                        0x08002463    0x20  Code  Gb  usart.o [1]
HAL_WWDG_IRQHandler     0x0800b59f    0x2c  Code  Gb  stm32l1xx_hal_wwdg.o [1]
HAL_WWDG_Init           0x0800b4f5    0x4c  Code  Gb  stm32l1xx_hal_wwdg.o [1]
HAL_WWDG_MspInit        0x0800698f    0x26  Code  Gb  wwdg.o [1]
HAL_WWDG_Refresh        0x0800b571    0x2e  Code  Gb  stm32l1xx_hal_wwdg.o [1]
HAL_WWDG_Start_IT       0x0800b541    0x30  Code  Gb  stm32l1xx_hal_wwdg.o [1]
HAL_WWDG_WakeupCallback
                        0x080069e5    0x18  Code  Gb  wwdg.o [1]
HAL_WWDG_WakeupCallback::OnceFlg
                        0x200035ab     0x1  Data  Lc  wwdg.o [1]
HEAP$$Base              0x20001150           --   Gb  - Linker created -
HEAP$$Limit             0x20001150           --   Gb  - Linker created -
HeartBeat_Cnt           0x2000359e     0x2  Data  Lc  app_data.o [1]
I2C1_ER_IRQHandler      0x080110b5     0xa  Code  Gb  stm32l1xx_it.o [1]
I2C1_EV_IRQHandler      0x080110ab     0xa  Code  Gb  stm32l1xx_it.o [1]
I2C_IsAcknowledgeFailed
                        0x0800b333    0x2a  Code  Lc  stm32l1xx_hal_i2c.o [1]
I2C_MasterReceive_BTF   0x0800adb3    0xa6  Code  Lc  stm32l1xx_hal_i2c.o [1]
I2C_MasterReceive_RXNE  0x0800ad37    0x7c  Code  Lc  stm32l1xx_hal_i2c.o [1]
I2C_MasterRequestRead   0x0800aff5   0x106  Code  Lc  stm32l1xx_hal_i2c.o [1]
I2C_MasterRequestWrite  0x0800af5f    0x96  Code  Lc  stm32l1xx_hal_i2c.o [1]
I2C_MasterTransmit_BTF  0x0800acdb    0x5c  Code  Lc  stm32l1xx_hal_i2c.o [1]
I2C_MasterTransmit_TXE  0x0800acaf    0x2c  Code  Lc  stm32l1xx_hal_i2c.o [1]
I2C_SlaveReceive_BTF    0x0800aeb3    0x1e  Code  Lc  stm32l1xx_hal_i2c.o [1]
I2C_SlaveReceive_RXNE   0x0800ae95    0x1e  Code  Lc  stm32l1xx_hal_i2c.o [1]
I2C_SlaveTransmit_BTF   0x0800ae77    0x1e  Code  Lc  stm32l1xx_hal_i2c.o [1]
I2C_SlaveTransmit_TXE   0x0800ae59    0x1e  Code  Lc  stm32l1xx_hal_i2c.o [1]
I2C_Slave_ADDR          0x0800aed1    0x18  Code  Lc  stm32l1xx_hal_i2c.o [1]
I2C_Slave_AF            0x0800af2b    0x34  Code  Lc  stm32l1xx_hal_i2c.o [1]
I2C_Slave_STOPF         0x0800aee9    0x42  Code  Lc  stm32l1xx_hal_i2c.o [1]
I2C_WaitBusyFlag        0x08006611    0x12  Code  Gb  i2c.o [1]
I2C_WaitOnFlagUntilTimeout
                        0x0800b105    0xda  Code  Lc  stm32l1xx_hal_i2c.o [1]
I2C_WaitOnMasterAddressFlagUntilTimeout
                        0x0800b1df    0x9e  Code  Lc  stm32l1xx_hal_i2c.o [1]
I2C_WaitOnRXNEFlagUntilTimeout
                        0x0800b2cf    0x64  Code  Lc  stm32l1xx_hal_i2c.o [1]
I2C_WaitOnTXEFlagUntilTimeout
                        0x0800b27d    0x52  Code  Lc  stm32l1xx_hal_i2c.o [1]
InitSensors             0x080032cd    0x24  Code  Gb  app_data.o [1]
LPS25HB_GetPressure     0x08009d2d    0x2c  Code  Gb  lps25hb.o [1]
LPS25HB_GetTemperature  0x08009d9b    0x2e  Code  Gb  lps25hb.o [1]
LPS25HB_I2C_GetRawTemperature
                        0x08009d59     0xc  Code  Gb  lps25hb.o [1]
LPS25HB_I2C_ReadRawPressure
                        0x08009ce3    0x4a  Code  Lc  lps25hb.o [1]
LPS25HB_I2C_ReadRawTemperature
                        0x08009d65    0x36  Code  Lc  lps25hb.o [1]
LPS25HB_Init            0x08009bd1   0x112  Code  Gb  lps25hb.o [1]
LPS25HB_PowerOn         0x08009dc9    0x48  Code  Lc  lps25hb.o [1]
LoadInt                 0x0800909f    0x70  Code  Lc  xprintffull.o [3]
MX_ADC_Init             0x08008215    0x88  Code  Gb  adc.o [1]
MX_DMA_Init             0x0800c645    0x30  Code  Gb  dma.o [1]
MX_GPIO_Init            0x080060f5   0x13a  Code  Gb  gpio.o [1]
MX_I2C1_Init            0x080062b9    0x62  Code  Gb  i2c.o [1]
MX_I2C1_Reset           0x0800636b    0x50  Code  Gb  i2c.o [1]
MX_TIM2_Init            0x0800b725    0x66  Code  Gb  tim.o [1]
MX_TIM3_Init            0x0800b78b    0x64  Code  Gb  tim.o [1]
MX_USART2_UART_Init     0x08002115    0x58  Code  Gb  usart.o [1]
MX_USART3_UART_Init     0x0800216d    0x5a  Code  Gb  usart.o [1]
MX_WWDG_Init            0x0800695d    0x32  Code  Gb  wwdg.o [1]
ModuleArray             0x0801261c    0x1c  Data  Gb  ErrorCodes.o [1]
NVIC_DisableIRQ         0x080067d5    0x14  Code  Lc  stm32l1xx_hal_cortex.o [1]
NVIC_EnableIRQ          0x080067c1    0x14  Code  Lc  stm32l1xx_hal_cortex.o [1]
NVIC_EncodePriority     0x0800680f    0x3e  Code  Lc  stm32l1xx_hal_cortex.o [1]
NVIC_GetPriorityGrouping
                        0x080067b7     0xa  Code  Lc  stm32l1xx_hal_cortex.o [1]
NVIC_SetPriority        0x080067e9    0x26  Code  Lc  stm32l1xx_hal_cortex.o [1]
NVIC_SetPriorityGrouping
                        0x08006799    0x1e  Code  Lc  stm32l1xx_hal_cortex.o [1]
NVIC_SystemReset        0x0800684d    0x1c  Code  Lc  stm32l1xx_hal_cortex.o [1]
NextBufIdx              0x08002659     0xe  Code  Gb  bgm111.o [1]
PCD_EP_ISR_Handler      0x0800f20d   0x43a  Code  Lc  stm32l1xx_hal_pcd.o [1]
PCD_ReadPMA             0x0800f687    0x2c  Code  Lc  stm32l1xx_hal_pcd.o [1]
PCD_WritePMA            0x0800f647    0x40  Code  Lc  stm32l1xx_hal_pcd.o [1]
PageError               0x20003558     0x4  Data  Gb  Flash.o [1]
PendSV_Handler          0x08010f9d          Code  Gb  portasm.o [1]
Proc_Timer2             0x0800b8a5    0x58  Code  Gb  tim.o [1]
ProcessSensorState      0x080033f5   0x954  Code  Gb  app_data.o [1]
Process_RdSound         0x08003d8d   0x1c8  Code  Gb  app_data.o [1]
RBIsBufFull             0x080080b7    0x1e  Code  Gb  ErrorCodes.o [1]
RBNextBufIdx            0x080080a9     0xe  Code  Gb  ErrorCodes.o [1]
RCC_SetFlashLatencyFromMSIRange
                        0x0800c581    0x90  Code  Lc  stm32l1xx_hal_rcc.o [1]
RdBrdI2C_WaitOnFlagUntilTimeout
                        0x08006623    0xda  Code  Lc  i2c.o [1]
RdBrd_BlinkErrCd        0x08008175    0x4e  Code  Gb  ErrorCodes.o [1]
RdBrd_ErrCdLogErrCd     0x080080d5    0x8e  Code  Gb  ErrorCodes.o [1]
RdSndTickCnt            0x20000040     0x4  Data  Lc  tim.o [1]
Region$$Table$$Base     0x080123c0           --   Gb  - Linker created -
Region$$Table$$Limit    0x080123e8           --   Gb  - Linker created -
Reset_DriverStates      0x08003fed    0x32  Code  Gb  app_data.o [1]
RoadBrdSnd_ClearImgnryBffr
                        0x08002e39    0x14  Code  Gb  Rd_Sound.o [1]
RoadBrdSnd_ClrBffrs     0x0800304b    0x20  Code  Gb  Rd_Sound.o [1]
RoadBrdSnd_DumpBin0     0x08002f41    0x40  Code  Gb  Rd_Sound.o [1]
RoadBrdSnd_DumpBin16    0x08002f81    0x42  Code  Gb  Rd_Sound.o [1]
RoadBrdSnd_DumpBin32    0x08002fc3    0x44  Code  Gb  Rd_Sound.o [1]
RoadBrdSnd_DumpBin48    0x08003007    0x44  Code  Gb  Rd_Sound.o [1]
RoadBrdSnd_ProcessSound
                        0x08002e9d    0xa4  Code  Gb  Rd_Sound.o [1]
RoadBrdSnd_SampleSound  0x08002e51    0x4c  Code  Gb  Rd_Sound.o [1]
RoadBrdSnd_getSaveBffr  0x08002e4d     0x4  Code  Gb  Rd_Sound.o [1]
RoadBrd_ADC_PORT        0x20000000     0xc  Data  Gb  adc.o [1]
RoadBrd_ADC_Start       0x08008409    0x6e  Code  Gb  adc.o [1]
RoadBrd_ADC_Status      0x08008477    0x10  Code  Gb  adc.o [1]
RoadBrd_Baro_ReadPressure
                        0x08003129    0x88  Code  Gb  barometer.o [1]
RoadBrd_Baro_ReadTemp   0x080031b1    0xa6  Code  Gb  barometer.o [1]
RoadBrd_CoolEyeInit     0x08004325    0x6a  Code  Gb  GridEye.o [1]
RoadBrd_CoolEye_ReadValues
                        0x08004391   0x5b8  Code  Gb  GridEye.o [1]
RoadBrd_Delay           0x08006607     0xa  Code  Gb  i2c.o [1]
RoadBrd_Delay2          0x080081c3    0x16  Code  Gb  ErrorCodes.o [1]
RoadBrd_FlashRead       0x0800b705    0x20  Code  Gb  Flash.o [1]
RoadBrd_FlashWrite      0x0800b5cd   0x124  Code  Gb  Flash.o [1]
RoadBrd_FlashWrite::EraseInitStruct
                        0x2000352c     0xc  Data  Lc  Flash.o [1]
RoadBrd_FlashWrite::OptionsBytesStruct
                        0x200034b4    0x1c  Data  Lc  Flash.o [1]
RoadBrd_GetBGPtr        0x08002399     0x6  Code  Gb  usart.o [1]
RoadBrd_GetBffrFlg      0x080023a9     0x6  Code  Gb  usart.o [1]
RoadBrd_Get_RdSndTickCnt
                        0x08006ac9     0x6  Code  Gb  wwdg.o [1]
RoadBrd_Get_SnsrTickCnt
                        0x08006acf     0x6  Code  Gb  wwdg.o [1]
RoadBrd_GridEyeInit     0x0800494d    0xd6  Code  Gb  GridEye.o [1]
RoadBrd_GridEyeReset    0x08004a23    0x96  Code  Gb  GridEye.o [1]
RoadBrd_GridEye_ReadValues
                        0x08004ab9   0x5d0  Code  Gb  GridEye.o [1]
RoadBrd_HumidityInit    0x0800557d    0xa6  Code  Gb  Humidity.o [1]
RoadBrd_Humidity_ReadHumidity
                        0x08005623   0x2f8  Code  Gb  Humidity.o [1]
RoadBrd_Humidity_ReadTemperature
                        0x08005921   0x2f0  Code  Gb  Humidity.o [1]
RoadBrd_I2C_GetError    0x080065b5     0xa  Code  Gb  i2c.o [1]
RoadBrd_I2C_GetState    0x080065bf     0xa  Code  Gb  i2c.o [1]
RoadBrd_I2C_Master_CmdReceive
                        0x080064f3    0x60  Code  Gb  i2c.o [1]
RoadBrd_I2C_Master_Receive
                        0x08006553    0x36  Code  Gb  i2c.o [1]
RoadBrd_I2C_Master_Receive_IT
                        0x08006589    0x2c  Code  Gb  i2c.o [1]
RoadBrd_I2C_Master_Transmit
                        0x080064bd    0x36  Code  Gb  i2c.o [1]
RoadBrd_I2C_Master_Transmit_CMDData
                        0x08006423    0x6e  Code  Gb  i2c.o [1]
RoadBrd_I2C_Master_Transmit_CMDData_IT
                        0x080063bb    0x68  Code  Gb  i2c.o [1]
RoadBrd_I2C_Master_Transmit_IT
                        0x08006491    0x2c  Code  Gb  i2c.o [1]
RoadBrd_Init_Barometer  0x080030d5    0x54  Code  Gb  barometer.o [1]
RoadBrd_Init_VMonitor   0x080050bd    0xb6  Code  Gb  VMonitor.o [1]
RoadBrd_LED_On          0x0800622f    0x1c  Code  Gb  gpio.o [1]
RoadBrd_LED_PIN         0x08012ab0    0x14  Data  Gb  gpio.o [1]
RoadBrd_LED_PORT        0x20000014    0x24  Data  Gb  gpio.o [1]
RoadBrd_LED_Toggle      0x0800624b    0x1a  Code  Gb  gpio.o [1]
RoadBrd_ParseString     0x08000125  0x1db0  Code  Gb  parser.o [1]
RoadBrd_ProcessBGMChar  0x08002bd5   0x1a4  Code  Gb  bgm111.o [1]
RoadBrd_ProcessBGMChar::in_ptr
                        0x200035a3     0x1  Data  Lc  bgm111.o [1]
RoadBrd_ProcessBGMChar::tempBffr2
                        0x20003464    0x28  Data  Lc  bgm111.o [1]
RoadBrd_RGBFullInit     0x08005e01    0x54  Code  Gb  RGBLight.o [1]
RoadBrd_RGBInit         0x08005db1    0x50  Code  Gb  RGBLight.o [1]
RoadBrd_RGBReadID       0x08005e99    0x96  Code  Gb  RGBLight.o [1]
RoadBrd_RGBReadStatus   0x08005f2f    0x96  Code  Gb  RGBLight.o [1]
RoadBrd_RGBReadValues   0x08005fc5   0x120  Code  Gb  RGBLight.o [1]
RoadBrd_RGBReset        0x08005e55    0x44  Code  Gb  RGBLight.o [1]
RoadBrd_ReadTemp        0x08005c45   0x16c  Code  Gb  Temperature.o [1]
RoadBrd_SetBffrFlg      0x0800239f     0xa  Code  Gb  usart.o [1]
RoadBrd_Set_RdSndTickCnt
                        0x08006a75    0x2a  Code  Gb  wwdg.o [1]
RoadBrd_Set_SnsrTickCnt
                        0x08006a9f    0x2a  Code  Gb  wwdg.o [1]
RoadBrd_TestI2C         0x080066fd    0x8a  Code  Gb  i2c.o [1]
RoadBrd_TestandRead_Barometer
                        0x08003281    0x4c  Code  Gb  barometer.o [1]
RoadBrd_UART_Receive_IT
                        0x080023af    0x7a  Code  Gb  usart.o [1]
[...]
SVC_Handler             0x08010fef          Code  Gb  portasm.o [1]
Save_Frames             0x200034e8    0x18  Data  Lc  wwdg.o [1]
SendApp_String          0x08003f65    0x3a  Code  Gb  app_data.o [1]
SetDataReady            0x080033a1     0xa  Code  Gb  app_data.o [1]
Set_DriverStates        0x08004041    0x58  Code  Gb  app_data.o [1]
Set_HeartBeat           0x080041af     0x8  Code  Gb  app_data.o [1]
Set_RdSndTickCnt        0x0800b93b     0x6  Code  Gb  tim.o [1]
Set_SnsrTickCnt         0x0800b941     0x6  Code  Gb  tim.o [1]
Set_TickCounts          0x0800b931     0xa  Code  Gb  tim.o [1]
Sinewave                0x08011128    0x80  Data  Gb  fix_fft.o [1]
SnsrTickCnt             0x2000003c     0x4  Data  Lc  tim.o [1]
SysTick_Config          0x08006869    0x30  Code  Lc  stm32l1xx_hal_cortex.o [1]
SysTick_Handler         0x08011071     0x8  Code  Gb  stm32l1xx_it.o [1]
SystemClock_Config      0x08007a71    0xaa  Code  Gb  main.o [1]
SystemCoreClock         0x20000038     0x4  Data  Gb  system_stm32l1xx.o [1]
SystemInit              0x080111a9    0x4c  Code  Gb  system_stm32l1xx.o [1]
TIM2_IRQHandler         0x080110bf     0xa  Code  Gb  stm32l1xx_it.o [1]
TIM3_IRQHandler         0x080110c9     0xa  Code  Gb  stm32l1xx_it.o [1]
TIM4_IRQHandler         0x0801108d     0xa  Code  Gb  stm32l1xx_it.o [1]
TIM6_IRQHandler         0x080033ab     0xa  Code  Gb  app_data.o [1]
TIM_Base_SetConfig      0x0800efa7    0x70  Code  Lc  stm32l1xx_hal_tim.o [1]
TIM_ETR_SetConfig       0x0800f0ab    0x1c  Code  Lc  stm32l1xx_hal_tim.o [1]
TIM_ITRx_SetConfig      0x0800f093    0x18  Code  Lc  stm32l1xx_hal_tim.o [1]
TIM_TI1_ConfigInputStage
                        0x0800f031    0x30  Code  Lc  stm32l1xx_hal_tim.o [1]
TIM_TI2_ConfigInputStage
                        0x0800f061    0x32  Code  Lc  stm32l1xx_hal_tim.o [1]
Test_Connection         0x08003f9f    0x44  Code  Gb  app_data.o [1]
Test_Timer2             0x0800b895    0x10  Code  Gb  tim.o [1]
Timr2Ready              0x200035a5     0x1  Data  Gb  tim.o [1]
Timr3Ready              0x200035a6     0x1  Data  Gb  tim.o [1]
TmpData                 0x20002710   0x248  Data  Gb  app_data.o [1]
Tst_Bypass              0x08001fa3     0x6  Code  Gb  parser.o [1]
Tst_HeartBeat           0x080041a9     0x6  Code  Gb  app_data.o [1]
UART_EndTransmit_IT     0x0800715b    0x32  Code  Lc  stm32l1xx_hal_uart.o [1]
UART_Receive_IT         0x0800718d    0xc8  Code  Lc  stm32l1xx_hal_uart.o [1]
UART_SetConfig          0x08007255   0x2fe  Code  Lc  stm32l1xx_hal_uart.o [1]
UART_Transmit_IT        0x080070df    0x7c  Code  Lc  stm32l1xx_hal_uart.o [1]
UART_WaitOnFlagUntilTimeout
                        0x08006ff1    0xee  Code  Lc  stm32l1xx_hal_uart.o [1]
USART2_IRQHandler       0x080110a1     0xa  Code  Gb  stm32l1xx_it.o [1]
USART3_IRQHandler       0x08011097     0xa  Code  Gb  stm32l1xx_it.o [1]
USART_ReceiveData       0x08002bcb     0xa  Code  Gb  bgm111.o [1]
USART_SendData          0x08002bbf     0xc  Code  Gb  bgm111.o [1]
USBD_ClrClassConfig     0x0801044b    0x18  Code  Gb  usbd_core.o [1]
USBD_ClrFeature         0x08010c6f    0x3a  Code  Lc  usbd_ctlreq.o [1]
USBD_CtlContinueRx      0x08010d2b    0x1a  Code  Gb  usbd_ioreq.o [1]
USBD_CtlContinueSendData
                        0x08010d11    0x1a  Code  Gb  usbd_ioreq.o [1]
USBD_CtlError           0x08010cd1    0x18  Code  Gb  usbd_ctlreq.o [1]
USBD_CtlReceiveStatus   0x08010d5f    0x1a  Code  Gb  usbd_ioreq.o [1]
USBD_CtlSendData        0x08010ce9    0x28  Code  Gb  usbd_ioreq.o [1]
USBD_CtlSendStatus      0x08010d45    0x1a  Code  Gb  usbd_ioreq.o [1]
USBD_GetConfig          0x08010bc1    0x4c  Code  Lc  usbd_ctlreq.o [1]
USBD_GetDescriptor      0x0801091d   0x164  Code  Lc  usbd_ctlreq.o [1]
USBD_GetStatus          0x08010c0d    0x3c  Code  Lc  usbd_ctlreq.o [1]
USBD_LL_ClearStallEP    0x08010379    0x16  Code  Gb  usbd_conf.o [1]
USBD_LL_DataInStage     0x0801056b    0xe2  Code  Gb  usbd_core.o [1]
USBD_LL_DataOutStage    0x080104db    0x90  Code  Gb  usbd_core.o [1]
USBD_LL_IsStallEP       0x0801038f    0x30  Code  Gb  usbd_conf.o [1]
USBD_LL_OpenEP          0x08010341    0x22  Code  Gb  usbd_conf.o [1]
USBD_LL_PrepareReceive  0x080103f5    0x20  Code  Gb  usbd_conf.o [1]
USBD_LL_Reset           0x0801064d    0x46  Code  Gb  usbd_core.o [1]
USBD_LL_Resume          0x080106af     0xe  Code  Gb  usbd_core.o [1]
USBD_LL_SOF             0x080106bd    0x24  Code  Gb  usbd_core.o [1]
USBD_LL_SetSpeed        0x08010693     0x8  Code  Gb  usbd_core.o [1]
USBD_LL_SetUSBAddress   0x080103bf    0x16  Code  Gb  usbd_conf.o [1]
USBD_LL_SetupStage      0x08010463    0x78  Code  Gb  usbd_core.o [1]
USBD_LL_StallEP         0x08010363    0x16  Code  Gb  usbd_conf.o [1]
USBD_LL_Suspend         0x0801069b    0x14  Code  Gb  usbd_core.o [1]
USBD_LL_Transmit        0x080103d5    0x20  Code  Gb  usbd_conf.o [1]
USBD_ParseSetupRequest  0x08010ca9    0x28  Code  Gb  usbd_ctlreq.o [1]
USBD_RunTestMode        0x08010419     0x6  Code  Gb  usbd_core.o [1]
USBD_SetAddress         0x08010a81    0x60  Code  Lc  usbd_ctlreq.o [1]
USBD_SetClassConfig     0x0801041f    0x2c  Code  Gb  usbd_core.o [1]
USBD_SetConfig          0x08010ae1    0xda  Code  Lc  usbd_ctlreq.o [1]
USBD_SetConfig::cfgidx  0x200035aa     0x1  Data  Lc  usbd_ctlreq.o [1]
USBD_SetFeature         0x08010c49    0x26  Code  Lc  usbd_ctlreq.o [1]
USBD_StdDevReq          0x080106e1    0x7c  Code  Gb  usbd_ctlreq.o [1]
USBD_StdEPReq           0x080107a9   0x174  Code  Gb  usbd_ctlreq.o [1]
USBD_StdItfReq          0x0801075d    0x4c  Code  Gb  usbd_ctlreq.o [1]
USB_LP_IRQHandler       0x08011083     0xa  Code  Gb  stm32l1xx_it.o [1]
Uart2Ready              0x200035a7     0x1  Data  Gb  usart.o [1]
Uart3Ready              0x200035a8     0x1  Data  Gb  usart.o [1]
WWDG_IRQHandler         0x080069fd     0xa  Code  Gb  wwdg.o [1]
_EncodingSb_Mbtowc      0x0800f177    0x30  Code  Gb  xencoding_sb.o [3]
_EncodingSb_Mbtowc::initial
                        0x0800f1b4     0x8  Data  Lc  xencoding_sb.o [3]
_EncodingSb_Wctomb      0x0800f15d    0x1a  Code  Gb  xencoding_sb.o [3]
_EncodingSb_Wctomb::initial
                        0x0800f1ac     0x8  Data  Lc  xencoding_sb.o [3]
_GenldFull              0x08009931   0x254  Code  Lc  xprintffull.o [3]
_IsdstStr               0x200000dc     0x4  Data  Gb  setlocale.o [3]
_LdtobFull              0x08009525   0x406  Code  Lc  xprintffull.o [3]
_LitobFull              0x0800941b   0x10a  Code  Lc  xprintffull.o [3]
_LocaleC_isspace        0x0800f1ed    0x14  Code  Gb  xlocale_c.o [3]
_LocaleC_tolower        0x0800f201     0xc  Code  Gb  xlocale_c.o [3]
_LocaleEncoding         0x0800f149     0xe  Code  Gb  setlocale.o [3]
_LocaleForCat           0x0800f135    0x14  Code  Gb  setlocale.o [3]
_LocaleReturnString     0x200000fc    0x50  Data  Lc  setlocale.o [3]
_Locale_Profile         0x200000e0    0x1c  Data  Gb  setlocale.o [3]
_Locale_aeabi_lconv     0x2000009c    0x38  Data  Gb  localeconv.o [3]
_Locale_lconv           0x2000004c    0x50  Data  Gb  localeconv.o [3]
_Mbtowc                 0x0800dea1    0x20  Code  Gb  xmbtowc.o [3]
_PrintfFull             0x08008a31   0x658  Code  Gb  xprintffull.o [3]
_PutcharsFull           0x08009b85    0x2e  Code  Lc  xprintffull.o [3]
_PutstrFull             0x0800910f   0x306  Code  Lc  xprintffull.o [3]
_SProut                 0x080020c7     0xa  Code  Gb  xsprout.o [3]
_TzoneStr               0x200000d8     0x4  Data  Gb  setlocale.o [3]
_Wctomb                 0x0800dfed    0x1a  Code  Gb  xwctomb.o [3]
__aeabi_cdcmple         0x0800e235          Code  Gb  DblCmpLe.o [4]
__aeabi_cdrcmple        0x0800e265          Code  Gb  DblCmpGe.o [4]
__aeabi_cfrcmple        0x0800a321          Code  Gb  FltCmpGe.o [4]
__aeabi_d2f             0x0800895d          Code  Gb  DblToFlt.o [4]
__aeabi_d2iz            0x08009fbd          Code  Gb  DblToI32.o [4]
__aeabi_d2uiz           0x08009fe9          Code  Gb  DblToI32.o [4]
__aeabi_dadd            0x0800a0cd          Code  Gb  DblAdd.o [4]
__aeabi_ddiv            0x0800e521          Code  Gb  DblDiv.o [4]
__aeabi_dmul            0x08009e19          Code  Gb  DblMul.o [4]
__aeabi_dsub            0x0800e3a1          Code  Gb  DblSub.o [4]
__aeabi_errno_addr      0x0800ea1d     0x6  Code  Gb  errno.o [3]
__aeabi_f2d             0x08006c21          Code  Gb  FltToDbl.o [4]
__aeabi_f2iz            0x080089ed          Code  Gb  FltToS32.o [4]
__aeabi_fadd            0x080087e9          Code  Gb  FltAdd.o [4]
__aeabi_fdiv            0x08006b25          Code  Gb  FltDiv.o [4]
__aeabi_fmul            0x08008711          Code  Gb  FltMul.o [4]
__aeabi_i2d             0x0800a2f1          Code  Gb  I32ToDbl.o [4]
__aeabi_i2f             0x08006af1          Code  Gb  I32ToFlt.o [4]
__aeabi_ldiv0           0x0800f1e9          Code  Gb  I64DivZer.o [5]
__aeabi_ui2d            0x0800a305          Code  Gb  I32ToDbl.o [4]
__aeabi_ui2f            0x08006b05          Code  Gb  I32ToFlt.o [4]
__aeabi_uldivmod        0x0800e101          Code  Gb  I64DivMod.o [5]
__cmain                 0x0801268d          Code  Gb  cmain.o [5]
__data_Aldata           0x20003538     0x8  Data  Gb  xxmemxmalloc.o [3]
__data_GetMemChunk      0x0800f1bd    0x2c  Code  Gb  xgetmemchunk.o [3]
__data_GetMemChunk::start
                        0x20003598     0x4  Data  Lc  xgetmemchunk.o [3]
__exit                  0x080126bd    0x14  Code  Gb  exit.o [6]
__iar_Dint              0x0800e97b    0x7a  Code  Gb  xdint.o [4]
__iar_Dnorm             0x0800e1ef    0x44  Code  Gb  xdnorm.o [4]
__iar_Dscale            0x0800e295   0x10c  Code  Gb  xdscale.o [4]
__iar_Errno             0x200000d4     0x4  Data  Gb  errno.o [3]
__iar_Locale_lconv_init
                        0x0800e779    0x3a  Code  Gb  localeconv.o [3]
__iar_Mbcurmax          0x0800df31     0xa  Code  Gb  xmbcurmax.o [3]
__iar_Memchr            0x0800ded9          Code  Gb  memchr.o [5]
__iar_Memset_word       0x0800e91d          Code  Gb  ABImemset.o [5]
__iar_Stoul             0x0800b4a1     0x4  Code  Gb  xstoul.o [3]
__iar_Stoulx            0x0800b35d   0x13e  Code  Gb  xstoul.o [3]
__iar_Strchr            0x0800dec1          Code  Gb  strchr.o [5]
__iar_ceil              0x0800ebc1          Code  Gb  ceil.o [4]
__iar_ceill             0x0800ebc1          Code  Gb  ceil.o [4]
__iar_d2uiz             0x08009ff5          Code  Gb  DblToI32.o [4]
__iar_dadd              0x0800a0e1          Code  Gb  DblAdd.o [4]
__iar_data_init3        0x0801220d    0x28  Code  Gb  data_init.o [5]
__iar_dlib_perthread_access
                        0x0800f1eb     0x2  Code  Gb  xtls.o [3]
__iar_dsub              0x0800e3b5          Code  Gb  DblSub.o [4]
__iar_dsubStart         0x0800e3c7          Code  Gb  DblSub.o [4]
__iar_edom              0x0800de95          Code  Gb  iarEdom.o [5]
__iar_fadd              0x080087f9          Code  Gb  FltAdd.o [4]
__iar_fsub              0x0800ddbd          Code  Gb  FltSub.o [4]
__iar_fsubStart         0x0800ddcd          Code  Gb  FltSub.o [4]
__iar_modf              0x0800a025          Code  Gb  modf.o [4]
__iar_modfl             0x0800a025          Code  Gb  modf.o [4]
__iar_packbits_init_single3
                        0x08011809    0x38  Code  Gb  packbits_init_single.o [5]
__iar_program_start     0x08012d29          Code  Gb  cstartup_M.o [5]
__iar_sqrt              0x0800886d          Code  Gb  sqrt.o [4]
__iar_ui2d              0x0800a309          Code  Gb  I32ToDbl.o [4]
__iar_ui2f              0x08006b09          Code  Gb  I32ToFlt.o [4]
__iar_unaligned___aeabi_memcpy
                        0x0800e009          Code  Gb  ABImemcpy_unaligned.o [5]
__iar_unaligned___aeabi_memcpy4
                        0x0800e029          Code  Gb  ABImemcpy_unaligned.o [5]
__iar_unaligned___aeabi_memcpy8
                        0x0800e029          Code  Gb  ABImemcpy_unaligned.o [5]
__iar_unaligned_strcmp  0x0800a1b5          Code  Gb  strcmp_unaligned.o [5]
__iar_unaligned_strcpy  0x080020d1          Code  Gb  strcpy_unaligned.o [5]
__iar_unaligned_strncpy
                        0x0800a241          Code  Gb  strncpy_unaligned.o [5]
__iar_zero_init3        0x080115c1    0x40  Code  Gb  zero_init3.o [5]
__low_level_init        0x080126a7     0x4  Code  Gb  low_level_init.o [3]
__vector_table          0x08000000          Data  Gb  startup_stm32l152xe.o [1]
_call_main              0x08012699          Code  Gb  cmain.o [5]
_exit                   0x080126b1          Code  Gb  cexit.o [5]
_gecko_cmd_msg          0x20002fec    0x84  Data  Gb  bgm111.o [1]
_gecko_rsp_msg          0x20003070    0x84  Data  Gb  bgm111.o [1]
_main                   0x080126a3          Code  Gb  cmain.o [5]
aPLLDivisionFactorTable
                        0x08012f04     0x4  Data  Gb  stm32l1xx_hal_rcc.o [1]
aPLLMULFactorTable      0x08012d1c     0xc  Data  Gb  stm32l1xx_hal_rcc.o [1]
adcActive               0x200035a1     0x1  Data  Gb  adc.o [1]
analytics               0x20003540     0x4  Data  Lc  app_data.o [1]
atoi                    0x08006953     0x8  Code  Gb  atoi.o [3]
bffr1Flag               0x200035a9     0x1  Data  Lc  usart.o [1]
bglib_input             0x20003548     0x4  Data  Gb  bgm111.o [1]
bglib_output            0x20003544     0x4  Data  Gb  bgm111.o [1]
bglib_peek              0x2000354c     0x4  Data  Gb  bgm111.o [1]
bgm1data                0x2000348c    0x28  Data  Lc  usart.o [1]
ble                     0x20002dc0   0x1a0  Data  Lc  bgm111.o [1]
blemsgs                 0x200020c8   0x324  Data  Lc  bgm111.o [1]
ceil                    0x0800ebc1          Code  Gb  ceil.o [4]
ceill                   0x0800ebc1          Code  Gb  ceil.o [4]
clrUsartState           0x08002483    0x1c  Code  Gb  usart.o [1]
connection_cnt          0x2000359c     0x2  Data  Lc  app_data.o [1]
data                    0x20002958   0x248  Data  Gb  app_data.o [1]
delay_1ms               0x080081d9     0xe  Code  Gb  ErrorCodes.o [1]
digits                  0x0800b4a4    0x28  Data  Lc  xstoul.o [3]
div                     0x0800e7e5     0xe  Code  Gb  div.o [3]
driver_list             0x20003520     0xc  Data  Lc  app_data.o [1]
errStruct               0x200023ec   0x324  Data  Lc  ErrorCodes.o [1]
exit                    0x080126ab     0x4  Code  Gb  exit.o [3]
fi                      0x20003174    0x80  Data  Lc  Rd_Sound.o [1]
fix_fft                 0x080084d1   0x23a  Code  Gb  fix_fft.o [1]
fr                      0x200030f4    0x80  Data  Lc  Rd_Sound.o [1]
free                    0x0800e081    0x7a  Code  Gb  xxmemxfree.o [3]
fs                      0x200031f4    0x80  Data  Lc  Rd_Sound.o [1]
gecko_cmd_le_gap_set_mode
                        0x080025d1    0x40  Code  Lc  bgm111.o [1]
gecko_cmd_msg           0x2000000c     0x4  Data  Gb  bgm111.o [1]
gecko_get_event         0x08007fd5    0x5e  Code  Gb  gecko_bglib.o [1]
gecko_handle_command    0x08008057    0x30  Code  Gb  gecko_bglib.o [1]
gecko_peek_event        0x08008033     0xa  Code  Gb  gecko_bglib.o [1]
gecko_queue             0x20001150   0xf78  Data  Gb  bgm111.o [1]
gecko_queue_r           0x20003554     0x4  Data  Gb  bgm111.o [1]
gecko_queue_w           0x20003550     0x4  Data  Gb  bgm111.o [1]
gecko_rsp_msg           0x20000010     0x4  Data  Gb  bgm111.o [1]
gecko_wait_message      0x08007ef9    0xdc  Code  Gb  gecko_bglib.o [1]
gecko_wait_response     0x0800803d    0x1a  Code  Gb  gecko_bglib.o [1]
hadc                    0x20003274    0x54  Data  Gb  adc.o [1]
hatoi                   0x08001f4b    0x58  Code  Gb  parser.o [1]
hdma_adc                0x20003384    0x38  Data  Gb  adc.o [1]
hi2c1                   0x20003348    0x3c  Data  Gb  i2c.o [1]
hpcd_USB_FS             0x20002ba0   0x220  Data  Gb  usbd_conf.o [1]
htim2                   0x200033f4    0x38  Data  Gb  tim.o [1]
htim3                   0x2000342c    0x38  Data  Gb  tim.o [1]
htim4                   0x200033bc    0x38  Data  Gb  stm32l1xx_hal_timebase_TIM.o [1]
huart2                  0x200032c8    0x40  Data  Gb  usart.o [1]
huart3                  0x20003308    0x40  Data  Gb  usart.o [1]
hwwdg                   0x20003500    0x14  Data  Gb  wwdg.o [1]
isHexNum                0x08001f01    0x4a  Code  Gb  parser.o [1]
isdigit                 0x08006949     0xa  Code  Gb  isdigit.o [3]
isspace                 0x0800e9f5    0x14  Code  Gb  isxxx.o [3]
ledOffCnt               0x20000044     0x4  Data  Lc  tim.o [1]
localeconv              0x0800e7b3    0x16  Code  Gb  localeconv.o [3]
main                    0x0800755d   0x514  Code  Gb  main.o [1]
malloc                  0x0800df3d    0xac  Code  Gb  xxmemxmalloc.o [3]
memchr                  0x0800ded9          Code  Gb  memchr.o [5]
modf                    0x0800a015          Code  Gb  modf.o [4]
modfl                   0x0800a015          Code  Gb  modf.o [4]
ndigs                   0x0800b4cc    0x28  Data  Lc  xstoul.o [3]
osSystickHandler        0x080110f5    0x10  Code  Gb  cmsis_os.o [1]
pFlash                  0x200034d0    0x18  Data  Gb  stm32l1xx_hal_flash.o [1]
prvResetNextTaskUnblockTime
                        0x08010f2d    0x28  Code  Lc  tasks.o [1]
pxCurrentTCB            0x20003560     0x4  Data  Gb  tasks.o [1]
pxDelayedTaskList       0x20003564     0x4  Data  Lc  tasks.o [1]
pxOverflowDelayedTaskList
                        0x20003568     0x4  Data  Lc  tasks.o [1]
pxReadyTasksLists       0x20002f60    0x8c  Data  Lc  tasks.o [1]
round                   0x0800a2ad    0x44  Code  Gb  round.o [4]
sConfig                 0x20003514     0xc  Data  Gb  adc.o [1]
saveLen                 0x20000048     0x4  Data  Lc  usart.o [1]
sprintf                 0x08003085    0x34  Code  Gb  sprintf.o [3]
sqrt                    0x0800886d          Code  Gb  sqrt.o [4]
sqrtl                   0x0800886d          Code  Gb  sqrt.o [4]
strcat                  0x080030b9    0x1c  Code  Gb  strcat.o [3]
strchr                  0x0800dec1          Code  Gb  strchr.o [5]
strlen                  0x08002091          Code  Gb  strlen.o [5]
strncmp                 0x080081e7    0x2c  Code  Gb  strncmp.o [3]
tolower                 0x0800ea09    0x14  Code  Gb  tolower.o [3]
ubSequenceCompleted     0x200035a0     0x1  Data  Gb  adc.o [1]
ulPortSetInterruptMask  0x08010fdb          Code  Gb  portasm.o [1]
uwTick                  0x2000355c     0x4  Data  Lc  stm32l1xx_hal.o [1]
uxListRemove            0x08011049    0x28  Code  Gb  list.o [1]
uxPendedTicks           0x20003578     0x4  Data  Lc  tasks.o [1]
uxSchedulerSuspended    0x20003588     0x4  Data  Lc  tasks.o [1]
uxTopReadyPriority      0x20003570     0x4  Data  Lc  tasks.o [1]
vListInsertEnd          0x08011031    0x18  Code  Gb  list.o [1]
vPortClearInterruptMask
                        0x08010fe9          Code  Gb  portasm.o [1]
vPortStartFirstTask     0x0801100f          Code  Gb  portasm.o [1]
vTaskSwitchContext      0x08010ead    0x6c  Code  Gb  tasks.o [1]
wwdg_HardFrames         0x08070000    0x18  Data  Gb  wwdg.o [1]
wwdg_Save               0x20003594     0x4  Data  Lc  wwdg.o [1]
xNextTaskUnblockTime    0x20003584     0x4  Data  Lc  tasks.o [1]
xNumOfOverflows         0x20003580     0x4  Data  Lc  tasks.o [1]
xPortSysTickHandler     0x08011105    0x1e  Code  Gb  port.o [1]
xSchedulerRunning       0x20003574     0x4  Data  Lc  tasks.o [1]
xTaskGetSchedulerState  0x08010f55    0x26  Code  Gb  tasks.o [1]
xTaskIncrementTick      0x08010d79   0x134  Code  Gb  tasks.o [1]
xTickCount              0x2000356c     0x4  Data  Lc  tasks.o [1]
xYieldPending           0x2000357c     0x4  Data  Lc  tasks.o [1]


[1] = D:\GoogleDriveCLT\GoogleDrive\WeatherCloud\Roadboard\Software\Road-Board-December-2016N7\EWARM\Road Brd MSTR Rev L Long Always\Obj
[2] = command line
[3] = dl7M_tlf.a
[4] = m7M_tl.a
[5] = rt7M_tl.a
[6] = shb_l.a

  70 484 bytes of readonly  code memory
   7 376 bytes of readonly  data memory
  13 736 bytes of readwrite data memory (+ 24 absolute)

Errors: none
Warnings: none
