###############################################################################
#
# IAR ELF Linker V7.60.2.11341/W32 for ARM                11/Sep/2017  16:47:13
# Copyright 2007-2016 IAR Systems AB.
#
#    Output file  =  
#        D:\GoogleDriveCLT\GoogleDrive\WeatherCloud\Roadboard\Software\Road-Board-December-2016N8\EWARM\Road
#        Brd MSTR Rev L Long Always\Exe\Road Board Rev K NUCLEO V1.1 Jul 12
#        2016.out
#    Map file     =  
#        D:\GoogleDriveCLT\GoogleDrive\WeatherCloud\Roadboard\Software\Road-Board-December-2016N8\EWARM\Road
#        Brd MSTR Rev L Long Always\List\Road Board Rev K NUCLEO V1.1 Jul 12
#        2016.map
#    Command line =  
#        "D:\GoogleDriveCLT\GoogleDrive\WeatherCloud\Roadboard\Software\Road-Board-December-2016N8\EWARM\Road
#        Brd MSTR Rev L Long Always\Obj\adc.o"
#        "D:\GoogleDriveCLT\GoogleDrive\WeatherCloud\Roadboard\Software\Road-Board-December-2016N8\EWARM\Road
#        Brd MSTR Rev L Long Always\Obj\app_data.o"
#        "D:\GoogleDriveCLT\GoogleDrive\WeatherCloud\Roadboard\Software\Road-Board-December-2016N8\EWARM\Road
#        Brd MSTR Rev L Long Always\Obj\barometer.o"
#        "D:\GoogleDriveCLT\GoogleDrive\WeatherCloud\Roadboard\Software\Road-Board-December-2016N8\EWARM\Road
#        Brd MSTR Rev L Long Always\Obj\bgm111.o"
#        "D:\GoogleDriveCLT\GoogleDrive\WeatherCloud\Roadboard\Software\Road-Board-December-2016N8\EWARM\Road
#        Brd MSTR Rev L Long Always\Obj\Calibration.o"
#        "D:\GoogleDriveCLT\GoogleDrive\WeatherCloud\Roadboard\Software\Road-Board-December-2016N8\EWARM\Road
#        Brd MSTR Rev L Long Always\Obj\cmsis_os.o"
#        "D:\GoogleDriveCLT\GoogleDrive\WeatherCloud\Roadboard\Software\Road-Board-December-2016N8\EWARM\Road
#        Brd MSTR Rev L Long Always\Obj\croutine.o"
#        "D:\GoogleDriveCLT\GoogleDrive\WeatherCloud\Roadboard\Software\Road-Board-December-2016N8\EWARM\Road
#        Brd MSTR Rev L Long Always\Obj\dma.o"
#        "D:\GoogleDriveCLT\GoogleDrive\WeatherCloud\Roadboard\Software\Road-Board-December-2016N8\EWARM\Road
#        Brd MSTR Rev L Long Always\Obj\ErrorCodes.o"
#        "D:\GoogleDriveCLT\GoogleDrive\WeatherCloud\Roadboard\Software\Road-Board-December-2016N8\EWARM\Road
#        Brd MSTR Rev L Long Always\Obj\event_groups.o"
#        "D:\GoogleDriveCLT\GoogleDrive\WeatherCloud\Roadboard\Software\Road-Board-December-2016N8\EWARM\Road
#        Brd MSTR Rev L Long Always\Obj\fix_fft.o"
#        "D:\GoogleDriveCLT\GoogleDrive\WeatherCloud\Roadboard\Software\Road-Board-December-2016N8\EWARM\Road
#        Brd MSTR Rev L Long Always\Obj\Flash.o"
#        "D:\GoogleDriveCLT\GoogleDrive\WeatherCloud\Roadboard\Software\Road-Board-December-2016N8\EWARM\Road
#        Brd MSTR Rev L Long Always\Obj\freertos.o"
#        "D:\GoogleDriveCLT\GoogleDrive\WeatherCloud\Roadboard\Software\Road-Board-December-2016N8\EWARM\Road
#        Brd MSTR Rev L Long Always\Obj\gecko_bglib.o"
#        "D:\GoogleDriveCLT\GoogleDrive\WeatherCloud\Roadboard\Software\Road-Board-December-2016N8\EWARM\Road
#        Brd MSTR Rev L Long Always\Obj\gpio.o"
#        "D:\GoogleDriveCLT\GoogleDrive\WeatherCloud\Roadboard\Software\Road-Board-December-2016N8\EWARM\Road
#        Brd MSTR Rev L Long Always\Obj\GridEye.o"
#        "D:\GoogleDriveCLT\GoogleDrive\WeatherCloud\Roadboard\Software\Road-Board-December-2016N8\EWARM\Road
#        Brd MSTR Rev L Long Always\Obj\heap_4.o"
#        "D:\GoogleDriveCLT\GoogleDrive\WeatherCloud\Roadboard\Software\Road-Board-December-2016N8\EWARM\Road
#        Brd MSTR Rev L Long Always\Obj\Humidity.o"
#        "D:\GoogleDriveCLT\GoogleDrive\WeatherCloud\Roadboard\Software\Road-Board-December-2016N8\EWARM\Road
#        Brd MSTR Rev L Long Always\Obj\i2c.o"
#        "D:\GoogleDriveCLT\GoogleDrive\WeatherCloud\Roadboard\Software\Road-Board-December-2016N8\EWARM\Road
#        Brd MSTR Rev L Long Always\Obj\list.o"
#        "D:\GoogleDriveCLT\GoogleDrive\WeatherCloud\Roadboard\Software\Road-Board-December-2016N8\EWARM\Road
#        Brd MSTR Rev L Long Always\Obj\lps25hb.o"
#        "D:\GoogleDriveCLT\GoogleDrive\WeatherCloud\Roadboard\Software\Road-Board-December-2016N8\EWARM\Road
#        Brd MSTR Rev L Long Always\Obj\main.o"
#        "D:\GoogleDriveCLT\GoogleDrive\WeatherCloud\Roadboard\Software\Road-Board-December-2016N8\EWARM\Road
#        Brd MSTR Rev L Long Always\Obj\parser.o"
#        "D:\GoogleDriveCLT\GoogleDrive\WeatherCloud\Roadboard\Software\Road-Board-December-2016N8\EWARM\Road
#        Brd MSTR Rev L Long Always\Obj\port.o"
#        "D:\GoogleDriveCLT\GoogleDrive\WeatherCloud\Roadboard\Software\Road-Board-December-2016N8\EWARM\Road
#        Brd MSTR Rev L Long Always\Obj\portasm.o"
#        "D:\GoogleDriveCLT\GoogleDrive\WeatherCloud\Roadboard\Software\Road-Board-December-2016N8\EWARM\Road
#        Brd MSTR Rev L Long Always\Obj\queue.o"
#        "D:\GoogleDriveCLT\GoogleDrive\WeatherCloud\Roadboard\Software\Road-Board-December-2016N8\EWARM\Road
#        Brd MSTR Rev L Long Always\Obj\Rd_Sound.o"
#        "D:\GoogleDriveCLT\GoogleDrive\WeatherCloud\Roadboard\Software\Road-Board-December-2016N8\EWARM\Road
#        Brd MSTR Rev L Long Always\Obj\RGBLight.o"
#        "D:\GoogleDriveCLT\GoogleDrive\WeatherCloud\Roadboard\Software\Road-Board-December-2016N8\EWARM\Road
#        Brd MSTR Rev L Long Always\Obj\startup_stm32l152xe.o"
#        "D:\GoogleDriveCLT\GoogleDrive\WeatherCloud\Roadboard\Software\Road-Board-December-2016N8\EWARM\Road
#        Brd MSTR Rev L Long Always\Obj\stm32l1xx_hal.o"
#        "D:\GoogleDriveCLT\GoogleDrive\WeatherCloud\Roadboard\Software\Road-Board-December-2016N8\EWARM\Road
#        Brd MSTR Rev L Long Always\Obj\stm32l1xx_hal_adc.o"
#        "D:\GoogleDriveCLT\GoogleDrive\WeatherCloud\Roadboard\Software\Road-Board-December-2016N8\EWARM\Road
#        Brd MSTR Rev L Long Always\Obj\stm32l1xx_hal_adc_ex.o"
#        "D:\GoogleDriveCLT\GoogleDrive\WeatherCloud\Roadboard\Software\Road-Board-December-2016N8\EWARM\Road
#        Brd MSTR Rev L Long Always\Obj\stm32l1xx_hal_cortex.o"
#        "D:\GoogleDriveCLT\GoogleDrive\WeatherCloud\Roadboard\Software\Road-Board-December-2016N8\EWARM\Road
#        Brd MSTR Rev L Long Always\Obj\stm32l1xx_hal_dma.o"
#        "D:\GoogleDriveCLT\GoogleDrive\WeatherCloud\Roadboard\Software\Road-Board-December-2016N8\EWARM\Road
#        Brd MSTR Rev L Long Always\Obj\stm32l1xx_hal_flash.o"
#        "D:\GoogleDriveCLT\GoogleDrive\WeatherCloud\Roadboard\Software\Road-Board-December-2016N8\EWARM\Road
#        Brd MSTR Rev L Long Always\Obj\stm32l1xx_hal_flash_ex.o"
#        "D:\GoogleDriveCLT\GoogleDrive\WeatherCloud\Roadboard\Software\Road-Board-December-2016N8\EWARM\Road
#        Brd MSTR Rev L Long Always\Obj\stm32l1xx_hal_flash_ramfunc.o"
#        "D:\GoogleDriveCLT\GoogleDrive\WeatherCloud\Roadboard\Software\Road-Board-December-2016N8\EWARM\Road
#        Brd MSTR Rev L Long Always\Obj\stm32l1xx_hal_gpio.o"
#        "D:\GoogleDriveCLT\GoogleDrive\WeatherCloud\Roadboard\Software\Road-Board-December-2016N8\EWARM\Road
#        Brd MSTR Rev L Long Always\Obj\stm32l1xx_hal_i2c.o"
#        "D:\GoogleDriveCLT\GoogleDrive\WeatherCloud\Roadboard\Software\Road-Board-December-2016N8\EWARM\Road
#        Brd MSTR Rev L Long Always\Obj\stm32l1xx_hal_msp.o"
#        "D:\GoogleDriveCLT\GoogleDrive\WeatherCloud\Roadboard\Software\Road-Board-December-2016N8\EWARM\Road
#        Brd MSTR Rev L Long Always\Obj\stm32l1xx_hal_pcd.o"
#        "D:\GoogleDriveCLT\GoogleDrive\WeatherCloud\Roadboard\Software\Road-Board-December-2016N8\EWARM\Road
#        Brd MSTR Rev L Long Always\Obj\stm32l1xx_hal_pcd_ex.o"
#        "D:\GoogleDriveCLT\GoogleDrive\WeatherCloud\Roadboard\Software\Road-Board-December-2016N8\EWARM\Road
#        Brd MSTR Rev L Long Always\Obj\stm32l1xx_hal_pwr.o"
#        "D:\GoogleDriveCLT\GoogleDrive\WeatherCloud\Roadboard\Software\Road-Board-December-2016N8\EWARM\Road
#        Brd MSTR Rev L Long Always\Obj\stm32l1xx_hal_pwr_ex.o"
#        "D:\GoogleDriveCLT\GoogleDrive\WeatherCloud\Roadboard\Software\Road-Board-December-2016N8\EWARM\Road
#        Brd MSTR Rev L Long Always\Obj\stm32l1xx_hal_rcc.o"
#        "D:\GoogleDriveCLT\GoogleDrive\WeatherCloud\Roadboard\Software\Road-Board-December-2016N8\EWARM\Road
#        Brd MSTR Rev L Long Always\Obj\stm32l1xx_hal_rcc_ex.o"
#        "D:\GoogleDriveCLT\GoogleDrive\WeatherCloud\Roadboard\Software\Road-Board-December-2016N8\EWARM\Road
#        Brd MSTR Rev L Long Always\Obj\stm32l1xx_hal_tim.o"
#        "D:\GoogleDriveCLT\GoogleDrive\WeatherCloud\Roadboard\Software\Road-Board-December-2016N8\EWARM\Road
#        Brd MSTR Rev L Long Always\Obj\stm32l1xx_hal_tim_ex.o"
#        "D:\GoogleDriveCLT\GoogleDrive\WeatherCloud\Roadboard\Software\Road-Board-December-2016N8\EWARM\Road
#        Brd MSTR Rev L Long Always\Obj\stm32l1xx_hal_timebase_TIM.o"
#        "D:\GoogleDriveCLT\GoogleDrive\WeatherCloud\Roadboard\Software\Road-Board-December-2016N8\EWARM\Road
#        Brd MSTR Rev L Long Always\Obj\stm32l1xx_hal_uart.o"
#        "D:\GoogleDriveCLT\GoogleDrive\WeatherCloud\Roadboard\Software\Road-Board-December-2016N8\EWARM\Road
#        Brd MSTR Rev L Long Always\Obj\stm32l1xx_hal_wwdg.o"
#        "D:\GoogleDriveCLT\GoogleDrive\WeatherCloud\Roadboard\Software\Road-Board-December-2016N8\EWARM\Road
#        Brd MSTR Rev L Long Always\Obj\stm32l1xx_it.o"
#        "D:\GoogleDriveCLT\GoogleDrive\WeatherCloud\Roadboard\Software\Road-Board-December-2016N8\EWARM\Road
#        Brd MSTR Rev L Long Always\Obj\stm32l1xx_nucleo.o"
#        "D:\GoogleDriveCLT\GoogleDrive\WeatherCloud\Roadboard\Software\Road-Board-December-2016N8\EWARM\Road
#        Brd MSTR Rev L Long Always\Obj\system_stm32l1xx.o"
#        "D:\GoogleDriveCLT\GoogleDrive\WeatherCloud\Roadboard\Software\Road-Board-December-2016N8\EWARM\Road
#        Brd MSTR Rev L Long Always\Obj\tasks.o"
#        "D:\GoogleDriveCLT\GoogleDrive\WeatherCloud\Roadboard\Software\Road-Board-December-2016N8\EWARM\Road
#        Brd MSTR Rev L Long Always\Obj\Temperature.o"
#        "D:\GoogleDriveCLT\GoogleDrive\WeatherCloud\Roadboard\Software\Road-Board-December-2016N8\EWARM\Road
#        Brd MSTR Rev L Long Always\Obj\tim.o"
#        "D:\GoogleDriveCLT\GoogleDrive\WeatherCloud\Roadboard\Software\Road-Board-December-2016N8\EWARM\Road
#        Brd MSTR Rev L Long Always\Obj\timers.o"
#        "D:\GoogleDriveCLT\GoogleDrive\WeatherCloud\Roadboard\Software\Road-Board-December-2016N8\EWARM\Road
#        Brd MSTR Rev L Long Always\Obj\usart.o"
#        "D:\GoogleDriveCLT\GoogleDrive\WeatherCloud\Roadboard\Software\Road-Board-December-2016N8\EWARM\Road
#        Brd MSTR Rev L Long Always\Obj\usb_device.o"
#        "D:\GoogleDriveCLT\GoogleDrive\WeatherCloud\Roadboard\Software\Road-Board-December-2016N8\EWARM\Road
#        Brd MSTR Rev L Long Always\Obj\usbd_cdc.o"
#        "D:\GoogleDriveCLT\GoogleDrive\WeatherCloud\Roadboard\Software\Road-Board-December-2016N8\EWARM\Road
#        Brd MSTR Rev L Long Always\Obj\usbd_cdc_if.o"
#        "D:\GoogleDriveCLT\GoogleDrive\WeatherCloud\Roadboard\Software\Road-Board-December-2016N8\EWARM\Road
#        Brd MSTR Rev L Long Always\Obj\usbd_conf.o"
#        "D:\GoogleDriveCLT\GoogleDrive\WeatherCloud\Roadboard\Software\Road-Board-December-2016N8\EWARM\Road
#        Brd MSTR Rev L Long Always\Obj\usbd_core.o"
#        "D:\GoogleDriveCLT\GoogleDrive\WeatherCloud\Roadboard\Software\Road-Board-December-2016N8\EWARM\Road
#        Brd MSTR Rev L Long Always\Obj\usbd_ctlreq.o"
#        "D:\GoogleDriveCLT\GoogleDrive\WeatherCloud\Roadboard\Software\Road-Board-December-2016N8\EWARM\Road
#        Brd MSTR Rev L Long Always\Obj\usbd_desc.o"
#        "D:\GoogleDriveCLT\GoogleDrive\WeatherCloud\Roadboard\Software\Road-Board-December-2016N8\EWARM\Road
#        Brd MSTR Rev L Long Always\Obj\usbd_ioreq.o"
#        "D:\GoogleDriveCLT\GoogleDrive\WeatherCloud\Roadboard\Software\Road-Board-December-2016N8\EWARM\Road
#        Brd MSTR Rev L Long Always\Obj\VMonitor.o"
#        "D:\GoogleDriveCLT\GoogleDrive\WeatherCloud\Roadboard\Software\Road-Board-December-2016N8\EWARM\Road
#        Brd MSTR Rev L Long Always\Obj\wwdg.o" --redirect _Printf=_PrintfFull
#        --redirect _Scanf=_ScanfFull -o
#        "D:\GoogleDriveCLT\GoogleDrive\WeatherCloud\Roadboard\Software\Road-Board-December-2016N8\EWARM\Road
#        Brd MSTR Rev L Long Always\Exe\Road Board Rev K NUCLEO V1.1 Jul 12
#        2016.out" --map
#        "D:\GoogleDriveCLT\GoogleDrive\WeatherCloud\Roadboard\Software\Road-Board-December-2016N8\EWARM\Road
#        Brd MSTR Rev L Long Always\List\Road Board Rev K NUCLEO V1.1 Jul 12
#        2016.map" --config
#        D:\GoogleDriveCLT\GoogleDrive\WeatherCloud\Roadboard\Software\Road-Board-December-2016N8\EWARM/stm32l152xe_flash.icf
#        --semihosting --entry __iar_program_start --vfe
#
###############################################################################

*******************************************************************************
*** RUNTIME MODEL ATTRIBUTES
***

CppFlavor                     = *
__Heap_Handler                = Basic
__SystemLibrary               = DLib
__dlib_dynamic_initialization = normal


*******************************************************************************
*** PLACEMENT SUMMARY
***

"A1":  place at 0x08000000 { ro section .intvec };
"P1":  place in [from 0x08000000 to 0x0807ffff] { ro };
"P2":  place in [from 0x20000000 to 0x20013fff] { rw, block CSTACK, block HEAP };
initialize by copy { rw };

  Section             Kind        Address     Size  Object
  -------             ----        -------     ----  ------
"A1":                                        0x124
  .intvec             ro code  0x08000000    0x124  startup_stm32l152xe.o [1]
                             - 0x08000124    0x124

"P1":                                      0x1979c
  .text               ro code  0x08000124   0x3b58  parser.o [1]
  .text               ro code  0x08003c7c     0x36  strlen.o [5]
  .text               ro code  0x08003cb2     0x1e  xsscin.o [3]
  .text               ro code  0x08003cd0     0x44  strcpy_unaligned.o [5]
  .text               ro code  0x08003d14    0x4bc  usart.o [1]
  .text               ro code  0x080041d0    0xae8  bgm111.o [1]
  .text               ro code  0x08004cb8    0x240  Rd_Sound.o [1]
  .text               ro code  0x08004ef8     0x34  sprintf.o [3]
  .text               ro code  0x08004f2c     0x1c  strcat.o [3]
  .text               ro code  0x08004f48    0x278  barometer.o [1]
  .text               ro code  0x080051c0   0x14ec  app_data.o [1]
  .text               ro code  0x080066ac   0x1aac  GridEye.o [1]
  .text               ro code  0x08008158    0x874  VMonitor.o [1]
  .text               ro code  0x080089cc    0xcbc  Humidity.o [1]
  .text               ro code  0x08009688    0x2b4  Temperature.o [1]
  .text               ro code  0x0800993c    0x328  RGBLight.o [1]
  .text               ro code  0x08009c64    0x1c4  gpio.o [1]
  .text               ro code  0x08009e28    0x4e0  i2c.o [1]
  .text               ro code  0x0800a308     0x24  sscanf.o [3]
  .text               ro code  0x0800a32c     0x4e  FltToDbl.o [4]
  .text               ro code  0x0800a37a     0x2c  strncmp.o [3]
  .text               ro code  0x0800a3a6      0xa  xsprout.o [3]
  .text               ro code  0x0800a3b0    0x140  Calibration.o [1]
  .text               ro code  0x0800a4f0     0x48  stm32l1xx_hal.o [1]
  .text               ro code  0x0800a538    0x1b0  stm32l1xx_hal_cortex.o [1]
  .text               ro code  0x0800a6e8      0xa  isdigit.o [3]
  .text               ro code  0x0800a6f2      0x8  atoi.o [3]
  .text               ro code  0x0800a6fc    0x26c  wwdg.o [1]
  .text               ro code  0x0800a968     0x32  I32ToFlt.o [4]
  .text               ro code  0x0800a99c     0xfc  FltDiv.o [4]
  .text               ro code  0x0800aa98    0x8ec  stm32l1xx_hal_uart.o [1]
  .text               ro code  0x0800b384    0x726  main.o [1]
  .text               ro code  0x0800baac    0x378  stm32l1xx_hal_gpio.o [1]
  .text               ro code  0x0800be24    0x1b0  gecko_bglib.o [1]
  .text               ro code  0x0800bfd4    0x13e  ErrorCodes.o [1]
  .text               ro code  0x0800c114    0x24c  tim.o [1]
  .text               ro code  0x0800c360     0x10  bgm111.o [1]
  .text               ro code  0x0800c370    0x2bc  adc.o [1]
  .text               ro code  0x0800c62c    0x1ac  fix_fft.o [1]
  .text               ro code  0x0800c7d8     0xd8  FltMul.o [4]
  .text               ro code  0x0800c8b0     0x84  FltAdd.o [4]
  .text               ro code  0x0800c934     0xf0  sqrt.o [4]
  .text               ro code  0x0800ca24     0x90  DblToFlt.o [4]
  .text               ro code  0x0800cab4     0x44  FltToS32.o [4]
  .text               ro code  0x0800caf8   0x119e  xprintffull.o [3]
  .text               ro code  0x0800dc98    0x248  lps25hb.o [1]
  .text               ro code  0x0800dee0    0x1a2  DblMul.o [4]
  .text               ro code  0x0800e084     0x58  DblToI32.o [4]
  .text               ro code  0x0800e0dc     0xb8  modf.o [4]
  .text               ro code  0x0800e194     0xe8  DblAdd.o [4]
  .text               ro code  0x0800e27c     0x42  strcmp_unaligned.o [5]
  .text               ro code  0x0800e2c0     0x6c  strncpy_unaligned.o [5]
  .text               ro code  0x0800e32c     0x44  round.o [4]
  .text               ro code  0x0800e370     0x24  FltCmpGe.o [4]
  .text               ro code  0x0800e394     0x30  I32ToDbl.o [4]
  .text               ro code  0x0800e3c4   0x1018  stm32l1xx_hal_i2c.o [1]
  .text               ro code  0x0800f3dc    0xcf0  xscanffull.o [3]
  .text               ro code  0x080100cc    0x158  Flash.o [1]
  .text               ro code  0x08010224     0x90  stm32l1xx_hal_timebase_TIM.o [1]
  .text               ro code  0x080102b4     0x98  stm32l1xx_hal_msp.o [1]
  .text               ro code  0x0801034c    0x198  xstoul.o [3]
  .text               ro code  0x080104e4     0xd6  stm32l1xx_hal_wwdg.o [1]
  .text               ro code  0x080105bc    0xcd4  stm32l1xx_hal_rcc.o [1]
  .text               ro code  0x08011290     0x30  dma.o [1]
  .text               ro code  0x080112c0    0x3da  stm32l1xx_hal_tim.o [1]
  .text               ro code  0x0801169a     0x5e  stm32l1xx_hal_tim_ex.o [1]
  .text               ro code  0x080116f8     0x2e  strstr.o [3]
  .text               ro code  0x08011728    0x82a  stm32l1xx_hal_adc.o [1]
  .text               ro code  0x08011f54    0xefe  stm32l1xx_hal_dma.o [1]
  .text               ro code  0x08012e52     0x1c  fix_fft.o [1]
  .text               ro code  0x08012e70     0xd6  FltSub.o [4]
  .text               ro code  0x08012f48      0xc  iarEdom.o [5]
  .text               ro code  0x08012f54     0x20  xmbtowc.o [3]
  .text               ro code  0x08012f74     0x16  strchr.o [5]
  .text               ro code  0x08012f8c     0x58  memchr.o [5]
  .text               ro code  0x08012fe4      0xa  xmbcurmax.o [3]
  .text               ro code  0x08012ff0     0xb0  xxmemxmalloc.o [3]
  .text               ro code  0x080130a0     0x1a  xwctomb.o [3]
  .text               ro code  0x080130bc     0x76  ABImemcpy_unaligned.o [5]
  .text               ro code  0x08013134     0x80  xxmemxfree.o [3]
  .text               ro code  0x080131b4     0xee  I64DivMod.o [5]
  .text               ro code  0x080132a2     0x44  xdnorm.o [4]
  .text               ro code  0x080132e8     0x2e  DblCmpLe.o [4]
  .text               ro code  0x08013318     0x2e  DblCmpGe.o [4]
  .text               ro code  0x08013348    0x10c  xdscale.o [4]
  .text               ro code  0x08013454    0x180  DblSub.o [4]
  .text               ro code  0x080135d4    0x256  DblDiv.o [4]
  .text               ro code  0x0801382c     0x6c  localeconv.o [3]
  .text               ro code  0x08013898      0xe  div.o [3]
  .text               ro code  0x080138a8     0x5e  ABImemset.o [5]
  .text               ro code  0x08013906     0x7a  xdint.o [4]
  .text               ro code  0x08013980     0x40  xwctob.o [3]
  .text               ro code  0x080139c0     0x28  isxxx.o [3]
  .text               ro code  0x080139e8     0xa6  xstoll.o [3]
  .text               ro code  0x08013a90    0x1b0  xstoull.o [3]
  .text               ro code  0x08013c40    0x14c  xstold.o [4]
  .text               ro code  0x08013d8c    0x198  stm32l1xx_hal_flash.o [1]
  .text               ro code  0x08013f24     0x5e  ceil.o [4]
  .text               ro code  0x08013f84     0xcc  stm32l1xx_hal_flash_ex.o [1]
  .text               ro code  0x08014050     0x14  tolower.o [3]
  .text               ro code  0x08014064      0xc  errno.o [3]
  .text               ro code  0x08014070     0x10  stm32l1xx_hal_pwr_ex.o [1]
  .text               ro code  0x08014080     0x28  setlocale.o [3]
  .text               ro code  0x080140a8     0x60  xencoding_sb.o [3]
  .text               ro code  0x08014108     0x2c  xgetmemchunk.o [3]
  .text               ro code  0x08014134      0x2  I64DivZer.o [5]
  .text               ro code  0x08014136      0x2  xtls.o [3]
  .text               ro code  0x08014138     0x16  xlocale_c.o [3]
  .text               ro code  0x0801414e     0x14  xlocale_c.o [3]
  .text               ro code  0x08014162    0x122  xstopfx.o [3]
  .text               ro code  0x08014284    0x1d0  xstoflt.o [3]
  .text               ro code  0x08014458    0x200  xdtento.o [4]
  .text               ro code  0x08014658    0x234  xstoxflt.o [3]
  .text               ro code  0x0801488c      0xc  xlocale_c.o [3]
  .text               ro code  0x08014898     0x20  DblCmpEq.o [4]
  .text               ro code  0x080148b8     0x52  xdunscal.o [4]
  .text               ro code  0x0801490a   0x1074  stm32l1xx_hal_pcd.o [1]
  .text               ro code  0x08015980    0x198  usbd_conf.o [1]
  .text               ro code  0x08015b18    0x2c8  usbd_core.o [1]
  .text               ro code  0x08015de0    0x608  usbd_ctlreq.o [1]
  .text               ro code  0x080163e8     0x90  usbd_ioreq.o [1]
  .text               ro code  0x08016478    0x224  tasks.o [1]
  CODE                ro code  0x0801669c     0x94  portasm.o [1]
  .text               ro code  0x08016730     0x40  list.o [1]
  .rodata             const    0x08016770     0xc0  fix_fft.o [1]
  .text               ro code  0x08016830     0x84  stm32l1xx_it.o [1]
  .text               ro code  0x080168b4     0x10  cmsis_os.o [1]
  .text               ro code  0x080168c4     0x24  port.o [1]
  .rodata             const    0x080168e8     0x64  Calibration.o [1]
  .text               ro code  0x0801694c     0x64  system_stm32l1xx.o [1]
  .rodata             const    0x080169b0     0x5c  ErrorCodes.o [1]
  .rodata             const    0x08016a0c     0x48  parser.o [1]
  .rodata             const    0x08016a54     0x48  parser.o [1]
  .rodata             const    0x08016a9c     0x44  parser.o [1]
  .rodata             const    0x08016ae0     0x44  parser.o [1]
  .rodata             const    0x08016b24     0x44  parser.o [1]
  .rodata             const    0x08016b68     0x40  main.o [1]
  .rodata             const    0x08016ba8     0x40  main.o [1]
  .rodata             const    0x08016be8     0x40  parser.o [1]
  .rodata             const    0x08016c28     0x40  parser.o [1]
  .rodata             const    0x08016c68     0x40  parser.o [1]
  .rodata             const    0x08016ca8     0x40  parser.o [1]
  .rodata             const    0x08016ce8     0x40  parser.o [1]
  .rodata             const    0x08016d28     0x40  parser.o [1]
  .text               ro code  0x08016d68     0x40  zero_init3.o [5]
  .rodata             const    0x08016da8     0x3c  parser.o [1]
  .rodata             const    0x08016de4     0x3c  parser.o [1]
  .rodata             const    0x08016e20     0x3c  parser.o [1]
  .rodata             const    0x08016e5c     0x3c  parser.o [1]
  .rodata             const    0x08016e98     0x38  parser.o [1]
  .rodata             const    0x08016ed0     0x38  parser.o [1]
  .rodata             const    0x08016f08     0x38  parser.o [1]
  .rodata             const    0x08016f40     0x38  parser.o [1]
  .rodata             const    0x08016f78     0x38  parser.o [1]
  .text               ro code  0x08016fb0     0x38  packbits_init_single.o [5]
  .rodata             const    0x08016fe8     0x34  main.o [1]
  .rodata             const    0x0801701c     0x34  parser.o [1]
  .rodata             const    0x08017050     0x34  parser.o [1]
  .rodata             const    0x08017084     0x34  parser.o [1]
  .rodata             const    0x080170b8     0x34  parser.o [1]
  .rodata             const    0x080170ec     0x30  parser.o [1]
  .rodata             const    0x0801711c     0x30  parser.o [1]
  .rodata             const    0x0801714c     0x30  parser.o [1]
  .rodata             const    0x0801717c     0x30  parser.o [1]
  .rodata             const    0x080171ac     0x30  parser.o [1]
  .rodata             const    0x080171dc     0x30  parser.o [1]
  .rodata             const    0x0801720c     0x30  parser.o [1]
  .rodata             const    0x0801723c     0x30  parser.o [1]
  .rodata             const    0x0801726c     0x2c  parser.o [1]
  .rodata             const    0x08017298     0x2c  parser.o [1]
  .rodata             const    0x080172c4     0x2c  parser.o [1]
  .rodata             const    0x080172f0     0x2c  parser.o [1]
  .rodata             const    0x0801731c     0x2c  parser.o [1]
  .rodata             const    0x08017348     0x2c  parser.o [1]
  .rodata             const    0x08017374     0x2c  parser.o [1]
  .rodata             const    0x080173a0     0x2c  parser.o [1]
  .rodata             const    0x080173cc     0x2c  parser.o [1]
  .rodata             const    0x080173f8     0x2c  parser.o [1]
  .rodata             const    0x08017424     0x2c  parser.o [1]
  .rodata             const    0x08017450     0x2c  parser.o [1]
  .rodata             const    0x0801747c     0x28  main.o [1]
  .rodata             const    0x080174a4     0x28  main.o [1]
  .rodata             const    0x080174cc     0x28  main.o [1]
  .rodata             const    0x080174f4     0x28  parser.o [1]
  .rodata             const    0x0801751c     0x28  parser.o [1]
  .rodata             const    0x08017544     0x28  parser.o [1]
  .rodata             const    0x0801756c     0x28  parser.o [1]
  .rodata             const    0x08017594     0x28  parser.o [1]
  .rodata             const    0x080175bc     0x28  parser.o [1]
  .rodata             const    0x080175e4     0x28  parser.o [1]
  .rodata             const    0x0801760c     0x28  parser.o [1]
  .rodata             const    0x08017634     0x28  parser.o [1]
  .rodata             const    0x0801765c     0x28  parser.o [1]
  .rodata             const    0x08017684     0x28  parser.o [1]
  .rodata             const    0x080176ac     0x28  parser.o [1]
  .rodata             const    0x080176d4     0x28  parser.o [1]
  .rodata             const    0x080176fc     0x28  parser.o [1]
  .rodata             const    0x08017724     0x28  parser.o [1]
  .rodata             const    0x0801774c     0x28  parser.o [1]
  .rodata             const    0x08017774     0x28  parser.o [1]
  .rodata             const    0x0801779c     0x28  parser.o [1]
  .rodata             const    0x080177c4     0x28  parser.o [1]
  .rodata             const    0x080177ec     0x28  parser.o [1]
  .rodata             const    0x08017814     0x28  parser.o [1]
  .rodata             const    0x0801783c     0x28  parser.o [1]
  .rodata             const    0x08017864     0x28  parser.o [1]
  .rodata             const    0x0801788c     0x28  parser.o [1]
  .rodata             const    0x080178b4     0x28  parser.o [1]
  .rodata             const    0x080178dc     0x28  parser.o [1]
  .rodata             const    0x08017904     0x28  parser.o [1]
  .rodata             const    0x0801792c     0x28  parser.o [1]
  .rodata             const    0x08017954     0x28  parser.o [1]
  .rodata             const    0x0801797c     0x28  parser.o [1]
  .rodata             const    0x080179a4     0x28  parser.o [1]
  .rodata             const    0x080179cc     0x28  parser.o [1]
  .rodata             const    0x080179f4     0x28  parser.o [1]
  .rodata             const    0x08017a1c     0x28  parser.o [1]
  .text               ro code  0x08017a44     0x28  data_init.o [5]
  .rodata             const    0x08017a6c     0x24  parser.o [1]
  .rodata             const    0x08017a90     0x24  parser.o [1]
  .rodata             const    0x08017ab4     0x24  parser.o [1]
  .rodata             const    0x08017ad8     0x24  parser.o [1]
  .rodata             const    0x08017afc     0x24  parser.o [1]
  .rodata             const    0x08017b20     0x24  parser.o [1]
  .rodata             const    0x08017b44     0x24  parser.o [1]
  .rodata             const    0x08017b68     0x24  parser.o [1]
  .rodata             const    0x08017b8c     0x24  parser.o [1]
  .rodata             const    0x08017bb0     0x24  parser.o [1]
  .rodata             const    0x08017bd4     0x24  parser.o [1]
  .rodata             const    0x08017bf8     0x24  parser.o [1]
  .rodata             const    0x08017c1c     0x24  parser.o [1]
  .rodata             const    0x08017c40     0x24  parser.o [1]
  .rodata             const    0x08017c64     0x24  parser.o [1]
  .rodata             const    0x08017c88     0x24  parser.o [1]
  .rodata             const    0x08017cac     0x24  parser.o [1]
  .rodata             const    0x08017cd0     0x24  parser.o [1]
  .rodata             const    0x08017cf4     0x24  parser.o [1]
  .rodata             const    0x08017d18     0x24  parser.o [1]
  .rodata             const    0x08017d3c     0x24  parser.o [1]
  .rodata             const    0x08017d60     0x24  parser.o [1]
  .rodata             const    0x08017d84     0x24  parser.o [1]
  .rodata             const    0x08017da8     0x24  parser.o [1]
  .rodata             const    0x08017dcc     0x24  parser.o [1]
  .rodata             const    0x08017df0     0x24  parser.o [1]
  .rodata             const    0x08017e14     0x24  parser.o [1]
  .iar.init_table     const    0x08017e38     0x30  - Linker created -
  .rodata             const    0x08017e68     0x20  app_data.o [1]
  .rodata             const    0x08017e88     0x20  app_data.o [1]
  .rodata             const    0x08017ea8     0x20  app_data.o [1]
  .rodata             const    0x08017ec8     0x20  app_data.o [1]
  .rodata             const    0x08017ee8     0x20  app_data.o [1]
  .rodata             const    0x08017f08     0x20  app_data.o [1]
  .rodata             const    0x08017f28     0x20  app_data.o [1]
  .rodata             const    0x08017f48     0x20  app_data.o [1]
  .rodata             const    0x08017f68     0x20  app_data.o [1]
  .rodata             const    0x08017f88     0x20  app_data.o [1]
  .rodata             const    0x08017fa8     0x20  app_data.o [1]
  .rodata             const    0x08017fc8     0x20  app_data.o [1]
  .rodata             const    0x08017fe8     0x20  app_data.o [1]
  .rodata             const    0x08018008     0x20  app_data.o [1]
  .rodata             const    0x08018028     0x20  app_data.o [1]
  .rodata             const    0x08018048     0x20  app_data.o [1]
  .rodata             const    0x08018068     0x20  app_data.o [1]
  .rodata             const    0x08018088     0x20  app_data.o [1]
  .rodata             const    0x080180a8     0x20  app_data.o [1]
  .rodata             const    0x080180c8     0x20  app_data.o [1]
  .rodata             const    0x080180e8     0x20  app_data.o [1]
  .rodata             const    0x08018108     0x20  app_data.o [1]
  .rodata             const    0x08018128     0x20  app_data.o [1]
  .rodata             const    0x08018148     0x20  app_data.o [1]
  .rodata             const    0x08018168     0x20  app_data.o [1]
  .rodata             const    0x08018188     0x20  app_data.o [1]
  .rodata             const    0x080181a8     0x20  app_data.o [1]
  .rodata             const    0x080181c8     0x20  app_data.o [1]
  .rodata             const    0x080181e8     0x20  app_data.o [1]
  .rodata             const    0x08018208     0x20  bgm111.o [1]
  .rodata             const    0x08018228     0x20  bgm111.o [1]
  .rodata             const    0x08018248     0x20  main.o [1]
  .rodata             const    0x08018268     0x20  main.o [1]
  .rodata             const    0x08018288     0x20  parser.o [1]
  .rodata             const    0x080182a8     0x20  parser.o [1]
  .rodata             const    0x080182c8     0x20  parser.o [1]
  .rodata             const    0x080182e8     0x20  parser.o [1]
  .rodata             const    0x08018308     0x20  parser.o [1]
  .rodata             const    0x08018328     0x20  parser.o [1]
  .rodata             const    0x08018348     0x20  parser.o [1]
  .rodata             const    0x08018368     0x20  parser.o [1]
  .rodata             const    0x08018388     0x20  parser.o [1]
  .rodata             const    0x080183a8     0x20  parser.o [1]
  .rodata             const    0x080183c8     0x20  parser.o [1]
  .rodata             const    0x080183e8     0x20  parser.o [1]
  .rodata             const    0x08018408     0x20  parser.o [1]
  .rodata             const    0x08018428     0x20  parser.o [1]
  .rodata             const    0x08018448     0x20  parser.o [1]
  .rodata             const    0x08018468     0x20  parser.o [1]
  .rodata             const    0x08018488     0x20  parser.o [1]
  .rodata             const    0x080184a8     0x20  parser.o [1]
  .rodata             const    0x080184c8     0x20  parser.o [1]
  .rodata             const    0x080184e8     0x20  parser.o [1]
  .rodata             const    0x08018508     0x20  parser.o [1]
  .rodata             const    0x08018528     0x20  parser.o [1]
  .rodata             const    0x08018548     0x20  parser.o [1]
  .rodata             const    0x08018568     0x20  parser.o [1]
  .rodata             const    0x08018588     0x20  parser.o [1]
  .rodata             const    0x080185a8     0x20  parser.o [1]
  .rodata             const    0x080185c8     0x20  parser.o [1]
  .rodata             const    0x080185e8     0x20  parser.o [1]
  .rodata             const    0x08018608     0x20  parser.o [1]
  .rodata             const    0x08018628     0x20  parser.o [1]
  .rodata             const    0x08018648     0x20  parser.o [1]
  .rodata             const    0x08018668     0x20  parser.o [1]
  .rodata             const    0x08018688     0x20  parser.o [1]
  .rodata             const    0x080186a8     0x20  parser.o [1]
  .rodata             const    0x080186c8     0x1c  app_data.o [1]
  .rodata             const    0x080186e4     0x1c  bgm111.o [1]
  .rodata             const    0x08018700     0x1c  bgm111.o [1]
  .rodata             const    0x0801871c     0x1c  bgm111.o [1]
  .rodata             const    0x08018738     0x1c  bgm111.o [1]
  .rodata             const    0x08018754     0x1c  bgm111.o [1]
  .rodata             const    0x08018770     0x1c  bgm111.o [1]
  .rodata             const    0x0801878c     0x1c  bgm111.o [1]
  .rodata             const    0x080187a8     0x1c  ErrorCodes.o [1]
  .rodata             const    0x080187c4     0x1c  main.o [1]
  .rodata             const    0x080187e0     0x1c  parser.o [1]
  .rodata             const    0x080187fc     0x1c  parser.o [1]
  .rodata             const    0x08018818     0x1c  parser.o [1]
  .rodata             const    0x08018834     0x1c  parser.o [1]
  .rodata             const    0x08018850     0x1c  parser.o [1]
  .rodata             const    0x0801886c     0x1c  parser.o [1]
  .rodata             const    0x08018888     0x1c  parser.o [1]
  .rodata             const    0x080188a4     0x1c  parser.o [1]
  .rodata             const    0x080188c0     0x1c  parser.o [1]
  .rodata             const    0x080188dc     0x1c  parser.o [1]
  .rodata             const    0x080188f8     0x1c  parser.o [1]
  .rodata             const    0x08018914     0x1c  parser.o [1]
  .text               ro code  0x08018930     0x1a  cmain.o [5]
  .text               ro code  0x0801894a      0x4  low_level_init.o [3]
  .text               ro code  0x0801894e      0x4  exit.o [3]
  .text               ro code  0x08018954      0xa  cexit.o [5]
  .text               ro code  0x08018960     0x14  exit.o [6]
  .rodata             const    0x08018974     0x18  app_data.o [1]
  .rodata             const    0x0801898c     0x18  bgm111.o [1]
  .rodata             const    0x080189a4     0x18  bgm111.o [1]
  .rodata             const    0x080189bc     0x18  parser.o [1]
  .rodata             const    0x080189d4     0x18  parser.o [1]
  .rodata             const    0x080189ec     0x18  parser.o [1]
  .rodata             const    0x08018a04     0x18  parser.o [1]
  .rodata             const    0x08018a1c     0x18  parser.o [1]
  .rodata             const    0x08018a34     0x18  parser.o [1]
  .rodata             const    0x08018a4c     0x18  parser.o [1]
  .rodata             const    0x08018a64     0x18  parser.o [1]
  .rodata             const    0x08018a7c     0x18  parser.o [1]
  .rodata             const    0x08018a94     0x18  parser.o [1]
  .rodata             const    0x08018aac     0x18  parser.o [1]
  .rodata             const    0x08018ac4     0x18  parser.o [1]
  .rodata             const    0x08018adc     0x18  parser.o [1]
  .rodata             const    0x08018af4     0x18  parser.o [1]
  .rodata             const    0x08018b0c     0x18  parser.o [1]
  .rodata             const    0x08018b24     0x18  parser.o [1]
  .rodata             const    0x08018b3c     0x18  parser.o [1]
  .rodata             const    0x08018b54     0x18  parser.o [1]
  .rodata             const    0x08018b6c     0x18  parser.o [1]
  .rodata             const    0x08018b84     0x18  parser.o [1]
  .rodata             const    0x08018b9c     0x18  parser.o [1]
  .rodata             const    0x08018bb4     0x18  parser.o [1]
  .rodata             const    0x08018bcc     0x18  parser.o [1]
  .rodata             const    0x08018be4     0x18  parser.o [1]
  .rodata             const    0x08018bfc     0x18  parser.o [1]
  .rodata             const    0x08018c14     0x18  parser.o [1]
  .rodata             const    0x08018c2c     0x18  parser.o [1]
  .rodata             const    0x08018c44     0x18  parser.o [1]
  .rodata             const    0x08018c5c     0x18  parser.o [1]
  .rodata             const    0x08018c74     0x18  parser.o [1]
  .rodata             const    0x08018c8c     0x18  parser.o [1]
  .rodata             const    0x08018ca4     0x18  parser.o [1]
  .rodata             const    0x08018cbc     0x18  parser.o [1]
  .rodata             const    0x08018cd4     0x18  parser.o [1]
  .rodata             const    0x08018cec     0x18  parser.o [1]
  .rodata             const    0x08018d04     0x18  parser.o [1]
  .rodata             const    0x08018d1c     0x18  parser.o [1]
  .rodata             const    0x08018d34     0x18  parser.o [1]
  .rodata             const    0x08018d4c     0x18  parser.o [1]
  .rodata             const    0x08018d64     0x18  parser.o [1]
  .rodata             const    0x08018d7c     0x18  parser.o [1]
  .rodata             const    0x08018d94     0x18  parser.o [1]
  .rodata             const    0x08018dac     0x18  parser.o [1]
  .rodata             const    0x08018dc4     0x18  parser.o [1]
  .rodata             const    0x08018ddc     0x18  parser.o [1]
  .rodata             const    0x08018df4     0x18  parser.o [1]
  .rodata             const    0x08018e0c     0x18  parser.o [1]
  .rodata             const    0x08018e24     0x18  parser.o [1]
  .rodata             const    0x08018e3c     0x18  parser.o [1]
  .rodata             const    0x08018e54     0x18  parser.o [1]
  .rodata             const    0x08018e6c     0x14  app_data.o [1]
  .rodata             const    0x08018e80     0x14  app_data.o [1]
  .rodata             const    0x08018e94     0x14  app_data.o [1]
  .rodata             const    0x08018ea8     0x14  app_data.o [1]
  .rodata             const    0x08018ebc     0x14  app_data.o [1]
  .rodata             const    0x08018ed0     0x14  app_data.o [1]
  .rodata             const    0x08018ee4     0x14  app_data.o [1]
  .rodata             const    0x08018ef8     0x14  app_data.o [1]
  .rodata             const    0x08018f0c     0x14  app_data.o [1]
  .rodata             const    0x08018f20     0x14  app_data.o [1]
  .rodata             const    0x08018f34     0x14  app_data.o [1]
  .rodata             const    0x08018f48     0x14  app_data.o [1]
  .rodata             const    0x08018f5c     0x14  app_data.o [1]
  .rodata             const    0x08018f70     0x14  app_data.o [1]
  .rodata             const    0x08018f84     0x14  app_data.o [1]
  .rodata             const    0x08018f98     0x14  app_data.o [1]
  .rodata             const    0x08018fac     0x14  app_data.o [1]
  .rodata             const    0x08018fc0     0x14  app_data.o [1]
  .rodata             const    0x08018fd4     0x14  app_data.o [1]
  .rodata             const    0x08018fe8     0x14  app_data.o [1]
  .rodata             const    0x08018ffc     0x14  app_data.o [1]
  .rodata             const    0x08019010     0x14  app_data.o [1]
  .rodata             const    0x08019024     0x14  app_data.o [1]
  .rodata             const    0x08019038     0x14  app_data.o [1]
  .rodata             const    0x0801904c     0x14  app_data.o [1]
  .rodata             const    0x08019060     0x14  app_data.o [1]
  .rodata             const    0x08019074     0x14  app_data.o [1]
  .rodata             const    0x08019088     0x14  app_data.o [1]
  .rodata             const    0x0801909c     0x14  bgm111.o [1]
  .rodata             const    0x080190b0     0x14  bgm111.o [1]
  .rodata             const    0x080190c4     0x14  bgm111.o [1]
  .rodata             const    0x080190d8     0x14  bgm111.o [1]
  .rodata             const    0x080190ec     0x14  bgm111.o [1]
  .rodata             const    0x08019100     0x14  Calibration.o [1]
  .rodata             const    0x08019114     0x14  ErrorCodes.o [1]
  .rodata             const    0x08019128     0x14  gpio.o [1]
  .rodata             const    0x0801913c     0x14  main.o [1]
  .rodata             const    0x08019150     0x14  parser.o [1]
  .rodata             const    0x08019164     0x14  parser.o [1]
  .rodata             const    0x08019178     0x14  parser.o [1]
  .rodata             const    0x0801918c     0x14  parser.o [1]
  .rodata             const    0x080191a0     0x14  parser.o [1]
  .rodata             const    0x080191b4     0x14  parser.o [1]
  .rodata             const    0x080191c8     0x14  parser.o [1]
  .rodata             const    0x080191dc     0x14  parser.o [1]
  .rodata             const    0x080191f0     0x14  parser.o [1]
  .rodata             const    0x08019204     0x14  parser.o [1]
  .rodata             const    0x08019218     0x14  parser.o [1]
  .rodata             const    0x0801922c     0x14  parser.o [1]
  .rodata             const    0x08019240     0x14  parser.o [1]
  .rodata             const    0x08019254     0x14  parser.o [1]
  .rodata             const    0x08019268     0x10  app_data.o [1]
  .rodata             const    0x08019278     0x10  app_data.o [1]
  .rodata             const    0x08019288     0x10  bgm111.o [1]
  .rodata             const    0x08019298     0x10  bgm111.o [1]
  .rodata             const    0x080192a8     0x10  bgm111.o [1]
  .rodata             const    0x080192b8     0x10  bgm111.o [1]
  .rodata             const    0x080192c8     0x10  bgm111.o [1]
  .rodata             const    0x080192d8     0x10  main.o [1]
  .rodata             const    0x080192e8     0x10  parser.o [1]
  .rodata             const    0x080192f8     0x10  parser.o [1]
  .rodata             const    0x08019308     0x10  parser.o [1]
  .rodata             const    0x08019318     0x10  parser.o [1]
  .rodata             const    0x08019328     0x10  parser.o [1]
  .rodata             const    0x08019338     0x10  system_stm32l1xx.o [1]
  .text               ro code  0x08019348     0x10  startup_stm32l152xe.o [1]
  .rodata             const    0x08019358      0xc  app_data.o [1]
  .rodata             const    0x08019364      0xc  bgm111.o [1]
  .rodata             const    0x08019370      0xc  bgm111.o [1]
  .rodata             const    0x0801937c      0xc  bgm111.o [1]
  .rodata             const    0x08019388      0xc  bgm111.o [1]
  .rodata             const    0x08019394      0xc  bgm111.o [1]
  .rodata             const    0x080193a0      0xc  Calibration.o [1]
  .rodata             const    0x080193ac      0xc  Calibration.o [1]
  .rodata             const    0x080193b8      0xc  Calibration.o [1]
  .rodata             const    0x080193c4      0xc  Calibration.o [1]
  .rodata             const    0x080193d0      0xc  Calibration.o [1]
  .rodata             const    0x080193dc      0xc  Calibration.o [1]
  .rodata             const    0x080193e8      0xc  Calibration.o [1]
  .rodata             const    0x080193f4      0xc  Calibration.o [1]
  .rodata             const    0x08019400      0xc  Calibration.o [1]
  .rodata             const    0x0801940c      0xc  Calibration.o [1]
  .rodata             const    0x08019418      0xc  Calibration.o [1]
  .rodata             const    0x08019424      0xc  Calibration.o [1]
  .rodata             const    0x08019430      0xc  Calibration.o [1]
  .rodata             const    0x0801943c      0xc  Calibration.o [1]
  .rodata             const    0x08019448      0xc  Calibration.o [1]
  .rodata             const    0x08019454      0xc  Calibration.o [1]
  .rodata             const    0x08019460      0xc  Calibration.o [1]
  .rodata             const    0x0801946c      0xc  Calibration.o [1]
  .rodata             const    0x08019478      0xc  Calibration.o [1]
  .rodata             const    0x08019484      0xc  parser.o [1]
  .rodata             const    0x08019490      0xc  parser.o [1]
  .rodata             const    0x0801949c      0xc  parser.o [1]
  .rodata             const    0x080194a8      0xc  parser.o [1]
  .rodata             const    0x080194b4      0xc  parser.o [1]
  .rodata             const    0x080194c0      0xc  parser.o [1]
  .rodata             const    0x080194cc      0xc  parser.o [1]
  .rodata             const    0x080194d8      0xc  parser.o [1]
  .rodata             const    0x080194e4      0xc  stm32l1xx_hal_rcc.o [1]
  .rodata             const    0x080194f0      0xc  wwdg.o [1]
  .text               ro code  0x080194fc      0xc  cstartup_M.o [5]
  .rodata             const    0x08019508      0x8  app_data.o [1]
  .rodata             const    0x08019510      0x8  app_data.o [1]
  .rodata             const    0x08019518      0x8  app_data.o [1]
  .rodata             const    0x08019520      0x8  app_data.o [1]
  .rodata             const    0x08019528      0x8  app_data.o [1]
  .rodata             const    0x08019530      0x8  app_data.o [1]
  .rodata             const    0x08019538      0x8  barometer.o [1]
  .rodata             const    0x08019540      0x8  barometer.o [1]
  .rodata             const    0x08019548      0x8  barometer.o [1]
  .rodata             const    0x08019550      0x8  barometer.o [1]
  .rodata             const    0x08019558      0x8  bgm111.o [1]
  .rodata             const    0x08019560      0x8  bgm111.o [1]
  .rodata             const    0x08019568      0x8  bgm111.o [1]
  .rodata             const    0x08019570      0x8  bgm111.o [1]
  .rodata             const    0x08019578      0x8  bgm111.o [1]
  .rodata             const    0x08019580      0x8  bgm111.o [1]
  .rodata             const    0x08019588      0x8  Calibration.o [1]
  .rodata             const    0x08019590      0x8  Calibration.o [1]
  .rodata             const    0x08019598      0x8  Calibration.o [1]
  .rodata             const    0x080195a0      0x8  Calibration.o [1]
  .rodata             const    0x080195a8      0x8  ErrorCodes.o [1]
  .rodata             const    0x080195b0      0x8  ErrorCodes.o [1]
  .rodata             const    0x080195b8      0x8  ErrorCodes.o [1]
  .rodata             const    0x080195c0      0x8  ErrorCodes.o [1]
  .rodata             const    0x080195c8      0x8  ErrorCodes.o [1]
  .rodata             const    0x080195d0      0x8  ErrorCodes.o [1]
  .rodata             const    0x080195d8      0x8  ErrorCodes.o [1]
  .rodata             const    0x080195e0      0x8  ErrorCodes.o [1]
  .rodata             const    0x080195e8      0x8  ErrorCodes.o [1]
  .rodata             const    0x080195f0      0x8  ErrorCodes.o [1]
  .rodata             const    0x080195f8      0x8  ErrorCodes.o [1]
  .rodata             const    0x08019600      0x8  ErrorCodes.o [1]
  .rodata             const    0x08019608      0x8  ErrorCodes.o [1]
  .rodata             const    0x08019610      0x8  ErrorCodes.o [1]
  .rodata             const    0x08019618      0x8  ErrorCodes.o [1]
  .rodata             const    0x08019620      0x8  ErrorCodes.o [1]
  .rodata             const    0x08019628      0x8  ErrorCodes.o [1]
  .rodata             const    0x08019630      0x8  ErrorCodes.o [1]
  .rodata             const    0x08019638      0x8  ErrorCodes.o [1]
  .rodata             const    0x08019640      0x8  ErrorCodes.o [1]
  .rodata             const    0x08019648      0x8  ErrorCodes.o [1]
  .rodata             const    0x08019650      0x8  ErrorCodes.o [1]
  .rodata             const    0x08019658      0x8  ErrorCodes.o [1]
  .rodata             const    0x08019660      0x8  GridEye.o [1]
  .rodata             const    0x08019668      0x8  GridEye.o [1]
  .rodata             const    0x08019670      0x8  Humidity.o [1]
  .rodata             const    0x08019678      0x8  Humidity.o [1]
  .rodata             const    0x08019680      0x8  Humidity.o [1]
  .rodata             const    0x08019688      0x8  main.o [1]
  .rodata             const    0x08019690      0x8  main.o [1]
  .rodata             const    0x08019698      0x8  parser.o [1]
  .rodata             const    0x080196a0      0x8  parser.o [1]
  .rodata             const    0x080196a8      0x8  parser.o [1]
  .rodata             const    0x080196b0      0x8  parser.o [1]
  .rodata             const    0x080196b8      0x8  parser.o [1]
  .rodata             const    0x080196c0      0x8  parser.o [1]
  .rodata             const    0x080196c8      0x8  parser.o [1]
  .rodata             const    0x080196d0      0x8  parser.o [1]
  .rodata             const    0x080196d8      0x8  parser.o [1]
  .rodata             const    0x080196e0      0x8  parser.o [1]
  .rodata             const    0x080196e8      0x8  parser.o [1]
  .rodata             const    0x080196f0      0x8  parser.o [1]
  .rodata             const    0x080196f8      0x8  parser.o [1]
  .rodata             const    0x08019700      0x8  parser.o [1]
  .rodata             const    0x08019708      0x8  parser.o [1]
  .rodata             const    0x08019710      0x8  parser.o [1]
  .rodata             const    0x08019718      0x8  parser.o [1]
  .rodata             const    0x08019720      0x8  parser.o [1]
  .rodata             const    0x08019728      0x8  parser.o [1]
  .rodata             const    0x08019730      0x8  parser.o [1]
  .rodata             const    0x08019738      0x8  parser.o [1]
  .rodata             const    0x08019740      0x8  parser.o [1]
  .rodata             const    0x08019748      0x8  parser.o [1]
  .rodata             const    0x08019750      0x8  parser.o [1]
  .rodata             const    0x08019758      0x8  parser.o [1]
  .rodata             const    0x08019760      0x8  Rd_Sound.o [1]
  .rodata             const    0x08019768      0x8  RGBLight.o [1]
  .rodata             const    0x08019770      0x8  system_stm32l1xx.o [1]
  .rodata             const    0x08019778      0x8  Temperature.o [1]
  .rodata             const    0x08019780      0x8  Temperature.o [1]
  .rodata             const    0x08019788      0x8  VMonitor.o [1]
  .rodata             const    0x08019790      0x8  VMonitor.o [1]
  .rodata             const    0x08019798      0x8  VMonitor.o [1]
  .rodata             const    0x080197a0      0x4  stm32l1xx_hal_rcc.o [1]
  .text               ro code  0x080197a4      0x4  startup_stm32l152xe.o [1]
  .text               ro code  0x080197a8      0x4  startup_stm32l152xe.o [1]
  .text               ro code  0x080197ac      0x4  startup_stm32l152xe.o [1]
  .text               ro code  0x080197b0      0x4  startup_stm32l152xe.o [1]
  .text               ro code  0x080197b4      0x4  startup_stm32l152xe.o [1]
  .text               ro code  0x080197b8      0x4  startup_stm32l152xe.o [1]
  .text               ro code  0x080197bc      0x4  startup_stm32l152xe.o [1]
  .text               ro code  0x080197c0      0x4  startup_stm32l152xe.o [1]
  .text               ro code  0x080197c4      0x4  startup_stm32l152xe.o [1]
  .text               ro code  0x080197c8      0x4  startup_stm32l152xe.o [1]
  .text               ro code  0x080197cc      0x4  startup_stm32l152xe.o [1]
  .text               ro code  0x080197d0      0x4  startup_stm32l152xe.o [1]
  .text               ro code  0x080197d4      0x4  startup_stm32l152xe.o [1]
  .text               ro code  0x080197d8      0x4  startup_stm32l152xe.o [1]
  .text               ro code  0x080197dc      0x4  startup_stm32l152xe.o [1]
  .text               ro code  0x080197e0      0x4  startup_stm32l152xe.o [1]
  .text               ro code  0x080197e4      0x4  startup_stm32l152xe.o [1]
  .text               ro code  0x080197e8      0x4  startup_stm32l152xe.o [1]
  .text               ro code  0x080197ec      0x4  startup_stm32l152xe.o [1]
  .text               ro code  0x080197f0      0x4  startup_stm32l152xe.o [1]
  .text               ro code  0x080197f4      0x4  startup_stm32l152xe.o [1]
  .text               ro code  0x080197f8      0x4  startup_stm32l152xe.o [1]
  .text               ro code  0x080197fc      0x4  startup_stm32l152xe.o [1]
  .text               ro code  0x08019800      0x4  startup_stm32l152xe.o [1]
  .text               ro code  0x08019804      0x4  startup_stm32l152xe.o [1]
  .text               ro code  0x08019808      0x4  startup_stm32l152xe.o [1]
  .text               ro code  0x0801980c      0x4  startup_stm32l152xe.o [1]
  .text               ro code  0x08019810      0x4  startup_stm32l152xe.o [1]
  .text               ro code  0x08019814      0x4  startup_stm32l152xe.o [1]
  .text               ro code  0x08019818      0x4  startup_stm32l152xe.o [1]
  .text               ro code  0x0801981c      0x4  startup_stm32l152xe.o [1]
  .text               ro code  0x08019820      0x4  startup_stm32l152xe.o [1]
  .text               ro code  0x08019824      0x4  startup_stm32l152xe.o [1]
  .text               ro code  0x08019828      0x4  startup_stm32l152xe.o [1]
  .text               ro code  0x0801982c      0x4  startup_stm32l152xe.o [1]
  .text               ro code  0x08019830      0x4  startup_stm32l152xe.o [1]
  .text               ro code  0x08019834      0x4  startup_stm32l152xe.o [1]
  .text               ro code  0x08019838      0x4  startup_stm32l152xe.o [1]
  .text               ro code  0x0801983c      0x4  startup_stm32l152xe.o [1]
  .text               ro code  0x08019840      0x4  startup_stm32l152xe.o [1]
  .text               ro code  0x08019844      0x4  startup_stm32l152xe.o [1]
  .text               ro code  0x08019848      0x4  startup_stm32l152xe.o [1]
  .text               ro code  0x0801984c      0x4  startup_stm32l152xe.o [1]
  .text               ro code  0x08019850      0x4  startup_stm32l152xe.o [1]
  .text               ro code  0x08019854      0x4  startup_stm32l152xe.o [1]
  .text               ro code  0x08019858      0x4  startup_stm32l152xe.o [1]
  .text               ro code  0x0801985c      0x4  startup_stm32l152xe.o [1]
  .text               ro code  0x08019860      0x4  startup_stm32l152xe.o [1]
  .text               ro code  0x08019864      0x4  startup_stm32l152xe.o [1]
  .text               ro code  0x08019868      0x4  startup_stm32l152xe.o [1]
  .rodata             const    0x0801986c      0x0  zero_init3.o [5]
  .rodata             const    0x0801986c      0x0  packbits_init_single.o [5]
  Initializer bytes   const    0x0801986c     0x54  <for P2-1>
                             - 0x080198c0  0x1979c

Absolute sections, part 1 of 2:               0x24
  .bss                zero     0x08070000     0x24  wwdg.o [1]
                             - 0x08070024     0x24

Absolute sections, part 2 of 2:               0xc8
  .bss                zero     0x08070100     0xc8  Calibration.o [1]
                             - 0x080701c8     0xc8

"P2", part 1 of 3:                           0x14c
  P2-1                         0x20000000    0x14c  <Init block>
    .data             inited   0x20000000      0xc  adc.o [1]
    .data             inited   0x2000000c      0x4  bgm111.o [1]
    .data             inited   0x20000010      0x4  bgm111.o [1]
    .data             inited   0x20000014     0x24  gpio.o [1]
    .data             inited   0x20000038      0x4  system_stm32l1xx.o [1]
    .data             inited   0x2000003c      0x4  tim.o [1]
    .data             inited   0x20000040      0x4  tim.o [1]
    .data             inited   0x20000044      0x4  tim.o [1]
    .data             inited   0x20000048      0x4  usart.o [1]
    __DLIB_PERTHREAD  inited   0x2000004c     0x88  localeconv.o [3]
    __DLIB_PERTHREAD  inited   0x200000d4      0x4  errno.o [3]
    __DLIB_PERTHREAD  inited   0x200000d8     0x74  setlocale.o [3]
                             - 0x2000014c    0x14c

"P2", part 2 of 3:                          0x1000
  CSTACK                       0x20000150   0x1000  <Block>
    CSTACK            uninit   0x20000150   0x1000  <Block tail>
  HEAP                         0x20001150      0x0  <Block>
                             - 0x20001150   0x1000

"P2", part 3 of 3:                          0x259c
  .bss                zero     0x20001150    0xf78  bgm111.o [1]
  .bss                zero     0x200020c8    0x324  bgm111.o [1]
  .bss                zero     0x200023ec    0x324  ErrorCodes.o [1]
  .bss                zero     0x20002710    0x248  app_data.o [1]
  .bss                zero     0x20002958    0x248  app_data.o [1]
  .bss                zero     0x20002ba0    0x220  usbd_conf.o [1]
  .bss                zero     0x20002dc0    0x1a4  bgm111.o [1]
  .bss                zero     0x20002f64     0xc8  Calibration.o [1]
  .bss                zero     0x2000302c     0x8c  tasks.o [1]
  .bss                zero     0x200030b8     0x84  bgm111.o [1]
  .bss                zero     0x2000313c     0x84  bgm111.o [1]
  .bss                zero     0x200031c0     0x80  Rd_Sound.o [1]
  .bss                zero     0x20003240     0x80  Rd_Sound.o [1]
  .bss                zero     0x200032c0     0x80  Rd_Sound.o [1]
  .bss                zero     0x20003340     0x54  adc.o [1]
  .bss                zero     0x20003394     0x40  usart.o [1]
  .bss                zero     0x200033d4     0x40  usart.o [1]
  .bss                zero     0x20003414     0x3c  bgm111.o [1]
  .bss                zero     0x20003450     0x3c  i2c.o [1]
  .bss                zero     0x2000348c     0x38  adc.o [1]
  .bss                zero     0x200034c4     0x38  stm32l1xx_hal_timebase_TIM.o [1]
  .bss                zero     0x200034fc     0x38  tim.o [1]
  .bss                zero     0x20003534     0x38  tim.o [1]
  .bss                zero     0x2000356c     0x2c  parser.o [1]
  .bss                zero     0x20003598     0x28  usart.o [1]
  .bss                zero     0x200035c0     0x24  wwdg.o [1]
  .bss                zero     0x200035e4     0x20  wwdg.o [1]
  .bss                zero     0x20003604     0x1c  Flash.o [1]
  .bss                zero     0x20003620     0x18  stm32l1xx_hal_flash.o [1]
  .bss                zero     0x20003638     0x14  wwdg.o [1]
  .bss                zero     0x2000364c      0xc  adc.o [1]
  .bss                zero     0x20003658      0xc  app_data.o [1]
  .bss                zero     0x20003664      0xc  Flash.o [1]
  .bss                zero     0x20003670      0x8  app_data.o [1]
  .bss                zero     0x20003678      0x8  xxmemxmalloc.o [3]
  .bss                zero     0x20003680      0x4  bgm111.o [1]
  .bss                zero     0x20003684      0x4  bgm111.o [1]
  .bss                zero     0x20003688      0x4  bgm111.o [1]
  .bss                zero     0x2000368c      0x4  bgm111.o [1]
  .bss                zero     0x20003690      0x4  bgm111.o [1]
  .bss                zero     0x20003694      0x4  Flash.o [1]
  .bss                zero     0x20003698      0x4  stm32l1xx_hal.o [1]
  .bss                zero     0x2000369c      0x4  tasks.o [1]
  .bss                zero     0x200036a0      0x4  tasks.o [1]
  .bss                zero     0x200036a4      0x4  tasks.o [1]
  .bss                zero     0x200036a8      0x4  tasks.o [1]
  .bss                zero     0x200036ac      0x4  tasks.o [1]
  .bss                zero     0x200036b0      0x4  tasks.o [1]
  .bss                zero     0x200036b4      0x4  tasks.o [1]
  .bss                zero     0x200036b8      0x4  tasks.o [1]
  .bss                zero     0x200036bc      0x4  tasks.o [1]
  .bss                zero     0x200036c0      0x4  tasks.o [1]
  .bss                zero     0x200036c4      0x4  tasks.o [1]
  .bss                zero     0x200036c8      0x4  usart.o [1]
  .bss                zero     0x200036cc      0x4  usart.o [1]
  .bss                zero     0x200036d0      0x4  wwdg.o [1]
  .bss                zero     0x200036d4      0x4  xgetmemchunk.o [3]
  .bss                zero     0x200036d8      0x2  app_data.o [1]
  .bss                zero     0x200036da      0x2  app_data.o [1]
  .bss                zero     0x200036dc      0x1  adc.o [1]
  .bss                zero     0x200036dd      0x1  adc.o [1]
  .bss                zero     0x200036de      0x1  adc.o [1]
  .bss                zero     0x200036df      0x1  app_data.o [1]
  .bss                zero     0x200036e0      0x1  bgm111.o [1]
  .bss                zero     0x200036e1      0x1  parser.o [1]
  .bss                zero     0x200036e2      0x1  tim.o [1]
  .bss                zero     0x200036e3      0x1  tim.o [1]
  .bss                zero     0x200036e4      0x1  usart.o [1]
  .bss                zero     0x200036e5      0x1  usart.o [1]
  .bss                zero     0x200036e6      0x1  usart.o [1]
  .bss                zero     0x200036e7      0x1  usbd_ctlreq.o [1]
  .bss                zero     0x200036e8      0x1  wwdg.o [1]
                             - 0x200036e9   0x2599


*******************************************************************************
*** INIT TABLE
***

          Address     Size
          -------     ----
Zero (__iar_zero_init3)
    3 destination ranges, total size 0x2685:
          0x08070000    0x24
          0x08070100    0xc8
          0x20001150  0x2599

Copy/packbits (__iar_packbits_init_single3)
    1 source range, total size 0x54 (25% of destination):
          0x0801986c    0x54
    1 destination range, total size 0x14c:
          0x20000000   0x14c



*******************************************************************************
*** MODULE SUMMARY
***

    Module                        ro code  ro data  rw data  rw data
                                                              (abs)
    ------                        -------  -------  -------  -------
D:\GoogleDriveCLT\GoogleDrive\WeatherCloud\Roadboard\Software\Road-Board-December-2016N8\EWARM\Road Brd MSTR Rev L Long Always\Obj: [1]
    Calibration.o                     320      380      200      200
    ErrorCodes.o                      318      324      804
    Flash.o                           344                44
    GridEye.o                       6 828       16
    Humidity.o                      3 260       24
    RGBLight.o                        808        8
    Rd_Sound.o                        576        8      384
    Temperature.o                     692       16
    VMonitor.o                      2 164       24
    adc.o                             700        3      167
    app_data.o                      5 356    1 632    1 193
    barometer.o                       632       32
    bgm111.o                        2 808      598    5 537
    cmsis_os.o                         16
    dma.o                              48
    fix_fft.o                         456      192
    gecko_bglib.o                     432
    gpio.o                            452       29       36
    i2c.o                           1 248                60
    list.o                             64
    lps25hb.o                         584
    main.o                          1 830      444
    parser.o                       15 192    7 984       45
    port.o                             36
    portasm.o                         148
    startup_stm32l152xe.o             508
    stm32l1xx_hal.o                    72                 4
    stm32l1xx_hal_adc.o             2 090
    stm32l1xx_hal_cortex.o            432
    stm32l1xx_hal_dma.o             3 838
    stm32l1xx_hal_flash.o             408                24
    stm32l1xx_hal_flash_ex.o          204
    stm32l1xx_hal_gpio.o              888
    stm32l1xx_hal_i2c.o             4 120
    stm32l1xx_hal_msp.o               152
    stm32l1xx_hal_pcd.o             4 212
    stm32l1xx_hal_pwr_ex.o             16
    stm32l1xx_hal_rcc.o             3 284       16
    stm32l1xx_hal_tim.o               986
    stm32l1xx_hal_tim_ex.o             94
    stm32l1xx_hal_timebase_TIM.o      144                56
    stm32l1xx_hal_uart.o            2 284
    stm32l1xx_hal_wwdg.o              214
    stm32l1xx_it.o                    132
    system_stm32l1xx.o                100       25        4
    tasks.o                           548               184
    tim.o                             588        3      126
    usart.o                         1 212        1      183
    usbd_conf.o                       408               544
    usbd_core.o                       712
    usbd_ctlreq.o                   1 544                 1
    usbd_ioreq.o                      144
    wwdg.o                            620       12       93       36
    ----------------------------------------------------------------
    Total:                         75 266   11 771    9 689      236

command line: [2]
    ----------------------------------------------------------------
    Total:

dl7M_tlf.a: [3]
    atoi.o                              8
    div.o                              14
    errno.o                            12        1        4
    exit.o                              4
    isdigit.o                          10
    isxxx.o                            40
    localeconv.o                      108       34      136
    low_level_init.o                    4
    setlocale.o                        40       30      116
    sprintf.o                          52
    sscanf.o                           36
    strcat.o                           28
    strncmp.o                          44
    strstr.o                           46
    tolower.o                          20
    xencoding_sb.o                     96
    xgetmemchunk.o                     44                 4
    xlocale_c.o                        54
    xmbcurmax.o                        10
    xmbtowc.o                          32
    xprintffull.o                   4 510
    xscanffull.o                    3 312
    xsprout.o                          10
    xsscin.o                           30
    xstoflt.o                         464
    xstoll.o                          166
    xstopfx.o                         290
    xstoul.o                          408
    xstoull.o                         432
    xstoxflt.o                        564
    xtls.o                              2
    xwctob.o                           64
    xwctomb.o                          26
    xxmemxfree.o                      128
    xxmemxmalloc.o                    176                 8
    ----------------------------------------------------------------
    Total:                         11 284       65      268

m7M_tl.a: [4]
    DblAdd.o                          232
    DblCmpEq.o                         32
    DblCmpGe.o                         46
    DblCmpLe.o                         46
    DblDiv.o                          598
    DblMul.o                          418
    DblSub.o                          384
    DblToFlt.o                        144
    DblToI32.o                         88
    FltAdd.o                          132
    FltCmpGe.o                         36
    FltDiv.o                          252
    FltMul.o                          216
    FltSub.o                          214
    FltToDbl.o                         78
    FltToS32.o                         68
    I32ToDbl.o                         48
    I32ToFlt.o                         50
    ceil.o                             94
    modf.o                            184
    round.o                            68
    sqrt.o                            240
    xdint.o                           122
    xdnorm.o                           68
    xdscale.o                         268
    xdtento.o                         512
    xdunscal.o                         82
    xstold.o                          332
    ----------------------------------------------------------------
    Total:                          5 052

rt7M_tl.a: [5]
    ABImemcpy_unaligned.o             118
    ABImemset.o                        94
    I64DivMod.o                       238
    I64DivZer.o                         2
    cexit.o                            10
    cmain.o                            26
    cstartup_M.o                       12
    data_init.o                        40
    iarEdom.o                          12
    memchr.o                           88
    packbits_init_single.o             56
    strchr.o                           22
    strcmp_unaligned.o                 66
    strcpy_unaligned.o                 68
    strlen.o                           54
    strncpy_unaligned.o               108
    zero_init3.o                       64
    ----------------------------------------------------------------
    Total:                          1 078

shb_l.a: [6]
    exit.o                             20
    ----------------------------------------------------------------
    Total:                             20

    Gaps                               56
    Linker created                              48    4 096
--------------------------------------------------------------------
    Grand Total:                   92 756   11 884   14 053      236


*******************************************************************************
*** ENTRY LIST
***

Entry                      Address    Size  Type      Object
-----                      -------    ----  ----      ------
.iar.init_table$$Base   0x08017e38           --   Gb  - Linker created -
.iar.init_table$$Limit  0x08017e68           --   Gb  - Linker created -
?main                   0x08018931          Code  Gb  cmain.o [5]
ADC_Channel             0x200036de     0x1  Data  Lc  adc.o [1]
ADC_Config              0x0800c4a7    0xbe  Code  Gb  adc.o [1]
ADC_ConversionStop_Disable
                        0x08011e69    0x4a  Code  Gb  stm32l1xx_hal_adc.o [1]
ADC_DMAConvCplt         0x08011eb5    0x6e  Code  Lc  stm32l1xx_hal_adc.o [1]
ADC_DMAError            0x08011f35    0x1e  Code  Lc  stm32l1xx_hal_adc.o [1]
ADC_DMAHalfConvCplt     0x08011f25     0xe  Code  Lc  stm32l1xx_hal_adc.o [1]
ADC_Enable              0x08011dcb    0x72  Code  Gb  stm32l1xx_hal_adc.o [1]
AHBPrescTable           0x08019338    0x10  Data  Gb  system_stm32l1xx.o [1]
APBPrescTable           0x08019770     0x8  Data  Gb  system_stm32l1xx.o [1]
BGM111_CMD_Mode         0x08004537     0xa  Code  Gb  bgm111.o [1]
BGM111_Connected        0x08004523     0xa  Code  Gb  bgm111.o [1]
BGM111_DataConnected    0x0800452d     0xa  Code  Gb  bgm111.o [1]
BGM111_GetTackState     0x08004631     0xa  Code  Gb  bgm111.o [1]
BGM111_Init             0x080042d9    0x32  Code  Gb  bgm111.o [1]
BGM111_LowLevel_Init    0x08004211    0x52  Code  Gb  bgm111.o [1]
BGM111_Peek             0x080042cf     0xa  Code  Gb  bgm111.o [1]
BGM111_ProcessInput     0x0800430b   0x20e  Code  Gb  bgm111.o [1]
BGM111_Ready            0x08004519     0xa  Code  Gb  bgm111.o [1]
BGM111_Receive          0x08004271    0x5e  Code  Gb  bgm111.o [1]
BGM111_SetCMD_Mode      0x0800454b     0xa  Code  Gb  bgm111.o [1]
BGM111_SetDataConnected
                        0x08004541     0xa  Code  Gb  bgm111.o [1]
BGM111_SetSyncFlg       0x08004611     0xa  Code  Gb  bgm111.o [1]
BGM111_SetTackState     0x0800463b     0xa  Code  Gb  bgm111.o [1]
BGM111_SyncModeTest     0x08004555    0x98  Code  Gb  bgm111.o [1]
BGM111_SyncModeTestNoInc
                        0x080045ed    0x24  Code  Gb  bgm111.o [1]
BGM111_Transmit         0x080046e1   0x146  Code  Gb  bgm111.o [1]
BGM111_UART_IRQHandler  0x08004645    0x92  Code  Gb  bgm111.o [1]
BGM111_cntrlSetSyncFlg  0x0800461b    0x16  Code  Gb  bgm111.o [1]
Bypass                  0x200036e1     0x1  Data  Lc  parser.o [1]
CSTACK$$Base            0x20000150           --   Gb  - Linker created -
CSTACK$$Limit           0x20001150           --   Gb  - Linker created -
Cal_Save_Frames         0x20002f64    0xc8  Data  Lc  Calibration.o [1]
Calibration_HardFrames  0x08070100    0xc8  Data  Gb  Calibration.o [1]
Clear_Timer2_Flg        0x0800c27d     0x8  Code  Gb  tim.o [1]
ClrAnalyticsRepeat      0x08006565     0x8  Code  Gb  app_data.o [1]
ClrDataReady            0x0800529b     0xa  Code  Gb  app_data.o [1]
ClrDataStructure        0x080051ed    0xa4  Code  Gb  app_data.o [1]
Clr_HeartBeat           0x0800655d     0x8  Code  Gb  app_data.o [1]
Clr_HrtBeat_Cnt         0x0800653b     0x8  Code  Gb  app_data.o [1]
CodesArray              0x080169b0    0x5c  Data  Gb  ErrorCodes.o [1]
DMA1_Channel1_IRQHandler
                        0x08016839     0xa  Code  Gb  stm32l1xx_it.o [1]
DMA_SetConfig           0x08012e31    0x22  Code  Lc  stm32l1xx_hal_dma.o [1]
DateString              0x200035e4    0x20  Data  Lc  wwdg.o [1]
Error_Handler           0x0800ba7d    0x2e  Code  Gb  main.o [1]
FIX_MPY                 0x08012e53    0x1c  Code  Gb  fix_fft.o [1]
FLASH_PageErase         0x0801401f    0x28  Code  Gb  stm32l1xx_hal_flash_ex.o [1]
FLASH_SetErrorCode      0x08013e93    0x6a  Code  Lc  stm32l1xx_hal_flash.o [1]
FLASH_WaitForLastOperation
                        0x08013e2f    0x64  Code  Gb  stm32l1xx_hal_flash.o [1]
Get_DriverStates        0x08006439    0x66  Code  Gb  app_data.o [1]
Get_DriverStatus        0x080064b5    0x86  Code  Gb  app_data.o [1]
HAL_ADC_ConfigChannel   0x08011be5   0x1e6  Code  Gb  stm32l1xx_hal_adc.o [1]
HAL_ADC_ConvCpltCallback
                        0x0800c5e3     0xe  Code  Gb  adc.o [1]
HAL_ADC_ConvHalfCpltCallback
                        0x0800c621     0x2  Code  Gb  adc.o [1]
HAL_ADC_DeInit          0x080118ef   0x134  Code  Gb  stm32l1xx_hal_adc.o [1]
HAL_ADC_ErrorCallback   0x0800c623     0xa  Code  Gb  adc.o [1]
HAL_ADC_Init            0x08011729   0x1c6  Code  Gb  stm32l1xx_hal_adc.o [1]
HAL_ADC_MspDeInit       0x0800c47f    0x28  Code  Gb  adc.o [1]
HAL_ADC_MspInit         0x0800c3f9    0x86  Code  Gb  adc.o [1]
HAL_ADC_Start           0x08011a23    0x88  Code  Gb  stm32l1xx_hal_adc.o [1]
HAL_ADC_Start_DMA       0x08011aab    0xcc  Code  Gb  stm32l1xx_hal_adc.o [1]
HAL_ADC_Stop_DMA        0x08011b77    0x6e  Code  Gb  stm32l1xx_hal_adc.o [1]
HAL_DMA_Abort           0x0801248f    0x54  Code  Gb  stm32l1xx_hal_dma.o [1]
HAL_DMA_DeInit          0x08011fad   0x43e  Code  Gb  stm32l1xx_hal_dma.o [1]
HAL_DMA_IRQHandler      0x080124e9   0x906  Code  Gb  stm32l1xx_hal_dma.o [1]
HAL_DMA_Init            0x08011f55    0x58  Code  Gb  stm32l1xx_hal_dma.o [1]
HAL_DMA_Start_IT        0x08012421    0x6e  Code  Gb  stm32l1xx_hal_dma.o [1]
HAL_Delay               0x0800a519    0x1a  Code  Wk  stm32l1xx_hal.o [1]
HAL_FLASHEx_Erase       0x08013f85    0x9a  Code  Gb  stm32l1xx_hal_flash_ex.o [1]
HAL_FLASH_GetError      0x08013e29     0x6  Code  Gb  stm32l1xx_hal_flash.o [1]
HAL_FLASH_Lock          0x08013e19    0x10  Code  Gb  stm32l1xx_hal_flash.o [1]
HAL_FLASH_Program       0x08013d8d    0x5c  Code  Gb  stm32l1xx_hal_flash.o [1]
HAL_FLASH_Unlock        0x08013de9    0x30  Code  Gb  stm32l1xx_hal_flash.o [1]
HAL_GPIO_DeInit         0x0800bc7f   0x13c  Code  Gb  stm32l1xx_hal_gpio.o [1]
HAL_GPIO_Init           0x0800baad   0x1d2  Code  Gb  stm32l1xx_hal_gpio.o [1]
HAL_GPIO_ReadPin        0x0800bdbb    0x18  Code  Gb  stm32l1xx_hal_gpio.o [1]
HAL_GPIO_TogglePin      0x0800bde7     0xa  Code  Gb  stm32l1xx_hal_gpio.o [1]
HAL_GPIO_WritePin       0x0800bdd3    0x14  Code  Gb  stm32l1xx_hal_gpio.o [1]
HAL_GetTick             0x0800a513     0x6  Code  Wk  stm32l1xx_hal.o [1]
HAL_I2C_ER_IRQHandler   0x0800ec49    0xce  Code  Gb  stm32l1xx_hal_i2c.o [1]
HAL_I2C_EV_IRQHandler   0x0800eb15   0x134  Code  Gb  stm32l1xx_hal_i2c.o [1]
HAL_I2C_ErrorCallback   0x0800ed23     0x2  Code  Wk  stm32l1xx_hal_i2c.o [1]
HAL_I2C_GetError        0x0800ed2b     0x4  Code  Gb  stm32l1xx_hal_i2c.o [1]
HAL_I2C_GetState        0x0800ed25     0x6  Code  Gb  stm32l1xx_hal_i2c.o [1]
HAL_I2C_Init            0x0800e3c5   0x172  Code  Gb  stm32l1xx_hal_i2c.o [1]
HAL_I2C_MasterRxCpltCallback
                        0x0800ed19     0x2  Code  Wk  stm32l1xx_hal_i2c.o [1]
HAL_I2C_MasterTxCpltCallback
                        0x0800ed17     0x2  Code  Wk  stm32l1xx_hal_i2c.o [1]
HAL_I2C_Master_Receive  0x0800e66f   0x256  Code  Gb  stm32l1xx_hal_i2c.o [1]
HAL_I2C_Master_Receive_IT
                        0x0800e9ab   0x14e  Code  Gb  stm32l1xx_hal_i2c.o [1]
HAL_I2C_Master_Transmit
                        0x0800e537   0x138  Code  Gb  stm32l1xx_hal_i2c.o [1]
HAL_I2C_Master_Transmit_IT
                        0x0800e8c5    0xe6  Code  Gb  stm32l1xx_hal_i2c.o [1]
HAL_I2C_MemRxCpltCallback
                        0x0800ed21     0x2  Code  Wk  stm32l1xx_hal_i2c.o [1]
HAL_I2C_MemTxCpltCallback
                        0x0800ed1f     0x2  Code  Wk  stm32l1xx_hal_i2c.o [1]
HAL_I2C_MspInit         0x08009e8b    0x50  Code  Gb  i2c.o [1]
HAL_I2C_SlaveRxCpltCallback
                        0x0800ed1d     0x2  Code  Wk  stm32l1xx_hal_i2c.o [1]
HAL_I2C_SlaveTxCpltCallback
                        0x0800ed1b     0x2  Code  Wk  stm32l1xx_hal_i2c.o [1]
HAL_IncTick             0x0800a507     0xc  Code  Wk  stm32l1xx_hal.o [1]
HAL_Init                0x0800a4f1    0x16  Code  Gb  stm32l1xx_hal.o [1]
HAL_InitTick            0x08010225    0x80  Code  Gb  stm32l1xx_hal_timebase_TIM.o [1]
HAL_MspInit             0x080102b5    0x98  Code  Gb  stm32l1xx_hal_msp.o [1]
HAL_NVIC_DisableIRQ     0x0800a679     0xe  Code  Gb  stm32l1xx_hal_cortex.o [1]
HAL_NVIC_EnableIRQ      0x0800a66b     0xe  Code  Gb  stm32l1xx_hal_cortex.o [1]
HAL_NVIC_SetPriority    0x0800a645    0x26  Code  Gb  stm32l1xx_hal_cortex.o [1]
HAL_NVIC_SetPriorityGrouping
                        0x0800a639     0xc  Code  Gb  stm32l1xx_hal_cortex.o [1]
HAL_NVIC_SystemReset    0x0800a687     0x8  Code  Gb  stm32l1xx_hal_cortex.o [1]
HAL_PCD_DataInStageCallback
                        0x080159b9    0x20  Code  Gb  usbd_conf.o [1]
HAL_PCD_DataOutStageCallback
                        0x08015997    0x22  Code  Gb  usbd_conf.o [1]
HAL_PCD_EP_ClrStall     0x08015875   0x10a  Code  Gb  stm32l1xx_hal_pcd.o [1]
HAL_PCD_EP_Open         0x08014f27   0x476  Code  Gb  stm32l1xx_hal_pcd.o [1]
HAL_PCD_EP_Receive      0x0801539d   0x1ac  Code  Gb  stm32l1xx_hal_pcd.o [1]
[...]
Tst_Bypass              0x08003b67     0x6  Code  Gb  parser.o [1]
Tst_HeartBeat           0x08006549     0x6  Code  Gb  app_data.o [1]
UART_EndTransmit_IT     0x0800af83    0x32  Code  Lc  stm32l1xx_hal_uart.o [1]
UART_Receive_IT         0x0800afb5    0xc8  Code  Lc  stm32l1xx_hal_uart.o [1]
UART_SetConfig          0x0800b07d   0x2fe  Code  Lc  stm32l1xx_hal_uart.o [1]
UART_Transmit_IT        0x0800af07    0x7c  Code  Lc  stm32l1xx_hal_uart.o [1]
UART_WaitOnFlagUntilTimeout
                        0x0800ae19    0xee  Code  Lc  stm32l1xx_hal_uart.o [1]
USART2_IRQHandler       0x08016861     0xa  Code  Gb  stm32l1xx_it.o [1]
USART3_IRQHandler       0x08016857     0xa  Code  Gb  stm32l1xx_it.o [1]
USART_ReceiveData       0x08004833     0xa  Code  Gb  bgm111.o [1]
USART_SendData          0x08004827     0xc  Code  Gb  bgm111.o [1]
USBD_ClrClassConfig     0x08015b4b    0x18  Code  Gb  usbd_core.o [1]
USBD_ClrFeature         0x0801636f    0x3a  Code  Lc  usbd_ctlreq.o [1]
USBD_CtlContinueRx      0x0801642b    0x1a  Code  Gb  usbd_ioreq.o [1]
USBD_CtlContinueSendData
                        0x08016411    0x1a  Code  Gb  usbd_ioreq.o [1]
USBD_CtlError           0x080163d1    0x18  Code  Gb  usbd_ctlreq.o [1]
USBD_CtlReceiveStatus   0x0801645f    0x1a  Code  Gb  usbd_ioreq.o [1]
USBD_CtlSendData        0x080163e9    0x28  Code  Gb  usbd_ioreq.o [1]
USBD_CtlSendStatus      0x08016445    0x1a  Code  Gb  usbd_ioreq.o [1]
USBD_GetConfig          0x080162c1    0x4c  Code  Lc  usbd_ctlreq.o [1]
USBD_GetDescriptor      0x0801601d   0x164  Code  Lc  usbd_ctlreq.o [1]
USBD_GetStatus          0x0801630d    0x3c  Code  Lc  usbd_ctlreq.o [1]
USBD_LL_ClearStallEP    0x08015a79    0x16  Code  Gb  usbd_conf.o [1]
USBD_LL_DataInStage     0x08015c6b    0xe2  Code  Gb  usbd_core.o [1]
USBD_LL_DataOutStage    0x08015bdb    0x90  Code  Gb  usbd_core.o [1]
USBD_LL_IsStallEP       0x08015a8f    0x30  Code  Gb  usbd_conf.o [1]
USBD_LL_OpenEP          0x08015a41    0x22  Code  Gb  usbd_conf.o [1]
USBD_LL_PrepareReceive  0x08015af5    0x20  Code  Gb  usbd_conf.o [1]
USBD_LL_Reset           0x08015d4d    0x46  Code  Gb  usbd_core.o [1]
USBD_LL_Resume          0x08015daf     0xe  Code  Gb  usbd_core.o [1]
USBD_LL_SOF             0x08015dbd    0x24  Code  Gb  usbd_core.o [1]
USBD_LL_SetSpeed        0x08015d93     0x8  Code  Gb  usbd_core.o [1]
USBD_LL_SetUSBAddress   0x08015abf    0x16  Code  Gb  usbd_conf.o [1]
USBD_LL_SetupStage      0x08015b63    0x78  Code  Gb  usbd_core.o [1]
USBD_LL_StallEP         0x08015a63    0x16  Code  Gb  usbd_conf.o [1]
USBD_LL_Suspend         0x08015d9b    0x14  Code  Gb  usbd_core.o [1]
USBD_LL_Transmit        0x08015ad5    0x20  Code  Gb  usbd_conf.o [1]
USBD_ParseSetupRequest  0x080163a9    0x28  Code  Gb  usbd_ctlreq.o [1]
USBD_RunTestMode        0x08015b19     0x6  Code  Gb  usbd_core.o [1]
USBD_SetAddress         0x08016181    0x60  Code  Lc  usbd_ctlreq.o [1]
USBD_SetClassConfig     0x08015b1f    0x2c  Code  Gb  usbd_core.o [1]
USBD_SetConfig          0x080161e1    0xda  Code  Lc  usbd_ctlreq.o [1]
USBD_SetConfig::cfgidx  0x200036e7     0x1  Data  Lc  usbd_ctlreq.o [1]
USBD_SetFeature         0x08016349    0x26  Code  Lc  usbd_ctlreq.o [1]
USBD_StdDevReq          0x08015de1    0x7c  Code  Gb  usbd_ctlreq.o [1]
USBD_StdEPReq           0x08015ea9   0x174  Code  Gb  usbd_ctlreq.o [1]
USBD_StdItfReq          0x08015e5d    0x4c  Code  Gb  usbd_ctlreq.o [1]
USB_LP_IRQHandler       0x08016843     0xa  Code  Gb  stm32l1xx_it.o [1]
Uart2Ready              0x200036e4     0x1  Data  Gb  usart.o [1]
Uart3Ready              0x200036e5     0x1  Data  Gb  usart.o [1]
WWDG_IRQHandler         0x0800a7cb     0xa  Code  Gb  wwdg.o [1]
_EncodingSb_Mbtowc      0x080140c3    0x30  Code  Gb  xencoding_sb.o [3]
_EncodingSb_Mbtowc::initial
                        0x08014100     0x8  Data  Lc  xencoding_sb.o [3]
_EncodingSb_Wctomb      0x080140a9    0x1a  Code  Gb  xencoding_sb.o [3]
_EncodingSb_Wctomb::initial
                        0x080140f8     0x8  Data  Lc  xencoding_sb.o [3]
_GenldFull              0x0800d9f9   0x254  Code  Lc  xprintffull.o [3]
_GetN                   0x0800f3dd    0x22  Code  Lc  xscanffull.o [3]
_GetfldFull             0x0800f601   0x10a  Code  Lc  xscanffull.o [3]
_GetfloatFull           0x0800fbbf   0x4e8  Code  Lc  xscanffull.o [3]
_GetintFull             0x0800f9c7   0x1f2  Code  Lc  xscanffull.o [3]
_GetstrFull             0x0800f70d   0x2b4  Code  Lc  xscanffull.o [3]
_IsdstStr               0x200000dc     0x4  Data  Gb  setlocale.o [3]
_LdtobFull              0x0800d5ed   0x406  Code  Lc  xprintffull.o [3]
_LitobFull              0x0800d4e3   0x10a  Code  Lc  xprintffull.o [3]
_LocaleC_isalpha        0x08014139    0x16  Code  Gb  xlocale_c.o [3]
_LocaleC_isspace        0x0801414f    0x14  Code  Gb  xlocale_c.o [3]
_LocaleC_tolower        0x0801488d     0xc  Code  Gb  xlocale_c.o [3]
_LocaleEncoding         0x08014095     0xe  Code  Gb  setlocale.o [3]
_LocaleForCat           0x08014081    0x14  Code  Gb  setlocale.o [3]
_LocaleReturnString     0x200000fc    0x50  Data  Lc  setlocale.o [3]
_Locale_Profile         0x200000e0    0x1c  Data  Gb  setlocale.o [3]
_Locale_aeabi_lconv     0x2000009c    0x38  Data  Gb  localeconv.o [3]
_Locale_lconv           0x2000004c    0x50  Data  Gb  localeconv.o [3]
_Mbtowc                 0x08012f55    0x20  Code  Gb  xmbtowc.o [3]
_PrintfFull             0x0800caf9   0x658  Code  Gb  xprintffull.o [3]
_PutcharsFull           0x0800dc4d    0x2e  Code  Lc  xprintffull.o [3]
_PutstrFull             0x0800d1d7   0x306  Code  Lc  xprintffull.o [3]
_SProut                 0x0800a3a7     0xa  Code  Gb  xsprout.o [3]
_SScin                  0x08003cb3    0x1e  Code  Gb  xsscin.o [3]
_ScanfFull              0x0800f419   0x1e2  Code  Gb  xscanffull.o [3]
_Stoflt                 0x08014285   0x1d0  Code  Gb  xstoflt.o [3]
_Stopfx                 0x08014163   0x122  Code  Gb  xstopfx.o [3]
_Stoxflt                0x08014659   0x1fa  Code  Gb  xstoxflt.o [3]
_Stoxflt::digits        0x0801485c    0x18  Data  Lc  xstoxflt.o [3]
_Stoxflt::vals          0x08014874    0x18  Data  Lc  xstoxflt.o [3]
_TzoneStr               0x200000d8     0x4  Data  Gb  setlocale.o [3]
_UngetN                 0x0800f3ff    0x1a  Code  Lc  xscanffull.o [3]
_Wctomb                 0x080130a1    0x1a  Code  Gb  xwctomb.o [3]
__aeabi_cdcmpeq         0x08014899          Code  Gb  DblCmpEq.o [4]
__aeabi_cdcmple         0x080132e9          Code  Gb  DblCmpLe.o [4]
__aeabi_cdrcmple        0x08013319          Code  Gb  DblCmpGe.o [4]
__aeabi_cfrcmple        0x0800e371          Code  Gb  FltCmpGe.o [4]
__aeabi_d2f             0x0800ca25          Code  Gb  DblToFlt.o [4]
__aeabi_d2iz            0x0800e085          Code  Gb  DblToI32.o [4]
__aeabi_d2uiz           0x0800e0b1          Code  Gb  DblToI32.o [4]
__aeabi_dadd            0x0800e195          Code  Gb  DblAdd.o [4]
__aeabi_ddiv            0x080135d5          Code  Gb  DblDiv.o [4]
__aeabi_dmul            0x0800dee1          Code  Gb  DblMul.o [4]
__aeabi_dsub            0x08013455          Code  Gb  DblSub.o [4]
__aeabi_errno_addr      0x08014065     0x6  Code  Gb  errno.o [3]
__aeabi_f2d             0x0800a32d          Code  Gb  FltToDbl.o [4]
__aeabi_f2iz            0x0800cab5          Code  Gb  FltToS32.o [4]
__aeabi_fadd            0x0800c8b1          Code  Gb  FltAdd.o [4]
__aeabi_fdiv            0x0800a99d          Code  Gb  FltDiv.o [4]
__aeabi_fmul            0x0800c7d9          Code  Gb  FltMul.o [4]
__aeabi_i2d             0x0800e395          Code  Gb  I32ToDbl.o [4]
__aeabi_i2f             0x0800a969          Code  Gb  I32ToFlt.o [4]
__aeabi_ldiv0           0x08014135          Code  Gb  I64DivZer.o [5]
__aeabi_ui2d            0x0800e3a9          Code  Gb  I32ToDbl.o [4]
__aeabi_ui2f            0x0800a97d          Code  Gb  I32ToFlt.o [4]
__aeabi_uldivmod        0x080131b5          Code  Gb  I64DivMod.o [5]
__cmain                 0x08018931          Code  Gb  cmain.o [5]
__data_Aldata           0x20003678     0x8  Data  Gb  xxmemxmalloc.o [3]
__data_GetMemChunk      0x08014109    0x2c  Code  Gb  xgetmemchunk.o [3]
__data_GetMemChunk::start
                        0x200036d4     0x4  Data  Lc  xgetmemchunk.o [3]
__exit                  0x08018961    0x14  Code  Gb  exit.o [6]
__iar_Dint              0x08013907    0x7a  Code  Gb  xdint.o [4]
__iar_Dnorm             0x080132a3    0x44  Code  Gb  xdnorm.o [4]
__iar_Dscale            0x08013349   0x10c  Code  Gb  xdscale.o [4]
__iar_Dtentox           0x080144ab   0x14e  Code  Gb  xdtento.o [4]
__iar_Dunscale          0x080148b9    0x52  Code  Gb  xdunscal.o [4]
__iar_Errno             0x200000d4     0x4  Data  Gb  errno.o [3]
__iar_Locale_lconv_init
                        0x0801382d    0x3a  Code  Gb  localeconv.o [3]
__iar_Mbcurmax          0x08012fe5     0xa  Code  Gb  xmbcurmax.o [3]
__iar_Memchr            0x08012f8d          Code  Gb  memchr.o [5]
__iar_Memset_word       0x080138a9          Code  Gb  ABImemset.o [5]
__iar_Stold             0x08013d89     0x4  Code  Gb  xstold.o [4]
__iar_Stoldx            0x08013c41   0x13c  Code  Gb  xstold.o [4]
__iar_Stoll             0x08013a8b     0x4  Code  Gb  xstoll.o [3]
__iar_Stollx            0x080139e9    0xa2  Code  Gb  xstoll.o [3]
__iar_Stoul             0x08010491     0x4  Code  Gb  xstoul.o [3]
__iar_Stoull            0x08013bed     0x4  Code  Gb  xstoull.o [3]
__iar_Stoullx           0x08013a91   0x156  Code  Gb  xstoull.o [3]
__iar_Stoulx            0x0801034d   0x13e  Code  Gb  xstoul.o [3]
__iar_Strchr            0x08012f75          Code  Gb  strchr.o [5]
__iar_Strstr            0x080116f9    0x2e  Code  Gb  strstr.o [3]
__iar_Wctob             0x08013981    0x36  Code  Gb  xwctob.o [3]
__iar_ceil              0x08013f25          Code  Gb  ceil.o [4]
__iar_ceill             0x08013f25          Code  Gb  ceil.o [4]
__iar_d2uiz             0x0800e0bd          Code  Gb  DblToI32.o [4]
__iar_dadd              0x0800e1a9          Code  Gb  DblAdd.o [4]
__iar_data_init3        0x08017a45    0x28  Code  Gb  data_init.o [5]
__iar_dlib_perthread_access
                        0x08014137     0x2  Code  Gb  xtls.o [3]
__iar_dsub              0x08013469          Code  Gb  DblSub.o [4]
__iar_dsubStart         0x0801347b          Code  Gb  DblSub.o [4]
__iar_edom              0x08012f49          Code  Gb  iarEdom.o [5]
__iar_fadd              0x0800c8c1          Code  Gb  FltAdd.o [4]
__iar_fsub              0x08012e71          Code  Gb  FltSub.o [4]
__iar_fsubStart         0x08012e81          Code  Gb  FltSub.o [4]
__iar_modf              0x0800e0ed          Code  Gb  modf.o [4]
__iar_modfl             0x0800e0ed          Code  Gb  modf.o [4]
__iar_packbits_init_single3
                        0x08016fb1    0x38  Code  Gb  packbits_init_single.o [5]
__iar_program_start     0x080194fd          Code  Gb  cstartup_M.o [5]
__iar_sqrt              0x0800c935          Code  Gb  sqrt.o [4]
__iar_ui2d              0x0800e3ad          Code  Gb  I32ToDbl.o [4]
__iar_ui2f              0x0800a981          Code  Gb  I32ToFlt.o [4]
__iar_unaligned___aeabi_memcpy
                        0x080130bd          Code  Gb  ABImemcpy_unaligned.o [5]
__iar_unaligned___aeabi_memcpy4
                        0x080130dd          Code  Gb  ABImemcpy_unaligned.o [5]
__iar_unaligned___aeabi_memcpy8
                        0x080130dd          Code  Gb  ABImemcpy_unaligned.o [5]
__iar_unaligned_strcmp  0x0800e27d          Code  Gb  strcmp_unaligned.o [5]
__iar_unaligned_strcpy  0x08003cd1          Code  Gb  strcpy_unaligned.o [5]
__iar_unaligned_strncpy
                        0x0800e2c1          Code  Gb  strncpy_unaligned.o [5]
__iar_zero_init3        0x08016d69    0x40  Code  Gb  zero_init3.o [5]
__low_level_init        0x0801894b     0x4  Code  Gb  low_level_init.o [3]
__vector_table          0x08000000          Data  Gb  startup_stm32l152xe.o [1]
_call_main              0x0801893d          Code  Gb  cmain.o [5]
_exit                   0x08018955          Code  Gb  cexit.o [5]
_gecko_cmd_msg          0x200030b8    0x84  Data  Gb  bgm111.o [1]
_gecko_rsp_msg          0x2000313c    0x84  Data  Gb  bgm111.o [1]
_main                   0x08018947          Code  Gb  cmain.o [5]
aPLLDivisionFactorTable
                        0x080197a0     0x4  Data  Gb  stm32l1xx_hal_rcc.o [1]
aPLLMULFactorTable      0x080194e4     0xc  Data  Gb  stm32l1xx_hal_rcc.o [1]
adcActive               0x200036dd     0x1  Data  Gb  adc.o [1]
analytics               0x20003670     0x8  Data  Lc  app_data.o [1]
atoi                    0x0800a6f3     0x8  Code  Gb  atoi.o [3]
bffr1Flag               0x200036e6     0x1  Data  Lc  usart.o [1]
bglib_input             0x20003684     0x4  Data  Gb  bgm111.o [1]
bglib_output            0x20003680     0x4  Data  Gb  bgm111.o [1]
bglib_peek              0x20003688     0x4  Data  Gb  bgm111.o [1]
bgm1data                0x20003598    0x28  Data  Lc  usart.o [1]
ble                     0x20002dc0   0x1a4  Data  Lc  bgm111.o [1]
blemsgs                 0x200020c8   0x324  Data  Lc  bgm111.o [1]
ceil                    0x08013f25          Code  Gb  ceil.o [4]
ceill                   0x08013f25          Code  Gb  ceil.o [4]
clrUsartState           0x08004083    0x1c  Code  Gb  usart.o [1]
connection_cnt          0x200036d8     0x2  Data  Lc  app_data.o [1]
data                    0x20002958   0x248  Data  Gb  app_data.o [1]
delay_1ms               0x0800c105     0xe  Code  Gb  ErrorCodes.o [1]
digits                  0x08010494    0x28  Data  Lc  xstoul.o [3]
digits                  0x08013bf0    0x28  Data  Lc  xstoull.o [3]
div                     0x08013899     0xe  Code  Gb  div.o [3]
dmul                    0x08014459    0x52  Code  Lc  xdtento.o [4]
driver_list             0x20003658     0xc  Data  Lc  app_data.o [1]
errStruct               0x200023ec   0x324  Data  Lc  ErrorCodes.o [1]
exit                    0x0801894f     0x4  Code  Gb  exit.o [3]
fi                      0x20003240    0x80  Data  Lc  Rd_Sound.o [1]
fix_fft                 0x0800c62d   0x1ac  Code  Gb  fix_fft.o [1]
fr                      0x200031c0    0x80  Data  Lc  Rd_Sound.o [1]
free                    0x08013135    0x7a  Code  Gb  xxmemxfree.o [3]
fs                      0x200032c0    0x80  Data  Lc  Rd_Sound.o [1]
gecko_cmd_le_gap_set_mode
                        0x080041d1    0x40  Code  Lc  bgm111.o [1]
gecko_cmd_msg           0x2000000c     0x4  Data  Gb  bgm111.o [1]
gecko_get_event         0x0800bf01    0x5e  Code  Gb  gecko_bglib.o [1]
gecko_handle_command    0x0800bf83    0x30  Code  Gb  gecko_bglib.o [1]
gecko_peek_event        0x0800bf5f     0xa  Code  Gb  gecko_bglib.o [1]
gecko_queue             0x20001150   0xf78  Data  Gb  bgm111.o [1]
gecko_queue_r           0x20003690     0x4  Data  Gb  bgm111.o [1]
gecko_queue_w           0x2000368c     0x4  Data  Gb  bgm111.o [1]
gecko_rsp_msg           0x20000010     0x4  Data  Gb  bgm111.o [1]
gecko_wait_message      0x0800be25    0xdc  Code  Gb  gecko_bglib.o [1]
gecko_wait_response     0x0800bf69    0x1a  Code  Gb  gecko_bglib.o [1]
hadc                    0x20003340    0x54  Data  Gb  adc.o [1]
hatoi                   0x08003b0f    0x58  Code  Gb  parser.o [1]
hdma_adc                0x2000348c    0x38  Data  Gb  adc.o [1]
hi2c1                   0x20003450    0x3c  Data  Gb  i2c.o [1]
hpcd_USB_FS             0x20002ba0   0x220  Data  Gb  usbd_conf.o [1]
htim2                   0x200034fc    0x38  Data  Gb  tim.o [1]
htim3                   0x20003534    0x38  Data  Gb  tim.o [1]
htim4                   0x200034c4    0x38  Data  Gb  stm32l1xx_hal_timebase_TIM.o [1]
huart2                  0x20003394    0x40  Data  Gb  usart.o [1]
huart3                  0x200033d4    0x40  Data  Gb  usart.o [1]
hwwdg                   0x20003638    0x14  Data  Gb  wwdg.o [1]
isHexNum                0x08003ac5    0x4a  Code  Gb  parser.o [1]
isalpha                 0x080139c1    0x14  Code  Gb  isxxx.o [3]
isdigit                 0x0800a6e9     0xa  Code  Gb  isdigit.o [3]
isspace                 0x080139d5    0x14  Code  Gb  isxxx.o [3]
ledOffCnt               0x20000044     0x4  Data  Lc  tim.o [1]
localeconv              0x08013867    0x16  Code  Gb  localeconv.o [3]
main                    0x0800b385   0x60a  Code  Gb  main.o [1]
malloc                  0x08012ff1    0xac  Code  Gb  xxmemxmalloc.o [3]
memchr                  0x08012f8d          Code  Gb  memchr.o [5]
modf                    0x0800e0dd          Code  Gb  modf.o [4]
modfl                   0x0800e0dd          Code  Gb  modf.o [4]
ndigs                   0x080104bc    0x28  Data  Lc  xstoul.o [3]
ndigs                   0x08013c18    0x28  Data  Lc  xstoull.o [3]
osSystickHandler        0x080168b5    0x10  Code  Gb  cmsis_os.o [1]
pFlash                  0x20003620    0x18  Data  Gb  stm32l1xx_hal_flash.o [1]
pows                    0x08014610    0x48  Data  Lc  xdtento.o [4]
prvResetNextTaskUnblockTime
                        0x0801662d    0x28  Code  Lc  tasks.o [1]
pxCurrentTCB            0x2000369c     0x4  Data  Gb  tasks.o [1]
pxDelayedTaskList       0x200036a0     0x4  Data  Lc  tasks.o [1]
pxOverflowDelayedTaskList
                        0x200036a4     0x4  Data  Lc  tasks.o [1]
pxReadyTasksLists       0x2000302c    0x8c  Data  Lc  tasks.o [1]
round                   0x0800e32d    0x44  Code  Gb  round.o [4]
sConfig                 0x2000364c     0xc  Data  Gb  adc.o [1]
saveLen                 0x20000048     0x4  Data  Lc  usart.o [1]
sprintf                 0x08004ef9    0x34  Code  Gb  sprintf.o [3]
sqrt                    0x0800c935          Code  Gb  sqrt.o [4]
sqrtl                   0x0800c935          Code  Gb  sqrt.o [4]
sscanf                  0x0800a309    0x24  Code  Gb  sscanf.o [3]
strcat                  0x08004f2d    0x1c  Code  Gb  strcat.o [3]
strchr                  0x08012f75          Code  Gb  strchr.o [5]
strlen                  0x08003c7d          Code  Gb  strlen.o [5]
strncmp                 0x0800a37b    0x2c  Code  Gb  strncmp.o [3]
strstr                  0x0800c361    0x10  Code  Gb  bgm111.o [1]
tolower                 0x08014051    0x14  Code  Gb  tolower.o [3]
ubSequenceCompleted     0x200036dc     0x1  Data  Gb  adc.o [1]
ulPortSetInterruptMask  0x080166db          Code  Gb  portasm.o [1]
uwTick                  0x20003698     0x4  Data  Lc  stm32l1xx_hal.o [1]
uxListRemove            0x08016749    0x28  Code  Gb  list.o [1]
uxPendedTicks           0x200036b4     0x4  Data  Lc  tasks.o [1]
uxSchedulerSuspended    0x200036c4     0x4  Data  Lc  tasks.o [1]
uxTopReadyPriority      0x200036ac     0x4  Data  Lc  tasks.o [1]
vListInsertEnd          0x08016731    0x18  Code  Gb  list.o [1]
vPortClearInterruptMask
                        0x080166e9          Code  Gb  portasm.o [1]
vPortStartFirstTask     0x0801670f          Code  Gb  portasm.o [1]
vTaskSwitchContext      0x080165ad    0x6c  Code  Gb  tasks.o [1]
wwdg_HardFrames         0x08070000    0x24  Data  Gb  wwdg.o [1]
wwdg_Save               0x200036d0     0x4  Data  Lc  wwdg.o [1]
xNextTaskUnblockTime    0x200036c0     0x4  Data  Lc  tasks.o [1]
xNumOfOverflows         0x200036bc     0x4  Data  Lc  tasks.o [1]
xPortSysTickHandler     0x080168c5    0x1e  Code  Gb  port.o [1]
xSchedulerRunning       0x200036b0     0x4  Data  Lc  tasks.o [1]
xTaskGetSchedulerState  0x08016655    0x26  Code  Gb  tasks.o [1]
xTaskIncrementTick      0x08016479   0x134  Code  Gb  tasks.o [1]
xTickCount              0x200036a8     0x4  Data  Lc  tasks.o [1]
xYieldPending           0x200036b8     0x4  Data  Lc  tasks.o [1]


[1] = D:\GoogleDriveCLT\GoogleDrive\WeatherCloud\Roadboard\Software\Road-Board-December-2016N8\EWARM\Road Brd MSTR Rev L Long Always\Obj
[2] = command line
[3] = dl7M_tlf.a
[4] = m7M_tl.a
[5] = rt7M_tl.a
[6] = shb_l.a

  92 756 bytes of readonly  code memory
  11 884 bytes of readonly  data memory
  14 053 bytes of readwrite data memory (+ 236 absolute)

Errors: none
Warnings: none
