###############################################################################
#
# IAR ELF Linker V7.60.2.11341/W32 for ARM                25/May/2017  16:15:08
# Copyright 2007-2016 IAR Systems AB.
#
#    Output file  =  
#        D:\GoogleDriveCLT\GoogleDrive\WeatherCloud\Roadboard\Software\Road-Board-December-2016\EWARM\Road
#        Brd MSTR Rev L Long Always\Exe\Road Board Rev K NUCLEO V1.1 Jul 12
#        2016.out
#    Map file     =  
#        D:\GoogleDriveCLT\GoogleDrive\WeatherCloud\Roadboard\Software\Road-Board-December-2016\EWARM\Road
#        Brd MSTR Rev L Long Always\List\Road Board Rev K NUCLEO V1.1 Jul 12
#        2016.map
#    Command line =  
#        "D:\GoogleDriveCLT\GoogleDrive\WeatherCloud\Roadboard\Software\Road-Board-December-2016\EWARM\Road
#        Brd MSTR Rev L Long Always\Obj\adc.o"
#        "D:\GoogleDriveCLT\GoogleDrive\WeatherCloud\Roadboard\Software\Road-Board-December-2016\EWARM\Road
#        Brd MSTR Rev L Long Always\Obj\app_data.o"
#        "D:\GoogleDriveCLT\GoogleDrive\WeatherCloud\Roadboard\Software\Road-Board-December-2016\EWARM\Road
#        Brd MSTR Rev L Long Always\Obj\barometer.o"
#        "D:\GoogleDriveCLT\GoogleDrive\WeatherCloud\Roadboard\Software\Road-Board-December-2016\EWARM\Road
#        Brd MSTR Rev L Long Always\Obj\bgm111.o"
#        "D:\GoogleDriveCLT\GoogleDrive\WeatherCloud\Roadboard\Software\Road-Board-December-2016\EWARM\Road
#        Brd MSTR Rev L Long Always\Obj\cmsis_os.o"
#        "D:\GoogleDriveCLT\GoogleDrive\WeatherCloud\Roadboard\Software\Road-Board-December-2016\EWARM\Road
#        Brd MSTR Rev L Long Always\Obj\croutine.o"
#        "D:\GoogleDriveCLT\GoogleDrive\WeatherCloud\Roadboard\Software\Road-Board-December-2016\EWARM\Road
#        Brd MSTR Rev L Long Always\Obj\dma.o"
#        "D:\GoogleDriveCLT\GoogleDrive\WeatherCloud\Roadboard\Software\Road-Board-December-2016\EWARM\Road
#        Brd MSTR Rev L Long Always\Obj\ErrorCodes.o"
#        "D:\GoogleDriveCLT\GoogleDrive\WeatherCloud\Roadboard\Software\Road-Board-December-2016\EWARM\Road
#        Brd MSTR Rev L Long Always\Obj\event_groups.o"
#        "D:\GoogleDriveCLT\GoogleDrive\WeatherCloud\Roadboard\Software\Road-Board-December-2016\EWARM\Road
#        Brd MSTR Rev L Long Always\Obj\fix_fft.o"
#        "D:\GoogleDriveCLT\GoogleDrive\WeatherCloud\Roadboard\Software\Road-Board-December-2016\EWARM\Road
#        Brd MSTR Rev L Long Always\Obj\Flash.o"
#        "D:\GoogleDriveCLT\GoogleDrive\WeatherCloud\Roadboard\Software\Road-Board-December-2016\EWARM\Road
#        Brd MSTR Rev L Long Always\Obj\freertos.o"
#        "D:\GoogleDriveCLT\GoogleDrive\WeatherCloud\Roadboard\Software\Road-Board-December-2016\EWARM\Road
#        Brd MSTR Rev L Long Always\Obj\gecko_bglib.o"
#        "D:\GoogleDriveCLT\GoogleDrive\WeatherCloud\Roadboard\Software\Road-Board-December-2016\EWARM\Road
#        Brd MSTR Rev L Long Always\Obj\gpio.o"
#        "D:\GoogleDriveCLT\GoogleDrive\WeatherCloud\Roadboard\Software\Road-Board-December-2016\EWARM\Road
#        Brd MSTR Rev L Long Always\Obj\GridEye.o"
#        "D:\GoogleDriveCLT\GoogleDrive\WeatherCloud\Roadboard\Software\Road-Board-December-2016\EWARM\Road
#        Brd MSTR Rev L Long Always\Obj\heap_4.o"
#        "D:\GoogleDriveCLT\GoogleDrive\WeatherCloud\Roadboard\Software\Road-Board-December-2016\EWARM\Road
#        Brd MSTR Rev L Long Always\Obj\Humidity.o"
#        "D:\GoogleDriveCLT\GoogleDrive\WeatherCloud\Roadboard\Software\Road-Board-December-2016\EWARM\Road
#        Brd MSTR Rev L Long Always\Obj\i2c.o"
#        "D:\GoogleDriveCLT\GoogleDrive\WeatherCloud\Roadboard\Software\Road-Board-December-2016\EWARM\Road
#        Brd MSTR Rev L Long Always\Obj\list.o"
#        "D:\GoogleDriveCLT\GoogleDrive\WeatherCloud\Roadboard\Software\Road-Board-December-2016\EWARM\Road
#        Brd MSTR Rev L Long Always\Obj\lps25hb.o"
#        "D:\GoogleDriveCLT\GoogleDrive\WeatherCloud\Roadboard\Software\Road-Board-December-2016\EWARM\Road
#        Brd MSTR Rev L Long Always\Obj\main.o"
#        "D:\GoogleDriveCLT\GoogleDrive\WeatherCloud\Roadboard\Software\Road-Board-December-2016\EWARM\Road
#        Brd MSTR Rev L Long Always\Obj\parser.o"
#        "D:\GoogleDriveCLT\GoogleDrive\WeatherCloud\Roadboard\Software\Road-Board-December-2016\EWARM\Road
#        Brd MSTR Rev L Long Always\Obj\port.o"
#        "D:\GoogleDriveCLT\GoogleDrive\WeatherCloud\Roadboard\Software\Road-Board-December-2016\EWARM\Road
#        Brd MSTR Rev L Long Always\Obj\portasm.o"
#        "D:\GoogleDriveCLT\GoogleDrive\WeatherCloud\Roadboard\Software\Road-Board-December-2016\EWARM\Road
#        Brd MSTR Rev L Long Always\Obj\queue.o"
#        "D:\GoogleDriveCLT\GoogleDrive\WeatherCloud\Roadboard\Software\Road-Board-December-2016\EWARM\Road
#        Brd MSTR Rev L Long Always\Obj\Rd_Sound.o"
#        "D:\GoogleDriveCLT\GoogleDrive\WeatherCloud\Roadboard\Software\Road-Board-December-2016\EWARM\Road
#        Brd MSTR Rev L Long Always\Obj\RGBLight.o"
#        "D:\GoogleDriveCLT\GoogleDrive\WeatherCloud\Roadboard\Software\Road-Board-December-2016\EWARM\Road
#        Brd MSTR Rev L Long Always\Obj\startup_stm32l152xe.o"
#        "D:\GoogleDriveCLT\GoogleDrive\WeatherCloud\Roadboard\Software\Road-Board-December-2016\EWARM\Road
#        Brd MSTR Rev L Long Always\Obj\stm32l1xx_hal.o"
#        "D:\GoogleDriveCLT\GoogleDrive\WeatherCloud\Roadboard\Software\Road-Board-December-2016\EWARM\Road
#        Brd MSTR Rev L Long Always\Obj\stm32l1xx_hal_adc.o"
#        "D:\GoogleDriveCLT\GoogleDrive\WeatherCloud\Roadboard\Software\Road-Board-December-2016\EWARM\Road
#        Brd MSTR Rev L Long Always\Obj\stm32l1xx_hal_adc_ex.o"
#        "D:\GoogleDriveCLT\GoogleDrive\WeatherCloud\Roadboard\Software\Road-Board-December-2016\EWARM\Road
#        Brd MSTR Rev L Long Always\Obj\stm32l1xx_hal_cortex.o"
#        "D:\GoogleDriveCLT\GoogleDrive\WeatherCloud\Roadboard\Software\Road-Board-December-2016\EWARM\Road
#        Brd MSTR Rev L Long Always\Obj\stm32l1xx_hal_dma.o"
#        "D:\GoogleDriveCLT\GoogleDrive\WeatherCloud\Roadboard\Software\Road-Board-December-2016\EWARM\Road
#        Brd MSTR Rev L Long Always\Obj\stm32l1xx_hal_flash.o"
#        "D:\GoogleDriveCLT\GoogleDrive\WeatherCloud\Roadboard\Software\Road-Board-December-2016\EWARM\Road
#        Brd MSTR Rev L Long Always\Obj\stm32l1xx_hal_flash_ex.o"
#        "D:\GoogleDriveCLT\GoogleDrive\WeatherCloud\Roadboard\Software\Road-Board-December-2016\EWARM\Road
#        Brd MSTR Rev L Long Always\Obj\stm32l1xx_hal_flash_ramfunc.o"
#        "D:\GoogleDriveCLT\GoogleDrive\WeatherCloud\Roadboard\Software\Road-Board-December-2016\EWARM\Road
#        Brd MSTR Rev L Long Always\Obj\stm32l1xx_hal_gpio.o"
#        "D:\GoogleDriveCLT\GoogleDrive\WeatherCloud\Roadboard\Software\Road-Board-December-2016\EWARM\Road
#        Brd MSTR Rev L Long Always\Obj\stm32l1xx_hal_i2c.o"
#        "D:\GoogleDriveCLT\GoogleDrive\WeatherCloud\Roadboard\Software\Road-Board-December-2016\EWARM\Road
#        Brd MSTR Rev L Long Always\Obj\stm32l1xx_hal_msp.o"
#        "D:\GoogleDriveCLT\GoogleDrive\WeatherCloud\Roadboard\Software\Road-Board-December-2016\EWARM\Road
#        Brd MSTR Rev L Long Always\Obj\stm32l1xx_hal_pcd.o"
#        "D:\GoogleDriveCLT\GoogleDrive\WeatherCloud\Roadboard\Software\Road-Board-December-2016\EWARM\Road
#        Brd MSTR Rev L Long Always\Obj\stm32l1xx_hal_pcd_ex.o"
#        "D:\GoogleDriveCLT\GoogleDrive\WeatherCloud\Roadboard\Software\Road-Board-December-2016\EWARM\Road
#        Brd MSTR Rev L Long Always\Obj\stm32l1xx_hal_pwr.o"
#        "D:\GoogleDriveCLT\GoogleDrive\WeatherCloud\Roadboard\Software\Road-Board-December-2016\EWARM\Road
#        Brd MSTR Rev L Long Always\Obj\stm32l1xx_hal_pwr_ex.o"
#        "D:\GoogleDriveCLT\GoogleDrive\WeatherCloud\Roadboard\Software\Road-Board-December-2016\EWARM\Road
#        Brd MSTR Rev L Long Always\Obj\stm32l1xx_hal_rcc.o"
#        "D:\GoogleDriveCLT\GoogleDrive\WeatherCloud\Roadboard\Software\Road-Board-December-2016\EWARM\Road
#        Brd MSTR Rev L Long Always\Obj\stm32l1xx_hal_rcc_ex.o"
#        "D:\GoogleDriveCLT\GoogleDrive\WeatherCloud\Roadboard\Software\Road-Board-December-2016\EWARM\Road
#        Brd MSTR Rev L Long Always\Obj\stm32l1xx_hal_tim.o"
#        "D:\GoogleDriveCLT\GoogleDrive\WeatherCloud\Roadboard\Software\Road-Board-December-2016\EWARM\Road
#        Brd MSTR Rev L Long Always\Obj\stm32l1xx_hal_tim_ex.o"
#        "D:\GoogleDriveCLT\GoogleDrive\WeatherCloud\Roadboard\Software\Road-Board-December-2016\EWARM\Road
#        Brd MSTR Rev L Long Always\Obj\stm32l1xx_hal_timebase_TIM.o"
#        "D:\GoogleDriveCLT\GoogleDrive\WeatherCloud\Roadboard\Software\Road-Board-December-2016\EWARM\Road
#        Brd MSTR Rev L Long Always\Obj\stm32l1xx_hal_uart.o"
#        "D:\GoogleDriveCLT\GoogleDrive\WeatherCloud\Roadboard\Software\Road-Board-December-2016\EWARM\Road
#        Brd MSTR Rev L Long Always\Obj\stm32l1xx_hal_wwdg.o"
#        "D:\GoogleDriveCLT\GoogleDrive\WeatherCloud\Roadboard\Software\Road-Board-December-2016\EWARM\Road
#        Brd MSTR Rev L Long Always\Obj\stm32l1xx_it.o"
#        "D:\GoogleDriveCLT\GoogleDrive\WeatherCloud\Roadboard\Software\Road-Board-December-2016\EWARM\Road
#        Brd MSTR Rev L Long Always\Obj\stm32l1xx_nucleo.o"
#        "D:\GoogleDriveCLT\GoogleDrive\WeatherCloud\Roadboard\Software\Road-Board-December-2016\EWARM\Road
#        Brd MSTR Rev L Long Always\Obj\system_stm32l1xx.o"
#        "D:\GoogleDriveCLT\GoogleDrive\WeatherCloud\Roadboard\Software\Road-Board-December-2016\EWARM\Road
#        Brd MSTR Rev L Long Always\Obj\tasks.o"
#        "D:\GoogleDriveCLT\GoogleDrive\WeatherCloud\Roadboard\Software\Road-Board-December-2016\EWARM\Road
#        Brd MSTR Rev L Long Always\Obj\Temperature.o"
#        "D:\GoogleDriveCLT\GoogleDrive\WeatherCloud\Roadboard\Software\Road-Board-December-2016\EWARM\Road
#        Brd MSTR Rev L Long Always\Obj\tim.o"
#        "D:\GoogleDriveCLT\GoogleDrive\WeatherCloud\Roadboard\Software\Road-Board-December-2016\EWARM\Road
#        Brd MSTR Rev L Long Always\Obj\timers.o"
#        "D:\GoogleDriveCLT\GoogleDrive\WeatherCloud\Roadboard\Software\Road-Board-December-2016\EWARM\Road
#        Brd MSTR Rev L Long Always\Obj\usart.o"
#        "D:\GoogleDriveCLT\GoogleDrive\WeatherCloud\Roadboard\Software\Road-Board-December-2016\EWARM\Road
#        Brd MSTR Rev L Long Always\Obj\usb_device.o"
#        "D:\GoogleDriveCLT\GoogleDrive\WeatherCloud\Roadboard\Software\Road-Board-December-2016\EWARM\Road
#        Brd MSTR Rev L Long Always\Obj\usbd_cdc.o"
#        "D:\GoogleDriveCLT\GoogleDrive\WeatherCloud\Roadboard\Software\Road-Board-December-2016\EWARM\Road
#        Brd MSTR Rev L Long Always\Obj\usbd_cdc_if.o"
#        "D:\GoogleDriveCLT\GoogleDrive\WeatherCloud\Roadboard\Software\Road-Board-December-2016\EWARM\Road
#        Brd MSTR Rev L Long Always\Obj\usbd_conf.o"
#        "D:\GoogleDriveCLT\GoogleDrive\WeatherCloud\Roadboard\Software\Road-Board-December-2016\EWARM\Road
#        Brd MSTR Rev L Long Always\Obj\usbd_core.o"
#        "D:\GoogleDriveCLT\GoogleDrive\WeatherCloud\Roadboard\Software\Road-Board-December-2016\EWARM\Road
#        Brd MSTR Rev L Long Always\Obj\usbd_ctlreq.o"
#        "D:\GoogleDriveCLT\GoogleDrive\WeatherCloud\Roadboard\Software\Road-Board-December-2016\EWARM\Road
#        Brd MSTR Rev L Long Always\Obj\usbd_desc.o"
#        "D:\GoogleDriveCLT\GoogleDrive\WeatherCloud\Roadboard\Software\Road-Board-December-2016\EWARM\Road
#        Brd MSTR Rev L Long Always\Obj\usbd_ioreq.o"
#        "D:\GoogleDriveCLT\GoogleDrive\WeatherCloud\Roadboard\Software\Road-Board-December-2016\EWARM\Road
#        Brd MSTR Rev L Long Always\Obj\VMonitor.o"
#        "D:\GoogleDriveCLT\GoogleDrive\WeatherCloud\Roadboard\Software\Road-Board-December-2016\EWARM\Road
#        Brd MSTR Rev L Long Always\Obj\wwdg.o" --redirect _Printf=_PrintfFull
#        --redirect _Scanf=_ScanfFull -o
#        "D:\GoogleDriveCLT\GoogleDrive\WeatherCloud\Roadboard\Software\Road-Board-December-2016\EWARM\Road
#        Brd MSTR Rev L Long Always\Exe\Road Board Rev K NUCLEO V1.1 Jul 12
#        2016.out" --map
#        "D:\GoogleDriveCLT\GoogleDrive\WeatherCloud\Roadboard\Software\Road-Board-December-2016\EWARM\Road
#        Brd MSTR Rev L Long Always\List\Road Board Rev K NUCLEO V1.1 Jul 12
#        2016.map" --config
#        D:\GoogleDriveCLT\GoogleDrive\WeatherCloud\Roadboard\Software\Road-Board-December-2016\EWARM/stm32l152xe_flash.icf
#        --semihosting --entry __iar_program_start --vfe
#
###############################################################################

*******************************************************************************
*** RUNTIME MODEL ATTRIBUTES
***

CppFlavor                     = *
__Heap_Handler                = Basic
__SystemLibrary               = DLib
__dlib_dynamic_initialization = normal


*******************************************************************************
*** PLACEMENT SUMMARY
***

"A1":  place at 0x08000000 { ro section .intvec };
"P1":  place in [from 0x08000000 to 0x0807ffff] { ro };
"P2":  place in [from 0x20000000 to 0x20013fff] { rw, block CSTACK, block HEAP };
initialize by copy { rw };

  Section             Kind        Address     Size  Object
  -------             ----        -------     ----  ------
"A1":                                        0x124
  .intvec             ro code  0x08000000    0x124  startup_stm32l152xe.o [1]
                             - 0x08000124    0x124

"P1":                                      0x1204c
  .text               ro code  0x08000124   0x1ef4  parser.o [1]
  .text               ro code  0x08002018     0x36  strlen.o [5]
  .text               ro code  0x0800204e      0xa  xsprout.o [3]
  .text               ro code  0x08002058     0x44  strcpy_unaligned.o [5]
  .text               ro code  0x0800209c    0x4bc  usart.o [1]
  .text               ro code  0x08002558    0x6ac  bgm111.o [1]
  .text               ro code  0x08002c04    0x230  Rd_Sound.o [1]
  .text               ro code  0x08002e34     0x34  sprintf.o [3]
  .text               ro code  0x08002e68     0x1c  strcat.o [3]
  .text               ro code  0x08002e84    0x1f8  barometer.o [1]
  .text               ro code  0x0800307c    0xb9c  app_data.o [1]
  .text               ro code  0x08003c18    0xd98  GridEye.o [1]
  .text               ro code  0x080049b0    0x4c0  VMonitor.o [1]
  .text               ro code  0x08004e70    0x6c8  Humidity.o [1]
  .text               ro code  0x08005538    0x16c  Temperature.o [1]
  .text               ro code  0x080056a4    0x344  RGBLight.o [1]
  .text               ro code  0x080059e8    0x1c4  gpio.o [1]
  .text               ro code  0x08005bac    0x4e0  i2c.o [1]
  .text               ro code  0x0800608c    0x1b0  stm32l1xx_hal_cortex.o [1]
  .text               ro code  0x0800623c    0x8ec  stm32l1xx_hal_uart.o [1]
  .text               ro code  0x08006b28    0x556  main.o [1]
  .text               ro code  0x08007080    0x378  stm32l1xx_hal_gpio.o [1]
  .text               ro code  0x080073f8    0x1b0  gecko_bglib.o [1]
  .text               ro code  0x080075a8    0x13e  ErrorCodes.o [1]
  .text               ro code  0x080076e6     0x2c  strncmp.o [3]
  .text               ro code  0x08007714    0x2bc  adc.o [1]
  .text               ro code  0x080079d0    0x240  fix_fft.o [1]
  .text               ro code  0x08007c10     0x30  I32ToDbl.o [4]
  .text               ro code  0x08007c40     0xf0  sqrt.o [4]
  .text               ro code  0x08007d30     0x90  DblToFlt.o [4]
  .text               ro code  0x08007dc0     0x44  FltToS32.o [4]
  .text               ro code  0x08007e04   0x119e  xprintffull.o [3]
  .text               ro code  0x08008fa4    0x248  lps25hb.o [1]
  .text               ro code  0x080091ec     0x4e  FltToDbl.o [4]
  .text               ro code  0x0800923c    0x1a2  DblMul.o [4]
  .text               ro code  0x080093e0     0x58  DblToI32.o [4]
  .text               ro code  0x08009438     0xb8  modf.o [4]
  .text               ro code  0x080094f0     0xd8  FltMul.o [4]
  .text               ro code  0x080095c8     0xe8  DblAdd.o [4]
  .text               ro code  0x080096b0    0x128  wwdg.o [1]
  .text               ro code  0x080097d8     0x42  strcmp_unaligned.o [5]
  .text               ro code  0x0800981c     0x48  stm32l1xx_hal.o [1]
  .text               ro code  0x08009864     0x6c  strncpy_unaligned.o [5]
  .text               ro code  0x080098d0     0x32  I32ToFlt.o [4]
  .text               ro code  0x08009904     0x44  round.o [4]
  .text               ro code  0x08009948     0x24  FltCmpGe.o [4]
  .text               ro code  0x0800996c     0xfc  FltDiv.o [4]
  .text               ro code  0x08009a68     0x84  FltAdd.o [4]
  .text               ro code  0x08009aec   0x1018  stm32l1xx_hal_i2c.o [1]
  .text               ro code  0x0800ab04    0xcd4  stm32l1xx_hal_rcc.o [1]
  .text               ro code  0x0800b7d8     0x30  dma.o [1]
  .text               ro code  0x0800b808    0x224  tim.o [1]
  .text               ro code  0x0800ba2c    0x82a  stm32l1xx_hal_adc.o [1]
  .text               ro code  0x0800c258    0xefe  stm32l1xx_hal_dma.o [1]
  .text               ro code  0x0800d156     0x1c  fix_fft.o [1]
  .text               ro code  0x0800d174      0xc  iarEdom.o [5]
  .text               ro code  0x0800d180     0x20  xmbtowc.o [3]
  .text               ro code  0x0800d1a0     0x16  strchr.o [5]
  .text               ro code  0x0800d1b8     0x58  memchr.o [5]
  .text               ro code  0x0800d210      0xa  xmbcurmax.o [3]
  .text               ro code  0x0800d21c     0xb0  xxmemxmalloc.o [3]
  .text               ro code  0x0800d2cc     0x1a  xwctomb.o [3]
  .text               ro code  0x0800d2e8     0x76  ABImemcpy_unaligned.o [5]
  .text               ro code  0x0800d360     0x80  xxmemxfree.o [3]
  .text               ro code  0x0800d3e0     0xee  I64DivMod.o [5]
  .text               ro code  0x0800d4ce     0x44  xdnorm.o [4]
  .text               ro code  0x0800d514     0x2e  DblCmpLe.o [4]
  .text               ro code  0x0800d544     0x2e  DblCmpGe.o [4]
  .text               ro code  0x0800d574    0x10c  xdscale.o [4]
  .text               ro code  0x0800d680    0x180  DblSub.o [4]
  .text               ro code  0x0800d800    0x256  DblDiv.o [4]
  .text               ro code  0x0800da58     0x6c  localeconv.o [3]
  .text               ro code  0x0800dac4      0xe  div.o [3]
  .text               ro code  0x0800dad2     0xd6  stm32l1xx_hal_wwdg.o [1]
  .text               ro code  0x0800dba8    0x158  Flash.o [1]
  .text               ro code  0x0800dd00     0x90  stm32l1xx_hal_timebase_TIM.o [1]
  .text               ro code  0x0800dd90     0x98  stm32l1xx_hal_msp.o [1]
  .text               ro code  0x0800de28     0x5e  ABImemset.o [5]
  .text               ro code  0x0800de86     0x7a  xdint.o [4]
  .text               ro code  0x0800df00     0xd6  FltSub.o [4]
  .text               ro code  0x0800dfd8     0x10  stm32l1xx_hal_pwr_ex.o [1]
  .text               ro code  0x0800dfe8    0x3da  stm32l1xx_hal_tim.o [1]
  .text               ro code  0x0800e3c2     0x5e  stm32l1xx_hal_tim_ex.o [1]
  .text               ro code  0x0800e420      0xc  errno.o [3]
  .text               ro code  0x0800e42c     0x14  setlocale.o [3]
  .text               ro code  0x0800e440     0x60  xencoding_sb.o [3]
  .text               ro code  0x0800e4a0     0x2c  xgetmemchunk.o [3]
  .text               ro code  0x0800e4cc      0x2  I64DivZer.o [5]
  .text               ro code  0x0800e4ce      0x2  xtls.o [3]
  .text               ro code  0x0800e4d0    0x198  stm32l1xx_hal_flash.o [1]
  .text               ro code  0x0800e668     0x5e  ceil.o [4]
  .text               ro code  0x0800e6c8     0xcc  stm32l1xx_hal_flash_ex.o [1]
  .text               ro code  0x0800e794   0x1074  stm32l1xx_hal_pcd.o [1]
  .text               ro code  0x0800f808    0x198  usbd_conf.o [1]
  .text               ro code  0x0800f9a0    0x2c8  usbd_core.o [1]
  .text               ro code  0x0800fc68    0x608  usbd_ctlreq.o [1]
  .text               ro code  0x08010270     0x90  usbd_ioreq.o [1]
  .text               ro code  0x08010300    0x224  tasks.o [1]
  CODE                ro code  0x08010524     0x94  portasm.o [1]
  .text               ro code  0x080105b8     0x40  list.o [1]
  .text               ro code  0x080105f8     0x84  stm32l1xx_it.o [1]
  .text               ro code  0x0801067c     0x10  cmsis_os.o [1]
  .text               ro code  0x0801068c     0x24  port.o [1]
  .rodata             const    0x080106b0     0x80  fix_fft.o [1]
  .text               ro code  0x08010730     0x64  system_stm32l1xx.o [1]
  .rodata             const    0x08010794     0x58  ErrorCodes.o [1]
  .rodata             const    0x080107ec     0x48  parser.o [1]
  .rodata             const    0x08010834     0x48  parser.o [1]
  .rodata             const    0x0801087c     0x44  parser.o [1]
  .rodata             const    0x080108c0     0x44  parser.o [1]
  .rodata             const    0x08010904     0x44  parser.o [1]
  .rodata             const    0x08010948     0x40  main.o [1]
  .rodata             const    0x08010988     0x40  main.o [1]
  .rodata             const    0x080109c8     0x40  parser.o [1]
  .rodata             const    0x08010a08     0x40  parser.o [1]
  .rodata             const    0x08010a48     0x40  parser.o [1]
  .rodata             const    0x08010a88     0x40  parser.o [1]
  .rodata             const    0x08010ac8     0x40  parser.o [1]
  .rodata             const    0x08010b08     0x40  parser.o [1]
  .text               ro code  0x08010b48     0x40  zero_init3.o [5]
  .rodata             const    0x08010b88     0x3c  parser.o [1]
  .rodata             const    0x08010bc4     0x3c  parser.o [1]
  .rodata             const    0x08010c00     0x3c  parser.o [1]
  .rodata             const    0x08010c3c     0x3c  parser.o [1]
  .rodata             const    0x08010c78     0x38  parser.o [1]
  .rodata             const    0x08010cb0     0x38  parser.o [1]
  .rodata             const    0x08010ce8     0x38  parser.o [1]
  .rodata             const    0x08010d20     0x38  parser.o [1]
  .rodata             const    0x08010d58     0x38  parser.o [1]
  .text               ro code  0x08010d90     0x38  packbits_init_single.o [5]
  .rodata             const    0x08010dc8     0x34  main.o [1]
  .rodata             const    0x08010dfc     0x34  parser.o [1]
  .rodata             const    0x08010e30     0x34  parser.o [1]
  .rodata             const    0x08010e64     0x34  parser.o [1]
  .rodata             const    0x08010e98     0x34  parser.o [1]
  .rodata             const    0x08010ecc     0x30  parser.o [1]
  .rodata             const    0x08010efc     0x30  parser.o [1]
  .rodata             const    0x08010f2c     0x30  parser.o [1]
  .rodata             const    0x08010f5c     0x30  parser.o [1]
  .rodata             const    0x08010f8c     0x30  parser.o [1]
  .rodata             const    0x08010fbc     0x2c  main.o [1]
  .rodata             const    0x08010fe8     0x2c  parser.o [1]
  .rodata             const    0x08011014     0x2c  parser.o [1]
  .rodata             const    0x08011040     0x2c  parser.o [1]
  .rodata             const    0x0801106c     0x2c  parser.o [1]
  .rodata             const    0x08011098     0x2c  parser.o [1]
  .rodata             const    0x080110c4     0x2c  parser.o [1]
  .rodata             const    0x080110f0     0x2c  parser.o [1]
  .rodata             const    0x0801111c     0x2c  parser.o [1]
  .rodata             const    0x08011148     0x28  parser.o [1]
  .rodata             const    0x08011170     0x28  parser.o [1]
  .rodata             const    0x08011198     0x28  parser.o [1]
  .rodata             const    0x080111c0     0x28  parser.o [1]
  .rodata             const    0x080111e8     0x28  parser.o [1]
  .rodata             const    0x08011210     0x28  parser.o [1]
  .rodata             const    0x08011238     0x28  parser.o [1]
  .rodata             const    0x08011260     0x28  parser.o [1]
  .rodata             const    0x08011288     0x28  parser.o [1]
  .rodata             const    0x080112b0     0x28  parser.o [1]
  .rodata             const    0x080112d8     0x28  parser.o [1]
  .rodata             const    0x08011300     0x28  parser.o [1]
  .rodata             const    0x08011328     0x28  parser.o [1]
  .rodata             const    0x08011350     0x28  parser.o [1]
  .rodata             const    0x08011378     0x28  parser.o [1]
  .rodata             const    0x080113a0     0x28  parser.o [1]
  .rodata             const    0x080113c8     0x28  parser.o [1]
  .rodata             const    0x080113f0     0x28  parser.o [1]
  .rodata             const    0x08011418     0x28  parser.o [1]
  .rodata             const    0x08011440     0x28  parser.o [1]
  .rodata             const    0x08011468     0x28  parser.o [1]
  .rodata             const    0x08011490     0x28  parser.o [1]
  .rodata             const    0x080114b8     0x28  parser.o [1]
  .rodata             const    0x080114e0     0x28  parser.o [1]
  .rodata             const    0x08011508     0x28  parser.o [1]
  .rodata             const    0x08011530     0x28  parser.o [1]
  .rodata             const    0x08011558     0x28  parser.o [1]
  .rodata             const    0x08011580     0x28  parser.o [1]
  .rodata             const    0x080115a8     0x28  parser.o [1]
  .rodata             const    0x080115d0     0x28  parser.o [1]
  .rodata             const    0x080115f8     0x28  parser.o [1]
  .rodata             const    0x08011620     0x28  parser.o [1]
  .rodata             const    0x08011648     0x28  parser.o [1]
  .text               ro code  0x08011670     0x28  data_init.o [5]
  .rodata             const    0x08011698     0x24  parser.o [1]
  .rodata             const    0x080116bc     0x24  parser.o [1]
  .rodata             const    0x080116e0     0x24  parser.o [1]
  .rodata             const    0x08011704     0x24  parser.o [1]
  .rodata             const    0x08011728     0x24  parser.o [1]
  .rodata             const    0x0801174c     0x24  parser.o [1]
  .rodata             const    0x08011770     0x24  parser.o [1]
  .rodata             const    0x08011794     0x24  parser.o [1]
  .iar.init_table     const    0x080117b8     0x28  - Linker created -
  .rodata             const    0x080117e0     0x20  app_data.o [1]
  .rodata             const    0x08011800     0x20  bgm111.o [1]
  .rodata             const    0x08011820     0x20  parser.o [1]
  .rodata             const    0x08011840     0x20  parser.o [1]
  .rodata             const    0x08011860     0x20  parser.o [1]
  .rodata             const    0x08011880     0x20  parser.o [1]
  .rodata             const    0x080118a0     0x20  parser.o [1]
  .rodata             const    0x080118c0     0x20  parser.o [1]
  .rodata             const    0x080118e0     0x20  parser.o [1]
  .rodata             const    0x08011900     0x20  parser.o [1]
  .rodata             const    0x08011920     0x20  parser.o [1]
  .rodata             const    0x08011940     0x20  parser.o [1]
  .rodata             const    0x08011960     0x20  parser.o [1]
  .rodata             const    0x08011980     0x1c  bgm111.o [1]
  .rodata             const    0x0801199c     0x1c  bgm111.o [1]
  .rodata             const    0x080119b8     0x1c  ErrorCodes.o [1]
  .rodata             const    0x080119d4     0x1c  parser.o [1]
  .rodata             const    0x080119f0     0x1c  parser.o [1]
  .rodata             const    0x08011a0c     0x1c  parser.o [1]
  .text               ro code  0x08011a28     0x1a  cmain.o [5]
  .text               ro code  0x08011a42      0x4  low_level_init.o [3]
  .text               ro code  0x08011a46      0x4  exit.o [3]
  .text               ro code  0x08011a4c      0xa  cexit.o [5]
  .text               ro code  0x08011a58     0x14  exit.o [6]
  .rodata             const    0x08011a6c     0x18  app_data.o [1]
  .rodata             const    0x08011a84     0x18  bgm111.o [1]
  .rodata             const    0x08011a9c     0x18  parser.o [1]
  .rodata             const    0x08011ab4     0x18  parser.o [1]
  .rodata             const    0x08011acc     0x18  parser.o [1]
  .rodata             const    0x08011ae4     0x18  parser.o [1]
  .rodata             const    0x08011afc     0x18  parser.o [1]
  .rodata             const    0x08011b14     0x18  parser.o [1]
  .rodata             const    0x08011b2c     0x18  parser.o [1]
  .rodata             const    0x08011b44     0x18  parser.o [1]
  .rodata             const    0x08011b5c     0x18  parser.o [1]
  .rodata             const    0x08011b74     0x18  parser.o [1]
  .rodata             const    0x08011b8c     0x18  parser.o [1]
  .rodata             const    0x08011ba4     0x14  app_data.o [1]
  .rodata             const    0x08011bb8     0x14  bgm111.o [1]
  .rodata             const    0x08011bcc     0x14  bgm111.o [1]
  .rodata             const    0x08011be0     0x14  ErrorCodes.o [1]
  .rodata             const    0x08011bf4     0x14  gpio.o [1]
  .rodata             const    0x08011c08     0x14  parser.o [1]
  .rodata             const    0x08011c1c     0x14  parser.o [1]
  .rodata             const    0x08011c30     0x14  parser.o [1]
  .rodata             const    0x08011c44     0x14  parser.o [1]
  .rodata             const    0x08011c58     0x14  parser.o [1]
  .rodata             const    0x08011c6c     0x14  parser.o [1]
  .rodata             const    0x08011c80     0x14  parser.o [1]
  .rodata             const    0x08011c94     0x14  parser.o [1]
  .rodata             const    0x08011ca8     0x14  parser.o [1]
  .rodata             const    0x08011cbc     0x10  app_data.o [1]
  .rodata             const    0x08011ccc     0x10  app_data.o [1]
  .rodata             const    0x08011cdc     0x10  app_data.o [1]
  .rodata             const    0x08011cec     0x10  app_data.o [1]
  .rodata             const    0x08011cfc     0x10  app_data.o [1]
  .rodata             const    0x08011d0c     0x10  bgm111.o [1]
  .rodata             const    0x08011d1c     0x10  bgm111.o [1]
  .rodata             const    0x08011d2c     0x10  bgm111.o [1]
  .rodata             const    0x08011d3c     0x10  bgm111.o [1]
  .rodata             const    0x08011d4c     0x10  bgm111.o [1]
  .rodata             const    0x08011d5c     0x10  main.o [1]
  .rodata             const    0x08011d6c     0x10  parser.o [1]
  .rodata             const    0x08011d7c     0x10  parser.o [1]
  .rodata             const    0x08011d8c     0x10  parser.o [1]
  .rodata             const    0x08011d9c     0x10  parser.o [1]
  .rodata             const    0x08011dac     0x10  parser.o [1]
  .rodata             const    0x08011dbc     0x10  parser.o [1]
  .rodata             const    0x08011dcc     0x10  parser.o [1]
  .rodata             const    0x08011ddc     0x10  system_stm32l1xx.o [1]
  .text               ro code  0x08011dec     0x10  startup_stm32l152xe.o [1]
  .rodata             const    0x08011dfc      0xc  app_data.o [1]
  .rodata             const    0x08011e08      0xc  bgm111.o [1]
  .rodata             const    0x08011e14      0xc  bgm111.o [1]
  .rodata             const    0x08011e20      0xc  bgm111.o [1]
  .rodata             const    0x08011e2c      0xc  bgm111.o [1]
  .rodata             const    0x08011e38      0xc  bgm111.o [1]
  .rodata             const    0x08011e44      0xc  parser.o [1]
  .rodata             const    0x08011e50      0xc  parser.o [1]
  .rodata             const    0x08011e5c      0xc  parser.o [1]
  .rodata             const    0x08011e68      0xc  parser.o [1]
  .rodata             const    0x08011e74      0xc  parser.o [1]
  .rodata             const    0x08011e80      0xc  parser.o [1]
  .rodata             const    0x08011e8c      0xc  parser.o [1]
  .rodata             const    0x08011e98      0xc  stm32l1xx_hal_rcc.o [1]
  .text               ro code  0x08011ea4      0xc  cstartup_M.o [5]
  .rodata             const    0x08011eb0      0x8  app_data.o [1]
  .rodata             const    0x08011eb8      0x8  barometer.o [1]
  .rodata             const    0x08011ec0      0x8  barometer.o [1]
  .rodata             const    0x08011ec8      0x8  barometer.o [1]
  .rodata             const    0x08011ed0      0x8  barometer.o [1]
  .rodata             const    0x08011ed8      0x8  barometer.o [1]
  .rodata             const    0x08011ee0      0x8  bgm111.o [1]
  .rodata             const    0x08011ee8      0x8  bgm111.o [1]
  .rodata             const    0x08011ef0      0x8  ErrorCodes.o [1]
  .rodata             const    0x08011ef8      0x8  ErrorCodes.o [1]
  .rodata             const    0x08011f00      0x8  ErrorCodes.o [1]
  .rodata             const    0x08011f08      0x8  ErrorCodes.o [1]
  .rodata             const    0x08011f10      0x8  ErrorCodes.o [1]
  .rodata             const    0x08011f18      0x8  ErrorCodes.o [1]
  .rodata             const    0x08011f20      0x8  ErrorCodes.o [1]
  .rodata             const    0x08011f28      0x8  ErrorCodes.o [1]
  .rodata             const    0x08011f30      0x8  ErrorCodes.o [1]
  .rodata             const    0x08011f38      0x8  ErrorCodes.o [1]
  .rodata             const    0x08011f40      0x8  ErrorCodes.o [1]
  .rodata             const    0x08011f48      0x8  ErrorCodes.o [1]
  .rodata             const    0x08011f50      0x8  ErrorCodes.o [1]
  .rodata             const    0x08011f58      0x8  ErrorCodes.o [1]
  .rodata             const    0x08011f60      0x8  ErrorCodes.o [1]
  .rodata             const    0x08011f68      0x8  ErrorCodes.o [1]
  .rodata             const    0x08011f70      0x8  ErrorCodes.o [1]
  .rodata             const    0x08011f78      0x8  ErrorCodes.o [1]
  .rodata             const    0x08011f80      0x8  ErrorCodes.o [1]
  .rodata             const    0x08011f88      0x8  ErrorCodes.o [1]
  .rodata             const    0x08011f90      0x8  ErrorCodes.o [1]
  .rodata             const    0x08011f98      0x8  GridEye.o [1]
  .rodata             const    0x08011fa0      0x8  GridEye.o [1]
  .rodata             const    0x08011fa8      0x8  GridEye.o [1]
  .rodata             const    0x08011fb0      0x8  Humidity.o [1]
  .rodata             const    0x08011fb8      0x8  Humidity.o [1]
  .rodata             const    0x08011fc0      0x8  Humidity.o [1]
  .rodata             const    0x08011fc8      0x8  Humidity.o [1]
  .rodata             const    0x08011fd0      0x8  main.o [1]
  .rodata             const    0x08011fd8      0x8  parser.o [1]
  .rodata             const    0x08011fe0      0x8  parser.o [1]
  .rodata             const    0x08011fe8      0x8  parser.o [1]
  .rodata             const    0x08011ff0      0x8  Rd_Sound.o [1]
  .rodata             const    0x08011ff8      0x8  RGBLight.o [1]
  .rodata             const    0x08012000      0x8  RGBLight.o [1]
  .rodata             const    0x08012008      0x8  system_stm32l1xx.o [1]
  .rodata             const    0x08012010      0x8  Temperature.o [1]
  .rodata             const    0x08012018      0x8  Temperature.o [1]
  .rodata             const    0x08012020      0x8  Temperature.o [1]
  .rodata             const    0x08012028      0x8  VMonitor.o [1]
  .rodata             const    0x08012030      0x8  VMonitor.o [1]
  .rodata             const    0x08012038      0x8  VMonitor.o [1]
  .rodata             const    0x08012040      0x8  VMonitor.o [1]
  .rodata             const    0x08012048      0x8  VMonitor.o [1]
  .rodata             const    0x08012050      0x4  stm32l1xx_hal_rcc.o [1]
  .text               ro code  0x08012054      0x4  startup_stm32l152xe.o [1]
  .text               ro code  0x08012058      0x4  startup_stm32l152xe.o [1]
  .text               ro code  0x0801205c      0x4  startup_stm32l152xe.o [1]
  .text               ro code  0x08012060      0x4  startup_stm32l152xe.o [1]
  .text               ro code  0x08012064      0x4  startup_stm32l152xe.o [1]
  .text               ro code  0x08012068      0x4  startup_stm32l152xe.o [1]
  .text               ro code  0x0801206c      0x4  startup_stm32l152xe.o [1]
  .text               ro code  0x08012070      0x4  startup_stm32l152xe.o [1]
  .text               ro code  0x08012074      0x4  startup_stm32l152xe.o [1]
  .text               ro code  0x08012078      0x4  startup_stm32l152xe.o [1]
  .text               ro code  0x0801207c      0x4  startup_stm32l152xe.o [1]
  .text               ro code  0x08012080      0x4  startup_stm32l152xe.o [1]
  .text               ro code  0x08012084      0x4  startup_stm32l152xe.o [1]
  .text               ro code  0x08012088      0x4  startup_stm32l152xe.o [1]
  .text               ro code  0x0801208c      0x4  startup_stm32l152xe.o [1]
  .text               ro code  0x08012090      0x4  startup_stm32l152xe.o [1]
  .text               ro code  0x08012094      0x4  startup_stm32l152xe.o [1]
  .text               ro code  0x08012098      0x4  startup_stm32l152xe.o [1]
  .text               ro code  0x0801209c      0x4  startup_stm32l152xe.o [1]
  .text               ro code  0x080120a0      0x4  startup_stm32l152xe.o [1]
  .text               ro code  0x080120a4      0x4  startup_stm32l152xe.o [1]
  .text               ro code  0x080120a8      0x4  startup_stm32l152xe.o [1]
  .text               ro code  0x080120ac      0x4  startup_stm32l152xe.o [1]
  .text               ro code  0x080120b0      0x4  startup_stm32l152xe.o [1]
  .text               ro code  0x080120b4      0x4  startup_stm32l152xe.o [1]
  .text               ro code  0x080120b8      0x4  startup_stm32l152xe.o [1]
  .text               ro code  0x080120bc      0x4  startup_stm32l152xe.o [1]
  .text               ro code  0x080120c0      0x4  startup_stm32l152xe.o [1]
  .text               ro code  0x080120c4      0x4  startup_stm32l152xe.o [1]
  .text               ro code  0x080120c8      0x4  startup_stm32l152xe.o [1]
  .text               ro code  0x080120cc      0x4  startup_stm32l152xe.o [1]
  .text               ro code  0x080120d0      0x4  startup_stm32l152xe.o [1]
  .text               ro code  0x080120d4      0x4  startup_stm32l152xe.o [1]
  .text               ro code  0x080120d8      0x4  startup_stm32l152xe.o [1]
  .text               ro code  0x080120dc      0x4  startup_stm32l152xe.o [1]
  .text               ro code  0x080120e0      0x4  startup_stm32l152xe.o [1]
  .text               ro code  0x080120e4      0x4  startup_stm32l152xe.o [1]
  .text               ro code  0x080120e8      0x4  startup_stm32l152xe.o [1]
  .text               ro code  0x080120ec      0x4  startup_stm32l152xe.o [1]
  .text               ro code  0x080120f0      0x4  startup_stm32l152xe.o [1]
  .text               ro code  0x080120f4      0x4  startup_stm32l152xe.o [1]
  .text               ro code  0x080120f8      0x4  startup_stm32l152xe.o [1]
  .text               ro code  0x080120fc      0x4  startup_stm32l152xe.o [1]
  .text               ro code  0x08012100      0x4  startup_stm32l152xe.o [1]
  .text               ro code  0x08012104      0x4  startup_stm32l152xe.o [1]
  .text               ro code  0x08012108      0x4  startup_stm32l152xe.o [1]
  .text               ro code  0x0801210c      0x4  startup_stm32l152xe.o [1]
  .text               ro code  0x08012110      0x4  startup_stm32l152xe.o [1]
  .text               ro code  0x08012114      0x4  startup_stm32l152xe.o [1]
  .text               ro code  0x08012118      0x4  startup_stm32l152xe.o [1]
  .rodata             const    0x0801211c      0x0  zero_init3.o [5]
  .rodata             const    0x0801211c      0x0  packbits_init_single.o [5]
  Initializer bytes   const    0x0801211c     0x54  <for P2-1>
                             - 0x08012170  0x1204c

Absolute sections:                            0x10
  .bss                zero     0x08070000     0x10  wwdg.o [1]
                             - 0x08070010     0x10

"P2", part 1 of 3:                           0x14c
  P2-1                         0x20000000    0x14c  <Init block>
    .data             inited   0x20000000      0xc  adc.o [1]
    .data             inited   0x2000000c      0x4  bgm111.o [1]
    .data             inited   0x20000010      0x4  bgm111.o [1]
    .data             inited   0x20000014     0x24  gpio.o [1]
    .data             inited   0x20000038      0x4  system_stm32l1xx.o [1]
    .data             inited   0x2000003c      0x4  tim.o [1]
    .data             inited   0x20000040      0x4  tim.o [1]
    .data             inited   0x20000044      0x4  tim.o [1]
    .data             inited   0x20000048      0x4  usart.o [1]
    __DLIB_PERTHREAD  inited   0x2000004c     0x88  localeconv.o [3]
    __DLIB_PERTHREAD  inited   0x200000d4      0x4  errno.o [3]
    __DLIB_PERTHREAD  inited   0x200000d8     0x74  setlocale.o [3]
                             - 0x2000014c    0x14c

"P2", part 2 of 3:                          0x1000
  CSTACK                       0x20000150   0x1000  <Block>
    CSTACK            uninit   0x20000150   0x1000  <Block tail>
  HEAP                         0x20001150      0x0  <Block>
                             - 0x20001150   0x1000

"P2", part 3 of 3:                          0x2454
  .bss                zero     0x20001150    0xf78  bgm111.o [1]
  .bss                zero     0x200020c8    0x324  bgm111.o [1]
  .bss                zero     0x200023ec    0x324  ErrorCodes.o [1]
  .bss                zero     0x20002710    0x248  app_data.o [1]
  .bss                zero     0x20002958    0x248  app_data.o [1]
  .bss                zero     0x20002ba0    0x220  usbd_conf.o [1]
  .bss                zero     0x20002dc0    0x1a0  bgm111.o [1]
  .bss                zero     0x20002f60     0x8c  tasks.o [1]
  .bss                zero     0x20002fec     0x84  bgm111.o [1]
  .bss                zero     0x20003070     0x84  bgm111.o [1]
  .bss                zero     0x200030f4     0x80  Rd_Sound.o [1]
  .bss                zero     0x20003174     0x80  Rd_Sound.o [1]
  .bss                zero     0x200031f4     0x80  Rd_Sound.o [1]
  .bss                zero     0x20003274     0x54  adc.o [1]
  .bss                zero     0x200032c8     0x40  usart.o [1]
  .bss                zero     0x20003308     0x40  usart.o [1]
  .bss                zero     0x20003348     0x3c  i2c.o [1]
  .bss                zero     0x20003384     0x38  adc.o [1]
  .bss                zero     0x200033bc     0x38  stm32l1xx_hal_timebase_TIM.o [1]
  .bss                zero     0x200033f4     0x38  tim.o [1]
  .bss                zero     0x2000342c     0x38  tim.o [1]
  .bss                zero     0x20003464     0x28  bgm111.o [1]
  .bss                zero     0x2000348c     0x28  usart.o [1]
  .bss                zero     0x200034b4     0x1c  Flash.o [1]
  .bss                zero     0x200034d0     0x18  stm32l1xx_hal_flash.o [1]
  .bss                zero     0x200034e8     0x14  wwdg.o [1]
  .bss                zero     0x200034fc     0x10  wwdg.o [1]
  .bss                zero     0x2000350c      0xc  adc.o [1]
  .bss                zero     0x20003518      0xc  app_data.o [1]
  .bss                zero     0x20003524      0xc  Flash.o [1]
  .bss                zero     0x20003530      0x8  xxmemxmalloc.o [3]
  .bss                zero     0x20003538      0x4  app_data.o [1]
  .bss                zero     0x2000353c      0x4  bgm111.o [1]
  .bss                zero     0x20003540      0x4  bgm111.o [1]
  .bss                zero     0x20003544      0x4  bgm111.o [1]
  .bss                zero     0x20003548      0x4  bgm111.o [1]
  .bss                zero     0x2000354c      0x4  bgm111.o [1]
  .bss                zero     0x20003550      0x4  Flash.o [1]
  .bss                zero     0x20003554      0x4  stm32l1xx_hal.o [1]
  .bss                zero     0x20003558      0x4  tasks.o [1]
  .bss                zero     0x2000355c      0x4  tasks.o [1]
  .bss                zero     0x20003560      0x4  tasks.o [1]
  .bss                zero     0x20003564      0x4  tasks.o [1]
  .bss                zero     0x20003568      0x4  tasks.o [1]
  .bss                zero     0x2000356c      0x4  tasks.o [1]
  .bss                zero     0x20003570      0x4  tasks.o [1]
  .bss                zero     0x20003574      0x4  tasks.o [1]
  .bss                zero     0x20003578      0x4  tasks.o [1]
  .bss                zero     0x2000357c      0x4  tasks.o [1]
  .bss                zero     0x20003580      0x4  tasks.o [1]
  .bss                zero     0x20003584      0x4  usart.o [1]
  .bss                zero     0x20003588      0x4  usart.o [1]
  .bss                zero     0x2000358c      0x4  wwdg.o [1]
  .bss                zero     0x20003590      0x4  xgetmemchunk.o [3]
  .bss                zero     0x20003594      0x2  app_data.o [1]
  .bss                zero     0x20003596      0x2  app_data.o [1]
  .bss                zero     0x20003598      0x1  adc.o [1]
  .bss                zero     0x20003599      0x1  adc.o [1]
  .bss                zero     0x2000359a      0x1  adc.o [1]
  .bss                zero     0x2000359b      0x1  bgm111.o [1]
  .bss                zero     0x2000359c      0x1  parser.o [1]
  .bss                zero     0x2000359d      0x1  tim.o [1]
  .bss                zero     0x2000359e      0x1  tim.o [1]
  .bss                zero     0x2000359f      0x1  usart.o [1]
  .bss                zero     0x200035a0      0x1  usart.o [1]
  .bss                zero     0x200035a1      0x1  usart.o [1]
  .bss                zero     0x200035a2      0x1  usbd_ctlreq.o [1]
  .bss                zero     0x200035a3      0x1  wwdg.o [1]
                             - 0x200035a4   0x2454


*******************************************************************************
*** INIT TABLE
***

          Address     Size
          -------     ----
Zero (__iar_zero_init3)
    2 destination ranges, total size 0x2464:
          0x08070000    0x10
          0x20001150  0x2454

Copy/packbits (__iar_packbits_init_single3)
    1 source range, total size 0x54 (25% of destination):
          0x0801211c    0x54
    1 destination range, total size 0x14c:
          0x20000000   0x14c



*******************************************************************************
*** MODULE SUMMARY
***

    Module                        ro code  ro data  rw data  rw data
                                                              (abs)
    ------                        -------  -------  -------  -------
D:\GoogleDriveCLT\GoogleDrive\WeatherCloud\Roadboard\Software\Road-Board-December-2016\EWARM\Road Brd MSTR Rev L Long Always\Obj: [1]
    ErrorCodes.o                      318      304      804
    Flash.o                           344                44
    GridEye.o                       3 480       24
    Humidity.o                      1 736       32
    RGBLight.o                        836       16
    Rd_Sound.o                        560        8      384
    Temperature.o                     364       24
    VMonitor.o                      1 216       40
    adc.o                             700        3      167
    app_data.o                      2 972      176    1 188
    barometer.o                       504       40
    bgm111.o                        1 708      310    5 513
    cmsis_os.o                         16
    dma.o                              48
    fix_fft.o                         604      128
    gecko_bglib.o                     432
    gpio.o                            452       29       36
    i2c.o                           1 248                60
    list.o                             64
    lps25hb.o                         584
    main.o                          1 366      248
    parser.o                        7 924    4 760        1
    port.o                             36
    portasm.o                         148
    startup_stm32l152xe.o             508
    stm32l1xx_hal.o                    72                 4
    stm32l1xx_hal_adc.o             2 090
    stm32l1xx_hal_cortex.o            432
    stm32l1xx_hal_dma.o             3 838
    stm32l1xx_hal_flash.o             408                24
    stm32l1xx_hal_flash_ex.o          204
    stm32l1xx_hal_gpio.o              888
    stm32l1xx_hal_i2c.o             4 120
    stm32l1xx_hal_msp.o               152
    stm32l1xx_hal_pcd.o             4 212
    stm32l1xx_hal_pwr_ex.o             16
    stm32l1xx_hal_rcc.o             3 284       16
    stm32l1xx_hal_tim.o               986
    stm32l1xx_hal_tim_ex.o             94
    stm32l1xx_hal_timebase_TIM.o      144                56
    stm32l1xx_hal_uart.o            2 284
    stm32l1xx_hal_wwdg.o              214
    stm32l1xx_it.o                    132
    system_stm32l1xx.o                100       25        4
    tasks.o                           548               184
    tim.o                             548        3      126
    usart.o                         1 212        1      183
    usbd_conf.o                       408               544
    usbd_core.o                       712
    usbd_ctlreq.o                   1 544                 1
    usbd_ioreq.o                      144
    wwdg.o                            296                41       16
    ----------------------------------------------------------------
    Total:                         57 250    6 187    9 364       16

command line: [2]
    ----------------------------------------------------------------
    Total:

dl7M_tlf.a: [3]
    div.o                              14
    errno.o                            12        1        4
    exit.o                              4
    localeconv.o                      108       34      136
    low_level_init.o                    4
    setlocale.o                        20       30      116
    sprintf.o                          52
    strcat.o                           28
    strncmp.o                          44
    xencoding_sb.o                     96
    xgetmemchunk.o                     44                 4
    xmbcurmax.o                        10
    xmbtowc.o                          32
    xprintffull.o                   4 510
    xsprout.o                          10
    xtls.o                              2
    xwctomb.o                          26
    xxmemxfree.o                      128
    xxmemxmalloc.o                    176                 8
    ----------------------------------------------------------------
    Total:                          5 320       65      268

m7M_tl.a: [4]
    DblAdd.o                          232
    DblCmpGe.o                         46
    DblCmpLe.o                         46
    DblDiv.o                          598
    DblMul.o                          418
    DblSub.o                          384
    DblToFlt.o                        144
    DblToI32.o                         88
    FltAdd.o                          132
    FltCmpGe.o                         36
    FltDiv.o                          252
    FltMul.o                          216
    FltSub.o                          214
    FltToDbl.o                         78
    FltToS32.o                         68
    I32ToDbl.o                         48
    I32ToFlt.o                         50
    ceil.o                             94
    modf.o                            184
    round.o                            68
    sqrt.o                            240
    xdint.o                           122
    xdnorm.o                           68
    xdscale.o                         268
    ----------------------------------------------------------------
    Total:                          4 094

rt7M_tl.a: [5]
    ABImemcpy_unaligned.o             118
    ABImemset.o                        94
    I64DivMod.o                       238
    I64DivZer.o                         2
    cexit.o                            10
    cmain.o                            26
    cstartup_M.o                       12
    data_init.o                        40
    iarEdom.o                          12
    memchr.o                           88
    packbits_init_single.o             56
    strchr.o                           22
    strcmp_unaligned.o                 66
    strcpy_unaligned.o                 68
    strlen.o                           54
    strncpy_unaligned.o               108
    zero_init3.o                       64
    ----------------------------------------------------------------
    Total:                          1 078

shb_l.a: [6]
    exit.o                             20
    ----------------------------------------------------------------
    Total:                             20

    Gaps                               42
    Linker created                              40    4 096
--------------------------------------------------------------------
    Grand Total:                   67 804    6 292   13 728       16


*******************************************************************************
*** ENTRY LIST
***

Entry                      Address    Size  Type      Object
-----                      -------    ----  ----      ------
.iar.init_table$$Base   0x080117b8           --   Gb  - Linker created -
.iar.init_table$$Limit  0x080117e0           --   Gb  - Linker created -
?main                   0x08011a29          Code  Gb  cmain.o [5]
ADC_Channel             0x2000359a     0x1  Data  Lc  adc.o [1]
ADC_Config              0x0800784b    0xbe  Code  Gb  adc.o [1]
ADC_ConversionStop_Disable
                        0x0800c16d    0x4a  Code  Gb  stm32l1xx_hal_adc.o [1]
ADC_DMAConvCplt         0x0800c1b9    0x6e  Code  Lc  stm32l1xx_hal_adc.o [1]
ADC_DMAError            0x0800c239    0x1e  Code  Lc  stm32l1xx_hal_adc.o [1]
ADC_DMAHalfConvCplt     0x0800c229     0xe  Code  Lc  stm32l1xx_hal_adc.o [1]
ADC_Enable              0x0800c0cf    0x72  Code  Gb  stm32l1xx_hal_adc.o [1]
AHBPrescTable           0x08011ddc    0x10  Data  Gb  system_stm32l1xx.o [1]
APBPrescTable           0x08012008     0x8  Data  Gb  system_stm32l1xx.o [1]
BGM111_Connected        0x0800287f     0x8  Code  Gb  bgm111.o [1]
BGM111_DataConnected    0x08002887     0x8  Code  Gb  bgm111.o [1]
BGM111_Init             0x08002639    0x32  Code  Gb  bgm111.o [1]
BGM111_LowLevel_Init    0x08002599    0x2a  Code  Gb  bgm111.o [1]
BGM111_Peek             0x0800262f     0xa  Code  Gb  bgm111.o [1]
BGM111_ProcessInput     0x0800266b   0x20c  Code  Gb  bgm111.o [1]
BGM111_Ready            0x08002877     0x8  Code  Gb  bgm111.o [1]
BGM111_Receive          0x080025d1    0x5e  Code  Gb  bgm111.o [1]
BGM111_Transmit         0x08002915   0x11e  Code  Gb  bgm111.o [1]
BGM111_UART_IRQHandler  0x0800288f    0x84  Code  Gb  bgm111.o [1]
Bypass                  0x2000359c     0x1  Data  Lc  parser.o [1]
CSTACK$$Base            0x20000150           --   Gb  - Linker created -
CSTACK$$Limit           0x20001150           --   Gb  - Linker created -
Clear_Timer2_Flg        0x0800b971     0x8  Code  Gb  tim.o [1]
Clr_HeartBeat           0x08003a6d     0x8  Code  Gb  app_data.o [1]
Clr_HrtBeat_Cnt         0x08003a53     0x8  Code  Gb  app_data.o [1]
CodesArray              0x08010794    0x58  Data  Gb  ErrorCodes.o [1]
DMA1_Channel1_IRQHandler
                        0x08010601     0xa  Code  Gb  stm32l1xx_it.o [1]
DMA_SetConfig           0x0800d135    0x22  Code  Lc  stm32l1xx_hal_dma.o [1]
Error_Handler           0x08007051    0x2e  Code  Gb  main.o [1]
FIX_MPY                 0x0800d157    0x1c  Code  Gb  fix_fft.o [1]
FLASH_PageErase         0x0800e763    0x28  Code  Gb  stm32l1xx_hal_flash_ex.o [1]
FLASH_SetErrorCode      0x0800e5d7    0x6a  Code  Lc  stm32l1xx_hal_flash.o [1]
FLASH_WaitForLastOperation
                        0x0800e573    0x64  Code  Gb  stm32l1xx_hal_flash.o [1]
Get_DriverStates        0x0800397f    0x5c  Code  Gb  app_data.o [1]
Get_DriverStatus        0x080039db    0x78  Code  Gb  app_data.o [1]
HAL_ADC_ConfigChannel   0x0800bee9   0x1e6  Code  Gb  stm32l1xx_hal_adc.o [1]
HAL_ADC_ConvCpltCallback
                        0x08007987     0xe  Code  Gb  adc.o [1]
HAL_ADC_ConvHalfCpltCallback
                        0x080079c5     0x2  Code  Gb  adc.o [1]
HAL_ADC_DeInit          0x0800bbf3   0x134  Code  Gb  stm32l1xx_hal_adc.o [1]
HAL_ADC_ErrorCallback   0x080079c7     0xa  Code  Gb  adc.o [1]
HAL_ADC_Init            0x0800ba2d   0x1c6  Code  Gb  stm32l1xx_hal_adc.o [1]
HAL_ADC_MspDeInit       0x08007823    0x28  Code  Gb  adc.o [1]
HAL_ADC_MspInit         0x0800779d    0x86  Code  Gb  adc.o [1]
HAL_ADC_Start           0x0800bd27    0x88  Code  Gb  stm32l1xx_hal_adc.o [1]
HAL_ADC_Start_DMA       0x0800bdaf    0xcc  Code  Gb  stm32l1xx_hal_adc.o [1]
HAL_ADC_Stop_DMA        0x0800be7b    0x6e  Code  Gb  stm32l1xx_hal_adc.o [1]
HAL_DMA_Abort           0x0800c793    0x54  Code  Gb  stm32l1xx_hal_dma.o [1]
HAL_DMA_DeInit          0x0800c2b1   0x43e  Code  Gb  stm32l1xx_hal_dma.o [1]
HAL_DMA_IRQHandler      0x0800c7ed   0x906  Code  Gb  stm32l1xx_hal_dma.o [1]
HAL_DMA_Init            0x0800c259    0x58  Code  Gb  stm32l1xx_hal_dma.o [1]
HAL_DMA_Start_IT        0x0800c725    0x6e  Code  Gb  stm32l1xx_hal_dma.o [1]
HAL_Delay               0x08009845    0x1a  Code  Wk  stm32l1xx_hal.o [1]
HAL_FLASHEx_Erase       0x0800e6c9    0x9a  Code  Gb  stm32l1xx_hal_flash_ex.o [1]
HAL_FLASH_GetError      0x0800e56d     0x6  Code  Gb  stm32l1xx_hal_flash.o [1]
HAL_FLASH_Lock          0x0800e55d    0x10  Code  Gb  stm32l1xx_hal_flash.o [1]
HAL_FLASH_Program       0x0800e4d1    0x5c  Code  Gb  stm32l1xx_hal_flash.o [1]
HAL_FLASH_Unlock        0x0800e52d    0x30  Code  Gb  stm32l1xx_hal_flash.o [1]
HAL_GPIO_DeInit         0x08007253   0x13c  Code  Gb  stm32l1xx_hal_gpio.o [1]
HAL_GPIO_Init           0x08007081   0x1d2  Code  Gb  stm32l1xx_hal_gpio.o [1]
HAL_GPIO_ReadPin        0x0800738f    0x18  Code  Gb  stm32l1xx_hal_gpio.o [1]
HAL_GPIO_TogglePin      0x080073bb     0xa  Code  Gb  stm32l1xx_hal_gpio.o [1]
HAL_GPIO_WritePin       0x080073a7    0x14  Code  Gb  stm32l1xx_hal_gpio.o [1]
HAL_GetTick             0x0800983f     0x6  Code  Wk  stm32l1xx_hal.o [1]
HAL_I2C_ER_IRQHandler   0x0800a371    0xce  Code  Gb  stm32l1xx_hal_i2c.o [1]
HAL_I2C_EV_IRQHandler   0x0800a23d   0x134  Code  Gb  stm32l1xx_hal_i2c.o [1]
HAL_I2C_ErrorCallback   0x0800a44b     0x2  Code  Wk  stm32l1xx_hal_i2c.o [1]
HAL_I2C_GetError        0x0800a453     0x4  Code  Gb  stm32l1xx_hal_i2c.o [1]
HAL_I2C_GetState        0x0800a44d     0x6  Code  Gb  stm32l1xx_hal_i2c.o [1]
HAL_I2C_Init            0x08009aed   0x172  Code  Gb  stm32l1xx_hal_i2c.o [1]
HAL_I2C_MasterRxCpltCallback
                        0x0800a441     0x2  Code  Wk  stm32l1xx_hal_i2c.o [1]
HAL_I2C_MasterTxCpltCallback
                        0x0800a43f     0x2  Code  Wk  stm32l1xx_hal_i2c.o [1]
HAL_I2C_Master_Receive  0x08009d97   0x256  Code  Gb  stm32l1xx_hal_i2c.o [1]
HAL_I2C_Master_Receive_IT
                        0x0800a0d3   0x14e  Code  Gb  stm32l1xx_hal_i2c.o [1]
HAL_I2C_Master_Transmit
                        0x08009c5f   0x138  Code  Gb  stm32l1xx_hal_i2c.o [1]
HAL_I2C_Master_Transmit_IT
                        0x08009fed    0xe6  Code  Gb  stm32l1xx_hal_i2c.o [1]
HAL_I2C_MemRxCpltCallback
                        0x0800a449     0x2  Code  Wk  stm32l1xx_hal_i2c.o [1]
HAL_I2C_MemTxCpltCallback
                        0x0800a447     0x2  Code  Wk  stm32l1xx_hal_i2c.o [1]
HAL_I2C_MspInit         0x08005c0f    0x50  Code  Gb  i2c.o [1]
HAL_I2C_SlaveRxCpltCallback
                        0x0800a445     0x2  Code  Wk  stm32l1xx_hal_i2c.o [1]
HAL_I2C_SlaveTxCpltCallback
                        0x0800a443     0x2  Code  Wk  stm32l1xx_hal_i2c.o [1]
HAL_IncTick             0x08009833     0xc  Code  Wk  stm32l1xx_hal.o [1]
HAL_Init                0x0800981d    0x16  Code  Gb  stm32l1xx_hal.o [1]
HAL_InitTick            0x0800dd01    0x80  Code  Gb  stm32l1xx_hal_timebase_TIM.o [1]
HAL_MspInit             0x0800dd91    0x98  Code  Gb  stm32l1xx_hal_msp.o [1]
HAL_NVIC_DisableIRQ     0x080061cd     0xe  Code  Gb  stm32l1xx_hal_cortex.o [1]
HAL_NVIC_EnableIRQ      0x080061bf     0xe  Code  Gb  stm32l1xx_hal_cortex.o [1]
HAL_NVIC_SetPriority    0x08006199    0x26  Code  Gb  stm32l1xx_hal_cortex.o [1]
HAL_NVIC_SetPriorityGrouping
                        0x0800618d     0xc  Code  Gb  stm32l1xx_hal_cortex.o [1]
HAL_NVIC_SystemReset    0x080061db     0x8  Code  Gb  stm32l1xx_hal_cortex.o [1]
HAL_PCD_DataInStageCallback
                        0x0800f841    0x20  Code  Gb  usbd_conf.o [1]
HAL_PCD_DataOutStageCallback
                        0x0800f81f    0x22  Code  Gb  usbd_conf.o [1]
HAL_PCD_EP_ClrStall     0x0800f6ff   0x10a  Code  Gb  stm32l1xx_hal_pcd.o [1]
HAL_PCD_EP_Open         0x0800edb1   0x476  Code  Gb  stm32l1xx_hal_pcd.o [1]
HAL_PCD_EP_Receive      0x0800f227   0x1ac  Code  Gb  stm32l1xx_hal_pcd.o [1]
HAL_PCD_EP_SetStall     0x0800f621    0xde  Code  Gb  stm32l1xx_hal_pcd.o [1]
HAL_PCD_EP_Transmit     0x0800f3d3   0x24e  Code  Gb  stm32l1xx_hal_pcd.o [1]
HAL_PCD_IRQHandler      0x0800ec3b   0x144  Code  Gb  stm32l1xx_hal_pcd.o [1]
HAL_PCD_ResetCallback   0x0800f86f    0x2c  Code  Gb  usbd_conf.o [1]
HAL_PCD_ResumeCallback  0x0800f8bb     0xe  Code  Gb  usbd_conf.o [1]
HAL_PCD_SOFCallback     0x0800f861     0xe  Code  Gb  usbd_conf.o [1]
HAL_PCD_SetAddress      0x0800ed7f    0x32  Code  Gb  stm32l1xx_hal_pcd.o [1]
HAL_PCD_SetupStageCallback
                        0x0800f809    0x16  Code  Gb  usbd_conf.o [1]
HAL_PCD_SuspendCallback
                        0x0800f89b    0x20  Code  Gb  usbd_conf.o [1]
HAL_PWREx_GetVoltageRange
                        0x0800dfd9     0xa  Code  Gb  stm32l1xx_hal_pwr_ex.o [1]
HAL_RCC_ClockConfig     0x0800b32f   0x2a0  Code  Gb  stm32l1xx_hal_rcc.o [1]
HAL_RCC_GetClockConfig  0x0800b6d5    0x3a  Code  Gb  stm32l1xx_hal_rcc.o [1]
HAL_RCC_GetHCLKFreq     0x0800b679     0x6  Code  Gb  stm32l1xx_hal_rcc.o [1]
HAL_RCC_GetPCLK1Freq    0x0800b67f    0x20  Code  Gb  stm32l1xx_hal_rcc.o [1]
HAL_RCC_GetPCLK2Freq    0x0800b69f    0x20  Code  Gb  stm32l1xx_hal_rcc.o [1]
HAL_RCC_GetSysClockFreq
                        0x0800b5cf    0xaa  Code  Gb  stm32l1xx_hal_rcc.o [1]
HAL_RCC_OscConfig       0x0800ab05   0x82a  Code  Gb  stm32l1xx_hal_rcc.o [1]
HAL_SYSTICK_CLKSourceConfig
                        0x080061ef    0x22  Code  Gb  stm32l1xx_hal_cortex.o [1]
HAL_SYSTICK_Config      0x080061e3     0xc  Code  Gb  stm32l1xx_hal_cortex.o [1]
HAL_TIMEx_MasterConfigSynchronization
                        0x0800e3c3    0x5e  Code  Gb  stm32l1xx_hal_tim_ex.o [1]
HAL_TIM_Base_Init       0x0800dfe9    0x38  Code  Gb  stm32l1xx_hal_tim.o [1]
HAL_TIM_Base_MspInit    0x0800b8d3    0x48  Code  Gb  tim.o [1]
HAL_TIM_Base_Start_IT   0x0800e021    0x1e  Code  Gb  stm32l1xx_hal_tim.o [1]
HAL_TIM_ConfigClockSource
                        0x0800e179   0x122  Code  Gb  stm32l1xx_hal_tim.o [1]
HAL_TIM_IC_CaptureCallback
                        0x0800e29d     0x2  Code  Wk  stm32l1xx_hal_tim.o [1]
HAL_TIM_IRQHandler      0x0800e03f   0x13a  Code  Gb  stm32l1xx_hal_tim.o [1]
HAL_TIM_OC_DelayElapsedCallback
                        0x0800e29b     0x2  Code  Wk  stm32l1xx_hal_tim.o [1]
HAL_TIM_PWM_PulseFinishedCallback
                        0x0800e29f     0x2  Code  Wk  stm32l1xx_hal_tim.o [1]
HAL_TIM_PeriodElapsedCallback
                        0x0800b91b    0x56  Code  Gb  tim.o [1]
HAL_TIM_StartTimer2     0x0800b9dd    0x12  Code  Gb  tim.o [1]
HAL_TIM_StartTimer3     0x0800b9ef    0x12  Code  Gb  tim.o [1]
HAL_TIM_TriggerCallback
                        0x0800e2a1     0x2  Code  Wk  stm32l1xx_hal_tim.o [1]
HAL_UART_EnableBGM_RX   0x080024eb    0x32  Code  Gb  usart.o [1]
HAL_UART_EnableBGM_TXE  0x080024d9    0x12  Code  Gb  usart.o [1]
HAL_UART_ErrorCallback  0x080024d7     0x2  Code  Gb  usart.o [1]
HAL_UART_IRQHandler     0x080064a3   0x11a  Code  Gb  stm32l1xx_hal_uart.o [1]
HAL_UART_Init           0x0800623d    0x72  Code  Gb  stm32l1xx_hal_uart.o [1]
HAL_UART_MspInit        0x0800214f    0xba  Code  Gb  usart.o [1]
HAL_UART_Receive_IT     0x0800641b    0x88  Code  Gb  stm32l1xx_hal_uart.o [1]
HAL_UART_RxCpltCallback
                        0x08002427    0xb0  Code  Gb  usart.o [1]
HAL_UART_RxCpltCallback::len
                        0x20003588     0x4  Data  Lc  usart.o [1]
HAL_UART_RxCpltCallback::temp_ptr
                        0x20003584     0x4  Data  Lc  usart.o [1]
HAL_UART_Transmit       0x080062af    0xfc  Code  Gb  stm32l1xx_hal_uart.o [1]
HAL_UART_Transmit_IT    0x080063ab    0x70  Code  Gb  stm32l1xx_hal_uart.o [1]
HAL_UART_TxCpltCallback
                        0x080023eb    0x20  Code  Gb  usart.o [1]
HAL_WWDG_IRQHandler     0x0800db7d    0x2c  Code  Gb  stm32l1xx_hal_wwdg.o [1]
HAL_WWDG_Init           0x0800dad3    0x4c  Code  Gb  stm32l1xx_hal_wwdg.o [1]
HAL_WWDG_MspInit        0x080096e3    0x26  Code  Gb  wwdg.o [1]
HAL_WWDG_Refresh        0x0800db4f    0x2e  Code  Gb  stm32l1xx_hal_wwdg.o [1]
HAL_WWDG_Start_IT       0x0800db1f    0x30  Code  Gb  stm32l1xx_hal_wwdg.o [1]
HAL_WWDG_WakeupCallback
                        0x08009739    0x18  Code  Gb  wwdg.o [1]
HAL_WWDG_WakeupCallback::OnceFlg
                        0x200035a3     0x1  Data  Lc  wwdg.o [1]
HEAP$$Base              0x20001150           --   Gb  - Linker created -
HEAP$$Limit             0x20001150           --   Gb  - Linker created -
HeartBeat_Cnt           0x20003596     0x2  Data  Lc  app_data.o [1]
I2C1_ER_IRQHandler      0x0801063d     0xa  Code  Gb  stm32l1xx_it.o [1]
I2C1_EV_IRQHandler      0x08010633     0xa  Code  Gb  stm32l1xx_it.o [1]
I2C_IsAcknowledgeFailed
                        0x0800aadb    0x2a  Code  Lc  stm32l1xx_hal_i2c.o [1]
I2C_MasterReceive_BTF   0x0800a55b    0xa6  Code  Lc  stm32l1xx_hal_i2c.o [1]
I2C_MasterReceive_RXNE  0x0800a4df    0x7c  Code  Lc  stm32l1xx_hal_i2c.o [1]
I2C_MasterRequestRead   0x0800a79d   0x106  Code  Lc  stm32l1xx_hal_i2c.o [1]
I2C_MasterRequestWrite  0x0800a707    0x96  Code  Lc  stm32l1xx_hal_i2c.o [1]
I2C_MasterTransmit_BTF  0x0800a483    0x5c  Code  Lc  stm32l1xx_hal_i2c.o [1]
I2C_MasterTransmit_TXE  0x0800a457    0x2c  Code  Lc  stm32l1xx_hal_i2c.o [1]
I2C_SlaveReceive_BTF    0x0800a65b    0x1e  Code  Lc  stm32l1xx_hal_i2c.o [1]
I2C_SlaveReceive_RXNE   0x0800a63d    0x1e  Code  Lc  stm32l1xx_hal_i2c.o [1]
I2C_SlaveTransmit_BTF   0x0800a61f    0x1e  Code  Lc  stm32l1xx_hal_i2c.o [1]
I2C_SlaveTransmit_TXE   0x0800a601    0x1e  Code  Lc  stm32l1xx_hal_i2c.o [1]
I2C_Slave_ADDR          0x0800a679    0x18  Code  Lc  stm32l1xx_hal_i2c.o [1]
I2C_Slave_AF            0x0800a6d3    0x34  Code  Lc  stm32l1xx_hal_i2c.o [1]
I2C_Slave_STOPF         0x0800a691    0x42  Code  Lc  stm32l1xx_hal_i2c.o [1]
I2C_WaitBusyFlag        0x08005f05    0x12  Code  Gb  i2c.o [1]
I2C_WaitOnFlagUntilTimeout
                        0x0800a8ad    0xda  Code  Lc  stm32l1xx_hal_i2c.o [1]
I2C_WaitOnMasterAddressFlagUntilTimeout
                        0x0800a987    0x9e  Code  Lc  stm32l1xx_hal_i2c.o [1]
I2C_WaitOnRXNEFlagUntilTimeout
                        0x0800aa77    0x64  Code  Lc  stm32l1xx_hal_i2c.o [1]
I2C_WaitOnTXEFlagUntilTimeout
                        0x0800aa25    0x52  Code  Lc  stm32l1xx_hal_i2c.o [1]
InitSensors             0x0800307d    0x22  Code  Gb  app_data.o [1]
LPS25HB_GetPressure     0x08009101    0x2c  Code  Gb  lps25hb.o [1]
LPS25HB_GetTemperature  0x0800916f    0x2e  Code  Gb  lps25hb.o [1]
LPS25HB_I2C_GetRawTemperature
                        0x0800912d     0xc  Code  Gb  lps25hb.o [1]
LPS25HB_I2C_ReadRawPressure
                        0x080090b7    0x4a  Code  Lc  lps25hb.o [1]
LPS25HB_I2C_ReadRawTemperature
                        0x08009139    0x36  Code  Lc  lps25hb.o [1]
LPS25HB_Init            0x08008fa5   0x112  Code  Gb  lps25hb.o [1]
LPS25HB_PowerOn         0x0800919d    0x48  Code  Lc  lps25hb.o [1]
LoadInt                 0x08008473    0x70  Code  Lc  xprintffull.o [3]
MX_ADC_Init             0x08007715    0x88  Code  Gb  adc.o [1]
MX_DMA_Init             0x0800b7d9    0x30  Code  Gb  dma.o [1]
MX_GPIO_Init            0x080059e9   0x13a  Code  Gb  gpio.o [1]
MX_I2C1_Init            0x08005bad    0x62  Code  Gb  i2c.o [1]
MX_I2C1_Reset           0x08005c5f    0x50  Code  Gb  i2c.o [1]
MX_TIM2_Init            0x0800b809    0x66  Code  Gb  tim.o [1]
MX_TIM3_Init            0x0800b86f    0x64  Code  Gb  tim.o [1]
MX_USART2_UART_Init     0x0800209d    0x58  Code  Gb  usart.o [1]
MX_USART3_UART_Init     0x080020f5    0x5a  Code  Gb  usart.o [1]
MX_WWDG_Init            0x080096b1    0x32  Code  Gb  wwdg.o [1]
ModuleArray             0x080119b8    0x1c  Data  Gb  ErrorCodes.o [1]
NVIC_DisableIRQ         0x080060c9    0x14  Code  Lc  stm32l1xx_hal_cortex.o [1]
NVIC_EnableIRQ          0x080060b5    0x14  Code  Lc  stm32l1xx_hal_cortex.o [1]
NVIC_EncodePriority     0x08006103    0x3e  Code  Lc  stm32l1xx_hal_cortex.o [1]
NVIC_GetPriorityGrouping
                        0x080060ab     0xa  Code  Lc  stm32l1xx_hal_cortex.o [1]
NVIC_SetPriority        0x080060dd    0x26  Code  Lc  stm32l1xx_hal_cortex.o [1]
NVIC_SetPriorityGrouping
                        0x0800608d    0x1e  Code  Lc  stm32l1xx_hal_cortex.o [1]
NVIC_SystemReset        0x08006141    0x1c  Code  Lc  stm32l1xx_hal_cortex.o [1]
NextBufIdx              0x080025c3     0xe  Code  Gb  bgm111.o [1]
PCD_EP_ISR_Handler      0x0800e795   0x43a  Code  Lc  stm32l1xx_hal_pcd.o [1]
PCD_ReadPMA             0x0800ec0f    0x2c  Code  Lc  stm32l1xx_hal_pcd.o [1]
PCD_WritePMA            0x0800ebcf    0x40  Code  Lc  stm32l1xx_hal_pcd.o [1]
PageError               0x20003550     0x4  Data  Gb  Flash.o [1]
PendSV_Handler          0x08010525          Code  Gb  portasm.o [1]
Proc_Timer2             0x0800b989    0x54  Code  Gb  tim.o [1]
ProcessSensorState      0x080030b3   0x680  Code  Gb  app_data.o [1]
Process_RdSound         0x08003733    0x9e  Code  Gb  app_data.o [1]
RBIsBufFull             0x080075b7    0x1e  Code  Gb  ErrorCodes.o [1]
RBNextBufIdx            0x080075a9     0xe  Code  Gb  ErrorCodes.o [1]
RCC_SetFlashLatencyFromMSIRange
                        0x0800b715    0x90  Code  Lc  stm32l1xx_hal_rcc.o [1]
RdBrdI2C_WaitOnFlagUntilTimeout
                        0x08005f17    0xda  Code  Lc  i2c.o [1]
RdBrd_BlinkErrCd        0x08007675    0x4e  Code  Gb  ErrorCodes.o [1]
RdBrd_ErrCdLogErrCd     0x080075d5    0x8e  Code  Gb  ErrorCodes.o [1]
RdSndTickCnt            0x20000040     0x4  Data  Lc  tim.o [1]
Region$$Table$$Base     0x080117b8           --   Gb  - Linker created -
Region$$Table$$Limit    0x080117e0           --   Gb  - Linker created -
Reset_DriverStates      0x080038f5    0x32  Code  Gb  app_data.o [1]
RoadBrdSnd_ClearImgnryBffr
                        0x08002c05    0x14  Code  Gb  Rd_Sound.o [1]
RoadBrdSnd_ClrBffrs     0x08002df9    0x20  Code  Gb  Rd_Sound.o [1]
RoadBrdSnd_DumpBin0     0x08002cef    0x40  Code  Gb  Rd_Sound.o [1]
RoadBrdSnd_DumpBin16    0x08002d2f    0x42  Code  Gb  Rd_Sound.o [1]
RoadBrdSnd_DumpBin32    0x08002d71    0x44  Code  Gb  Rd_Sound.o [1]
RoadBrdSnd_DumpBin48    0x08002db5    0x44  Code  Gb  Rd_Sound.o [1]
RoadBrdSnd_ProcessSound
                        0x08002c69    0x86  Code  Gb  Rd_Sound.o [1]
RoadBrdSnd_SampleSound  0x08002c1d    0x4c  Code  Gb  Rd_Sound.o [1]
RoadBrdSnd_getSaveBffr  0x08002c19     0x4  Code  Gb  Rd_Sound.o [1]
RoadBrd_ADC_PORT        0x20000000     0xc  Data  Gb  adc.o [1]
RoadBrd_ADC_Start       0x08007909    0x6e  Code  Gb  adc.o [1]
RoadBrd_ADC_Status      0x08007977    0x10  Code  Gb  adc.o [1]
RoadBrd_Baro_ReadPressure
                        0x08002ed9    0x88  Code  Gb  barometer.o [1]
RoadBrd_Baro_ReadTemp   0x08002f61    0xa6  Code  Gb  barometer.o [1]
RoadBrd_CoolEyeInit     0x08003c19    0x6a  Code  Gb  GridEye.o [1]
RoadBrd_CoolEye_ReadValues
                        0x08003c85   0x5b8  Code  Gb  GridEye.o [1]
RoadBrd_Delay           0x08005efb     0xa  Code  Gb  i2c.o [1]
RoadBrd_Delay2          0x080076c3    0x16  Code  Gb  ErrorCodes.o [1]
RoadBrd_FlashRead       0x0800dce1    0x20  Code  Gb  Flash.o [1]
RoadBrd_FlashWrite      0x0800dba9   0x124  Code  Gb  Flash.o [1]
RoadBrd_FlashWrite::EraseInitStruct
                        0x20003524     0xc  Data  Lc  Flash.o [1]
RoadBrd_FlashWrite::OptionsBytesStruct
                        0x200034b4    0x1c  Data  Lc  Flash.o [1]
RoadBrd_GetBGPtr        0x08002321     0x6  Code  Gb  usart.o [1]
RoadBrd_GetBffrFlg      0x08002331     0x6  Code  Gb  usart.o [1]
RoadBrd_GridEyeInit     0x08004241    0xd6  Code  Gb  GridEye.o [1]
RoadBrd_GridEyeReset    0x08004317    0x96  Code  Gb  GridEye.o [1]
RoadBrd_GridEye_ReadValues
                        0x080043ad   0x5d0  Code  Gb  GridEye.o [1]
RoadBrd_HumidityInit    0x08004e71    0xa6  Code  Gb  Humidity.o [1]
RoadBrd_Humidity_ReadHumidity
                        0x08004f17   0x2f8  Code  Gb  Humidity.o [1]
RoadBrd_Humidity_ReadTemperature
                        0x08005215   0x2f0  Code  Gb  Humidity.o [1]
RoadBrd_I2C_GetError    0x08005ea9     0xa  Code  Gb  i2c.o [1]
RoadBrd_I2C_GetState    0x08005eb3     0xa  Code  Gb  i2c.o [1]
RoadBrd_I2C_Master_CmdReceive
                        0x08005de7    0x60  Code  Gb  i2c.o [1]
RoadBrd_I2C_Master_Receive
                        0x08005e47    0x36  Code  Gb  i2c.o [1]
RoadBrd_I2C_Master_Receive_IT
                        0x08005e7d    0x2c  Code  Gb  i2c.o [1]
RoadBrd_I2C_Master_Transmit
                        0x08005db1    0x36  Code  Gb  i2c.o [1]
RoadBrd_I2C_Master_Transmit_CMDData
                        0x08005d17    0x6e  Code  Gb  i2c.o [1]
RoadBrd_I2C_Master_Transmit_CMDData_IT
                        0x08005caf    0x68  Code  Gb  i2c.o [1]
RoadBrd_I2C_Master_Transmit_IT
                        0x08005d85    0x2c  Code  Gb  i2c.o [1]
RoadBrd_Init_Barometer  0x08002e85    0x54  Code  Gb  barometer.o [1]
RoadBrd_Init_VMonitor   0x080049b1    0xb6  Code  Gb  VMonitor.o [1]
RoadBrd_LED_On          0x08005b23    0x1c  Code  Gb  gpio.o [1]
RoadBrd_LED_PIN         0x08011bf4    0x14  Data  Gb  gpio.o [1]
RoadBrd_LED_PORT        0x20000014    0x24  Data  Gb  gpio.o [1]
RoadBrd_LED_Toggle      0x08005b3f    0x1a  Code  Gb  gpio.o [1]
RoadBrd_ParseString     0x08000125  0x1d38  Code  Gb  parser.o [1]
RoadBrd_ProcessBGMChar  0x08002a53   0x108  Code  Gb  bgm111.o [1]
RoadBrd_ProcessBGMChar::in_ptr
                        0x2000359b     0x1  Data  Lc  bgm111.o [1]
RoadBrd_ProcessBGMChar::tempBffr2
                        0x20003464    0x28  Data  Lc  bgm111.o [1]
RoadBrd_RGBFullInit     0x080056f5    0x54  Code  Gb  RGBLight.o [1]
RoadBrd_RGBInit         0x080056a5    0x50  Code  Gb  RGBLight.o [1]
RoadBrd_RGBReadID       0x0800578d    0x96  Code  Gb  RGBLight.o [1]
RoadBrd_RGBReadStatus   0x08005823    0x96  Code  Gb  RGBLight.o [1]
RoadBrd_RGBReadValues   0x080058b9   0x120  Code  Gb  RGBLight.o [1]
RoadBrd_RGBReset        0x08005749    0x44  Code  Gb  RGBLight.o [1]
RoadBrd_ReadTemp        0x08005539   0x16c  Code  Gb  Temperature.o [1]
RoadBrd_SetBffrFlg      0x08002327     0xa  Code  Gb  usart.o [1]
RoadBrd_TestI2C         0x08005ff1    0x8a  Code  Gb  i2c.o [1]
RoadBrd_TestandRead_Barometer
                        0x08003031    0x4c  Code  Gb  barometer.o [1]
RoadBrd_UART_Receive_IT
                        0x08002337    0x7a  Code  Gb  usart.o [1]
RoadBrd_UART_Transmit   0x08002209    0x90  Code  Gb  usart.o [1]
RoadBrd_UART_Transmit_IT
                        0x08002299    0x88  Code  Gb  usart.o [1]
RoadBrd_Uart_GetState   0x080023c9    0x22  Code  Gb  usart.o [1]
RoadBrd_Uart_Status     0x080023b1    0x18  Code  Gb  usart.o [1]
RoadBrd_VMonitor_RdCurrent
                        0x08004b53    0xec  Code  Gb  VMonitor.o [1]
RoadBrd_VMonitor_RdPower
                        0x08004c3f    0xf4  Code  Gb  VMonitor.o [1]
RoadBrd_VMonitor_RdShntVltg
                        0x08004a67    0xec  Code  Gb  VMonitor.o [1]
RoadBrd_VMonitor_RdVoltage
                        0x08004d39    0xf2  Code  Gb  VMonitor.o [1]
RoadBrd_WWDG_GetRefreshCnt
                        0x0800972d     0xc  Code  Gb  wwdg.o [1]
RoadBrd_WWDG_InitializeFrmFlash
                        0x08009789    0x34  Code  Gb  wwdg.o [1]
RoadBrd_WWDG_Refresh    0x08009713    0x1a  Code  Gb  wwdg.o [1]
RoadBrd_WWDG_Start      0x08009709     0xa  Code  Gb  wwdg.o [1]
RoadBrd_WWDG_VerifyFrame
                        0x0800975b    0x2e  Code  Gb  wwdg.o [1]
RoadBrd_WaitForState    0x08005ebd    0x3e  Code  Gb  i2c.o [1]
RoadBrd_gpio_Off        0x08005b75    0x1c  Code  Gb  gpio.o [1]
RoadBrd_gpio_On         0x08005b59    0x1c  Code  Gb  gpio.o [1]
SVC_Handler             0x08010577          Code  Gb  portasm.o [1]
Save_Frames             0x200034fc    0x10  Data  Lc  wwdg.o [1]
SendApp_String          0x080037d1    0x3a  Code  Gb  app_data.o [1]
SetDataReady            0x0800309f     0xa  Code  Gb  app_data.o [1]
Set_DriverStates        0x08003927    0x58  Code  Gb  app_data.o [1]
Set_HeartBeat           0x08003a61     0x8  Code  Gb  app_data.o [1]
Sinewave                0x080106b0    0x80  Data  Gb  fix_fft.o [1]
SnsrTickCnt             0x2000003c     0x4  Data  Lc  tim.o [1]
SysTick_Config          0x0800615d    0x30  Code  Lc  stm32l1xx_hal_cortex.o [1]
SysTick_Handler         0x080105f9     0x8  Code  Gb  stm32l1xx_it.o [1]
SystemClock_Config      0x08006f7f    0xaa  Code  Gb  main.o [1]
SystemCoreClock         0x20000038     0x4  Data  Gb  system_stm32l1xx.o [1]
SystemInit              0x08010731    0x4c  Code  Gb  system_stm32l1xx.o [1]
TIM2_IRQHandler         0x08010647     0xa  Code  Gb  stm32l1xx_it.o [1]
TIM3_IRQHandler         0x08010651     0xa  Code  Gb  stm32l1xx_it.o [1]
TIM4_IRQHandler         0x08010615     0xa  Code  Gb  stm32l1xx_it.o [1]
TIM6_IRQHandler         0x080030a9     0xa  Code  Gb  app_data.o [1]
TIM_Base_SetConfig      0x0800e2a3    0x70  Code  Lc  stm32l1xx_hal_tim.o [1]
TIM_ETR_SetConfig       0x0800e3a7    0x1c  Code  Lc  stm32l1xx_hal_tim.o [1]
TIM_ITRx_SetConfig      0x0800e38f    0x18  Code  Lc  stm32l1xx_hal_tim.o [1]
TIM_TI1_ConfigInputStage
                        0x0800e32d    0x30  Code  Lc  stm32l1xx_hal_tim.o [1]
TIM_TI2_ConfigInputStage
                        0x0800e35d    0x32  Code  Lc  stm32l1xx_hal_tim.o [1]
Test_Connection         0x0800380b    0xea  Code  Gb  app_data.o [1]
Test_Timer2             0x0800b979    0x10  Code  Gb  tim.o [1]
Timr2Ready              0x2000359d     0x1  Data  Gb  tim.o [1]
Timr3Ready              0x2000359e     0x1  Data  Gb  tim.o [1]
TmpData                 0x20002710   0x248  Data  Gb  app_data.o [1]
Tst_Bypass              0x08001f27     0x6  Code  Gb  parser.o [1]
Tst_HeartBeat           0x08003a5b     0x6  Code  Gb  app_data.o [1]
UART_EndTransmit_IT     0x08006727    0x32  Code  Lc  stm32l1xx_hal_uart.o [1]
UART_Receive_IT         0x08006759    0xc8  Code  Lc  stm32l1xx_hal_uart.o [1]
UART_SetConfig          0x08006821   0x2fe  Code  Lc  stm32l1xx_hal_uart.o [1]
UART_Transmit_IT        0x080066ab    0x7c  Code  Lc  stm32l1xx_hal_uart.o [1]
UART_WaitOnFlagUntilTimeout
                        0x080065bd    0xee  Code  Lc  stm32l1xx_hal_uart.o [1]
USART2_IRQHandler       0x08010629     0xa  Code  Gb  stm32l1xx_it.o [1]
USART3_IRQHandler       0x0801061f     0xa  Code  Gb  stm32l1xx_it.o [1]
USART_ReceiveData       0x08002a49     0xa  Code  Gb  bgm111.o [1]
USART_SendData          0x08002a3d     0xc  Code  Gb  bgm111.o [1]
USBD_ClrClassConfig     0x0800f9d3    0x18  Code  Gb  usbd_core.o [1]
USBD_ClrFeature         0x080101f7    0x3a  Code  Lc  usbd_ctlreq.o [1]
USBD_CtlContinueRx      0x080102b3    0x1a  Code  Gb  usbd_ioreq.o [1]
USBD_CtlContinueSendData
                        0x08010299    0x1a  Code  Gb  usbd_ioreq.o [1]
USBD_CtlError           0x08010259    0x18  Code  Gb  usbd_ctlreq.o [1]
USBD_CtlReceiveStatus   0x080102e7    0x1a  Code  Gb  usbd_ioreq.o [1]
USBD_CtlSendData        0x08010271    0x28  Code  Gb  usbd_ioreq.o [1]
USBD_CtlSendStatus      0x080102cd    0x1a  Code  Gb  usbd_ioreq.o [1]
USBD_GetConfig          0x08010149    0x4c  Code  Lc  usbd_ctlreq.o [1]
USBD_GetDescriptor      0x0800fea5   0x164  Code  Lc  usbd_ctlreq.o [1]
USBD_GetStatus          0x08010195    0x3c  Code  Lc  usbd_ctlreq.o [1]
USBD_LL_ClearStallEP    0x0800f901    0x16  Code  Gb  usbd_conf.o [1]
USBD_LL_DataInStage     0x0800faf3    0xe2  Code  Gb  usbd_core.o [1]
USBD_LL_DataOutStage    0x0800fa63    0x90  Code  Gb  usbd_core.o [1]
USBD_LL_IsStallEP       0x0800f917    0x30  Code  Gb  usbd_conf.o [1]
USBD_LL_OpenEP          0x0800f8c9    0x22  Code  Gb  usbd_conf.o [1]
USBD_LL_PrepareReceive  0x0800f97d    0x20  Code  Gb  usbd_conf.o [1]
USBD_LL_Reset           0x0800fbd5    0x46  Code  Gb  usbd_core.o [1]
USBD_LL_Resume          0x0800fc37     0xe  Code  Gb  usbd_core.o [1]
USBD_LL_SOF             0x0800fc45    0x24  Code  Gb  usbd_core.o [1]
USBD_LL_SetSpeed        0x0800fc1b     0x8  Code  Gb  usbd_core.o [1]
USBD_LL_SetUSBAddress   0x0800f947    0x16  Code  Gb  usbd_conf.o [1]
USBD_LL_SetupStage      0x0800f9eb    0x78  Code  Gb  usbd_core.o [1]
USBD_LL_StallEP         0x0800f8eb    0x16  Code  Gb  usbd_conf.o [1]
USBD_LL_Suspend         0x0800fc23    0x14  Code  Gb  usbd_core.o [1]
USBD_LL_Transmit        0x0800f95d    0x20  Code  Gb  usbd_conf.o [1]
USBD_ParseSetupRequest  0x08010231    0x28  Code  Gb  usbd_ctlreq.o [1]
USBD_RunTestMode        0x0800f9a1     0x6  Code  Gb  usbd_core.o [1]
USBD_SetAddress         0x08010009    0x60  Code  Lc  usbd_ctlreq.o [1]
USBD_SetClassConfig     0x0800f9a7    0x2c  Code  Gb  usbd_core.o [1]
USBD_SetConfig          0x08010069    0xda  Code  Lc  usbd_ctlreq.o [1]
USBD_SetConfig::cfgidx  0x200035a2     0x1  Data  Lc  usbd_ctlreq.o [1]
USBD_SetFeature         0x080101d1    0x26  Code  Lc  usbd_ctlreq.o [1]
USBD_StdDevReq          0x0800fc69    0x7c  Code  Gb  usbd_ctlreq.o [1]
USBD_StdEPReq           0x0800fd31   0x174  Code  Gb  usbd_ctlreq.o [1]
USBD_StdItfReq          0x0800fce5    0x4c  Code  Gb  usbd_ctlreq.o [1]
USB_LP_IRQHandler       0x0801060b     0xa  Code  Gb  stm32l1xx_it.o [1]
Uart2Ready              0x2000359f     0x1  Data  Gb  usart.o [1]
Uart3Ready              0x200035a0     0x1  Data  Gb  usart.o [1]
WWDG_IRQHandler         0x08009751     0xa  Code  Gb  wwdg.o [1]
_EncodingSb_Mbtowc      0x0800e45b    0x30  Code  Gb  xencoding_sb.o [3]
_EncodingSb_Mbtowc::initial
                        0x0800e498     0x8  Data  Lc  xencoding_sb.o [3]
_EncodingSb_Wctomb      0x0800e441    0x1a  Code  Gb  xencoding_sb.o [3]
_EncodingSb_Wctomb::initial
                        0x0800e490     0x8  Data  Lc  xencoding_sb.o [3]
_GenldFull              0x08008d05   0x254  Code  Lc  xprintffull.o [3]
_IsdstStr               0x200000dc     0x4  Data  Gb  setlocale.o [3]
_LdtobFull              0x080088f9   0x406  Code  Lc  xprintffull.o [3]
_LitobFull              0x080087ef   0x10a  Code  Lc  xprintffull.o [3]
_LocaleEncoding         0x0800e42d     0xe  Code  Gb  setlocale.o [3]
_LocaleReturnString     0x200000fc    0x50  Data  Lc  setlocale.o [3]
_Locale_Profile         0x200000e0    0x1c  Data  Gb  setlocale.o [3]
_Locale_aeabi_lconv     0x2000009c    0x38  Data  Gb  localeconv.o [3]
_Locale_lconv           0x2000004c    0x50  Data  Gb  localeconv.o [3]
_Mbtowc                 0x0800d181    0x20  Code  Gb  xmbtowc.o [3]
_PrintfFull             0x08007e05   0x658  Code  Gb  xprintffull.o [3]
_PutcharsFull           0x08008f59    0x2e  Code  Lc  xprintffull.o [3]
_PutstrFull             0x080084e3   0x306  Code  Lc  xprintffull.o [3]
_SProut                 0x0800204f     0xa  Code  Gb  xsprout.o [3]
_TzoneStr               0x200000d8     0x4  Data  Gb  setlocale.o [3]
_Wctomb                 0x0800d2cd    0x1a  Code  Gb  xwctomb.o [3]
__aeabi_cdcmple         0x0800d515          Code  Gb  DblCmpLe.o [4]
__aeabi_cdrcmple        0x0800d545          Code  Gb  DblCmpGe.o [4]
__aeabi_cfrcmple        0x08009949          Code  Gb  FltCmpGe.o [4]
__aeabi_d2f             0x08007d31          Code  Gb  DblToFlt.o [4]
__aeabi_d2iz            0x080093e1          Code  Gb  DblToI32.o [4]
__aeabi_d2uiz           0x0800940d          Code  Gb  DblToI32.o [4]
__aeabi_dadd            0x080095c9          Code  Gb  DblAdd.o [4]
__aeabi_ddiv            0x0800d801          Code  Gb  DblDiv.o [4]
__aeabi_dmul            0x0800923d          Code  Gb  DblMul.o [4]
__aeabi_dsub            0x0800d681          Code  Gb  DblSub.o [4]
__aeabi_errno_addr      0x0800e421     0x6  Code  Gb  errno.o [3]
__aeabi_f2d             0x080091ed          Code  Gb  FltToDbl.o [4]
__aeabi_f2iz            0x08007dc1          Code  Gb  FltToS32.o [4]
__aeabi_fadd            0x08009a69          Code  Gb  FltAdd.o [4]
__aeabi_fdiv            0x0800996d          Code  Gb  FltDiv.o [4]
__aeabi_fmul            0x080094f1          Code  Gb  FltMul.o [4]
__aeabi_i2d             0x08007c11          Code  Gb  I32ToDbl.o [4]
__aeabi_i2f             0x080098d1          Code  Gb  I32ToFlt.o [4]
__aeabi_ldiv0           0x0800e4cd          Code  Gb  I64DivZer.o [5]
__aeabi_ui2d            0x08007c25          Code  Gb  I32ToDbl.o [4]
__aeabi_ui2f            0x080098e5          Code  Gb  I32ToFlt.o [4]
__aeabi_uldivmod        0x0800d3e1          Code  Gb  I64DivMod.o [5]
__cmain                 0x08011a29          Code  Gb  cmain.o [5]
__data_Aldata           0x20003530     0x8  Data  Gb  xxmemxmalloc.o [3]
__data_GetMemChunk      0x0800e4a1    0x2c  Code  Gb  xgetmemchunk.o [3]
__data_GetMemChunk::start
                        0x20003590     0x4  Data  Lc  xgetmemchunk.o [3]
__exit                  0x08011a59    0x14  Code  Gb  exit.o [6]
__iar_Dint              0x0800de87    0x7a  Code  Gb  xdint.o [4]
__iar_Dnorm             0x0800d4cf    0x44  Code  Gb  xdnorm.o [4]
__iar_Dscale            0x0800d575   0x10c  Code  Gb  xdscale.o [4]
__iar_Errno             0x200000d4     0x4  Data  Gb  errno.o [3]
__iar_Locale_lconv_init
                        0x0800da59    0x3a  Code  Gb  localeconv.o [3]
__iar_Mbcurmax          0x0800d211     0xa  Code  Gb  xmbcurmax.o [3]
__iar_Memchr            0x0800d1b9          Code  Gb  memchr.o [5]
__iar_Memset_word       0x0800de29          Code  Gb  ABImemset.o [5]
__iar_Strchr            0x0800d1a1          Code  Gb  strchr.o [5]
__iar_ceil              0x0800e669          Code  Gb  ceil.o [4]
__iar_ceill             0x0800e669          Code  Gb  ceil.o [4]
__iar_d2uiz             0x08009419          Code  Gb  DblToI32.o [4]
__iar_dadd              0x080095dd          Code  Gb  DblAdd.o [4]
__iar_data_init3        0x08011671    0x28  Code  Gb  data_init.o [5]
__iar_dlib_perthread_access
                        0x0800e4cf     0x2  Code  Gb  xtls.o [3]
__iar_dsub              0x0800d695          Code  Gb  DblSub.o [4]
__iar_dsubStart         0x0800d6a7          Code  Gb  DblSub.o [4]
__iar_edom              0x0800d175          Code  Gb  iarEdom.o [5]
__iar_fadd              0x08009a79          Code  Gb  FltAdd.o [4]
__iar_fsub              0x0800df01          Code  Gb  FltSub.o [4]
__iar_fsubStart         0x0800df11          Code  Gb  FltSub.o [4]
__iar_modf              0x08009449          Code  Gb  modf.o [4]
__iar_modfl             0x08009449          Code  Gb  modf.o [4]
__iar_packbits_init_single3
                        0x08010d91    0x38  Code  Gb  packbits_init_single.o [5]
__iar_program_start     0x08011ea5          Code  Gb  cstartup_M.o [5]
__iar_sqrt              0x08007c41          Code  Gb  sqrt.o [4]
__iar_ui2d              0x08007c29          Code  Gb  I32ToDbl.o [4]
__iar_ui2f              0x080098e9          Code  Gb  I32ToFlt.o [4]
__iar_unaligned___aeabi_memcpy
                        0x0800d2e9          Code  Gb  ABImemcpy_unaligned.o [5]
__iar_unaligned___aeabi_memcpy4
                        0x0800d309          Code  Gb  ABImemcpy_unaligned.o [5]
__iar_unaligned___aeabi_memcpy8
                        0x0800d309          Code  Gb  ABImemcpy_unaligned.o [5]
__iar_unaligned_strcmp  0x080097d9          Code  Gb  strcmp_unaligned.o [5]
__iar_unaligned_strcpy  0x08002059          Code  Gb  strcpy_unaligned.o [5]
__iar_unaligned_strncpy
                        0x08009865          Code  Gb  strncpy_unaligned.o [5]
__iar_zero_init3        0x08010b49    0x40  Code  Gb  zero_init3.o [5]
__low_level_init        0x08011a43     0x4  Code  Gb  low_level_init.o [3]
__vector_table          0x08000000          Data  Gb  startup_stm32l152xe.o [1]
_call_main              0x08011a35          Code  Gb  cmain.o [5]
_exit                   0x08011a4d          Code  Gb  cexit.o [5]
_gecko_cmd_msg          0x20002fec    0x84  Data  Gb  bgm111.o [1]
_gecko_rsp_msg          0x20003070    0x84  Data  Gb  bgm111.o [1]
_main                   0x08011a3f          Code  Gb  cmain.o [5]
aPLLDivisionFactorTable
                        0x08012050     0x4  Data  Gb  stm32l1xx_hal_rcc.o [1]
aPLLMULFactorTable      0x08011e98     0xc  Data  Gb  stm32l1xx_hal_rcc.o [1]
adcActive               0x20003599     0x1  Data  Gb  adc.o [1]
analytics               0x20003538     0x4  Data  Lc  app_data.o [1]
bffr1Flag               0x200035a1     0x1  Data  Lc  usart.o [1]
bglib_input             0x20003540     0x4  Data  Gb  bgm111.o [1]
bglib_output            0x2000353c     0x4  Data  Gb  bgm111.o [1]
bglib_peek              0x20003544     0x4  Data  Gb  bgm111.o [1]
bgm1data                0x2000348c    0x28  Data  Lc  usart.o [1]
ble                     0x20002dc0   0x1a0  Data  Lc  bgm111.o [1]
blemsgs                 0x200020c8   0x324  Data  Lc  bgm111.o [1]
ceil                    0x0800e669          Code  Gb  ceil.o [4]
ceill                   0x0800e669          Code  Gb  ceil.o [4]
clrUsartState           0x0800240b    0x1c  Code  Gb  usart.o [1]
connection_cnt          0x20003594     0x2  Data  Lc  app_data.o [1]
data                    0x20002958   0x248  Data  Gb  app_data.o [1]
delay_1ms               0x080076d9     0xe  Code  Gb  ErrorCodes.o [1]
div                     0x0800dac5     0xe  Code  Gb  div.o [3]
driver_list             0x20003518     0xc  Data  Lc  app_data.o [1]
errStruct               0x200023ec   0x324  Data  Lc  ErrorCodes.o [1]
exit                    0x08011a47     0x4  Code  Gb  exit.o [3]
fi                      0x20003174    0x80  Data  Lc  Rd_Sound.o [1]
fix_fft                 0x080079d1   0x23a  Code  Gb  fix_fft.o [1]
fr                      0x200030f4    0x80  Data  Lc  Rd_Sound.o [1]
free                    0x0800d361    0x7a  Code  Gb  xxmemxfree.o [3]
fs                      0x200031f4    0x80  Data  Lc  Rd_Sound.o [1]
gecko_cmd_le_gap_set_mode
                        0x08002559    0x40  Code  Lc  bgm111.o [1]
gecko_cmd_msg           0x2000000c     0x4  Data  Gb  bgm111.o [1]
gecko_get_event         0x080074d5    0x5e  Code  Gb  gecko_bglib.o [1]
gecko_handle_command    0x08007557    0x30  Code  Gb  gecko_bglib.o [1]
gecko_peek_event        0x08007533     0xa  Code  Gb  gecko_bglib.o [1]
gecko_queue             0x20001150   0xf78  Data  Gb  bgm111.o [1]
gecko_queue_r           0x2000354c     0x4  Data  Gb  bgm111.o [1]
gecko_queue_w           0x20003548     0x4  Data  Gb  bgm111.o [1]
gecko_rsp_msg           0x20000010     0x4  Data  Gb  bgm111.o [1]
gecko_wait_message      0x080073f9    0xdc  Code  Gb  gecko_bglib.o [1]
gecko_wait_response     0x0800753d    0x1a  Code  Gb  gecko_bglib.o [1]
hadc                    0x20003274    0x54  Data  Gb  adc.o [1]
hatoi                   0x08001ecf    0x58  Code  Gb  parser.o [1]
hdma_adc                0x20003384    0x38  Data  Gb  adc.o [1]
hi2c1                   0x20003348    0x3c  Data  Gb  i2c.o [1]
hpcd_USB_FS             0x20002ba0   0x220  Data  Gb  usbd_conf.o [1]
htim2                   0x200033f4    0x38  Data  Gb  tim.o [1]
htim3                   0x2000342c    0x38  Data  Gb  tim.o [1]
htim4                   0x200033bc    0x38  Data  Gb  stm32l1xx_hal_timebase_TIM.o [1]
huart2                  0x200032c8    0x40  Data  Gb  usart.o [1]
huart3                  0x20003308    0x40  Data  Gb  usart.o [1]
hwwdg                   0x200034e8    0x14  Data  Gb  wwdg.o [1]
isHexNum                0x08001e85    0x4a  Code  Gb  parser.o [1]
ledOffCnt               0x20000044     0x4  Data  Lc  tim.o [1]
localeconv              0x0800da93    0x16  Code  Gb  localeconv.o [3]
main                    0x08006b29   0x456  Code  Gb  main.o [1]
malloc                  0x0800d21d    0xac  Code  Gb  xxmemxmalloc.o [3]
memchr                  0x0800d1b9          Code  Gb  memchr.o [5]
modf                    0x08009439          Code  Gb  modf.o [4]
modfl                   0x08009439          Code  Gb  modf.o [4]
osSystickHandler        0x0801067d    0x10  Code  Gb  cmsis_os.o [1]
pFlash                  0x200034d0    0x18  Data  Gb  stm32l1xx_hal_flash.o [1]
prvResetNextTaskUnblockTime
                        0x080104b5    0x28  Code  Lc  tasks.o [1]
pxCurrentTCB            0x20003558     0x4  Data  Gb  tasks.o [1]
pxDelayedTaskList       0x2000355c     0x4  Data  Lc  tasks.o [1]
pxOverflowDelayedTaskList
                        0x20003560     0x4  Data  Lc  tasks.o [1]
pxReadyTasksLists       0x20002f60    0x8c  Data  Lc  tasks.o [1]
round                   0x08009905    0x44  Code  Gb  round.o [4]
sConfig                 0x2000350c     0xc  Data  Gb  adc.o [1]
saveLen                 0x20000048     0x4  Data  Lc  usart.o [1]
sprintf                 0x08002e35    0x34  Code  Gb  sprintf.o [3]
sqrt                    0x08007c41          Code  Gb  sqrt.o [4]
sqrtl                   0x08007c41          Code  Gb  sqrt.o [4]
strcat                  0x08002e69    0x1c  Code  Gb  strcat.o [3]
strchr                  0x0800d1a1          Code  Gb  strchr.o [5]
strlen                  0x08002019          Code  Gb  strlen.o [5]
strncmp                 0x080076e7    0x2c  Code  Gb  strncmp.o [3]
ubSequenceCompleted     0x20003598     0x1  Data  Gb  adc.o [1]
ulPortSetInterruptMask  0x08010563          Code  Gb  portasm.o [1]
uwTick                  0x20003554     0x4  Data  Lc  stm32l1xx_hal.o [1]
uxListRemove            0x080105d1    0x28  Code  Gb  list.o [1]
uxPendedTicks           0x20003570     0x4  Data  Lc  tasks.o [1]
uxSchedulerSuspended    0x20003580     0x4  Data  Lc  tasks.o [1]
uxTopReadyPriority      0x20003568     0x4  Data  Lc  tasks.o [1]
vListInsertEnd          0x080105b9    0x18  Code  Gb  list.o [1]
vPortClearInterruptMask
                        0x08010571          Code  Gb  portasm.o [1]
vPortStartFirstTask     0x08010597          Code  Gb  portasm.o [1]
vTaskSwitchContext      0x08010435    0x6c  Code  Gb  tasks.o [1]
wwdg_HardFrames         0x08070000    0x10  Data  Gb  wwdg.o [1]
wwdg_Save               0x2000358c     0x4  Data  Lc  wwdg.o [1]
xNextTaskUnblockTime    0x2000357c     0x4  Data  Lc  tasks.o [1]
xNumOfOverflows         0x20003578     0x4  Data  Lc  tasks.o [1]
xPortSysTickHandler     0x0801068d    0x1e  Code  Gb  port.o [1]
xSchedulerRunning       0x2000356c     0x4  Data  Lc  tasks.o [1]
xTaskGetSchedulerState  0x080104dd    0x26  Code  Gb  tasks.o [1]
xTaskIncrementTick      0x08010301   0x134  Code  Gb  tasks.o [1]
xTickCount              0x20003564     0x4  Data  Lc  tasks.o [1]
xYieldPending           0x20003574     0x4  Data  Lc  tasks.o [1]


[1] = D:\GoogleDriveCLT\GoogleDrive\WeatherCloud\Roadboard\Software\Road-Board-December-2016\EWARM\Road Brd MSTR Rev L Long Always\Obj
[2] = command line
[3] = dl7M_tlf.a
[4] = m7M_tl.a
[5] = rt7M_tl.a
[6] = shb_l.a

  67 804 bytes of readonly  code memory
   6 292 bytes of readonly  data memory
  13 728 bytes of readwrite data memory (+ 16 absolute)

Errors: none
Warnings: none
