###############################################################################
#
# IAR ELF Linker V7.60.2.11341/W32 for ARM                09/Sep/2017  15:33:16
# Copyright 2007-2016 IAR Systems AB.
#
#    Output file  =  
#        D:\GoogleDriveCLT\GoogleDrive\WeatherCloud\Roadboard\Software\Road-Board-December-2016N8\EWARM\Road
#        Brd MSTR Rev L Long Always\Exe\Road Board Rev K NUCLEO V1.1 Jul 12
#        2016.out
#    Map file     =  
#        D:\GoogleDriveCLT\GoogleDrive\WeatherCloud\Roadboard\Software\Road-Board-December-2016N8\EWARM\Road
#        Brd MSTR Rev L Long Always\List\Road Board Rev K NUCLEO V1.1 Jul 12
#        2016.map
#    Command line =  
#        "D:\GoogleDriveCLT\GoogleDrive\WeatherCloud\Roadboard\Software\Road-Board-December-2016N8\EWARM\Road
#        Brd MSTR Rev L Long Always\Obj\adc.o"
#        "D:\GoogleDriveCLT\GoogleDrive\WeatherCloud\Roadboard\Software\Road-Board-December-2016N8\EWARM\Road
#        Brd MSTR Rev L Long Always\Obj\app_data.o"
#        "D:\GoogleDriveCLT\GoogleDrive\WeatherCloud\Roadboard\Software\Road-Board-December-2016N8\EWARM\Road
#        Brd MSTR Rev L Long Always\Obj\barometer.o"
#        "D:\GoogleDriveCLT\GoogleDrive\WeatherCloud\Roadboard\Software\Road-Board-December-2016N8\EWARM\Road
#        Brd MSTR Rev L Long Always\Obj\bgm111.o"
#        "D:\GoogleDriveCLT\GoogleDrive\WeatherCloud\Roadboard\Software\Road-Board-December-2016N8\EWARM\Road
#        Brd MSTR Rev L Long Always\Obj\Calibration.o"
#        "D:\GoogleDriveCLT\GoogleDrive\WeatherCloud\Roadboard\Software\Road-Board-December-2016N8\EWARM\Road
#        Brd MSTR Rev L Long Always\Obj\cmsis_os.o"
#        "D:\GoogleDriveCLT\GoogleDrive\WeatherCloud\Roadboard\Software\Road-Board-December-2016N8\EWARM\Road
#        Brd MSTR Rev L Long Always\Obj\croutine.o"
#        "D:\GoogleDriveCLT\GoogleDrive\WeatherCloud\Roadboard\Software\Road-Board-December-2016N8\EWARM\Road
#        Brd MSTR Rev L Long Always\Obj\dma.o"
#        "D:\GoogleDriveCLT\GoogleDrive\WeatherCloud\Roadboard\Software\Road-Board-December-2016N8\EWARM\Road
#        Brd MSTR Rev L Long Always\Obj\ErrorCodes.o"
#        "D:\GoogleDriveCLT\GoogleDrive\WeatherCloud\Roadboard\Software\Road-Board-December-2016N8\EWARM\Road
#        Brd MSTR Rev L Long Always\Obj\event_groups.o"
#        "D:\GoogleDriveCLT\GoogleDrive\WeatherCloud\Roadboard\Software\Road-Board-December-2016N8\EWARM\Road
#        Brd MSTR Rev L Long Always\Obj\fix_fft.o"
#        "D:\GoogleDriveCLT\GoogleDrive\WeatherCloud\Roadboard\Software\Road-Board-December-2016N8\EWARM\Road
#        Brd MSTR Rev L Long Always\Obj\Flash.o"
#        "D:\GoogleDriveCLT\GoogleDrive\WeatherCloud\Roadboard\Software\Road-Board-December-2016N8\EWARM\Road
#        Brd MSTR Rev L Long Always\Obj\freertos.o"
#        "D:\GoogleDriveCLT\GoogleDrive\WeatherCloud\Roadboard\Software\Road-Board-December-2016N8\EWARM\Road
#        Brd MSTR Rev L Long Always\Obj\gecko_bglib.o"
#        "D:\GoogleDriveCLT\GoogleDrive\WeatherCloud\Roadboard\Software\Road-Board-December-2016N8\EWARM\Road
#        Brd MSTR Rev L Long Always\Obj\gpio.o"
#        "D:\GoogleDriveCLT\GoogleDrive\WeatherCloud\Roadboard\Software\Road-Board-December-2016N8\EWARM\Road
#        Brd MSTR Rev L Long Always\Obj\GridEye.o"
#        "D:\GoogleDriveCLT\GoogleDrive\WeatherCloud\Roadboard\Software\Road-Board-December-2016N8\EWARM\Road
#        Brd MSTR Rev L Long Always\Obj\heap_4.o"
#        "D:\GoogleDriveCLT\GoogleDrive\WeatherCloud\Roadboard\Software\Road-Board-December-2016N8\EWARM\Road
#        Brd MSTR Rev L Long Always\Obj\Humidity.o"
#        "D:\GoogleDriveCLT\GoogleDrive\WeatherCloud\Roadboard\Software\Road-Board-December-2016N8\EWARM\Road
#        Brd MSTR Rev L Long Always\Obj\i2c.o"
#        "D:\GoogleDriveCLT\GoogleDrive\WeatherCloud\Roadboard\Software\Road-Board-December-2016N8\EWARM\Road
#        Brd MSTR Rev L Long Always\Obj\list.o"
#        "D:\GoogleDriveCLT\GoogleDrive\WeatherCloud\Roadboard\Software\Road-Board-December-2016N8\EWARM\Road
#        Brd MSTR Rev L Long Always\Obj\lps25hb.o"
#        "D:\GoogleDriveCLT\GoogleDrive\WeatherCloud\Roadboard\Software\Road-Board-December-2016N8\EWARM\Road
#        Brd MSTR Rev L Long Always\Obj\main.o"
#        "D:\GoogleDriveCLT\GoogleDrive\WeatherCloud\Roadboard\Software\Road-Board-December-2016N8\EWARM\Road
#        Brd MSTR Rev L Long Always\Obj\parser.o"
#        "D:\GoogleDriveCLT\GoogleDrive\WeatherCloud\Roadboard\Software\Road-Board-December-2016N8\EWARM\Road
#        Brd MSTR Rev L Long Always\Obj\port.o"
#        "D:\GoogleDriveCLT\GoogleDrive\WeatherCloud\Roadboard\Software\Road-Board-December-2016N8\EWARM\Road
#        Brd MSTR Rev L Long Always\Obj\portasm.o"
#        "D:\GoogleDriveCLT\GoogleDrive\WeatherCloud\Roadboard\Software\Road-Board-December-2016N8\EWARM\Road
#        Brd MSTR Rev L Long Always\Obj\queue.o"
#        "D:\GoogleDriveCLT\GoogleDrive\WeatherCloud\Roadboard\Software\Road-Board-December-2016N8\EWARM\Road
#        Brd MSTR Rev L Long Always\Obj\Rd_Sound.o"
#        "D:\GoogleDriveCLT\GoogleDrive\WeatherCloud\Roadboard\Software\Road-Board-December-2016N8\EWARM\Road
#        Brd MSTR Rev L Long Always\Obj\RGBLight.o"
#        "D:\GoogleDriveCLT\GoogleDrive\WeatherCloud\Roadboard\Software\Road-Board-December-2016N8\EWARM\Road
#        Brd MSTR Rev L Long Always\Obj\startup_stm32l152xe.o"
#        "D:\GoogleDriveCLT\GoogleDrive\WeatherCloud\Roadboard\Software\Road-Board-December-2016N8\EWARM\Road
#        Brd MSTR Rev L Long Always\Obj\stm32l1xx_hal.o"
#        "D:\GoogleDriveCLT\GoogleDrive\WeatherCloud\Roadboard\Software\Road-Board-December-2016N8\EWARM\Road
#        Brd MSTR Rev L Long Always\Obj\stm32l1xx_hal_adc.o"
#        "D:\GoogleDriveCLT\GoogleDrive\WeatherCloud\Roadboard\Software\Road-Board-December-2016N8\EWARM\Road
#        Brd MSTR Rev L Long Always\Obj\stm32l1xx_hal_adc_ex.o"
#        "D:\GoogleDriveCLT\GoogleDrive\WeatherCloud\Roadboard\Software\Road-Board-December-2016N8\EWARM\Road
#        Brd MSTR Rev L Long Always\Obj\stm32l1xx_hal_cortex.o"
#        "D:\GoogleDriveCLT\GoogleDrive\WeatherCloud\Roadboard\Software\Road-Board-December-2016N8\EWARM\Road
#        Brd MSTR Rev L Long Always\Obj\stm32l1xx_hal_dma.o"
#        "D:\GoogleDriveCLT\GoogleDrive\WeatherCloud\Roadboard\Software\Road-Board-December-2016N8\EWARM\Road
#        Brd MSTR Rev L Long Always\Obj\stm32l1xx_hal_flash.o"
#        "D:\GoogleDriveCLT\GoogleDrive\WeatherCloud\Roadboard\Software\Road-Board-December-2016N8\EWARM\Road
#        Brd MSTR Rev L Long Always\Obj\stm32l1xx_hal_flash_ex.o"
#        "D:\GoogleDriveCLT\GoogleDrive\WeatherCloud\Roadboard\Software\Road-Board-December-2016N8\EWARM\Road
#        Brd MSTR Rev L Long Always\Obj\stm32l1xx_hal_flash_ramfunc.o"
#        "D:\GoogleDriveCLT\GoogleDrive\WeatherCloud\Roadboard\Software\Road-Board-December-2016N8\EWARM\Road
#        Brd MSTR Rev L Long Always\Obj\stm32l1xx_hal_gpio.o"
#        "D:\GoogleDriveCLT\GoogleDrive\WeatherCloud\Roadboard\Software\Road-Board-December-2016N8\EWARM\Road
#        Brd MSTR Rev L Long Always\Obj\stm32l1xx_hal_i2c.o"
#        "D:\GoogleDriveCLT\GoogleDrive\WeatherCloud\Roadboard\Software\Road-Board-December-2016N8\EWARM\Road
#        Brd MSTR Rev L Long Always\Obj\stm32l1xx_hal_msp.o"
#        "D:\GoogleDriveCLT\GoogleDrive\WeatherCloud\Roadboard\Software\Road-Board-December-2016N8\EWARM\Road
#        Brd MSTR Rev L Long Always\Obj\stm32l1xx_hal_pcd.o"
#        "D:\GoogleDriveCLT\GoogleDrive\WeatherCloud\Roadboard\Software\Road-Board-December-2016N8\EWARM\Road
#        Brd MSTR Rev L Long Always\Obj\stm32l1xx_hal_pcd_ex.o"
#        "D:\GoogleDriveCLT\GoogleDrive\WeatherCloud\Roadboard\Software\Road-Board-December-2016N8\EWARM\Road
#        Brd MSTR Rev L Long Always\Obj\stm32l1xx_hal_pwr.o"
#        "D:\GoogleDriveCLT\GoogleDrive\WeatherCloud\Roadboard\Software\Road-Board-December-2016N8\EWARM\Road
#        Brd MSTR Rev L Long Always\Obj\stm32l1xx_hal_pwr_ex.o"
#        "D:\GoogleDriveCLT\GoogleDrive\WeatherCloud\Roadboard\Software\Road-Board-December-2016N8\EWARM\Road
#        Brd MSTR Rev L Long Always\Obj\stm32l1xx_hal_rcc.o"
#        "D:\GoogleDriveCLT\GoogleDrive\WeatherCloud\Roadboard\Software\Road-Board-December-2016N8\EWARM\Road
#        Brd MSTR Rev L Long Always\Obj\stm32l1xx_hal_rcc_ex.o"
#        "D:\GoogleDriveCLT\GoogleDrive\WeatherCloud\Roadboard\Software\Road-Board-December-2016N8\EWARM\Road
#        Brd MSTR Rev L Long Always\Obj\stm32l1xx_hal_tim.o"
#        "D:\GoogleDriveCLT\GoogleDrive\WeatherCloud\Roadboard\Software\Road-Board-December-2016N8\EWARM\Road
#        Brd MSTR Rev L Long Always\Obj\stm32l1xx_hal_tim_ex.o"
#        "D:\GoogleDriveCLT\GoogleDrive\WeatherCloud\Roadboard\Software\Road-Board-December-2016N8\EWARM\Road
#        Brd MSTR Rev L Long Always\Obj\stm32l1xx_hal_timebase_TIM.o"
#        "D:\GoogleDriveCLT\GoogleDrive\WeatherCloud\Roadboard\Software\Road-Board-December-2016N8\EWARM\Road
#        Brd MSTR Rev L Long Always\Obj\stm32l1xx_hal_uart.o"
#        "D:\GoogleDriveCLT\GoogleDrive\WeatherCloud\Roadboard\Software\Road-Board-December-2016N8\EWARM\Road
#        Brd MSTR Rev L Long Always\Obj\stm32l1xx_hal_wwdg.o"
#        "D:\GoogleDriveCLT\GoogleDrive\WeatherCloud\Roadboard\Software\Road-Board-December-2016N8\EWARM\Road
#        Brd MSTR Rev L Long Always\Obj\stm32l1xx_it.o"
#        "D:\GoogleDriveCLT\GoogleDrive\WeatherCloud\Roadboard\Software\Road-Board-December-2016N8\EWARM\Road
#        Brd MSTR Rev L Long Always\Obj\stm32l1xx_nucleo.o"
#        "D:\GoogleDriveCLT\GoogleDrive\WeatherCloud\Roadboard\Software\Road-Board-December-2016N8\EWARM\Road
#        Brd MSTR Rev L Long Always\Obj\system_stm32l1xx.o"
#        "D:\GoogleDriveCLT\GoogleDrive\WeatherCloud\Roadboard\Software\Road-Board-December-2016N8\EWARM\Road
#        Brd MSTR Rev L Long Always\Obj\tasks.o"
#        "D:\GoogleDriveCLT\GoogleDrive\WeatherCloud\Roadboard\Software\Road-Board-December-2016N8\EWARM\Road
#        Brd MSTR Rev L Long Always\Obj\Temperature.o"
#        "D:\GoogleDriveCLT\GoogleDrive\WeatherCloud\Roadboard\Software\Road-Board-December-2016N8\EWARM\Road
#        Brd MSTR Rev L Long Always\Obj\tim.o"
#        "D:\GoogleDriveCLT\GoogleDrive\WeatherCloud\Roadboard\Software\Road-Board-December-2016N8\EWARM\Road
#        Brd MSTR Rev L Long Always\Obj\timers.o"
#        "D:\GoogleDriveCLT\GoogleDrive\WeatherCloud\Roadboard\Software\Road-Board-December-2016N8\EWARM\Road
#        Brd MSTR Rev L Long Always\Obj\usart.o"
#        "D:\GoogleDriveCLT\GoogleDrive\WeatherCloud\Roadboard\Software\Road-Board-December-2016N8\EWARM\Road
#        Brd MSTR Rev L Long Always\Obj\usb_device.o"
#        "D:\GoogleDriveCLT\GoogleDrive\WeatherCloud\Roadboard\Software\Road-Board-December-2016N8\EWARM\Road
#        Brd MSTR Rev L Long Always\Obj\usbd_cdc.o"
#        "D:\GoogleDriveCLT\GoogleDrive\WeatherCloud\Roadboard\Software\Road-Board-December-2016N8\EWARM\Road
#        Brd MSTR Rev L Long Always\Obj\usbd_cdc_if.o"
#        "D:\GoogleDriveCLT\GoogleDrive\WeatherCloud\Roadboard\Software\Road-Board-December-2016N8\EWARM\Road
#        Brd MSTR Rev L Long Always\Obj\usbd_conf.o"
#        "D:\GoogleDriveCLT\GoogleDrive\WeatherCloud\Roadboard\Software\Road-Board-December-2016N8\EWARM\Road
#        Brd MSTR Rev L Long Always\Obj\usbd_core.o"
#        "D:\GoogleDriveCLT\GoogleDrive\WeatherCloud\Roadboard\Software\Road-Board-December-2016N8\EWARM\Road
#        Brd MSTR Rev L Long Always\Obj\usbd_ctlreq.o"
#        "D:\GoogleDriveCLT\GoogleDrive\WeatherCloud\Roadboard\Software\Road-Board-December-2016N8\EWARM\Road
#        Brd MSTR Rev L Long Always\Obj\usbd_desc.o"
#        "D:\GoogleDriveCLT\GoogleDrive\WeatherCloud\Roadboard\Software\Road-Board-December-2016N8\EWARM\Road
#        Brd MSTR Rev L Long Always\Obj\usbd_ioreq.o"
#        "D:\GoogleDriveCLT\GoogleDrive\WeatherCloud\Roadboard\Software\Road-Board-December-2016N8\EWARM\Road
#        Brd MSTR Rev L Long Always\Obj\VMonitor.o"
#        "D:\GoogleDriveCLT\GoogleDrive\WeatherCloud\Roadboard\Software\Road-Board-December-2016N8\EWARM\Road
#        Brd MSTR Rev L Long Always\Obj\wwdg.o" --redirect _Printf=_PrintfFull
#        --redirect _Scanf=_ScanfFull -o
#        "D:\GoogleDriveCLT\GoogleDrive\WeatherCloud\Roadboard\Software\Road-Board-December-2016N8\EWARM\Road
#        Brd MSTR Rev L Long Always\Exe\Road Board Rev K NUCLEO V1.1 Jul 12
#        2016.out" --map
#        "D:\GoogleDriveCLT\GoogleDrive\WeatherCloud\Roadboard\Software\Road-Board-December-2016N8\EWARM\Road
#        Brd MSTR Rev L Long Always\List\Road Board Rev K NUCLEO V1.1 Jul 12
#        2016.map" --config
#        D:\GoogleDriveCLT\GoogleDrive\WeatherCloud\Roadboard\Software\Road-Board-December-2016N8\EWARM/stm32l152xe_flash.icf
#        --semihosting --entry __iar_program_start --vfe
#
###############################################################################

*******************************************************************************
*** RUNTIME MODEL ATTRIBUTES
***

CppFlavor                     = *
__Heap_Handler                = Basic
__SystemLibrary               = DLib
__dlib_dynamic_initialization = normal


*******************************************************************************
*** PLACEMENT SUMMARY
***

"A1":  place at 0x08000000 { ro section .intvec };
"P1":  place in [from 0x08000000 to 0x0807ffff] { ro };
"P2":  place in [from 0x20000000 to 0x20013fff] { rw, block CSTACK, block HEAP };
initialize by copy { rw };

  Section             Kind        Address     Size  Object
  -------             ----        -------     ----  ------
"A1":                                        0x124
  .intvec             ro code  0x08000000    0x124  startup_stm32l152xe.o [1]
                             - 0x08000124    0x124

"P1":                                      0x18644
  .text               ro code  0x08000124   0x3050  parser.o [1]
  .text               ro code  0x08003174     0x36  strlen.o [5]
  .text               ro code  0x080031aa     0x1e  xsscin.o [3]
  .text               ro code  0x080031c8     0x44  strcpy_unaligned.o [5]
  .text               ro code  0x0800320c    0x4bc  usart.o [1]
  .text               ro code  0x080036c8    0x9a0  bgm111.o [1]
  .text               ro code  0x08004068    0x240  Rd_Sound.o [1]
  .text               ro code  0x080042a8     0x34  sprintf.o [3]
  .text               ro code  0x080042dc     0x1c  strcat.o [3]
  .text               ro code  0x080042f8    0x278  barometer.o [1]
  .text               ro code  0x08004570   0x14ec  app_data.o [1]
  .text               ro code  0x08005a5c   0x1aac  GridEye.o [1]
  .text               ro code  0x08007508    0x874  VMonitor.o [1]
  .text               ro code  0x08007d7c    0xcbc  Humidity.o [1]
  .text               ro code  0x08008a38    0x2b4  Temperature.o [1]
  .text               ro code  0x08008cec    0x328  RGBLight.o [1]
  .text               ro code  0x08009014    0x1c4  gpio.o [1]
  .text               ro code  0x080091d8    0x4e0  i2c.o [1]
  .text               ro code  0x080096b8     0x24  sscanf.o [3]
  .text               ro code  0x080096dc     0x4e  FltToDbl.o [4]
  .text               ro code  0x0800972a     0x2c  strncmp.o [3]
  .text               ro code  0x08009756      0xa  xsprout.o [3]
  .text               ro code  0x08009760    0x140  Calibration.o [1]
  .text               ro code  0x080098a0    0x1b0  stm32l1xx_hal_cortex.o [1]
  .text               ro code  0x08009a50      0xa  isdigit.o [3]
  .text               ro code  0x08009a5a      0x8  atoi.o [3]
  .text               ro code  0x08009a64    0x238  wwdg.o [1]
  .text               ro code  0x08009c9c     0x32  I32ToFlt.o [4]
  .text               ro code  0x08009cd0     0xfc  FltDiv.o [4]
  .text               ro code  0x08009dcc    0x8ec  stm32l1xx_hal_uart.o [1]
  .text               ro code  0x0800a6b8    0x712  main.o [1]
  .text               ro code  0x0800adcc    0x378  stm32l1xx_hal_gpio.o [1]
  .text               ro code  0x0800b144    0x1b0  gecko_bglib.o [1]
  .text               ro code  0x0800b2f4    0x13e  ErrorCodes.o [1]
  .text               ro code  0x0800b434    0x24c  tim.o [1]
  .text               ro code  0x0800b680    0x2bc  adc.o [1]
  .text               ro code  0x0800b93c    0x1ac  fix_fft.o [1]
  .text               ro code  0x0800bae8     0xd8  FltMul.o [4]
  .text               ro code  0x0800bbc0     0x84  FltAdd.o [4]
  .text               ro code  0x0800bc44     0xf0  sqrt.o [4]
  .text               ro code  0x0800bd34     0x90  DblToFlt.o [4]
  .text               ro code  0x0800bdc4     0x44  FltToS32.o [4]
  .text               ro code  0x0800be08   0x119e  xprintffull.o [3]
  .text               ro code  0x0800cfa8    0x248  lps25hb.o [1]
  .text               ro code  0x0800d1f0    0x1a2  DblMul.o [4]
  .text               ro code  0x0800d394     0x58  DblToI32.o [4]
  .text               ro code  0x0800d3ec     0xb8  modf.o [4]
  .text               ro code  0x0800d4a4     0xe8  DblAdd.o [4]
  .text               ro code  0x0800d58c     0x42  strcmp_unaligned.o [5]
  .text               ro code  0x0800d5d0     0x48  stm32l1xx_hal.o [1]
  .text               ro code  0x0800d618     0x6c  strncpy_unaligned.o [5]
  .text               ro code  0x0800d684     0x44  round.o [4]
  .text               ro code  0x0800d6c8     0x24  FltCmpGe.o [4]
  .text               ro code  0x0800d6ec     0x30  I32ToDbl.o [4]
  .text               ro code  0x0800d71c   0x1018  stm32l1xx_hal_i2c.o [1]
  .text               ro code  0x0800e734    0xcf0  xscanffull.o [3]
  .text               ro code  0x0800f424    0x158  Flash.o [1]
  .text               ro code  0x0800f57c    0x198  xstoul.o [3]
  .text               ro code  0x0800f714     0xd6  stm32l1xx_hal_wwdg.o [1]
  .text               ro code  0x0800f7ec    0xcd4  stm32l1xx_hal_rcc.o [1]
  .text               ro code  0x080104c0     0x30  dma.o [1]
  .text               ro code  0x080104f0    0x3da  stm32l1xx_hal_tim.o [1]
  .text               ro code  0x080108ca     0x5e  stm32l1xx_hal_tim_ex.o [1]
  .text               ro code  0x08010928    0x82a  stm32l1xx_hal_adc.o [1]
  .text               ro code  0x08011154    0xefe  stm32l1xx_hal_dma.o [1]
  .text               ro code  0x08012052     0x1c  fix_fft.o [1]
  .text               ro code  0x08012070     0xd6  FltSub.o [4]
  .text               ro code  0x08012148      0xc  iarEdom.o [5]
  .text               ro code  0x08012154     0x20  xmbtowc.o [3]
  .text               ro code  0x08012174     0x16  strchr.o [5]
  .text               ro code  0x0801218c     0x58  memchr.o [5]
  .text               ro code  0x080121e4      0xa  xmbcurmax.o [3]
  .text               ro code  0x080121f0     0xb0  xxmemxmalloc.o [3]
  .text               ro code  0x080122a0     0x1a  xwctomb.o [3]
  .text               ro code  0x080122bc     0x76  ABImemcpy_unaligned.o [5]
  .text               ro code  0x08012334     0x80  xxmemxfree.o [3]
  .text               ro code  0x080123b4     0xee  I64DivMod.o [5]
  .text               ro code  0x080124a2     0x44  xdnorm.o [4]
  .text               ro code  0x080124e8     0x2e  DblCmpLe.o [4]
  .text               ro code  0x08012518     0x2e  DblCmpGe.o [4]
  .text               ro code  0x08012548    0x10c  xdscale.o [4]
  .text               ro code  0x08012654    0x180  DblSub.o [4]
  .text               ro code  0x080127d4    0x256  DblDiv.o [4]
  .text               ro code  0x08012a2c     0x6c  localeconv.o [3]
  .text               ro code  0x08012a98      0xe  div.o [3]
  .text               ro code  0x08012aa8     0x90  stm32l1xx_hal_timebase_TIM.o [1]
  .text               ro code  0x08012b38     0x98  stm32l1xx_hal_msp.o [1]
  .text               ro code  0x08012bd0     0x5e  ABImemset.o [5]
  .text               ro code  0x08012c2e     0x7a  xdint.o [4]
  .text               ro code  0x08012ca8     0x40  xwctob.o [3]
  .text               ro code  0x08012ce8     0x28  isxxx.o [3]
  .text               ro code  0x08012d10     0xa6  xstoll.o [3]
  .text               ro code  0x08012db8    0x1b0  xstoull.o [3]
  .text               ro code  0x08012f68    0x14c  xstold.o [4]
  .text               ro code  0x080130b4    0x198  stm32l1xx_hal_flash.o [1]
  .text               ro code  0x0801324c     0x5e  ceil.o [4]
  .text               ro code  0x080132ac     0xcc  stm32l1xx_hal_flash_ex.o [1]
  .text               ro code  0x08013378     0x14  tolower.o [3]
  .text               ro code  0x0801338c      0xc  errno.o [3]
  .text               ro code  0x08013398     0x10  stm32l1xx_hal_pwr_ex.o [1]
  .text               ro code  0x080133a8     0x28  setlocale.o [3]
  .text               ro code  0x080133d0     0x60  xencoding_sb.o [3]
  .text               ro code  0x08013430     0x2c  xgetmemchunk.o [3]
  .text               ro code  0x0801345c      0x2  I64DivZer.o [5]
  .text               ro code  0x0801345e      0x2  xtls.o [3]
  .text               ro code  0x08013460     0x16  xlocale_c.o [3]
  .text               ro code  0x08013476     0x14  xlocale_c.o [3]
  .text               ro code  0x0801348a    0x122  xstopfx.o [3]
  .text               ro code  0x080135ac    0x1d0  xstoflt.o [3]
  .text               ro code  0x08013780    0x200  xdtento.o [4]
  .text               ro code  0x08013980    0x234  xstoxflt.o [3]
  .text               ro code  0x08013bb4      0xc  xlocale_c.o [3]
  .text               ro code  0x08013bc0     0x20  DblCmpEq.o [4]
  .text               ro code  0x08013be0     0x52  xdunscal.o [4]
  .text               ro code  0x08013c32   0x1074  stm32l1xx_hal_pcd.o [1]
  .text               ro code  0x08014ca8    0x198  usbd_conf.o [1]
  .text               ro code  0x08014e40    0x2c8  usbd_core.o [1]
  .text               ro code  0x08015108    0x608  usbd_ctlreq.o [1]
  .text               ro code  0x08015710     0x90  usbd_ioreq.o [1]
  .text               ro code  0x080157a0    0x224  tasks.o [1]
  CODE                ro code  0x080159c4     0x94  portasm.o [1]
  .text               ro code  0x08015a58     0x40  list.o [1]
  .rodata             const    0x08015a98     0xc0  fix_fft.o [1]
  .text               ro code  0x08015b58     0x84  stm32l1xx_it.o [1]
  .text               ro code  0x08015bdc     0x10  cmsis_os.o [1]
  .text               ro code  0x08015bec     0x24  port.o [1]
  .rodata             const    0x08015c10     0x64  Calibration.o [1]
  .text               ro code  0x08015c74     0x64  system_stm32l1xx.o [1]
  .rodata             const    0x08015cd8     0x5c  ErrorCodes.o [1]
  .rodata             const    0x08015d34     0x48  parser.o [1]
  .rodata             const    0x08015d7c     0x48  parser.o [1]
  .rodata             const    0x08015dc4     0x44  parser.o [1]
  .rodata             const    0x08015e08     0x44  parser.o [1]
  .rodata             const    0x08015e4c     0x44  parser.o [1]
  .rodata             const    0x08015e90     0x40  main.o [1]
  .rodata             const    0x08015ed0     0x40  main.o [1]
  .rodata             const    0x08015f10     0x40  parser.o [1]
  .rodata             const    0x08015f50     0x40  parser.o [1]
  .rodata             const    0x08015f90     0x40  parser.o [1]
  .rodata             const    0x08015fd0     0x40  parser.o [1]
  .rodata             const    0x08016010     0x40  parser.o [1]
  .rodata             const    0x08016050     0x40  parser.o [1]
  .text               ro code  0x08016090     0x40  zero_init3.o [5]
  .rodata             const    0x080160d0     0x3c  parser.o [1]
  .rodata             const    0x0801610c     0x3c  parser.o [1]
  .rodata             const    0x08016148     0x3c  parser.o [1]
  .rodata             const    0x08016184     0x3c  parser.o [1]
  .rodata             const    0x080161c0     0x38  parser.o [1]
  .rodata             const    0x080161f8     0x38  parser.o [1]
  .rodata             const    0x08016230     0x38  parser.o [1]
  .rodata             const    0x08016268     0x38  parser.o [1]
  .rodata             const    0x080162a0     0x38  parser.o [1]
  .text               ro code  0x080162d8     0x38  packbits_init_single.o [5]
  .rodata             const    0x08016310     0x34  main.o [1]
  .rodata             const    0x08016344     0x34  parser.o [1]
  .rodata             const    0x08016378     0x34  parser.o [1]
  .rodata             const    0x080163ac     0x34  parser.o [1]
  .rodata             const    0x080163e0     0x34  parser.o [1]
  .rodata             const    0x08016414     0x30  parser.o [1]
  .rodata             const    0x08016444     0x30  parser.o [1]
  .rodata             const    0x08016474     0x30  parser.o [1]
  .rodata             const    0x080164a4     0x30  parser.o [1]
  .rodata             const    0x080164d4     0x30  parser.o [1]
  .rodata             const    0x08016504     0x30  parser.o [1]
  .rodata             const    0x08016534     0x30  parser.o [1]
  .rodata             const    0x08016564     0x30  parser.o [1]
  .rodata             const    0x08016594     0x2c  parser.o [1]
  .rodata             const    0x080165c0     0x2c  parser.o [1]
  .rodata             const    0x080165ec     0x2c  parser.o [1]
  .rodata             const    0x08016618     0x2c  parser.o [1]
  .rodata             const    0x08016644     0x2c  parser.o [1]
  .rodata             const    0x08016670     0x2c  parser.o [1]
  .rodata             const    0x0801669c     0x2c  parser.o [1]
  .rodata             const    0x080166c8     0x2c  parser.o [1]
  .rodata             const    0x080166f4     0x2c  parser.o [1]
  .rodata             const    0x08016720     0x2c  parser.o [1]
  .rodata             const    0x0801674c     0x2c  parser.o [1]
  .rodata             const    0x08016778     0x2c  parser.o [1]
  .rodata             const    0x080167a4     0x28  main.o [1]
  .rodata             const    0x080167cc     0x28  main.o [1]
  .rodata             const    0x080167f4     0x28  main.o [1]
  .rodata             const    0x0801681c     0x28  parser.o [1]
  .rodata             const    0x08016844     0x28  parser.o [1]
  .rodata             const    0x0801686c     0x28  parser.o [1]
  .rodata             const    0x08016894     0x28  parser.o [1]
  .rodata             const    0x080168bc     0x28  parser.o [1]
  .rodata             const    0x080168e4     0x28  parser.o [1]
  .rodata             const    0x0801690c     0x28  parser.o [1]
  .rodata             const    0x08016934     0x28  parser.o [1]
  .rodata             const    0x0801695c     0x28  parser.o [1]
  .rodata             const    0x08016984     0x28  parser.o [1]
  .rodata             const    0x080169ac     0x28  parser.o [1]
  .rodata             const    0x080169d4     0x28  parser.o [1]
  .rodata             const    0x080169fc     0x28  parser.o [1]
  .rodata             const    0x08016a24     0x28  parser.o [1]
  .rodata             const    0x08016a4c     0x28  parser.o [1]
  .rodata             const    0x08016a74     0x28  parser.o [1]
  .rodata             const    0x08016a9c     0x28  parser.o [1]
  .rodata             const    0x08016ac4     0x28  parser.o [1]
  .rodata             const    0x08016aec     0x28  parser.o [1]
  .rodata             const    0x08016b14     0x28  parser.o [1]
  .rodata             const    0x08016b3c     0x28  parser.o [1]
  .rodata             const    0x08016b64     0x28  parser.o [1]
  .rodata             const    0x08016b8c     0x28  parser.o [1]
  .rodata             const    0x08016bb4     0x28  parser.o [1]
  .rodata             const    0x08016bdc     0x28  parser.o [1]
  .rodata             const    0x08016c04     0x28  parser.o [1]
  .rodata             const    0x08016c2c     0x28  parser.o [1]
  .rodata             const    0x08016c54     0x28  parser.o [1]
  .rodata             const    0x08016c7c     0x28  parser.o [1]
  .rodata             const    0x08016ca4     0x28  parser.o [1]
  .rodata             const    0x08016ccc     0x28  parser.o [1]
  .rodata             const    0x08016cf4     0x28  parser.o [1]
  .rodata             const    0x08016d1c     0x28  parser.o [1]
  .rodata             const    0x08016d44     0x28  parser.o [1]
  .text               ro code  0x08016d6c     0x28  data_init.o [5]
  .rodata             const    0x08016d94     0x24  parser.o [1]
  .rodata             const    0x08016db8     0x24  parser.o [1]
  .rodata             const    0x08016ddc     0x24  parser.o [1]
  .rodata             const    0x08016e00     0x24  parser.o [1]
  .rodata             const    0x08016e24     0x24  parser.o [1]
  .rodata             const    0x08016e48     0x24  parser.o [1]
  .rodata             const    0x08016e6c     0x24  parser.o [1]
  .rodata             const    0x08016e90     0x24  parser.o [1]
  .rodata             const    0x08016eb4     0x24  parser.o [1]
  .rodata             const    0x08016ed8     0x24  parser.o [1]
  .rodata             const    0x08016efc     0x24  parser.o [1]
  .rodata             const    0x08016f20     0x24  parser.o [1]
  .rodata             const    0x08016f44     0x24  parser.o [1]
  .rodata             const    0x08016f68     0x24  parser.o [1]
  .rodata             const    0x08016f8c     0x24  parser.o [1]
  .rodata             const    0x08016fb0     0x24  parser.o [1]
  .rodata             const    0x08016fd4     0x24  parser.o [1]
  .iar.init_table     const    0x08016ff8     0x30  - Linker created -
  .rodata             const    0x08017028     0x20  app_data.o [1]
  .rodata             const    0x08017048     0x20  app_data.o [1]
  .rodata             const    0x08017068     0x20  app_data.o [1]
  .rodata             const    0x08017088     0x20  app_data.o [1]
  .rodata             const    0x080170a8     0x20  app_data.o [1]
  .rodata             const    0x080170c8     0x20  app_data.o [1]
  .rodata             const    0x080170e8     0x20  app_data.o [1]
  .rodata             const    0x08017108     0x20  app_data.o [1]
  .rodata             const    0x08017128     0x20  app_data.o [1]
  .rodata             const    0x08017148     0x20  app_data.o [1]
  .rodata             const    0x08017168     0x20  app_data.o [1]
  .rodata             const    0x08017188     0x20  app_data.o [1]
  .rodata             const    0x080171a8     0x20  app_data.o [1]
  .rodata             const    0x080171c8     0x20  app_data.o [1]
  .rodata             const    0x080171e8     0x20  app_data.o [1]
  .rodata             const    0x08017208     0x20  app_data.o [1]
  .rodata             const    0x08017228     0x20  app_data.o [1]
  .rodata             const    0x08017248     0x20  app_data.o [1]
  .rodata             const    0x08017268     0x20  app_data.o [1]
  .rodata             const    0x08017288     0x20  app_data.o [1]
  .rodata             const    0x080172a8     0x20  app_data.o [1]
  .rodata             const    0x080172c8     0x20  app_data.o [1]
  .rodata             const    0x080172e8     0x20  app_data.o [1]
  .rodata             const    0x08017308     0x20  app_data.o [1]
  .rodata             const    0x08017328     0x20  app_data.o [1]
  .rodata             const    0x08017348     0x20  app_data.o [1]
  .rodata             const    0x08017368     0x20  app_data.o [1]
  .rodata             const    0x08017388     0x20  app_data.o [1]
  .rodata             const    0x080173a8     0x20  app_data.o [1]
  .rodata             const    0x080173c8     0x20  bgm111.o [1]
  .rodata             const    0x080173e8     0x20  bgm111.o [1]
  .rodata             const    0x08017408     0x20  main.o [1]
  .rodata             const    0x08017428     0x20  main.o [1]
  .rodata             const    0x08017448     0x20  parser.o [1]
  .rodata             const    0x08017468     0x20  parser.o [1]
  .rodata             const    0x08017488     0x20  parser.o [1]
  .rodata             const    0x080174a8     0x20  parser.o [1]
  .rodata             const    0x080174c8     0x20  parser.o [1]
  .rodata             const    0x080174e8     0x20  parser.o [1]
  .rodata             const    0x08017508     0x20  parser.o [1]
  .rodata             const    0x08017528     0x20  parser.o [1]
  .rodata             const    0x08017548     0x20  parser.o [1]
  .rodata             const    0x08017568     0x20  parser.o [1]
  .rodata             const    0x08017588     0x20  parser.o [1]
  .rodata             const    0x080175a8     0x20  parser.o [1]
  .rodata             const    0x080175c8     0x20  parser.o [1]
  .rodata             const    0x080175e8     0x20  parser.o [1]
  .rodata             const    0x08017608     0x20  parser.o [1]
  .rodata             const    0x08017628     0x20  parser.o [1]
  .rodata             const    0x08017648     0x20  parser.o [1]
  .rodata             const    0x08017668     0x20  parser.o [1]
  .rodata             const    0x08017688     0x1c  app_data.o [1]
  .rodata             const    0x080176a4     0x1c  bgm111.o [1]
  .rodata             const    0x080176c0     0x1c  bgm111.o [1]
  .rodata             const    0x080176dc     0x1c  bgm111.o [1]
  .rodata             const    0x080176f8     0x1c  bgm111.o [1]
  .rodata             const    0x08017714     0x1c  ErrorCodes.o [1]
  .rodata             const    0x08017730     0x1c  main.o [1]
  .rodata             const    0x0801774c     0x1c  parser.o [1]
  .rodata             const    0x08017768     0x1c  parser.o [1]
  .rodata             const    0x08017784     0x1c  parser.o [1]
  .rodata             const    0x080177a0     0x1c  parser.o [1]
  .rodata             const    0x080177bc     0x1c  parser.o [1]
  .rodata             const    0x080177d8     0x1c  parser.o [1]
  .rodata             const    0x080177f4     0x1c  parser.o [1]
  .text               ro code  0x08017810     0x1a  cmain.o [5]
  .text               ro code  0x0801782a      0x4  low_level_init.o [3]
  .text               ro code  0x0801782e      0x4  exit.o [3]
  .text               ro code  0x08017834      0xa  cexit.o [5]
  .text               ro code  0x08017840     0x14  exit.o [6]
  .rodata             const    0x08017854     0x18  app_data.o [1]
  .rodata             const    0x0801786c     0x18  bgm111.o [1]
  .rodata             const    0x08017884     0x18  bgm111.o [1]
  .rodata             const    0x0801789c     0x18  parser.o [1]
  .rodata             const    0x080178b4     0x18  parser.o [1]
  .rodata             const    0x080178cc     0x18  parser.o [1]
  .rodata             const    0x080178e4     0x18  parser.o [1]
  .rodata             const    0x080178fc     0x18  parser.o [1]
  .rodata             const    0x08017914     0x18  parser.o [1]
  .rodata             const    0x0801792c     0x18  parser.o [1]
  .rodata             const    0x08017944     0x18  parser.o [1]
  .rodata             const    0x0801795c     0x18  parser.o [1]
  .rodata             const    0x08017974     0x18  parser.o [1]
  .rodata             const    0x0801798c     0x18  parser.o [1]
  .rodata             const    0x080179a4     0x18  parser.o [1]
  .rodata             const    0x080179bc     0x18  parser.o [1]
  .rodata             const    0x080179d4     0x18  parser.o [1]
  .rodata             const    0x080179ec     0x18  parser.o [1]
  .rodata             const    0x08017a04     0x18  parser.o [1]
  .rodata             const    0x08017a1c     0x18  parser.o [1]
  .rodata             const    0x08017a34     0x18  parser.o [1]
  .rodata             const    0x08017a4c     0x18  parser.o [1]
  .rodata             const    0x08017a64     0x18  parser.o [1]
  .rodata             const    0x08017a7c     0x18  parser.o [1]
  .rodata             const    0x08017a94     0x18  parser.o [1]
  .rodata             const    0x08017aac     0x18  parser.o [1]
  .rodata             const    0x08017ac4     0x18  parser.o [1]
  .rodata             const    0x08017adc     0x18  parser.o [1]
  .rodata             const    0x08017af4     0x18  parser.o [1]
  .rodata             const    0x08017b0c     0x18  parser.o [1]
  .rodata             const    0x08017b24     0x18  parser.o [1]
  .rodata             const    0x08017b3c     0x18  parser.o [1]
  .rodata             const    0x08017b54     0x18  parser.o [1]
  .rodata             const    0x08017b6c     0x18  parser.o [1]
  .rodata             const    0x08017b84     0x18  parser.o [1]
  .rodata             const    0x08017b9c     0x18  parser.o [1]
  .rodata             const    0x08017bb4     0x18  parser.o [1]
  .rodata             const    0x08017bcc     0x18  parser.o [1]
  .rodata             const    0x08017be4     0x18  parser.o [1]
  .rodata             const    0x08017bfc     0x18  parser.o [1]
  .rodata             const    0x08017c14     0x18  parser.o [1]
  .rodata             const    0x08017c2c     0x18  parser.o [1]
  .rodata             const    0x08017c44     0x18  parser.o [1]
  .rodata             const    0x08017c5c     0x18  parser.o [1]
  .rodata             const    0x08017c74     0x18  parser.o [1]
  .rodata             const    0x08017c8c     0x18  parser.o [1]
  .rodata             const    0x08017ca4     0x18  parser.o [1]
  .rodata             const    0x08017cbc     0x18  parser.o [1]
  .rodata             const    0x08017cd4     0x18  parser.o [1]
  .rodata             const    0x08017cec     0x18  parser.o [1]
  .rodata             const    0x08017d04     0x18  parser.o [1]
  .rodata             const    0x08017d1c     0x18  parser.o [1]
  .rodata             const    0x08017d34     0x18  parser.o [1]
  .rodata             const    0x08017d4c     0x14  app_data.o [1]
  .rodata             const    0x08017d60     0x14  app_data.o [1]
  .rodata             const    0x08017d74     0x14  app_data.o [1]
  .rodata             const    0x08017d88     0x14  app_data.o [1]
  .rodata             const    0x08017d9c     0x14  app_data.o [1]
  .rodata             const    0x08017db0     0x14  app_data.o [1]
  .rodata             const    0x08017dc4     0x14  app_data.o [1]
  .rodata             const    0x08017dd8     0x14  app_data.o [1]
  .rodata             const    0x08017dec     0x14  app_data.o [1]
  .rodata             const    0x08017e00     0x14  app_data.o [1]
  .rodata             const    0x08017e14     0x14  app_data.o [1]
  .rodata             const    0x08017e28     0x14  app_data.o [1]
  .rodata             const    0x08017e3c     0x14  app_data.o [1]
  .rodata             const    0x08017e50     0x14  app_data.o [1]
  .rodata             const    0x08017e64     0x14  app_data.o [1]
  .rodata             const    0x08017e78     0x14  app_data.o [1]
  .rodata             const    0x08017e8c     0x14  app_data.o [1]
  .rodata             const    0x08017ea0     0x14  app_data.o [1]
  .rodata             const    0x08017eb4     0x14  app_data.o [1]
  .rodata             const    0x08017ec8     0x14  app_data.o [1]
  .rodata             const    0x08017edc     0x14  app_data.o [1]
  .rodata             const    0x08017ef0     0x14  app_data.o [1]
  .rodata             const    0x08017f04     0x14  app_data.o [1]
  .rodata             const    0x08017f18     0x14  app_data.o [1]
  .rodata             const    0x08017f2c     0x14  app_data.o [1]
  .rodata             const    0x08017f40     0x14  app_data.o [1]
  .rodata             const    0x08017f54     0x14  app_data.o [1]
  .rodata             const    0x08017f68     0x14  app_data.o [1]
  .rodata             const    0x08017f7c     0x14  bgm111.o [1]
  .rodata             const    0x08017f90     0x14  bgm111.o [1]
  .rodata             const    0x08017fa4     0x14  bgm111.o [1]
  .rodata             const    0x08017fb8     0x14  bgm111.o [1]
  .rodata             const    0x08017fcc     0x14  bgm111.o [1]
  .rodata             const    0x08017fe0     0x14  Calibration.o [1]
  .rodata             const    0x08017ff4     0x14  ErrorCodes.o [1]
  .rodata             const    0x08018008     0x14  gpio.o [1]
  .rodata             const    0x0801801c     0x14  main.o [1]
  .rodata             const    0x08018030     0x14  parser.o [1]
  .rodata             const    0x08018044     0x14  parser.o [1]
  .rodata             const    0x08018058     0x14  parser.o [1]
  .rodata             const    0x0801806c     0x14  parser.o [1]
  .rodata             const    0x08018080     0x14  parser.o [1]
  .rodata             const    0x08018094     0x14  parser.o [1]
  .rodata             const    0x080180a8     0x14  parser.o [1]
  .rodata             const    0x080180bc     0x14  parser.o [1]
  .rodata             const    0x080180d0     0x14  parser.o [1]
  .rodata             const    0x080180e4     0x14  parser.o [1]
  .rodata             const    0x080180f8     0x14  parser.o [1]
  .rodata             const    0x0801810c     0x14  parser.o [1]
  .rodata             const    0x08018120     0x14  parser.o [1]
  .rodata             const    0x08018134     0x14  parser.o [1]
  .rodata             const    0x08018148     0x10  app_data.o [1]
  .rodata             const    0x08018158     0x10  bgm111.o [1]
  .rodata             const    0x08018168     0x10  bgm111.o [1]
  .rodata             const    0x08018178     0x10  bgm111.o [1]
  .rodata             const    0x08018188     0x10  bgm111.o [1]
  .rodata             const    0x08018198     0x10  bgm111.o [1]
  .rodata             const    0x080181a8     0x10  parser.o [1]
  .rodata             const    0x080181b8     0x10  parser.o [1]
  .rodata             const    0x080181c8     0x10  parser.o [1]
  .rodata             const    0x080181d8     0x10  parser.o [1]
  .rodata             const    0x080181e8     0x10  parser.o [1]
  .rodata             const    0x080181f8     0x10  system_stm32l1xx.o [1]
  .text               ro code  0x08018208     0x10  startup_stm32l152xe.o [1]
  .rodata             const    0x08018218      0xc  app_data.o [1]
  .rodata             const    0x08018224      0xc  app_data.o [1]
  .rodata             const    0x08018230      0xc  bgm111.o [1]
  .rodata             const    0x0801823c      0xc  bgm111.o [1]
  .rodata             const    0x08018248      0xc  bgm111.o [1]
  .rodata             const    0x08018254      0xc  bgm111.o [1]
  .rodata             const    0x08018260      0xc  bgm111.o [1]
  .rodata             const    0x0801826c      0xc  Calibration.o [1]
  .rodata             const    0x08018278      0xc  Calibration.o [1]
  .rodata             const    0x08018284      0xc  Calibration.o [1]
  .rodata             const    0x08018290      0xc  Calibration.o [1]
  .rodata             const    0x0801829c      0xc  Calibration.o [1]
  .rodata             const    0x080182a8      0xc  Calibration.o [1]
  .rodata             const    0x080182b4      0xc  Calibration.o [1]
  .rodata             const    0x080182c0      0xc  Calibration.o [1]
  .rodata             const    0x080182cc      0xc  Calibration.o [1]
  .rodata             const    0x080182d8      0xc  Calibration.o [1]
  .rodata             const    0x080182e4      0xc  Calibration.o [1]
  .rodata             const    0x080182f0      0xc  Calibration.o [1]
  .rodata             const    0x080182fc      0xc  Calibration.o [1]
  .rodata             const    0x08018308      0xc  Calibration.o [1]
  .rodata             const    0x08018314      0xc  Calibration.o [1]
  .rodata             const    0x08018320      0xc  Calibration.o [1]
  .rodata             const    0x0801832c      0xc  Calibration.o [1]
  .rodata             const    0x08018338      0xc  Calibration.o [1]
  .rodata             const    0x08018344      0xc  Calibration.o [1]
  .rodata             const    0x08018350      0xc  main.o [1]
  .rodata             const    0x0801835c      0xc  parser.o [1]
  .rodata             const    0x08018368      0xc  parser.o [1]
  .rodata             const    0x08018374      0xc  parser.o [1]
  .rodata             const    0x08018380      0xc  parser.o [1]
  .rodata             const    0x0801838c      0xc  parser.o [1]
  .rodata             const    0x08018398      0xc  parser.o [1]
  .rodata             const    0x080183a4      0xc  parser.o [1]
  .rodata             const    0x080183b0      0xc  stm32l1xx_hal_rcc.o [1]
  .text               ro code  0x080183bc      0xc  cstartup_M.o [5]
  .rodata             const    0x080183c8      0x8  app_data.o [1]
  .rodata             const    0x080183d0      0x8  app_data.o [1]
  .rodata             const    0x080183d8      0x8  app_data.o [1]
  .rodata             const    0x080183e0      0x8  app_data.o [1]
  .rodata             const    0x080183e8      0x8  app_data.o [1]
  .rodata             const    0x080183f0      0x8  app_data.o [1]
  .rodata             const    0x080183f8      0x8  barometer.o [1]
  .rodata             const    0x08018400      0x8  barometer.o [1]
  .rodata             const    0x08018408      0x8  barometer.o [1]
  .rodata             const    0x08018410      0x8  barometer.o [1]
  .rodata             const    0x08018418      0x8  bgm111.o [1]
  .rodata             const    0x08018420      0x8  bgm111.o [1]
  .rodata             const    0x08018428      0x8  bgm111.o [1]
  .rodata             const    0x08018430      0x8  Calibration.o [1]
  .rodata             const    0x08018438      0x8  Calibration.o [1]
  .rodata             const    0x08018440      0x8  Calibration.o [1]
  .rodata             const    0x08018448      0x8  Calibration.o [1]
  .rodata             const    0x08018450      0x8  ErrorCodes.o [1]
  .rodata             const    0x08018458      0x8  ErrorCodes.o [1]
  .rodata             const    0x08018460      0x8  ErrorCodes.o [1]
  .rodata             const    0x08018468      0x8  ErrorCodes.o [1]
  .rodata             const    0x08018470      0x8  ErrorCodes.o [1]
  .rodata             const    0x08018478      0x8  ErrorCodes.o [1]
  .rodata             const    0x08018480      0x8  ErrorCodes.o [1]
  .rodata             const    0x08018488      0x8  ErrorCodes.o [1]
  .rodata             const    0x08018490      0x8  ErrorCodes.o [1]
  .rodata             const    0x08018498      0x8  ErrorCodes.o [1]
  .rodata             const    0x080184a0      0x8  ErrorCodes.o [1]
  .rodata             const    0x080184a8      0x8  ErrorCodes.o [1]
  .rodata             const    0x080184b0      0x8  ErrorCodes.o [1]
  .rodata             const    0x080184b8      0x8  ErrorCodes.o [1]
  .rodata             const    0x080184c0      0x8  ErrorCodes.o [1]
  .rodata             const    0x080184c8      0x8  ErrorCodes.o [1]
  .rodata             const    0x080184d0      0x8  ErrorCodes.o [1]
  .rodata             const    0x080184d8      0x8  ErrorCodes.o [1]
  .rodata             const    0x080184e0      0x8  ErrorCodes.o [1]
  .rodata             const    0x080184e8      0x8  ErrorCodes.o [1]
  .rodata             const    0x080184f0      0x8  ErrorCodes.o [1]
  .rodata             const    0x080184f8      0x8  ErrorCodes.o [1]
  .rodata             const    0x08018500      0x8  ErrorCodes.o [1]
  .rodata             const    0x08018508      0x8  GridEye.o [1]
  .rodata             const    0x08018510      0x8  GridEye.o [1]
  .rodata             const    0x08018518      0x8  Humidity.o [1]
  .rodata             const    0x08018520      0x8  Humidity.o [1]
  .rodata             const    0x08018528      0x8  Humidity.o [1]
  .rodata             const    0x08018530      0x8  main.o [1]
  .rodata             const    0x08018538      0x8  main.o [1]
  .rodata             const    0x08018540      0x8  parser.o [1]
  .rodata             const    0x08018548      0x8  parser.o [1]
  .rodata             const    0x08018550      0x8  parser.o [1]
  .rodata             const    0x08018558      0x8  parser.o [1]
  .rodata             const    0x08018560      0x8  parser.o [1]
  .rodata             const    0x08018568      0x8  parser.o [1]
  .rodata             const    0x08018570      0x8  parser.o [1]
  .rodata             const    0x08018578      0x8  parser.o [1]
  .rodata             const    0x08018580      0x8  parser.o [1]
  .rodata             const    0x08018588      0x8  parser.o [1]
  .rodata             const    0x08018590      0x8  parser.o [1]
  .rodata             const    0x08018598      0x8  parser.o [1]
  .rodata             const    0x080185a0      0x8  parser.o [1]
  .rodata             const    0x080185a8      0x8  parser.o [1]
  .rodata             const    0x080185b0      0x8  parser.o [1]
  .rodata             const    0x080185b8      0x8  parser.o [1]
  .rodata             const    0x080185c0      0x8  parser.o [1]
  .rodata             const    0x080185c8      0x8  parser.o [1]
  .rodata             const    0x080185d0      0x8  parser.o [1]
  .rodata             const    0x080185d8      0x8  parser.o [1]
  .rodata             const    0x080185e0      0x8  parser.o [1]
  .rodata             const    0x080185e8      0x8  parser.o [1]
  .rodata             const    0x080185f0      0x8  parser.o [1]
  .rodata             const    0x080185f8      0x8  parser.o [1]
  .rodata             const    0x08018600      0x8  parser.o [1]
  .rodata             const    0x08018608      0x8  Rd_Sound.o [1]
  .rodata             const    0x08018610      0x8  RGBLight.o [1]
  .rodata             const    0x08018618      0x8  system_stm32l1xx.o [1]
  .rodata             const    0x08018620      0x8  Temperature.o [1]
  .rodata             const    0x08018628      0x8  Temperature.o [1]
  .rodata             const    0x08018630      0x8  VMonitor.o [1]
  .rodata             const    0x08018638      0x8  VMonitor.o [1]
  .rodata             const    0x08018640      0x8  VMonitor.o [1]
  .rodata             const    0x08018648      0x4  stm32l1xx_hal_rcc.o [1]
  .text               ro code  0x0801864c      0x4  startup_stm32l152xe.o [1]
  .text               ro code  0x08018650      0x4  startup_stm32l152xe.o [1]
  .text               ro code  0x08018654      0x4  startup_stm32l152xe.o [1]
  .text               ro code  0x08018658      0x4  startup_stm32l152xe.o [1]
  .text               ro code  0x0801865c      0x4  startup_stm32l152xe.o [1]
  .text               ro code  0x08018660      0x4  startup_stm32l152xe.o [1]
  .text               ro code  0x08018664      0x4  startup_stm32l152xe.o [1]
  .text               ro code  0x08018668      0x4  startup_stm32l152xe.o [1]
  .text               ro code  0x0801866c      0x4  startup_stm32l152xe.o [1]
  .text               ro code  0x08018670      0x4  startup_stm32l152xe.o [1]
  .text               ro code  0x08018674      0x4  startup_stm32l152xe.o [1]
  .text               ro code  0x08018678      0x4  startup_stm32l152xe.o [1]
  .text               ro code  0x0801867c      0x4  startup_stm32l152xe.o [1]
  .text               ro code  0x08018680      0x4  startup_stm32l152xe.o [1]
  .text               ro code  0x08018684      0x4  startup_stm32l152xe.o [1]
  .text               ro code  0x08018688      0x4  startup_stm32l152xe.o [1]
  .text               ro code  0x0801868c      0x4  startup_stm32l152xe.o [1]
  .text               ro code  0x08018690      0x4  startup_stm32l152xe.o [1]
  .text               ro code  0x08018694      0x4  startup_stm32l152xe.o [1]
  .text               ro code  0x08018698      0x4  startup_stm32l152xe.o [1]
  .text               ro code  0x0801869c      0x4  startup_stm32l152xe.o [1]
  .text               ro code  0x080186a0      0x4  startup_stm32l152xe.o [1]
  .text               ro code  0x080186a4      0x4  startup_stm32l152xe.o [1]
  .text               ro code  0x080186a8      0x4  startup_stm32l152xe.o [1]
  .text               ro code  0x080186ac      0x4  startup_stm32l152xe.o [1]
  .text               ro code  0x080186b0      0x4  startup_stm32l152xe.o [1]
  .text               ro code  0x080186b4      0x4  startup_stm32l152xe.o [1]
  .text               ro code  0x080186b8      0x4  startup_stm32l152xe.o [1]
  .text               ro code  0x080186bc      0x4  startup_stm32l152xe.o [1]
  .text               ro code  0x080186c0      0x4  startup_stm32l152xe.o [1]
  .text               ro code  0x080186c4      0x4  startup_stm32l152xe.o [1]
  .text               ro code  0x080186c8      0x4  startup_stm32l152xe.o [1]
  .text               ro code  0x080186cc      0x4  startup_stm32l152xe.o [1]
  .text               ro code  0x080186d0      0x4  startup_stm32l152xe.o [1]
  .text               ro code  0x080186d4      0x4  startup_stm32l152xe.o [1]
  .text               ro code  0x080186d8      0x4  startup_stm32l152xe.o [1]
  .text               ro code  0x080186dc      0x4  startup_stm32l152xe.o [1]
  .text               ro code  0x080186e0      0x4  startup_stm32l152xe.o [1]
  .text               ro code  0x080186e4      0x4  startup_stm32l152xe.o [1]
  .text               ro code  0x080186e8      0x4  startup_stm32l152xe.o [1]
  .text               ro code  0x080186ec      0x4  startup_stm32l152xe.o [1]
  .text               ro code  0x080186f0      0x4  startup_stm32l152xe.o [1]
  .text               ro code  0x080186f4      0x4  startup_stm32l152xe.o [1]
  .text               ro code  0x080186f8      0x4  startup_stm32l152xe.o [1]
  .text               ro code  0x080186fc      0x4  startup_stm32l152xe.o [1]
  .text               ro code  0x08018700      0x4  startup_stm32l152xe.o [1]
  .text               ro code  0x08018704      0x4  startup_stm32l152xe.o [1]
  .text               ro code  0x08018708      0x4  startup_stm32l152xe.o [1]
  .text               ro code  0x0801870c      0x4  startup_stm32l152xe.o [1]
  .text               ro code  0x08018710      0x4  startup_stm32l152xe.o [1]
  .rodata             const    0x08018714      0x0  zero_init3.o [5]
  .rodata             const    0x08018714      0x0  packbits_init_single.o [5]
  Initializer bytes   const    0x08018714     0x54  <for P2-1>
                             - 0x08018768  0x18644

Absolute sections, part 1 of 2:               0x24
  .bss                zero     0x08070000     0x24  wwdg.o [1]
                             - 0x08070024     0x24

Absolute sections, part 2 of 2:               0xc8
  .bss                zero     0x08070100     0xc8  Calibration.o [1]
                             - 0x080701c8     0xc8

"P2", part 1 of 3:                           0x14c
  P2-1                         0x20000000    0x14c  <Init block>
    .data             inited   0x20000000      0xc  adc.o [1]
    .data             inited   0x2000000c      0x4  bgm111.o [1]
    .data             inited   0x20000010      0x4  bgm111.o [1]
    .data             inited   0x20000014     0x24  gpio.o [1]
    .data             inited   0x20000038      0x4  system_stm32l1xx.o [1]
    .data             inited   0x2000003c      0x4  tim.o [1]
    .data             inited   0x20000040      0x4  tim.o [1]
    .data             inited   0x20000044      0x4  tim.o [1]
    .data             inited   0x20000048      0x4  usart.o [1]
    __DLIB_PERTHREAD  inited   0x2000004c     0x88  localeconv.o [3]
    __DLIB_PERTHREAD  inited   0x200000d4      0x4  errno.o [3]
    __DLIB_PERTHREAD  inited   0x200000d8     0x74  setlocale.o [3]
                             - 0x2000014c    0x14c

"P2", part 2 of 3:                          0x1000
  CSTACK                       0x20000150   0x1000  <Block>
    CSTACK            uninit   0x20000150   0x1000  <Block tail>
  HEAP                         0x20001150      0x0  <Block>
                             - 0x20001150   0x1000

"P2", part 3 of 3:                          0x253c
  .bss                zero     0x20001150    0xf78  bgm111.o [1]
  .bss                zero     0x200020c8    0x324  bgm111.o [1]
  .bss                zero     0x200023ec    0x324  ErrorCodes.o [1]
  .bss                zero     0x20002710    0x248  app_data.o [1]
  .bss                zero     0x20002958    0x248  app_data.o [1]
  .bss                zero     0x20002ba0    0x220  usbd_conf.o [1]
  .bss                zero     0x20002dc0    0x1a4  bgm111.o [1]
  .bss                zero     0x20002f64     0xc8  Calibration.o [1]
  .bss                zero     0x2000302c     0x8c  tasks.o [1]
  .bss                zero     0x200030b8     0x84  bgm111.o [1]
  .bss                zero     0x2000313c     0x84  bgm111.o [1]
  .bss                zero     0x200031c0     0x80  Rd_Sound.o [1]
  .bss                zero     0x20003240     0x80  Rd_Sound.o [1]
  .bss                zero     0x200032c0     0x80  Rd_Sound.o [1]
  .bss                zero     0x20003340     0x54  adc.o [1]
  .bss                zero     0x20003394     0x40  usart.o [1]
  .bss                zero     0x200033d4     0x40  usart.o [1]
  .bss                zero     0x20003414     0x3c  i2c.o [1]
  .bss                zero     0x20003450     0x38  adc.o [1]
  .bss                zero     0x20003488     0x38  stm32l1xx_hal_timebase_TIM.o [1]
  .bss                zero     0x200034c0     0x38  tim.o [1]
  .bss                zero     0x200034f8     0x38  tim.o [1]
  .bss                zero     0x20003530     0x28  bgm111.o [1]
  .bss                zero     0x20003558     0x28  usart.o [1]
  .bss                zero     0x20003580     0x24  wwdg.o [1]
  .bss                zero     0x200035a4     0x1c  Flash.o [1]
  .bss                zero     0x200035c0     0x18  stm32l1xx_hal_flash.o [1]
  .bss                zero     0x200035d8     0x14  wwdg.o [1]
  .bss                zero     0x200035ec      0xc  adc.o [1]
  .bss                zero     0x200035f8      0xc  app_data.o [1]
  .bss                zero     0x20003604      0xc  Flash.o [1]
  .bss                zero     0x20003610      0x8  app_data.o [1]
  .bss                zero     0x20003618      0x8  xxmemxmalloc.o [3]
  .bss                zero     0x20003620      0x4  bgm111.o [1]
  .bss                zero     0x20003624      0x4  bgm111.o [1]
  .bss                zero     0x20003628      0x4  bgm111.o [1]
  .bss                zero     0x2000362c      0x4  bgm111.o [1]
  .bss                zero     0x20003630      0x4  bgm111.o [1]
  .bss                zero     0x20003634      0x4  Flash.o [1]
  .bss                zero     0x20003638      0x4  stm32l1xx_hal.o [1]
  .bss                zero     0x2000363c      0x4  tasks.o [1]
  .bss                zero     0x20003640      0x4  tasks.o [1]
  .bss                zero     0x20003644      0x4  tasks.o [1]
  .bss                zero     0x20003648      0x4  tasks.o [1]
  .bss                zero     0x2000364c      0x4  tasks.o [1]
  .bss                zero     0x20003650      0x4  tasks.o [1]
  .bss                zero     0x20003654      0x4  tasks.o [1]
  .bss                zero     0x20003658      0x4  tasks.o [1]
  .bss                zero     0x2000365c      0x4  tasks.o [1]
  .bss                zero     0x20003660      0x4  tasks.o [1]
  .bss                zero     0x20003664      0x4  tasks.o [1]
  .bss                zero     0x20003668      0x4  usart.o [1]
  .bss                zero     0x2000366c      0x4  usart.o [1]
  .bss                zero     0x20003670      0x4  wwdg.o [1]
  .bss                zero     0x20003674      0x4  xgetmemchunk.o [3]
  .bss                zero     0x20003678      0x2  app_data.o [1]
  .bss                zero     0x2000367a      0x2  app_data.o [1]
  .bss                zero     0x2000367c      0x1  adc.o [1]
  .bss                zero     0x2000367d      0x1  adc.o [1]
  .bss                zero     0x2000367e      0x1  adc.o [1]
  .bss                zero     0x2000367f      0x1  app_data.o [1]
  .bss                zero     0x20003680      0x1  bgm111.o [1]
  .bss                zero     0x20003681      0x1  parser.o [1]
  .bss                zero     0x20003682      0x1  tim.o [1]
  .bss                zero     0x20003683      0x1  tim.o [1]
  .bss                zero     0x20003684      0x1  usart.o [1]
  .bss                zero     0x20003685      0x1  usart.o [1]
  .bss                zero     0x20003686      0x1  usart.o [1]
  .bss                zero     0x20003687      0x1  usbd_ctlreq.o [1]
  .bss                zero     0x20003688      0x1  wwdg.o [1]
                             - 0x20003689   0x2539


*******************************************************************************
*** INIT TABLE
***

          Address     Size
          -------     ----
Zero (__iar_zero_init3)
    3 destination ranges, total size 0x2625:
          0x08070000    0x24
          0x08070100    0xc8
          0x20001150  0x2539

Copy/packbits (__iar_packbits_init_single3)
    1 source range, total size 0x54 (25% of destination):
          0x08018714    0x54
    1 destination range, total size 0x14c:
          0x20000000   0x14c



*******************************************************************************
*** MODULE SUMMARY
***

    Module                        ro code  ro data  rw data  rw data
                                                              (abs)
    ------                        -------  -------  -------  -------
D:\GoogleDriveCLT\GoogleDrive\WeatherCloud\Roadboard\Software\Road-Board-December-2016N8\EWARM\Road Brd MSTR Rev L Long Always\Obj: [1]
    Calibration.o                     320      380      200      200
    ErrorCodes.o                      318      324      804
    Flash.o                           344                44
    GridEye.o                       6 828       16
    Humidity.o                      3 260       24
    RGBLight.o                        808        8
    Rd_Sound.o                        576        8      384
    Temperature.o                     692       16
    VMonitor.o                      2 164       24
    adc.o                             700        3      167
    app_data.o                      5 356    1 628    1 193
    barometer.o                       632       32
    bgm111.o                        2 464      490    5 517
    cmsis_os.o                         16
    dma.o                              48
    fix_fft.o                         456      192
    gecko_bglib.o                     432
    gpio.o                            452       29       36
    i2c.o                           1 248                60
    list.o                             64
    lps25hb.o                         584
    main.o                          1 810      440
    parser.o                       12 368    6 960        1
    port.o                             36
    portasm.o                         148
    startup_stm32l152xe.o             508
    stm32l1xx_hal.o                    72                 4
    stm32l1xx_hal_adc.o             2 090
    stm32l1xx_hal_cortex.o            432
    stm32l1xx_hal_dma.o             3 838
    stm32l1xx_hal_flash.o             408                24
    stm32l1xx_hal_flash_ex.o          204
    stm32l1xx_hal_gpio.o              888
    stm32l1xx_hal_i2c.o             4 120
    stm32l1xx_hal_msp.o               152
    stm32l1xx_hal_pcd.o             4 212
    stm32l1xx_hal_pwr_ex.o             16
    stm32l1xx_hal_rcc.o             3 284       16
    stm32l1xx_hal_tim.o               986
    stm32l1xx_hal_tim_ex.o             94
    stm32l1xx_hal_timebase_TIM.o      144                56
    stm32l1xx_hal_uart.o            2 284
    stm32l1xx_hal_wwdg.o              214
    stm32l1xx_it.o                    132
    system_stm32l1xx.o                100       25        4
    tasks.o                           548               184
    tim.o                             588        3      126
    usart.o                         1 212        1      183
    usbd_conf.o                       408               544
    usbd_core.o                       712
    usbd_ctlreq.o                   1 544                 1
    usbd_ioreq.o                      144
    wwdg.o                            568                61       36
    ----------------------------------------------------------------
    Total:                         72 026   10 619    9 593      236

command line: [2]
    ----------------------------------------------------------------
    Total:

dl7M_tlf.a: [3]
    atoi.o                              8
    div.o                              14
    errno.o                            12        1        4
    exit.o                              4
    isdigit.o                          10
    isxxx.o                            40
    localeconv.o                      108       34      136
    low_level_init.o                    4
    setlocale.o                        40       30      116
    sprintf.o                          52
    sscanf.o                           36
    strcat.o                           28
    strncmp.o                          44
    tolower.o                          20
    xencoding_sb.o                     96
    xgetmemchunk.o                     44                 4
    xlocale_c.o                        54
    xmbcurmax.o                        10
    xmbtowc.o                          32
    xprintffull.o                   4 510
    xscanffull.o                    3 312
    xsprout.o                          10
    xsscin.o                           30
    xstoflt.o                         464
    xstoll.o                          166
    xstopfx.o                         290
    xstoul.o                          408
    xstoull.o                         432
    xstoxflt.o                        564
    xtls.o                              2
    xwctob.o                           64
    xwctomb.o                          26
    xxmemxfree.o                      128
    xxmemxmalloc.o                    176                 8
    ----------------------------------------------------------------
    Total:                         11 238       65      268

m7M_tl.a: [4]
    DblAdd.o                          232
    DblCmpEq.o                         32
    DblCmpGe.o                         46
    DblCmpLe.o                         46
    DblDiv.o                          598
    DblMul.o                          418
    DblSub.o                          384
    DblToFlt.o                        144
    DblToI32.o                         88
    FltAdd.o                          132
    FltCmpGe.o                         36
    FltDiv.o                          252
    FltMul.o                          216
    FltSub.o                          214
    FltToDbl.o                         78
    FltToS32.o                         68
    I32ToDbl.o                         48
    I32ToFlt.o                         50
    ceil.o                             94
    modf.o                            184
    round.o                            68
    sqrt.o                            240
    xdint.o                           122
    xdnorm.o                           68
    xdscale.o                         268
    xdtento.o                         512
    xdunscal.o                         82
    xstold.o                          332
    ----------------------------------------------------------------
    Total:                          5 052

rt7M_tl.a: [5]
    ABImemcpy_unaligned.o             118
    ABImemset.o                        94
    I64DivMod.o                       238
    I64DivZer.o                         2
    cexit.o                            10
    cmain.o                            26
    cstartup_M.o                       12
    data_init.o                        40
    iarEdom.o                          12
    memchr.o                           88
    packbits_init_single.o             56
    strchr.o                           22
    strcmp_unaligned.o                 66
    strcpy_unaligned.o                 68
    strlen.o                           54
    strncpy_unaligned.o               108
    zero_init3.o                       64
    ----------------------------------------------------------------
    Total:                          1 078

shb_l.a: [6]
    exit.o                             20
    ----------------------------------------------------------------
    Total:                             20

    Gaps                               54
    Linker created                              48    4 096
--------------------------------------------------------------------
    Grand Total:                   89 468   10 732   13 957      236


*******************************************************************************
*** ENTRY LIST
***

Entry                      Address    Size  Type      Object
-----                      -------    ----  ----      ------
.iar.init_table$$Base   0x08016ff8           --   Gb  - Linker created -
.iar.init_table$$Limit  0x08017028           --   Gb  - Linker created -
?main                   0x08017811          Code  Gb  cmain.o [5]
ADC_Channel             0x2000367e     0x1  Data  Lc  adc.o [1]
ADC_Config              0x0800b7b7    0xbe  Code  Gb  adc.o [1]
ADC_ConversionStop_Disable
                        0x08011069    0x4a  Code  Gb  stm32l1xx_hal_adc.o [1]
ADC_DMAConvCplt         0x080110b5    0x6e  Code  Lc  stm32l1xx_hal_adc.o [1]
ADC_DMAError            0x08011135    0x1e  Code  Lc  stm32l1xx_hal_adc.o [1]
ADC_DMAHalfConvCplt     0x08011125     0xe  Code  Lc  stm32l1xx_hal_adc.o [1]
ADC_Enable              0x08010fcb    0x72  Code  Gb  stm32l1xx_hal_adc.o [1]
AHBPrescTable           0x080181f8    0x10  Data  Gb  system_stm32l1xx.o [1]
APBPrescTable           0x08018618     0x8  Data  Gb  system_stm32l1xx.o [1]
BGM111_CMD_Mode         0x08003a2f     0xa  Code  Gb  bgm111.o [1]
BGM111_Connected        0x08003a1b     0xa  Code  Gb  bgm111.o [1]
BGM111_DataConnected    0x08003a25     0xa  Code  Gb  bgm111.o [1]
BGM111_GetTackState     0x08003b29     0xa  Code  Gb  bgm111.o [1]
BGM111_Init             0x080037d1    0x32  Code  Gb  bgm111.o [1]
BGM111_LowLevel_Init    0x08003709    0x52  Code  Gb  bgm111.o [1]
BGM111_Peek             0x080037c7     0xa  Code  Gb  bgm111.o [1]
BGM111_ProcessInput     0x08003803   0x20e  Code  Gb  bgm111.o [1]
BGM111_Ready            0x08003a11     0xa  Code  Gb  bgm111.o [1]
BGM111_Receive          0x08003769    0x5e  Code  Gb  bgm111.o [1]
BGM111_SetCMD_Mode      0x08003a43     0xa  Code  Gb  bgm111.o [1]
BGM111_SetDataConnected
                        0x08003a39     0xa  Code  Gb  bgm111.o [1]
BGM111_SetSyncFlg       0x08003b09     0xa  Code  Gb  bgm111.o [1]
BGM111_SetTackState     0x08003b33     0xa  Code  Gb  bgm111.o [1]
BGM111_SyncModeTest     0x08003a4d    0x98  Code  Gb  bgm111.o [1]
BGM111_SyncModeTestNoInc
                        0x08003ae5    0x24  Code  Gb  bgm111.o [1]
BGM111_Transmit         0x08003bd9   0x13a  Code  Gb  bgm111.o [1]
BGM111_UART_IRQHandler  0x08003b3d    0x92  Code  Gb  bgm111.o [1]
BGM111_cntrlSetSyncFlg  0x08003b13    0x16  Code  Gb  bgm111.o [1]
Bypass                  0x20003681     0x1  Data  Lc  parser.o [1]
CSTACK$$Base            0x20000150           --   Gb  - Linker created -
CSTACK$$Limit           0x20001150           --   Gb  - Linker created -
Cal_Save_Frames         0x20002f64    0xc8  Data  Lc  Calibration.o [1]
Calibration_HardFrames  0x08070100    0xc8  Data  Gb  Calibration.o [1]
Clear_Timer2_Flg        0x0800b59d     0x8  Code  Gb  tim.o [1]
ClrAnalyticsRepeat      0x08005915     0x8  Code  Gb  app_data.o [1]
ClrDataReady            0x0800464b     0xa  Code  Gb  app_data.o [1]
ClrDataStructure        0x0800459d    0xa4  Code  Gb  app_data.o [1]
Clr_HeartBeat           0x0800590d     0x8  Code  Gb  app_data.o [1]
Clr_HrtBeat_Cnt         0x080058eb     0x8  Code  Gb  app_data.o [1]
CodesArray              0x08015cd8    0x5c  Data  Gb  ErrorCodes.o [1]
DMA1_Channel1_IRQHandler
                        0x08015b61     0xa  Code  Gb  stm32l1xx_it.o [1]
DMA_SetConfig           0x08012031    0x22  Code  Lc  stm32l1xx_hal_dma.o [1]
Error_Handler           0x0800ad9d    0x2e  Code  Gb  main.o [1]
FIX_MPY                 0x08012053    0x1c  Code  Gb  fix_fft.o [1]
FLASH_PageErase         0x08013347    0x28  Code  Gb  stm32l1xx_hal_flash_ex.o [1]
FLASH_SetErrorCode      0x080131bb    0x6a  Code  Lc  stm32l1xx_hal_flash.o [1]
FLASH_WaitForLastOperation
                        0x08013157    0x64  Code  Gb  stm32l1xx_hal_flash.o [1]
Get_DriverStates        0x080057e9    0x66  Code  Gb  app_data.o [1]
Get_DriverStatus        0x08005865    0x86  Code  Gb  app_data.o [1]
HAL_ADC_ConfigChannel   0x08010de5   0x1e6  Code  Gb  stm32l1xx_hal_adc.o [1]
HAL_ADC_ConvCpltCallback
                        0x0800b8f3     0xe  Code  Gb  adc.o [1]
HAL_ADC_ConvHalfCpltCallback
                        0x0800b931     0x2  Code  Gb  adc.o [1]
HAL_ADC_DeInit          0x08010aef   0x134  Code  Gb  stm32l1xx_hal_adc.o [1]
HAL_ADC_ErrorCallback   0x0800b933     0xa  Code  Gb  adc.o [1]
HAL_ADC_Init            0x08010929   0x1c6  Code  Gb  stm32l1xx_hal_adc.o [1]
HAL_ADC_MspDeInit       0x0800b78f    0x28  Code  Gb  adc.o [1]
HAL_ADC_MspInit         0x0800b709    0x86  Code  Gb  adc.o [1]
HAL_ADC_Start           0x08010c23    0x88  Code  Gb  stm32l1xx_hal_adc.o [1]
HAL_ADC_Start_DMA       0x08010cab    0xcc  Code  Gb  stm32l1xx_hal_adc.o [1]
HAL_ADC_Stop_DMA        0x08010d77    0x6e  Code  Gb  stm32l1xx_hal_adc.o [1]
HAL_DMA_Abort           0x0801168f    0x54  Code  Gb  stm32l1xx_hal_dma.o [1]
HAL_DMA_DeInit          0x080111ad   0x43e  Code  Gb  stm32l1xx_hal_dma.o [1]
HAL_DMA_IRQHandler      0x080116e9   0x906  Code  Gb  stm32l1xx_hal_dma.o [1]
HAL_DMA_Init            0x08011155    0x58  Code  Gb  stm32l1xx_hal_dma.o [1]
HAL_DMA_Start_IT        0x08011621    0x6e  Code  Gb  stm32l1xx_hal_dma.o [1]
HAL_Delay               0x0800d5f9    0x1a  Code  Wk  stm32l1xx_hal.o [1]
HAL_FLASHEx_Erase       0x080132ad    0x9a  Code  Gb  stm32l1xx_hal_flash_ex.o [1]
HAL_FLASH_GetError      0x08013151     0x6  Code  Gb  stm32l1xx_hal_flash.o [1]
HAL_FLASH_Lock          0x08013141    0x10  Code  Gb  stm32l1xx_hal_flash.o [1]
HAL_FLASH_Program       0x080130b5    0x5c  Code  Gb  stm32l1xx_hal_flash.o [1]
HAL_FLASH_Unlock        0x08013111    0x30  Code  Gb  stm32l1xx_hal_flash.o [1]
HAL_GPIO_DeInit         0x0800af9f   0x13c  Code  Gb  stm32l1xx_hal_gpio.o [1]
HAL_GPIO_Init           0x0800adcd   0x1d2  Code  Gb  stm32l1xx_hal_gpio.o [1]
HAL_GPIO_ReadPin        0x0800b0db    0x18  Code  Gb  stm32l1xx_hal_gpio.o [1]
HAL_GPIO_TogglePin      0x0800b107     0xa  Code  Gb  stm32l1xx_hal_gpio.o [1]
HAL_GPIO_WritePin       0x0800b0f3    0x14  Code  Gb  stm32l1xx_hal_gpio.o [1]
HAL_GetTick             0x0800d5f3     0x6  Code  Wk  stm32l1xx_hal.o [1]
HAL_I2C_ER_IRQHandler   0x0800dfa1    0xce  Code  Gb  stm32l1xx_hal_i2c.o [1]
HAL_I2C_EV_IRQHandler   0x0800de6d   0x134  Code  Gb  stm32l1xx_hal_i2c.o [1]
HAL_I2C_ErrorCallback   0x0800e07b     0x2  Code  Wk  stm32l1xx_hal_i2c.o [1]
HAL_I2C_GetError        0x0800e083     0x4  Code  Gb  stm32l1xx_hal_i2c.o [1]
HAL_I2C_GetState        0x0800e07d     0x6  Code  Gb  stm32l1xx_hal_i2c.o [1]
HAL_I2C_Init            0x0800d71d   0x172  Code  Gb  stm32l1xx_hal_i2c.o [1]
HAL_I2C_MasterRxCpltCallback
                        0x0800e071     0x2  Code  Wk  stm32l1xx_hal_i2c.o [1]
HAL_I2C_MasterTxCpltCallback
                        0x0800e06f     0x2  Code  Wk  stm32l1xx_hal_i2c.o [1]
HAL_I2C_Master_Receive  0x0800d9c7   0x256  Code  Gb  stm32l1xx_hal_i2c.o [1]
HAL_I2C_Master_Receive_IT
                        0x0800dd03   0x14e  Code  Gb  stm32l1xx_hal_i2c.o [1]
HAL_I2C_Master_Transmit
                        0x0800d88f   0x138  Code  Gb  stm32l1xx_hal_i2c.o [1]
HAL_I2C_Master_Transmit_IT
                        0x0800dc1d    0xe6  Code  Gb  stm32l1xx_hal_i2c.o [1]
HAL_I2C_MemRxCpltCallback
                        0x0800e079     0x2  Code  Wk  stm32l1xx_hal_i2c.o [1]
HAL_I2C_MemTxCpltCallback
                        0x0800e077     0x2  Code  Wk  stm32l1xx_hal_i2c.o [1]
HAL_I2C_MspInit         0x0800923b    0x50  Code  Gb  i2c.o [1]
HAL_I2C_SlaveRxCpltCallback
                        0x0800e075     0x2  Code  Wk  stm32l1xx_hal_i2c.o [1]
HAL_I2C_SlaveTxCpltCallback
                        0x0800e073     0x2  Code  Wk  stm32l1xx_hal_i2c.o [1]
HAL_IncTick             0x0800d5e7     0xc  Code  Wk  stm32l1xx_hal.o [1]
HAL_Init                0x0800d5d1    0x16  Code  Gb  stm32l1xx_hal.o [1]
HAL_InitTick            0x08012aa9    0x80  Code  Gb  stm32l1xx_hal_timebase_TIM.o [1]
HAL_MspInit             0x08012b39    0x98  Code  Gb  stm32l1xx_hal_msp.o [1]
HAL_NVIC_DisableIRQ     0x080099e1     0xe  Code  Gb  stm32l1xx_hal_cortex.o [1]
HAL_NVIC_EnableIRQ      0x080099d3     0xe  Code  Gb  stm32l1xx_hal_cortex.o [1]
HAL_NVIC_SetPriority    0x080099ad    0x26  Code  Gb  stm32l1xx_hal_cortex.o [1]
HAL_NVIC_SetPriorityGrouping
                        0x080099a1     0xc  Code  Gb  stm32l1xx_hal_cortex.o [1]
HAL_NVIC_SystemReset    0x080099ef     0x8  Code  Gb  stm32l1xx_hal_cortex.o [1]
HAL_PCD_DataInStageCallback
                        0x08014ce1    0x20  Code  Gb  usbd_conf.o [1]
HAL_PCD_DataOutStageCallback
                        0x08014cbf    0x22  Code  Gb  usbd_conf.o [1]
HAL_PCD_EP_ClrStall     0x08014b9d   0x10a  Code  Gb  stm32l1xx_hal_pcd.o [1]
HAL_PCD_EP_Open         0x0801424f   0x476  Code  Gb  stm32l1xx_hal_pcd.o [1]
HAL_PCD_EP_Receive      0x080146c5   0x1ac  Code  Gb  stm32l1xx_hal_pcd.o [1]
HAL_PCD_EP_SetStall     0x08014abf    0xde  Code  Gb  stm32l1xx_hal_pcd.o [1]
HAL_PCD_EP_Transmit     0x08014871   0x24e  Code  Gb  stm32l1xx_hal_pcd.o [1]
HAL_PCD_IRQHandler      0x080140d9   0x144  Code  Gb  stm32l1xx_hal_pcd.o [1]
HAL_PCD_ResetCallback   0x08014d0f    0x2c  Code  Gb  usbd_conf.o [1]
HAL_PCD_ResumeCallback  0x08014d5b     0xe  Code  Gb  usbd_conf.o [1]
HAL_PCD_SOFCallback     0x08014d01     0xe  Code  Gb  usbd_conf.o [1]
HAL_PCD_SetAddress      0x0801421d    0x32  Code  Gb  stm32l1xx_hal_pcd.o [1]
HAL_PCD_SetupStageCallback
                        0x08014ca9    0x16  Code  Gb  usbd_conf.o [1]
HAL_PCD_SuspendCallback
                        0x08014d3b    0x20  Code  Gb  usbd_conf.o [1]
HAL_PWREx_GetVoltageRange
                        0x08013399     0xa  Code  Gb  stm32l1xx_hal_pwr_ex.o [1]
HAL_RCC_ClockConfig     0x08010017   0x2a0  Code  Gb  stm32l1xx_hal_rcc.o [1]
HAL_RCC_GetClockConfig  0x080103bd    0x3a  Code  Gb  stm32l1xx_hal_rcc.o [1]
HAL_RCC_GetHCLKFreq     0x08010361     0x6  Code  Gb  stm32l1xx_hal_rcc.o [1]
HAL_RCC_GetPCLK1Freq    0x08010367    0x20  Code  Gb  stm32l1xx_hal_rcc.o [1]
HAL_RCC_GetPCLK2Freq    0x08010387    0x20  Code  Gb  stm32l1xx_hal_rcc.o [1]
HAL_RCC_GetSysClockFreq
                        0x080102b7    0xaa  Code  Gb  stm32l1xx_hal_rcc.o [1]
HAL_RCC_OscConfig       0x0800f7ed   0x82a  Code  Gb  stm32l1xx_hal_rcc.o [1]
HAL_SYSTICK_CLKSourceConfig
                        0x08009a03    0x22  Code  Gb  stm32l1xx_hal_cortex.o [1]
HAL_SYSTICK_Config      0x080099f7     0xc  Code  Gb  stm32l1xx_hal_cortex.o [1]
HAL_TIMEx_MasterConfigSynchronization
                        0x080108cb    0x5e  Code  Gb  stm32l1xx_hal_tim_ex.o [1]
HAL_TIM_Base_Init       0x080104f1    0x38  Code  Gb  stm32l1xx_hal_tim.o [1]
HAL_TIM_Base_MspInit    0x0800b4ff    0x48  Code  Gb  tim.o [1]
HAL_TIM_Base_Start_IT   0x08010529    0x1e  Code  Gb  stm32l1xx_hal_tim.o [1]
HAL_TIM_ConfigClockSource
                        0x08010681   0x122  Code  Gb  stm32l1xx_hal_tim.o [1]
HAL_TIM_IC_CaptureCallback
                        0x080107a5     0x2  Code  Wk  stm32l1xx_hal_tim.o [1]
HAL_TIM_IRQHandler      0x08010547   0x13a  Code  Gb  stm32l1xx_hal_tim.o [1]
HAL_TIM_OC_DelayElapsedCallback
                        0x080107a3     0x2  Code  Wk  stm32l1xx_hal_tim.o [1]
HAL_TIM_PWM_PulseFinishedCallback
                        0x080107a7     0x2  Code  Wk  stm32l1xx_hal_tim.o [1]
HAL_TIM_PeriodElapsedCallback
                        0x0800b547    0x56  Code  Gb  tim.o [1]
HAL_TIM_StartTimer2     0x0800b60d    0x22  Code  Gb  tim.o [1]
HAL_TIM_StartTimer3     0x0800b62f    0x12  Code  Gb  tim.o [1]
HAL_TIM_TriggerCallback
                        0x080107a9     0x2  Code  Wk  stm32l1xx_hal_tim.o [1]
HAL_UART_EnableBGM_RX   0x0800365b    0x32  Code  Gb  usart.o [1]
HAL_UART_EnableBGM_TXE  0x08003649    0x12  Code  Gb  usart.o [1]
HAL_UART_ErrorCallback  0x08003647     0x2  Code  Gb  usart.o [1]
[...]
TmpData                 0x20002710   0x248  Data  Gb  app_data.o [1]
TstDataReady            0x08004655     0x8  Code  Gb  app_data.o [1]
Tst_Bypass              0x08003073     0x6  Code  Gb  parser.o [1]
Tst_HeartBeat           0x080058f9     0x6  Code  Gb  app_data.o [1]
UART_EndTransmit_IT     0x0800a2b7    0x32  Code  Lc  stm32l1xx_hal_uart.o [1]
UART_Receive_IT         0x0800a2e9    0xc8  Code  Lc  stm32l1xx_hal_uart.o [1]
UART_SetConfig          0x0800a3b1   0x2fe  Code  Lc  stm32l1xx_hal_uart.o [1]
UART_Transmit_IT        0x0800a23b    0x7c  Code  Lc  stm32l1xx_hal_uart.o [1]
UART_WaitOnFlagUntilTimeout
                        0x0800a14d    0xee  Code  Lc  stm32l1xx_hal_uart.o [1]
USART2_IRQHandler       0x08015b89     0xa  Code  Gb  stm32l1xx_it.o [1]
USART3_IRQHandler       0x08015b7f     0xa  Code  Gb  stm32l1xx_it.o [1]
USART_ReceiveData       0x08003d1f     0xa  Code  Gb  bgm111.o [1]
USART_SendData          0x08003d13     0xc  Code  Gb  bgm111.o [1]
USBD_ClrClassConfig     0x08014e73    0x18  Code  Gb  usbd_core.o [1]
USBD_ClrFeature         0x08015697    0x3a  Code  Lc  usbd_ctlreq.o [1]
USBD_CtlContinueRx      0x08015753    0x1a  Code  Gb  usbd_ioreq.o [1]
USBD_CtlContinueSendData
                        0x08015739    0x1a  Code  Gb  usbd_ioreq.o [1]
USBD_CtlError           0x080156f9    0x18  Code  Gb  usbd_ctlreq.o [1]
USBD_CtlReceiveStatus   0x08015787    0x1a  Code  Gb  usbd_ioreq.o [1]
USBD_CtlSendData        0x08015711    0x28  Code  Gb  usbd_ioreq.o [1]
USBD_CtlSendStatus      0x0801576d    0x1a  Code  Gb  usbd_ioreq.o [1]
USBD_GetConfig          0x080155e9    0x4c  Code  Lc  usbd_ctlreq.o [1]
USBD_GetDescriptor      0x08015345   0x164  Code  Lc  usbd_ctlreq.o [1]
USBD_GetStatus          0x08015635    0x3c  Code  Lc  usbd_ctlreq.o [1]
USBD_LL_ClearStallEP    0x08014da1    0x16  Code  Gb  usbd_conf.o [1]
USBD_LL_DataInStage     0x08014f93    0xe2  Code  Gb  usbd_core.o [1]
USBD_LL_DataOutStage    0x08014f03    0x90  Code  Gb  usbd_core.o [1]
USBD_LL_IsStallEP       0x08014db7    0x30  Code  Gb  usbd_conf.o [1]
USBD_LL_OpenEP          0x08014d69    0x22  Code  Gb  usbd_conf.o [1]
USBD_LL_PrepareReceive  0x08014e1d    0x20  Code  Gb  usbd_conf.o [1]
USBD_LL_Reset           0x08015075    0x46  Code  Gb  usbd_core.o [1]
USBD_LL_Resume          0x080150d7     0xe  Code  Gb  usbd_core.o [1]
USBD_LL_SOF             0x080150e5    0x24  Code  Gb  usbd_core.o [1]
USBD_LL_SetSpeed        0x080150bb     0x8  Code  Gb  usbd_core.o [1]
USBD_LL_SetUSBAddress   0x08014de7    0x16  Code  Gb  usbd_conf.o [1]
USBD_LL_SetupStage      0x08014e8b    0x78  Code  Gb  usbd_core.o [1]
USBD_LL_StallEP         0x08014d8b    0x16  Code  Gb  usbd_conf.o [1]
USBD_LL_Suspend         0x080150c3    0x14  Code  Gb  usbd_core.o [1]
USBD_LL_Transmit        0x08014dfd    0x20  Code  Gb  usbd_conf.o [1]
USBD_ParseSetupRequest  0x080156d1    0x28  Code  Gb  usbd_ctlreq.o [1]
USBD_RunTestMode        0x08014e41     0x6  Code  Gb  usbd_core.o [1]
USBD_SetAddress         0x080154a9    0x60  Code  Lc  usbd_ctlreq.o [1]
USBD_SetClassConfig     0x08014e47    0x2c  Code  Gb  usbd_core.o [1]
USBD_SetConfig          0x08015509    0xda  Code  Lc  usbd_ctlreq.o [1]
USBD_SetConfig::cfgidx  0x20003687     0x1  Data  Lc  usbd_ctlreq.o [1]
USBD_SetFeature         0x08015671    0x26  Code  Lc  usbd_ctlreq.o [1]
USBD_StdDevReq          0x08015109    0x7c  Code  Gb  usbd_ctlreq.o [1]
USBD_StdEPReq           0x080151d1   0x174  Code  Gb  usbd_ctlreq.o [1]
USBD_StdItfReq          0x08015185    0x4c  Code  Gb  usbd_ctlreq.o [1]
USB_LP_IRQHandler       0x08015b6b     0xa  Code  Gb  stm32l1xx_it.o [1]
Uart2Ready              0x20003684     0x1  Data  Gb  usart.o [1]
Uart3Ready              0x20003685     0x1  Data  Gb  usart.o [1]
WWDG_IRQHandler         0x08009b05     0xa  Code  Gb  wwdg.o [1]
_EncodingSb_Mbtowc      0x080133eb    0x30  Code  Gb  xencoding_sb.o [3]
_EncodingSb_Mbtowc::initial
                        0x08013428     0x8  Data  Lc  xencoding_sb.o [3]
_EncodingSb_Wctomb      0x080133d1    0x1a  Code  Gb  xencoding_sb.o [3]
_EncodingSb_Wctomb::initial
                        0x08013420     0x8  Data  Lc  xencoding_sb.o [3]
_GenldFull              0x0800cd09   0x254  Code  Lc  xprintffull.o [3]
_GetN                   0x0800e735    0x22  Code  Lc  xscanffull.o [3]
_GetfldFull             0x0800e959   0x10a  Code  Lc  xscanffull.o [3]
_GetfloatFull           0x0800ef17   0x4e8  Code  Lc  xscanffull.o [3]
_GetintFull             0x0800ed1f   0x1f2  Code  Lc  xscanffull.o [3]
_GetstrFull             0x0800ea65   0x2b4  Code  Lc  xscanffull.o [3]
_IsdstStr               0x200000dc     0x4  Data  Gb  setlocale.o [3]
_LdtobFull              0x0800c8fd   0x406  Code  Lc  xprintffull.o [3]
_LitobFull              0x0800c7f3   0x10a  Code  Lc  xprintffull.o [3]
_LocaleC_isalpha        0x08013461    0x16  Code  Gb  xlocale_c.o [3]
_LocaleC_isspace        0x08013477    0x14  Code  Gb  xlocale_c.o [3]
_LocaleC_tolower        0x08013bb5     0xc  Code  Gb  xlocale_c.o [3]
_LocaleEncoding         0x080133bd     0xe  Code  Gb  setlocale.o [3]
_LocaleForCat           0x080133a9    0x14  Code  Gb  setlocale.o [3]
_LocaleReturnString     0x200000fc    0x50  Data  Lc  setlocale.o [3]
_Locale_Profile         0x200000e0    0x1c  Data  Gb  setlocale.o [3]
_Locale_aeabi_lconv     0x2000009c    0x38  Data  Gb  localeconv.o [3]
_Locale_lconv           0x2000004c    0x50  Data  Gb  localeconv.o [3]
_Mbtowc                 0x08012155    0x20  Code  Gb  xmbtowc.o [3]
_PrintfFull             0x0800be09   0x658  Code  Gb  xprintffull.o [3]
_PutcharsFull           0x0800cf5d    0x2e  Code  Lc  xprintffull.o [3]
_PutstrFull             0x0800c4e7   0x306  Code  Lc  xprintffull.o [3]
_SProut                 0x08009757     0xa  Code  Gb  xsprout.o [3]
_SScin                  0x080031ab    0x1e  Code  Gb  xsscin.o [3]
_ScanfFull              0x0800e771   0x1e2  Code  Gb  xscanffull.o [3]
_Stoflt                 0x080135ad   0x1d0  Code  Gb  xstoflt.o [3]
_Stopfx                 0x0801348b   0x122  Code  Gb  xstopfx.o [3]
_Stoxflt                0x08013981   0x1fa  Code  Gb  xstoxflt.o [3]
_Stoxflt::digits        0x08013b84    0x18  Data  Lc  xstoxflt.o [3]
_Stoxflt::vals          0x08013b9c    0x18  Data  Lc  xstoxflt.o [3]
_TzoneStr               0x200000d8     0x4  Data  Gb  setlocale.o [3]
_UngetN                 0x0800e757    0x1a  Code  Lc  xscanffull.o [3]
_Wctomb                 0x080122a1    0x1a  Code  Gb  xwctomb.o [3]
__aeabi_cdcmpeq         0x08013bc1          Code  Gb  DblCmpEq.o [4]
__aeabi_cdcmple         0x080124e9          Code  Gb  DblCmpLe.o [4]
__aeabi_cdrcmple        0x08012519          Code  Gb  DblCmpGe.o [4]
__aeabi_cfrcmple        0x0800d6c9          Code  Gb  FltCmpGe.o [4]
__aeabi_d2f             0x0800bd35          Code  Gb  DblToFlt.o [4]
__aeabi_d2iz            0x0800d395          Code  Gb  DblToI32.o [4]
__aeabi_d2uiz           0x0800d3c1          Code  Gb  DblToI32.o [4]
__aeabi_dadd            0x0800d4a5          Code  Gb  DblAdd.o [4]
__aeabi_ddiv            0x080127d5          Code  Gb  DblDiv.o [4]
__aeabi_dmul            0x0800d1f1          Code  Gb  DblMul.o [4]
__aeabi_dsub            0x08012655          Code  Gb  DblSub.o [4]
__aeabi_errno_addr      0x0801338d     0x6  Code  Gb  errno.o [3]
__aeabi_f2d             0x080096dd          Code  Gb  FltToDbl.o [4]
__aeabi_f2iz            0x0800bdc5          Code  Gb  FltToS32.o [4]
__aeabi_fadd            0x0800bbc1          Code  Gb  FltAdd.o [4]
__aeabi_fdiv            0x08009cd1          Code  Gb  FltDiv.o [4]
__aeabi_fmul            0x0800bae9          Code  Gb  FltMul.o [4]
__aeabi_i2d             0x0800d6ed          Code  Gb  I32ToDbl.o [4]
__aeabi_i2f             0x08009c9d          Code  Gb  I32ToFlt.o [4]
__aeabi_ldiv0           0x0801345d          Code  Gb  I64DivZer.o [5]
__aeabi_ui2d            0x0800d701          Code  Gb  I32ToDbl.o [4]
__aeabi_ui2f            0x08009cb1          Code  Gb  I32ToFlt.o [4]
__aeabi_uldivmod        0x080123b5          Code  Gb  I64DivMod.o [5]
__cmain                 0x08017811          Code  Gb  cmain.o [5]
__data_Aldata           0x20003618     0x8  Data  Gb  xxmemxmalloc.o [3]
__data_GetMemChunk      0x08013431    0x2c  Code  Gb  xgetmemchunk.o [3]
__data_GetMemChunk::start
                        0x20003674     0x4  Data  Lc  xgetmemchunk.o [3]
__exit                  0x08017841    0x14  Code  Gb  exit.o [6]
__iar_Dint              0x08012c2f    0x7a  Code  Gb  xdint.o [4]
__iar_Dnorm             0x080124a3    0x44  Code  Gb  xdnorm.o [4]
__iar_Dscale            0x08012549   0x10c  Code  Gb  xdscale.o [4]
__iar_Dtentox           0x080137d3   0x14e  Code  Gb  xdtento.o [4]
__iar_Dunscale          0x08013be1    0x52  Code  Gb  xdunscal.o [4]
__iar_Errno             0x200000d4     0x4  Data  Gb  errno.o [3]
__iar_Locale_lconv_init
                        0x08012a2d    0x3a  Code  Gb  localeconv.o [3]
__iar_Mbcurmax          0x080121e5     0xa  Code  Gb  xmbcurmax.o [3]
__iar_Memchr            0x0801218d          Code  Gb  memchr.o [5]
__iar_Memset_word       0x08012bd1          Code  Gb  ABImemset.o [5]
__iar_Stold             0x080130b1     0x4  Code  Gb  xstold.o [4]
__iar_Stoldx            0x08012f69   0x13c  Code  Gb  xstold.o [4]
__iar_Stoll             0x08012db3     0x4  Code  Gb  xstoll.o [3]
__iar_Stollx            0x08012d11    0xa2  Code  Gb  xstoll.o [3]
__iar_Stoul             0x0800f6c1     0x4  Code  Gb  xstoul.o [3]
__iar_Stoull            0x08012f15     0x4  Code  Gb  xstoull.o [3]
__iar_Stoullx           0x08012db9   0x156  Code  Gb  xstoull.o [3]
__iar_Stoulx            0x0800f57d   0x13e  Code  Gb  xstoul.o [3]
__iar_Strchr            0x08012175          Code  Gb  strchr.o [5]
__iar_Wctob             0x08012ca9    0x36  Code  Gb  xwctob.o [3]
__iar_ceil              0x0801324d          Code  Gb  ceil.o [4]
__iar_ceill             0x0801324d          Code  Gb  ceil.o [4]
__iar_d2uiz             0x0800d3cd          Code  Gb  DblToI32.o [4]
__iar_dadd              0x0800d4b9          Code  Gb  DblAdd.o [4]
__iar_data_init3        0x08016d6d    0x28  Code  Gb  data_init.o [5]
__iar_dlib_perthread_access
                        0x0801345f     0x2  Code  Gb  xtls.o [3]
__iar_dsub              0x08012669          Code  Gb  DblSub.o [4]
__iar_dsubStart         0x0801267b          Code  Gb  DblSub.o [4]
__iar_edom              0x08012149          Code  Gb  iarEdom.o [5]
__iar_fadd              0x0800bbd1          Code  Gb  FltAdd.o [4]
__iar_fsub              0x08012071          Code  Gb  FltSub.o [4]
__iar_fsubStart         0x08012081          Code  Gb  FltSub.o [4]
__iar_modf              0x0800d3fd          Code  Gb  modf.o [4]
__iar_modfl             0x0800d3fd          Code  Gb  modf.o [4]
__iar_packbits_init_single3
                        0x080162d9    0x38  Code  Gb  packbits_init_single.o [5]
__iar_program_start     0x080183bd          Code  Gb  cstartup_M.o [5]
__iar_sqrt              0x0800bc45          Code  Gb  sqrt.o [4]
__iar_ui2d              0x0800d705          Code  Gb  I32ToDbl.o [4]
__iar_ui2f              0x08009cb5          Code  Gb  I32ToFlt.o [4]
__iar_unaligned___aeabi_memcpy
                        0x080122bd          Code  Gb  ABImemcpy_unaligned.o [5]
__iar_unaligned___aeabi_memcpy4
                        0x080122dd          Code  Gb  ABImemcpy_unaligned.o [5]
__iar_unaligned___aeabi_memcpy8
                        0x080122dd          Code  Gb  ABImemcpy_unaligned.o [5]
__iar_unaligned_strcmp  0x0800d58d          Code  Gb  strcmp_unaligned.o [5]
__iar_unaligned_strcpy  0x080031c9          Code  Gb  strcpy_unaligned.o [5]
__iar_unaligned_strncpy
                        0x0800d619          Code  Gb  strncpy_unaligned.o [5]
__iar_zero_init3        0x08016091    0x40  Code  Gb  zero_init3.o [5]
__low_level_init        0x0801782b     0x4  Code  Gb  low_level_init.o [3]
__vector_table          0x08000000          Data  Gb  startup_stm32l152xe.o [1]
_call_main              0x0801781d          Code  Gb  cmain.o [5]
_exit                   0x08017835          Code  Gb  cexit.o [5]
_gecko_cmd_msg          0x200030b8    0x84  Data  Gb  bgm111.o [1]
_gecko_rsp_msg          0x2000313c    0x84  Data  Gb  bgm111.o [1]
_main                   0x08017827          Code  Gb  cmain.o [5]
aPLLDivisionFactorTable
                        0x08018648     0x4  Data  Gb  stm32l1xx_hal_rcc.o [1]
aPLLMULFactorTable      0x080183b0     0xc  Data  Gb  stm32l1xx_hal_rcc.o [1]
adcActive               0x2000367d     0x1  Data  Gb  adc.o [1]
analytics               0x20003610     0x8  Data  Lc  app_data.o [1]
atoi                    0x08009a5b     0x8  Code  Gb  atoi.o [3]
bffr1Flag               0x20003686     0x1  Data  Lc  usart.o [1]
bglib_input             0x20003624     0x4  Data  Gb  bgm111.o [1]
bglib_output            0x20003620     0x4  Data  Gb  bgm111.o [1]
bglib_peek              0x20003628     0x4  Data  Gb  bgm111.o [1]
bgm1data                0x20003558    0x28  Data  Lc  usart.o [1]
ble                     0x20002dc0   0x1a4  Data  Lc  bgm111.o [1]
blemsgs                 0x200020c8   0x324  Data  Lc  bgm111.o [1]
ceil                    0x0801324d          Code  Gb  ceil.o [4]
ceill                   0x0801324d          Code  Gb  ceil.o [4]
clrUsartState           0x0800357b    0x1c  Code  Gb  usart.o [1]
connection_cnt          0x20003678     0x2  Data  Lc  app_data.o [1]
data                    0x20002958   0x248  Data  Gb  app_data.o [1]
delay_1ms               0x0800b425     0xe  Code  Gb  ErrorCodes.o [1]
digits                  0x0800f6c4    0x28  Data  Lc  xstoul.o [3]
digits                  0x08012f18    0x28  Data  Lc  xstoull.o [3]
div                     0x08012a99     0xe  Code  Gb  div.o [3]
dmul                    0x08013781    0x52  Code  Lc  xdtento.o [4]
driver_list             0x200035f8     0xc  Data  Lc  app_data.o [1]
errStruct               0x200023ec   0x324  Data  Lc  ErrorCodes.o [1]
exit                    0x0801782f     0x4  Code  Gb  exit.o [3]
fi                      0x20003240    0x80  Data  Lc  Rd_Sound.o [1]
fix_fft                 0x0800b93d   0x1ac  Code  Gb  fix_fft.o [1]
fr                      0x200031c0    0x80  Data  Lc  Rd_Sound.o [1]
free                    0x08012335    0x7a  Code  Gb  xxmemxfree.o [3]
fs                      0x200032c0    0x80  Data  Lc  Rd_Sound.o [1]
gecko_cmd_le_gap_set_mode
                        0x080036c9    0x40  Code  Lc  bgm111.o [1]
gecko_cmd_msg           0x2000000c     0x4  Data  Gb  bgm111.o [1]
gecko_get_event         0x0800b221    0x5e  Code  Gb  gecko_bglib.o [1]
gecko_handle_command    0x0800b2a3    0x30  Code  Gb  gecko_bglib.o [1]
gecko_peek_event        0x0800b27f     0xa  Code  Gb  gecko_bglib.o [1]
gecko_queue             0x20001150   0xf78  Data  Gb  bgm111.o [1]
gecko_queue_r           0x20003630     0x4  Data  Gb  bgm111.o [1]
gecko_queue_w           0x2000362c     0x4  Data  Gb  bgm111.o [1]
gecko_rsp_msg           0x20000010     0x4  Data  Gb  bgm111.o [1]
gecko_wait_message      0x0800b145    0xdc  Code  Gb  gecko_bglib.o [1]
gecko_wait_response     0x0800b289    0x1a  Code  Gb  gecko_bglib.o [1]
hadc                    0x20003340    0x54  Data  Gb  adc.o [1]
hatoi                   0x0800301b    0x58  Code  Gb  parser.o [1]
hdma_adc                0x20003450    0x38  Data  Gb  adc.o [1]
hi2c1                   0x20003414    0x3c  Data  Gb  i2c.o [1]
hpcd_USB_FS             0x20002ba0   0x220  Data  Gb  usbd_conf.o [1]
htim2                   0x200034c0    0x38  Data  Gb  tim.o [1]
htim3                   0x200034f8    0x38  Data  Gb  tim.o [1]
htim4                   0x20003488    0x38  Data  Gb  stm32l1xx_hal_timebase_TIM.o [1]
huart2                  0x20003394    0x40  Data  Gb  usart.o [1]
huart3                  0x200033d4    0x40  Data  Gb  usart.o [1]
hwwdg                   0x200035d8    0x14  Data  Gb  wwdg.o [1]
isHexNum                0x08002fd1    0x4a  Code  Gb  parser.o [1]
isalpha                 0x08012ce9    0x14  Code  Gb  isxxx.o [3]
isdigit                 0x08009a51     0xa  Code  Gb  isdigit.o [3]
isspace                 0x08012cfd    0x14  Code  Gb  isxxx.o [3]
ledOffCnt               0x20000044     0x4  Data  Lc  tim.o [1]
localeconv              0x08012a67    0x16  Code  Gb  localeconv.o [3]
main                    0x0800a6b9   0x5f4  Code  Gb  main.o [1]
malloc                  0x080121f1    0xac  Code  Gb  xxmemxmalloc.o [3]
memchr                  0x0801218d          Code  Gb  memchr.o [5]
modf                    0x0800d3ed          Code  Gb  modf.o [4]
modfl                   0x0800d3ed          Code  Gb  modf.o [4]
ndigs                   0x0800f6ec    0x28  Data  Lc  xstoul.o [3]
ndigs                   0x08012f40    0x28  Data  Lc  xstoull.o [3]
osSystickHandler        0x08015bdd    0x10  Code  Gb  cmsis_os.o [1]
pFlash                  0x200035c0    0x18  Data  Gb  stm32l1xx_hal_flash.o [1]
pows                    0x08013938    0x48  Data  Lc  xdtento.o [4]
prvResetNextTaskUnblockTime
                        0x08015955    0x28  Code  Lc  tasks.o [1]
pxCurrentTCB            0x2000363c     0x4  Data  Gb  tasks.o [1]
pxDelayedTaskList       0x20003640     0x4  Data  Lc  tasks.o [1]
pxOverflowDelayedTaskList
                        0x20003644     0x4  Data  Lc  tasks.o [1]
pxReadyTasksLists       0x2000302c    0x8c  Data  Lc  tasks.o [1]
round                   0x0800d685    0x44  Code  Gb  round.o [4]
sConfig                 0x200035ec     0xc  Data  Gb  adc.o [1]
saveLen                 0x20000048     0x4  Data  Lc  usart.o [1]
sprintf                 0x080042a9    0x34  Code  Gb  sprintf.o [3]
sqrt                    0x0800bc45          Code  Gb  sqrt.o [4]
sqrtl                   0x0800bc45          Code  Gb  sqrt.o [4]
sscanf                  0x080096b9    0x24  Code  Gb  sscanf.o [3]
strcat                  0x080042dd    0x1c  Code  Gb  strcat.o [3]
strchr                  0x08012175          Code  Gb  strchr.o [5]
strlen                  0x08003175          Code  Gb  strlen.o [5]
strncmp                 0x0800972b    0x2c  Code  Gb  strncmp.o [3]
tolower                 0x08013379    0x14  Code  Gb  tolower.o [3]
ubSequenceCompleted     0x2000367c     0x1  Data  Gb  adc.o [1]
ulPortSetInterruptMask  0x08015a03          Code  Gb  portasm.o [1]
uwTick                  0x20003638     0x4  Data  Lc  stm32l1xx_hal.o [1]
uxListRemove            0x08015a71    0x28  Code  Gb  list.o [1]
uxPendedTicks           0x20003654     0x4  Data  Lc  tasks.o [1]
uxSchedulerSuspended    0x20003664     0x4  Data  Lc  tasks.o [1]
uxTopReadyPriority      0x2000364c     0x4  Data  Lc  tasks.o [1]
vListInsertEnd          0x08015a59    0x18  Code  Gb  list.o [1]
vPortClearInterruptMask
                        0x08015a11          Code  Gb  portasm.o [1]
vPortStartFirstTask     0x08015a37          Code  Gb  portasm.o [1]
vTaskSwitchContext      0x080158d5    0x6c  Code  Gb  tasks.o [1]
wwdg_HardFrames         0x08070000    0x24  Data  Gb  wwdg.o [1]
wwdg_Save               0x20003670     0x4  Data  Lc  wwdg.o [1]
xNextTaskUnblockTime    0x20003660     0x4  Data  Lc  tasks.o [1]
xNumOfOverflows         0x2000365c     0x4  Data  Lc  tasks.o [1]
xPortSysTickHandler     0x08015bed    0x1e  Code  Gb  port.o [1]
xSchedulerRunning       0x20003650     0x4  Data  Lc  tasks.o [1]
xTaskGetSchedulerState  0x0801597d    0x26  Code  Gb  tasks.o [1]
xTaskIncrementTick      0x080157a1   0x134  Code  Gb  tasks.o [1]
xTickCount              0x20003648     0x4  Data  Lc  tasks.o [1]
xYieldPending           0x20003658     0x4  Data  Lc  tasks.o [1]


[1] = D:\GoogleDriveCLT\GoogleDrive\WeatherCloud\Roadboard\Software\Road-Board-December-2016N8\EWARM\Road Brd MSTR Rev L Long Always\Obj
[2] = command line
[3] = dl7M_tlf.a
[4] = m7M_tl.a
[5] = rt7M_tl.a
[6] = shb_l.a

  89 468 bytes of readonly  code memory
  10 732 bytes of readonly  data memory
  13 957 bytes of readwrite data memory (+ 236 absolute)

Errors: none
Warnings: none
