###############################################################################
#
# IAR ELF Linker V7.60.2.11341/W32 for ARM                31/Jul/2017  12:08:41
# Copyright 2007-2016 IAR Systems AB.
#
#    Output file  =  
#        D:\GoogleDriveCLT\GoogleDrive\WeatherCloud\Roadboard\Software\Road-Board-December-2016N8\EWARM\Road
#        Brd MSTR Rev L Long Always\Exe\Road Board Rev K NUCLEO V1.1 Jul 12
#        2016.out
#    Map file     =  
#        D:\GoogleDriveCLT\GoogleDrive\WeatherCloud\Roadboard\Software\Road-Board-December-2016N8\EWARM\Road
#        Brd MSTR Rev L Long Always\List\Road Board Rev K NUCLEO V1.1 Jul 12
#        2016.map
#    Command line =  
#        "D:\GoogleDriveCLT\GoogleDrive\WeatherCloud\Roadboard\Software\Road-Board-December-2016N8\EWARM\Road
#        Brd MSTR Rev L Long Always\Obj\adc.o"
#        "D:\GoogleDriveCLT\GoogleDrive\WeatherCloud\Roadboard\Software\Road-Board-December-2016N8\EWARM\Road
#        Brd MSTR Rev L Long Always\Obj\app_data.o"
#        "D:\GoogleDriveCLT\GoogleDrive\WeatherCloud\Roadboard\Software\Road-Board-December-2016N8\EWARM\Road
#        Brd MSTR Rev L Long Always\Obj\barometer.o"
#        "D:\GoogleDriveCLT\GoogleDrive\WeatherCloud\Roadboard\Software\Road-Board-December-2016N8\EWARM\Road
#        Brd MSTR Rev L Long Always\Obj\bgm111.o"
#        "D:\GoogleDriveCLT\GoogleDrive\WeatherCloud\Roadboard\Software\Road-Board-December-2016N8\EWARM\Road
#        Brd MSTR Rev L Long Always\Obj\Calibration.o"
#        "D:\GoogleDriveCLT\GoogleDrive\WeatherCloud\Roadboard\Software\Road-Board-December-2016N8\EWARM\Road
#        Brd MSTR Rev L Long Always\Obj\cmsis_os.o"
#        "D:\GoogleDriveCLT\GoogleDrive\WeatherCloud\Roadboard\Software\Road-Board-December-2016N8\EWARM\Road
#        Brd MSTR Rev L Long Always\Obj\croutine.o"
#        "D:\GoogleDriveCLT\GoogleDrive\WeatherCloud\Roadboard\Software\Road-Board-December-2016N8\EWARM\Road
#        Brd MSTR Rev L Long Always\Obj\dma.o"
#        "D:\GoogleDriveCLT\GoogleDrive\WeatherCloud\Roadboard\Software\Road-Board-December-2016N8\EWARM\Road
#        Brd MSTR Rev L Long Always\Obj\ErrorCodes.o"
#        "D:\GoogleDriveCLT\GoogleDrive\WeatherCloud\Roadboard\Software\Road-Board-December-2016N8\EWARM\Road
#        Brd MSTR Rev L Long Always\Obj\event_groups.o"
#        "D:\GoogleDriveCLT\GoogleDrive\WeatherCloud\Roadboard\Software\Road-Board-December-2016N8\EWARM\Road
#        Brd MSTR Rev L Long Always\Obj\fix_fft.o"
#        "D:\GoogleDriveCLT\GoogleDrive\WeatherCloud\Roadboard\Software\Road-Board-December-2016N8\EWARM\Road
#        Brd MSTR Rev L Long Always\Obj\Flash.o"
#        "D:\GoogleDriveCLT\GoogleDrive\WeatherCloud\Roadboard\Software\Road-Board-December-2016N8\EWARM\Road
#        Brd MSTR Rev L Long Always\Obj\freertos.o"
#        "D:\GoogleDriveCLT\GoogleDrive\WeatherCloud\Roadboard\Software\Road-Board-December-2016N8\EWARM\Road
#        Brd MSTR Rev L Long Always\Obj\gecko_bglib.o"
#        "D:\GoogleDriveCLT\GoogleDrive\WeatherCloud\Roadboard\Software\Road-Board-December-2016N8\EWARM\Road
#        Brd MSTR Rev L Long Always\Obj\gpio.o"
#        "D:\GoogleDriveCLT\GoogleDrive\WeatherCloud\Roadboard\Software\Road-Board-December-2016N8\EWARM\Road
#        Brd MSTR Rev L Long Always\Obj\GridEye.o"
#        "D:\GoogleDriveCLT\GoogleDrive\WeatherCloud\Roadboard\Software\Road-Board-December-2016N8\EWARM\Road
#        Brd MSTR Rev L Long Always\Obj\heap_4.o"
#        "D:\GoogleDriveCLT\GoogleDrive\WeatherCloud\Roadboard\Software\Road-Board-December-2016N8\EWARM\Road
#        Brd MSTR Rev L Long Always\Obj\Humidity.o"
#        "D:\GoogleDriveCLT\GoogleDrive\WeatherCloud\Roadboard\Software\Road-Board-December-2016N8\EWARM\Road
#        Brd MSTR Rev L Long Always\Obj\i2c.o"
#        "D:\GoogleDriveCLT\GoogleDrive\WeatherCloud\Roadboard\Software\Road-Board-December-2016N8\EWARM\Road
#        Brd MSTR Rev L Long Always\Obj\list.o"
#        "D:\GoogleDriveCLT\GoogleDrive\WeatherCloud\Roadboard\Software\Road-Board-December-2016N8\EWARM\Road
#        Brd MSTR Rev L Long Always\Obj\lps25hb.o"
#        "D:\GoogleDriveCLT\GoogleDrive\WeatherCloud\Roadboard\Software\Road-Board-December-2016N8\EWARM\Road
#        Brd MSTR Rev L Long Always\Obj\main.o"
#        "D:\GoogleDriveCLT\GoogleDrive\WeatherCloud\Roadboard\Software\Road-Board-December-2016N8\EWARM\Road
#        Brd MSTR Rev L Long Always\Obj\parser.o"
#        "D:\GoogleDriveCLT\GoogleDrive\WeatherCloud\Roadboard\Software\Road-Board-December-2016N8\EWARM\Road
#        Brd MSTR Rev L Long Always\Obj\port.o"
#        "D:\GoogleDriveCLT\GoogleDrive\WeatherCloud\Roadboard\Software\Road-Board-December-2016N8\EWARM\Road
#        Brd MSTR Rev L Long Always\Obj\portasm.o"
#        "D:\GoogleDriveCLT\GoogleDrive\WeatherCloud\Roadboard\Software\Road-Board-December-2016N8\EWARM\Road
#        Brd MSTR Rev L Long Always\Obj\queue.o"
#        "D:\GoogleDriveCLT\GoogleDrive\WeatherCloud\Roadboard\Software\Road-Board-December-2016N8\EWARM\Road
#        Brd MSTR Rev L Long Always\Obj\Rd_Sound.o"
#        "D:\GoogleDriveCLT\GoogleDrive\WeatherCloud\Roadboard\Software\Road-Board-December-2016N8\EWARM\Road
#        Brd MSTR Rev L Long Always\Obj\RGBLight.o"
#        "D:\GoogleDriveCLT\GoogleDrive\WeatherCloud\Roadboard\Software\Road-Board-December-2016N8\EWARM\Road
#        Brd MSTR Rev L Long Always\Obj\startup_stm32l152xe.o"
#        "D:\GoogleDriveCLT\GoogleDrive\WeatherCloud\Roadboard\Software\Road-Board-December-2016N8\EWARM\Road
#        Brd MSTR Rev L Long Always\Obj\stm32l1xx_hal.o"
#        "D:\GoogleDriveCLT\GoogleDrive\WeatherCloud\Roadboard\Software\Road-Board-December-2016N8\EWARM\Road
#        Brd MSTR Rev L Long Always\Obj\stm32l1xx_hal_adc.o"
#        "D:\GoogleDriveCLT\GoogleDrive\WeatherCloud\Roadboard\Software\Road-Board-December-2016N8\EWARM\Road
#        Brd MSTR Rev L Long Always\Obj\stm32l1xx_hal_adc_ex.o"
#        "D:\GoogleDriveCLT\GoogleDrive\WeatherCloud\Roadboard\Software\Road-Board-December-2016N8\EWARM\Road
#        Brd MSTR Rev L Long Always\Obj\stm32l1xx_hal_cortex.o"
#        "D:\GoogleDriveCLT\GoogleDrive\WeatherCloud\Roadboard\Software\Road-Board-December-2016N8\EWARM\Road
#        Brd MSTR Rev L Long Always\Obj\stm32l1xx_hal_dma.o"
#        "D:\GoogleDriveCLT\GoogleDrive\WeatherCloud\Roadboard\Software\Road-Board-December-2016N8\EWARM\Road
#        Brd MSTR Rev L Long Always\Obj\stm32l1xx_hal_flash.o"
#        "D:\GoogleDriveCLT\GoogleDrive\WeatherCloud\Roadboard\Software\Road-Board-December-2016N8\EWARM\Road
#        Brd MSTR Rev L Long Always\Obj\stm32l1xx_hal_flash_ex.o"
#        "D:\GoogleDriveCLT\GoogleDrive\WeatherCloud\Roadboard\Software\Road-Board-December-2016N8\EWARM\Road
#        Brd MSTR Rev L Long Always\Obj\stm32l1xx_hal_flash_ramfunc.o"
#        "D:\GoogleDriveCLT\GoogleDrive\WeatherCloud\Roadboard\Software\Road-Board-December-2016N8\EWARM\Road
#        Brd MSTR Rev L Long Always\Obj\stm32l1xx_hal_gpio.o"
#        "D:\GoogleDriveCLT\GoogleDrive\WeatherCloud\Roadboard\Software\Road-Board-December-2016N8\EWARM\Road
#        Brd MSTR Rev L Long Always\Obj\stm32l1xx_hal_i2c.o"
#        "D:\GoogleDriveCLT\GoogleDrive\WeatherCloud\Roadboard\Software\Road-Board-December-2016N8\EWARM\Road
#        Brd MSTR Rev L Long Always\Obj\stm32l1xx_hal_msp.o"
#        "D:\GoogleDriveCLT\GoogleDrive\WeatherCloud\Roadboard\Software\Road-Board-December-2016N8\EWARM\Road
#        Brd MSTR Rev L Long Always\Obj\stm32l1xx_hal_pcd.o"
#        "D:\GoogleDriveCLT\GoogleDrive\WeatherCloud\Roadboard\Software\Road-Board-December-2016N8\EWARM\Road
#        Brd MSTR Rev L Long Always\Obj\stm32l1xx_hal_pcd_ex.o"
#        "D:\GoogleDriveCLT\GoogleDrive\WeatherCloud\Roadboard\Software\Road-Board-December-2016N8\EWARM\Road
#        Brd MSTR Rev L Long Always\Obj\stm32l1xx_hal_pwr.o"
#        "D:\GoogleDriveCLT\GoogleDrive\WeatherCloud\Roadboard\Software\Road-Board-December-2016N8\EWARM\Road
#        Brd MSTR Rev L Long Always\Obj\stm32l1xx_hal_pwr_ex.o"
#        "D:\GoogleDriveCLT\GoogleDrive\WeatherCloud\Roadboard\Software\Road-Board-December-2016N8\EWARM\Road
#        Brd MSTR Rev L Long Always\Obj\stm32l1xx_hal_rcc.o"
#        "D:\GoogleDriveCLT\GoogleDrive\WeatherCloud\Roadboard\Software\Road-Board-December-2016N8\EWARM\Road
#        Brd MSTR Rev L Long Always\Obj\stm32l1xx_hal_rcc_ex.o"
#        "D:\GoogleDriveCLT\GoogleDrive\WeatherCloud\Roadboard\Software\Road-Board-December-2016N8\EWARM\Road
#        Brd MSTR Rev L Long Always\Obj\stm32l1xx_hal_tim.o"
#        "D:\GoogleDriveCLT\GoogleDrive\WeatherCloud\Roadboard\Software\Road-Board-December-2016N8\EWARM\Road
#        Brd MSTR Rev L Long Always\Obj\stm32l1xx_hal_tim_ex.o"
#        "D:\GoogleDriveCLT\GoogleDrive\WeatherCloud\Roadboard\Software\Road-Board-December-2016N8\EWARM\Road
#        Brd MSTR Rev L Long Always\Obj\stm32l1xx_hal_timebase_TIM.o"
#        "D:\GoogleDriveCLT\GoogleDrive\WeatherCloud\Roadboard\Software\Road-Board-December-2016N8\EWARM\Road
#        Brd MSTR Rev L Long Always\Obj\stm32l1xx_hal_uart.o"
#        "D:\GoogleDriveCLT\GoogleDrive\WeatherCloud\Roadboard\Software\Road-Board-December-2016N8\EWARM\Road
#        Brd MSTR Rev L Long Always\Obj\stm32l1xx_hal_wwdg.o"
#        "D:\GoogleDriveCLT\GoogleDrive\WeatherCloud\Roadboard\Software\Road-Board-December-2016N8\EWARM\Road
#        Brd MSTR Rev L Long Always\Obj\stm32l1xx_it.o"
#        "D:\GoogleDriveCLT\GoogleDrive\WeatherCloud\Roadboard\Software\Road-Board-December-2016N8\EWARM\Road
#        Brd MSTR Rev L Long Always\Obj\stm32l1xx_nucleo.o"
#        "D:\GoogleDriveCLT\GoogleDrive\WeatherCloud\Roadboard\Software\Road-Board-December-2016N8\EWARM\Road
#        Brd MSTR Rev L Long Always\Obj\system_stm32l1xx.o"
#        "D:\GoogleDriveCLT\GoogleDrive\WeatherCloud\Roadboard\Software\Road-Board-December-2016N8\EWARM\Road
#        Brd MSTR Rev L Long Always\Obj\tasks.o"
#        "D:\GoogleDriveCLT\GoogleDrive\WeatherCloud\Roadboard\Software\Road-Board-December-2016N8\EWARM\Road
#        Brd MSTR Rev L Long Always\Obj\Temperature.o"
#        "D:\GoogleDriveCLT\GoogleDrive\WeatherCloud\Roadboard\Software\Road-Board-December-2016N8\EWARM\Road
#        Brd MSTR Rev L Long Always\Obj\tim.o"
#        "D:\GoogleDriveCLT\GoogleDrive\WeatherCloud\Roadboard\Software\Road-Board-December-2016N8\EWARM\Road
#        Brd MSTR Rev L Long Always\Obj\timers.o"
#        "D:\GoogleDriveCLT\GoogleDrive\WeatherCloud\Roadboard\Software\Road-Board-December-2016N8\EWARM\Road
#        Brd MSTR Rev L Long Always\Obj\usart.o"
#        "D:\GoogleDriveCLT\GoogleDrive\WeatherCloud\Roadboard\Software\Road-Board-December-2016N8\EWARM\Road
#        Brd MSTR Rev L Long Always\Obj\usb_device.o"
#        "D:\GoogleDriveCLT\GoogleDrive\WeatherCloud\Roadboard\Software\Road-Board-December-2016N8\EWARM\Road
#        Brd MSTR Rev L Long Always\Obj\usbd_cdc.o"
#        "D:\GoogleDriveCLT\GoogleDrive\WeatherCloud\Roadboard\Software\Road-Board-December-2016N8\EWARM\Road
#        Brd MSTR Rev L Long Always\Obj\usbd_cdc_if.o"
#        "D:\GoogleDriveCLT\GoogleDrive\WeatherCloud\Roadboard\Software\Road-Board-December-2016N8\EWARM\Road
#        Brd MSTR Rev L Long Always\Obj\usbd_conf.o"
#        "D:\GoogleDriveCLT\GoogleDrive\WeatherCloud\Roadboard\Software\Road-Board-December-2016N8\EWARM\Road
#        Brd MSTR Rev L Long Always\Obj\usbd_core.o"
#        "D:\GoogleDriveCLT\GoogleDrive\WeatherCloud\Roadboard\Software\Road-Board-December-2016N8\EWARM\Road
#        Brd MSTR Rev L Long Always\Obj\usbd_ctlreq.o"
#        "D:\GoogleDriveCLT\GoogleDrive\WeatherCloud\Roadboard\Software\Road-Board-December-2016N8\EWARM\Road
#        Brd MSTR Rev L Long Always\Obj\usbd_desc.o"
#        "D:\GoogleDriveCLT\GoogleDrive\WeatherCloud\Roadboard\Software\Road-Board-December-2016N8\EWARM\Road
#        Brd MSTR Rev L Long Always\Obj\usbd_ioreq.o"
#        "D:\GoogleDriveCLT\GoogleDrive\WeatherCloud\Roadboard\Software\Road-Board-December-2016N8\EWARM\Road
#        Brd MSTR Rev L Long Always\Obj\VMonitor.o"
#        "D:\GoogleDriveCLT\GoogleDrive\WeatherCloud\Roadboard\Software\Road-Board-December-2016N8\EWARM\Road
#        Brd MSTR Rev L Long Always\Obj\wwdg.o" --redirect _Printf=_PrintfFull
#        --redirect _Scanf=_ScanfFull -o
#        "D:\GoogleDriveCLT\GoogleDrive\WeatherCloud\Roadboard\Software\Road-Board-December-2016N8\EWARM\Road
#        Brd MSTR Rev L Long Always\Exe\Road Board Rev K NUCLEO V1.1 Jul 12
#        2016.out" --map
#        "D:\GoogleDriveCLT\GoogleDrive\WeatherCloud\Roadboard\Software\Road-Board-December-2016N8\EWARM\Road
#        Brd MSTR Rev L Long Always\List\Road Board Rev K NUCLEO V1.1 Jul 12
#        2016.map" --config
#        D:\GoogleDriveCLT\GoogleDrive\WeatherCloud\Roadboard\Software\Road-Board-December-2016N8\EWARM/stm32l152xe_flash.icf
#        --semihosting --entry __iar_program_start --vfe
#
###############################################################################

*******************************************************************************
*** RUNTIME MODEL ATTRIBUTES
***

CppFlavor                     = *
__Heap_Handler                = Basic
__SystemLibrary               = DLib
__dlib_dynamic_initialization = normal


*******************************************************************************
*** PLACEMENT SUMMARY
***

"A1":  place at 0x08000000 { ro section .intvec };
"P1":  place in [from 0x08000000 to 0x0807ffff] { ro };
"P2":  place in [from 0x20000000 to 0x20013fff] { rw, block CSTACK, block HEAP };
initialize by copy { rw };

  Section             Kind        Address     Size  Object
  -------             ----        -------     ----  ------
"A1":                                        0x124
  .intvec             ro code  0x08000000    0x124  startup_stm32l152xe.o [1]
                             - 0x08000124    0x124

"P1":                                      0x178c4
  .text               ro code  0x08000124   0x2eb4  parser.o [1]
  .text               ro code  0x08002fd8     0x36  strlen.o [5]
  .text               ro code  0x0800300e     0x1e  xsscin.o [3]
  .text               ro code  0x0800302c     0x44  strcpy_unaligned.o [5]
  .text               ro code  0x08003070    0x4bc  usart.o [1]
  .text               ro code  0x0800352c    0x86c  bgm111.o [1]
  .text               ro code  0x08003d98    0x240  Rd_Sound.o [1]
  .text               ro code  0x08003fd8     0x34  sprintf.o [3]
  .text               ro code  0x0800400c     0x1c  strcat.o [3]
  .text               ro code  0x08004028    0x278  barometer.o [1]
  .text               ro code  0x080042a0   0x1068  app_data.o [1]
  .text               ro code  0x08005308   0x1a98  GridEye.o [1]
  .text               ro code  0x08006da0    0x874  VMonitor.o [1]
  .text               ro code  0x08007614    0xcbc  Humidity.o [1]
  .text               ro code  0x080082d0    0x2b0  Temperature.o [1]
  .text               ro code  0x08008580    0x328  RGBLight.o [1]
  .text               ro code  0x080088a8    0x1c4  gpio.o [1]
  .text               ro code  0x08008a6c    0x4e0  i2c.o [1]
  .text               ro code  0x08008f4c     0x24  sscanf.o [3]
  .text               ro code  0x08008f70     0x4e  FltToDbl.o [4]
  .text               ro code  0x08008fbe     0x2c  strncmp.o [3]
  .text               ro code  0x08008fea      0xa  xsprout.o [3]
  .text               ro code  0x08008ff4    0x140  Calibration.o [1]
  .text               ro code  0x08009134    0x1b0  stm32l1xx_hal_cortex.o [1]
  .text               ro code  0x080092e4      0xa  isdigit.o [3]
  .text               ro code  0x080092ee      0x8  atoi.o [3]
  .text               ro code  0x080092f8    0x194  wwdg.o [1]
  .text               ro code  0x0800948c     0x32  I32ToFlt.o [4]
  .text               ro code  0x080094c0     0xfc  FltDiv.o [4]
  .text               ro code  0x080095bc    0x8ec  stm32l1xx_hal_uart.o [1]
  .text               ro code  0x08009ea8    0x656  main.o [1]
  .text               ro code  0x0800a500    0x378  stm32l1xx_hal_gpio.o [1]
  .text               ro code  0x0800a878    0x1b0  gecko_bglib.o [1]
  .text               ro code  0x0800aa28    0x13e  ErrorCodes.o [1]
  .text               ro code  0x0800ab68    0x2bc  adc.o [1]
  .text               ro code  0x0800ae24    0x1ac  fix_fft.o [1]
  .text               ro code  0x0800afd0     0xd8  FltMul.o [4]
  .text               ro code  0x0800b0a8     0x84  FltAdd.o [4]
  .text               ro code  0x0800b12c     0xf0  sqrt.o [4]
  .text               ro code  0x0800b21c     0x90  DblToFlt.o [4]
  .text               ro code  0x0800b2ac     0x44  FltToS32.o [4]
  .text               ro code  0x0800b2f0   0x119e  xprintffull.o [3]
  .text               ro code  0x0800c490    0x248  lps25hb.o [1]
  .text               ro code  0x0800c6d8    0x1a2  DblMul.o [4]
  .text               ro code  0x0800c87c     0x58  DblToI32.o [4]
  .text               ro code  0x0800c8d4     0xb8  modf.o [4]
  .text               ro code  0x0800c98c     0xe8  DblAdd.o [4]
  .text               ro code  0x0800ca74     0x42  strcmp_unaligned.o [5]
  .text               ro code  0x0800cab8     0x48  stm32l1xx_hal.o [1]
  .text               ro code  0x0800cb00     0x6c  strncpy_unaligned.o [5]
  .text               ro code  0x0800cb6c     0x44  round.o [4]
  .text               ro code  0x0800cbb0     0x30  I32ToDbl.o [4]
  .text               ro code  0x0800cbe0     0x24  FltCmpGe.o [4]
  .text               ro code  0x0800cc04   0x1018  stm32l1xx_hal_i2c.o [1]
  .text               ro code  0x0800dc1c    0xcf0  xscanffull.o [3]
  .text               ro code  0x0800e90c    0x158  Flash.o [1]
  .text               ro code  0x0800ea64    0x198  xstoul.o [3]
  .text               ro code  0x0800ebfc     0xd6  stm32l1xx_hal_wwdg.o [1]
  .text               ro code  0x0800ecd4    0x24c  tim.o [1]
  .text               ro code  0x0800ef20    0xcd4  stm32l1xx_hal_rcc.o [1]
  .text               ro code  0x0800fbf4     0x30  dma.o [1]
  .text               ro code  0x0800fc24    0x82a  stm32l1xx_hal_adc.o [1]
  .text               ro code  0x08010450    0xefe  stm32l1xx_hal_dma.o [1]
  .text               ro code  0x0801134e     0x1c  fix_fft.o [1]
  .text               ro code  0x0801136c     0xd6  FltSub.o [4]
  .text               ro code  0x08011444      0xc  iarEdom.o [5]
  .text               ro code  0x08011450     0x20  xmbtowc.o [3]
  .text               ro code  0x08011470     0x16  strchr.o [5]
  .text               ro code  0x08011488     0x58  memchr.o [5]
  .text               ro code  0x080114e0      0xa  xmbcurmax.o [3]
  .text               ro code  0x080114ec     0xb0  xxmemxmalloc.o [3]
  .text               ro code  0x0801159c     0x1a  xwctomb.o [3]
  .text               ro code  0x080115b8     0x76  ABImemcpy_unaligned.o [5]
  .text               ro code  0x08011630     0x80  xxmemxfree.o [3]
  .text               ro code  0x080116b0     0xee  I64DivMod.o [5]
  .text               ro code  0x0801179e     0x44  xdnorm.o [4]
  .text               ro code  0x080117e4     0x2e  DblCmpLe.o [4]
  .text               ro code  0x08011814     0x2e  DblCmpGe.o [4]
  .text               ro code  0x08011844    0x10c  xdscale.o [4]
  .text               ro code  0x08011950    0x180  DblSub.o [4]
  .text               ro code  0x08011ad0    0x256  DblDiv.o [4]
  .text               ro code  0x08011d28     0x6c  localeconv.o [3]
  .text               ro code  0x08011d94      0xe  div.o [3]
  .text               ro code  0x08011da4     0x90  stm32l1xx_hal_timebase_TIM.o [1]
  .text               ro code  0x08011e34     0x98  stm32l1xx_hal_msp.o [1]
  .text               ro code  0x08011ecc     0x5e  ABImemset.o [5]
  .text               ro code  0x08011f2a     0x7a  xdint.o [4]
  .text               ro code  0x08011fa4     0x40  xwctob.o [3]
  .text               ro code  0x08011fe4     0x28  isxxx.o [3]
  .text               ro code  0x0801200c     0xa6  xstoll.o [3]
  .text               ro code  0x080120b4    0x1b0  xstoull.o [3]
  .text               ro code  0x08012264    0x14c  xstold.o [4]
  .text               ro code  0x080123b0    0x198  stm32l1xx_hal_flash.o [1]
  .text               ro code  0x08012548     0x5e  ceil.o [4]
  .text               ro code  0x080125a8     0xcc  stm32l1xx_hal_flash_ex.o [1]
  .text               ro code  0x08012674     0x14  tolower.o [3]
  .text               ro code  0x08012688      0xc  errno.o [3]
  .text               ro code  0x08012694    0x3da  stm32l1xx_hal_tim.o [1]
  .text               ro code  0x08012a6e     0x5e  stm32l1xx_hal_tim_ex.o [1]
  .text               ro code  0x08012acc     0x10  stm32l1xx_hal_pwr_ex.o [1]
  .text               ro code  0x08012adc     0x28  setlocale.o [3]
  .text               ro code  0x08012b04     0x60  xencoding_sb.o [3]
  .text               ro code  0x08012b64     0x2c  xgetmemchunk.o [3]
  .text               ro code  0x08012b90      0x2  I64DivZer.o [5]
  .text               ro code  0x08012b92      0x2  xtls.o [3]
  .text               ro code  0x08012b94     0x16  xlocale_c.o [3]
  .text               ro code  0x08012baa     0x14  xlocale_c.o [3]
  .text               ro code  0x08012bbe    0x122  xstopfx.o [3]
  .text               ro code  0x08012ce0    0x1d0  xstoflt.o [3]
  .rodata             const    0x08012eb0     0x64  Calibration.o [1]
  .text               ro code  0x08012f18    0x200  xdtento.o [4]
  .text               ro code  0x08013118    0x234  xstoxflt.o [3]
  .text               ro code  0x0801334c      0xc  xlocale_c.o [3]
  .text               ro code  0x08013358     0x20  DblCmpEq.o [4]
  .text               ro code  0x08013378     0x52  xdunscal.o [4]
  .text               ro code  0x080133ca   0x1074  stm32l1xx_hal_pcd.o [1]
  .text               ro code  0x08014440    0x198  usbd_conf.o [1]
  .text               ro code  0x080145d8    0x2c8  usbd_core.o [1]
  .text               ro code  0x080148a0    0x608  usbd_ctlreq.o [1]
  .text               ro code  0x08014ea8     0x90  usbd_ioreq.o [1]
  .text               ro code  0x08014f38    0x224  tasks.o [1]
  CODE                ro code  0x0801515c     0x94  portasm.o [1]
  .text               ro code  0x080151f0     0x40  list.o [1]
  .rodata             const    0x08015230     0xc0  fix_fft.o [1]
  .text               ro code  0x080152f0     0x84  stm32l1xx_it.o [1]
  .text               ro code  0x08015374     0x10  cmsis_os.o [1]
  .text               ro code  0x08015384     0x24  port.o [1]
  .text               ro code  0x080153a8     0x64  system_stm32l1xx.o [1]
  .rodata             const    0x0801540c     0x5c  ErrorCodes.o [1]
  .rodata             const    0x08015468     0x48  parser.o [1]
  .rodata             const    0x080154b0     0x48  parser.o [1]
  .rodata             const    0x080154f8     0x44  parser.o [1]
  .rodata             const    0x0801553c     0x44  parser.o [1]
  .rodata             const    0x08015580     0x44  parser.o [1]
  .rodata             const    0x080155c4     0x40  main.o [1]
  .rodata             const    0x08015604     0x40  main.o [1]
  .rodata             const    0x08015644     0x40  parser.o [1]
  .rodata             const    0x08015684     0x40  parser.o [1]
  .rodata             const    0x080156c4     0x40  parser.o [1]
  .rodata             const    0x08015704     0x40  parser.o [1]
  .rodata             const    0x08015744     0x40  parser.o [1]
  .rodata             const    0x08015784     0x40  parser.o [1]
  .text               ro code  0x080157c4     0x40  zero_init3.o [5]
  .rodata             const    0x08015804     0x3c  parser.o [1]
  .rodata             const    0x08015840     0x3c  parser.o [1]
  .rodata             const    0x0801587c     0x3c  parser.o [1]
  .rodata             const    0x080158b8     0x3c  parser.o [1]
  .rodata             const    0x080158f4     0x38  parser.o [1]
  .rodata             const    0x0801592c     0x38  parser.o [1]
  .rodata             const    0x08015964     0x38  parser.o [1]
  .rodata             const    0x0801599c     0x38  parser.o [1]
  .rodata             const    0x080159d4     0x38  parser.o [1]
  .text               ro code  0x08015a0c     0x38  packbits_init_single.o [5]
  .rodata             const    0x08015a44     0x34  main.o [1]
  .rodata             const    0x08015a78     0x34  parser.o [1]
  .rodata             const    0x08015aac     0x34  parser.o [1]
  .rodata             const    0x08015ae0     0x34  parser.o [1]
  .rodata             const    0x08015b14     0x34  parser.o [1]
  .rodata             const    0x08015b48     0x30  parser.o [1]
  .rodata             const    0x08015b78     0x30  parser.o [1]
  .rodata             const    0x08015ba8     0x30  parser.o [1]
  .rodata             const    0x08015bd8     0x30  parser.o [1]
  .rodata             const    0x08015c08     0x30  parser.o [1]
  .rodata             const    0x08015c38     0x30  parser.o [1]
  .rodata             const    0x08015c68     0x30  parser.o [1]
  .rodata             const    0x08015c98     0x30  parser.o [1]
  .rodata             const    0x08015cc8     0x2c  main.o [1]
  .rodata             const    0x08015cf4     0x2c  parser.o [1]
  .rodata             const    0x08015d20     0x2c  parser.o [1]
  .rodata             const    0x08015d4c     0x2c  parser.o [1]
  .rodata             const    0x08015d78     0x2c  parser.o [1]
  .rodata             const    0x08015da4     0x2c  parser.o [1]
  .rodata             const    0x08015dd0     0x2c  parser.o [1]
  .rodata             const    0x08015dfc     0x2c  parser.o [1]
  .rodata             const    0x08015e28     0x2c  parser.o [1]
  .rodata             const    0x08015e54     0x2c  parser.o [1]
  .rodata             const    0x08015e80     0x2c  parser.o [1]
  .rodata             const    0x08015eac     0x28  main.o [1]
  .rodata             const    0x08015ed4     0x28  main.o [1]
  .rodata             const    0x08015efc     0x28  parser.o [1]
  .rodata             const    0x08015f24     0x28  parser.o [1]
  .rodata             const    0x08015f4c     0x28  parser.o [1]
  .rodata             const    0x08015f74     0x28  parser.o [1]
  .rodata             const    0x08015f9c     0x28  parser.o [1]
  .rodata             const    0x08015fc4     0x28  parser.o [1]
  .rodata             const    0x08015fec     0x28  parser.o [1]
  .rodata             const    0x08016014     0x28  parser.o [1]
  .rodata             const    0x0801603c     0x28  parser.o [1]
  .rodata             const    0x08016064     0x28  parser.o [1]
  .rodata             const    0x0801608c     0x28  parser.o [1]
  .rodata             const    0x080160b4     0x28  parser.o [1]
  .rodata             const    0x080160dc     0x28  parser.o [1]
  .rodata             const    0x08016104     0x28  parser.o [1]
  .rodata             const    0x0801612c     0x28  parser.o [1]
  .rodata             const    0x08016154     0x28  parser.o [1]
  .rodata             const    0x0801617c     0x28  parser.o [1]
  .rodata             const    0x080161a4     0x28  parser.o [1]
  .rodata             const    0x080161cc     0x28  parser.o [1]
  .rodata             const    0x080161f4     0x28  parser.o [1]
  .rodata             const    0x0801621c     0x28  parser.o [1]
  .rodata             const    0x08016244     0x28  parser.o [1]
  .rodata             const    0x0801626c     0x28  parser.o [1]
  .rodata             const    0x08016294     0x28  parser.o [1]
  .rodata             const    0x080162bc     0x28  parser.o [1]
  .rodata             const    0x080162e4     0x28  parser.o [1]
  .rodata             const    0x0801630c     0x28  parser.o [1]
  .rodata             const    0x08016334     0x28  parser.o [1]
  .rodata             const    0x0801635c     0x28  parser.o [1]
  .rodata             const    0x08016384     0x28  parser.o [1]
  .text               ro code  0x080163ac     0x28  data_init.o [5]
  .rodata             const    0x080163d4     0x24  parser.o [1]
  .rodata             const    0x080163f8     0x24  parser.o [1]
  .rodata             const    0x0801641c     0x24  parser.o [1]
  .rodata             const    0x08016440     0x24  parser.o [1]
  .rodata             const    0x08016464     0x24  parser.o [1]
  .rodata             const    0x08016488     0x24  parser.o [1]
  .rodata             const    0x080164ac     0x24  parser.o [1]
  .rodata             const    0x080164d0     0x24  parser.o [1]
  .rodata             const    0x080164f4     0x24  parser.o [1]
  .rodata             const    0x08016518     0x24  parser.o [1]
  .rodata             const    0x0801653c     0x24  parser.o [1]
  .rodata             const    0x08016560     0x24  parser.o [1]
  .rodata             const    0x08016584     0x24  parser.o [1]
  .rodata             const    0x080165a8     0x24  parser.o [1]
  .iar.init_table     const    0x080165cc     0x30  - Linker created -
  .rodata             const    0x080165fc     0x20  app_data.o [1]
  .rodata             const    0x0801661c     0x20  app_data.o [1]
  .rodata             const    0x0801663c     0x20  app_data.o [1]
  .rodata             const    0x0801665c     0x20  app_data.o [1]
  .rodata             const    0x0801667c     0x20  app_data.o [1]
  .rodata             const    0x0801669c     0x20  app_data.o [1]
  .rodata             const    0x080166bc     0x20  app_data.o [1]
  .rodata             const    0x080166dc     0x20  app_data.o [1]
  .rodata             const    0x080166fc     0x20  app_data.o [1]
  .rodata             const    0x0801671c     0x20  app_data.o [1]
  .rodata             const    0x0801673c     0x20  app_data.o [1]
  .rodata             const    0x0801675c     0x20  app_data.o [1]
  .rodata             const    0x0801677c     0x20  app_data.o [1]
  .rodata             const    0x0801679c     0x20  app_data.o [1]
  .rodata             const    0x080167bc     0x20  app_data.o [1]
  .rodata             const    0x080167dc     0x20  bgm111.o [1]
  .rodata             const    0x080167fc     0x20  bgm111.o [1]
  .rodata             const    0x0801681c     0x20  parser.o [1]
  .rodata             const    0x0801683c     0x20  parser.o [1]
  .rodata             const    0x0801685c     0x20  parser.o [1]
  .rodata             const    0x0801687c     0x20  parser.o [1]
  .rodata             const    0x0801689c     0x20  parser.o [1]
  .rodata             const    0x080168bc     0x20  parser.o [1]
  .rodata             const    0x080168dc     0x20  parser.o [1]
  .rodata             const    0x080168fc     0x20  parser.o [1]
  .rodata             const    0x0801691c     0x20  parser.o [1]
  .rodata             const    0x0801693c     0x20  parser.o [1]
  .rodata             const    0x0801695c     0x20  parser.o [1]
  .rodata             const    0x0801697c     0x20  parser.o [1]
  .rodata             const    0x0801699c     0x20  parser.o [1]
  .rodata             const    0x080169bc     0x20  parser.o [1]
  .rodata             const    0x080169dc     0x20  parser.o [1]
  .rodata             const    0x080169fc     0x20  parser.o [1]
  .rodata             const    0x08016a1c     0x20  parser.o [1]
  .rodata             const    0x08016a3c     0x1c  app_data.o [1]
  .rodata             const    0x08016a58     0x1c  app_data.o [1]
  .rodata             const    0x08016a74     0x1c  app_data.o [1]
  .rodata             const    0x08016a90     0x1c  app_data.o [1]
  .rodata             const    0x08016aac     0x1c  app_data.o [1]
  .rodata             const    0x08016ac8     0x1c  app_data.o [1]
  .rodata             const    0x08016ae4     0x1c  app_data.o [1]
  .rodata             const    0x08016b00     0x1c  app_data.o [1]
  .rodata             const    0x08016b1c     0x1c  app_data.o [1]
  .rodata             const    0x08016b38     0x1c  app_data.o [1]
  .rodata             const    0x08016b54     0x1c  app_data.o [1]
  .rodata             const    0x08016b70     0x1c  app_data.o [1]
  .rodata             const    0x08016b8c     0x1c  app_data.o [1]
  .rodata             const    0x08016ba8     0x1c  app_data.o [1]
  .rodata             const    0x08016bc4     0x1c  bgm111.o [1]
  .rodata             const    0x08016be0     0x1c  bgm111.o [1]
  .rodata             const    0x08016bfc     0x1c  bgm111.o [1]
  .rodata             const    0x08016c18     0x1c  ErrorCodes.o [1]
  .rodata             const    0x08016c34     0x1c  parser.o [1]
  .rodata             const    0x08016c50     0x1c  parser.o [1]
  .rodata             const    0x08016c6c     0x1c  parser.o [1]
  .rodata             const    0x08016c88     0x1c  parser.o [1]
  .rodata             const    0x08016ca4     0x1c  parser.o [1]
  .rodata             const    0x08016cc0     0x1c  parser.o [1]
  .rodata             const    0x08016cdc     0x1c  parser.o [1]
  .text               ro code  0x08016cf8     0x1a  cmain.o [5]
  .text               ro code  0x08016d12      0x4  low_level_init.o [3]
  .text               ro code  0x08016d16      0x4  exit.o [3]
  .text               ro code  0x08016d1c      0xa  cexit.o [5]
  .text               ro code  0x08016d28     0x14  exit.o [6]
  .rodata             const    0x08016d3c     0x18  app_data.o [1]
  .rodata             const    0x08016d54     0x18  bgm111.o [1]
  .rodata             const    0x08016d6c     0x18  parser.o [1]
  .rodata             const    0x08016d84     0x18  parser.o [1]
  .rodata             const    0x08016d9c     0x18  parser.o [1]
  .rodata             const    0x08016db4     0x18  parser.o [1]
  .rodata             const    0x08016dcc     0x18  parser.o [1]
  .rodata             const    0x08016de4     0x18  parser.o [1]
  .rodata             const    0x08016dfc     0x18  parser.o [1]
  .rodata             const    0x08016e14     0x18  parser.o [1]
  .rodata             const    0x08016e2c     0x18  parser.o [1]
  .rodata             const    0x08016e44     0x18  parser.o [1]
  .rodata             const    0x08016e5c     0x18  parser.o [1]
  .rodata             const    0x08016e74     0x18  parser.o [1]
  .rodata             const    0x08016e8c     0x18  parser.o [1]
  .rodata             const    0x08016ea4     0x18  parser.o [1]
  .rodata             const    0x08016ebc     0x18  parser.o [1]
  .rodata             const    0x08016ed4     0x18  parser.o [1]
  .rodata             const    0x08016eec     0x18  parser.o [1]
  .rodata             const    0x08016f04     0x18  parser.o [1]
  .rodata             const    0x08016f1c     0x18  parser.o [1]
  .rodata             const    0x08016f34     0x18  parser.o [1]
  .rodata             const    0x08016f4c     0x18  parser.o [1]
  .rodata             const    0x08016f64     0x18  parser.o [1]
  .rodata             const    0x08016f7c     0x18  parser.o [1]
  .rodata             const    0x08016f94     0x18  parser.o [1]
  .rodata             const    0x08016fac     0x18  parser.o [1]
  .rodata             const    0x08016fc4     0x18  parser.o [1]
  .rodata             const    0x08016fdc     0x18  parser.o [1]
  .rodata             const    0x08016ff4     0x18  parser.o [1]
  .rodata             const    0x0801700c     0x18  parser.o [1]
  .rodata             const    0x08017024     0x18  parser.o [1]
  .rodata             const    0x0801703c     0x18  parser.o [1]
  .rodata             const    0x08017054     0x18  parser.o [1]
  .rodata             const    0x0801706c     0x18  parser.o [1]
  .rodata             const    0x08017084     0x18  parser.o [1]
  .rodata             const    0x0801709c     0x18  parser.o [1]
  .rodata             const    0x080170b4     0x18  parser.o [1]
  .rodata             const    0x080170cc     0x18  parser.o [1]
  .rodata             const    0x080170e4     0x18  parser.o [1]
  .rodata             const    0x080170fc     0x18  parser.o [1]
  .rodata             const    0x08017114     0x18  parser.o [1]
  .rodata             const    0x0801712c     0x18  parser.o [1]
  .rodata             const    0x08017144     0x18  parser.o [1]
  .rodata             const    0x0801715c     0x18  parser.o [1]
  .rodata             const    0x08017174     0x18  parser.o [1]
  .rodata             const    0x0801718c     0x18  parser.o [1]
  .rodata             const    0x080171a4     0x18  parser.o [1]
  .rodata             const    0x080171bc     0x18  parser.o [1]
  .rodata             const    0x080171d4     0x18  parser.o [1]
  .rodata             const    0x080171ec     0x18  parser.o [1]
  .rodata             const    0x08017204     0x14  app_data.o [1]
  .rodata             const    0x08017218     0x14  bgm111.o [1]
  .rodata             const    0x0801722c     0x14  bgm111.o [1]
  .rodata             const    0x08017240     0x14  bgm111.o [1]
  .rodata             const    0x08017254     0x14  bgm111.o [1]
  .rodata             const    0x08017268     0x14  bgm111.o [1]
  .rodata             const    0x0801727c     0x14  Calibration.o [1]
  .rodata             const    0x08017290     0x14  ErrorCodes.o [1]
  .rodata             const    0x080172a4     0x14  gpio.o [1]
  .rodata             const    0x080172b8     0x14  parser.o [1]
  .rodata             const    0x080172cc     0x14  parser.o [1]
  .rodata             const    0x080172e0     0x14  parser.o [1]
  .rodata             const    0x080172f4     0x14  parser.o [1]
  .rodata             const    0x08017308     0x14  parser.o [1]
  .rodata             const    0x0801731c     0x14  parser.o [1]
  .rodata             const    0x08017330     0x14  parser.o [1]
  .rodata             const    0x08017344     0x14  parser.o [1]
  .rodata             const    0x08017358     0x14  parser.o [1]
  .rodata             const    0x0801736c     0x14  parser.o [1]
  .rodata             const    0x08017380     0x14  parser.o [1]
  .rodata             const    0x08017394     0x14  parser.o [1]
  .rodata             const    0x080173a8     0x14  parser.o [1]
  .rodata             const    0x080173bc     0x14  parser.o [1]
  .rodata             const    0x080173d0     0x10  app_data.o [1]
  .rodata             const    0x080173e0     0x10  app_data.o [1]
  .rodata             const    0x080173f0     0x10  bgm111.o [1]
  .rodata             const    0x08017400     0x10  bgm111.o [1]
  .rodata             const    0x08017410     0x10  bgm111.o [1]
  .rodata             const    0x08017420     0x10  bgm111.o [1]
  .rodata             const    0x08017430     0x10  bgm111.o [1]
  .rodata             const    0x08017440     0x10  main.o [1]
  .rodata             const    0x08017450     0x10  parser.o [1]
  .rodata             const    0x08017460     0x10  parser.o [1]
  .rodata             const    0x08017470     0x10  parser.o [1]
  .rodata             const    0x08017480     0x10  parser.o [1]
  .rodata             const    0x08017490     0x10  parser.o [1]
  .rodata             const    0x080174a0     0x10  system_stm32l1xx.o [1]
  .text               ro code  0x080174b0     0x10  startup_stm32l152xe.o [1]
  .rodata             const    0x080174c0      0xc  app_data.o [1]
  .rodata             const    0x080174cc      0xc  bgm111.o [1]
  .rodata             const    0x080174d8      0xc  bgm111.o [1]
  .rodata             const    0x080174e4      0xc  bgm111.o [1]
  .rodata             const    0x080174f0      0xc  bgm111.o [1]
  .rodata             const    0x080174fc      0xc  bgm111.o [1]
  .rodata             const    0x08017508      0xc  Calibration.o [1]
  .rodata             const    0x08017514      0xc  Calibration.o [1]
  .rodata             const    0x08017520      0xc  Calibration.o [1]
  .rodata             const    0x0801752c      0xc  Calibration.o [1]
  .rodata             const    0x08017538      0xc  Calibration.o [1]
  .rodata             const    0x08017544      0xc  Calibration.o [1]
  .rodata             const    0x08017550      0xc  Calibration.o [1]
  .rodata             const    0x0801755c      0xc  Calibration.o [1]
  .rodata             const    0x08017568      0xc  Calibration.o [1]
  .rodata             const    0x08017574      0xc  Calibration.o [1]
  .rodata             const    0x08017580      0xc  Calibration.o [1]
  .rodata             const    0x0801758c      0xc  Calibration.o [1]
  .rodata             const    0x08017598      0xc  Calibration.o [1]
  .rodata             const    0x080175a4      0xc  Calibration.o [1]
  .rodata             const    0x080175b0      0xc  Calibration.o [1]
  .rodata             const    0x080175bc      0xc  Calibration.o [1]
  .rodata             const    0x080175c8      0xc  Calibration.o [1]
  .rodata             const    0x080175d4      0xc  Calibration.o [1]
  .rodata             const    0x080175e0      0xc  Calibration.o [1]
  .rodata             const    0x080175ec      0xc  parser.o [1]
  .rodata             const    0x080175f8      0xc  parser.o [1]
  .rodata             const    0x08017604      0xc  parser.o [1]
  .rodata             const    0x08017610      0xc  parser.o [1]
  .rodata             const    0x0801761c      0xc  parser.o [1]
  .rodata             const    0x08017628      0xc  parser.o [1]
  .rodata             const    0x08017634      0xc  parser.o [1]
  .rodata             const    0x08017640      0xc  stm32l1xx_hal_rcc.o [1]
  .text               ro code  0x0801764c      0xc  cstartup_M.o [5]
  .rodata             const    0x08017658      0x8  app_data.o [1]
  .rodata             const    0x08017660      0x8  app_data.o [1]
  .rodata             const    0x08017668      0x8  app_data.o [1]
  .rodata             const    0x08017670      0x8  app_data.o [1]
  .rodata             const    0x08017678      0x8  barometer.o [1]
  .rodata             const    0x08017680      0x8  barometer.o [1]
  .rodata             const    0x08017688      0x8  barometer.o [1]
  .rodata             const    0x08017690      0x8  barometer.o [1]
  .rodata             const    0x08017698      0x8  bgm111.o [1]
  .rodata             const    0x080176a0      0x8  bgm111.o [1]
  .rodata             const    0x080176a8      0x8  bgm111.o [1]
  .rodata             const    0x080176b0      0x8  Calibration.o [1]
  .rodata             const    0x080176b8      0x8  Calibration.o [1]
  .rodata             const    0x080176c0      0x8  Calibration.o [1]
  .rodata             const    0x080176c8      0x8  Calibration.o [1]
  .rodata             const    0x080176d0      0x8  ErrorCodes.o [1]
  .rodata             const    0x080176d8      0x8  ErrorCodes.o [1]
  .rodata             const    0x080176e0      0x8  ErrorCodes.o [1]
  .rodata             const    0x080176e8      0x8  ErrorCodes.o [1]
  .rodata             const    0x080176f0      0x8  ErrorCodes.o [1]
  .rodata             const    0x080176f8      0x8  ErrorCodes.o [1]
  .rodata             const    0x08017700      0x8  ErrorCodes.o [1]
  .rodata             const    0x08017708      0x8  ErrorCodes.o [1]
  .rodata             const    0x08017710      0x8  ErrorCodes.o [1]
  .rodata             const    0x08017718      0x8  ErrorCodes.o [1]
  .rodata             const    0x08017720      0x8  ErrorCodes.o [1]
  .rodata             const    0x08017728      0x8  ErrorCodes.o [1]
  .rodata             const    0x08017730      0x8  ErrorCodes.o [1]
  .rodata             const    0x08017738      0x8  ErrorCodes.o [1]
  .rodata             const    0x08017740      0x8  ErrorCodes.o [1]
  .rodata             const    0x08017748      0x8  ErrorCodes.o [1]
  .rodata             const    0x08017750      0x8  ErrorCodes.o [1]
  .rodata             const    0x08017758      0x8  ErrorCodes.o [1]
  .rodata             const    0x08017760      0x8  ErrorCodes.o [1]
  .rodata             const    0x08017768      0x8  ErrorCodes.o [1]
  .rodata             const    0x08017770      0x8  ErrorCodes.o [1]
  .rodata             const    0x08017778      0x8  ErrorCodes.o [1]
  .rodata             const    0x08017780      0x8  ErrorCodes.o [1]
  .rodata             const    0x08017788      0x8  GridEye.o [1]
  .rodata             const    0x08017790      0x8  GridEye.o [1]
  .rodata             const    0x08017798      0x8  Humidity.o [1]
  .rodata             const    0x080177a0      0x8  Humidity.o [1]
  .rodata             const    0x080177a8      0x8  Humidity.o [1]
  .rodata             const    0x080177b0      0x8  main.o [1]
  .rodata             const    0x080177b8      0x8  main.o [1]
  .rodata             const    0x080177c0      0x8  parser.o [1]
  .rodata             const    0x080177c8      0x8  parser.o [1]
  .rodata             const    0x080177d0      0x8  parser.o [1]
  .rodata             const    0x080177d8      0x8  parser.o [1]
  .rodata             const    0x080177e0      0x8  parser.o [1]
  .rodata             const    0x080177e8      0x8  parser.o [1]
  .rodata             const    0x080177f0      0x8  parser.o [1]
  .rodata             const    0x080177f8      0x8  parser.o [1]
  .rodata             const    0x08017800      0x8  parser.o [1]
  .rodata             const    0x08017808      0x8  parser.o [1]
  .rodata             const    0x08017810      0x8  parser.o [1]
  .rodata             const    0x08017818      0x8  parser.o [1]
  .rodata             const    0x08017820      0x8  parser.o [1]
  .rodata             const    0x08017828      0x8  parser.o [1]
  .rodata             const    0x08017830      0x8  parser.o [1]
  .rodata             const    0x08017838      0x8  parser.o [1]
  .rodata             const    0x08017840      0x8  parser.o [1]
  .rodata             const    0x08017848      0x8  parser.o [1]
  .rodata             const    0x08017850      0x8  parser.o [1]
  .rodata             const    0x08017858      0x8  parser.o [1]
  .rodata             const    0x08017860      0x8  parser.o [1]
  .rodata             const    0x08017868      0x8  parser.o [1]
  .rodata             const    0x08017870      0x8  parser.o [1]
  .rodata             const    0x08017878      0x8  parser.o [1]
  .rodata             const    0x08017880      0x8  parser.o [1]
  .rodata             const    0x08017888      0x8  Rd_Sound.o [1]
  .rodata             const    0x08017890      0x8  RGBLight.o [1]
  .rodata             const    0x08017898      0x8  system_stm32l1xx.o [1]
  .rodata             const    0x080178a0      0x8  Temperature.o [1]
  .rodata             const    0x080178a8      0x8  Temperature.o [1]
  .rodata             const    0x080178b0      0x8  VMonitor.o [1]
  .rodata             const    0x080178b8      0x8  VMonitor.o [1]
  .rodata             const    0x080178c0      0x8  VMonitor.o [1]
  .rodata             const    0x080178c8      0x4  stm32l1xx_hal_rcc.o [1]
  .text               ro code  0x080178cc      0x4  startup_stm32l152xe.o [1]
  .text               ro code  0x080178d0      0x4  startup_stm32l152xe.o [1]
  .text               ro code  0x080178d4      0x4  startup_stm32l152xe.o [1]
  .text               ro code  0x080178d8      0x4  startup_stm32l152xe.o [1]
  .text               ro code  0x080178dc      0x4  startup_stm32l152xe.o [1]
  .text               ro code  0x080178e0      0x4  startup_stm32l152xe.o [1]
  .text               ro code  0x080178e4      0x4  startup_stm32l152xe.o [1]
  .text               ro code  0x080178e8      0x4  startup_stm32l152xe.o [1]
  .text               ro code  0x080178ec      0x4  startup_stm32l152xe.o [1]
  .text               ro code  0x080178f0      0x4  startup_stm32l152xe.o [1]
  .text               ro code  0x080178f4      0x4  startup_stm32l152xe.o [1]
  .text               ro code  0x080178f8      0x4  startup_stm32l152xe.o [1]
  .text               ro code  0x080178fc      0x4  startup_stm32l152xe.o [1]
  .text               ro code  0x08017900      0x4  startup_stm32l152xe.o [1]
  .text               ro code  0x08017904      0x4  startup_stm32l152xe.o [1]
  .text               ro code  0x08017908      0x4  startup_stm32l152xe.o [1]
  .text               ro code  0x0801790c      0x4  startup_stm32l152xe.o [1]
  .text               ro code  0x08017910      0x4  startup_stm32l152xe.o [1]
  .text               ro code  0x08017914      0x4  startup_stm32l152xe.o [1]
  .text               ro code  0x08017918      0x4  startup_stm32l152xe.o [1]
  .text               ro code  0x0801791c      0x4  startup_stm32l152xe.o [1]
  .text               ro code  0x08017920      0x4  startup_stm32l152xe.o [1]
  .text               ro code  0x08017924      0x4  startup_stm32l152xe.o [1]
  .text               ro code  0x08017928      0x4  startup_stm32l152xe.o [1]
  .text               ro code  0x0801792c      0x4  startup_stm32l152xe.o [1]
  .text               ro code  0x08017930      0x4  startup_stm32l152xe.o [1]
  .text               ro code  0x08017934      0x4  startup_stm32l152xe.o [1]
  .text               ro code  0x08017938      0x4  startup_stm32l152xe.o [1]
  .text               ro code  0x0801793c      0x4  startup_stm32l152xe.o [1]
  .text               ro code  0x08017940      0x4  startup_stm32l152xe.o [1]
  .text               ro code  0x08017944      0x4  startup_stm32l152xe.o [1]
  .text               ro code  0x08017948      0x4  startup_stm32l152xe.o [1]
  .text               ro code  0x0801794c      0x4  startup_stm32l152xe.o [1]
  .text               ro code  0x08017950      0x4  startup_stm32l152xe.o [1]
  .text               ro code  0x08017954      0x4  startup_stm32l152xe.o [1]
  .text               ro code  0x08017958      0x4  startup_stm32l152xe.o [1]
  .text               ro code  0x0801795c      0x4  startup_stm32l152xe.o [1]
  .text               ro code  0x08017960      0x4  startup_stm32l152xe.o [1]
  .text               ro code  0x08017964      0x4  startup_stm32l152xe.o [1]
  .text               ro code  0x08017968      0x4  startup_stm32l152xe.o [1]
  .text               ro code  0x0801796c      0x4  startup_stm32l152xe.o [1]
  .text               ro code  0x08017970      0x4  startup_stm32l152xe.o [1]
  .text               ro code  0x08017974      0x4  startup_stm32l152xe.o [1]
  .text               ro code  0x08017978      0x4  startup_stm32l152xe.o [1]
  .text               ro code  0x0801797c      0x4  startup_stm32l152xe.o [1]
  .text               ro code  0x08017980      0x4  startup_stm32l152xe.o [1]
  .text               ro code  0x08017984      0x4  startup_stm32l152xe.o [1]
  .text               ro code  0x08017988      0x4  startup_stm32l152xe.o [1]
  .text               ro code  0x0801798c      0x4  startup_stm32l152xe.o [1]
  .text               ro code  0x08017990      0x4  startup_stm32l152xe.o [1]
  .rodata             const    0x08017994      0x0  zero_init3.o [5]
  .rodata             const    0x08017994      0x0  packbits_init_single.o [5]
  Initializer bytes   const    0x08017994     0x54  <for P2-1>
                             - 0x080179e8  0x178c4

Absolute sections, part 1 of 2:               0x18
  .bss                zero     0x08070000     0x18  wwdg.o [1]
                             - 0x08070018     0x18

Absolute sections, part 2 of 2:               0xc8
  .bss                zero     0x08070100     0xc8  Calibration.o [1]
                             - 0x080701c8     0xc8

"P2", part 1 of 3:                           0x14c
  P2-1                         0x20000000    0x14c  <Init block>
    .data             inited   0x20000000      0xc  adc.o [1]
    .data             inited   0x2000000c      0x4  bgm111.o [1]
    .data             inited   0x20000010      0x4  bgm111.o [1]
    .data             inited   0x20000014     0x24  gpio.o [1]
    .data             inited   0x20000038      0x4  system_stm32l1xx.o [1]
    .data             inited   0x2000003c      0x4  tim.o [1]
    .data             inited   0x20000040      0x4  tim.o [1]
    .data             inited   0x20000044      0x4  tim.o [1]
    .data             inited   0x20000048      0x4  usart.o [1]
    __DLIB_PERTHREAD  inited   0x2000004c     0x88  localeconv.o [3]
    __DLIB_PERTHREAD  inited   0x200000d4      0x4  errno.o [3]
    __DLIB_PERTHREAD  inited   0x200000d8     0x74  setlocale.o [3]
                             - 0x2000014c    0x14c

"P2", part 2 of 3:                          0x1000
  CSTACK                       0x20000150   0x1000  <Block>
    CSTACK            uninit   0x20000150   0x1000  <Block tail>
  HEAP                         0x20001150      0x0  <Block>
                             - 0x20001150   0x1000

"P2", part 3 of 3:                          0x2528
  .bss                zero     0x20001150    0xf78  bgm111.o [1]
  .bss                zero     0x200020c8    0x324  bgm111.o [1]
  .bss                zero     0x200023ec    0x324  ErrorCodes.o [1]
  .bss                zero     0x20002710    0x248  app_data.o [1]
  .bss                zero     0x20002958    0x248  app_data.o [1]
  .bss                zero     0x20002ba0    0x220  usbd_conf.o [1]
  .bss                zero     0x20002dc0    0x1a0  bgm111.o [1]
  .bss                zero     0x20002f60     0xc8  Calibration.o [1]
  .bss                zero     0x20003028     0x8c  tasks.o [1]
  .bss                zero     0x200030b4     0x84  bgm111.o [1]
  .bss                zero     0x20003138     0x84  bgm111.o [1]
  .bss                zero     0x200031bc     0x80  Rd_Sound.o [1]
  .bss                zero     0x2000323c     0x80  Rd_Sound.o [1]
  .bss                zero     0x200032bc     0x80  Rd_Sound.o [1]
  .bss                zero     0x2000333c     0x54  adc.o [1]
  .bss                zero     0x20003390     0x40  usart.o [1]
  .bss                zero     0x200033d0     0x40  usart.o [1]
  .bss                zero     0x20003410     0x3c  i2c.o [1]
  .bss                zero     0x2000344c     0x38  adc.o [1]
  .bss                zero     0x20003484     0x38  stm32l1xx_hal_timebase_TIM.o [1]
  .bss                zero     0x200034bc     0x38  tim.o [1]
  .bss                zero     0x200034f4     0x38  tim.o [1]
  .bss                zero     0x2000352c     0x28  bgm111.o [1]
  .bss                zero     0x20003554     0x28  usart.o [1]
  .bss                zero     0x2000357c     0x1c  Flash.o [1]
  .bss                zero     0x20003598     0x18  stm32l1xx_hal_flash.o [1]
  .bss                zero     0x200035b0     0x18  wwdg.o [1]
  .bss                zero     0x200035c8     0x14  wwdg.o [1]
  .bss                zero     0x200035dc      0xc  adc.o [1]
  .bss                zero     0x200035e8      0xc  app_data.o [1]
  .bss                zero     0x200035f4      0xc  Flash.o [1]
  .bss                zero     0x20003600      0x8  app_data.o [1]
  .bss                zero     0x20003608      0x8  xxmemxmalloc.o [3]
  .bss                zero     0x20003610      0x4  bgm111.o [1]
  .bss                zero     0x20003614      0x4  bgm111.o [1]
  .bss                zero     0x20003618      0x4  bgm111.o [1]
  .bss                zero     0x2000361c      0x4  bgm111.o [1]
  .bss                zero     0x20003620      0x4  bgm111.o [1]
  .bss                zero     0x20003624      0x4  Flash.o [1]
  .bss                zero     0x20003628      0x4  stm32l1xx_hal.o [1]
  .bss                zero     0x2000362c      0x4  tasks.o [1]
  .bss                zero     0x20003630      0x4  tasks.o [1]
  .bss                zero     0x20003634      0x4  tasks.o [1]
  .bss                zero     0x20003638      0x4  tasks.o [1]
  .bss                zero     0x2000363c      0x4  tasks.o [1]
  .bss                zero     0x20003640      0x4  tasks.o [1]
  .bss                zero     0x20003644      0x4  tasks.o [1]
  .bss                zero     0x20003648      0x4  tasks.o [1]
  .bss                zero     0x2000364c      0x4  tasks.o [1]
  .bss                zero     0x20003650      0x4  tasks.o [1]
  .bss                zero     0x20003654      0x4  tasks.o [1]
  .bss                zero     0x20003658      0x4  usart.o [1]
  .bss                zero     0x2000365c      0x4  usart.o [1]
  .bss                zero     0x20003660      0x4  wwdg.o [1]
  .bss                zero     0x20003664      0x4  xgetmemchunk.o [3]
  .bss                zero     0x20003668      0x2  app_data.o [1]
  .bss                zero     0x2000366a      0x2  app_data.o [1]
  .bss                zero     0x2000366c      0x1  adc.o [1]
  .bss                zero     0x2000366d      0x1  adc.o [1]
  .bss                zero     0x2000366e      0x1  adc.o [1]
  .bss                zero     0x2000366f      0x1  bgm111.o [1]
  .bss                zero     0x20003670      0x1  parser.o [1]
  .bss                zero     0x20003671      0x1  tim.o [1]
  .bss                zero     0x20003672      0x1  tim.o [1]
  .bss                zero     0x20003673      0x1  usart.o [1]
  .bss                zero     0x20003674      0x1  usart.o [1]
  .bss                zero     0x20003675      0x1  usart.o [1]
  .bss                zero     0x20003676      0x1  usbd_ctlreq.o [1]
  .bss                zero     0x20003677      0x1  wwdg.o [1]
                             - 0x20003678   0x2528


*******************************************************************************
*** INIT TABLE
***

          Address     Size
          -------     ----
Zero (__iar_zero_init3)
    3 destination ranges, total size 0x2608:
          0x08070000    0x18
          0x08070100    0xc8
          0x20001150  0x2528

Copy/packbits (__iar_packbits_init_single3)
    1 source range, total size 0x54 (25% of destination):
          0x08017994    0x54
    1 destination range, total size 0x14c:
          0x20000000   0x14c



*******************************************************************************
*** MODULE SUMMARY
***

    Module                        ro code  ro data  rw data  rw data
                                                              (abs)
    ------                        -------  -------  -------  -------
D:\GoogleDriveCLT\GoogleDrive\WeatherCloud\Roadboard\Software\Road-Board-December-2016N8\EWARM\Road Brd MSTR Rev L Long Always\Obj: [1]
    Calibration.o                     320      380      200      200
    ErrorCodes.o                      318      324      804
    Flash.o                           344                44
    GridEye.o                       6 808       16
    Humidity.o                      3 260       24
    RGBLight.o                        808        8
    Rd_Sound.o                        576        8      384
    Temperature.o                     688       16
    VMonitor.o                      2 164       24
    adc.o                             700        3      167
    app_data.o                      4 200      992    1 192
    barometer.o                       632       32
    bgm111.o                        2 156      438    5 513
    cmsis_os.o                         16
    dma.o                              48
    fix_fft.o                         456      192
    gecko_bglib.o                     432
    gpio.o                            452       29       36
    i2c.o                           1 248                60
    list.o                             64
    lps25hb.o                         584
    main.o                          1 622      336
    parser.o                       11 956    6 548        1
    port.o                             36
    portasm.o                         148
    startup_stm32l152xe.o             508
    stm32l1xx_hal.o                    72                 4
    stm32l1xx_hal_adc.o             2 090
    stm32l1xx_hal_cortex.o            432
    stm32l1xx_hal_dma.o             3 838
    stm32l1xx_hal_flash.o             408                24
    stm32l1xx_hal_flash_ex.o          204
    stm32l1xx_hal_gpio.o              888
    stm32l1xx_hal_i2c.o             4 120
    stm32l1xx_hal_msp.o               152
    stm32l1xx_hal_pcd.o             4 212
    stm32l1xx_hal_pwr_ex.o             16
    stm32l1xx_hal_rcc.o             3 284       16
    stm32l1xx_hal_tim.o               986
    stm32l1xx_hal_tim_ex.o             94
    stm32l1xx_hal_timebase_TIM.o      144                56
    stm32l1xx_hal_uart.o            2 284
    stm32l1xx_hal_wwdg.o              214
    stm32l1xx_it.o                    132
    system_stm32l1xx.o                100       25        4
    tasks.o                           548               184
    tim.o                             588        3      126
    usart.o                         1 212        1      183
    usbd_conf.o                       408               544
    usbd_core.o                       712
    usbd_ctlreq.o                   1 544                 1
    usbd_ioreq.o                      144
    wwdg.o                            404                49       24
    ----------------------------------------------------------------
    Total:                         69 774    9 415    9 576      224

command line: [2]
    ----------------------------------------------------------------
    Total:

dl7M_tlf.a: [3]
    atoi.o                              8
    div.o                              14
    errno.o                            12        1        4
    exit.o                              4
    isdigit.o                          10
    isxxx.o                            40
    localeconv.o                      108       34      136
    low_level_init.o                    4
    setlocale.o                        40       30      116
    sprintf.o                          52
    sscanf.o                           36
    strcat.o                           28
    strncmp.o                          44
    tolower.o                          20
    xencoding_sb.o                     96
    xgetmemchunk.o                     44                 4
    xlocale_c.o                        54
    xmbcurmax.o                        10
    xmbtowc.o                          32
    xprintffull.o                   4 510
    xscanffull.o                    3 312
    xsprout.o                          10
    xsscin.o                           30
    xstoflt.o                         464
    xstoll.o                          166
    xstopfx.o                         290
    xstoul.o                          408
    xstoull.o                         432
    xstoxflt.o                        564
    xtls.o                              2
    xwctob.o                           64
    xwctomb.o                          26
    xxmemxfree.o                      128
    xxmemxmalloc.o                    176                 8
    ----------------------------------------------------------------
    Total:                         11 238       65      268

m7M_tl.a: [4]
    DblAdd.o                          232
    DblCmpEq.o                         32
    DblCmpGe.o                         46
    DblCmpLe.o                         46
    DblDiv.o                          598
    DblMul.o                          418
    DblSub.o                          384
    DblToFlt.o                        144
    DblToI32.o                         88
    FltAdd.o                          132
    FltCmpGe.o                         36
    FltDiv.o                          252
    FltMul.o                          216
    FltSub.o                          214
    FltToDbl.o                         78
    FltToS32.o                         68
    I32ToDbl.o                         48
    I32ToFlt.o                         50
    ceil.o                             94
    modf.o                            184
    round.o                            68
    sqrt.o                            240
    xdint.o                           122
    xdnorm.o                           68
    xdscale.o                         268
    xdtento.o                         512
    xdunscal.o                         82
    xstold.o                          332
    ----------------------------------------------------------------
    Total:                          5 052

rt7M_tl.a: [5]
    ABImemcpy_unaligned.o             118
    ABImemset.o                        94
    I64DivMod.o                       238
    I64DivZer.o                         2
    cexit.o                            10
    cmain.o                            26
    cstartup_M.o                       12
    data_init.o                        40
    iarEdom.o                          12
    memchr.o                           88
    packbits_init_single.o             56
    strchr.o                           22
    strcmp_unaligned.o                 66
    strcpy_unaligned.o                 68
    strlen.o                           54
    strncpy_unaligned.o               108
    zero_init3.o                       64
    ----------------------------------------------------------------
    Total:                          1 078

shb_l.a: [6]
    exit.o                             20
    ----------------------------------------------------------------
    Total:                             20

    Gaps                               54
    Linker created                              48    4 096
--------------------------------------------------------------------
    Grand Total:                   87 216    9 528   13 940      224


*******************************************************************************
*** ENTRY LIST
***

Entry                      Address    Size  Type      Object
-----                      -------    ----  ----      ------
.iar.init_table$$Base   0x080165cc           --   Gb  - Linker created -
.iar.init_table$$Limit  0x080165fc           --   Gb  - Linker created -
?main                   0x08016cf9          Code  Gb  cmain.o [5]
ADC_Channel             0x2000366e     0x1  Data  Lc  adc.o [1]
ADC_Config              0x0800ac9f    0xbe  Code  Gb  adc.o [1]
ADC_ConversionStop_Disable
                        0x08010365    0x4a  Code  Gb  stm32l1xx_hal_adc.o [1]
ADC_DMAConvCplt         0x080103b1    0x6e  Code  Lc  stm32l1xx_hal_adc.o [1]
ADC_DMAError            0x08010431    0x1e  Code  Lc  stm32l1xx_hal_adc.o [1]
ADC_DMAHalfConvCplt     0x08010421     0xe  Code  Lc  stm32l1xx_hal_adc.o [1]
ADC_Enable              0x080102c7    0x72  Code  Gb  stm32l1xx_hal_adc.o [1]
AHBPrescTable           0x080174a0    0x10  Data  Gb  system_stm32l1xx.o [1]
APBPrescTable           0x08017898     0x8  Data  Gb  system_stm32l1xx.o [1]
BGM111_Connected        0x08003875     0xa  Code  Gb  bgm111.o [1]
BGM111_DataConnected    0x0800387f     0xa  Code  Gb  bgm111.o [1]
BGM111_GetTackState     0x0800394f     0xa  Code  Gb  bgm111.o [1]
BGM111_Init             0x0800362b    0x32  Code  Gb  bgm111.o [1]
BGM111_LowLevel_Init    0x0800356d    0x48  Code  Gb  bgm111.o [1]
BGM111_Peek             0x08003621     0xa  Code  Gb  bgm111.o [1]
BGM111_ProcessInput     0x0800365d   0x20e  Code  Gb  bgm111.o [1]
BGM111_Ready            0x0800386b     0xa  Code  Gb  bgm111.o [1]
BGM111_Receive          0x080035c3    0x5e  Code  Gb  bgm111.o [1]
BGM111_SetSyncFlg       0x0800392f     0xa  Code  Gb  bgm111.o [1]
BGM111_SetTackState     0x08003959     0xa  Code  Gb  bgm111.o [1]
BGM111_SyncModeTest     0x08003889    0x82  Code  Gb  bgm111.o [1]
BGM111_SyncModeTestNoInc
                        0x0800390b    0x24  Code  Gb  bgm111.o [1]
BGM111_Transmit         0x080039fd   0x11e  Code  Gb  bgm111.o [1]
BGM111_UART_IRQHandler  0x08003963    0x90  Code  Gb  bgm111.o [1]
BGM111_cntrlSetSyncFlg  0x08003939    0x16  Code  Gb  bgm111.o [1]
Bypass                  0x20003670     0x1  Data  Lc  parser.o [1]
CSTACK$$Base            0x20000150           --   Gb  - Linker created -
CSTACK$$Limit           0x20001150           --   Gb  - Linker created -
Cal_Save_Frames         0x20002f60    0xc8  Data  Lc  Calibration.o [1]
Calibration_HardFrames  0x08070100    0xc8  Data  Gb  Calibration.o [1]
Clear_Timer2_Flg        0x0800ee3d     0x8  Code  Gb  tim.o [1]
ClrAnalyticsRepeat      0x080051c5     0x8  Code  Gb  app_data.o [1]
ClrDataStructure        0x080042cd    0xe0  Code  Gb  app_data.o [1]
Clr_HeartBeat           0x080051bd     0x8  Code  Gb  app_data.o [1]
Clr_HrtBeat_Cnt         0x080051a3     0x8  Code  Gb  app_data.o [1]
CodesArray              0x0801540c    0x5c  Data  Gb  ErrorCodes.o [1]
DMA1_Channel1_IRQHandler
                        0x080152f9     0xa  Code  Gb  stm32l1xx_it.o [1]
DMA_SetConfig           0x0801132d    0x22  Code  Lc  stm32l1xx_hal_dma.o [1]
Error_Handler           0x0800a4d1    0x2e  Code  Gb  main.o [1]
FIX_MPY                 0x0801134f    0x1c  Code  Gb  fix_fft.o [1]
FLASH_PageErase         0x08012643    0x28  Code  Gb  stm32l1xx_hal_flash_ex.o [1]
FLASH_SetErrorCode      0x080124b7    0x6a  Code  Lc  stm32l1xx_hal_flash.o [1]
FLASH_WaitForLastOperation
                        0x08012453    0x64  Code  Gb  stm32l1xx_hal_flash.o [1]
Get_DriverStates        0x08005091    0x66  Code  Gb  app_data.o [1]
Get_DriverStatus        0x0800511d    0x86  Code  Gb  app_data.o [1]
HAL_ADC_ConfigChannel   0x080100e1   0x1e6  Code  Gb  stm32l1xx_hal_adc.o [1]
HAL_ADC_ConvCpltCallback
                        0x0800addb     0xe  Code  Gb  adc.o [1]
HAL_ADC_ConvHalfCpltCallback
                        0x0800ae19     0x2  Code  Gb  adc.o [1]
HAL_ADC_DeInit          0x0800fdeb   0x134  Code  Gb  stm32l1xx_hal_adc.o [1]
HAL_ADC_ErrorCallback   0x0800ae1b     0xa  Code  Gb  adc.o [1]
HAL_ADC_Init            0x0800fc25   0x1c6  Code  Gb  stm32l1xx_hal_adc.o [1]
HAL_ADC_MspDeInit       0x0800ac77    0x28  Code  Gb  adc.o [1]
HAL_ADC_MspInit         0x0800abf1    0x86  Code  Gb  adc.o [1]
HAL_ADC_Start           0x0800ff1f    0x88  Code  Gb  stm32l1xx_hal_adc.o [1]
HAL_ADC_Start_DMA       0x0800ffa7    0xcc  Code  Gb  stm32l1xx_hal_adc.o [1]
HAL_ADC_Stop_DMA        0x08010073    0x6e  Code  Gb  stm32l1xx_hal_adc.o [1]
HAL_DMA_Abort           0x0801098b    0x54  Code  Gb  stm32l1xx_hal_dma.o [1]
HAL_DMA_DeInit          0x080104a9   0x43e  Code  Gb  stm32l1xx_hal_dma.o [1]
HAL_DMA_IRQHandler      0x080109e5   0x906  Code  Gb  stm32l1xx_hal_dma.o [1]
HAL_DMA_Init            0x08010451    0x58  Code  Gb  stm32l1xx_hal_dma.o [1]
HAL_DMA_Start_IT        0x0801091d    0x6e  Code  Gb  stm32l1xx_hal_dma.o [1]
HAL_Delay               0x0800cae1    0x1a  Code  Wk  stm32l1xx_hal.o [1]
HAL_FLASHEx_Erase       0x080125a9    0x9a  Code  Gb  stm32l1xx_hal_flash_ex.o [1]
HAL_FLASH_GetError      0x0801244d     0x6  Code  Gb  stm32l1xx_hal_flash.o [1]
HAL_FLASH_Lock          0x0801243d    0x10  Code  Gb  stm32l1xx_hal_flash.o [1]
HAL_FLASH_Program       0x080123b1    0x5c  Code  Gb  stm32l1xx_hal_flash.o [1]
HAL_FLASH_Unlock        0x0801240d    0x30  Code  Gb  stm32l1xx_hal_flash.o [1]
HAL_GPIO_DeInit         0x0800a6d3   0x13c  Code  Gb  stm32l1xx_hal_gpio.o [1]
HAL_GPIO_Init           0x0800a501   0x1d2  Code  Gb  stm32l1xx_hal_gpio.o [1]
HAL_GPIO_ReadPin        0x0800a80f    0x18  Code  Gb  stm32l1xx_hal_gpio.o [1]
HAL_GPIO_TogglePin      0x0800a83b     0xa  Code  Gb  stm32l1xx_hal_gpio.o [1]
HAL_GPIO_WritePin       0x0800a827    0x14  Code  Gb  stm32l1xx_hal_gpio.o [1]
HAL_GetTick             0x0800cadb     0x6  Code  Wk  stm32l1xx_hal.o [1]
HAL_I2C_ER_IRQHandler   0x0800d489    0xce  Code  Gb  stm32l1xx_hal_i2c.o [1]
HAL_I2C_EV_IRQHandler   0x0800d355   0x134  Code  Gb  stm32l1xx_hal_i2c.o [1]
HAL_I2C_ErrorCallback   0x0800d563     0x2  Code  Wk  stm32l1xx_hal_i2c.o [1]
HAL_I2C_GetError        0x0800d56b     0x4  Code  Gb  stm32l1xx_hal_i2c.o [1]
HAL_I2C_GetState        0x0800d565     0x6  Code  Gb  stm32l1xx_hal_i2c.o [1]
HAL_I2C_Init            0x0800cc05   0x172  Code  Gb  stm32l1xx_hal_i2c.o [1]
HAL_I2C_MasterRxCpltCallback
                        0x0800d559     0x2  Code  Wk  stm32l1xx_hal_i2c.o [1]
HAL_I2C_MasterTxCpltCallback
                        0x0800d557     0x2  Code  Wk  stm32l1xx_hal_i2c.o [1]
HAL_I2C_Master_Receive  0x0800ceaf   0x256  Code  Gb  stm32l1xx_hal_i2c.o [1]
HAL_I2C_Master_Receive_IT
                        0x0800d1eb   0x14e  Code  Gb  stm32l1xx_hal_i2c.o [1]
HAL_I2C_Master_Transmit
                        0x0800cd77   0x138  Code  Gb  stm32l1xx_hal_i2c.o [1]
HAL_I2C_Master_Transmit_IT
                        0x0800d105    0xe6  Code  Gb  stm32l1xx_hal_i2c.o [1]
HAL_I2C_MemRxCpltCallback
                        0x0800d561     0x2  Code  Wk  stm32l1xx_hal_i2c.o [1]
HAL_I2C_MemTxCpltCallback
                        0x0800d55f     0x2  Code  Wk  stm32l1xx_hal_i2c.o [1]
HAL_I2C_MspInit         0x08008acf    0x50  Code  Gb  i2c.o [1]
HAL_I2C_SlaveRxCpltCallback
                        0x0800d55d     0x2  Code  Wk  stm32l1xx_hal_i2c.o [1]
HAL_I2C_SlaveTxCpltCallback
                        0x0800d55b     0x2  Code  Wk  stm32l1xx_hal_i2c.o [1]
HAL_IncTick             0x0800cacf     0xc  Code  Wk  stm32l1xx_hal.o [1]
HAL_Init                0x0800cab9    0x16  Code  Gb  stm32l1xx_hal.o [1]
HAL_InitTick            0x08011da5    0x80  Code  Gb  stm32l1xx_hal_timebase_TIM.o [1]
HAL_MspInit             0x08011e35    0x98  Code  Gb  stm32l1xx_hal_msp.o [1]
HAL_NVIC_DisableIRQ     0x08009275     0xe  Code  Gb  stm32l1xx_hal_cortex.o [1]
HAL_NVIC_EnableIRQ      0x08009267     0xe  Code  Gb  stm32l1xx_hal_cortex.o [1]
HAL_NVIC_SetPriority    0x08009241    0x26  Code  Gb  stm32l1xx_hal_cortex.o [1]
HAL_NVIC_SetPriorityGrouping
                        0x08009235     0xc  Code  Gb  stm32l1xx_hal_cortex.o [1]
HAL_NVIC_SystemReset    0x08009283     0x8  Code  Gb  stm32l1xx_hal_cortex.o [1]
HAL_PCD_DataInStageCallback
                        0x08014479    0x20  Code  Gb  usbd_conf.o [1]
HAL_PCD_DataOutStageCallback
                        0x08014457    0x22  Code  Gb  usbd_conf.o [1]
HAL_PCD_EP_ClrStall     0x08014335   0x10a  Code  Gb  stm32l1xx_hal_pcd.o [1]
HAL_PCD_EP_Open         0x080139e7   0x476  Code  Gb  stm32l1xx_hal_pcd.o [1]
HAL_PCD_EP_Receive      0x08013e5d   0x1ac  Code  Gb  stm32l1xx_hal_pcd.o [1]
HAL_PCD_EP_SetStall     0x08014257    0xde  Code  Gb  stm32l1xx_hal_pcd.o [1]
HAL_PCD_EP_Transmit     0x08014009   0x24e  Code  Gb  stm32l1xx_hal_pcd.o [1]
HAL_PCD_IRQHandler      0x08013871   0x144  Code  Gb  stm32l1xx_hal_pcd.o [1]
HAL_PCD_ResetCallback   0x080144a7    0x2c  Code  Gb  usbd_conf.o [1]
HAL_PCD_ResumeCallback  0x080144f3     0xe  Code  Gb  usbd_conf.o [1]
HAL_PCD_SOFCallback     0x08014499     0xe  Code  Gb  usbd_conf.o [1]
HAL_PCD_SetAddress      0x080139b5    0x32  Code  Gb  stm32l1xx_hal_pcd.o [1]
HAL_PCD_SetupStageCallback
                        0x08014441    0x16  Code  Gb  usbd_conf.o [1]
HAL_PCD_SuspendCallback
                        0x080144d3    0x20  Code  Gb  usbd_conf.o [1]
HAL_PWREx_GetVoltageRange
                        0x08012acd     0xa  Code  Gb  stm32l1xx_hal_pwr_ex.o [1]
HAL_RCC_ClockConfig     0x0800f74b   0x2a0  Code  Gb  stm32l1xx_hal_rcc.o [1]
HAL_RCC_GetClockConfig  0x0800faf1    0x3a  Code  Gb  stm32l1xx_hal_rcc.o [1]
HAL_RCC_GetHCLKFreq     0x0800fa95     0x6  Code  Gb  stm32l1xx_hal_rcc.o [1]
HAL_RCC_GetPCLK1Freq    0x0800fa9b    0x20  Code  Gb  stm32l1xx_hal_rcc.o [1]
HAL_RCC_GetPCLK2Freq    0x0800fabb    0x20  Code  Gb  stm32l1xx_hal_rcc.o [1]
HAL_RCC_GetSysClockFreq
                        0x0800f9eb    0xaa  Code  Gb  stm32l1xx_hal_rcc.o [1]
HAL_RCC_OscConfig       0x0800ef21   0x82a  Code  Gb  stm32l1xx_hal_rcc.o [1]
HAL_SYSTICK_CLKSourceConfig
                        0x08009297    0x22  Code  Gb  stm32l1xx_hal_cortex.o [1]
HAL_SYSTICK_Config      0x0800928b     0xc  Code  Gb  stm32l1xx_hal_cortex.o [1]
HAL_TIMEx_MasterConfigSynchronization
                        0x08012a6f    0x5e  Code  Gb  stm32l1xx_hal_tim_ex.o [1]
HAL_TIM_Base_Init       0x08012695    0x38  Code  Gb  stm32l1xx_hal_tim.o [1]
HAL_TIM_Base_MspInit    0x0800ed9f    0x48  Code  Gb  tim.o [1]
HAL_TIM_Base_Start_IT   0x080126cd    0x1e  Code  Gb  stm32l1xx_hal_tim.o [1]
HAL_TIM_ConfigClockSource
                        0x08012825   0x122  Code  Gb  stm32l1xx_hal_tim.o [1]
HAL_TIM_IC_CaptureCallback
                        0x08012949     0x2  Code  Wk  stm32l1xx_hal_tim.o [1]
HAL_TIM_IRQHandler      0x080126eb   0x13a  Code  Gb  stm32l1xx_hal_tim.o [1]
HAL_TIM_OC_DelayElapsedCallback
                        0x08012947     0x2  Code  Wk  stm32l1xx_hal_tim.o [1]
HAL_TIM_PWM_PulseFinishedCallback
                        0x0801294b     0x2  Code  Wk  stm32l1xx_hal_tim.o [1]
HAL_TIM_PeriodElapsedCallback
                        0x0800ede7    0x56  Code  Gb  tim.o [1]
HAL_TIM_StartTimer2     0x0800eead    0x22  Code  Gb  tim.o [1]
HAL_TIM_StartTimer3     0x0800eecf    0x12  Code  Gb  tim.o [1]
HAL_TIM_TriggerCallback
                        0x0801294d     0x2  Code  Wk  stm32l1xx_hal_tim.o [1]
HAL_UART_EnableBGM_RX   0x080034bf    0x32  Code  Gb  usart.o [1]
HAL_UART_EnableBGM_TXE  0x080034ad    0x12  Code  Gb  usart.o [1]
HAL_UART_ErrorCallback  0x080034ab     0x2  Code  Gb  usart.o [1]
HAL_UART_IRQHandler     0x08009823   0x11a  Code  Gb  stm32l1xx_hal_uart.o [1]
HAL_UART_Init           0x080095bd    0x72  Code  Gb  stm32l1xx_hal_uart.o [1]
HAL_UART_MspInit        0x08003123    0xba  Code  Gb  usart.o [1]
HAL_UART_Receive_IT     0x0800979b    0x88  Code  Gb  stm32l1xx_hal_uart.o [1]
HAL_UART_RxCpltCallback
                        0x080033fb    0xb0  Code  Gb  usart.o [1]
HAL_UART_RxCpltCallback::len
                        0x2000365c     0x4  Data  Lc  usart.o [1]
HAL_UART_RxCpltCallback::temp_ptr
                        0x20003658     0x4  Data  Lc  usart.o [1]
HAL_UART_Transmit       0x0800962f    0xfc  Code  Gb  stm32l1xx_hal_uart.o [1]
HAL_UART_Transmit_IT    0x0800972b    0x70  Code  Gb  stm32l1xx_hal_uart.o [1]
HAL_UART_TxCpltCallback
                        0x080033bf    0x20  Code  Gb  usart.o [1]
HAL_WWDG_IRQHandler     0x0800eca7    0x2c  Code  Gb  stm32l1xx_hal_wwdg.o [1]
HAL_WWDG_Init           0x0800ebfd    0x4c  Code  Gb  stm32l1xx_hal_wwdg.o [1]
HAL_WWDG_MspInit        0x0800932b    0x26  Code  Gb  wwdg.o [1]
HAL_WWDG_Refresh        0x0800ec79    0x2e  Code  Gb  stm32l1xx_hal_wwdg.o [1]
HAL_WWDG_Start_IT       0x0800ec49    0x30  Code  Gb  stm32l1xx_hal_wwdg.o [1]
HAL_WWDG_WakeupCallback
                        0x08009381    0x18  Code  Gb  wwdg.o [1]
HAL_WWDG_WakeupCallback::OnceFlg
                        0x20003677     0x1  Data  Lc  wwdg.o [1]
HEAP$$Base              0x20001150           --   Gb  - Linker created -
HEAP$$Limit             0x20001150           --   Gb  - Linker created -
HeartBeat_Cnt           0x2000366a     0x2  Data  Lc  app_data.o [1]
I2C1_ER_IRQHandler      0x08015335     0xa  Code  Gb  stm32l1xx_it.o [1]
I2C1_EV_IRQHandler      0x0801532b     0xa  Code  Gb  stm32l1xx_it.o [1]
I2C_IsAcknowledgeFailed
                        0x0800dbf3    0x2a  Code  Lc  stm32l1xx_hal_i2c.o [1]
I2C_MasterReceive_BTF   0x0800d673    0xa6  Code  Lc  stm32l1xx_hal_i2c.o [1]
I2C_MasterReceive_RXNE  0x0800d5f7    0x7c  Code  Lc  stm32l1xx_hal_i2c.o [1]
I2C_MasterRequestRead   0x0800d8b5   0x106  Code  Lc  stm32l1xx_hal_i2c.o [1]
I2C_MasterRequestWrite  0x0800d81f    0x96  Code  Lc  stm32l1xx_hal_i2c.o [1]
I2C_MasterTransmit_BTF  0x0800d59b    0x5c  Code  Lc  stm32l1xx_hal_i2c.o [1]
I2C_MasterTransmit_TXE  0x0800d56f    0x2c  Code  Lc  stm32l1xx_hal_i2c.o [1]
I2C_SlaveReceive_BTF    0x0800d773    0x1e  Code  Lc  stm32l1xx_hal_i2c.o [1]
I2C_SlaveReceive_RXNE   0x0800d755    0x1e  Code  Lc  stm32l1xx_hal_i2c.o [1]
I2C_SlaveTransmit_BTF   0x0800d737    0x1e  Code  Lc  stm32l1xx_hal_i2c.o [1]
I2C_SlaveTransmit_TXE   0x0800d719    0x1e  Code  Lc  stm32l1xx_hal_i2c.o [1]
I2C_Slave_ADDR          0x0800d791    0x18  Code  Lc  stm32l1xx_hal_i2c.o [1]
I2C_Slave_AF            0x0800d7eb    0x34  Code  Lc  stm32l1xx_hal_i2c.o [1]
I2C_Slave_STOPF         0x0800d7a9    0x42  Code  Lc  stm32l1xx_hal_i2c.o [1]
I2C_WaitBusyFlag        0x08008dc5    0x12  Code  Gb  i2c.o [1]
I2C_WaitOnFlagUntilTimeout
                        0x0800d9c5    0xda  Code  Lc  stm32l1xx_hal_i2c.o [1]
I2C_WaitOnMasterAddressFlagUntilTimeout
                        0x0800da9f    0x9e  Code  Lc  stm32l1xx_hal_i2c.o [1]
I2C_WaitOnRXNEFlagUntilTimeout
                        0x0800db8f    0x64  Code  Lc  stm32l1xx_hal_i2c.o [1]
I2C_WaitOnTXEFlagUntilTimeout
                        0x0800db3d    0x52  Code  Lc  stm32l1xx_hal_i2c.o [1]
InitSensors             0x080042a1    0x2c  Code  Gb  app_data.o [1]
[...]
Timr3Ready              0x20003672     0x1  Data  Gb  tim.o [1]
TmpData                 0x20002710   0x248  Data  Gb  app_data.o [1]
Tst_Bypass              0x08002ed7     0x6  Code  Gb  parser.o [1]
Tst_HeartBeat           0x080051ab     0x6  Code  Gb  app_data.o [1]
UART_EndTransmit_IT     0x08009aa7    0x32  Code  Lc  stm32l1xx_hal_uart.o [1]
UART_Receive_IT         0x08009ad9    0xc8  Code  Lc  stm32l1xx_hal_uart.o [1]
UART_SetConfig          0x08009ba1   0x2fe  Code  Lc  stm32l1xx_hal_uart.o [1]
UART_Transmit_IT        0x08009a2b    0x7c  Code  Lc  stm32l1xx_hal_uart.o [1]
UART_WaitOnFlagUntilTimeout
                        0x0800993d    0xee  Code  Lc  stm32l1xx_hal_uart.o [1]
USART2_IRQHandler       0x08015321     0xa  Code  Gb  stm32l1xx_it.o [1]
USART3_IRQHandler       0x08015317     0xa  Code  Gb  stm32l1xx_it.o [1]
USART_ReceiveData       0x08003b27     0xa  Code  Gb  bgm111.o [1]
USART_SendData          0x08003b1b     0xc  Code  Gb  bgm111.o [1]
USBD_ClrClassConfig     0x0801460b    0x18  Code  Gb  usbd_core.o [1]
USBD_ClrFeature         0x08014e2f    0x3a  Code  Lc  usbd_ctlreq.o [1]
USBD_CtlContinueRx      0x08014eeb    0x1a  Code  Gb  usbd_ioreq.o [1]
USBD_CtlContinueSendData
                        0x08014ed1    0x1a  Code  Gb  usbd_ioreq.o [1]
USBD_CtlError           0x08014e91    0x18  Code  Gb  usbd_ctlreq.o [1]
USBD_CtlReceiveStatus   0x08014f1f    0x1a  Code  Gb  usbd_ioreq.o [1]
USBD_CtlSendData        0x08014ea9    0x28  Code  Gb  usbd_ioreq.o [1]
USBD_CtlSendStatus      0x08014f05    0x1a  Code  Gb  usbd_ioreq.o [1]
USBD_GetConfig          0x08014d81    0x4c  Code  Lc  usbd_ctlreq.o [1]
USBD_GetDescriptor      0x08014add   0x164  Code  Lc  usbd_ctlreq.o [1]
USBD_GetStatus          0x08014dcd    0x3c  Code  Lc  usbd_ctlreq.o [1]
USBD_LL_ClearStallEP    0x08014539    0x16  Code  Gb  usbd_conf.o [1]
USBD_LL_DataInStage     0x0801472b    0xe2  Code  Gb  usbd_core.o [1]
USBD_LL_DataOutStage    0x0801469b    0x90  Code  Gb  usbd_core.o [1]
USBD_LL_IsStallEP       0x0801454f    0x30  Code  Gb  usbd_conf.o [1]
USBD_LL_OpenEP          0x08014501    0x22  Code  Gb  usbd_conf.o [1]
USBD_LL_PrepareReceive  0x080145b5    0x20  Code  Gb  usbd_conf.o [1]
USBD_LL_Reset           0x0801480d    0x46  Code  Gb  usbd_core.o [1]
USBD_LL_Resume          0x0801486f     0xe  Code  Gb  usbd_core.o [1]
USBD_LL_SOF             0x0801487d    0x24  Code  Gb  usbd_core.o [1]
USBD_LL_SetSpeed        0x08014853     0x8  Code  Gb  usbd_core.o [1]
USBD_LL_SetUSBAddress   0x0801457f    0x16  Code  Gb  usbd_conf.o [1]
USBD_LL_SetupStage      0x08014623    0x78  Code  Gb  usbd_core.o [1]
USBD_LL_StallEP         0x08014523    0x16  Code  Gb  usbd_conf.o [1]
USBD_LL_Suspend         0x0801485b    0x14  Code  Gb  usbd_core.o [1]
USBD_LL_Transmit        0x08014595    0x20  Code  Gb  usbd_conf.o [1]
USBD_ParseSetupRequest  0x08014e69    0x28  Code  Gb  usbd_ctlreq.o [1]
USBD_RunTestMode        0x080145d9     0x6  Code  Gb  usbd_core.o [1]
USBD_SetAddress         0x08014c41    0x60  Code  Lc  usbd_ctlreq.o [1]
USBD_SetClassConfig     0x080145df    0x2c  Code  Gb  usbd_core.o [1]
USBD_SetConfig          0x08014ca1    0xda  Code  Lc  usbd_ctlreq.o [1]
USBD_SetConfig::cfgidx  0x20003676     0x1  Data  Lc  usbd_ctlreq.o [1]
USBD_SetFeature         0x08014e09    0x26  Code  Lc  usbd_ctlreq.o [1]
USBD_StdDevReq          0x080148a1    0x7c  Code  Gb  usbd_ctlreq.o [1]
USBD_StdEPReq           0x08014969   0x174  Code  Gb  usbd_ctlreq.o [1]
USBD_StdItfReq          0x0801491d    0x4c  Code  Gb  usbd_ctlreq.o [1]
USB_LP_IRQHandler       0x08015303     0xa  Code  Gb  stm32l1xx_it.o [1]
Uart2Ready              0x20003673     0x1  Data  Gb  usart.o [1]
Uart3Ready              0x20003674     0x1  Data  Gb  usart.o [1]
WWDG_IRQHandler         0x08009399     0xa  Code  Gb  wwdg.o [1]
_EncodingSb_Mbtowc      0x08012b1f    0x30  Code  Gb  xencoding_sb.o [3]
_EncodingSb_Mbtowc::initial
                        0x08012b5c     0x8  Data  Lc  xencoding_sb.o [3]
_EncodingSb_Wctomb      0x08012b05    0x1a  Code  Gb  xencoding_sb.o [3]
_EncodingSb_Wctomb::initial
                        0x08012b54     0x8  Data  Lc  xencoding_sb.o [3]
_GenldFull              0x0800c1f1   0x254  Code  Lc  xprintffull.o [3]
_GetN                   0x0800dc1d    0x22  Code  Lc  xscanffull.o [3]
_GetfldFull             0x0800de41   0x10a  Code  Lc  xscanffull.o [3]
_GetfloatFull           0x0800e3ff   0x4e8  Code  Lc  xscanffull.o [3]
_GetintFull             0x0800e207   0x1f2  Code  Lc  xscanffull.o [3]
_GetstrFull             0x0800df4d   0x2b4  Code  Lc  xscanffull.o [3]
_IsdstStr               0x200000dc     0x4  Data  Gb  setlocale.o [3]
_LdtobFull              0x0800bde5   0x406  Code  Lc  xprintffull.o [3]
_LitobFull              0x0800bcdb   0x10a  Code  Lc  xprintffull.o [3]
_LocaleC_isalpha        0x08012b95    0x16  Code  Gb  xlocale_c.o [3]
_LocaleC_isspace        0x08012bab    0x14  Code  Gb  xlocale_c.o [3]
_LocaleC_tolower        0x0801334d     0xc  Code  Gb  xlocale_c.o [3]
_LocaleEncoding         0x08012af1     0xe  Code  Gb  setlocale.o [3]
_LocaleForCat           0x08012add    0x14  Code  Gb  setlocale.o [3]
_LocaleReturnString     0x200000fc    0x50  Data  Lc  setlocale.o [3]
_Locale_Profile         0x200000e0    0x1c  Data  Gb  setlocale.o [3]
_Locale_aeabi_lconv     0x2000009c    0x38  Data  Gb  localeconv.o [3]
_Locale_lconv           0x2000004c    0x50  Data  Gb  localeconv.o [3]
_Mbtowc                 0x08011451    0x20  Code  Gb  xmbtowc.o [3]
_PrintfFull             0x0800b2f1   0x658  Code  Gb  xprintffull.o [3]
_PutcharsFull           0x0800c445    0x2e  Code  Lc  xprintffull.o [3]
_PutstrFull             0x0800b9cf   0x306  Code  Lc  xprintffull.o [3]
_SProut                 0x08008feb     0xa  Code  Gb  xsprout.o [3]
_SScin                  0x0800300f    0x1e  Code  Gb  xsscin.o [3]
_ScanfFull              0x0800dc59   0x1e2  Code  Gb  xscanffull.o [3]
_Stoflt                 0x08012ce1   0x1d0  Code  Gb  xstoflt.o [3]
_Stopfx                 0x08012bbf   0x122  Code  Gb  xstopfx.o [3]
_Stoxflt                0x08013119   0x1fa  Code  Gb  xstoxflt.o [3]
_Stoxflt::digits        0x0801331c    0x18  Data  Lc  xstoxflt.o [3]
_Stoxflt::vals          0x08013334    0x18  Data  Lc  xstoxflt.o [3]
_TzoneStr               0x200000d8     0x4  Data  Gb  setlocale.o [3]
_UngetN                 0x0800dc3f    0x1a  Code  Lc  xscanffull.o [3]
_Wctomb                 0x0801159d    0x1a  Code  Gb  xwctomb.o [3]
__aeabi_cdcmpeq         0x08013359          Code  Gb  DblCmpEq.o [4]
__aeabi_cdcmple         0x080117e5          Code  Gb  DblCmpLe.o [4]
__aeabi_cdrcmple        0x08011815          Code  Gb  DblCmpGe.o [4]
__aeabi_cfrcmple        0x0800cbe1          Code  Gb  FltCmpGe.o [4]
__aeabi_d2f             0x0800b21d          Code  Gb  DblToFlt.o [4]
__aeabi_d2iz            0x0800c87d          Code  Gb  DblToI32.o [4]
__aeabi_d2uiz           0x0800c8a9          Code  Gb  DblToI32.o [4]
__aeabi_dadd            0x0800c98d          Code  Gb  DblAdd.o [4]
__aeabi_ddiv            0x08011ad1          Code  Gb  DblDiv.o [4]
__aeabi_dmul            0x0800c6d9          Code  Gb  DblMul.o [4]
__aeabi_dsub            0x08011951          Code  Gb  DblSub.o [4]
__aeabi_errno_addr      0x08012689     0x6  Code  Gb  errno.o [3]
__aeabi_f2d             0x08008f71          Code  Gb  FltToDbl.o [4]
__aeabi_f2iz            0x0800b2ad          Code  Gb  FltToS32.o [4]
__aeabi_fadd            0x0800b0a9          Code  Gb  FltAdd.o [4]
__aeabi_fdiv            0x080094c1          Code  Gb  FltDiv.o [4]
__aeabi_fmul            0x0800afd1          Code  Gb  FltMul.o [4]
__aeabi_i2d             0x0800cbb1          Code  Gb  I32ToDbl.o [4]
__aeabi_i2f             0x0800948d          Code  Gb  I32ToFlt.o [4]
__aeabi_ldiv0           0x08012b91          Code  Gb  I64DivZer.o [5]
__aeabi_ui2d            0x0800cbc5          Code  Gb  I32ToDbl.o [4]
__aeabi_ui2f            0x080094a1          Code  Gb  I32ToFlt.o [4]
__aeabi_uldivmod        0x080116b1          Code  Gb  I64DivMod.o [5]
__cmain                 0x08016cf9          Code  Gb  cmain.o [5]
__data_Aldata           0x20003608     0x8  Data  Gb  xxmemxmalloc.o [3]
__data_GetMemChunk      0x08012b65    0x2c  Code  Gb  xgetmemchunk.o [3]
__data_GetMemChunk::start
                        0x20003664     0x4  Data  Lc  xgetmemchunk.o [3]
__exit                  0x08016d29    0x14  Code  Gb  exit.o [6]
__iar_Dint              0x08011f2b    0x7a  Code  Gb  xdint.o [4]
__iar_Dnorm             0x0801179f    0x44  Code  Gb  xdnorm.o [4]
__iar_Dscale            0x08011845   0x10c  Code  Gb  xdscale.o [4]
__iar_Dtentox           0x08012f6b   0x14e  Code  Gb  xdtento.o [4]
__iar_Dunscale          0x08013379    0x52  Code  Gb  xdunscal.o [4]
__iar_Errno             0x200000d4     0x4  Data  Gb  errno.o [3]
__iar_Locale_lconv_init
                        0x08011d29    0x3a  Code  Gb  localeconv.o [3]
__iar_Mbcurmax          0x080114e1     0xa  Code  Gb  xmbcurmax.o [3]
__iar_Memchr            0x08011489          Code  Gb  memchr.o [5]
__iar_Memset_word       0x08011ecd          Code  Gb  ABImemset.o [5]
__iar_Stold             0x080123ad     0x4  Code  Gb  xstold.o [4]
__iar_Stoldx            0x08012265   0x13c  Code  Gb  xstold.o [4]
__iar_Stoll             0x080120af     0x4  Code  Gb  xstoll.o [3]
__iar_Stollx            0x0801200d    0xa2  Code  Gb  xstoll.o [3]
__iar_Stoul             0x0800eba9     0x4  Code  Gb  xstoul.o [3]
__iar_Stoull            0x08012211     0x4  Code  Gb  xstoull.o [3]
__iar_Stoullx           0x080120b5   0x156  Code  Gb  xstoull.o [3]
__iar_Stoulx            0x0800ea65   0x13e  Code  Gb  xstoul.o [3]
__iar_Strchr            0x08011471          Code  Gb  strchr.o [5]
__iar_Wctob             0x08011fa5    0x36  Code  Gb  xwctob.o [3]
__iar_ceil              0x08012549          Code  Gb  ceil.o [4]
__iar_ceill             0x08012549          Code  Gb  ceil.o [4]
__iar_d2uiz             0x0800c8b5          Code  Gb  DblToI32.o [4]
__iar_dadd              0x0800c9a1          Code  Gb  DblAdd.o [4]
__iar_data_init3        0x080163ad    0x28  Code  Gb  data_init.o [5]
__iar_dlib_perthread_access
                        0x08012b93     0x2  Code  Gb  xtls.o [3]
__iar_dsub              0x08011965          Code  Gb  DblSub.o [4]
__iar_dsubStart         0x08011977          Code  Gb  DblSub.o [4]
__iar_edom              0x08011445          Code  Gb  iarEdom.o [5]
__iar_fadd              0x0800b0b9          Code  Gb  FltAdd.o [4]
__iar_fsub              0x0801136d          Code  Gb  FltSub.o [4]
__iar_fsubStart         0x0801137d          Code  Gb  FltSub.o [4]
__iar_modf              0x0800c8e5          Code  Gb  modf.o [4]
__iar_modfl             0x0800c8e5          Code  Gb  modf.o [4]
__iar_packbits_init_single3
                        0x08015a0d    0x38  Code  Gb  packbits_init_single.o [5]
__iar_program_start     0x0801764d          Code  Gb  cstartup_M.o [5]
__iar_sqrt              0x0800b12d          Code  Gb  sqrt.o [4]
__iar_ui2d              0x0800cbc9          Code  Gb  I32ToDbl.o [4]
__iar_ui2f              0x080094a5          Code  Gb  I32ToFlt.o [4]
__iar_unaligned___aeabi_memcpy
                        0x080115b9          Code  Gb  ABImemcpy_unaligned.o [5]
__iar_unaligned___aeabi_memcpy4
                        0x080115d9          Code  Gb  ABImemcpy_unaligned.o [5]
__iar_unaligned___aeabi_memcpy8
                        0x080115d9          Code  Gb  ABImemcpy_unaligned.o [5]
__iar_unaligned_strcmp  0x0800ca75          Code  Gb  strcmp_unaligned.o [5]
__iar_unaligned_strcpy  0x0800302d          Code  Gb  strcpy_unaligned.o [5]
__iar_unaligned_strncpy
                        0x0800cb01          Code  Gb  strncpy_unaligned.o [5]
__iar_zero_init3        0x080157c5    0x40  Code  Gb  zero_init3.o [5]
__low_level_init        0x08016d13     0x4  Code  Gb  low_level_init.o [3]
__vector_table          0x08000000          Data  Gb  startup_stm32l152xe.o [1]
_call_main              0x08016d05          Code  Gb  cmain.o [5]
_exit                   0x08016d1d          Code  Gb  cexit.o [5]
_gecko_cmd_msg          0x200030b4    0x84  Data  Gb  bgm111.o [1]
_gecko_rsp_msg          0x20003138    0x84  Data  Gb  bgm111.o [1]
_main                   0x08016d0f          Code  Gb  cmain.o [5]
aPLLDivisionFactorTable
                        0x080178c8     0x4  Data  Gb  stm32l1xx_hal_rcc.o [1]
aPLLMULFactorTable      0x08017640     0xc  Data  Gb  stm32l1xx_hal_rcc.o [1]
adcActive               0x2000366d     0x1  Data  Gb  adc.o [1]
analytics               0x20003600     0x8  Data  Lc  app_data.o [1]
atoi                    0x080092ef     0x8  Code  Gb  atoi.o [3]
bffr1Flag               0x20003675     0x1  Data  Lc  usart.o [1]
bglib_input             0x20003614     0x4  Data  Gb  bgm111.o [1]
bglib_output            0x20003610     0x4  Data  Gb  bgm111.o [1]
bglib_peek              0x20003618     0x4  Data  Gb  bgm111.o [1]
bgm1data                0x20003554    0x28  Data  Lc  usart.o [1]
ble                     0x20002dc0   0x1a0  Data  Lc  bgm111.o [1]
blemsgs                 0x200020c8   0x324  Data  Lc  bgm111.o [1]
ceil                    0x08012549          Code  Gb  ceil.o [4]
ceill                   0x08012549          Code  Gb  ceil.o [4]
clrUsartState           0x080033df    0x1c  Code  Gb  usart.o [1]
connection_cnt          0x20003668     0x2  Data  Lc  app_data.o [1]
data                    0x20002958   0x248  Data  Gb  app_data.o [1]
delay_1ms               0x0800ab59     0xe  Code  Gb  ErrorCodes.o [1]
digits                  0x0800ebac    0x28  Data  Lc  xstoul.o [3]
digits                  0x08012214    0x28  Data  Lc  xstoull.o [3]
div                     0x08011d95     0xe  Code  Gb  div.o [3]
dmul                    0x08012f19    0x52  Code  Lc  xdtento.o [4]
driver_list             0x200035e8     0xc  Data  Lc  app_data.o [1]
errStruct               0x200023ec   0x324  Data  Lc  ErrorCodes.o [1]
exit                    0x08016d17     0x4  Code  Gb  exit.o [3]
fi                      0x2000323c    0x80  Data  Lc  Rd_Sound.o [1]
fix_fft                 0x0800ae25   0x1ac  Code  Gb  fix_fft.o [1]
fr                      0x200031bc    0x80  Data  Lc  Rd_Sound.o [1]
free                    0x08011631    0x7a  Code  Gb  xxmemxfree.o [3]
fs                      0x200032bc    0x80  Data  Lc  Rd_Sound.o [1]
gecko_cmd_le_gap_set_mode
                        0x0800352d    0x40  Code  Lc  bgm111.o [1]
gecko_cmd_msg           0x2000000c     0x4  Data  Gb  bgm111.o [1]
gecko_get_event         0x0800a955    0x5e  Code  Gb  gecko_bglib.o [1]
gecko_handle_command    0x0800a9d7    0x30  Code  Gb  gecko_bglib.o [1]
gecko_peek_event        0x0800a9b3     0xa  Code  Gb  gecko_bglib.o [1]
gecko_queue             0x20001150   0xf78  Data  Gb  bgm111.o [1]
gecko_queue_r           0x20003620     0x4  Data  Gb  bgm111.o [1]
gecko_queue_w           0x2000361c     0x4  Data  Gb  bgm111.o [1]
gecko_rsp_msg           0x20000010     0x4  Data  Gb  bgm111.o [1]
gecko_wait_message      0x0800a879    0xdc  Code  Gb  gecko_bglib.o [1]
gecko_wait_response     0x0800a9bd    0x1a  Code  Gb  gecko_bglib.o [1]
hadc                    0x2000333c    0x54  Data  Gb  adc.o [1]
hatoi                   0x08002e7f    0x58  Code  Gb  parser.o [1]
hdma_adc                0x2000344c    0x38  Data  Gb  adc.o [1]
hi2c1                   0x20003410    0x3c  Data  Gb  i2c.o [1]
hpcd_USB_FS             0x20002ba0   0x220  Data  Gb  usbd_conf.o [1]
htim2                   0x200034bc    0x38  Data  Gb  tim.o [1]
htim3                   0x200034f4    0x38  Data  Gb  tim.o [1]
htim4                   0x20003484    0x38  Data  Gb  stm32l1xx_hal_timebase_TIM.o [1]
huart2                  0x20003390    0x40  Data  Gb  usart.o [1]
huart3                  0x200033d0    0x40  Data  Gb  usart.o [1]
hwwdg                   0x200035c8    0x14  Data  Gb  wwdg.o [1]
isHexNum                0x08002e35    0x4a  Code  Gb  parser.o [1]
isalpha                 0x08011fe5    0x14  Code  Gb  isxxx.o [3]
isdigit                 0x080092e5     0xa  Code  Gb  isdigit.o [3]
isspace                 0x08011ff9    0x14  Code  Gb  isxxx.o [3]
ledOffCnt               0x20000044     0x4  Data  Lc  tim.o [1]
localeconv              0x08011d63    0x16  Code  Gb  localeconv.o [3]
main                    0x08009ea9   0x548  Code  Gb  main.o [1]
malloc                  0x080114ed    0xac  Code  Gb  xxmemxmalloc.o [3]
memchr                  0x08011489          Code  Gb  memchr.o [5]
modf                    0x0800c8d5          Code  Gb  modf.o [4]
modfl                   0x0800c8d5          Code  Gb  modf.o [4]
ndigs                   0x0800ebd4    0x28  Data  Lc  xstoul.o [3]
ndigs                   0x0801223c    0x28  Data  Lc  xstoull.o [3]
osSystickHandler        0x08015375    0x10  Code  Gb  cmsis_os.o [1]
pFlash                  0x20003598    0x18  Data  Gb  stm32l1xx_hal_flash.o [1]
pows                    0x080130d0    0x48  Data  Lc  xdtento.o [4]
prvResetNextTaskUnblockTime
                        0x080150ed    0x28  Code  Lc  tasks.o [1]
pxCurrentTCB            0x2000362c     0x4  Data  Gb  tasks.o [1]
pxDelayedTaskList       0x20003630     0x4  Data  Lc  tasks.o [1]
pxOverflowDelayedTaskList
                        0x20003634     0x4  Data  Lc  tasks.o [1]
pxReadyTasksLists       0x20003028    0x8c  Data  Lc  tasks.o [1]
round                   0x0800cb6d    0x44  Code  Gb  round.o [4]
sConfig                 0x200035dc     0xc  Data  Gb  adc.o [1]
saveLen                 0x20000048     0x4  Data  Lc  usart.o [1]
sprintf                 0x08003fd9    0x34  Code  Gb  sprintf.o [3]
sqrt                    0x0800b12d          Code  Gb  sqrt.o [4]
sqrtl                   0x0800b12d          Code  Gb  sqrt.o [4]
sscanf                  0x08008f4d    0x24  Code  Gb  sscanf.o [3]
strcat                  0x0800400d    0x1c  Code  Gb  strcat.o [3]
strchr                  0x08011471          Code  Gb  strchr.o [5]
strlen                  0x08002fd9          Code  Gb  strlen.o [5]
strncmp                 0x08008fbf    0x2c  Code  Gb  strncmp.o [3]
tolower                 0x08012675    0x14  Code  Gb  tolower.o [3]
ubSequenceCompleted     0x2000366c     0x1  Data  Gb  adc.o [1]
ulPortSetInterruptMask  0x0801519b          Code  Gb  portasm.o [1]
uwTick                  0x20003628     0x4  Data  Lc  stm32l1xx_hal.o [1]
uxListRemove            0x08015209    0x28  Code  Gb  list.o [1]
uxPendedTicks           0x20003644     0x4  Data  Lc  tasks.o [1]
uxSchedulerSuspended    0x20003654     0x4  Data  Lc  tasks.o [1]
uxTopReadyPriority      0x2000363c     0x4  Data  Lc  tasks.o [1]
vListInsertEnd          0x080151f1    0x18  Code  Gb  list.o [1]
vPortClearInterruptMask
                        0x080151a9          Code  Gb  portasm.o [1]
vPortStartFirstTask     0x080151cf          Code  Gb  portasm.o [1]
vTaskSwitchContext      0x0801506d    0x6c  Code  Gb  tasks.o [1]
wwdg_HardFrames         0x08070000    0x18  Data  Gb  wwdg.o [1]
wwdg_Save               0x20003660     0x4  Data  Lc  wwdg.o [1]
xNextTaskUnblockTime    0x20003650     0x4  Data  Lc  tasks.o [1]
xNumOfOverflows         0x2000364c     0x4  Data  Lc  tasks.o [1]
xPortSysTickHandler     0x08015385    0x1e  Code  Gb  port.o [1]
xSchedulerRunning       0x20003640     0x4  Data  Lc  tasks.o [1]
xTaskGetSchedulerState  0x08015115    0x26  Code  Gb  tasks.o [1]
xTaskIncrementTick      0x08014f39   0x134  Code  Gb  tasks.o [1]
xTickCount              0x20003638     0x4  Data  Lc  tasks.o [1]
xYieldPending           0x20003648     0x4  Data  Lc  tasks.o [1]


[1] = D:\GoogleDriveCLT\GoogleDrive\WeatherCloud\Roadboard\Software\Road-Board-December-2016N8\EWARM\Road Brd MSTR Rev L Long Always\Obj
[2] = command line
[3] = dl7M_tlf.a
[4] = m7M_tl.a
[5] = rt7M_tl.a
[6] = shb_l.a

  87 216 bytes of readonly  code memory
   9 528 bytes of readonly  data memory
  13 940 bytes of readwrite data memory (+ 224 absolute)

Errors: none
Warnings: none
