###############################################################################
#
# IAR ELF Linker V7.60.2.11341/W32 for ARM                06/Jun/2017  14:57:57
# Copyright 2007-2016 IAR Systems AB.
#
#    Output file  =  
#        D:\GoogleDriveCLT\GoogleDrive\WeatherCloud\Roadboard\Software\Road-Board-December-2016\EWARM\Road
#        Brd MSTR Rev L Long Always\Exe\Road Board Rev K NUCLEO V1.1 Jul 12
#        2016.out
#    Map file     =  
#        D:\GoogleDriveCLT\GoogleDrive\WeatherCloud\Roadboard\Software\Road-Board-December-2016\EWARM\Road
#        Brd MSTR Rev L Long Always\List\Road Board Rev K NUCLEO V1.1 Jul 12
#        2016.map
#    Command line =  
#        "D:\GoogleDriveCLT\GoogleDrive\WeatherCloud\Roadboard\Software\Road-Board-December-2016\EWARM\Road
#        Brd MSTR Rev L Long Always\Obj\adc.o"
#        "D:\GoogleDriveCLT\GoogleDrive\WeatherCloud\Roadboard\Software\Road-Board-December-2016\EWARM\Road
#        Brd MSTR Rev L Long Always\Obj\app_data.o"
#        "D:\GoogleDriveCLT\GoogleDrive\WeatherCloud\Roadboard\Software\Road-Board-December-2016\EWARM\Road
#        Brd MSTR Rev L Long Always\Obj\barometer.o"
#        "D:\GoogleDriveCLT\GoogleDrive\WeatherCloud\Roadboard\Software\Road-Board-December-2016\EWARM\Road
#        Brd MSTR Rev L Long Always\Obj\bgm111.o"
#        "D:\GoogleDriveCLT\GoogleDrive\WeatherCloud\Roadboard\Software\Road-Board-December-2016\EWARM\Road
#        Brd MSTR Rev L Long Always\Obj\cmsis_os.o"
#        "D:\GoogleDriveCLT\GoogleDrive\WeatherCloud\Roadboard\Software\Road-Board-December-2016\EWARM\Road
#        Brd MSTR Rev L Long Always\Obj\croutine.o"
#        "D:\GoogleDriveCLT\GoogleDrive\WeatherCloud\Roadboard\Software\Road-Board-December-2016\EWARM\Road
#        Brd MSTR Rev L Long Always\Obj\dma.o"
#        "D:\GoogleDriveCLT\GoogleDrive\WeatherCloud\Roadboard\Software\Road-Board-December-2016\EWARM\Road
#        Brd MSTR Rev L Long Always\Obj\ErrorCodes.o"
#        "D:\GoogleDriveCLT\GoogleDrive\WeatherCloud\Roadboard\Software\Road-Board-December-2016\EWARM\Road
#        Brd MSTR Rev L Long Always\Obj\event_groups.o"
#        "D:\GoogleDriveCLT\GoogleDrive\WeatherCloud\Roadboard\Software\Road-Board-December-2016\EWARM\Road
#        Brd MSTR Rev L Long Always\Obj\fix_fft.o"
#        "D:\GoogleDriveCLT\GoogleDrive\WeatherCloud\Roadboard\Software\Road-Board-December-2016\EWARM\Road
#        Brd MSTR Rev L Long Always\Obj\Flash.o"
#        "D:\GoogleDriveCLT\GoogleDrive\WeatherCloud\Roadboard\Software\Road-Board-December-2016\EWARM\Road
#        Brd MSTR Rev L Long Always\Obj\freertos.o"
#        "D:\GoogleDriveCLT\GoogleDrive\WeatherCloud\Roadboard\Software\Road-Board-December-2016\EWARM\Road
#        Brd MSTR Rev L Long Always\Obj\gecko_bglib.o"
#        "D:\GoogleDriveCLT\GoogleDrive\WeatherCloud\Roadboard\Software\Road-Board-December-2016\EWARM\Road
#        Brd MSTR Rev L Long Always\Obj\gpio.o"
#        "D:\GoogleDriveCLT\GoogleDrive\WeatherCloud\Roadboard\Software\Road-Board-December-2016\EWARM\Road
#        Brd MSTR Rev L Long Always\Obj\GridEye.o"
#        "D:\GoogleDriveCLT\GoogleDrive\WeatherCloud\Roadboard\Software\Road-Board-December-2016\EWARM\Road
#        Brd MSTR Rev L Long Always\Obj\heap_4.o"
#        "D:\GoogleDriveCLT\GoogleDrive\WeatherCloud\Roadboard\Software\Road-Board-December-2016\EWARM\Road
#        Brd MSTR Rev L Long Always\Obj\Humidity.o"
#        "D:\GoogleDriveCLT\GoogleDrive\WeatherCloud\Roadboard\Software\Road-Board-December-2016\EWARM\Road
#        Brd MSTR Rev L Long Always\Obj\i2c.o"
#        "D:\GoogleDriveCLT\GoogleDrive\WeatherCloud\Roadboard\Software\Road-Board-December-2016\EWARM\Road
#        Brd MSTR Rev L Long Always\Obj\list.o"
#        "D:\GoogleDriveCLT\GoogleDrive\WeatherCloud\Roadboard\Software\Road-Board-December-2016\EWARM\Road
#        Brd MSTR Rev L Long Always\Obj\lps25hb.o"
#        "D:\GoogleDriveCLT\GoogleDrive\WeatherCloud\Roadboard\Software\Road-Board-December-2016\EWARM\Road
#        Brd MSTR Rev L Long Always\Obj\main.o"
#        "D:\GoogleDriveCLT\GoogleDrive\WeatherCloud\Roadboard\Software\Road-Board-December-2016\EWARM\Road
#        Brd MSTR Rev L Long Always\Obj\parser.o"
#        "D:\GoogleDriveCLT\GoogleDrive\WeatherCloud\Roadboard\Software\Road-Board-December-2016\EWARM\Road
#        Brd MSTR Rev L Long Always\Obj\port.o"
#        "D:\GoogleDriveCLT\GoogleDrive\WeatherCloud\Roadboard\Software\Road-Board-December-2016\EWARM\Road
#        Brd MSTR Rev L Long Always\Obj\portasm.o"
#        "D:\GoogleDriveCLT\GoogleDrive\WeatherCloud\Roadboard\Software\Road-Board-December-2016\EWARM\Road
#        Brd MSTR Rev L Long Always\Obj\queue.o"
#        "D:\GoogleDriveCLT\GoogleDrive\WeatherCloud\Roadboard\Software\Road-Board-December-2016\EWARM\Road
#        Brd MSTR Rev L Long Always\Obj\Rd_Sound.o"
#        "D:\GoogleDriveCLT\GoogleDrive\WeatherCloud\Roadboard\Software\Road-Board-December-2016\EWARM\Road
#        Brd MSTR Rev L Long Always\Obj\RGBLight.o"
#        "D:\GoogleDriveCLT\GoogleDrive\WeatherCloud\Roadboard\Software\Road-Board-December-2016\EWARM\Road
#        Brd MSTR Rev L Long Always\Obj\startup_stm32l152xe.o"
#        "D:\GoogleDriveCLT\GoogleDrive\WeatherCloud\Roadboard\Software\Road-Board-December-2016\EWARM\Road
#        Brd MSTR Rev L Long Always\Obj\stm32l1xx_hal.o"
#        "D:\GoogleDriveCLT\GoogleDrive\WeatherCloud\Roadboard\Software\Road-Board-December-2016\EWARM\Road
#        Brd MSTR Rev L Long Always\Obj\stm32l1xx_hal_adc.o"
#        "D:\GoogleDriveCLT\GoogleDrive\WeatherCloud\Roadboard\Software\Road-Board-December-2016\EWARM\Road
#        Brd MSTR Rev L Long Always\Obj\stm32l1xx_hal_adc_ex.o"
#        "D:\GoogleDriveCLT\GoogleDrive\WeatherCloud\Roadboard\Software\Road-Board-December-2016\EWARM\Road
#        Brd MSTR Rev L Long Always\Obj\stm32l1xx_hal_cortex.o"
#        "D:\GoogleDriveCLT\GoogleDrive\WeatherCloud\Roadboard\Software\Road-Board-December-2016\EWARM\Road
#        Brd MSTR Rev L Long Always\Obj\stm32l1xx_hal_dma.o"
#        "D:\GoogleDriveCLT\GoogleDrive\WeatherCloud\Roadboard\Software\Road-Board-December-2016\EWARM\Road
#        Brd MSTR Rev L Long Always\Obj\stm32l1xx_hal_flash.o"
#        "D:\GoogleDriveCLT\GoogleDrive\WeatherCloud\Roadboard\Software\Road-Board-December-2016\EWARM\Road
#        Brd MSTR Rev L Long Always\Obj\stm32l1xx_hal_flash_ex.o"
#        "D:\GoogleDriveCLT\GoogleDrive\WeatherCloud\Roadboard\Software\Road-Board-December-2016\EWARM\Road
#        Brd MSTR Rev L Long Always\Obj\stm32l1xx_hal_flash_ramfunc.o"
#        "D:\GoogleDriveCLT\GoogleDrive\WeatherCloud\Roadboard\Software\Road-Board-December-2016\EWARM\Road
#        Brd MSTR Rev L Long Always\Obj\stm32l1xx_hal_gpio.o"
#        "D:\GoogleDriveCLT\GoogleDrive\WeatherCloud\Roadboard\Software\Road-Board-December-2016\EWARM\Road
#        Brd MSTR Rev L Long Always\Obj\stm32l1xx_hal_i2c.o"
#        "D:\GoogleDriveCLT\GoogleDrive\WeatherCloud\Roadboard\Software\Road-Board-December-2016\EWARM\Road
#        Brd MSTR Rev L Long Always\Obj\stm32l1xx_hal_msp.o"
#        "D:\GoogleDriveCLT\GoogleDrive\WeatherCloud\Roadboard\Software\Road-Board-December-2016\EWARM\Road
#        Brd MSTR Rev L Long Always\Obj\stm32l1xx_hal_pcd.o"
#        "D:\GoogleDriveCLT\GoogleDrive\WeatherCloud\Roadboard\Software\Road-Board-December-2016\EWARM\Road
#        Brd MSTR Rev L Long Always\Obj\stm32l1xx_hal_pcd_ex.o"
#        "D:\GoogleDriveCLT\GoogleDrive\WeatherCloud\Roadboard\Software\Road-Board-December-2016\EWARM\Road
#        Brd MSTR Rev L Long Always\Obj\stm32l1xx_hal_pwr.o"
#        "D:\GoogleDriveCLT\GoogleDrive\WeatherCloud\Roadboard\Software\Road-Board-December-2016\EWARM\Road
#        Brd MSTR Rev L Long Always\Obj\stm32l1xx_hal_pwr_ex.o"
#        "D:\GoogleDriveCLT\GoogleDrive\WeatherCloud\Roadboard\Software\Road-Board-December-2016\EWARM\Road
#        Brd MSTR Rev L Long Always\Obj\stm32l1xx_hal_rcc.o"
#        "D:\GoogleDriveCLT\GoogleDrive\WeatherCloud\Roadboard\Software\Road-Board-December-2016\EWARM\Road
#        Brd MSTR Rev L Long Always\Obj\stm32l1xx_hal_rcc_ex.o"
#        "D:\GoogleDriveCLT\GoogleDrive\WeatherCloud\Roadboard\Software\Road-Board-December-2016\EWARM\Road
#        Brd MSTR Rev L Long Always\Obj\stm32l1xx_hal_tim.o"
#        "D:\GoogleDriveCLT\GoogleDrive\WeatherCloud\Roadboard\Software\Road-Board-December-2016\EWARM\Road
#        Brd MSTR Rev L Long Always\Obj\stm32l1xx_hal_tim_ex.o"
#        "D:\GoogleDriveCLT\GoogleDrive\WeatherCloud\Roadboard\Software\Road-Board-December-2016\EWARM\Road
#        Brd MSTR Rev L Long Always\Obj\stm32l1xx_hal_timebase_TIM.o"
#        "D:\GoogleDriveCLT\GoogleDrive\WeatherCloud\Roadboard\Software\Road-Board-December-2016\EWARM\Road
#        Brd MSTR Rev L Long Always\Obj\stm32l1xx_hal_uart.o"
#        "D:\GoogleDriveCLT\GoogleDrive\WeatherCloud\Roadboard\Software\Road-Board-December-2016\EWARM\Road
#        Brd MSTR Rev L Long Always\Obj\stm32l1xx_hal_wwdg.o"
#        "D:\GoogleDriveCLT\GoogleDrive\WeatherCloud\Roadboard\Software\Road-Board-December-2016\EWARM\Road
#        Brd MSTR Rev L Long Always\Obj\stm32l1xx_it.o"
#        "D:\GoogleDriveCLT\GoogleDrive\WeatherCloud\Roadboard\Software\Road-Board-December-2016\EWARM\Road
#        Brd MSTR Rev L Long Always\Obj\stm32l1xx_nucleo.o"
#        "D:\GoogleDriveCLT\GoogleDrive\WeatherCloud\Roadboard\Software\Road-Board-December-2016\EWARM\Road
#        Brd MSTR Rev L Long Always\Obj\system_stm32l1xx.o"
#        "D:\GoogleDriveCLT\GoogleDrive\WeatherCloud\Roadboard\Software\Road-Board-December-2016\EWARM\Road
#        Brd MSTR Rev L Long Always\Obj\tasks.o"
#        "D:\GoogleDriveCLT\GoogleDrive\WeatherCloud\Roadboard\Software\Road-Board-December-2016\EWARM\Road
#        Brd MSTR Rev L Long Always\Obj\Temperature.o"
#        "D:\GoogleDriveCLT\GoogleDrive\WeatherCloud\Roadboard\Software\Road-Board-December-2016\EWARM\Road
#        Brd MSTR Rev L Long Always\Obj\tim.o"
#        "D:\GoogleDriveCLT\GoogleDrive\WeatherCloud\Roadboard\Software\Road-Board-December-2016\EWARM\Road
#        Brd MSTR Rev L Long Always\Obj\timers.o"
#        "D:\GoogleDriveCLT\GoogleDrive\WeatherCloud\Roadboard\Software\Road-Board-December-2016\EWARM\Road
#        Brd MSTR Rev L Long Always\Obj\usart.o"
#        "D:\GoogleDriveCLT\GoogleDrive\WeatherCloud\Roadboard\Software\Road-Board-December-2016\EWARM\Road
#        Brd MSTR Rev L Long Always\Obj\usb_device.o"
#        "D:\GoogleDriveCLT\GoogleDrive\WeatherCloud\Roadboard\Software\Road-Board-December-2016\EWARM\Road
#        Brd MSTR Rev L Long Always\Obj\usbd_cdc.o"
#        "D:\GoogleDriveCLT\GoogleDrive\WeatherCloud\Roadboard\Software\Road-Board-December-2016\EWARM\Road
#        Brd MSTR Rev L Long Always\Obj\usbd_cdc_if.o"
#        "D:\GoogleDriveCLT\GoogleDrive\WeatherCloud\Roadboard\Software\Road-Board-December-2016\EWARM\Road
#        Brd MSTR Rev L Long Always\Obj\usbd_conf.o"
#        "D:\GoogleDriveCLT\GoogleDrive\WeatherCloud\Roadboard\Software\Road-Board-December-2016\EWARM\Road
#        Brd MSTR Rev L Long Always\Obj\usbd_core.o"
#        "D:\GoogleDriveCLT\GoogleDrive\WeatherCloud\Roadboard\Software\Road-Board-December-2016\EWARM\Road
#        Brd MSTR Rev L Long Always\Obj\usbd_ctlreq.o"
#        "D:\GoogleDriveCLT\GoogleDrive\WeatherCloud\Roadboard\Software\Road-Board-December-2016\EWARM\Road
#        Brd MSTR Rev L Long Always\Obj\usbd_desc.o"
#        "D:\GoogleDriveCLT\GoogleDrive\WeatherCloud\Roadboard\Software\Road-Board-December-2016\EWARM\Road
#        Brd MSTR Rev L Long Always\Obj\usbd_ioreq.o"
#        "D:\GoogleDriveCLT\GoogleDrive\WeatherCloud\Roadboard\Software\Road-Board-December-2016\EWARM\Road
#        Brd MSTR Rev L Long Always\Obj\VMonitor.o"
#        "D:\GoogleDriveCLT\GoogleDrive\WeatherCloud\Roadboard\Software\Road-Board-December-2016\EWARM\Road
#        Brd MSTR Rev L Long Always\Obj\wwdg.o" --redirect _Printf=_PrintfFull
#        --redirect _Scanf=_ScanfFull -o
#        "D:\GoogleDriveCLT\GoogleDrive\WeatherCloud\Roadboard\Software\Road-Board-December-2016\EWARM\Road
#        Brd MSTR Rev L Long Always\Exe\Road Board Rev K NUCLEO V1.1 Jul 12
#        2016.out" --map
#        "D:\GoogleDriveCLT\GoogleDrive\WeatherCloud\Roadboard\Software\Road-Board-December-2016\EWARM\Road
#        Brd MSTR Rev L Long Always\List\Road Board Rev K NUCLEO V1.1 Jul 12
#        2016.map" --config
#        D:\GoogleDriveCLT\GoogleDrive\WeatherCloud\Roadboard\Software\Road-Board-December-2016\EWARM/stm32l152xe_flash.icf
#        --semihosting --entry __iar_program_start --vfe
#
###############################################################################

*******************************************************************************
*** RUNTIME MODEL ATTRIBUTES
***

CppFlavor                     = *
__Heap_Handler                = Basic
__SystemLibrary               = DLib
__dlib_dynamic_initialization = normal


*******************************************************************************
*** PLACEMENT SUMMARY
***

"A1":  place at 0x08000000 { ro section .intvec };
"P1":  place in [from 0x08000000 to 0x0807ffff] { ro };
"P2":  place in [from 0x20000000 to 0x20013fff] { rw, block CSTACK, block HEAP };
initialize by copy { rw };

  Section             Kind        Address     Size  Object
  -------             ----        -------     ----  ------
"A1":                                        0x124
  .intvec             ro code  0x08000000    0x124  startup_stm32l152xe.o [1]
                             - 0x08000124    0x124

"P1":                                      0x12598
  .text               ro code  0x08000124   0x1ef4  parser.o [1]
  .text               ro code  0x08002018     0x36  strlen.o [5]
  .text               ro code  0x0800204e      0xa  xsprout.o [3]
  .text               ro code  0x08002058     0x44  strcpy_unaligned.o [5]
  .text               ro code  0x0800209c    0x4bc  usart.o [1]
  .text               ro code  0x08002558    0x6ac  bgm111.o [1]
  .text               ro code  0x08002c04    0x230  Rd_Sound.o [1]
  .text               ro code  0x08002e34     0x34  sprintf.o [3]
  .text               ro code  0x08002e68     0x1c  strcat.o [3]
  .text               ro code  0x08002e84    0x1f8  barometer.o [1]
  .text               ro code  0x0800307c    0xf20  app_data.o [1]
  .text               ro code  0x08003f9c    0xd98  GridEye.o [1]
  .text               ro code  0x08004d34    0x4c0  VMonitor.o [1]
  .text               ro code  0x080051f4    0x6c8  Humidity.o [1]
  .text               ro code  0x080058bc    0x16c  Temperature.o [1]
  .text               ro code  0x08005a28    0x344  RGBLight.o [1]
  .text               ro code  0x08005d6c    0x1c4  gpio.o [1]
  .text               ro code  0x08005f30    0x4e0  i2c.o [1]
  .text               ro code  0x08006410    0x1b0  stm32l1xx_hal_cortex.o [1]
  .text               ro code  0x080065c0    0x8ec  stm32l1xx_hal_uart.o [1]
  .text               ro code  0x08006eac    0x566  main.o [1]
  .text               ro code  0x08007414    0x378  stm32l1xx_hal_gpio.o [1]
  .text               ro code  0x0800778c    0x1b0  gecko_bglib.o [1]
  .text               ro code  0x0800793c    0x13e  ErrorCodes.o [1]
  .text               ro code  0x08007a7a     0x2c  strncmp.o [3]
  .text               ro code  0x08007aa8    0x2bc  adc.o [1]
  .text               ro code  0x08007d64    0x240  fix_fft.o [1]
  .text               ro code  0x08007fa4     0x30  I32ToDbl.o [4]
  .text               ro code  0x08007fd4     0xf0  sqrt.o [4]
  .text               ro code  0x080080c4     0x90  DblToFlt.o [4]
  .text               ro code  0x08008154     0x44  FltToS32.o [4]
  .text               ro code  0x08008198   0x119e  xprintffull.o [3]
  .text               ro code  0x08009338    0x248  lps25hb.o [1]
  .text               ro code  0x08009580     0x4e  FltToDbl.o [4]
  .text               ro code  0x080095d0    0x1a2  DblMul.o [4]
  .text               ro code  0x08009774     0x58  DblToI32.o [4]
  .text               ro code  0x080097cc     0xb8  modf.o [4]
  .text               ro code  0x08009884     0xd8  FltMul.o [4]
  .text               ro code  0x0800995c     0xe8  DblAdd.o [4]
  .text               ro code  0x08009a44    0x128  wwdg.o [1]
  .text               ro code  0x08009b6c     0x42  strcmp_unaligned.o [5]
  .text               ro code  0x08009bb0     0x48  stm32l1xx_hal.o [1]
  .text               ro code  0x08009bf8     0x6c  strncpy_unaligned.o [5]
  .text               ro code  0x08009c64     0x32  I32ToFlt.o [4]
  .text               ro code  0x08009c98     0x44  round.o [4]
  .text               ro code  0x08009cdc     0x24  FltCmpGe.o [4]
  .text               ro code  0x08009d00     0xfc  FltDiv.o [4]
  .text               ro code  0x08009dfc     0x84  FltAdd.o [4]
  .text               ro code  0x08009e80   0x1018  stm32l1xx_hal_i2c.o [1]
  .text               ro code  0x0800ae98    0xcd4  stm32l1xx_hal_rcc.o [1]
  .text               ro code  0x0800bb6c     0x30  dma.o [1]
  .text               ro code  0x0800bb9c    0x224  tim.o [1]
  .text               ro code  0x0800bdc0    0x82a  stm32l1xx_hal_adc.o [1]
  .text               ro code  0x0800c5ec    0xefe  stm32l1xx_hal_dma.o [1]
  .text               ro code  0x0800d4ea     0x1c  fix_fft.o [1]
  .text               ro code  0x0800d508      0xc  iarEdom.o [5]
  .text               ro code  0x0800d514     0x20  xmbtowc.o [3]
  .text               ro code  0x0800d534     0x16  strchr.o [5]
  .text               ro code  0x0800d54c     0x58  memchr.o [5]
  .text               ro code  0x0800d5a4      0xa  xmbcurmax.o [3]
  .text               ro code  0x0800d5b0     0xb0  xxmemxmalloc.o [3]
  .text               ro code  0x0800d660     0x1a  xwctomb.o [3]
  .text               ro code  0x0800d67c     0x76  ABImemcpy_unaligned.o [5]
  .text               ro code  0x0800d6f4     0x80  xxmemxfree.o [3]
  .text               ro code  0x0800d774     0xee  I64DivMod.o [5]
  .text               ro code  0x0800d862     0x44  xdnorm.o [4]
  .text               ro code  0x0800d8a8     0x2e  DblCmpLe.o [4]
  .text               ro code  0x0800d8d8     0x2e  DblCmpGe.o [4]
  .text               ro code  0x0800d908    0x10c  xdscale.o [4]
  .text               ro code  0x0800da14    0x180  DblSub.o [4]
  .text               ro code  0x0800db94    0x256  DblDiv.o [4]
  .text               ro code  0x0800ddec     0x6c  localeconv.o [3]
  .text               ro code  0x0800de58      0xe  div.o [3]
  .text               ro code  0x0800de66     0xd6  stm32l1xx_hal_wwdg.o [1]
  .text               ro code  0x0800df3c    0x158  Flash.o [1]
  .text               ro code  0x0800e094     0x90  stm32l1xx_hal_timebase_TIM.o [1]
  .text               ro code  0x0800e124     0x98  stm32l1xx_hal_msp.o [1]
  .text               ro code  0x0800e1bc     0x5e  ABImemset.o [5]
  .text               ro code  0x0800e21a     0x7a  xdint.o [4]
  .text               ro code  0x0800e294     0xd6  FltSub.o [4]
  .text               ro code  0x0800e36c     0x10  stm32l1xx_hal_pwr_ex.o [1]
  .text               ro code  0x0800e37c    0x3da  stm32l1xx_hal_tim.o [1]
  .text               ro code  0x0800e756     0x5e  stm32l1xx_hal_tim_ex.o [1]
  .text               ro code  0x0800e7b4      0xc  errno.o [3]
  .text               ro code  0x0800e7c0     0x14  setlocale.o [3]
  .text               ro code  0x0800e7d4     0x60  xencoding_sb.o [3]
  .text               ro code  0x0800e834     0x2c  xgetmemchunk.o [3]
  .text               ro code  0x0800e860      0x2  I64DivZer.o [5]
  .text               ro code  0x0800e862      0x2  xtls.o [3]
  .text               ro code  0x0800e864    0x198  stm32l1xx_hal_flash.o [1]
  .text               ro code  0x0800e9fc     0x5e  ceil.o [4]
  .text               ro code  0x0800ea5c     0xcc  stm32l1xx_hal_flash_ex.o [1]
  .text               ro code  0x0800eb28   0x1074  stm32l1xx_hal_pcd.o [1]
  .text               ro code  0x0800fb9c    0x198  usbd_conf.o [1]
  .text               ro code  0x0800fd34    0x2c8  usbd_core.o [1]
  .text               ro code  0x0800fffc    0x608  usbd_ctlreq.o [1]
  .text               ro code  0x08010604     0x90  usbd_ioreq.o [1]
  .text               ro code  0x08010694    0x224  tasks.o [1]
  CODE                ro code  0x080108b8     0x94  portasm.o [1]
  .text               ro code  0x0801094c     0x40  list.o [1]
  .text               ro code  0x0801098c     0x84  stm32l1xx_it.o [1]
  .text               ro code  0x08010a10     0x10  cmsis_os.o [1]
  .text               ro code  0x08010a20     0x24  port.o [1]
  .rodata             const    0x08010a44     0x80  fix_fft.o [1]
  .text               ro code  0x08010ac4     0x64  system_stm32l1xx.o [1]
  .rodata             const    0x08010b28     0x58  ErrorCodes.o [1]
  .rodata             const    0x08010b80     0x48  parser.o [1]
  .rodata             const    0x08010bc8     0x48  parser.o [1]
  .rodata             const    0x08010c10     0x44  parser.o [1]
  .rodata             const    0x08010c54     0x44  parser.o [1]
  .rodata             const    0x08010c98     0x44  parser.o [1]
  .rodata             const    0x08010cdc     0x40  main.o [1]
  .rodata             const    0x08010d1c     0x40  main.o [1]
  .rodata             const    0x08010d5c     0x40  parser.o [1]
  .rodata             const    0x08010d9c     0x40  parser.o [1]
  .rodata             const    0x08010ddc     0x40  parser.o [1]
  .rodata             const    0x08010e1c     0x40  parser.o [1]
  .rodata             const    0x08010e5c     0x40  parser.o [1]
  .rodata             const    0x08010e9c     0x40  parser.o [1]
  .text               ro code  0x08010edc     0x40  zero_init3.o [5]
  .rodata             const    0x08010f1c     0x3c  parser.o [1]
  .rodata             const    0x08010f58     0x3c  parser.o [1]
  .rodata             const    0x08010f94     0x3c  parser.o [1]
  .rodata             const    0x08010fd0     0x3c  parser.o [1]
  .rodata             const    0x0801100c     0x38  parser.o [1]
  .rodata             const    0x08011044     0x38  parser.o [1]
  .rodata             const    0x0801107c     0x38  parser.o [1]
  .rodata             const    0x080110b4     0x38  parser.o [1]
  .rodata             const    0x080110ec     0x38  parser.o [1]
  .text               ro code  0x08011124     0x38  packbits_init_single.o [5]
  .rodata             const    0x0801115c     0x34  main.o [1]
  .rodata             const    0x08011190     0x34  parser.o [1]
  .rodata             const    0x080111c4     0x34  parser.o [1]
  .rodata             const    0x080111f8     0x34  parser.o [1]
  .rodata             const    0x0801122c     0x34  parser.o [1]
  .rodata             const    0x08011260     0x30  parser.o [1]
  .rodata             const    0x08011290     0x30  parser.o [1]
  .rodata             const    0x080112c0     0x30  parser.o [1]
  .rodata             const    0x080112f0     0x30  parser.o [1]
  .rodata             const    0x08011320     0x30  parser.o [1]
  .rodata             const    0x08011350     0x2c  main.o [1]
  .rodata             const    0x0801137c     0x2c  parser.o [1]
  .rodata             const    0x080113a8     0x2c  parser.o [1]
  .rodata             const    0x080113d4     0x2c  parser.o [1]
  .rodata             const    0x08011400     0x2c  parser.o [1]
  .rodata             const    0x0801142c     0x2c  parser.o [1]
  .rodata             const    0x08011458     0x2c  parser.o [1]
  .rodata             const    0x08011484     0x2c  parser.o [1]
  .rodata             const    0x080114b0     0x2c  parser.o [1]
  .rodata             const    0x080114dc     0x28  parser.o [1]
  .rodata             const    0x08011504     0x28  parser.o [1]
  .rodata             const    0x0801152c     0x28  parser.o [1]
  .rodata             const    0x08011554     0x28  parser.o [1]
  .rodata             const    0x0801157c     0x28  parser.o [1]
  .rodata             const    0x080115a4     0x28  parser.o [1]
  .rodata             const    0x080115cc     0x28  parser.o [1]
  .rodata             const    0x080115f4     0x28  parser.o [1]
  .rodata             const    0x0801161c     0x28  parser.o [1]
  .rodata             const    0x08011644     0x28  parser.o [1]
  .rodata             const    0x0801166c     0x28  parser.o [1]
  .rodata             const    0x08011694     0x28  parser.o [1]
  .rodata             const    0x080116bc     0x28  parser.o [1]
  .rodata             const    0x080116e4     0x28  parser.o [1]
  .rodata             const    0x0801170c     0x28  parser.o [1]
  .rodata             const    0x08011734     0x28  parser.o [1]
  .rodata             const    0x0801175c     0x28  parser.o [1]
  .rodata             const    0x08011784     0x28  parser.o [1]
  .rodata             const    0x080117ac     0x28  parser.o [1]
  .rodata             const    0x080117d4     0x28  parser.o [1]
  .rodata             const    0x080117fc     0x28  parser.o [1]
  .rodata             const    0x08011824     0x28  parser.o [1]
  .rodata             const    0x0801184c     0x28  parser.o [1]
  .rodata             const    0x08011874     0x28  parser.o [1]
  .rodata             const    0x0801189c     0x28  parser.o [1]
  .rodata             const    0x080118c4     0x28  parser.o [1]
  .rodata             const    0x080118ec     0x28  parser.o [1]
  .rodata             const    0x08011914     0x28  parser.o [1]
  .rodata             const    0x0801193c     0x28  parser.o [1]
  .rodata             const    0x08011964     0x28  parser.o [1]
  .rodata             const    0x0801198c     0x28  parser.o [1]
  .rodata             const    0x080119b4     0x28  parser.o [1]
  .rodata             const    0x080119dc     0x28  parser.o [1]
  .text               ro code  0x08011a04     0x28  data_init.o [5]
  .rodata             const    0x08011a2c     0x24  parser.o [1]
  .rodata             const    0x08011a50     0x24  parser.o [1]
  .rodata             const    0x08011a74     0x24  parser.o [1]
  .rodata             const    0x08011a98     0x24  parser.o [1]
  .rodata             const    0x08011abc     0x24  parser.o [1]
  .rodata             const    0x08011ae0     0x24  parser.o [1]
  .rodata             const    0x08011b04     0x24  parser.o [1]
  .rodata             const    0x08011b28     0x24  parser.o [1]
  .iar.init_table     const    0x08011b4c     0x28  - Linker created -
  .rodata             const    0x08011b74     0x20  bgm111.o [1]
  .rodata             const    0x08011b94     0x20  parser.o [1]
  .rodata             const    0x08011bb4     0x20  parser.o [1]
  .rodata             const    0x08011bd4     0x20  parser.o [1]
  .rodata             const    0x08011bf4     0x20  parser.o [1]
  .rodata             const    0x08011c14     0x20  parser.o [1]
  .rodata             const    0x08011c34     0x20  parser.o [1]
  .rodata             const    0x08011c54     0x20  parser.o [1]
  .rodata             const    0x08011c74     0x20  parser.o [1]
  .rodata             const    0x08011c94     0x20  parser.o [1]
  .rodata             const    0x08011cb4     0x20  parser.o [1]
  .rodata             const    0x08011cd4     0x20  parser.o [1]
  .rodata             const    0x08011cf4     0x1c  bgm111.o [1]
  .rodata             const    0x08011d10     0x1c  bgm111.o [1]
  .rodata             const    0x08011d2c     0x1c  ErrorCodes.o [1]
  .rodata             const    0x08011d48     0x1c  parser.o [1]
  .rodata             const    0x08011d64     0x1c  parser.o [1]
  .rodata             const    0x08011d80     0x1c  parser.o [1]
  .text               ro code  0x08011d9c     0x1a  cmain.o [5]
  .text               ro code  0x08011db6      0x4  low_level_init.o [3]
  .text               ro code  0x08011dba      0x4  exit.o [3]
  .text               ro code  0x08011dc0      0xa  cexit.o [5]
  .text               ro code  0x08011dcc     0x14  exit.o [6]
  .rodata             const    0x08011de0     0x18  app_data.o [1]
  .rodata             const    0x08011df8     0x18  bgm111.o [1]
  .rodata             const    0x08011e10     0x18  parser.o [1]
  .rodata             const    0x08011e28     0x18  parser.o [1]
  .rodata             const    0x08011e40     0x18  parser.o [1]
  .rodata             const    0x08011e58     0x18  parser.o [1]
  .rodata             const    0x08011e70     0x18  parser.o [1]
  .rodata             const    0x08011e88     0x18  parser.o [1]
  .rodata             const    0x08011ea0     0x18  parser.o [1]
  .rodata             const    0x08011eb8     0x18  parser.o [1]
  .rodata             const    0x08011ed0     0x18  parser.o [1]
  .rodata             const    0x08011ee8     0x18  parser.o [1]
  .rodata             const    0x08011f00     0x18  parser.o [1]
  .rodata             const    0x08011f18     0x14  app_data.o [1]
  .rodata             const    0x08011f2c     0x14  app_data.o [1]
  .rodata             const    0x08011f40     0x14  app_data.o [1]
  .rodata             const    0x08011f54     0x14  app_data.o [1]
  .rodata             const    0x08011f68     0x14  app_data.o [1]
  .rodata             const    0x08011f7c     0x14  app_data.o [1]
  .rodata             const    0x08011f90     0x14  app_data.o [1]
  .rodata             const    0x08011fa4     0x14  app_data.o [1]
  .rodata             const    0x08011fb8     0x14  app_data.o [1]
  .rodata             const    0x08011fcc     0x14  app_data.o [1]
  .rodata             const    0x08011fe0     0x14  app_data.o [1]
  .rodata             const    0x08011ff4     0x14  app_data.o [1]
  .rodata             const    0x08012008     0x14  app_data.o [1]
  .rodata             const    0x0801201c     0x14  app_data.o [1]
  .rodata             const    0x08012030     0x14  app_data.o [1]
  .rodata             const    0x08012044     0x14  app_data.o [1]
  .rodata             const    0x08012058     0x14  app_data.o [1]
  .rodata             const    0x0801206c     0x14  app_data.o [1]
  .rodata             const    0x08012080     0x14  app_data.o [1]
  .rodata             const    0x08012094     0x14  app_data.o [1]
  .rodata             const    0x080120a8     0x14  app_data.o [1]
  .rodata             const    0x080120bc     0x14  app_data.o [1]
  .rodata             const    0x080120d0     0x14  app_data.o [1]
  .rodata             const    0x080120e4     0x14  app_data.o [1]
  .rodata             const    0x080120f8     0x14  app_data.o [1]
  .rodata             const    0x0801210c     0x14  app_data.o [1]
  .rodata             const    0x08012120     0x14  app_data.o [1]
  .rodata             const    0x08012134     0x14  app_data.o [1]
  .rodata             const    0x08012148     0x14  bgm111.o [1]
  .rodata             const    0x0801215c     0x14  bgm111.o [1]
  .rodata             const    0x08012170     0x14  ErrorCodes.o [1]
  .rodata             const    0x08012184     0x14  gpio.o [1]
  .rodata             const    0x08012198     0x14  parser.o [1]
  .rodata             const    0x080121ac     0x14  parser.o [1]
  .rodata             const    0x080121c0     0x14  parser.o [1]
  .rodata             const    0x080121d4     0x14  parser.o [1]
  .rodata             const    0x080121e8     0x14  parser.o [1]
  .rodata             const    0x080121fc     0x14  parser.o [1]
  .rodata             const    0x08012210     0x14  parser.o [1]
  .rodata             const    0x08012224     0x14  parser.o [1]
  .rodata             const    0x08012238     0x14  parser.o [1]
  .rodata             const    0x0801224c     0x10  bgm111.o [1]
  .rodata             const    0x0801225c     0x10  bgm111.o [1]
  .rodata             const    0x0801226c     0x10  bgm111.o [1]
  .rodata             const    0x0801227c     0x10  bgm111.o [1]
  .rodata             const    0x0801228c     0x10  bgm111.o [1]
  .rodata             const    0x0801229c     0x10  parser.o [1]
  .rodata             const    0x080122ac     0x10  parser.o [1]
  .rodata             const    0x080122bc     0x10  parser.o [1]
  .rodata             const    0x080122cc     0x10  parser.o [1]
  .rodata             const    0x080122dc     0x10  parser.o [1]
  .rodata             const    0x080122ec     0x10  parser.o [1]
  .rodata             const    0x080122fc     0x10  parser.o [1]
  .rodata             const    0x0801230c     0x10  system_stm32l1xx.o [1]
  .text               ro code  0x0801231c     0x10  startup_stm32l152xe.o [1]
  .rodata             const    0x0801232c      0xc  app_data.o [1]
  .rodata             const    0x08012338      0xc  bgm111.o [1]
  .rodata             const    0x08012344      0xc  bgm111.o [1]
  .rodata             const    0x08012350      0xc  bgm111.o [1]
  .rodata             const    0x0801235c      0xc  bgm111.o [1]
  .rodata             const    0x08012368      0xc  bgm111.o [1]
  .rodata             const    0x08012374      0xc  main.o [1]
  .rodata             const    0x08012380      0xc  parser.o [1]
  .rodata             const    0x0801238c      0xc  parser.o [1]
  .rodata             const    0x08012398      0xc  parser.o [1]
  .rodata             const    0x080123a4      0xc  parser.o [1]
  .rodata             const    0x080123b0      0xc  parser.o [1]
  .rodata             const    0x080123bc      0xc  parser.o [1]
  .rodata             const    0x080123c8      0xc  parser.o [1]
  .rodata             const    0x080123d4      0xc  stm32l1xx_hal_rcc.o [1]
  .text               ro code  0x080123e0      0xc  cstartup_M.o [5]
  .rodata             const    0x080123ec      0x8  app_data.o [1]
  .rodata             const    0x080123f4      0x8  app_data.o [1]
  .rodata             const    0x080123fc      0x8  app_data.o [1]
  .rodata             const    0x08012404      0x8  barometer.o [1]
  .rodata             const    0x0801240c      0x8  barometer.o [1]
  .rodata             const    0x08012414      0x8  barometer.o [1]
  .rodata             const    0x0801241c      0x8  barometer.o [1]
  .rodata             const    0x08012424      0x8  barometer.o [1]
  .rodata             const    0x0801242c      0x8  bgm111.o [1]
  .rodata             const    0x08012434      0x8  bgm111.o [1]
  .rodata             const    0x0801243c      0x8  ErrorCodes.o [1]
  .rodata             const    0x08012444      0x8  ErrorCodes.o [1]
  .rodata             const    0x0801244c      0x8  ErrorCodes.o [1]
  .rodata             const    0x08012454      0x8  ErrorCodes.o [1]
  .rodata             const    0x0801245c      0x8  ErrorCodes.o [1]
  .rodata             const    0x08012464      0x8  ErrorCodes.o [1]
  .rodata             const    0x0801246c      0x8  ErrorCodes.o [1]
  .rodata             const    0x08012474      0x8  ErrorCodes.o [1]
  .rodata             const    0x0801247c      0x8  ErrorCodes.o [1]
  .rodata             const    0x08012484      0x8  ErrorCodes.o [1]
  .rodata             const    0x0801248c      0x8  ErrorCodes.o [1]
  .rodata             const    0x08012494      0x8  ErrorCodes.o [1]
  .rodata             const    0x0801249c      0x8  ErrorCodes.o [1]
  .rodata             const    0x080124a4      0x8  ErrorCodes.o [1]
  .rodata             const    0x080124ac      0x8  ErrorCodes.o [1]
  .rodata             const    0x080124b4      0x8  ErrorCodes.o [1]
  .rodata             const    0x080124bc      0x8  ErrorCodes.o [1]
  .rodata             const    0x080124c4      0x8  ErrorCodes.o [1]
  .rodata             const    0x080124cc      0x8  ErrorCodes.o [1]
  .rodata             const    0x080124d4      0x8  ErrorCodes.o [1]
  .rodata             const    0x080124dc      0x8  ErrorCodes.o [1]
  .rodata             const    0x080124e4      0x8  GridEye.o [1]
  .rodata             const    0x080124ec      0x8  GridEye.o [1]
  .rodata             const    0x080124f4      0x8  GridEye.o [1]
  .rodata             const    0x080124fc      0x8  Humidity.o [1]
  .rodata             const    0x08012504      0x8  Humidity.o [1]
  .rodata             const    0x0801250c      0x8  Humidity.o [1]
  .rodata             const    0x08012514      0x8  Humidity.o [1]
  .rodata             const    0x0801251c      0x8  main.o [1]
  .rodata             const    0x08012524      0x8  parser.o [1]
  .rodata             const    0x0801252c      0x8  parser.o [1]
  .rodata             const    0x08012534      0x8  parser.o [1]
  .rodata             const    0x0801253c      0x8  Rd_Sound.o [1]
  .rodata             const    0x08012544      0x8  RGBLight.o [1]
  .rodata             const    0x0801254c      0x8  RGBLight.o [1]
  .rodata             const    0x08012554      0x8  system_stm32l1xx.o [1]
  .rodata             const    0x0801255c      0x8  Temperature.o [1]
  .rodata             const    0x08012564      0x8  Temperature.o [1]
  .rodata             const    0x0801256c      0x8  Temperature.o [1]
  .rodata             const    0x08012574      0x8  VMonitor.o [1]
  .rodata             const    0x0801257c      0x8  VMonitor.o [1]
  .rodata             const    0x08012584      0x8  VMonitor.o [1]
  .rodata             const    0x0801258c      0x8  VMonitor.o [1]
  .rodata             const    0x08012594      0x8  VMonitor.o [1]
  .rodata             const    0x0801259c      0x4  stm32l1xx_hal_rcc.o [1]
  .text               ro code  0x080125a0      0x4  startup_stm32l152xe.o [1]
  .text               ro code  0x080125a4      0x4  startup_stm32l152xe.o [1]
  .text               ro code  0x080125a8      0x4  startup_stm32l152xe.o [1]
  .text               ro code  0x080125ac      0x4  startup_stm32l152xe.o [1]
  .text               ro code  0x080125b0      0x4  startup_stm32l152xe.o [1]
  .text               ro code  0x080125b4      0x4  startup_stm32l152xe.o [1]
  .text               ro code  0x080125b8      0x4  startup_stm32l152xe.o [1]
  .text               ro code  0x080125bc      0x4  startup_stm32l152xe.o [1]
  .text               ro code  0x080125c0      0x4  startup_stm32l152xe.o [1]
  .text               ro code  0x080125c4      0x4  startup_stm32l152xe.o [1]
  .text               ro code  0x080125c8      0x4  startup_stm32l152xe.o [1]
  .text               ro code  0x080125cc      0x4  startup_stm32l152xe.o [1]
  .text               ro code  0x080125d0      0x4  startup_stm32l152xe.o [1]
  .text               ro code  0x080125d4      0x4  startup_stm32l152xe.o [1]
  .text               ro code  0x080125d8      0x4  startup_stm32l152xe.o [1]
  .text               ro code  0x080125dc      0x4  startup_stm32l152xe.o [1]
  .text               ro code  0x080125e0      0x4  startup_stm32l152xe.o [1]
  .text               ro code  0x080125e4      0x4  startup_stm32l152xe.o [1]
  .text               ro code  0x080125e8      0x4  startup_stm32l152xe.o [1]
  .text               ro code  0x080125ec      0x4  startup_stm32l152xe.o [1]
  .text               ro code  0x080125f0      0x4  startup_stm32l152xe.o [1]
  .text               ro code  0x080125f4      0x4  startup_stm32l152xe.o [1]
  .text               ro code  0x080125f8      0x4  startup_stm32l152xe.o [1]
  .text               ro code  0x080125fc      0x4  startup_stm32l152xe.o [1]
  .text               ro code  0x08012600      0x4  startup_stm32l152xe.o [1]
  .text               ro code  0x08012604      0x4  startup_stm32l152xe.o [1]
  .text               ro code  0x08012608      0x4  startup_stm32l152xe.o [1]
  .text               ro code  0x0801260c      0x4  startup_stm32l152xe.o [1]
  .text               ro code  0x08012610      0x4  startup_stm32l152xe.o [1]
  .text               ro code  0x08012614      0x4  startup_stm32l152xe.o [1]
  .text               ro code  0x08012618      0x4  startup_stm32l152xe.o [1]
  .text               ro code  0x0801261c      0x4  startup_stm32l152xe.o [1]
  .text               ro code  0x08012620      0x4  startup_stm32l152xe.o [1]
  .text               ro code  0x08012624      0x4  startup_stm32l152xe.o [1]
  .text               ro code  0x08012628      0x4  startup_stm32l152xe.o [1]
  .text               ro code  0x0801262c      0x4  startup_stm32l152xe.o [1]
  .text               ro code  0x08012630      0x4  startup_stm32l152xe.o [1]
  .text               ro code  0x08012634      0x4  startup_stm32l152xe.o [1]
  .text               ro code  0x08012638      0x4  startup_stm32l152xe.o [1]
  .text               ro code  0x0801263c      0x4  startup_stm32l152xe.o [1]
  .text               ro code  0x08012640      0x4  startup_stm32l152xe.o [1]
  .text               ro code  0x08012644      0x4  startup_stm32l152xe.o [1]
  .text               ro code  0x08012648      0x4  startup_stm32l152xe.o [1]
  .text               ro code  0x0801264c      0x4  startup_stm32l152xe.o [1]
  .text               ro code  0x08012650      0x4  startup_stm32l152xe.o [1]
  .text               ro code  0x08012654      0x4  startup_stm32l152xe.o [1]
  .text               ro code  0x08012658      0x4  startup_stm32l152xe.o [1]
  .text               ro code  0x0801265c      0x4  startup_stm32l152xe.o [1]
  .text               ro code  0x08012660      0x4  startup_stm32l152xe.o [1]
  .text               ro code  0x08012664      0x4  startup_stm32l152xe.o [1]
  .rodata             const    0x08012668      0x0  zero_init3.o [5]
  .rodata             const    0x08012668      0x0  packbits_init_single.o [5]
  Initializer bytes   const    0x08012668     0x54  <for P2-1>
                             - 0x080126bc  0x12598

Absolute sections:                            0x10
  .bss                zero     0x08070000     0x10  wwdg.o [1]
                             - 0x08070010     0x10

"P2", part 1 of 3:                           0x14c
  P2-1                         0x20000000    0x14c  <Init block>
    .data             inited   0x20000000      0xc  adc.o [1]
    .data             inited   0x2000000c      0x4  bgm111.o [1]
    .data             inited   0x20000010      0x4  bgm111.o [1]
    .data             inited   0x20000014     0x24  gpio.o [1]
    .data             inited   0x20000038      0x4  system_stm32l1xx.o [1]
    .data             inited   0x2000003c      0x4  tim.o [1]
    .data             inited   0x20000040      0x4  tim.o [1]
    .data             inited   0x20000044      0x4  tim.o [1]
    .data             inited   0x20000048      0x4  usart.o [1]
    __DLIB_PERTHREAD  inited   0x2000004c     0x88  localeconv.o [3]
    __DLIB_PERTHREAD  inited   0x200000d4      0x4  errno.o [3]
    __DLIB_PERTHREAD  inited   0x200000d8     0x74  setlocale.o [3]
                             - 0x2000014c    0x14c

"P2", part 2 of 3:                          0x1000
  CSTACK                       0x20000150   0x1000  <Block>
    CSTACK            uninit   0x20000150   0x1000  <Block tail>
  HEAP                         0x20001150      0x0  <Block>
                             - 0x20001150   0x1000

"P2", part 3 of 3:                          0x2454
  .bss                zero     0x20001150    0xf78  bgm111.o [1]
  .bss                zero     0x200020c8    0x324  bgm111.o [1]
  .bss                zero     0x200023ec    0x324  ErrorCodes.o [1]
  .bss                zero     0x20002710    0x248  app_data.o [1]
  .bss                zero     0x20002958    0x248  app_data.o [1]
  .bss                zero     0x20002ba0    0x220  usbd_conf.o [1]
  .bss                zero     0x20002dc0    0x1a0  bgm111.o [1]
  .bss                zero     0x20002f60     0x8c  tasks.o [1]
  .bss                zero     0x20002fec     0x84  bgm111.o [1]
  .bss                zero     0x20003070     0x84  bgm111.o [1]
  .bss                zero     0x200030f4     0x80  Rd_Sound.o [1]
  .bss                zero     0x20003174     0x80  Rd_Sound.o [1]
  .bss                zero     0x200031f4     0x80  Rd_Sound.o [1]
  .bss                zero     0x20003274     0x54  adc.o [1]
  .bss                zero     0x200032c8     0x40  usart.o [1]
  .bss                zero     0x20003308     0x40  usart.o [1]
  .bss                zero     0x20003348     0x3c  i2c.o [1]
  .bss                zero     0x20003384     0x38  adc.o [1]
  .bss                zero     0x200033bc     0x38  stm32l1xx_hal_timebase_TIM.o [1]
  .bss                zero     0x200033f4     0x38  tim.o [1]
  .bss                zero     0x2000342c     0x38  tim.o [1]
  .bss                zero     0x20003464     0x28  bgm111.o [1]
  .bss                zero     0x2000348c     0x28  usart.o [1]
  .bss                zero     0x200034b4     0x1c  Flash.o [1]
  .bss                zero     0x200034d0     0x18  stm32l1xx_hal_flash.o [1]
  .bss                zero     0x200034e8     0x14  wwdg.o [1]
  .bss                zero     0x200034fc     0x10  wwdg.o [1]
  .bss                zero     0x2000350c      0xc  adc.o [1]
  .bss                zero     0x20003518      0xc  app_data.o [1]
  .bss                zero     0x20003524      0xc  Flash.o [1]
  .bss                zero     0x20003530      0x8  xxmemxmalloc.o [3]
  .bss                zero     0x20003538      0x4  app_data.o [1]
  .bss                zero     0x2000353c      0x4  bgm111.o [1]
  .bss                zero     0x20003540      0x4  bgm111.o [1]
  .bss                zero     0x20003544      0x4  bgm111.o [1]
  .bss                zero     0x20003548      0x4  bgm111.o [1]
  .bss                zero     0x2000354c      0x4  bgm111.o [1]
  .bss                zero     0x20003550      0x4  Flash.o [1]
  .bss                zero     0x20003554      0x4  stm32l1xx_hal.o [1]
  .bss                zero     0x20003558      0x4  tasks.o [1]
  .bss                zero     0x2000355c      0x4  tasks.o [1]
  .bss                zero     0x20003560      0x4  tasks.o [1]
  .bss                zero     0x20003564      0x4  tasks.o [1]
  .bss                zero     0x20003568      0x4  tasks.o [1]
  .bss                zero     0x2000356c      0x4  tasks.o [1]
  .bss                zero     0x20003570      0x4  tasks.o [1]
  .bss                zero     0x20003574      0x4  tasks.o [1]
  .bss                zero     0x20003578      0x4  tasks.o [1]
  .bss                zero     0x2000357c      0x4  tasks.o [1]
  .bss                zero     0x20003580      0x4  tasks.o [1]
  .bss                zero     0x20003584      0x4  usart.o [1]
  .bss                zero     0x20003588      0x4  usart.o [1]
  .bss                zero     0x2000358c      0x4  wwdg.o [1]
  .bss                zero     0x20003590      0x4  xgetmemchunk.o [3]
  .bss                zero     0x20003594      0x2  app_data.o [1]
  .bss                zero     0x20003596      0x2  app_data.o [1]
  .bss                zero     0x20003598      0x1  adc.o [1]
  .bss                zero     0x20003599      0x1  adc.o [1]
  .bss                zero     0x2000359a      0x1  adc.o [1]
  .bss                zero     0x2000359b      0x1  bgm111.o [1]
  .bss                zero     0x2000359c      0x1  parser.o [1]
  .bss                zero     0x2000359d      0x1  tim.o [1]
  .bss                zero     0x2000359e      0x1  tim.o [1]
  .bss                zero     0x2000359f      0x1  usart.o [1]
  .bss                zero     0x200035a0      0x1  usart.o [1]
  .bss                zero     0x200035a1      0x1  usart.o [1]
  .bss                zero     0x200035a2      0x1  usbd_ctlreq.o [1]
  .bss                zero     0x200035a3      0x1  wwdg.o [1]
                             - 0x200035a4   0x2454


*******************************************************************************
*** INIT TABLE
***

          Address     Size
          -------     ----
Zero (__iar_zero_init3)
    2 destination ranges, total size 0x2464:
          0x08070000    0x10
          0x20001150  0x2454

Copy/packbits (__iar_packbits_init_single3)
    1 source range, total size 0x54 (25% of destination):
          0x08012668    0x54
    1 destination range, total size 0x14c:
          0x20000000   0x14c



*******************************************************************************
*** MODULE SUMMARY
***

    Module                        ro code  ro data  rw data  rw data
                                                              (abs)
    ------                        -------  -------  -------  -------
D:\GoogleDriveCLT\GoogleDrive\WeatherCloud\Roadboard\Software\Road-Board-December-2016\EWARM\Road Brd MSTR Rev L Long Always\Obj: [1]
    ErrorCodes.o                      318      304      804
    Flash.o                           344                44
    GridEye.o                       3 480       24
    Humidity.o                      1 736       32
    RGBLight.o                        836       16
    Rd_Sound.o                        560        8      384
    Temperature.o                     364       24
    VMonitor.o                      1 216       40
    adc.o                             700        3      167
    app_data.o                      3 872      620    1 188
    barometer.o                       504       40
    bgm111.o                        1 708      310    5 513
    cmsis_os.o                         16
    dma.o                              48
    fix_fft.o                         604      128
    gecko_bglib.o                     432
    gpio.o                            452       29       36
    i2c.o                           1 248                60
    list.o                             64
    lps25hb.o                         584
    main.o                          1 382      244
    parser.o                        7 924    4 760        1
    port.o                             36
    portasm.o                         148
    startup_stm32l152xe.o             508
    stm32l1xx_hal.o                    72                 4
    stm32l1xx_hal_adc.o             2 090
    stm32l1xx_hal_cortex.o            432
    stm32l1xx_hal_dma.o             3 838
    stm32l1xx_hal_flash.o             408                24
    stm32l1xx_hal_flash_ex.o          204
    stm32l1xx_hal_gpio.o              888
    stm32l1xx_hal_i2c.o             4 120
    stm32l1xx_hal_msp.o               152
    stm32l1xx_hal_pcd.o             4 212
    stm32l1xx_hal_pwr_ex.o             16
    stm32l1xx_hal_rcc.o             3 284       16
    stm32l1xx_hal_tim.o               986
    stm32l1xx_hal_tim_ex.o             94
    stm32l1xx_hal_timebase_TIM.o      144                56
    stm32l1xx_hal_uart.o            2 284
    stm32l1xx_hal_wwdg.o              214
    stm32l1xx_it.o                    132
    system_stm32l1xx.o                100       25        4
    tasks.o                           548               184
    tim.o                             548        3      126
    usart.o                         1 212        1      183
    usbd_conf.o                       408               544
    usbd_core.o                       712
    usbd_ctlreq.o                   1 544                 1
    usbd_ioreq.o                      144
    wwdg.o                            296                41       16
    ----------------------------------------------------------------
    Total:                         58 166    6 627    9 364       16

command line: [2]
    ----------------------------------------------------------------
    Total:

dl7M_tlf.a: [3]
    div.o                              14
    errno.o                            12        1        4
    exit.o                              4
    localeconv.o                      108       34      136
    low_level_init.o                    4
    setlocale.o                        20       30      116
    sprintf.o                          52
    strcat.o                           28
    strncmp.o                          44
    xencoding_sb.o                     96
    xgetmemchunk.o                     44                 4
    xmbcurmax.o                        10
    xmbtowc.o                          32
    xprintffull.o                   4 510
    xsprout.o                          10
    xtls.o                              2
    xwctomb.o                          26
    xxmemxfree.o                      128
    xxmemxmalloc.o                    176                 8
    ----------------------------------------------------------------
    Total:                          5 320       65      268

m7M_tl.a: [4]
    DblAdd.o                          232
    DblCmpGe.o                         46
    DblCmpLe.o                         46
    DblDiv.o                          598
    DblMul.o                          418
    DblSub.o                          384
    DblToFlt.o                        144
    DblToI32.o                         88
    FltAdd.o                          132
    FltCmpGe.o                         36
    FltDiv.o                          252
    FltMul.o                          216
    FltSub.o                          214
    FltToDbl.o                         78
    FltToS32.o                         68
    I32ToDbl.o                         48
    I32ToFlt.o                         50
    ceil.o                             94
    modf.o                            184
    round.o                            68
    sqrt.o                            240
    xdint.o                           122
    xdnorm.o                           68
    xdscale.o                         268
    ----------------------------------------------------------------
    Total:                          4 094

rt7M_tl.a: [5]
    ABImemcpy_unaligned.o             118
    ABImemset.o                        94
    I64DivMod.o                       238
    I64DivZer.o                         2
    cexit.o                            10
    cmain.o                            26
    cstartup_M.o                       12
    data_init.o                        40
    iarEdom.o                          12
    memchr.o                           88
    packbits_init_single.o             56
    strchr.o                           22
    strcmp_unaligned.o                 66
    strcpy_unaligned.o                 68
    strlen.o                           54
    strncpy_unaligned.o               108
    zero_init3.o                       64
    ----------------------------------------------------------------
    Total:                          1 078

shb_l.a: [6]
    exit.o                             20
    ----------------------------------------------------------------
    Total:                             20

    Gaps                               42
    Linker created                              40    4 096
--------------------------------------------------------------------
    Grand Total:                   68 720    6 732   13 728       16


*******************************************************************************
*** ENTRY LIST
***

Entry                      Address    Size  Type      Object
-----                      -------    ----  ----      ------
.iar.init_table$$Base   0x08011b4c           --   Gb  - Linker created -
.iar.init_table$$Limit  0x08011b74           --   Gb  - Linker created -
?main                   0x08011d9d          Code  Gb  cmain.o [5]
ADC_Channel             0x2000359a     0x1  Data  Lc  adc.o [1]
ADC_Config              0x08007bdf    0xbe  Code  Gb  adc.o [1]
ADC_ConversionStop_Disable
                        0x0800c501    0x4a  Code  Gb  stm32l1xx_hal_adc.o [1]
ADC_DMAConvCplt         0x0800c54d    0x6e  Code  Lc  stm32l1xx_hal_adc.o [1]
ADC_DMAError            0x0800c5cd    0x1e  Code  Lc  stm32l1xx_hal_adc.o [1]
ADC_DMAHalfConvCplt     0x0800c5bd     0xe  Code  Lc  stm32l1xx_hal_adc.o [1]
ADC_Enable              0x0800c463    0x72  Code  Gb  stm32l1xx_hal_adc.o [1]
AHBPrescTable           0x0801230c    0x10  Data  Gb  system_stm32l1xx.o [1]
APBPrescTable           0x08012554     0x8  Data  Gb  system_stm32l1xx.o [1]
BGM111_Connected        0x0800287f     0x8  Code  Gb  bgm111.o [1]
BGM111_DataConnected    0x08002887     0x8  Code  Gb  bgm111.o [1]
BGM111_Init             0x08002639    0x32  Code  Gb  bgm111.o [1]
BGM111_LowLevel_Init    0x08002599    0x2a  Code  Gb  bgm111.o [1]
BGM111_Peek             0x0800262f     0xa  Code  Gb  bgm111.o [1]
BGM111_ProcessInput     0x0800266b   0x20c  Code  Gb  bgm111.o [1]
BGM111_Ready            0x08002877     0x8  Code  Gb  bgm111.o [1]
BGM111_Receive          0x080025d1    0x5e  Code  Gb  bgm111.o [1]
BGM111_Transmit         0x08002915   0x11e  Code  Gb  bgm111.o [1]
BGM111_UART_IRQHandler  0x0800288f    0x84  Code  Gb  bgm111.o [1]
Bypass                  0x2000359c     0x1  Data  Lc  parser.o [1]
CSTACK$$Base            0x20000150           --   Gb  - Linker created -
CSTACK$$Limit           0x20001150           --   Gb  - Linker created -
Clear_Timer2_Flg        0x0800bd05     0x8  Code  Gb  tim.o [1]
Clr_HeartBeat           0x08003e09     0x8  Code  Gb  app_data.o [1]
Clr_HrtBeat_Cnt         0x08003ded     0x8  Code  Gb  app_data.o [1]
CodesArray              0x08010b28    0x58  Data  Gb  ErrorCodes.o [1]
DMA1_Channel1_IRQHandler
                        0x08010995     0xa  Code  Gb  stm32l1xx_it.o [1]
DMA_SetConfig           0x0800d4c9    0x22  Code  Lc  stm32l1xx_hal_dma.o [1]
Error_Handler           0x080073e5    0x2e  Code  Gb  main.o [1]
FIX_MPY                 0x0800d4eb    0x1c  Code  Gb  fix_fft.o [1]
FLASH_PageErase         0x0800eaf7    0x28  Code  Gb  stm32l1xx_hal_flash_ex.o [1]
FLASH_SetErrorCode      0x0800e96b    0x6a  Code  Lc  stm32l1xx_hal_flash.o [1]
FLASH_WaitForLastOperation
                        0x0800e907    0x64  Code  Gb  stm32l1xx_hal_flash.o [1]
Get_DriverStates        0x08003d01    0x5c  Code  Gb  app_data.o [1]
Get_DriverStatus        0x08003d75    0x78  Code  Gb  app_data.o [1]
HAL_ADC_ConfigChannel   0x0800c27d   0x1e6  Code  Gb  stm32l1xx_hal_adc.o [1]
HAL_ADC_ConvCpltCallback
                        0x08007d1b     0xe  Code  Gb  adc.o [1]
HAL_ADC_ConvHalfCpltCallback
                        0x08007d59     0x2  Code  Gb  adc.o [1]
HAL_ADC_DeInit          0x0800bf87   0x134  Code  Gb  stm32l1xx_hal_adc.o [1]
HAL_ADC_ErrorCallback   0x08007d5b     0xa  Code  Gb  adc.o [1]
HAL_ADC_Init            0x0800bdc1   0x1c6  Code  Gb  stm32l1xx_hal_adc.o [1]
HAL_ADC_MspDeInit       0x08007bb7    0x28  Code  Gb  adc.o [1]
HAL_ADC_MspInit         0x08007b31    0x86  Code  Gb  adc.o [1]
HAL_ADC_Start           0x0800c0bb    0x88  Code  Gb  stm32l1xx_hal_adc.o [1]
HAL_ADC_Start_DMA       0x0800c143    0xcc  Code  Gb  stm32l1xx_hal_adc.o [1]
HAL_ADC_Stop_DMA        0x0800c20f    0x6e  Code  Gb  stm32l1xx_hal_adc.o [1]
HAL_DMA_Abort           0x0800cb27    0x54  Code  Gb  stm32l1xx_hal_dma.o [1]
HAL_DMA_DeInit          0x0800c645   0x43e  Code  Gb  stm32l1xx_hal_dma.o [1]
HAL_DMA_IRQHandler      0x0800cb81   0x906  Code  Gb  stm32l1xx_hal_dma.o [1]
HAL_DMA_Init            0x0800c5ed    0x58  Code  Gb  stm32l1xx_hal_dma.o [1]
HAL_DMA_Start_IT        0x0800cab9    0x6e  Code  Gb  stm32l1xx_hal_dma.o [1]
HAL_Delay               0x08009bd9    0x1a  Code  Wk  stm32l1xx_hal.o [1]
HAL_FLASHEx_Erase       0x0800ea5d    0x9a  Code  Gb  stm32l1xx_hal_flash_ex.o [1]
HAL_FLASH_GetError      0x0800e901     0x6  Code  Gb  stm32l1xx_hal_flash.o [1]
HAL_FLASH_Lock          0x0800e8f1    0x10  Code  Gb  stm32l1xx_hal_flash.o [1]
HAL_FLASH_Program       0x0800e865    0x5c  Code  Gb  stm32l1xx_hal_flash.o [1]
HAL_FLASH_Unlock        0x0800e8c1    0x30  Code  Gb  stm32l1xx_hal_flash.o [1]
HAL_GPIO_DeInit         0x080075e7   0x13c  Code  Gb  stm32l1xx_hal_gpio.o [1]
HAL_GPIO_Init           0x08007415   0x1d2  Code  Gb  stm32l1xx_hal_gpio.o [1]
HAL_GPIO_ReadPin        0x08007723    0x18  Code  Gb  stm32l1xx_hal_gpio.o [1]
HAL_GPIO_TogglePin      0x0800774f     0xa  Code  Gb  stm32l1xx_hal_gpio.o [1]
HAL_GPIO_WritePin       0x0800773b    0x14  Code  Gb  stm32l1xx_hal_gpio.o [1]
HAL_GetTick             0x08009bd3     0x6  Code  Wk  stm32l1xx_hal.o [1]
HAL_I2C_ER_IRQHandler   0x0800a705    0xce  Code  Gb  stm32l1xx_hal_i2c.o [1]
HAL_I2C_EV_IRQHandler   0x0800a5d1   0x134  Code  Gb  stm32l1xx_hal_i2c.o [1]
HAL_I2C_ErrorCallback   0x0800a7df     0x2  Code  Wk  stm32l1xx_hal_i2c.o [1]
HAL_I2C_GetError        0x0800a7e7     0x4  Code  Gb  stm32l1xx_hal_i2c.o [1]
HAL_I2C_GetState        0x0800a7e1     0x6  Code  Gb  stm32l1xx_hal_i2c.o [1]
HAL_I2C_Init            0x08009e81   0x172  Code  Gb  stm32l1xx_hal_i2c.o [1]
HAL_I2C_MasterRxCpltCallback
                        0x0800a7d5     0x2  Code  Wk  stm32l1xx_hal_i2c.o [1]
HAL_I2C_MasterTxCpltCallback
                        0x0800a7d3     0x2  Code  Wk  stm32l1xx_hal_i2c.o [1]
HAL_I2C_Master_Receive  0x0800a12b   0x256  Code  Gb  stm32l1xx_hal_i2c.o [1]
HAL_I2C_Master_Receive_IT
                        0x0800a467   0x14e  Code  Gb  stm32l1xx_hal_i2c.o [1]
HAL_I2C_Master_Transmit
                        0x08009ff3   0x138  Code  Gb  stm32l1xx_hal_i2c.o [1]
HAL_I2C_Master_Transmit_IT
                        0x0800a381    0xe6  Code  Gb  stm32l1xx_hal_i2c.o [1]
HAL_I2C_MemRxCpltCallback
                        0x0800a7dd     0x2  Code  Wk  stm32l1xx_hal_i2c.o [1]
HAL_I2C_MemTxCpltCallback
                        0x0800a7db     0x2  Code  Wk  stm32l1xx_hal_i2c.o [1]
HAL_I2C_MspInit         0x08005f93    0x50  Code  Gb  i2c.o [1]
HAL_I2C_SlaveRxCpltCallback
                        0x0800a7d9     0x2  Code  Wk  stm32l1xx_hal_i2c.o [1]
HAL_I2C_SlaveTxCpltCallback
                        0x0800a7d7     0x2  Code  Wk  stm32l1xx_hal_i2c.o [1]
HAL_IncTick             0x08009bc7     0xc  Code  Wk  stm32l1xx_hal.o [1]
HAL_Init                0x08009bb1    0x16  Code  Gb  stm32l1xx_hal.o [1]
HAL_InitTick            0x0800e095    0x80  Code  Gb  stm32l1xx_hal_timebase_TIM.o [1]
HAL_MspInit             0x0800e125    0x98  Code  Gb  stm32l1xx_hal_msp.o [1]
HAL_NVIC_DisableIRQ     0x08006551     0xe  Code  Gb  stm32l1xx_hal_cortex.o [1]
HAL_NVIC_EnableIRQ      0x08006543     0xe  Code  Gb  stm32l1xx_hal_cortex.o [1]
HAL_NVIC_SetPriority    0x0800651d    0x26  Code  Gb  stm32l1xx_hal_cortex.o [1]
HAL_NVIC_SetPriorityGrouping
                        0x08006511     0xc  Code  Gb  stm32l1xx_hal_cortex.o [1]
HAL_NVIC_SystemReset    0x0800655f     0x8  Code  Gb  stm32l1xx_hal_cortex.o [1]
HAL_PCD_DataInStageCallback
                        0x0800fbd5    0x20  Code  Gb  usbd_conf.o [1]
HAL_PCD_DataOutStageCallback
                        0x0800fbb3    0x22  Code  Gb  usbd_conf.o [1]
HAL_PCD_EP_ClrStall     0x0800fa93   0x10a  Code  Gb  stm32l1xx_hal_pcd.o [1]
HAL_PCD_EP_Open         0x0800f145   0x476  Code  Gb  stm32l1xx_hal_pcd.o [1]
HAL_PCD_EP_Receive      0x0800f5bb   0x1ac  Code  Gb  stm32l1xx_hal_pcd.o [1]
HAL_PCD_EP_SetStall     0x0800f9b5    0xde  Code  Gb  stm32l1xx_hal_pcd.o [1]
HAL_PCD_EP_Transmit     0x0800f767   0x24e  Code  Gb  stm32l1xx_hal_pcd.o [1]
HAL_PCD_IRQHandler      0x0800efcf   0x144  Code  Gb  stm32l1xx_hal_pcd.o [1]
HAL_PCD_ResetCallback   0x0800fc03    0x2c  Code  Gb  usbd_conf.o [1]
HAL_PCD_ResumeCallback  0x0800fc4f     0xe  Code  Gb  usbd_conf.o [1]
HAL_PCD_SOFCallback     0x0800fbf5     0xe  Code  Gb  usbd_conf.o [1]
HAL_PCD_SetAddress      0x0800f113    0x32  Code  Gb  stm32l1xx_hal_pcd.o [1]
HAL_PCD_SetupStageCallback
                        0x0800fb9d    0x16  Code  Gb  usbd_conf.o [1]
HAL_PCD_SuspendCallback
                        0x0800fc2f    0x20  Code  Gb  usbd_conf.o [1]
HAL_PWREx_GetVoltageRange
                        0x0800e36d     0xa  Code  Gb  stm32l1xx_hal_pwr_ex.o [1]
HAL_RCC_ClockConfig     0x0800b6c3   0x2a0  Code  Gb  stm32l1xx_hal_rcc.o [1]
HAL_RCC_GetClockConfig  0x0800ba69    0x3a  Code  Gb  stm32l1xx_hal_rcc.o [1]
HAL_RCC_GetHCLKFreq     0x0800ba0d     0x6  Code  Gb  stm32l1xx_hal_rcc.o [1]
HAL_RCC_GetPCLK1Freq    0x0800ba13    0x20  Code  Gb  stm32l1xx_hal_rcc.o [1]
HAL_RCC_GetPCLK2Freq    0x0800ba33    0x20  Code  Gb  stm32l1xx_hal_rcc.o [1]
HAL_RCC_GetSysClockFreq
                        0x0800b963    0xaa  Code  Gb  stm32l1xx_hal_rcc.o [1]
HAL_RCC_OscConfig       0x0800ae99   0x82a  Code  Gb  stm32l1xx_hal_rcc.o [1]
HAL_SYSTICK_CLKSourceConfig
                        0x08006573    0x22  Code  Gb  stm32l1xx_hal_cortex.o [1]
HAL_SYSTICK_Config      0x08006567     0xc  Code  Gb  stm32l1xx_hal_cortex.o [1]
HAL_TIMEx_MasterConfigSynchronization
                        0x0800e757    0x5e  Code  Gb  stm32l1xx_hal_tim_ex.o [1]
HAL_TIM_Base_Init       0x0800e37d    0x38  Code  Gb  stm32l1xx_hal_tim.o [1]
HAL_TIM_Base_MspInit    0x0800bc67    0x48  Code  Gb  tim.o [1]
HAL_TIM_Base_Start_IT   0x0800e3b5    0x1e  Code  Gb  stm32l1xx_hal_tim.o [1]
HAL_TIM_ConfigClockSource
                        0x0800e50d   0x122  Code  Gb  stm32l1xx_hal_tim.o [1]
HAL_TIM_IC_CaptureCallback
                        0x0800e631     0x2  Code  Wk  stm32l1xx_hal_tim.o [1]
HAL_TIM_IRQHandler      0x0800e3d3   0x13a  Code  Gb  stm32l1xx_hal_tim.o [1]
HAL_TIM_OC_DelayElapsedCallback
                        0x0800e62f     0x2  Code  Wk  stm32l1xx_hal_tim.o [1]
HAL_TIM_PWM_PulseFinishedCallback
                        0x0800e633     0x2  Code  Wk  stm32l1xx_hal_tim.o [1]
HAL_TIM_PeriodElapsedCallback
                        0x0800bcaf    0x56  Code  Gb  tim.o [1]
HAL_TIM_StartTimer2     0x0800bd71    0x12  Code  Gb  tim.o [1]
HAL_TIM_StartTimer3     0x0800bd83    0x12  Code  Gb  tim.o [1]
HAL_TIM_TriggerCallback
                        0x0800e635     0x2  Code  Wk  stm32l1xx_hal_tim.o [1]
HAL_UART_EnableBGM_RX   0x080024eb    0x32  Code  Gb  usart.o [1]
HAL_UART_EnableBGM_TXE  0x080024d9    0x12  Code  Gb  usart.o [1]
HAL_UART_ErrorCallback  0x080024d7     0x2  Code  Gb  usart.o [1]
HAL_UART_IRQHandler     0x08006827   0x11a  Code  Gb  stm32l1xx_hal_uart.o [1]
HAL_UART_Init           0x080065c1    0x72  Code  Gb  stm32l1xx_hal_uart.o [1]
HAL_UART_MspInit        0x0800214f    0xba  Code  Gb  usart.o [1]
HAL_UART_Receive_IT     0x0800679f    0x88  Code  Gb  stm32l1xx_hal_uart.o [1]
HAL_UART_RxCpltCallback
                        0x08002427    0xb0  Code  Gb  usart.o [1]
HAL_UART_RxCpltCallback::len
                        0x20003588     0x4  Data  Lc  usart.o [1]
HAL_UART_RxCpltCallback::temp_ptr
                        0x20003584     0x4  Data  Lc  usart.o [1]
HAL_UART_Transmit       0x08006633    0xfc  Code  Gb  stm32l1xx_hal_uart.o [1]
HAL_UART_Transmit_IT    0x0800672f    0x70  Code  Gb  stm32l1xx_hal_uart.o [1]
HAL_UART_TxCpltCallback
                        0x080023eb    0x20  Code  Gb  usart.o [1]
HAL_WWDG_IRQHandler     0x0800df11    0x2c  Code  Gb  stm32l1xx_hal_wwdg.o [1]
HAL_WWDG_Init           0x0800de67    0x4c  Code  Gb  stm32l1xx_hal_wwdg.o [1]
HAL_WWDG_MspInit        0x08009a77    0x26  Code  Gb  wwdg.o [1]
HAL_WWDG_Refresh        0x0800dee3    0x2e  Code  Gb  stm32l1xx_hal_wwdg.o [1]
HAL_WWDG_Start_IT       0x0800deb3    0x30  Code  Gb  stm32l1xx_hal_wwdg.o [1]
HAL_WWDG_WakeupCallback
                        0x08009acd    0x18  Code  Gb  wwdg.o [1]
HAL_WWDG_WakeupCallback::OnceFlg
                        0x200035a3     0x1  Data  Lc  wwdg.o [1]
HEAP$$Base              0x20001150           --   Gb  - Linker created -
HEAP$$Limit             0x20001150           --   Gb  - Linker created -
HeartBeat_Cnt           0x20003596     0x2  Data  Lc  app_data.o [1]
I2C1_ER_IRQHandler      0x080109d1     0xa  Code  Gb  stm32l1xx_it.o [1]
I2C1_EV_IRQHandler      0x080109c7     0xa  Code  Gb  stm32l1xx_it.o [1]
I2C_IsAcknowledgeFailed
                        0x0800ae6f    0x2a  Code  Lc  stm32l1xx_hal_i2c.o [1]
I2C_MasterReceive_BTF   0x0800a8ef    0xa6  Code  Lc  stm32l1xx_hal_i2c.o [1]
I2C_MasterReceive_RXNE  0x0800a873    0x7c  Code  Lc  stm32l1xx_hal_i2c.o [1]
I2C_MasterRequestRead   0x0800ab31   0x106  Code  Lc  stm32l1xx_hal_i2c.o [1]
I2C_MasterRequestWrite  0x0800aa9b    0x96  Code  Lc  stm32l1xx_hal_i2c.o [1]
I2C_MasterTransmit_BTF  0x0800a817    0x5c  Code  Lc  stm32l1xx_hal_i2c.o [1]
I2C_MasterTransmit_TXE  0x0800a7eb    0x2c  Code  Lc  stm32l1xx_hal_i2c.o [1]
I2C_SlaveReceive_BTF    0x0800a9ef    0x1e  Code  Lc  stm32l1xx_hal_i2c.o [1]
I2C_SlaveReceive_RXNE   0x0800a9d1    0x1e  Code  Lc  stm32l1xx_hal_i2c.o [1]
I2C_SlaveTransmit_BTF   0x0800a9b3    0x1e  Code  Lc  stm32l1xx_hal_i2c.o [1]
I2C_SlaveTransmit_TXE   0x0800a995    0x1e  Code  Lc  stm32l1xx_hal_i2c.o [1]
I2C_Slave_ADDR          0x0800aa0d    0x18  Code  Lc  stm32l1xx_hal_i2c.o [1]
I2C_Slave_AF            0x0800aa67    0x34  Code  Lc  stm32l1xx_hal_i2c.o [1]
I2C_Slave_STOPF         0x0800aa25    0x42  Code  Lc  stm32l1xx_hal_i2c.o [1]
I2C_WaitBusyFlag        0x08006289    0x12  Code  Gb  i2c.o [1]
I2C_WaitOnFlagUntilTimeout
                        0x0800ac41    0xda  Code  Lc  stm32l1xx_hal_i2c.o [1]
I2C_WaitOnMasterAddressFlagUntilTimeout
                        0x0800ad1b    0x9e  Code  Lc  stm32l1xx_hal_i2c.o [1]
I2C_WaitOnRXNEFlagUntilTimeout
                        0x0800ae0b    0x64  Code  Lc  stm32l1xx_hal_i2c.o [1]
I2C_WaitOnTXEFlagUntilTimeout
                        0x0800adb9    0x52  Code  Lc  stm32l1xx_hal_i2c.o [1]
InitSensors             0x0800307d    0x22  Code  Gb  app_data.o [1]
LPS25HB_GetPressure     0x08009495    0x2c  Code  Gb  lps25hb.o [1]
LPS25HB_GetTemperature  0x08009503    0x2e  Code  Gb  lps25hb.o [1]
LPS25HB_I2C_GetRawTemperature
                        0x080094c1     0xc  Code  Gb  lps25hb.o [1]
LPS25HB_I2C_ReadRawPressure
                        0x0800944b    0x4a  Code  Lc  lps25hb.o [1]
LPS25HB_I2C_ReadRawTemperature
                        0x080094cd    0x36  Code  Lc  lps25hb.o [1]
LPS25HB_Init            0x08009339   0x112  Code  Gb  lps25hb.o [1]
LPS25HB_PowerOn         0x08009531    0x48  Code  Lc  lps25hb.o [1]
LoadInt                 0x08008807    0x70  Code  Lc  xprintffull.o [3]
MX_ADC_Init             0x08007aa9    0x88  Code  Gb  adc.o [1]
MX_DMA_Init             0x0800bb6d    0x30  Code  Gb  dma.o [1]
MX_GPIO_Init            0x08005d6d   0x13a  Code  Gb  gpio.o [1]
MX_I2C1_Init            0x08005f31    0x62  Code  Gb  i2c.o [1]
MX_I2C1_Reset           0x08005fe3    0x50  Code  Gb  i2c.o [1]
MX_TIM2_Init            0x0800bb9d    0x66  Code  Gb  tim.o [1]
MX_TIM3_Init            0x0800bc03    0x64  Code  Gb  tim.o [1]
MX_USART2_UART_Init     0x0800209d    0x58  Code  Gb  usart.o [1]
MX_USART3_UART_Init     0x080020f5    0x5a  Code  Gb  usart.o [1]
MX_WWDG_Init            0x08009a45    0x32  Code  Gb  wwdg.o [1]
ModuleArray             0x08011d2c    0x1c  Data  Gb  ErrorCodes.o [1]
NVIC_DisableIRQ         0x0800644d    0x14  Code  Lc  stm32l1xx_hal_cortex.o [1]
NVIC_EnableIRQ          0x08006439    0x14  Code  Lc  stm32l1xx_hal_cortex.o [1]
NVIC_EncodePriority     0x08006487    0x3e  Code  Lc  stm32l1xx_hal_cortex.o [1]
NVIC_GetPriorityGrouping
                        0x0800642f     0xa  Code  Lc  stm32l1xx_hal_cortex.o [1]
NVIC_SetPriority        0x08006461    0x26  Code  Lc  stm32l1xx_hal_cortex.o [1]
NVIC_SetPriorityGrouping
                        0x08006411    0x1e  Code  Lc  stm32l1xx_hal_cortex.o [1]
NVIC_SystemReset        0x080064c5    0x1c  Code  Lc  stm32l1xx_hal_cortex.o [1]
NextBufIdx              0x080025c3     0xe  Code  Gb  bgm111.o [1]
PCD_EP_ISR_Handler      0x0800eb29   0x43a  Code  Lc  stm32l1xx_hal_pcd.o [1]
PCD_ReadPMA             0x0800efa3    0x2c  Code  Lc  stm32l1xx_hal_pcd.o [1]
PCD_WritePMA            0x0800ef63    0x40  Code  Lc  stm32l1xx_hal_pcd.o [1]
PageError               0x20003550     0x4  Data  Gb  Flash.o [1]
PendSV_Handler          0x080108b9          Code  Gb  portasm.o [1]
Proc_Timer2             0x0800bd1d    0x54  Code  Gb  tim.o [1]
ProcessSensorState      0x080030b3   0x96a  Code  Gb  app_data.o [1]
Process_RdSound         0x08003a35   0x170  Code  Gb  app_data.o [1]
RBIsBufFull             0x0800794b    0x1e  Code  Gb  ErrorCodes.o [1]
RBNextBufIdx            0x0800793d     0xe  Code  Gb  ErrorCodes.o [1]
RCC_SetFlashLatencyFromMSIRange
                        0x0800baa9    0x90  Code  Lc  stm32l1xx_hal_rcc.o [1]
RdBrdI2C_WaitOnFlagUntilTimeout
                        0x0800629b    0xda  Code  Lc  i2c.o [1]
RdBrd_BlinkErrCd        0x08007a09    0x4e  Code  Gb  ErrorCodes.o [1]
RdBrd_ErrCdLogErrCd     0x08007969    0x8e  Code  Gb  ErrorCodes.o [1]
RdSndTickCnt            0x20000040     0x4  Data  Lc  tim.o [1]
Region$$Table$$Base     0x08011b4c           --   Gb  - Linker created -
Region$$Table$$Limit    0x08011b74           --   Gb  - Linker created -
Reset_DriverStates      0x08003c3b    0x36  Code  Gb  app_data.o [1]
RoadBrdSnd_ClearImgnryBffr
                        0x08002c05    0x14  Code  Gb  Rd_Sound.o [1]
RoadBrdSnd_ClrBffrs     0x08002df9    0x20  Code  Gb  Rd_Sound.o [1]
RoadBrdSnd_DumpBin0     0x08002cef    0x40  Code  Gb  Rd_Sound.o [1]
RoadBrdSnd_DumpBin16    0x08002d2f    0x42  Code  Gb  Rd_Sound.o [1]
RoadBrdSnd_DumpBin32    0x08002d71    0x44  Code  Gb  Rd_Sound.o [1]
RoadBrdSnd_DumpBin48    0x08002db5    0x44  Code  Gb  Rd_Sound.o [1]
RoadBrdSnd_ProcessSound
                        0x08002c69    0x86  Code  Gb  Rd_Sound.o [1]
RoadBrdSnd_SampleSound  0x08002c1d    0x4c  Code  Gb  Rd_Sound.o [1]
RoadBrdSnd_getSaveBffr  0x08002c19     0x4  Code  Gb  Rd_Sound.o [1]
RoadBrd_ADC_PORT        0x20000000     0xc  Data  Gb  adc.o [1]
RoadBrd_ADC_Start       0x08007c9d    0x6e  Code  Gb  adc.o [1]
RoadBrd_ADC_Status      0x08007d0b    0x10  Code  Gb  adc.o [1]
RoadBrd_Baro_ReadPressure
                        0x08002ed9    0x88  Code  Gb  barometer.o [1]
RoadBrd_Baro_ReadTemp   0x08002f61    0xa6  Code  Gb  barometer.o [1]
RoadBrd_CoolEyeInit     0x08003f9d    0x6a  Code  Gb  GridEye.o [1]
RoadBrd_CoolEye_ReadValues
                        0x08004009   0x5b8  Code  Gb  GridEye.o [1]
RoadBrd_Delay           0x0800627f     0xa  Code  Gb  i2c.o [1]
RoadBrd_Delay2          0x08007a57    0x16  Code  Gb  ErrorCodes.o [1]
RoadBrd_FlashRead       0x0800e075    0x20  Code  Gb  Flash.o [1]
RoadBrd_FlashWrite      0x0800df3d   0x124  Code  Gb  Flash.o [1]
RoadBrd_FlashWrite::EraseInitStruct
                        0x20003524     0xc  Data  Lc  Flash.o [1]
RoadBrd_FlashWrite::OptionsBytesStruct
                        0x200034b4    0x1c  Data  Lc  Flash.o [1]
RoadBrd_GetBGPtr        0x08002321     0x6  Code  Gb  usart.o [1]
RoadBrd_GetBffrFlg      0x08002331     0x6  Code  Gb  usart.o [1]
RoadBrd_GridEyeInit     0x080045c5    0xd6  Code  Gb  GridEye.o [1]
RoadBrd_GridEyeReset    0x0800469b    0x96  Code  Gb  GridEye.o [1]
RoadBrd_GridEye_ReadValues
                        0x08004731   0x5d0  Code  Gb  GridEye.o [1]
RoadBrd_HumidityInit    0x080051f5    0xa6  Code  Gb  Humidity.o [1]
RoadBrd_Humidity_ReadHumidity
                        0x0800529b   0x2f8  Code  Gb  Humidity.o [1]
RoadBrd_Humidity_ReadTemperature
                        0x08005599   0x2f0  Code  Gb  Humidity.o [1]
RoadBrd_I2C_GetError    0x0800622d     0xa  Code  Gb  i2c.o [1]
RoadBrd_I2C_GetState    0x08006237     0xa  Code  Gb  i2c.o [1]
RoadBrd_I2C_Master_CmdReceive
                        0x0800616b    0x60  Code  Gb  i2c.o [1]
RoadBrd_I2C_Master_Receive
                        0x080061cb    0x36  Code  Gb  i2c.o [1]
RoadBrd_I2C_Master_Receive_IT
                        0x08006201    0x2c  Code  Gb  i2c.o [1]
RoadBrd_I2C_Master_Transmit
                        0x08006135    0x36  Code  Gb  i2c.o [1]
RoadBrd_I2C_Master_Transmit_CMDData
                        0x0800609b    0x6e  Code  Gb  i2c.o [1]
RoadBrd_I2C_Master_Transmit_CMDData_IT
                        0x08006033    0x68  Code  Gb  i2c.o [1]
RoadBrd_I2C_Master_Transmit_IT
                        0x08006109    0x2c  Code  Gb  i2c.o [1]
RoadBrd_Init_Barometer  0x08002e85    0x54  Code  Gb  barometer.o [1]
RoadBrd_Init_VMonitor   0x08004d35    0xb6  Code  Gb  VMonitor.o [1]
RoadBrd_LED_On          0x08005ea7    0x1c  Code  Gb  gpio.o [1]
RoadBrd_LED_PIN         0x08012184    0x14  Data  Gb  gpio.o [1]
RoadBrd_LED_PORT        0x20000014    0x24  Data  Gb  gpio.o [1]
RoadBrd_LED_Toggle      0x08005ec3    0x1a  Code  Gb  gpio.o [1]
RoadBrd_ParseString     0x08000125  0x1d38  Code  Gb  parser.o [1]
RoadBrd_ProcessBGMChar  0x08002a53   0x108  Code  Gb  bgm111.o [1]
RoadBrd_ProcessBGMChar::in_ptr
                        0x2000359b     0x1  Data  Lc  bgm111.o [1]
RoadBrd_ProcessBGMChar::tempBffr2
                        0x20003464    0x28  Data  Lc  bgm111.o [1]
RoadBrd_RGBFullInit     0x08005a79    0x54  Code  Gb  RGBLight.o [1]
RoadBrd_RGBInit         0x08005a29    0x50  Code  Gb  RGBLight.o [1]
RoadBrd_RGBReadID       0x08005b11    0x96  Code  Gb  RGBLight.o [1]
RoadBrd_RGBReadStatus   0x08005ba7    0x96  Code  Gb  RGBLight.o [1]
RoadBrd_RGBReadValues   0x08005c3d   0x120  Code  Gb  RGBLight.o [1]
RoadBrd_RGBReset        0x08005acd    0x44  Code  Gb  RGBLight.o [1]
RoadBrd_ReadTemp        0x080058bd   0x16c  Code  Gb  Temperature.o [1]
RoadBrd_SetBffrFlg      0x08002327     0xa  Code  Gb  usart.o [1]
RoadBrd_TestI2C         0x08006375    0x8a  Code  Gb  i2c.o [1]
RoadBrd_TestandRead_Barometer
                        0x08003031    0x4c  Code  Gb  barometer.o [1]
RoadBrd_UART_Receive_IT
                        0x08002337    0x7a  Code  Gb  usart.o [1]
RoadBrd_UART_Transmit   0x08002209    0x90  Code  Gb  usart.o [1]
RoadBrd_UART_Transmit_IT
                        0x08002299    0x88  Code  Gb  usart.o [1]
RoadBrd_Uart_GetState   0x080023c9    0x22  Code  Gb  usart.o [1]
RoadBrd_Uart_Status     0x080023b1    0x18  Code  Gb  usart.o [1]
RoadBrd_VMonitor_RdCurrent
                        0x08004ed7    0xec  Code  Gb  VMonitor.o [1]
RoadBrd_VMonitor_RdPower
                        0x08004fc3    0xf4  Code  Gb  VMonitor.o [1]
RoadBrd_VMonitor_RdShntVltg
                        0x08004deb    0xec  Code  Gb  VMonitor.o [1]
RoadBrd_VMonitor_RdVoltage
                        0x080050bd    0xf2  Code  Gb  VMonitor.o [1]
RoadBrd_WWDG_GetRefreshCnt
                        0x08009ac1     0xc  Code  Gb  wwdg.o [1]
RoadBrd_WWDG_InitializeFrmFlash
                        0x08009b1d    0x34  Code  Gb  wwdg.o [1]
RoadBrd_WWDG_Refresh    0x08009aa7    0x1a  Code  Gb  wwdg.o [1]
RoadBrd_WWDG_Start      0x08009a9d     0xa  Code  Gb  wwdg.o [1]
RoadBrd_WWDG_VerifyFrame
                        0x08009aef    0x2e  Code  Gb  wwdg.o [1]
RoadBrd_WaitForState    0x08006241    0x3e  Code  Gb  i2c.o [1]
RoadBrd_gpio_Off        0x08005ef9    0x1c  Code  Gb  gpio.o [1]
RoadBrd_gpio_On         0x08005edd    0x1c  Code  Gb  gpio.o [1]
SVC_Handler             0x0801090b          Code  Gb  portasm.o [1]
Save_Frames             0x200034fc    0x10  Data  Lc  wwdg.o [1]
SendApp_String          0x08003bb9    0x3a  Code  Gb  app_data.o [1]
SetDataReady            0x0800309f     0xa  Code  Gb  app_data.o [1]
Set_DriverStates        0x08003c89    0x58  Code  Gb  app_data.o [1]
Set_HeartBeat           0x08003dfb     0x8  Code  Gb  app_data.o [1]
Sinewave                0x08010a44    0x80  Data  Gb  fix_fft.o [1]
SnsrTickCnt             0x2000003c     0x4  Data  Lc  tim.o [1]
SysTick_Config          0x080064e1    0x30  Code  Lc  stm32l1xx_hal_cortex.o [1]
SysTick_Handler         0x0801098d     0x8  Code  Gb  stm32l1xx_it.o [1]
SystemClock_Config      0x08007313    0xaa  Code  Gb  main.o [1]
SystemCoreClock         0x20000038     0x4  Data  Gb  system_stm32l1xx.o [1]
SystemInit              0x08010ac5    0x4c  Code  Gb  system_stm32l1xx.o [1]
TIM2_IRQHandler         0x080109db     0xa  Code  Gb  stm32l1xx_it.o [1]
TIM3_IRQHandler         0x080109e5     0xa  Code  Gb  stm32l1xx_it.o [1]
TIM4_IRQHandler         0x080109a9     0xa  Code  Gb  stm32l1xx_it.o [1]
TIM6_IRQHandler         0x080030a9     0xa  Code  Gb  app_data.o [1]
TIM_Base_SetConfig      0x0800e637    0x70  Code  Lc  stm32l1xx_hal_tim.o [1]
TIM_ETR_SetConfig       0x0800e73b    0x1c  Code  Lc  stm32l1xx_hal_tim.o [1]
TIM_ITRx_SetConfig      0x0800e723    0x18  Code  Lc  stm32l1xx_hal_tim.o [1]
TIM_TI1_ConfigInputStage
                        0x0800e6c1    0x30  Code  Lc  stm32l1xx_hal_tim.o [1]
TIM_TI2_ConfigInputStage
                        0x0800e6f1    0x32  Code  Lc  stm32l1xx_hal_tim.o [1]
Test_Connection         0x08003bf3    0x48  Code  Gb  app_data.o [1]
Test_Timer2             0x0800bd0d    0x10  Code  Gb  tim.o [1]
Timr2Ready              0x2000359d     0x1  Data  Gb  tim.o [1]
Timr3Ready              0x2000359e     0x1  Data  Gb  tim.o [1]
TmpData                 0x20002710   0x248  Data  Gb  app_data.o [1]
Tst_Bypass              0x08001f27     0x6  Code  Gb  parser.o [1]
Tst_HeartBeat           0x08003df5     0x6  Code  Gb  app_data.o [1]
UART_EndTransmit_IT     0x08006aab    0x32  Code  Lc  stm32l1xx_hal_uart.o [1]
UART_Receive_IT         0x08006add    0xc8  Code  Lc  stm32l1xx_hal_uart.o [1]
UART_SetConfig          0x08006ba5   0x2fe  Code  Lc  stm32l1xx_hal_uart.o [1]
UART_Transmit_IT        0x08006a2f    0x7c  Code  Lc  stm32l1xx_hal_uart.o [1]
UART_WaitOnFlagUntilTimeout
                        0x08006941    0xee  Code  Lc  stm32l1xx_hal_uart.o [1]
USART2_IRQHandler       0x080109bd     0xa  Code  Gb  stm32l1xx_it.o [1]
USART3_IRQHandler       0x080109b3     0xa  Code  Gb  stm32l1xx_it.o [1]
USART_ReceiveData       0x08002a49     0xa  Code  Gb  bgm111.o [1]
USART_SendData          0x08002a3d     0xc  Code  Gb  bgm111.o [1]
USBD_ClrClassConfig     0x0800fd67    0x18  Code  Gb  usbd_core.o [1]
USBD_ClrFeature         0x0801058b    0x3a  Code  Lc  usbd_ctlreq.o [1]
USBD_CtlContinueRx      0x08010647    0x1a  Code  Gb  usbd_ioreq.o [1]
USBD_CtlContinueSendData
                        0x0801062d    0x1a  Code  Gb  usbd_ioreq.o [1]
USBD_CtlError           0x080105ed    0x18  Code  Gb  usbd_ctlreq.o [1]
USBD_CtlReceiveStatus   0x0801067b    0x1a  Code  Gb  usbd_ioreq.o [1]
USBD_CtlSendData        0x08010605    0x28  Code  Gb  usbd_ioreq.o [1]
USBD_CtlSendStatus      0x08010661    0x1a  Code  Gb  usbd_ioreq.o [1]
USBD_GetConfig          0x080104dd    0x4c  Code  Lc  usbd_ctlreq.o [1]
USBD_GetDescriptor      0x08010239   0x164  Code  Lc  usbd_ctlreq.o [1]
USBD_GetStatus          0x08010529    0x3c  Code  Lc  usbd_ctlreq.o [1]
USBD_LL_ClearStallEP    0x0800fc95    0x16  Code  Gb  usbd_conf.o [1]
USBD_LL_DataInStage     0x0800fe87    0xe2  Code  Gb  usbd_core.o [1]
USBD_LL_DataOutStage    0x0800fdf7    0x90  Code  Gb  usbd_core.o [1]
USBD_LL_IsStallEP       0x0800fcab    0x30  Code  Gb  usbd_conf.o [1]
USBD_LL_OpenEP          0x0800fc5d    0x22  Code  Gb  usbd_conf.o [1]
USBD_LL_PrepareReceive  0x0800fd11    0x20  Code  Gb  usbd_conf.o [1]
USBD_LL_Reset           0x0800ff69    0x46  Code  Gb  usbd_core.o [1]
USBD_LL_Resume          0x0800ffcb     0xe  Code  Gb  usbd_core.o [1]
USBD_LL_SOF             0x0800ffd9    0x24  Code  Gb  usbd_core.o [1]
USBD_LL_SetSpeed        0x0800ffaf     0x8  Code  Gb  usbd_core.o [1]
USBD_LL_SetUSBAddress   0x0800fcdb    0x16  Code  Gb  usbd_conf.o [1]
USBD_LL_SetupStage      0x0800fd7f    0x78  Code  Gb  usbd_core.o [1]
USBD_LL_StallEP         0x0800fc7f    0x16  Code  Gb  usbd_conf.o [1]
USBD_LL_Suspend         0x0800ffb7    0x14  Code  Gb  usbd_core.o [1]
USBD_LL_Transmit        0x0800fcf1    0x20  Code  Gb  usbd_conf.o [1]
USBD_ParseSetupRequest  0x080105c5    0x28  Code  Gb  usbd_ctlreq.o [1]
USBD_RunTestMode        0x0800fd35     0x6  Code  Gb  usbd_core.o [1]
USBD_SetAddress         0x0801039d    0x60  Code  Lc  usbd_ctlreq.o [1]
USBD_SetClassConfig     0x0800fd3b    0x2c  Code  Gb  usbd_core.o [1]
USBD_SetConfig          0x080103fd    0xda  Code  Lc  usbd_ctlreq.o [1]
USBD_SetConfig::cfgidx  0x200035a2     0x1  Data  Lc  usbd_ctlreq.o [1]
USBD_SetFeature         0x08010565    0x26  Code  Lc  usbd_ctlreq.o [1]
USBD_StdDevReq          0x0800fffd    0x7c  Code  Gb  usbd_ctlreq.o [1]
USBD_StdEPReq           0x080100c5   0x174  Code  Gb  usbd_ctlreq.o [1]
USBD_StdItfReq          0x08010079    0x4c  Code  Gb  usbd_ctlreq.o [1]
USB_LP_IRQHandler       0x0801099f     0xa  Code  Gb  stm32l1xx_it.o [1]
Uart2Ready              0x2000359f     0x1  Data  Gb  usart.o [1]
Uart3Ready              0x200035a0     0x1  Data  Gb  usart.o [1]
WWDG_IRQHandler         0x08009ae5     0xa  Code  Gb  wwdg.o [1]
_EncodingSb_Mbtowc      0x0800e7ef    0x30  Code  Gb  xencoding_sb.o [3]
_EncodingSb_Mbtowc::initial
                        0x0800e82c     0x8  Data  Lc  xencoding_sb.o [3]
_EncodingSb_Wctomb      0x0800e7d5    0x1a  Code  Gb  xencoding_sb.o [3]
_EncodingSb_Wctomb::initial
                        0x0800e824     0x8  Data  Lc  xencoding_sb.o [3]
_GenldFull              0x08009099   0x254  Code  Lc  xprintffull.o [3]
_IsdstStr               0x200000dc     0x4  Data  Gb  setlocale.o [3]
_LdtobFull              0x08008c8d   0x406  Code  Lc  xprintffull.o [3]
_LitobFull              0x08008b83   0x10a  Code  Lc  xprintffull.o [3]
_LocaleEncoding         0x0800e7c1     0xe  Code  Gb  setlocale.o [3]
_LocaleReturnString     0x200000fc    0x50  Data  Lc  setlocale.o [3]
_Locale_Profile         0x200000e0    0x1c  Data  Gb  setlocale.o [3]
_Locale_aeabi_lconv     0x2000009c    0x38  Data  Gb  localeconv.o [3]
_Locale_lconv           0x2000004c    0x50  Data  Gb  localeconv.o [3]
_Mbtowc                 0x0800d515    0x20  Code  Gb  xmbtowc.o [3]
_PrintfFull             0x08008199   0x658  Code  Gb  xprintffull.o [3]
_PutcharsFull           0x080092ed    0x2e  Code  Lc  xprintffull.o [3]
_PutstrFull             0x08008877   0x306  Code  Lc  xprintffull.o [3]
_SProut                 0x0800204f     0xa  Code  Gb  xsprout.o [3]
_TzoneStr               0x200000d8     0x4  Data  Gb  setlocale.o [3]
_Wctomb                 0x0800d661    0x1a  Code  Gb  xwctomb.o [3]
__aeabi_cdcmple         0x0800d8a9          Code  Gb  DblCmpLe.o [4]
__aeabi_cdrcmple        0x0800d8d9          Code  Gb  DblCmpGe.o [4]
__aeabi_cfrcmple        0x08009cdd          Code  Gb  FltCmpGe.o [4]
__aeabi_d2f             0x080080c5          Code  Gb  DblToFlt.o [4]
__aeabi_d2iz            0x08009775          Code  Gb  DblToI32.o [4]
__aeabi_d2uiz           0x080097a1          Code  Gb  DblToI32.o [4]
__aeabi_dadd            0x0800995d          Code  Gb  DblAdd.o [4]
__aeabi_ddiv            0x0800db95          Code  Gb  DblDiv.o [4]
__aeabi_dmul            0x080095d1          Code  Gb  DblMul.o [4]
__aeabi_dsub            0x0800da15          Code  Gb  DblSub.o [4]
__aeabi_errno_addr      0x0800e7b5     0x6  Code  Gb  errno.o [3]
__aeabi_f2d             0x08009581          Code  Gb  FltToDbl.o [4]
__aeabi_f2iz            0x08008155          Code  Gb  FltToS32.o [4]
__aeabi_fadd            0x08009dfd          Code  Gb  FltAdd.o [4]
__aeabi_fdiv            0x08009d01          Code  Gb  FltDiv.o [4]
__aeabi_fmul            0x08009885          Code  Gb  FltMul.o [4]
__aeabi_i2d             0x08007fa5          Code  Gb  I32ToDbl.o [4]
__aeabi_i2f             0x08009c65          Code  Gb  I32ToFlt.o [4]
__aeabi_ldiv0           0x0800e861          Code  Gb  I64DivZer.o [5]
__aeabi_ui2d            0x08007fb9          Code  Gb  I32ToDbl.o [4]
__aeabi_ui2f            0x08009c79          Code  Gb  I32ToFlt.o [4]
__aeabi_uldivmod        0x0800d775          Code  Gb  I64DivMod.o [5]
__cmain                 0x08011d9d          Code  Gb  cmain.o [5]
__data_Aldata           0x20003530     0x8  Data  Gb  xxmemxmalloc.o [3]
__data_GetMemChunk      0x0800e835    0x2c  Code  Gb  xgetmemchunk.o [3]
__data_GetMemChunk::start
                        0x20003590     0x4  Data  Lc  xgetmemchunk.o [3]
__exit                  0x08011dcd    0x14  Code  Gb  exit.o [6]
__iar_Dint              0x0800e21b    0x7a  Code  Gb  xdint.o [4]
__iar_Dnorm             0x0800d863    0x44  Code  Gb  xdnorm.o [4]
__iar_Dscale            0x0800d909   0x10c  Code  Gb  xdscale.o [4]
__iar_Errno             0x200000d4     0x4  Data  Gb  errno.o [3]
__iar_Locale_lconv_init
                        0x0800dded    0x3a  Code  Gb  localeconv.o [3]
__iar_Mbcurmax          0x0800d5a5     0xa  Code  Gb  xmbcurmax.o [3]
__iar_Memchr            0x0800d54d          Code  Gb  memchr.o [5]
__iar_Memset_word       0x0800e1bd          Code  Gb  ABImemset.o [5]
__iar_Strchr            0x0800d535          Code  Gb  strchr.o [5]
__iar_ceil              0x0800e9fd          Code  Gb  ceil.o [4]
__iar_ceill             0x0800e9fd          Code  Gb  ceil.o [4]
__iar_d2uiz             0x080097ad          Code  Gb  DblToI32.o [4]
__iar_dadd              0x08009971          Code  Gb  DblAdd.o [4]
__iar_data_init3        0x08011a05    0x28  Code  Gb  data_init.o [5]
__iar_dlib_perthread_access
                        0x0800e863     0x2  Code  Gb  xtls.o [3]
__iar_dsub              0x0800da29          Code  Gb  DblSub.o [4]
__iar_dsubStart         0x0800da3b          Code  Gb  DblSub.o [4]
__iar_edom              0x0800d509          Code  Gb  iarEdom.o [5]
__iar_fadd              0x08009e0d          Code  Gb  FltAdd.o [4]
__iar_fsub              0x0800e295          Code  Gb  FltSub.o [4]
__iar_fsubStart         0x0800e2a5          Code  Gb  FltSub.o [4]
__iar_modf              0x080097dd          Code  Gb  modf.o [4]
__iar_modfl             0x080097dd          Code  Gb  modf.o [4]
__iar_packbits_init_single3
                        0x08011125    0x38  Code  Gb  packbits_init_single.o [5]
__iar_program_start     0x080123e1          Code  Gb  cstartup_M.o [5]
__iar_sqrt              0x08007fd5          Code  Gb  sqrt.o [4]
__iar_ui2d              0x08007fbd          Code  Gb  I32ToDbl.o [4]
__iar_ui2f              0x08009c7d          Code  Gb  I32ToFlt.o [4]
__iar_unaligned___aeabi_memcpy
                        0x0800d67d          Code  Gb  ABImemcpy_unaligned.o [5]
__iar_unaligned___aeabi_memcpy4
                        0x0800d69d          Code  Gb  ABImemcpy_unaligned.o [5]
__iar_unaligned___aeabi_memcpy8
                        0x0800d69d          Code  Gb  ABImemcpy_unaligned.o [5]
__iar_unaligned_strcmp  0x08009b6d          Code  Gb  strcmp_unaligned.o [5]
__iar_unaligned_strcpy  0x08002059          Code  Gb  strcpy_unaligned.o [5]
__iar_unaligned_strncpy
                        0x08009bf9          Code  Gb  strncpy_unaligned.o [5]
__iar_zero_init3        0x08010edd    0x40  Code  Gb  zero_init3.o [5]
__low_level_init        0x08011db7     0x4  Code  Gb  low_level_init.o [3]
__vector_table          0x08000000          Data  Gb  startup_stm32l152xe.o [1]
_call_main              0x08011da9          Code  Gb  cmain.o [5]
_exit                   0x08011dc1          Code  Gb  cexit.o [5]
_gecko_cmd_msg          0x20002fec    0x84  Data  Gb  bgm111.o [1]
_gecko_rsp_msg          0x20003070    0x84  Data  Gb  bgm111.o [1]
_main                   0x08011db3          Code  Gb  cmain.o [5]
aPLLDivisionFactorTable
                        0x0801259c     0x4  Data  Gb  stm32l1xx_hal_rcc.o [1]
aPLLMULFactorTable      0x080123d4     0xc  Data  Gb  stm32l1xx_hal_rcc.o [1]
adcActive               0x20003599     0x1  Data  Gb  adc.o [1]
analytics               0x20003538     0x4  Data  Lc  app_data.o [1]
bffr1Flag               0x200035a1     0x1  Data  Lc  usart.o [1]
bglib_input             0x20003540     0x4  Data  Gb  bgm111.o [1]
bglib_output            0x2000353c     0x4  Data  Gb  bgm111.o [1]
bglib_peek              0x20003544     0x4  Data  Gb  bgm111.o [1]
bgm1data                0x2000348c    0x28  Data  Lc  usart.o [1]
ble                     0x20002dc0   0x1a0  Data  Lc  bgm111.o [1]
blemsgs                 0x200020c8   0x324  Data  Lc  bgm111.o [1]
ceil                    0x0800e9fd          Code  Gb  ceil.o [4]
ceill                   0x0800e9fd          Code  Gb  ceil.o [4]
clrUsartState           0x0800240b    0x1c  Code  Gb  usart.o [1]
connection_cnt          0x20003594     0x2  Data  Lc  app_data.o [1]
data                    0x20002958   0x248  Data  Gb  app_data.o [1]
delay_1ms               0x08007a6d     0xe  Code  Gb  ErrorCodes.o [1]
div                     0x0800de59     0xe  Code  Gb  div.o [3]
driver_list             0x20003518     0xc  Data  Lc  app_data.o [1]
errStruct               0x200023ec   0x324  Data  Lc  ErrorCodes.o [1]
exit                    0x08011dbb     0x4  Code  Gb  exit.o [3]
fi                      0x20003174    0x80  Data  Lc  Rd_Sound.o [1]
fix_fft                 0x08007d65   0x23a  Code  Gb  fix_fft.o [1]
fr                      0x200030f4    0x80  Data  Lc  Rd_Sound.o [1]
free                    0x0800d6f5    0x7a  Code  Gb  xxmemxfree.o [3]
fs                      0x200031f4    0x80  Data  Lc  Rd_Sound.o [1]
gecko_cmd_le_gap_set_mode
                        0x08002559    0x40  Code  Lc  bgm111.o [1]
gecko_cmd_msg           0x2000000c     0x4  Data  Gb  bgm111.o [1]
gecko_get_event         0x08007869    0x5e  Code  Gb  gecko_bglib.o [1]
gecko_handle_command    0x080078eb    0x30  Code  Gb  gecko_bglib.o [1]
gecko_peek_event        0x080078c7     0xa  Code  Gb  gecko_bglib.o [1]
gecko_queue             0x20001150   0xf78  Data  Gb  bgm111.o [1]
gecko_queue_r           0x2000354c     0x4  Data  Gb  bgm111.o [1]
gecko_queue_w           0x20003548     0x4  Data  Gb  bgm111.o [1]
gecko_rsp_msg           0x20000010     0x4  Data  Gb  bgm111.o [1]
gecko_wait_message      0x0800778d    0xdc  Code  Gb  gecko_bglib.o [1]
gecko_wait_response     0x080078d1    0x1a  Code  Gb  gecko_bglib.o [1]
hadc                    0x20003274    0x54  Data  Gb  adc.o [1]
hatoi                   0x08001ecf    0x58  Code  Gb  parser.o [1]
hdma_adc                0x20003384    0x38  Data  Gb  adc.o [1]
hi2c1                   0x20003348    0x3c  Data  Gb  i2c.o [1]
hpcd_USB_FS             0x20002ba0   0x220  Data  Gb  usbd_conf.o [1]
htim2                   0x200033f4    0x38  Data  Gb  tim.o [1]
htim3                   0x2000342c    0x38  Data  Gb  tim.o [1]
htim4                   0x200033bc    0x38  Data  Gb  stm32l1xx_hal_timebase_TIM.o [1]
huart2                  0x200032c8    0x40  Data  Gb  usart.o [1]
huart3                  0x20003308    0x40  Data  Gb  usart.o [1]
hwwdg                   0x200034e8    0x14  Data  Gb  wwdg.o [1]
isHexNum                0x08001e85    0x4a  Code  Gb  parser.o [1]
ledOffCnt               0x20000044     0x4  Data  Lc  tim.o [1]
localeconv              0x0800de27    0x16  Code  Gb  localeconv.o [3]
main                    0x08006ead   0x466  Code  Gb  main.o [1]
malloc                  0x0800d5b1    0xac  Code  Gb  xxmemxmalloc.o [3]
memchr                  0x0800d54d          Code  Gb  memchr.o [5]
modf                    0x080097cd          Code  Gb  modf.o [4]
modfl                   0x080097cd          Code  Gb  modf.o [4]
osSystickHandler        0x08010a11    0x10  Code  Gb  cmsis_os.o [1]
pFlash                  0x200034d0    0x18  Data  Gb  stm32l1xx_hal_flash.o [1]
prvResetNextTaskUnblockTime
                        0x08010849    0x28  Code  Lc  tasks.o [1]
pxCurrentTCB            0x20003558     0x4  Data  Gb  tasks.o [1]
pxDelayedTaskList       0x2000355c     0x4  Data  Lc  tasks.o [1]
pxOverflowDelayedTaskList
                        0x20003560     0x4  Data  Lc  tasks.o [1]
pxReadyTasksLists       0x20002f60    0x8c  Data  Lc  tasks.o [1]
round                   0x08009c99    0x44  Code  Gb  round.o [4]
sConfig                 0x2000350c     0xc  Data  Gb  adc.o [1]
saveLen                 0x20000048     0x4  Data  Lc  usart.o [1]
sprintf                 0x08002e35    0x34  Code  Gb  sprintf.o [3]
sqrt                    0x08007fd5          Code  Gb  sqrt.o [4]
sqrtl                   0x08007fd5          Code  Gb  sqrt.o [4]
strcat                  0x08002e69    0x1c  Code  Gb  strcat.o [3]
strchr                  0x0800d535          Code  Gb  strchr.o [5]
strlen                  0x08002019          Code  Gb  strlen.o [5]
strncmp                 0x08007a7b    0x2c  Code  Gb  strncmp.o [3]
ubSequenceCompleted     0x20003598     0x1  Data  Gb  adc.o [1]
ulPortSetInterruptMask  0x080108f7          Code  Gb  portasm.o [1]
uwTick                  0x20003554     0x4  Data  Lc  stm32l1xx_hal.o [1]
uxListRemove            0x08010965    0x28  Code  Gb  list.o [1]
uxPendedTicks           0x20003570     0x4  Data  Lc  tasks.o [1]
uxSchedulerSuspended    0x20003580     0x4  Data  Lc  tasks.o [1]
uxTopReadyPriority      0x20003568     0x4  Data  Lc  tasks.o [1]
vListInsertEnd          0x0801094d    0x18  Code  Gb  list.o [1]
vPortClearInterruptMask
                        0x08010905          Code  Gb  portasm.o [1]
vPortStartFirstTask     0x0801092b          Code  Gb  portasm.o [1]
vTaskSwitchContext      0x080107c9    0x6c  Code  Gb  tasks.o [1]
wwdg_HardFrames         0x08070000    0x10  Data  Gb  wwdg.o [1]
wwdg_Save               0x2000358c     0x4  Data  Lc  wwdg.o [1]
xNextTaskUnblockTime    0x2000357c     0x4  Data  Lc  tasks.o [1]
xNumOfOverflows         0x20003578     0x4  Data  Lc  tasks.o [1]
xPortSysTickHandler     0x08010a21    0x1e  Code  Gb  port.o [1]
xSchedulerRunning       0x2000356c     0x4  Data  Lc  tasks.o [1]
xTaskGetSchedulerState  0x08010871    0x26  Code  Gb  tasks.o [1]
xTaskIncrementTick      0x08010695   0x134  Code  Gb  tasks.o [1]
xTickCount              0x20003564     0x4  Data  Lc  tasks.o [1]
xYieldPending           0x20003574     0x4  Data  Lc  tasks.o [1]


[1] = D:\GoogleDriveCLT\GoogleDrive\WeatherCloud\Roadboard\Software\Road-Board-December-2016\EWARM\Road Brd MSTR Rev L Long Always\Obj
[2] = command line
[3] = dl7M_tlf.a
[4] = m7M_tl.a
[5] = rt7M_tl.a
[6] = shb_l.a

  68 720 bytes of readonly  code memory
   6 732 bytes of readonly  data memory
  13 728 bytes of readwrite data memory (+ 16 absolute)

Errors: none
Warnings: none
