###############################################################################
#
# IAR ELF Linker V7.60.2.11341/W32 for ARM                07/Aug/2017  13:35:25
# Copyright 2007-2016 IAR Systems AB.
#
#    Output file  =  
#        D:\GoogleDriveCLT\GoogleDrive\WeatherCloud\Roadboard\Software\Road-Board-December-2016N8\EWARM\Road
#        Brd MSTR Rev L Long Always\Exe\Road Board Rev K NUCLEO V1.1 Jul 12
#        2016.out
#    Map file     =  
#        D:\GoogleDriveCLT\GoogleDrive\WeatherCloud\Roadboard\Software\Road-Board-December-2016N8\EWARM\Road
#        Brd MSTR Rev L Long Always\List\Road Board Rev K NUCLEO V1.1 Jul 12
#        2016.map
#    Command line =  
#        "D:\GoogleDriveCLT\GoogleDrive\WeatherCloud\Roadboard\Software\Road-Board-December-2016N8\EWARM\Road
#        Brd MSTR Rev L Long Always\Obj\adc.o"
#        "D:\GoogleDriveCLT\GoogleDrive\WeatherCloud\Roadboard\Software\Road-Board-December-2016N8\EWARM\Road
#        Brd MSTR Rev L Long Always\Obj\app_data.o"
#        "D:\GoogleDriveCLT\GoogleDrive\WeatherCloud\Roadboard\Software\Road-Board-December-2016N8\EWARM\Road
#        Brd MSTR Rev L Long Always\Obj\barometer.o"
#        "D:\GoogleDriveCLT\GoogleDrive\WeatherCloud\Roadboard\Software\Road-Board-December-2016N8\EWARM\Road
#        Brd MSTR Rev L Long Always\Obj\bgm111.o"
#        "D:\GoogleDriveCLT\GoogleDrive\WeatherCloud\Roadboard\Software\Road-Board-December-2016N8\EWARM\Road
#        Brd MSTR Rev L Long Always\Obj\Calibration.o"
#        "D:\GoogleDriveCLT\GoogleDrive\WeatherCloud\Roadboard\Software\Road-Board-December-2016N8\EWARM\Road
#        Brd MSTR Rev L Long Always\Obj\cmsis_os.o"
#        "D:\GoogleDriveCLT\GoogleDrive\WeatherCloud\Roadboard\Software\Road-Board-December-2016N8\EWARM\Road
#        Brd MSTR Rev L Long Always\Obj\croutine.o"
#        "D:\GoogleDriveCLT\GoogleDrive\WeatherCloud\Roadboard\Software\Road-Board-December-2016N8\EWARM\Road
#        Brd MSTR Rev L Long Always\Obj\dma.o"
#        "D:\GoogleDriveCLT\GoogleDrive\WeatherCloud\Roadboard\Software\Road-Board-December-2016N8\EWARM\Road
#        Brd MSTR Rev L Long Always\Obj\ErrorCodes.o"
#        "D:\GoogleDriveCLT\GoogleDrive\WeatherCloud\Roadboard\Software\Road-Board-December-2016N8\EWARM\Road
#        Brd MSTR Rev L Long Always\Obj\event_groups.o"
#        "D:\GoogleDriveCLT\GoogleDrive\WeatherCloud\Roadboard\Software\Road-Board-December-2016N8\EWARM\Road
#        Brd MSTR Rev L Long Always\Obj\fix_fft.o"
#        "D:\GoogleDriveCLT\GoogleDrive\WeatherCloud\Roadboard\Software\Road-Board-December-2016N8\EWARM\Road
#        Brd MSTR Rev L Long Always\Obj\Flash.o"
#        "D:\GoogleDriveCLT\GoogleDrive\WeatherCloud\Roadboard\Software\Road-Board-December-2016N8\EWARM\Road
#        Brd MSTR Rev L Long Always\Obj\freertos.o"
#        "D:\GoogleDriveCLT\GoogleDrive\WeatherCloud\Roadboard\Software\Road-Board-December-2016N8\EWARM\Road
#        Brd MSTR Rev L Long Always\Obj\gecko_bglib.o"
#        "D:\GoogleDriveCLT\GoogleDrive\WeatherCloud\Roadboard\Software\Road-Board-December-2016N8\EWARM\Road
#        Brd MSTR Rev L Long Always\Obj\gpio.o"
#        "D:\GoogleDriveCLT\GoogleDrive\WeatherCloud\Roadboard\Software\Road-Board-December-2016N8\EWARM\Road
#        Brd MSTR Rev L Long Always\Obj\GridEye.o"
#        "D:\GoogleDriveCLT\GoogleDrive\WeatherCloud\Roadboard\Software\Road-Board-December-2016N8\EWARM\Road
#        Brd MSTR Rev L Long Always\Obj\heap_4.o"
#        "D:\GoogleDriveCLT\GoogleDrive\WeatherCloud\Roadboard\Software\Road-Board-December-2016N8\EWARM\Road
#        Brd MSTR Rev L Long Always\Obj\Humidity.o"
#        "D:\GoogleDriveCLT\GoogleDrive\WeatherCloud\Roadboard\Software\Road-Board-December-2016N8\EWARM\Road
#        Brd MSTR Rev L Long Always\Obj\i2c.o"
#        "D:\GoogleDriveCLT\GoogleDrive\WeatherCloud\Roadboard\Software\Road-Board-December-2016N8\EWARM\Road
#        Brd MSTR Rev L Long Always\Obj\list.o"
#        "D:\GoogleDriveCLT\GoogleDrive\WeatherCloud\Roadboard\Software\Road-Board-December-2016N8\EWARM\Road
#        Brd MSTR Rev L Long Always\Obj\lps25hb.o"
#        "D:\GoogleDriveCLT\GoogleDrive\WeatherCloud\Roadboard\Software\Road-Board-December-2016N8\EWARM\Road
#        Brd MSTR Rev L Long Always\Obj\main.o"
#        "D:\GoogleDriveCLT\GoogleDrive\WeatherCloud\Roadboard\Software\Road-Board-December-2016N8\EWARM\Road
#        Brd MSTR Rev L Long Always\Obj\parser.o"
#        "D:\GoogleDriveCLT\GoogleDrive\WeatherCloud\Roadboard\Software\Road-Board-December-2016N8\EWARM\Road
#        Brd MSTR Rev L Long Always\Obj\port.o"
#        "D:\GoogleDriveCLT\GoogleDrive\WeatherCloud\Roadboard\Software\Road-Board-December-2016N8\EWARM\Road
#        Brd MSTR Rev L Long Always\Obj\portasm.o"
#        "D:\GoogleDriveCLT\GoogleDrive\WeatherCloud\Roadboard\Software\Road-Board-December-2016N8\EWARM\Road
#        Brd MSTR Rev L Long Always\Obj\queue.o"
#        "D:\GoogleDriveCLT\GoogleDrive\WeatherCloud\Roadboard\Software\Road-Board-December-2016N8\EWARM\Road
#        Brd MSTR Rev L Long Always\Obj\Rd_Sound.o"
#        "D:\GoogleDriveCLT\GoogleDrive\WeatherCloud\Roadboard\Software\Road-Board-December-2016N8\EWARM\Road
#        Brd MSTR Rev L Long Always\Obj\RGBLight.o"
#        "D:\GoogleDriveCLT\GoogleDrive\WeatherCloud\Roadboard\Software\Road-Board-December-2016N8\EWARM\Road
#        Brd MSTR Rev L Long Always\Obj\startup_stm32l152xe.o"
#        "D:\GoogleDriveCLT\GoogleDrive\WeatherCloud\Roadboard\Software\Road-Board-December-2016N8\EWARM\Road
#        Brd MSTR Rev L Long Always\Obj\stm32l1xx_hal.o"
#        "D:\GoogleDriveCLT\GoogleDrive\WeatherCloud\Roadboard\Software\Road-Board-December-2016N8\EWARM\Road
#        Brd MSTR Rev L Long Always\Obj\stm32l1xx_hal_adc.o"
#        "D:\GoogleDriveCLT\GoogleDrive\WeatherCloud\Roadboard\Software\Road-Board-December-2016N8\EWARM\Road
#        Brd MSTR Rev L Long Always\Obj\stm32l1xx_hal_adc_ex.o"
#        "D:\GoogleDriveCLT\GoogleDrive\WeatherCloud\Roadboard\Software\Road-Board-December-2016N8\EWARM\Road
#        Brd MSTR Rev L Long Always\Obj\stm32l1xx_hal_cortex.o"
#        "D:\GoogleDriveCLT\GoogleDrive\WeatherCloud\Roadboard\Software\Road-Board-December-2016N8\EWARM\Road
#        Brd MSTR Rev L Long Always\Obj\stm32l1xx_hal_dma.o"
#        "D:\GoogleDriveCLT\GoogleDrive\WeatherCloud\Roadboard\Software\Road-Board-December-2016N8\EWARM\Road
#        Brd MSTR Rev L Long Always\Obj\stm32l1xx_hal_flash.o"
#        "D:\GoogleDriveCLT\GoogleDrive\WeatherCloud\Roadboard\Software\Road-Board-December-2016N8\EWARM\Road
#        Brd MSTR Rev L Long Always\Obj\stm32l1xx_hal_flash_ex.o"
#        "D:\GoogleDriveCLT\GoogleDrive\WeatherCloud\Roadboard\Software\Road-Board-December-2016N8\EWARM\Road
#        Brd MSTR Rev L Long Always\Obj\stm32l1xx_hal_flash_ramfunc.o"
#        "D:\GoogleDriveCLT\GoogleDrive\WeatherCloud\Roadboard\Software\Road-Board-December-2016N8\EWARM\Road
#        Brd MSTR Rev L Long Always\Obj\stm32l1xx_hal_gpio.o"
#        "D:\GoogleDriveCLT\GoogleDrive\WeatherCloud\Roadboard\Software\Road-Board-December-2016N8\EWARM\Road
#        Brd MSTR Rev L Long Always\Obj\stm32l1xx_hal_i2c.o"
#        "D:\GoogleDriveCLT\GoogleDrive\WeatherCloud\Roadboard\Software\Road-Board-December-2016N8\EWARM\Road
#        Brd MSTR Rev L Long Always\Obj\stm32l1xx_hal_msp.o"
#        "D:\GoogleDriveCLT\GoogleDrive\WeatherCloud\Roadboard\Software\Road-Board-December-2016N8\EWARM\Road
#        Brd MSTR Rev L Long Always\Obj\stm32l1xx_hal_pcd.o"
#        "D:\GoogleDriveCLT\GoogleDrive\WeatherCloud\Roadboard\Software\Road-Board-December-2016N8\EWARM\Road
#        Brd MSTR Rev L Long Always\Obj\stm32l1xx_hal_pcd_ex.o"
#        "D:\GoogleDriveCLT\GoogleDrive\WeatherCloud\Roadboard\Software\Road-Board-December-2016N8\EWARM\Road
#        Brd MSTR Rev L Long Always\Obj\stm32l1xx_hal_pwr.o"
#        "D:\GoogleDriveCLT\GoogleDrive\WeatherCloud\Roadboard\Software\Road-Board-December-2016N8\EWARM\Road
#        Brd MSTR Rev L Long Always\Obj\stm32l1xx_hal_pwr_ex.o"
#        "D:\GoogleDriveCLT\GoogleDrive\WeatherCloud\Roadboard\Software\Road-Board-December-2016N8\EWARM\Road
#        Brd MSTR Rev L Long Always\Obj\stm32l1xx_hal_rcc.o"
#        "D:\GoogleDriveCLT\GoogleDrive\WeatherCloud\Roadboard\Software\Road-Board-December-2016N8\EWARM\Road
#        Brd MSTR Rev L Long Always\Obj\stm32l1xx_hal_rcc_ex.o"
#        "D:\GoogleDriveCLT\GoogleDrive\WeatherCloud\Roadboard\Software\Road-Board-December-2016N8\EWARM\Road
#        Brd MSTR Rev L Long Always\Obj\stm32l1xx_hal_tim.o"
#        "D:\GoogleDriveCLT\GoogleDrive\WeatherCloud\Roadboard\Software\Road-Board-December-2016N8\EWARM\Road
#        Brd MSTR Rev L Long Always\Obj\stm32l1xx_hal_tim_ex.o"
#        "D:\GoogleDriveCLT\GoogleDrive\WeatherCloud\Roadboard\Software\Road-Board-December-2016N8\EWARM\Road
#        Brd MSTR Rev L Long Always\Obj\stm32l1xx_hal_timebase_TIM.o"
#        "D:\GoogleDriveCLT\GoogleDrive\WeatherCloud\Roadboard\Software\Road-Board-December-2016N8\EWARM\Road
#        Brd MSTR Rev L Long Always\Obj\stm32l1xx_hal_uart.o"
#        "D:\GoogleDriveCLT\GoogleDrive\WeatherCloud\Roadboard\Software\Road-Board-December-2016N8\EWARM\Road
#        Brd MSTR Rev L Long Always\Obj\stm32l1xx_hal_wwdg.o"
#        "D:\GoogleDriveCLT\GoogleDrive\WeatherCloud\Roadboard\Software\Road-Board-December-2016N8\EWARM\Road
#        Brd MSTR Rev L Long Always\Obj\stm32l1xx_it.o"
#        "D:\GoogleDriveCLT\GoogleDrive\WeatherCloud\Roadboard\Software\Road-Board-December-2016N8\EWARM\Road
#        Brd MSTR Rev L Long Always\Obj\stm32l1xx_nucleo.o"
#        "D:\GoogleDriveCLT\GoogleDrive\WeatherCloud\Roadboard\Software\Road-Board-December-2016N8\EWARM\Road
#        Brd MSTR Rev L Long Always\Obj\system_stm32l1xx.o"
#        "D:\GoogleDriveCLT\GoogleDrive\WeatherCloud\Roadboard\Software\Road-Board-December-2016N8\EWARM\Road
#        Brd MSTR Rev L Long Always\Obj\tasks.o"
#        "D:\GoogleDriveCLT\GoogleDrive\WeatherCloud\Roadboard\Software\Road-Board-December-2016N8\EWARM\Road
#        Brd MSTR Rev L Long Always\Obj\Temperature.o"
#        "D:\GoogleDriveCLT\GoogleDrive\WeatherCloud\Roadboard\Software\Road-Board-December-2016N8\EWARM\Road
#        Brd MSTR Rev L Long Always\Obj\tim.o"
#        "D:\GoogleDriveCLT\GoogleDrive\WeatherCloud\Roadboard\Software\Road-Board-December-2016N8\EWARM\Road
#        Brd MSTR Rev L Long Always\Obj\timers.o"
#        "D:\GoogleDriveCLT\GoogleDrive\WeatherCloud\Roadboard\Software\Road-Board-December-2016N8\EWARM\Road
#        Brd MSTR Rev L Long Always\Obj\usart.o"
#        "D:\GoogleDriveCLT\GoogleDrive\WeatherCloud\Roadboard\Software\Road-Board-December-2016N8\EWARM\Road
#        Brd MSTR Rev L Long Always\Obj\usb_device.o"
#        "D:\GoogleDriveCLT\GoogleDrive\WeatherCloud\Roadboard\Software\Road-Board-December-2016N8\EWARM\Road
#        Brd MSTR Rev L Long Always\Obj\usbd_cdc.o"
#        "D:\GoogleDriveCLT\GoogleDrive\WeatherCloud\Roadboard\Software\Road-Board-December-2016N8\EWARM\Road
#        Brd MSTR Rev L Long Always\Obj\usbd_cdc_if.o"
#        "D:\GoogleDriveCLT\GoogleDrive\WeatherCloud\Roadboard\Software\Road-Board-December-2016N8\EWARM\Road
#        Brd MSTR Rev L Long Always\Obj\usbd_conf.o"
#        "D:\GoogleDriveCLT\GoogleDrive\WeatherCloud\Roadboard\Software\Road-Board-December-2016N8\EWARM\Road
#        Brd MSTR Rev L Long Always\Obj\usbd_core.o"
#        "D:\GoogleDriveCLT\GoogleDrive\WeatherCloud\Roadboard\Software\Road-Board-December-2016N8\EWARM\Road
#        Brd MSTR Rev L Long Always\Obj\usbd_ctlreq.o"
#        "D:\GoogleDriveCLT\GoogleDrive\WeatherCloud\Roadboard\Software\Road-Board-December-2016N8\EWARM\Road
#        Brd MSTR Rev L Long Always\Obj\usbd_desc.o"
#        "D:\GoogleDriveCLT\GoogleDrive\WeatherCloud\Roadboard\Software\Road-Board-December-2016N8\EWARM\Road
#        Brd MSTR Rev L Long Always\Obj\usbd_ioreq.o"
#        "D:\GoogleDriveCLT\GoogleDrive\WeatherCloud\Roadboard\Software\Road-Board-December-2016N8\EWARM\Road
#        Brd MSTR Rev L Long Always\Obj\VMonitor.o"
#        "D:\GoogleDriveCLT\GoogleDrive\WeatherCloud\Roadboard\Software\Road-Board-December-2016N8\EWARM\Road
#        Brd MSTR Rev L Long Always\Obj\wwdg.o" --redirect _Printf=_PrintfFull
#        --redirect _Scanf=_ScanfFull -o
#        "D:\GoogleDriveCLT\GoogleDrive\WeatherCloud\Roadboard\Software\Road-Board-December-2016N8\EWARM\Road
#        Brd MSTR Rev L Long Always\Exe\Road Board Rev K NUCLEO V1.1 Jul 12
#        2016.out" --map
#        "D:\GoogleDriveCLT\GoogleDrive\WeatherCloud\Roadboard\Software\Road-Board-December-2016N8\EWARM\Road
#        Brd MSTR Rev L Long Always\List\Road Board Rev K NUCLEO V1.1 Jul 12
#        2016.map" --config
#        D:\GoogleDriveCLT\GoogleDrive\WeatherCloud\Roadboard\Software\Road-Board-December-2016N8\EWARM/stm32l152xe_flash.icf
#        --semihosting --entry __iar_program_start --vfe
#
###############################################################################

*******************************************************************************
*** RUNTIME MODEL ATTRIBUTES
***

CppFlavor                     = *
__Heap_Handler                = Basic
__SystemLibrary               = DLib
__dlib_dynamic_initialization = normal


*******************************************************************************
*** PLACEMENT SUMMARY
***

"A1":  place at 0x08000000 { ro section .intvec };
"P1":  place in [from 0x08000000 to 0x0807ffff] { ro };
"P2":  place in [from 0x20000000 to 0x20013fff] { rw, block CSTACK, block HEAP };
initialize by copy { rw };

  Section             Kind        Address     Size  Object
  -------             ----        -------     ----  ------
"A1":                                        0x124
  .intvec             ro code  0x08000000    0x124  startup_stm32l152xe.o [1]
                             - 0x08000124    0x124

"P1":                                      0x179a8
  .text               ro code  0x08000124   0x2eb4  parser.o [1]
  .text               ro code  0x08002fd8     0x36  strlen.o [5]
  .text               ro code  0x0800300e     0x1e  xsscin.o [3]
  .text               ro code  0x0800302c     0x44  strcpy_unaligned.o [5]
  .text               ro code  0x08003070    0x4bc  usart.o [1]
  .text               ro code  0x0800352c    0x86c  bgm111.o [1]
  .text               ro code  0x08003d98    0x240  Rd_Sound.o [1]
  .text               ro code  0x08003fd8     0x34  sprintf.o [3]
  .text               ro code  0x0800400c     0x1c  strcat.o [3]
  .text               ro code  0x08004028    0x278  barometer.o [1]
  .text               ro code  0x080042a0   0x1104  app_data.o [1]
  .text               ro code  0x080053a4   0x1aac  GridEye.o [1]
  .text               ro code  0x08006e50    0x874  VMonitor.o [1]
  .text               ro code  0x080076c4    0xcbc  Humidity.o [1]
  .text               ro code  0x08008380    0x2b4  Temperature.o [1]
  .text               ro code  0x08008634    0x328  RGBLight.o [1]
  .text               ro code  0x0800895c    0x1c4  gpio.o [1]
  .text               ro code  0x08008b20    0x4e0  i2c.o [1]
  .text               ro code  0x08009000     0x24  sscanf.o [3]
  .text               ro code  0x08009024     0x4e  FltToDbl.o [4]
  .text               ro code  0x08009072     0x2c  strncmp.o [3]
  .text               ro code  0x0800909e      0xa  xsprout.o [3]
  .text               ro code  0x080090a8    0x140  Calibration.o [1]
  .text               ro code  0x080091e8    0x1b0  stm32l1xx_hal_cortex.o [1]
  .text               ro code  0x08009398      0xa  isdigit.o [3]
  .text               ro code  0x080093a2      0x8  atoi.o [3]
  .text               ro code  0x080093ac    0x194  wwdg.o [1]
  .text               ro code  0x08009540     0x32  I32ToFlt.o [4]
  .text               ro code  0x08009574     0xfc  FltDiv.o [4]
  .text               ro code  0x08009670    0x8ec  stm32l1xx_hal_uart.o [1]
  .text               ro code  0x08009f5c    0x656  main.o [1]
  .text               ro code  0x0800a5b4    0x378  stm32l1xx_hal_gpio.o [1]
  .text               ro code  0x0800a92c    0x1b0  gecko_bglib.o [1]
  .text               ro code  0x0800aadc    0x13e  ErrorCodes.o [1]
  .text               ro code  0x0800ac1c    0x2bc  adc.o [1]
  .text               ro code  0x0800aed8    0x1ac  fix_fft.o [1]
  .text               ro code  0x0800b084     0xd8  FltMul.o [4]
  .text               ro code  0x0800b15c     0x84  FltAdd.o [4]
  .text               ro code  0x0800b1e0     0xf0  sqrt.o [4]
  .text               ro code  0x0800b2d0     0x90  DblToFlt.o [4]
  .text               ro code  0x0800b360     0x44  FltToS32.o [4]
  .text               ro code  0x0800b3a4   0x119e  xprintffull.o [3]
  .text               ro code  0x0800c544    0x248  lps25hb.o [1]
  .text               ro code  0x0800c78c    0x1a2  DblMul.o [4]
  .text               ro code  0x0800c930     0x58  DblToI32.o [4]
  .text               ro code  0x0800c988     0xb8  modf.o [4]
  .text               ro code  0x0800ca40     0xe8  DblAdd.o [4]
  .text               ro code  0x0800cb28     0x42  strcmp_unaligned.o [5]
  .text               ro code  0x0800cb6c     0x48  stm32l1xx_hal.o [1]
  .text               ro code  0x0800cbb4     0x6c  strncpy_unaligned.o [5]
  .text               ro code  0x0800cc20     0x44  round.o [4]
  .text               ro code  0x0800cc64     0x24  FltCmpGe.o [4]
  .text               ro code  0x0800cc88     0x30  I32ToDbl.o [4]
  .text               ro code  0x0800ccb8   0x1018  stm32l1xx_hal_i2c.o [1]
  .text               ro code  0x0800dcd0    0xcf0  xscanffull.o [3]
  .text               ro code  0x0800e9c0    0x158  Flash.o [1]
  .text               ro code  0x0800eb18    0x198  xstoul.o [3]
  .text               ro code  0x0800ecb0     0xd6  stm32l1xx_hal_wwdg.o [1]
  .text               ro code  0x0800ed88    0x24c  tim.o [1]
  .text               ro code  0x0800efd4    0xcd4  stm32l1xx_hal_rcc.o [1]
  .text               ro code  0x0800fca8     0x30  dma.o [1]
  .text               ro code  0x0800fcd8    0x82a  stm32l1xx_hal_adc.o [1]
  .text               ro code  0x08010504    0xefe  stm32l1xx_hal_dma.o [1]
  .text               ro code  0x08011402     0x1c  fix_fft.o [1]
  .text               ro code  0x08011420     0xd6  FltSub.o [4]
  .text               ro code  0x080114f8      0xc  iarEdom.o [5]
  .text               ro code  0x08011504     0x20  xmbtowc.o [3]
  .text               ro code  0x08011524     0x16  strchr.o [5]
  .text               ro code  0x0801153c     0x58  memchr.o [5]
  .text               ro code  0x08011594      0xa  xmbcurmax.o [3]
  .text               ro code  0x080115a0     0xb0  xxmemxmalloc.o [3]
  .text               ro code  0x08011650     0x1a  xwctomb.o [3]
  .text               ro code  0x0801166c     0x76  ABImemcpy_unaligned.o [5]
  .text               ro code  0x080116e4     0x80  xxmemxfree.o [3]
  .text               ro code  0x08011764     0xee  I64DivMod.o [5]
  .text               ro code  0x08011852     0x44  xdnorm.o [4]
  .text               ro code  0x08011898     0x2e  DblCmpLe.o [4]
  .text               ro code  0x080118c8     0x2e  DblCmpGe.o [4]
  .text               ro code  0x080118f8    0x10c  xdscale.o [4]
  .text               ro code  0x08011a04    0x180  DblSub.o [4]
  .text               ro code  0x08011b84    0x256  DblDiv.o [4]
  .text               ro code  0x08011ddc     0x6c  localeconv.o [3]
  .text               ro code  0x08011e48      0xe  div.o [3]
  .text               ro code  0x08011e58     0x90  stm32l1xx_hal_timebase_TIM.o [1]
  .text               ro code  0x08011ee8     0x98  stm32l1xx_hal_msp.o [1]
  .text               ro code  0x08011f80     0x5e  ABImemset.o [5]
  .text               ro code  0x08011fde     0x7a  xdint.o [4]
  .text               ro code  0x08012058     0x40  xwctob.o [3]
  .text               ro code  0x08012098     0x28  isxxx.o [3]
  .text               ro code  0x080120c0     0xa6  xstoll.o [3]
  .text               ro code  0x08012168    0x1b0  xstoull.o [3]
  .text               ro code  0x08012318    0x14c  xstold.o [4]
  .text               ro code  0x08012464    0x198  stm32l1xx_hal_flash.o [1]
  .text               ro code  0x080125fc     0x5e  ceil.o [4]
  .text               ro code  0x0801265c     0xcc  stm32l1xx_hal_flash_ex.o [1]
  .text               ro code  0x08012728     0x14  tolower.o [3]
  .text               ro code  0x0801273c      0xc  errno.o [3]
  .text               ro code  0x08012748    0x3da  stm32l1xx_hal_tim.o [1]
  .text               ro code  0x08012b22     0x5e  stm32l1xx_hal_tim_ex.o [1]
  .text               ro code  0x08012b80     0x10  stm32l1xx_hal_pwr_ex.o [1]
  .text               ro code  0x08012b90     0x28  setlocale.o [3]
  .text               ro code  0x08012bb8     0x60  xencoding_sb.o [3]
  .text               ro code  0x08012c18     0x2c  xgetmemchunk.o [3]
  .text               ro code  0x08012c44      0x2  I64DivZer.o [5]
  .text               ro code  0x08012c46      0x2  xtls.o [3]
  .text               ro code  0x08012c48     0x16  xlocale_c.o [3]
  .text               ro code  0x08012c5e     0x14  xlocale_c.o [3]
  .text               ro code  0x08012c72    0x122  xstopfx.o [3]
  .text               ro code  0x08012d94    0x1d0  xstoflt.o [3]
  .text               ro code  0x08012f68    0x200  xdtento.o [4]
  .text               ro code  0x08013168    0x234  xstoxflt.o [3]
  .text               ro code  0x0801339c      0xc  xlocale_c.o [3]
  .text               ro code  0x080133a8     0x20  DblCmpEq.o [4]
  .text               ro code  0x080133c8     0x52  xdunscal.o [4]
  .text               ro code  0x0801341a   0x1074  stm32l1xx_hal_pcd.o [1]
  .text               ro code  0x08014490    0x198  usbd_conf.o [1]
  .text               ro code  0x08014628    0x2c8  usbd_core.o [1]
  .text               ro code  0x080148f0    0x608  usbd_ctlreq.o [1]
  .text               ro code  0x08014ef8     0x90  usbd_ioreq.o [1]
  .text               ro code  0x08014f88    0x224  tasks.o [1]
  CODE                ro code  0x080151ac     0x94  portasm.o [1]
  .text               ro code  0x08015240     0x40  list.o [1]
  .rodata             const    0x08015280     0xc0  fix_fft.o [1]
  .text               ro code  0x08015340     0x84  stm32l1xx_it.o [1]
  .text               ro code  0x080153c4     0x10  cmsis_os.o [1]
  .text               ro code  0x080153d4     0x24  port.o [1]
  .rodata             const    0x080153f8     0x64  Calibration.o [1]
  .text               ro code  0x0801545c     0x64  system_stm32l1xx.o [1]
  .rodata             const    0x080154c0     0x5c  ErrorCodes.o [1]
  .rodata             const    0x0801551c     0x48  parser.o [1]
  .rodata             const    0x08015564     0x48  parser.o [1]
  .rodata             const    0x080155ac     0x44  parser.o [1]
  .rodata             const    0x080155f0     0x44  parser.o [1]
  .rodata             const    0x08015634     0x44  parser.o [1]
  .rodata             const    0x08015678     0x40  main.o [1]
  .rodata             const    0x080156b8     0x40  main.o [1]
  .rodata             const    0x080156f8     0x40  parser.o [1]
  .rodata             const    0x08015738     0x40  parser.o [1]
  .rodata             const    0x08015778     0x40  parser.o [1]
  .rodata             const    0x080157b8     0x40  parser.o [1]
  .rodata             const    0x080157f8     0x40  parser.o [1]
  .rodata             const    0x08015838     0x40  parser.o [1]
  .text               ro code  0x08015878     0x40  zero_init3.o [5]
  .rodata             const    0x080158b8     0x3c  parser.o [1]
  .rodata             const    0x080158f4     0x3c  parser.o [1]
  .rodata             const    0x08015930     0x3c  parser.o [1]
  .rodata             const    0x0801596c     0x3c  parser.o [1]
  .rodata             const    0x080159a8     0x38  parser.o [1]
  .rodata             const    0x080159e0     0x38  parser.o [1]
  .rodata             const    0x08015a18     0x38  parser.o [1]
  .rodata             const    0x08015a50     0x38  parser.o [1]
  .rodata             const    0x08015a88     0x38  parser.o [1]
  .text               ro code  0x08015ac0     0x38  packbits_init_single.o [5]
  .rodata             const    0x08015af8     0x34  main.o [1]
  .rodata             const    0x08015b2c     0x34  parser.o [1]
  .rodata             const    0x08015b60     0x34  parser.o [1]
  .rodata             const    0x08015b94     0x34  parser.o [1]
  .rodata             const    0x08015bc8     0x34  parser.o [1]
  .rodata             const    0x08015bfc     0x30  parser.o [1]
  .rodata             const    0x08015c2c     0x30  parser.o [1]
  .rodata             const    0x08015c5c     0x30  parser.o [1]
  .rodata             const    0x08015c8c     0x30  parser.o [1]
  .rodata             const    0x08015cbc     0x30  parser.o [1]
  .rodata             const    0x08015cec     0x30  parser.o [1]
  .rodata             const    0x08015d1c     0x30  parser.o [1]
  .rodata             const    0x08015d4c     0x30  parser.o [1]
  .rodata             const    0x08015d7c     0x2c  main.o [1]
  .rodata             const    0x08015da8     0x2c  parser.o [1]
  .rodata             const    0x08015dd4     0x2c  parser.o [1]
  .rodata             const    0x08015e00     0x2c  parser.o [1]
  .rodata             const    0x08015e2c     0x2c  parser.o [1]
  .rodata             const    0x08015e58     0x2c  parser.o [1]
  .rodata             const    0x08015e84     0x2c  parser.o [1]
  .rodata             const    0x08015eb0     0x2c  parser.o [1]
  .rodata             const    0x08015edc     0x2c  parser.o [1]
  .rodata             const    0x08015f08     0x2c  parser.o [1]
  .rodata             const    0x08015f34     0x2c  parser.o [1]
  .rodata             const    0x08015f60     0x28  main.o [1]
  .rodata             const    0x08015f88     0x28  main.o [1]
  .rodata             const    0x08015fb0     0x28  parser.o [1]
  .rodata             const    0x08015fd8     0x28  parser.o [1]
  .rodata             const    0x08016000     0x28  parser.o [1]
  .rodata             const    0x08016028     0x28  parser.o [1]
  .rodata             const    0x08016050     0x28  parser.o [1]
  .rodata             const    0x08016078     0x28  parser.o [1]
  .rodata             const    0x080160a0     0x28  parser.o [1]
  .rodata             const    0x080160c8     0x28  parser.o [1]
  .rodata             const    0x080160f0     0x28  parser.o [1]
  .rodata             const    0x08016118     0x28  parser.o [1]
  .rodata             const    0x08016140     0x28  parser.o [1]
  .rodata             const    0x08016168     0x28  parser.o [1]
  .rodata             const    0x08016190     0x28  parser.o [1]
  .rodata             const    0x080161b8     0x28  parser.o [1]
  .rodata             const    0x080161e0     0x28  parser.o [1]
  .rodata             const    0x08016208     0x28  parser.o [1]
  .rodata             const    0x08016230     0x28  parser.o [1]
  .rodata             const    0x08016258     0x28  parser.o [1]
  .rodata             const    0x08016280     0x28  parser.o [1]
  .rodata             const    0x080162a8     0x28  parser.o [1]
  .rodata             const    0x080162d0     0x28  parser.o [1]
  .rodata             const    0x080162f8     0x28  parser.o [1]
  .rodata             const    0x08016320     0x28  parser.o [1]
  .rodata             const    0x08016348     0x28  parser.o [1]
  .rodata             const    0x08016370     0x28  parser.o [1]
  .rodata             const    0x08016398     0x28  parser.o [1]
  .rodata             const    0x080163c0     0x28  parser.o [1]
  .rodata             const    0x080163e8     0x28  parser.o [1]
  .rodata             const    0x08016410     0x28  parser.o [1]
  .rodata             const    0x08016438     0x28  parser.o [1]
  .text               ro code  0x08016460     0x28  data_init.o [5]
  .rodata             const    0x08016488     0x24  parser.o [1]
  .rodata             const    0x080164ac     0x24  parser.o [1]
  .rodata             const    0x080164d0     0x24  parser.o [1]
  .rodata             const    0x080164f4     0x24  parser.o [1]
  .rodata             const    0x08016518     0x24  parser.o [1]
  .rodata             const    0x0801653c     0x24  parser.o [1]
  .rodata             const    0x08016560     0x24  parser.o [1]
  .rodata             const    0x08016584     0x24  parser.o [1]
  .rodata             const    0x080165a8     0x24  parser.o [1]
  .rodata             const    0x080165cc     0x24  parser.o [1]
  .rodata             const    0x080165f0     0x24  parser.o [1]
  .rodata             const    0x08016614     0x24  parser.o [1]
  .rodata             const    0x08016638     0x24  parser.o [1]
  .rodata             const    0x0801665c     0x24  parser.o [1]
  .iar.init_table     const    0x08016680     0x30  - Linker created -
  .rodata             const    0x080166b0     0x20  app_data.o [1]
  .rodata             const    0x080166d0     0x20  app_data.o [1]
  .rodata             const    0x080166f0     0x20  app_data.o [1]
  .rodata             const    0x08016710     0x20  app_data.o [1]
  .rodata             const    0x08016730     0x20  app_data.o [1]
  .rodata             const    0x08016750     0x20  app_data.o [1]
  .rodata             const    0x08016770     0x20  app_data.o [1]
  .rodata             const    0x08016790     0x20  app_data.o [1]
  .rodata             const    0x080167b0     0x20  app_data.o [1]
  .rodata             const    0x080167d0     0x20  app_data.o [1]
  .rodata             const    0x080167f0     0x20  app_data.o [1]
  .rodata             const    0x08016810     0x20  app_data.o [1]
  .rodata             const    0x08016830     0x20  app_data.o [1]
  .rodata             const    0x08016850     0x20  app_data.o [1]
  .rodata             const    0x08016870     0x20  app_data.o [1]
  .rodata             const    0x08016890     0x20  app_data.o [1]
  .rodata             const    0x080168b0     0x20  app_data.o [1]
  .rodata             const    0x080168d0     0x20  app_data.o [1]
  .rodata             const    0x080168f0     0x20  app_data.o [1]
  .rodata             const    0x08016910     0x20  app_data.o [1]
  .rodata             const    0x08016930     0x20  app_data.o [1]
  .rodata             const    0x08016950     0x20  app_data.o [1]
  .rodata             const    0x08016970     0x20  app_data.o [1]
  .rodata             const    0x08016990     0x20  app_data.o [1]
  .rodata             const    0x080169b0     0x20  app_data.o [1]
  .rodata             const    0x080169d0     0x20  app_data.o [1]
  .rodata             const    0x080169f0     0x20  app_data.o [1]
  .rodata             const    0x08016a10     0x20  app_data.o [1]
  .rodata             const    0x08016a30     0x20  app_data.o [1]
  .rodata             const    0x08016a50     0x20  bgm111.o [1]
  .rodata             const    0x08016a70     0x20  bgm111.o [1]
  .rodata             const    0x08016a90     0x20  parser.o [1]
  .rodata             const    0x08016ab0     0x20  parser.o [1]
  .rodata             const    0x08016ad0     0x20  parser.o [1]
  .rodata             const    0x08016af0     0x20  parser.o [1]
  .rodata             const    0x08016b10     0x20  parser.o [1]
  .rodata             const    0x08016b30     0x20  parser.o [1]
  .rodata             const    0x08016b50     0x20  parser.o [1]
  .rodata             const    0x08016b70     0x20  parser.o [1]
  .rodata             const    0x08016b90     0x20  parser.o [1]
  .rodata             const    0x08016bb0     0x20  parser.o [1]
  .rodata             const    0x08016bd0     0x20  parser.o [1]
  .rodata             const    0x08016bf0     0x20  parser.o [1]
  .rodata             const    0x08016c10     0x20  parser.o [1]
  .rodata             const    0x08016c30     0x20  parser.o [1]
  .rodata             const    0x08016c50     0x20  parser.o [1]
  .rodata             const    0x08016c70     0x20  parser.o [1]
  .rodata             const    0x08016c90     0x20  parser.o [1]
  .rodata             const    0x08016cb0     0x1c  bgm111.o [1]
  .rodata             const    0x08016ccc     0x1c  bgm111.o [1]
  .rodata             const    0x08016ce8     0x1c  bgm111.o [1]
  .rodata             const    0x08016d04     0x1c  ErrorCodes.o [1]
  .rodata             const    0x08016d20     0x1c  parser.o [1]
  .rodata             const    0x08016d3c     0x1c  parser.o [1]
  .rodata             const    0x08016d58     0x1c  parser.o [1]
  .rodata             const    0x08016d74     0x1c  parser.o [1]
  .rodata             const    0x08016d90     0x1c  parser.o [1]
  .rodata             const    0x08016dac     0x1c  parser.o [1]
  .rodata             const    0x08016dc8     0x1c  parser.o [1]
  .text               ro code  0x08016de4     0x1a  cmain.o [5]
  .text               ro code  0x08016dfe      0x4  low_level_init.o [3]
  .text               ro code  0x08016e02      0x4  exit.o [3]
  .text               ro code  0x08016e08      0xa  cexit.o [5]
  .text               ro code  0x08016e14     0x14  exit.o [6]
  .rodata             const    0x08016e28     0x18  app_data.o [1]
  .rodata             const    0x08016e40     0x18  bgm111.o [1]
  .rodata             const    0x08016e58     0x18  parser.o [1]
  .rodata             const    0x08016e70     0x18  parser.o [1]
  .rodata             const    0x08016e88     0x18  parser.o [1]
  .rodata             const    0x08016ea0     0x18  parser.o [1]
  .rodata             const    0x08016eb8     0x18  parser.o [1]
  .rodata             const    0x08016ed0     0x18  parser.o [1]
  .rodata             const    0x08016ee8     0x18  parser.o [1]
  .rodata             const    0x08016f00     0x18  parser.o [1]
  .rodata             const    0x08016f18     0x18  parser.o [1]
  .rodata             const    0x08016f30     0x18  parser.o [1]
  .rodata             const    0x08016f48     0x18  parser.o [1]
  .rodata             const    0x08016f60     0x18  parser.o [1]
  .rodata             const    0x08016f78     0x18  parser.o [1]
  .rodata             const    0x08016f90     0x18  parser.o [1]
  .rodata             const    0x08016fa8     0x18  parser.o [1]
  .rodata             const    0x08016fc0     0x18  parser.o [1]
  .rodata             const    0x08016fd8     0x18  parser.o [1]
  .rodata             const    0x08016ff0     0x18  parser.o [1]
  .rodata             const    0x08017008     0x18  parser.o [1]
  .rodata             const    0x08017020     0x18  parser.o [1]
  .rodata             const    0x08017038     0x18  parser.o [1]
  .rodata             const    0x08017050     0x18  parser.o [1]
  .rodata             const    0x08017068     0x18  parser.o [1]
  .rodata             const    0x08017080     0x18  parser.o [1]
  .rodata             const    0x08017098     0x18  parser.o [1]
  .rodata             const    0x080170b0     0x18  parser.o [1]
  .rodata             const    0x080170c8     0x18  parser.o [1]
  .rodata             const    0x080170e0     0x18  parser.o [1]
  .rodata             const    0x080170f8     0x18  parser.o [1]
  .rodata             const    0x08017110     0x18  parser.o [1]
  .rodata             const    0x08017128     0x18  parser.o [1]
  .rodata             const    0x08017140     0x18  parser.o [1]
  .rodata             const    0x08017158     0x18  parser.o [1]
  .rodata             const    0x08017170     0x18  parser.o [1]
  .rodata             const    0x08017188     0x18  parser.o [1]
  .rodata             const    0x080171a0     0x18  parser.o [1]
  .rodata             const    0x080171b8     0x18  parser.o [1]
  .rodata             const    0x080171d0     0x18  parser.o [1]
  .rodata             const    0x080171e8     0x18  parser.o [1]
  .rodata             const    0x08017200     0x18  parser.o [1]
  .rodata             const    0x08017218     0x18  parser.o [1]
  .rodata             const    0x08017230     0x18  parser.o [1]
  .rodata             const    0x08017248     0x18  parser.o [1]
  .rodata             const    0x08017260     0x18  parser.o [1]
  .rodata             const    0x08017278     0x18  parser.o [1]
  .rodata             const    0x08017290     0x18  parser.o [1]
  .rodata             const    0x080172a8     0x18  parser.o [1]
  .rodata             const    0x080172c0     0x18  parser.o [1]
  .rodata             const    0x080172d8     0x18  parser.o [1]
  .rodata             const    0x080172f0     0x14  app_data.o [1]
  .rodata             const    0x08017304     0x14  bgm111.o [1]
  .rodata             const    0x08017318     0x14  bgm111.o [1]
  .rodata             const    0x0801732c     0x14  bgm111.o [1]
  .rodata             const    0x08017340     0x14  bgm111.o [1]
  .rodata             const    0x08017354     0x14  bgm111.o [1]
  .rodata             const    0x08017368     0x14  Calibration.o [1]
  .rodata             const    0x0801737c     0x14  ErrorCodes.o [1]
  .rodata             const    0x08017390     0x14  gpio.o [1]
  .rodata             const    0x080173a4     0x14  parser.o [1]
  .rodata             const    0x080173b8     0x14  parser.o [1]
  .rodata             const    0x080173cc     0x14  parser.o [1]
  .rodata             const    0x080173e0     0x14  parser.o [1]
  .rodata             const    0x080173f4     0x14  parser.o [1]
  .rodata             const    0x08017408     0x14  parser.o [1]
  .rodata             const    0x0801741c     0x14  parser.o [1]
  .rodata             const    0x08017430     0x14  parser.o [1]
  .rodata             const    0x08017444     0x14  parser.o [1]
  .rodata             const    0x08017458     0x14  parser.o [1]
  .rodata             const    0x0801746c     0x14  parser.o [1]
  .rodata             const    0x08017480     0x14  parser.o [1]
  .rodata             const    0x08017494     0x14  parser.o [1]
  .rodata             const    0x080174a8     0x14  parser.o [1]
  .rodata             const    0x080174bc     0x10  app_data.o [1]
  .rodata             const    0x080174cc     0x10  bgm111.o [1]
  .rodata             const    0x080174dc     0x10  bgm111.o [1]
  .rodata             const    0x080174ec     0x10  bgm111.o [1]
  .rodata             const    0x080174fc     0x10  bgm111.o [1]
  .rodata             const    0x0801750c     0x10  bgm111.o [1]
  .rodata             const    0x0801751c     0x10  parser.o [1]
  .rodata             const    0x0801752c     0x10  parser.o [1]
  .rodata             const    0x0801753c     0x10  parser.o [1]
  .rodata             const    0x0801754c     0x10  parser.o [1]
  .rodata             const    0x0801755c     0x10  parser.o [1]
  .rodata             const    0x0801756c     0x10  system_stm32l1xx.o [1]
  .text               ro code  0x0801757c     0x10  startup_stm32l152xe.o [1]
  .rodata             const    0x0801758c      0xc  app_data.o [1]
  .rodata             const    0x08017598      0xc  app_data.o [1]
  .rodata             const    0x080175a4      0xc  bgm111.o [1]
  .rodata             const    0x080175b0      0xc  bgm111.o [1]
  .rodata             const    0x080175bc      0xc  bgm111.o [1]
  .rodata             const    0x080175c8      0xc  bgm111.o [1]
  .rodata             const    0x080175d4      0xc  bgm111.o [1]
  .rodata             const    0x080175e0      0xc  Calibration.o [1]
  .rodata             const    0x080175ec      0xc  Calibration.o [1]
  .rodata             const    0x080175f8      0xc  Calibration.o [1]
  .rodata             const    0x08017604      0xc  Calibration.o [1]
  .rodata             const    0x08017610      0xc  Calibration.o [1]
  .rodata             const    0x0801761c      0xc  Calibration.o [1]
  .rodata             const    0x08017628      0xc  Calibration.o [1]
  .rodata             const    0x08017634      0xc  Calibration.o [1]
  .rodata             const    0x08017640      0xc  Calibration.o [1]
  .rodata             const    0x0801764c      0xc  Calibration.o [1]
  .rodata             const    0x08017658      0xc  Calibration.o [1]
  .rodata             const    0x08017664      0xc  Calibration.o [1]
  .rodata             const    0x08017670      0xc  Calibration.o [1]
  .rodata             const    0x0801767c      0xc  Calibration.o [1]
  .rodata             const    0x08017688      0xc  Calibration.o [1]
  .rodata             const    0x08017694      0xc  Calibration.o [1]
  .rodata             const    0x080176a0      0xc  Calibration.o [1]
  .rodata             const    0x080176ac      0xc  Calibration.o [1]
  .rodata             const    0x080176b8      0xc  Calibration.o [1]
  .rodata             const    0x080176c4      0xc  main.o [1]
  .rodata             const    0x080176d0      0xc  parser.o [1]
  .rodata             const    0x080176dc      0xc  parser.o [1]
  .rodata             const    0x080176e8      0xc  parser.o [1]
  .rodata             const    0x080176f4      0xc  parser.o [1]
  .rodata             const    0x08017700      0xc  parser.o [1]
  .rodata             const    0x0801770c      0xc  parser.o [1]
  .rodata             const    0x08017718      0xc  parser.o [1]
  .rodata             const    0x08017724      0xc  stm32l1xx_hal_rcc.o [1]
  .text               ro code  0x08017730      0xc  cstartup_M.o [5]
  .rodata             const    0x0801773c      0x8  app_data.o [1]
  .rodata             const    0x08017744      0x8  app_data.o [1]
  .rodata             const    0x0801774c      0x8  app_data.o [1]
  .rodata             const    0x08017754      0x8  app_data.o [1]
  .rodata             const    0x0801775c      0x8  barometer.o [1]
  .rodata             const    0x08017764      0x8  barometer.o [1]
  .rodata             const    0x0801776c      0x8  barometer.o [1]
  .rodata             const    0x08017774      0x8  barometer.o [1]
  .rodata             const    0x0801777c      0x8  bgm111.o [1]
  .rodata             const    0x08017784      0x8  bgm111.o [1]
  .rodata             const    0x0801778c      0x8  bgm111.o [1]
  .rodata             const    0x08017794      0x8  Calibration.o [1]
  .rodata             const    0x0801779c      0x8  Calibration.o [1]
  .rodata             const    0x080177a4      0x8  Calibration.o [1]
  .rodata             const    0x080177ac      0x8  Calibration.o [1]
  .rodata             const    0x080177b4      0x8  ErrorCodes.o [1]
  .rodata             const    0x080177bc      0x8  ErrorCodes.o [1]
  .rodata             const    0x080177c4      0x8  ErrorCodes.o [1]
  .rodata             const    0x080177cc      0x8  ErrorCodes.o [1]
  .rodata             const    0x080177d4      0x8  ErrorCodes.o [1]
  .rodata             const    0x080177dc      0x8  ErrorCodes.o [1]
  .rodata             const    0x080177e4      0x8  ErrorCodes.o [1]
  .rodata             const    0x080177ec      0x8  ErrorCodes.o [1]
  .rodata             const    0x080177f4      0x8  ErrorCodes.o [1]
  .rodata             const    0x080177fc      0x8  ErrorCodes.o [1]
  .rodata             const    0x08017804      0x8  ErrorCodes.o [1]
  .rodata             const    0x0801780c      0x8  ErrorCodes.o [1]
  .rodata             const    0x08017814      0x8  ErrorCodes.o [1]
  .rodata             const    0x0801781c      0x8  ErrorCodes.o [1]
  .rodata             const    0x08017824      0x8  ErrorCodes.o [1]
  .rodata             const    0x0801782c      0x8  ErrorCodes.o [1]
  .rodata             const    0x08017834      0x8  ErrorCodes.o [1]
  .rodata             const    0x0801783c      0x8  ErrorCodes.o [1]
  .rodata             const    0x08017844      0x8  ErrorCodes.o [1]
  .rodata             const    0x0801784c      0x8  ErrorCodes.o [1]
  .rodata             const    0x08017854      0x8  ErrorCodes.o [1]
  .rodata             const    0x0801785c      0x8  ErrorCodes.o [1]
  .rodata             const    0x08017864      0x8  ErrorCodes.o [1]
  .rodata             const    0x0801786c      0x8  GridEye.o [1]
  .rodata             const    0x08017874      0x8  GridEye.o [1]
  .rodata             const    0x0801787c      0x8  Humidity.o [1]
  .rodata             const    0x08017884      0x8  Humidity.o [1]
  .rodata             const    0x0801788c      0x8  Humidity.o [1]
  .rodata             const    0x08017894      0x8  main.o [1]
  .rodata             const    0x0801789c      0x8  main.o [1]
  .rodata             const    0x080178a4      0x8  parser.o [1]
  .rodata             const    0x080178ac      0x8  parser.o [1]
  .rodata             const    0x080178b4      0x8  parser.o [1]
  .rodata             const    0x080178bc      0x8  parser.o [1]
  .rodata             const    0x080178c4      0x8  parser.o [1]
  .rodata             const    0x080178cc      0x8  parser.o [1]
  .rodata             const    0x080178d4      0x8  parser.o [1]
  .rodata             const    0x080178dc      0x8  parser.o [1]
  .rodata             const    0x080178e4      0x8  parser.o [1]
  .rodata             const    0x080178ec      0x8  parser.o [1]
  .rodata             const    0x080178f4      0x8  parser.o [1]
  .rodata             const    0x080178fc      0x8  parser.o [1]
  .rodata             const    0x08017904      0x8  parser.o [1]
  .rodata             const    0x0801790c      0x8  parser.o [1]
  .rodata             const    0x08017914      0x8  parser.o [1]
  .rodata             const    0x0801791c      0x8  parser.o [1]
  .rodata             const    0x08017924      0x8  parser.o [1]
  .rodata             const    0x0801792c      0x8  parser.o [1]
  .rodata             const    0x08017934      0x8  parser.o [1]
  .rodata             const    0x0801793c      0x8  parser.o [1]
  .rodata             const    0x08017944      0x8  parser.o [1]
  .rodata             const    0x0801794c      0x8  parser.o [1]
  .rodata             const    0x08017954      0x8  parser.o [1]
  .rodata             const    0x0801795c      0x8  parser.o [1]
  .rodata             const    0x08017964      0x8  parser.o [1]
  .rodata             const    0x0801796c      0x8  Rd_Sound.o [1]
  .rodata             const    0x08017974      0x8  RGBLight.o [1]
  .rodata             const    0x0801797c      0x8  system_stm32l1xx.o [1]
  .rodata             const    0x08017984      0x8  Temperature.o [1]
  .rodata             const    0x0801798c      0x8  Temperature.o [1]
  .rodata             const    0x08017994      0x8  VMonitor.o [1]
  .rodata             const    0x0801799c      0x8  VMonitor.o [1]
  .rodata             const    0x080179a4      0x8  VMonitor.o [1]
  .rodata             const    0x080179ac      0x4  stm32l1xx_hal_rcc.o [1]
  .text               ro code  0x080179b0      0x4  startup_stm32l152xe.o [1]
  .text               ro code  0x080179b4      0x4  startup_stm32l152xe.o [1]
  .text               ro code  0x080179b8      0x4  startup_stm32l152xe.o [1]
  .text               ro code  0x080179bc      0x4  startup_stm32l152xe.o [1]
  .text               ro code  0x080179c0      0x4  startup_stm32l152xe.o [1]
  .text               ro code  0x080179c4      0x4  startup_stm32l152xe.o [1]
  .text               ro code  0x080179c8      0x4  startup_stm32l152xe.o [1]
  .text               ro code  0x080179cc      0x4  startup_stm32l152xe.o [1]
  .text               ro code  0x080179d0      0x4  startup_stm32l152xe.o [1]
  .text               ro code  0x080179d4      0x4  startup_stm32l152xe.o [1]
  .text               ro code  0x080179d8      0x4  startup_stm32l152xe.o [1]
  .text               ro code  0x080179dc      0x4  startup_stm32l152xe.o [1]
  .text               ro code  0x080179e0      0x4  startup_stm32l152xe.o [1]
  .text               ro code  0x080179e4      0x4  startup_stm32l152xe.o [1]
  .text               ro code  0x080179e8      0x4  startup_stm32l152xe.o [1]
  .text               ro code  0x080179ec      0x4  startup_stm32l152xe.o [1]
  .text               ro code  0x080179f0      0x4  startup_stm32l152xe.o [1]
  .text               ro code  0x080179f4      0x4  startup_stm32l152xe.o [1]
  .text               ro code  0x080179f8      0x4  startup_stm32l152xe.o [1]
  .text               ro code  0x080179fc      0x4  startup_stm32l152xe.o [1]
  .text               ro code  0x08017a00      0x4  startup_stm32l152xe.o [1]
  .text               ro code  0x08017a04      0x4  startup_stm32l152xe.o [1]
  .text               ro code  0x08017a08      0x4  startup_stm32l152xe.o [1]
  .text               ro code  0x08017a0c      0x4  startup_stm32l152xe.o [1]
  .text               ro code  0x08017a10      0x4  startup_stm32l152xe.o [1]
  .text               ro code  0x08017a14      0x4  startup_stm32l152xe.o [1]
  .text               ro code  0x08017a18      0x4  startup_stm32l152xe.o [1]
  .text               ro code  0x08017a1c      0x4  startup_stm32l152xe.o [1]
  .text               ro code  0x08017a20      0x4  startup_stm32l152xe.o [1]
  .text               ro code  0x08017a24      0x4  startup_stm32l152xe.o [1]
  .text               ro code  0x08017a28      0x4  startup_stm32l152xe.o [1]
  .text               ro code  0x08017a2c      0x4  startup_stm32l152xe.o [1]
  .text               ro code  0x08017a30      0x4  startup_stm32l152xe.o [1]
  .text               ro code  0x08017a34      0x4  startup_stm32l152xe.o [1]
  .text               ro code  0x08017a38      0x4  startup_stm32l152xe.o [1]
  .text               ro code  0x08017a3c      0x4  startup_stm32l152xe.o [1]
  .text               ro code  0x08017a40      0x4  startup_stm32l152xe.o [1]
  .text               ro code  0x08017a44      0x4  startup_stm32l152xe.o [1]
  .text               ro code  0x08017a48      0x4  startup_stm32l152xe.o [1]
  .text               ro code  0x08017a4c      0x4  startup_stm32l152xe.o [1]
  .text               ro code  0x08017a50      0x4  startup_stm32l152xe.o [1]
  .text               ro code  0x08017a54      0x4  startup_stm32l152xe.o [1]
  .text               ro code  0x08017a58      0x4  startup_stm32l152xe.o [1]
  .text               ro code  0x08017a5c      0x4  startup_stm32l152xe.o [1]
  .text               ro code  0x08017a60      0x4  startup_stm32l152xe.o [1]
  .text               ro code  0x08017a64      0x4  startup_stm32l152xe.o [1]
  .text               ro code  0x08017a68      0x4  startup_stm32l152xe.o [1]
  .text               ro code  0x08017a6c      0x4  startup_stm32l152xe.o [1]
  .text               ro code  0x08017a70      0x4  startup_stm32l152xe.o [1]
  .text               ro code  0x08017a74      0x4  startup_stm32l152xe.o [1]
  .rodata             const    0x08017a78      0x0  zero_init3.o [5]
  .rodata             const    0x08017a78      0x0  packbits_init_single.o [5]
  Initializer bytes   const    0x08017a78     0x54  <for P2-1>
                             - 0x08017acc  0x179a8

Absolute sections, part 1 of 2:               0x18
  .bss                zero     0x08070000     0x18  wwdg.o [1]
                             - 0x08070018     0x18

Absolute sections, part 2 of 2:               0xc8
  .bss                zero     0x08070100     0xc8  Calibration.o [1]
                             - 0x080701c8     0xc8

"P2", part 1 of 3:                           0x14c
  P2-1                         0x20000000    0x14c  <Init block>
    .data             inited   0x20000000      0xc  adc.o [1]
    .data             inited   0x2000000c      0x4  bgm111.o [1]
    .data             inited   0x20000010      0x4  bgm111.o [1]
    .data             inited   0x20000014     0x24  gpio.o [1]
    .data             inited   0x20000038      0x4  system_stm32l1xx.o [1]
    .data             inited   0x2000003c      0x4  tim.o [1]
    .data             inited   0x20000040      0x4  tim.o [1]
    .data             inited   0x20000044      0x4  tim.o [1]
    .data             inited   0x20000048      0x4  usart.o [1]
    __DLIB_PERTHREAD  inited   0x2000004c     0x88  localeconv.o [3]
    __DLIB_PERTHREAD  inited   0x200000d4      0x4  errno.o [3]
    __DLIB_PERTHREAD  inited   0x200000d8     0x74  setlocale.o [3]
                             - 0x2000014c    0x14c

"P2", part 2 of 3:                          0x1000
  CSTACK                       0x20000150   0x1000  <Block>
    CSTACK            uninit   0x20000150   0x1000  <Block tail>
  HEAP                         0x20001150      0x0  <Block>
                             - 0x20001150   0x1000

"P2", part 3 of 3:                          0x2528
  .bss                zero     0x20001150    0xf78  bgm111.o [1]
  .bss                zero     0x200020c8    0x324  bgm111.o [1]
  .bss                zero     0x200023ec    0x324  ErrorCodes.o [1]
  .bss                zero     0x20002710    0x248  app_data.o [1]
  .bss                zero     0x20002958    0x248  app_data.o [1]
  .bss                zero     0x20002ba0    0x220  usbd_conf.o [1]
  .bss                zero     0x20002dc0    0x1a0  bgm111.o [1]
  .bss                zero     0x20002f60     0xc8  Calibration.o [1]
  .bss                zero     0x20003028     0x8c  tasks.o [1]
  .bss                zero     0x200030b4     0x84  bgm111.o [1]
  .bss                zero     0x20003138     0x84  bgm111.o [1]
  .bss                zero     0x200031bc     0x80  Rd_Sound.o [1]
  .bss                zero     0x2000323c     0x80  Rd_Sound.o [1]
  .bss                zero     0x200032bc     0x80  Rd_Sound.o [1]
  .bss                zero     0x2000333c     0x54  adc.o [1]
  .bss                zero     0x20003390     0x40  usart.o [1]
  .bss                zero     0x200033d0     0x40  usart.o [1]
  .bss                zero     0x20003410     0x3c  i2c.o [1]
  .bss                zero     0x2000344c     0x38  adc.o [1]
  .bss                zero     0x20003484     0x38  stm32l1xx_hal_timebase_TIM.o [1]
  .bss                zero     0x200034bc     0x38  tim.o [1]
  .bss                zero     0x200034f4     0x38  tim.o [1]
  .bss                zero     0x2000352c     0x28  bgm111.o [1]
  .bss                zero     0x20003554     0x28  usart.o [1]
  .bss                zero     0x2000357c     0x1c  Flash.o [1]
  .bss                zero     0x20003598     0x18  stm32l1xx_hal_flash.o [1]
  .bss                zero     0x200035b0     0x18  wwdg.o [1]
  .bss                zero     0x200035c8     0x14  wwdg.o [1]
  .bss                zero     0x200035dc      0xc  adc.o [1]
  .bss                zero     0x200035e8      0xc  app_data.o [1]
  .bss                zero     0x200035f4      0xc  Flash.o [1]
  .bss                zero     0x20003600      0x8  app_data.o [1]
  .bss                zero     0x20003608      0x8  xxmemxmalloc.o [3]
  .bss                zero     0x20003610      0x4  bgm111.o [1]
  .bss                zero     0x20003614      0x4  bgm111.o [1]
  .bss                zero     0x20003618      0x4  bgm111.o [1]
  .bss                zero     0x2000361c      0x4  bgm111.o [1]
  .bss                zero     0x20003620      0x4  bgm111.o [1]
  .bss                zero     0x20003624      0x4  Flash.o [1]
  .bss                zero     0x20003628      0x4  stm32l1xx_hal.o [1]
  .bss                zero     0x2000362c      0x4  tasks.o [1]
  .bss                zero     0x20003630      0x4  tasks.o [1]
  .bss                zero     0x20003634      0x4  tasks.o [1]
  .bss                zero     0x20003638      0x4  tasks.o [1]
  .bss                zero     0x2000363c      0x4  tasks.o [1]
  .bss                zero     0x20003640      0x4  tasks.o [1]
  .bss                zero     0x20003644      0x4  tasks.o [1]
  .bss                zero     0x20003648      0x4  tasks.o [1]
  .bss                zero     0x2000364c      0x4  tasks.o [1]
  .bss                zero     0x20003650      0x4  tasks.o [1]
  .bss                zero     0x20003654      0x4  tasks.o [1]
  .bss                zero     0x20003658      0x4  usart.o [1]
  .bss                zero     0x2000365c      0x4  usart.o [1]
  .bss                zero     0x20003660      0x4  wwdg.o [1]
  .bss                zero     0x20003664      0x4  xgetmemchunk.o [3]
  .bss                zero     0x20003668      0x2  app_data.o [1]
  .bss                zero     0x2000366a      0x2  app_data.o [1]
  .bss                zero     0x2000366c      0x1  adc.o [1]
  .bss                zero     0x2000366d      0x1  adc.o [1]
  .bss                zero     0x2000366e      0x1  adc.o [1]
  .bss                zero     0x2000366f      0x1  bgm111.o [1]
  .bss                zero     0x20003670      0x1  parser.o [1]
  .bss                zero     0x20003671      0x1  tim.o [1]
  .bss                zero     0x20003672      0x1  tim.o [1]
  .bss                zero     0x20003673      0x1  usart.o [1]
  .bss                zero     0x20003674      0x1  usart.o [1]
  .bss                zero     0x20003675      0x1  usart.o [1]
  .bss                zero     0x20003676      0x1  usbd_ctlreq.o [1]
  .bss                zero     0x20003677      0x1  wwdg.o [1]
                             - 0x20003678   0x2528


*******************************************************************************
*** INIT TABLE
***

          Address     Size
          -------     ----
Zero (__iar_zero_init3)
    3 destination ranges, total size 0x2608:
          0x08070000    0x18
          0x08070100    0xc8
          0x20001150  0x2528

Copy/packbits (__iar_packbits_init_single3)
    1 source range, total size 0x54 (25% of destination):
          0x08017a78    0x54
    1 destination range, total size 0x14c:
          0x20000000   0x14c



*******************************************************************************
*** MODULE SUMMARY
***

    Module                        ro code  ro data  rw data  rw data
                                                              (abs)
    ------                        -------  -------  -------  -------
D:\GoogleDriveCLT\GoogleDrive\WeatherCloud\Roadboard\Software\Road-Board-December-2016N8\EWARM\Road Brd MSTR Rev L Long Always\Obj: [1]
    Calibration.o                     320      380      200      200
    ErrorCodes.o                      318      324      804
    Flash.o                           344                44
    GridEye.o                       6 828       16
    Humidity.o                      3 260       24
    RGBLight.o                        808        8
    Rd_Sound.o                        576        8      384
    Temperature.o                     692       16
    VMonitor.o                      2 164       24
    adc.o                             700        3      167
    app_data.o                      4 356    1 044    1 192
    barometer.o                       632       32
    bgm111.o                        2 156      438    5 513
    cmsis_os.o                         16
    dma.o                              48
    fix_fft.o                         456      192
    gecko_bglib.o                     432
    gpio.o                            452       29       36
    i2c.o                           1 248                60
    list.o                             64
    lps25hb.o                         584
    main.o                          1 622      332
    parser.o                       11 956    6 548        1
    port.o                             36
    portasm.o                         148
    startup_stm32l152xe.o             508
    stm32l1xx_hal.o                    72                 4
    stm32l1xx_hal_adc.o             2 090
    stm32l1xx_hal_cortex.o            432
    stm32l1xx_hal_dma.o             3 838
    stm32l1xx_hal_flash.o             408                24
    stm32l1xx_hal_flash_ex.o          204
    stm32l1xx_hal_gpio.o              888
    stm32l1xx_hal_i2c.o             4 120
    stm32l1xx_hal_msp.o               152
    stm32l1xx_hal_pcd.o             4 212
    stm32l1xx_hal_pwr_ex.o             16
    stm32l1xx_hal_rcc.o             3 284       16
    stm32l1xx_hal_tim.o               986
    stm32l1xx_hal_tim_ex.o             94
    stm32l1xx_hal_timebase_TIM.o      144                56
    stm32l1xx_hal_uart.o            2 284
    stm32l1xx_hal_wwdg.o              214
    stm32l1xx_it.o                    132
    system_stm32l1xx.o                100       25        4
    tasks.o                           548               184
    tim.o                             588        3      126
    usart.o                         1 212        1      183
    usbd_conf.o                       408               544
    usbd_core.o                       712
    usbd_ctlreq.o                   1 544                 1
    usbd_ioreq.o                      144
    wwdg.o                            404                49       24
    ----------------------------------------------------------------
    Total:                         69 954    9 463    9 576      224

command line: [2]
    ----------------------------------------------------------------
    Total:

dl7M_tlf.a: [3]
    atoi.o                              8
    div.o                              14
    errno.o                            12        1        4
    exit.o                              4
    isdigit.o                          10
    isxxx.o                            40
    localeconv.o                      108       34      136
    low_level_init.o                    4
    setlocale.o                        40       30      116
    sprintf.o                          52
    sscanf.o                           36
    strcat.o                           28
    strncmp.o                          44
    tolower.o                          20
    xencoding_sb.o                     96
    xgetmemchunk.o                     44                 4
    xlocale_c.o                        54
    xmbcurmax.o                        10
    xmbtowc.o                          32
    xprintffull.o                   4 510
    xscanffull.o                    3 312
    xsprout.o                          10
    xsscin.o                           30
    xstoflt.o                         464
    xstoll.o                          166
    xstopfx.o                         290
    xstoul.o                          408
    xstoull.o                         432
    xstoxflt.o                        564
    xtls.o                              2
    xwctob.o                           64
    xwctomb.o                          26
    xxmemxfree.o                      128
    xxmemxmalloc.o                    176                 8
    ----------------------------------------------------------------
    Total:                         11 238       65      268

m7M_tl.a: [4]
    DblAdd.o                          232
    DblCmpEq.o                         32
    DblCmpGe.o                         46
    DblCmpLe.o                         46
    DblDiv.o                          598
    DblMul.o                          418
    DblSub.o                          384
    DblToFlt.o                        144
    DblToI32.o                         88
    FltAdd.o                          132
    FltCmpGe.o                         36
    FltDiv.o                          252
    FltMul.o                          216
    FltSub.o                          214
    FltToDbl.o                         78
    FltToS32.o                         68
    I32ToDbl.o                         48
    I32ToFlt.o                         50
    ceil.o                             94
    modf.o                            184
    round.o                            68
    sqrt.o                            240
    xdint.o                           122
    xdnorm.o                           68
    xdscale.o                         268
    xdtento.o                         512
    xdunscal.o                         82
    xstold.o                          332
    ----------------------------------------------------------------
    Total:                          5 052

rt7M_tl.a: [5]
    ABImemcpy_unaligned.o             118
    ABImemset.o                        94
    I64DivMod.o                       238
    I64DivZer.o                         2
    cexit.o                            10
    cmain.o                            26
    cstartup_M.o                       12
    data_init.o                        40
    iarEdom.o                          12
    memchr.o                           88
    packbits_init_single.o             56
    strchr.o                           22
    strcmp_unaligned.o                 66
    strcpy_unaligned.o                 68
    strlen.o                           54
    strncpy_unaligned.o               108
    zero_init3.o                       64
    ----------------------------------------------------------------
    Total:                          1 078

shb_l.a: [6]
    exit.o                             20
    ----------------------------------------------------------------
    Total:                             20

    Gaps                               54
    Linker created                              48    4 096
--------------------------------------------------------------------
    Grand Total:                   87 396    9 576   13 940      224


*******************************************************************************
*** ENTRY LIST
***

Entry                      Address    Size  Type      Object
-----                      -------    ----  ----      ------
.iar.init_table$$Base   0x08016680           --   Gb  - Linker created -
.iar.init_table$$Limit  0x080166b0           --   Gb  - Linker created -
?main                   0x08016de5          Code  Gb  cmain.o [5]
ADC_Channel             0x2000366e     0x1  Data  Lc  adc.o [1]
ADC_Config              0x0800ad53    0xbe  Code  Gb  adc.o [1]
ADC_ConversionStop_Disable
                        0x08010419    0x4a  Code  Gb  stm32l1xx_hal_adc.o [1]
ADC_DMAConvCplt         0x08010465    0x6e  Code  Lc  stm32l1xx_hal_adc.o [1]
ADC_DMAError            0x080104e5    0x1e  Code  Lc  stm32l1xx_hal_adc.o [1]
ADC_DMAHalfConvCplt     0x080104d5     0xe  Code  Lc  stm32l1xx_hal_adc.o [1]
ADC_Enable              0x0801037b    0x72  Code  Gb  stm32l1xx_hal_adc.o [1]
AHBPrescTable           0x0801756c    0x10  Data  Gb  system_stm32l1xx.o [1]
APBPrescTable           0x0801797c     0x8  Data  Gb  system_stm32l1xx.o [1]
BGM111_Connected        0x08003875     0xa  Code  Gb  bgm111.o [1]
BGM111_DataConnected    0x0800387f     0xa  Code  Gb  bgm111.o [1]
BGM111_GetTackState     0x0800394f     0xa  Code  Gb  bgm111.o [1]
BGM111_Init             0x0800362b    0x32  Code  Gb  bgm111.o [1]
BGM111_LowLevel_Init    0x0800356d    0x48  Code  Gb  bgm111.o [1]
BGM111_Peek             0x08003621     0xa  Code  Gb  bgm111.o [1]
BGM111_ProcessInput     0x0800365d   0x20e  Code  Gb  bgm111.o [1]
BGM111_Ready            0x0800386b     0xa  Code  Gb  bgm111.o [1]
BGM111_Receive          0x080035c3    0x5e  Code  Gb  bgm111.o [1]
BGM111_SetSyncFlg       0x0800392f     0xa  Code  Gb  bgm111.o [1]
BGM111_SetTackState     0x08003959     0xa  Code  Gb  bgm111.o [1]
BGM111_SyncModeTest     0x08003889    0x82  Code  Gb  bgm111.o [1]
BGM111_SyncModeTestNoInc
                        0x0800390b    0x24  Code  Gb  bgm111.o [1]
BGM111_Transmit         0x080039fd   0x11e  Code  Gb  bgm111.o [1]
BGM111_UART_IRQHandler  0x08003963    0x90  Code  Gb  bgm111.o [1]
BGM111_cntrlSetSyncFlg  0x08003939    0x16  Code  Gb  bgm111.o [1]
Bypass                  0x20003670     0x1  Data  Lc  parser.o [1]
CSTACK$$Base            0x20000150           --   Gb  - Linker created -
CSTACK$$Limit           0x20001150           --   Gb  - Linker created -
Cal_Save_Frames         0x20002f60    0xc8  Data  Lc  Calibration.o [1]
Calibration_HardFrames  0x08070100    0xc8  Data  Gb  Calibration.o [1]
Clear_Timer2_Flg        0x0800eef1     0x8  Code  Gb  tim.o [1]
ClrAnalyticsRepeat      0x08005255     0x8  Code  Gb  app_data.o [1]
ClrDataStructure        0x080042cd    0xae  Code  Gb  app_data.o [1]
Clr_HeartBeat           0x08005249     0x8  Code  Gb  app_data.o [1]
Clr_HrtBeat_Cnt         0x0800522f     0x8  Code  Gb  app_data.o [1]
CodesArray              0x080154c0    0x5c  Data  Gb  ErrorCodes.o [1]
DMA1_Channel1_IRQHandler
                        0x08015349     0xa  Code  Gb  stm32l1xx_it.o [1]
DMA_SetConfig           0x080113e1    0x22  Code  Lc  stm32l1xx_hal_dma.o [1]
Error_Handler           0x0800a585    0x2e  Code  Gb  main.o [1]
FIX_MPY                 0x08011403    0x1c  Code  Gb  fix_fft.o [1]
FLASH_PageErase         0x080126f7    0x28  Code  Gb  stm32l1xx_hal_flash_ex.o [1]
FLASH_SetErrorCode      0x0801256b    0x6a  Code  Lc  stm32l1xx_hal_flash.o [1]
FLASH_WaitForLastOperation
                        0x08012507    0x64  Code  Gb  stm32l1xx_hal_flash.o [1]
Get_DriverStates        0x08005129    0x66  Code  Gb  app_data.o [1]
Get_DriverStatus        0x080051a9    0x86  Code  Gb  app_data.o [1]
HAL_ADC_ConfigChannel   0x08010195   0x1e6  Code  Gb  stm32l1xx_hal_adc.o [1]
HAL_ADC_ConvCpltCallback
                        0x0800ae8f     0xe  Code  Gb  adc.o [1]
HAL_ADC_ConvHalfCpltCallback
                        0x0800aecd     0x2  Code  Gb  adc.o [1]
HAL_ADC_DeInit          0x0800fe9f   0x134  Code  Gb  stm32l1xx_hal_adc.o [1]
HAL_ADC_ErrorCallback   0x0800aecf     0xa  Code  Gb  adc.o [1]
HAL_ADC_Init            0x0800fcd9   0x1c6  Code  Gb  stm32l1xx_hal_adc.o [1]
HAL_ADC_MspDeInit       0x0800ad2b    0x28  Code  Gb  adc.o [1]
HAL_ADC_MspInit         0x0800aca5    0x86  Code  Gb  adc.o [1]
HAL_ADC_Start           0x0800ffd3    0x88  Code  Gb  stm32l1xx_hal_adc.o [1]
HAL_ADC_Start_DMA       0x0801005b    0xcc  Code  Gb  stm32l1xx_hal_adc.o [1]
HAL_ADC_Stop_DMA        0x08010127    0x6e  Code  Gb  stm32l1xx_hal_adc.o [1]
HAL_DMA_Abort           0x08010a3f    0x54  Code  Gb  stm32l1xx_hal_dma.o [1]
HAL_DMA_DeInit          0x0801055d   0x43e  Code  Gb  stm32l1xx_hal_dma.o [1]
HAL_DMA_IRQHandler      0x08010a99   0x906  Code  Gb  stm32l1xx_hal_dma.o [1]
HAL_DMA_Init            0x08010505    0x58  Code  Gb  stm32l1xx_hal_dma.o [1]
HAL_DMA_Start_IT        0x080109d1    0x6e  Code  Gb  stm32l1xx_hal_dma.o [1]
HAL_Delay               0x0800cb95    0x1a  Code  Wk  stm32l1xx_hal.o [1]
HAL_FLASHEx_Erase       0x0801265d    0x9a  Code  Gb  stm32l1xx_hal_flash_ex.o [1]
HAL_FLASH_GetError      0x08012501     0x6  Code  Gb  stm32l1xx_hal_flash.o [1]
HAL_FLASH_Lock          0x080124f1    0x10  Code  Gb  stm32l1xx_hal_flash.o [1]
HAL_FLASH_Program       0x08012465    0x5c  Code  Gb  stm32l1xx_hal_flash.o [1]
HAL_FLASH_Unlock        0x080124c1    0x30  Code  Gb  stm32l1xx_hal_flash.o [1]
HAL_GPIO_DeInit         0x0800a787   0x13c  Code  Gb  stm32l1xx_hal_gpio.o [1]
HAL_GPIO_Init           0x0800a5b5   0x1d2  Code  Gb  stm32l1xx_hal_gpio.o [1]
HAL_GPIO_ReadPin        0x0800a8c3    0x18  Code  Gb  stm32l1xx_hal_gpio.o [1]
HAL_GPIO_TogglePin      0x0800a8ef     0xa  Code  Gb  stm32l1xx_hal_gpio.o [1]
HAL_GPIO_WritePin       0x0800a8db    0x14  Code  Gb  stm32l1xx_hal_gpio.o [1]
HAL_GetTick             0x0800cb8f     0x6  Code  Wk  stm32l1xx_hal.o [1]
HAL_I2C_ER_IRQHandler   0x0800d53d    0xce  Code  Gb  stm32l1xx_hal_i2c.o [1]
HAL_I2C_EV_IRQHandler   0x0800d409   0x134  Code  Gb  stm32l1xx_hal_i2c.o [1]
HAL_I2C_ErrorCallback   0x0800d617     0x2  Code  Wk  stm32l1xx_hal_i2c.o [1]
HAL_I2C_GetError        0x0800d61f     0x4  Code  Gb  stm32l1xx_hal_i2c.o [1]
HAL_I2C_GetState        0x0800d619     0x6  Code  Gb  stm32l1xx_hal_i2c.o [1]
HAL_I2C_Init            0x0800ccb9   0x172  Code  Gb  stm32l1xx_hal_i2c.o [1]
HAL_I2C_MasterRxCpltCallback
                        0x0800d60d     0x2  Code  Wk  stm32l1xx_hal_i2c.o [1]
HAL_I2C_MasterTxCpltCallback
                        0x0800d60b     0x2  Code  Wk  stm32l1xx_hal_i2c.o [1]
HAL_I2C_Master_Receive  0x0800cf63   0x256  Code  Gb  stm32l1xx_hal_i2c.o [1]
HAL_I2C_Master_Receive_IT
                        0x0800d29f   0x14e  Code  Gb  stm32l1xx_hal_i2c.o [1]
HAL_I2C_Master_Transmit
                        0x0800ce2b   0x138  Code  Gb  stm32l1xx_hal_i2c.o [1]
HAL_I2C_Master_Transmit_IT
                        0x0800d1b9    0xe6  Code  Gb  stm32l1xx_hal_i2c.o [1]
HAL_I2C_MemRxCpltCallback
                        0x0800d615     0x2  Code  Wk  stm32l1xx_hal_i2c.o [1]
HAL_I2C_MemTxCpltCallback
                        0x0800d613     0x2  Code  Wk  stm32l1xx_hal_i2c.o [1]
HAL_I2C_MspInit         0x08008b83    0x50  Code  Gb  i2c.o [1]
HAL_I2C_SlaveRxCpltCallback
                        0x0800d611     0x2  Code  Wk  stm32l1xx_hal_i2c.o [1]
HAL_I2C_SlaveTxCpltCallback
                        0x0800d60f     0x2  Code  Wk  stm32l1xx_hal_i2c.o [1]
HAL_IncTick             0x0800cb83     0xc  Code  Wk  stm32l1xx_hal.o [1]
HAL_Init                0x0800cb6d    0x16  Code  Gb  stm32l1xx_hal.o [1]
HAL_InitTick            0x08011e59    0x80  Code  Gb  stm32l1xx_hal_timebase_TIM.o [1]
HAL_MspInit             0x08011ee9    0x98  Code  Gb  stm32l1xx_hal_msp.o [1]
HAL_NVIC_DisableIRQ     0x08009329     0xe  Code  Gb  stm32l1xx_hal_cortex.o [1]
HAL_NVIC_EnableIRQ      0x0800931b     0xe  Code  Gb  stm32l1xx_hal_cortex.o [1]
HAL_NVIC_SetPriority    0x080092f5    0x26  Code  Gb  stm32l1xx_hal_cortex.o [1]
HAL_NVIC_SetPriorityGrouping
                        0x080092e9     0xc  Code  Gb  stm32l1xx_hal_cortex.o [1]
HAL_NVIC_SystemReset    0x08009337     0x8  Code  Gb  stm32l1xx_hal_cortex.o [1]
HAL_PCD_DataInStageCallback
                        0x080144c9    0x20  Code  Gb  usbd_conf.o [1]
HAL_PCD_DataOutStageCallback
                        0x080144a7    0x22  Code  Gb  usbd_conf.o [1]
HAL_PCD_EP_ClrStall     0x08014385   0x10a  Code  Gb  stm32l1xx_hal_pcd.o [1]
HAL_PCD_EP_Open         0x08013a37   0x476  Code  Gb  stm32l1xx_hal_pcd.o [1]
HAL_PCD_EP_Receive      0x08013ead   0x1ac  Code  Gb  stm32l1xx_hal_pcd.o [1]
HAL_PCD_EP_SetStall     0x080142a7    0xde  Code  Gb  stm32l1xx_hal_pcd.o [1]
HAL_PCD_EP_Transmit     0x08014059   0x24e  Code  Gb  stm32l1xx_hal_pcd.o [1]
HAL_PCD_IRQHandler      0x080138c1   0x144  Code  Gb  stm32l1xx_hal_pcd.o [1]
HAL_PCD_ResetCallback   0x080144f7    0x2c  Code  Gb  usbd_conf.o [1]
HAL_PCD_ResumeCallback  0x08014543     0xe  Code  Gb  usbd_conf.o [1]
HAL_PCD_SOFCallback     0x080144e9     0xe  Code  Gb  usbd_conf.o [1]
HAL_PCD_SetAddress      0x08013a05    0x32  Code  Gb  stm32l1xx_hal_pcd.o [1]
HAL_PCD_SetupStageCallback
                        0x08014491    0x16  Code  Gb  usbd_conf.o [1]
HAL_PCD_SuspendCallback
                        0x08014523    0x20  Code  Gb  usbd_conf.o [1]
HAL_PWREx_GetVoltageRange
                        0x08012b81     0xa  Code  Gb  stm32l1xx_hal_pwr_ex.o [1]
HAL_RCC_ClockConfig     0x0800f7ff   0x2a0  Code  Gb  stm32l1xx_hal_rcc.o [1]
HAL_RCC_GetClockConfig  0x0800fba5    0x3a  Code  Gb  stm32l1xx_hal_rcc.o [1]
HAL_RCC_GetHCLKFreq     0x0800fb49     0x6  Code  Gb  stm32l1xx_hal_rcc.o [1]
HAL_RCC_GetPCLK1Freq    0x0800fb4f    0x20  Code  Gb  stm32l1xx_hal_rcc.o [1]
HAL_RCC_GetPCLK2Freq    0x0800fb6f    0x20  Code  Gb  stm32l1xx_hal_rcc.o [1]
HAL_RCC_GetSysClockFreq
                        0x0800fa9f    0xaa  Code  Gb  stm32l1xx_hal_rcc.o [1]
HAL_RCC_OscConfig       0x0800efd5   0x82a  Code  Gb  stm32l1xx_hal_rcc.o [1]
HAL_SYSTICK_CLKSourceConfig
                        0x0800934b    0x22  Code  Gb  stm32l1xx_hal_cortex.o [1]
HAL_SYSTICK_Config      0x0800933f     0xc  Code  Gb  stm32l1xx_hal_cortex.o [1]
HAL_TIMEx_MasterConfigSynchronization
                        0x08012b23    0x5e  Code  Gb  stm32l1xx_hal_tim_ex.o [1]
HAL_TIM_Base_Init       0x08012749    0x38  Code  Gb  stm32l1xx_hal_tim.o [1]
HAL_TIM_Base_MspInit    0x0800ee53    0x48  Code  Gb  tim.o [1]
HAL_TIM_Base_Start_IT   0x08012781    0x1e  Code  Gb  stm32l1xx_hal_tim.o [1]
HAL_TIM_ConfigClockSource
                        0x080128d9   0x122  Code  Gb  stm32l1xx_hal_tim.o [1]
HAL_TIM_IC_CaptureCallback
                        0x080129fd     0x2  Code  Wk  stm32l1xx_hal_tim.o [1]
HAL_TIM_IRQHandler      0x0801279f   0x13a  Code  Gb  stm32l1xx_hal_tim.o [1]
HAL_TIM_OC_DelayElapsedCallback
                        0x080129fb     0x2  Code  Wk  stm32l1xx_hal_tim.o [1]
HAL_TIM_PWM_PulseFinishedCallback
                        0x080129ff     0x2  Code  Wk  stm32l1xx_hal_tim.o [1]
HAL_TIM_PeriodElapsedCallback
                        0x0800ee9b    0x56  Code  Gb  tim.o [1]
HAL_TIM_StartTimer2     0x0800ef61    0x22  Code  Gb  tim.o [1]
HAL_TIM_StartTimer3     0x0800ef83    0x12  Code  Gb  tim.o [1]
HAL_TIM_TriggerCallback
                        0x08012a01     0x2  Code  Wk  stm32l1xx_hal_tim.o [1]
HAL_UART_EnableBGM_RX   0x080034bf    0x32  Code  Gb  usart.o [1]
HAL_UART_EnableBGM_TXE  0x080034ad    0x12  Code  Gb  usart.o [1]
HAL_UART_ErrorCallback  0x080034ab     0x2  Code  Gb  usart.o [1]
HAL_UART_IRQHandler     0x080098d7   0x11a  Code  Gb  stm32l1xx_hal_uart.o [1]
HAL_UART_Init           0x08009671    0x72  Code  Gb  stm32l1xx_hal_uart.o [1]
HAL_UART_MspInit        0x08003123    0xba  Code  Gb  usart.o [1]
HAL_UART_Receive_IT     0x0800984f    0x88  Code  Gb  stm32l1xx_hal_uart.o [1]
HAL_UART_RxCpltCallback
                        0x080033fb    0xb0  Code  Gb  usart.o [1]
HAL_UART_RxCpltCallback::len
                        0x2000365c     0x4  Data  Lc  usart.o [1]
HAL_UART_RxCpltCallback::temp_ptr
                        0x20003658     0x4  Data  Lc  usart.o [1]
HAL_UART_Transmit       0x080096e3    0xfc  Code  Gb  stm32l1xx_hal_uart.o [1]
HAL_UART_Transmit_IT    0x080097df    0x70  Code  Gb  stm32l1xx_hal_uart.o [1]
HAL_UART_TxCpltCallback
                        0x080033bf    0x20  Code  Gb  usart.o [1]
HAL_WWDG_IRQHandler     0x0800ed5b    0x2c  Code  Gb  stm32l1xx_hal_wwdg.o [1]
HAL_WWDG_Init           0x0800ecb1    0x4c  Code  Gb  stm32l1xx_hal_wwdg.o [1]
HAL_WWDG_MspInit        0x080093df    0x26  Code  Gb  wwdg.o [1]
HAL_WWDG_Refresh        0x0800ed2d    0x2e  Code  Gb  stm32l1xx_hal_wwdg.o [1]
HAL_WWDG_Start_IT       0x0800ecfd    0x30  Code  Gb  stm32l1xx_hal_wwdg.o [1]
HAL_WWDG_WakeupCallback
                        0x08009435    0x18  Code  Gb  wwdg.o [1]
HAL_WWDG_WakeupCallback::OnceFlg
                        0x20003677     0x1  Data  Lc  wwdg.o [1]
HEAP$$Base              0x20001150           --   Gb  - Linker created -
HEAP$$Limit             0x20001150           --   Gb  - Linker created -
HeartBeat_Cnt           0x2000366a     0x2  Data  Lc  app_data.o [1]
I2C1_ER_IRQHandler      0x08015385     0xa  Code  Gb  stm32l1xx_it.o [1]
I2C1_EV_IRQHandler      0x0801537b     0xa  Code  Gb  stm32l1xx_it.o [1]
I2C_IsAcknowledgeFailed
                        0x0800dca7    0x2a  Code  Lc  stm32l1xx_hal_i2c.o [1]
I2C_MasterReceive_BTF   0x0800d727    0xa6  Code  Lc  stm32l1xx_hal_i2c.o [1]
I2C_MasterReceive_RXNE  0x0800d6ab    0x7c  Code  Lc  stm32l1xx_hal_i2c.o [1]
I2C_MasterRequestRead   0x0800d969   0x106  Code  Lc  stm32l1xx_hal_i2c.o [1]
I2C_MasterRequestWrite  0x0800d8d3    0x96  Code  Lc  stm32l1xx_hal_i2c.o [1]
I2C_MasterTransmit_BTF  0x0800d64f    0x5c  Code  Lc  stm32l1xx_hal_i2c.o [1]
I2C_MasterTransmit_TXE  0x0800d623    0x2c  Code  Lc  stm32l1xx_hal_i2c.o [1]
I2C_SlaveReceive_BTF    0x0800d827    0x1e  Code  Lc  stm32l1xx_hal_i2c.o [1]
I2C_SlaveReceive_RXNE   0x0800d809    0x1e  Code  Lc  stm32l1xx_hal_i2c.o [1]
I2C_SlaveTransmit_BTF   0x0800d7eb    0x1e  Code  Lc  stm32l1xx_hal_i2c.o [1]
I2C_SlaveTransmit_TXE   0x0800d7cd    0x1e  Code  Lc  stm32l1xx_hal_i2c.o [1]
I2C_Slave_ADDR          0x0800d845    0x18  Code  Lc  stm32l1xx_hal_i2c.o [1]
I2C_Slave_AF            0x0800d89f    0x34  Code  Lc  stm32l1xx_hal_i2c.o [1]
I2C_Slave_STOPF         0x0800d85d    0x42  Code  Lc  stm32l1xx_hal_i2c.o [1]
I2C_WaitBusyFlag        0x08008e79    0x12  Code  Gb  i2c.o [1]
I2C_WaitOnFlagUntilTimeout
                        0x0800da79    0xda  Code  Lc  stm32l1xx_hal_i2c.o [1]
I2C_WaitOnMasterAddressFlagUntilTimeout
                        0x0800db53    0x9e  Code  Lc  stm32l1xx_hal_i2c.o [1]
I2C_WaitOnRXNEFlagUntilTimeout
                        0x0800dc43    0x64  Code  Lc  stm32l1xx_hal_i2c.o [1]
I2C_WaitOnTXEFlagUntilTimeout
                        0x0800dbf1    0x52  Code  Lc  stm32l1xx_hal_i2c.o [1]
InitSensors             0x080042a1    0x2c  Code  Gb  app_data.o [1]
[...]
Timr3Ready              0x20003672     0x1  Data  Gb  tim.o [1]
TmpData                 0x20002710   0x248  Data  Gb  app_data.o [1]
Tst_Bypass              0x08002ed7     0x6  Code  Gb  parser.o [1]
Tst_HeartBeat           0x08005237     0x6  Code  Gb  app_data.o [1]
UART_EndTransmit_IT     0x08009b5b    0x32  Code  Lc  stm32l1xx_hal_uart.o [1]
UART_Receive_IT         0x08009b8d    0xc8  Code  Lc  stm32l1xx_hal_uart.o [1]
UART_SetConfig          0x08009c55   0x2fe  Code  Lc  stm32l1xx_hal_uart.o [1]
UART_Transmit_IT        0x08009adf    0x7c  Code  Lc  stm32l1xx_hal_uart.o [1]
UART_WaitOnFlagUntilTimeout
                        0x080099f1    0xee  Code  Lc  stm32l1xx_hal_uart.o [1]
USART2_IRQHandler       0x08015371     0xa  Code  Gb  stm32l1xx_it.o [1]
USART3_IRQHandler       0x08015367     0xa  Code  Gb  stm32l1xx_it.o [1]
USART_ReceiveData       0x08003b27     0xa  Code  Gb  bgm111.o [1]
USART_SendData          0x08003b1b     0xc  Code  Gb  bgm111.o [1]
USBD_ClrClassConfig     0x0801465b    0x18  Code  Gb  usbd_core.o [1]
USBD_ClrFeature         0x08014e7f    0x3a  Code  Lc  usbd_ctlreq.o [1]
USBD_CtlContinueRx      0x08014f3b    0x1a  Code  Gb  usbd_ioreq.o [1]
USBD_CtlContinueSendData
                        0x08014f21    0x1a  Code  Gb  usbd_ioreq.o [1]
USBD_CtlError           0x08014ee1    0x18  Code  Gb  usbd_ctlreq.o [1]
USBD_CtlReceiveStatus   0x08014f6f    0x1a  Code  Gb  usbd_ioreq.o [1]
USBD_CtlSendData        0x08014ef9    0x28  Code  Gb  usbd_ioreq.o [1]
USBD_CtlSendStatus      0x08014f55    0x1a  Code  Gb  usbd_ioreq.o [1]
USBD_GetConfig          0x08014dd1    0x4c  Code  Lc  usbd_ctlreq.o [1]
USBD_GetDescriptor      0x08014b2d   0x164  Code  Lc  usbd_ctlreq.o [1]
USBD_GetStatus          0x08014e1d    0x3c  Code  Lc  usbd_ctlreq.o [1]
USBD_LL_ClearStallEP    0x08014589    0x16  Code  Gb  usbd_conf.o [1]
USBD_LL_DataInStage     0x0801477b    0xe2  Code  Gb  usbd_core.o [1]
USBD_LL_DataOutStage    0x080146eb    0x90  Code  Gb  usbd_core.o [1]
USBD_LL_IsStallEP       0x0801459f    0x30  Code  Gb  usbd_conf.o [1]
USBD_LL_OpenEP          0x08014551    0x22  Code  Gb  usbd_conf.o [1]
USBD_LL_PrepareReceive  0x08014605    0x20  Code  Gb  usbd_conf.o [1]
USBD_LL_Reset           0x0801485d    0x46  Code  Gb  usbd_core.o [1]
USBD_LL_Resume          0x080148bf     0xe  Code  Gb  usbd_core.o [1]
USBD_LL_SOF             0x080148cd    0x24  Code  Gb  usbd_core.o [1]
USBD_LL_SetSpeed        0x080148a3     0x8  Code  Gb  usbd_core.o [1]
USBD_LL_SetUSBAddress   0x080145cf    0x16  Code  Gb  usbd_conf.o [1]
USBD_LL_SetupStage      0x08014673    0x78  Code  Gb  usbd_core.o [1]
USBD_LL_StallEP         0x08014573    0x16  Code  Gb  usbd_conf.o [1]
USBD_LL_Suspend         0x080148ab    0x14  Code  Gb  usbd_core.o [1]
USBD_LL_Transmit        0x080145e5    0x20  Code  Gb  usbd_conf.o [1]
USBD_ParseSetupRequest  0x08014eb9    0x28  Code  Gb  usbd_ctlreq.o [1]
USBD_RunTestMode        0x08014629     0x6  Code  Gb  usbd_core.o [1]
USBD_SetAddress         0x08014c91    0x60  Code  Lc  usbd_ctlreq.o [1]
USBD_SetClassConfig     0x0801462f    0x2c  Code  Gb  usbd_core.o [1]
USBD_SetConfig          0x08014cf1    0xda  Code  Lc  usbd_ctlreq.o [1]
USBD_SetConfig::cfgidx  0x20003676     0x1  Data  Lc  usbd_ctlreq.o [1]
USBD_SetFeature         0x08014e59    0x26  Code  Lc  usbd_ctlreq.o [1]
USBD_StdDevReq          0x080148f1    0x7c  Code  Gb  usbd_ctlreq.o [1]
USBD_StdEPReq           0x080149b9   0x174  Code  Gb  usbd_ctlreq.o [1]
USBD_StdItfReq          0x0801496d    0x4c  Code  Gb  usbd_ctlreq.o [1]
USB_LP_IRQHandler       0x08015353     0xa  Code  Gb  stm32l1xx_it.o [1]
Uart2Ready              0x20003673     0x1  Data  Gb  usart.o [1]
Uart3Ready              0x20003674     0x1  Data  Gb  usart.o [1]
WWDG_IRQHandler         0x0800944d     0xa  Code  Gb  wwdg.o [1]
_EncodingSb_Mbtowc      0x08012bd3    0x30  Code  Gb  xencoding_sb.o [3]
_EncodingSb_Mbtowc::initial
                        0x08012c10     0x8  Data  Lc  xencoding_sb.o [3]
_EncodingSb_Wctomb      0x08012bb9    0x1a  Code  Gb  xencoding_sb.o [3]
_EncodingSb_Wctomb::initial
                        0x08012c08     0x8  Data  Lc  xencoding_sb.o [3]
_GenldFull              0x0800c2a5   0x254  Code  Lc  xprintffull.o [3]
_GetN                   0x0800dcd1    0x22  Code  Lc  xscanffull.o [3]
_GetfldFull             0x0800def5   0x10a  Code  Lc  xscanffull.o [3]
_GetfloatFull           0x0800e4b3   0x4e8  Code  Lc  xscanffull.o [3]
_GetintFull             0x0800e2bb   0x1f2  Code  Lc  xscanffull.o [3]
_GetstrFull             0x0800e001   0x2b4  Code  Lc  xscanffull.o [3]
_IsdstStr               0x200000dc     0x4  Data  Gb  setlocale.o [3]
_LdtobFull              0x0800be99   0x406  Code  Lc  xprintffull.o [3]
_LitobFull              0x0800bd8f   0x10a  Code  Lc  xprintffull.o [3]
_LocaleC_isalpha        0x08012c49    0x16  Code  Gb  xlocale_c.o [3]
_LocaleC_isspace        0x08012c5f    0x14  Code  Gb  xlocale_c.o [3]
_LocaleC_tolower        0x0801339d     0xc  Code  Gb  xlocale_c.o [3]
_LocaleEncoding         0x08012ba5     0xe  Code  Gb  setlocale.o [3]
_LocaleForCat           0x08012b91    0x14  Code  Gb  setlocale.o [3]
_LocaleReturnString     0x200000fc    0x50  Data  Lc  setlocale.o [3]
_Locale_Profile         0x200000e0    0x1c  Data  Gb  setlocale.o [3]
_Locale_aeabi_lconv     0x2000009c    0x38  Data  Gb  localeconv.o [3]
_Locale_lconv           0x2000004c    0x50  Data  Gb  localeconv.o [3]
_Mbtowc                 0x08011505    0x20  Code  Gb  xmbtowc.o [3]
_PrintfFull             0x0800b3a5   0x658  Code  Gb  xprintffull.o [3]
_PutcharsFull           0x0800c4f9    0x2e  Code  Lc  xprintffull.o [3]
_PutstrFull             0x0800ba83   0x306  Code  Lc  xprintffull.o [3]
_SProut                 0x0800909f     0xa  Code  Gb  xsprout.o [3]
_SScin                  0x0800300f    0x1e  Code  Gb  xsscin.o [3]
_ScanfFull              0x0800dd0d   0x1e2  Code  Gb  xscanffull.o [3]
_Stoflt                 0x08012d95   0x1d0  Code  Gb  xstoflt.o [3]
_Stopfx                 0x08012c73   0x122  Code  Gb  xstopfx.o [3]
_Stoxflt                0x08013169   0x1fa  Code  Gb  xstoxflt.o [3]
_Stoxflt::digits        0x0801336c    0x18  Data  Lc  xstoxflt.o [3]
_Stoxflt::vals          0x08013384    0x18  Data  Lc  xstoxflt.o [3]
_TzoneStr               0x200000d8     0x4  Data  Gb  setlocale.o [3]
_UngetN                 0x0800dcf3    0x1a  Code  Lc  xscanffull.o [3]
_Wctomb                 0x08011651    0x1a  Code  Gb  xwctomb.o [3]
__aeabi_cdcmpeq         0x080133a9          Code  Gb  DblCmpEq.o [4]
__aeabi_cdcmple         0x08011899          Code  Gb  DblCmpLe.o [4]
__aeabi_cdrcmple        0x080118c9          Code  Gb  DblCmpGe.o [4]
__aeabi_cfrcmple        0x0800cc65          Code  Gb  FltCmpGe.o [4]
__aeabi_d2f             0x0800b2d1          Code  Gb  DblToFlt.o [4]
__aeabi_d2iz            0x0800c931          Code  Gb  DblToI32.o [4]
__aeabi_d2uiz           0x0800c95d          Code  Gb  DblToI32.o [4]
__aeabi_dadd            0x0800ca41          Code  Gb  DblAdd.o [4]
__aeabi_ddiv            0x08011b85          Code  Gb  DblDiv.o [4]
__aeabi_dmul            0x0800c78d          Code  Gb  DblMul.o [4]
__aeabi_dsub            0x08011a05          Code  Gb  DblSub.o [4]
__aeabi_errno_addr      0x0801273d     0x6  Code  Gb  errno.o [3]
__aeabi_f2d             0x08009025          Code  Gb  FltToDbl.o [4]
__aeabi_f2iz            0x0800b361          Code  Gb  FltToS32.o [4]
__aeabi_fadd            0x0800b15d          Code  Gb  FltAdd.o [4]
__aeabi_fdiv            0x08009575          Code  Gb  FltDiv.o [4]
__aeabi_fmul            0x0800b085          Code  Gb  FltMul.o [4]
__aeabi_i2d             0x0800cc89          Code  Gb  I32ToDbl.o [4]
__aeabi_i2f             0x08009541          Code  Gb  I32ToFlt.o [4]
__aeabi_ldiv0           0x08012c45          Code  Gb  I64DivZer.o [5]
__aeabi_ui2d            0x0800cc9d          Code  Gb  I32ToDbl.o [4]
__aeabi_ui2f            0x08009555          Code  Gb  I32ToFlt.o [4]
__aeabi_uldivmod        0x08011765          Code  Gb  I64DivMod.o [5]
__cmain                 0x08016de5          Code  Gb  cmain.o [5]
__data_Aldata           0x20003608     0x8  Data  Gb  xxmemxmalloc.o [3]
__data_GetMemChunk      0x08012c19    0x2c  Code  Gb  xgetmemchunk.o [3]
__data_GetMemChunk::start
                        0x20003664     0x4  Data  Lc  xgetmemchunk.o [3]
__exit                  0x08016e15    0x14  Code  Gb  exit.o [6]
__iar_Dint              0x08011fdf    0x7a  Code  Gb  xdint.o [4]
__iar_Dnorm             0x08011853    0x44  Code  Gb  xdnorm.o [4]
__iar_Dscale            0x080118f9   0x10c  Code  Gb  xdscale.o [4]
__iar_Dtentox           0x08012fbb   0x14e  Code  Gb  xdtento.o [4]
__iar_Dunscale          0x080133c9    0x52  Code  Gb  xdunscal.o [4]
__iar_Errno             0x200000d4     0x4  Data  Gb  errno.o [3]
__iar_Locale_lconv_init
                        0x08011ddd    0x3a  Code  Gb  localeconv.o [3]
__iar_Mbcurmax          0x08011595     0xa  Code  Gb  xmbcurmax.o [3]
__iar_Memchr            0x0801153d          Code  Gb  memchr.o [5]
__iar_Memset_word       0x08011f81          Code  Gb  ABImemset.o [5]
__iar_Stold             0x08012461     0x4  Code  Gb  xstold.o [4]
__iar_Stoldx            0x08012319   0x13c  Code  Gb  xstold.o [4]
__iar_Stoll             0x08012163     0x4  Code  Gb  xstoll.o [3]
__iar_Stollx            0x080120c1    0xa2  Code  Gb  xstoll.o [3]
__iar_Stoul             0x0800ec5d     0x4  Code  Gb  xstoul.o [3]
__iar_Stoull            0x080122c5     0x4  Code  Gb  xstoull.o [3]
__iar_Stoullx           0x08012169   0x156  Code  Gb  xstoull.o [3]
__iar_Stoulx            0x0800eb19   0x13e  Code  Gb  xstoul.o [3]
__iar_Strchr            0x08011525          Code  Gb  strchr.o [5]
__iar_Wctob             0x08012059    0x36  Code  Gb  xwctob.o [3]
__iar_ceil              0x080125fd          Code  Gb  ceil.o [4]
__iar_ceill             0x080125fd          Code  Gb  ceil.o [4]
__iar_d2uiz             0x0800c969          Code  Gb  DblToI32.o [4]
__iar_dadd              0x0800ca55          Code  Gb  DblAdd.o [4]
__iar_data_init3        0x08016461    0x28  Code  Gb  data_init.o [5]
__iar_dlib_perthread_access
                        0x08012c47     0x2  Code  Gb  xtls.o [3]
__iar_dsub              0x08011a19          Code  Gb  DblSub.o [4]
__iar_dsubStart         0x08011a2b          Code  Gb  DblSub.o [4]
__iar_edom              0x080114f9          Code  Gb  iarEdom.o [5]
__iar_fadd              0x0800b16d          Code  Gb  FltAdd.o [4]
__iar_fsub              0x08011421          Code  Gb  FltSub.o [4]
__iar_fsubStart         0x08011431          Code  Gb  FltSub.o [4]
__iar_modf              0x0800c999          Code  Gb  modf.o [4]
__iar_modfl             0x0800c999          Code  Gb  modf.o [4]
__iar_packbits_init_single3
                        0x08015ac1    0x38  Code  Gb  packbits_init_single.o [5]
__iar_program_start     0x08017731          Code  Gb  cstartup_M.o [5]
__iar_sqrt              0x0800b1e1          Code  Gb  sqrt.o [4]
__iar_ui2d              0x0800cca1          Code  Gb  I32ToDbl.o [4]
__iar_ui2f              0x08009559          Code  Gb  I32ToFlt.o [4]
__iar_unaligned___aeabi_memcpy
                        0x0801166d          Code  Gb  ABImemcpy_unaligned.o [5]
__iar_unaligned___aeabi_memcpy4
                        0x0801168d          Code  Gb  ABImemcpy_unaligned.o [5]
__iar_unaligned___aeabi_memcpy8
                        0x0801168d          Code  Gb  ABImemcpy_unaligned.o [5]
__iar_unaligned_strcmp  0x0800cb29          Code  Gb  strcmp_unaligned.o [5]
__iar_unaligned_strcpy  0x0800302d          Code  Gb  strcpy_unaligned.o [5]
__iar_unaligned_strncpy
                        0x0800cbb5          Code  Gb  strncpy_unaligned.o [5]
__iar_zero_init3        0x08015879    0x40  Code  Gb  zero_init3.o [5]
__low_level_init        0x08016dff     0x4  Code  Gb  low_level_init.o [3]
__vector_table          0x08000000          Data  Gb  startup_stm32l152xe.o [1]
_call_main              0x08016df1          Code  Gb  cmain.o [5]
_exit                   0x08016e09          Code  Gb  cexit.o [5]
_gecko_cmd_msg          0x200030b4    0x84  Data  Gb  bgm111.o [1]
_gecko_rsp_msg          0x20003138    0x84  Data  Gb  bgm111.o [1]
_main                   0x08016dfb          Code  Gb  cmain.o [5]
aPLLDivisionFactorTable
                        0x080179ac     0x4  Data  Gb  stm32l1xx_hal_rcc.o [1]
aPLLMULFactorTable      0x08017724     0xc  Data  Gb  stm32l1xx_hal_rcc.o [1]
adcActive               0x2000366d     0x1  Data  Gb  adc.o [1]
analytics               0x20003600     0x8  Data  Lc  app_data.o [1]
atoi                    0x080093a3     0x8  Code  Gb  atoi.o [3]
bffr1Flag               0x20003675     0x1  Data  Lc  usart.o [1]
bglib_input             0x20003614     0x4  Data  Gb  bgm111.o [1]
bglib_output            0x20003610     0x4  Data  Gb  bgm111.o [1]
bglib_peek              0x20003618     0x4  Data  Gb  bgm111.o [1]
bgm1data                0x20003554    0x28  Data  Lc  usart.o [1]
ble                     0x20002dc0   0x1a0  Data  Lc  bgm111.o [1]
blemsgs                 0x200020c8   0x324  Data  Lc  bgm111.o [1]
ceil                    0x080125fd          Code  Gb  ceil.o [4]
ceill                   0x080125fd          Code  Gb  ceil.o [4]
clrUsartState           0x080033df    0x1c  Code  Gb  usart.o [1]
connection_cnt          0x20003668     0x2  Data  Lc  app_data.o [1]
data                    0x20002958   0x248  Data  Gb  app_data.o [1]
delay_1ms               0x0800ac0d     0xe  Code  Gb  ErrorCodes.o [1]
digits                  0x0800ec60    0x28  Data  Lc  xstoul.o [3]
digits                  0x080122c8    0x28  Data  Lc  xstoull.o [3]
div                     0x08011e49     0xe  Code  Gb  div.o [3]
dmul                    0x08012f69    0x52  Code  Lc  xdtento.o [4]
driver_list             0x200035e8     0xc  Data  Lc  app_data.o [1]
errStruct               0x200023ec   0x324  Data  Lc  ErrorCodes.o [1]
exit                    0x08016e03     0x4  Code  Gb  exit.o [3]
fi                      0x2000323c    0x80  Data  Lc  Rd_Sound.o [1]
fix_fft                 0x0800aed9   0x1ac  Code  Gb  fix_fft.o [1]
fr                      0x200031bc    0x80  Data  Lc  Rd_Sound.o [1]
free                    0x080116e5    0x7a  Code  Gb  xxmemxfree.o [3]
fs                      0x200032bc    0x80  Data  Lc  Rd_Sound.o [1]
gecko_cmd_le_gap_set_mode
                        0x0800352d    0x40  Code  Lc  bgm111.o [1]
gecko_cmd_msg           0x2000000c     0x4  Data  Gb  bgm111.o [1]
gecko_get_event         0x0800aa09    0x5e  Code  Gb  gecko_bglib.o [1]
gecko_handle_command    0x0800aa8b    0x30  Code  Gb  gecko_bglib.o [1]
gecko_peek_event        0x0800aa67     0xa  Code  Gb  gecko_bglib.o [1]
gecko_queue             0x20001150   0xf78  Data  Gb  bgm111.o [1]
gecko_queue_r           0x20003620     0x4  Data  Gb  bgm111.o [1]
gecko_queue_w           0x2000361c     0x4  Data  Gb  bgm111.o [1]
gecko_rsp_msg           0x20000010     0x4  Data  Gb  bgm111.o [1]
gecko_wait_message      0x0800a92d    0xdc  Code  Gb  gecko_bglib.o [1]
gecko_wait_response     0x0800aa71    0x1a  Code  Gb  gecko_bglib.o [1]
hadc                    0x2000333c    0x54  Data  Gb  adc.o [1]
hatoi                   0x08002e7f    0x58  Code  Gb  parser.o [1]
hdma_adc                0x2000344c    0x38  Data  Gb  adc.o [1]
hi2c1                   0x20003410    0x3c  Data  Gb  i2c.o [1]
hpcd_USB_FS             0x20002ba0   0x220  Data  Gb  usbd_conf.o [1]
htim2                   0x200034bc    0x38  Data  Gb  tim.o [1]
htim3                   0x200034f4    0x38  Data  Gb  tim.o [1]
htim4                   0x20003484    0x38  Data  Gb  stm32l1xx_hal_timebase_TIM.o [1]
huart2                  0x20003390    0x40  Data  Gb  usart.o [1]
huart3                  0x200033d0    0x40  Data  Gb  usart.o [1]
hwwdg                   0x200035c8    0x14  Data  Gb  wwdg.o [1]
isHexNum                0x08002e35    0x4a  Code  Gb  parser.o [1]
isalpha                 0x08012099    0x14  Code  Gb  isxxx.o [3]
isdigit                 0x08009399     0xa  Code  Gb  isdigit.o [3]
isspace                 0x080120ad    0x14  Code  Gb  isxxx.o [3]
ledOffCnt               0x20000044     0x4  Data  Lc  tim.o [1]
localeconv              0x08011e17    0x16  Code  Gb  localeconv.o [3]
main                    0x08009f5d   0x548  Code  Gb  main.o [1]
malloc                  0x080115a1    0xac  Code  Gb  xxmemxmalloc.o [3]
memchr                  0x0801153d          Code  Gb  memchr.o [5]
modf                    0x0800c989          Code  Gb  modf.o [4]
modfl                   0x0800c989          Code  Gb  modf.o [4]
ndigs                   0x0800ec88    0x28  Data  Lc  xstoul.o [3]
ndigs                   0x080122f0    0x28  Data  Lc  xstoull.o [3]
osSystickHandler        0x080153c5    0x10  Code  Gb  cmsis_os.o [1]
pFlash                  0x20003598    0x18  Data  Gb  stm32l1xx_hal_flash.o [1]
pows                    0x08013120    0x48  Data  Lc  xdtento.o [4]
prvResetNextTaskUnblockTime
                        0x0801513d    0x28  Code  Lc  tasks.o [1]
pxCurrentTCB            0x2000362c     0x4  Data  Gb  tasks.o [1]
pxDelayedTaskList       0x20003630     0x4  Data  Lc  tasks.o [1]
pxOverflowDelayedTaskList
                        0x20003634     0x4  Data  Lc  tasks.o [1]
pxReadyTasksLists       0x20003028    0x8c  Data  Lc  tasks.o [1]
round                   0x0800cc21    0x44  Code  Gb  round.o [4]
sConfig                 0x200035dc     0xc  Data  Gb  adc.o [1]
saveLen                 0x20000048     0x4  Data  Lc  usart.o [1]
sprintf                 0x08003fd9    0x34  Code  Gb  sprintf.o [3]
sqrt                    0x0800b1e1          Code  Gb  sqrt.o [4]
sqrtl                   0x0800b1e1          Code  Gb  sqrt.o [4]
sscanf                  0x08009001    0x24  Code  Gb  sscanf.o [3]
strcat                  0x0800400d    0x1c  Code  Gb  strcat.o [3]
strchr                  0x08011525          Code  Gb  strchr.o [5]
strlen                  0x08002fd9          Code  Gb  strlen.o [5]
strncmp                 0x08009073    0x2c  Code  Gb  strncmp.o [3]
tolower                 0x08012729    0x14  Code  Gb  tolower.o [3]
ubSequenceCompleted     0x2000366c     0x1  Data  Gb  adc.o [1]
ulPortSetInterruptMask  0x080151eb          Code  Gb  portasm.o [1]
uwTick                  0x20003628     0x4  Data  Lc  stm32l1xx_hal.o [1]
uxListRemove            0x08015259    0x28  Code  Gb  list.o [1]
uxPendedTicks           0x20003644     0x4  Data  Lc  tasks.o [1]
uxSchedulerSuspended    0x20003654     0x4  Data  Lc  tasks.o [1]
uxTopReadyPriority      0x2000363c     0x4  Data  Lc  tasks.o [1]
vListInsertEnd          0x08015241    0x18  Code  Gb  list.o [1]
vPortClearInterruptMask
                        0x080151f9          Code  Gb  portasm.o [1]
vPortStartFirstTask     0x0801521f          Code  Gb  portasm.o [1]
vTaskSwitchContext      0x080150bd    0x6c  Code  Gb  tasks.o [1]
wwdg_HardFrames         0x08070000    0x18  Data  Gb  wwdg.o [1]
wwdg_Save               0x20003660     0x4  Data  Lc  wwdg.o [1]
xNextTaskUnblockTime    0x20003650     0x4  Data  Lc  tasks.o [1]
xNumOfOverflows         0x2000364c     0x4  Data  Lc  tasks.o [1]
xPortSysTickHandler     0x080153d5    0x1e  Code  Gb  port.o [1]
xSchedulerRunning       0x20003640     0x4  Data  Lc  tasks.o [1]
xTaskGetSchedulerState  0x08015165    0x26  Code  Gb  tasks.o [1]
xTaskIncrementTick      0x08014f89   0x134  Code  Gb  tasks.o [1]
xTickCount              0x20003638     0x4  Data  Lc  tasks.o [1]
xYieldPending           0x20003648     0x4  Data  Lc  tasks.o [1]


[1] = D:\GoogleDriveCLT\GoogleDrive\WeatherCloud\Roadboard\Software\Road-Board-December-2016N8\EWARM\Road Brd MSTR Rev L Long Always\Obj
[2] = command line
[3] = dl7M_tlf.a
[4] = m7M_tl.a
[5] = rt7M_tl.a
[6] = shb_l.a

  87 396 bytes of readonly  code memory
   9 576 bytes of readonly  data memory
  13 940 bytes of readwrite data memory (+ 224 absolute)

Errors: none
Warnings: none
